[  0%] Building CXX object kokkos/simd/src/CMakeFiles/kokkossimd.dir/Kokkos_SIMD_dummy.cpp.o
[  0%] Building CXX object kokkos/core/src/CMakeFiles/kokkoscore.dir/impl/Kokkos_Abort.cpp.o
[  0%] Building CXX object kokkos/core/src/CMakeFiles/kokkoscore.dir/impl/Kokkos_CPUDiscovery.cpp.o
[  2%] Building CXX object kokkos/core/src/CMakeFiles/kokkoscore.dir/impl/Kokkos_Command_Line_Parsing.cpp.o
[  2%] Building CXX object kokkos/core/src/CMakeFiles/kokkoscore.dir/impl/Kokkos_Core.cpp.o
[  2%] Building CXX object kokkos/core/src/CMakeFiles/kokkoscore.dir/impl/Kokkos_Error.cpp.o
[  2%] Building CXX object kokkos/core/src/CMakeFiles/kokkoscore.dir/impl/Kokkos_ExecPolicy.cpp.o
[  2%] Building CXX object kokkos/core/src/CMakeFiles/kokkoscore.dir/impl/Kokkos_HostBarrier.cpp.o
[  3%] Linking CXX static library libkokkossimd.a
[  3%] Built target kokkossimd
[  5%] Building CXX object kokkos/core/src/CMakeFiles/kokkoscore.dir/impl/Kokkos_HostSpace.cpp.o
[  5%] Building CXX object kokkos/core/src/CMakeFiles/kokkoscore.dir/impl/Kokkos_HostSpace_deepcopy.cpp.o
[  6%] Building CXX object kokkos/core/src/CMakeFiles/kokkoscore.dir/impl/Kokkos_HostThreadTeam.cpp.o
[  6%] Building CXX object kokkos/core/src/CMakeFiles/kokkoscore.dir/impl/Kokkos_MemoryPool.cpp.o
[  6%] Building CXX object kokkos/core/src/CMakeFiles/kokkoscore.dir/impl/Kokkos_Profiling.cpp.o
[  7%] Building CXX object kokkos/core/src/CMakeFiles/kokkoscore.dir/impl/Kokkos_SharedAlloc.cpp.o
[  7%] Building CXX object kokkos/core/src/CMakeFiles/kokkoscore.dir/impl/Kokkos_Stacktrace.cpp.o
[  8%] Building CXX object kokkos/core/src/CMakeFiles/kokkoscore.dir/impl/Kokkos_hwloc.cpp.o
[  8%] Building CXX object kokkos/core/src/CMakeFiles/kokkoscore.dir/Cuda/Kokkos_CudaSpace.cpp.o
[  8%] Building CXX object kokkos/core/src/CMakeFiles/kokkoscore.dir/Cuda/Kokkos_Cuda_Instance.cpp.o
[ 10%] Building CXX object kokkos/core/src/CMakeFiles/kokkoscore.dir/Cuda/Kokkos_Cuda_Task.cpp.o
[ 10%] Building CXX object kokkos/core/src/CMakeFiles/kokkoscore.dir/OpenMP/Kokkos_OpenMP.cpp.o
[ 11%] Building CXX object kokkos/core/src/CMakeFiles/kokkoscore.dir/OpenMP/Kokkos_OpenMP_Instance.cpp.o
[ 11%] Building CXX object kokkos/core/src/CMakeFiles/kokkoscore.dir/OpenMP/Kokkos_OpenMP_Task.cpp.o
[ 11%] Building CXX object kokkos/core/src/CMakeFiles/kokkoscore.dir/__/__/tpls/desul/src/Lock_Array_CUDA.cpp.o
[ 12%] Linking CXX static library libkokkoscore.a
[ 12%] Built target kokkoscore
[ 12%] Building CXX object kokkos/containers/src/CMakeFiles/kokkoscontainers.dir/impl/Kokkos_UnorderedMap_impl.cpp.o
[ 12%] Building CXX object kokkos/algorithms/src/CMakeFiles/kokkosalgorithms.dir/KokkosAlgorithms_dummy.cpp.o
[ 14%] Linking CXX static library libkokkosalgorithms.a
[ 14%] Built target kokkosalgorithms
[ 15%] Linking CXX static library libkokkoscontainers.a
[ 15%] Built target kokkoscontainers
[ 15%] Building CXX object src/CMakeFiles/athena.dir/main.cpp.o
[ 15%] Building CXX object src/CMakeFiles/athena.dir/globals.cpp.o
[ 17%] Building CXX object src/CMakeFiles/athena.dir/bvals/bvals.cpp.o
[ 17%] Building CXX object src/CMakeFiles/athena.dir/bvals/buffs_fc.cpp.o
[ 17%] Building CXX object src/CMakeFiles/athena.dir/parameter_input.cpp.o
[ 17%] Building CXX object src/CMakeFiles/athena.dir/bvals/buffs_cc.cpp.o
[ 17%] Building CXX object src/CMakeFiles/athena.dir/bvals/bvals_cc.cpp.o
[ 19%] Building CXX object src/CMakeFiles/athena.dir/bvals/bvals_fc.cpp.o
[ 19%] Building CXX object src/CMakeFiles/athena.dir/bvals/bvals_part.cpp.o
[ 20%] Building CXX object src/CMakeFiles/athena.dir/bvals/bvals_tasks.cpp.o
[ 20%] Building CXX object src/CMakeFiles/athena.dir/bvals/flux_correct_cc.cpp.o
[ 20%] Building CXX object src/CMakeFiles/athena.dir/bvals/flux_correct_fc.cpp.o
[ 21%] Building CXX object src/CMakeFiles/athena.dir/bvals/prolongation.cpp.o
[ 21%] Building CXX object src/CMakeFiles/athena.dir/bvals/prolong_prims.cpp.o
[ 23%] Building CXX object src/CMakeFiles/athena.dir/bvals/physics/hydro_bcs.cpp.o
[ 23%] Building CXX object src/CMakeFiles/athena.dir/bvals/physics/bfield_bcs.cpp.o
[ 23%] Building CXX object src/CMakeFiles/athena.dir/bvals/physics/radiation_bcs.cpp.o
[ 24%] Building CXX object src/CMakeFiles/athena.dir/bvals/physics/z4c_bcs.cpp.o
[ 24%] Building CXX object src/CMakeFiles/athena.dir/coordinates/adm.cpp.o
[ 25%] Building CXX object src/CMakeFiles/athena.dir/coordinates/coordinates.cpp.o
[ 25%] Building CXX object src/CMakeFiles/athena.dir/coordinates/excision.cpp.o
[ 25%] Building CXX object src/CMakeFiles/athena.dir/diffusion/ambipolar.cpp.o
[ 26%] Building CXX object src/CMakeFiles/athena.dir/diffusion/conduction.cpp.o
[ 26%] Building CXX object src/CMakeFiles/athena.dir/diffusion/resistivity.cpp.o
[ 28%] Building CXX object src/CMakeFiles/athena.dir/diffusion/viscosity.cpp.o
[ 28%] Building CXX object src/CMakeFiles/athena.dir/driver/driver.cpp.o
[ 28%] Building CXX object src/CMakeFiles/athena.dir/dyn_grmhd/dyn_grmhd.cpp.o
[ 29%] Building CXX object src/CMakeFiles/athena.dir/dyn_grmhd/dyn_grmhd_fluxes.cpp.o
[ 29%] Building CXX object src/CMakeFiles/athena.dir/dyn_grmhd/dyn_grmhd_fofc.cpp.o
[ 30%] Building CXX object src/CMakeFiles/athena.dir/eos/eos.cpp.o
[ 30%] Building CXX object src/CMakeFiles/athena.dir/eos/ideal_hyd.cpp.o
[ 30%] Building CXX object src/CMakeFiles/athena.dir/eos/ideal_mhd.cpp.o
[ 32%] Building CXX object src/CMakeFiles/athena.dir/eos/isothermal_hyd.cpp.o
[ 32%] Building CXX object src/CMakeFiles/athena.dir/eos/isothermal_mhd.cpp.o
[ 33%] Building CXX object src/CMakeFiles/athena.dir/eos/ideal_srhyd.cpp.o
[ 33%] Building CXX object src/CMakeFiles/athena.dir/eos/ideal_grhyd.cpp.o
[ 33%] Building CXX object src/CMakeFiles/athena.dir/eos/ideal_srmhd.cpp.o
[ 34%] Building CXX object src/CMakeFiles/athena.dir/eos/ideal_grmhd.cpp.o
[ 34%] Building CXX object src/CMakeFiles/athena.dir/eos/noop_dyngrmhd.cpp.o
[ 35%] Building CXX object src/CMakeFiles/athena.dir/eos/primitive-solver/eos_compose.cpp.o
[ 35%] Building CXX object src/CMakeFiles/athena.dir/eos/primitive-solver/eos_hybrid.cpp.o
[ 35%] Building CXX object src/CMakeFiles/athena.dir/eos/primitive-solver/piecewise_polytrope.cpp.o
[ 37%] Building CXX object src/CMakeFiles/athena.dir/eos/primitive-solver/unit_system.cpp.o
[ 37%] Building CXX object src/CMakeFiles/athena.dir/geodesic-grid/geodesic_grid.cpp.o
[ 38%] Building CXX object src/CMakeFiles/athena.dir/geodesic-grid/spherical_grid.cpp.o
[ 38%] Building CXX object src/CMakeFiles/athena.dir/geodesic-grid/gauss_legendre.cpp.o
[ 38%] Building CXX object src/CMakeFiles/athena.dir/hydro/hydro.cpp.o
[ 39%] Building CXX object src/CMakeFiles/athena.dir/hydro/hydro_fluxes.cpp.o
[ 39%] Building CXX object src/CMakeFiles/athena.dir/hydro/hydro_fofc.cpp.o
[ 41%] Building CXX object src/CMakeFiles/athena.dir/hydro/hydro_newdt.cpp.o
[ 41%] Building CXX object src/CMakeFiles/athena.dir/hydro/hydro_tasks.cpp.o
[ 41%] Building CXX object src/CMakeFiles/athena.dir/hydro/hydro_update.cpp.o
[ 42%] Building CXX object src/CMakeFiles/athena.dir/ion-neutral/ion-neutral.cpp.o
[ 42%] Building CXX object src/CMakeFiles/athena.dir/ion-neutral/ion-neutral_tasks.cpp.o
[ 43%] Building CXX object src/CMakeFiles/athena.dir/mesh/build_tree.cpp.o
[ 43%] Building CXX object src/CMakeFiles/athena.dir/mesh/amr_history.cpp.o
[ 43%] Building CXX object src/CMakeFiles/athena.dir/mesh/amr_history_format.cpp.o
[ 44%] Building CXX object src/CMakeFiles/athena.dir/mesh/load_balance.cpp.o
[ 44%] Building CXX object src/CMakeFiles/athena.dir/mesh/mesh.cpp.o
[ 46%] Building CXX object src/CMakeFiles/athena.dir/mesh/meshblock.cpp.o
[ 46%] Building CXX object src/CMakeFiles/athena.dir/mesh/meshblock_pack.cpp.o
[ 46%] Building CXX object src/CMakeFiles/athena.dir/mesh/meshblock_tree.cpp.o
[ 47%] Building CXX object src/CMakeFiles/athena.dir/mesh/mesh_refinement.cpp.o
[ 47%] Building CXX object src/CMakeFiles/athena.dir/mesh/refinement_criteria.cpp.o
[ 48%] Building CXX object src/CMakeFiles/athena.dir/mhd/mhd.cpp.o
[ 48%] Building CXX object src/CMakeFiles/athena.dir/mhd/mhd_corner_e.cpp.o
[ 48%] Building CXX object src/CMakeFiles/athena.dir/mhd/mhd_ct.cpp.o
[ 50%] Building CXX object src/CMakeFiles/athena.dir/mhd/mhd_fluxes.cpp.o
[ 50%] Building CXX object src/CMakeFiles/athena.dir/mhd/mhd_fofc.cpp.o
[ 51%] Building CXX object src/CMakeFiles/athena.dir/mhd/mhd_newdt.cpp.o
[ 51%] Building CXX object src/CMakeFiles/athena.dir/mhd/mhd_tasks.cpp.o
[ 51%] Building CXX object src/CMakeFiles/athena.dir/mhd/mhd_update.cpp.o
[ 52%] Building CXX object src/CMakeFiles/athena.dir/outputs/io_wrapper.cpp.o
[ 52%] Building CXX object src/CMakeFiles/athena.dir/outputs/outputs.cpp.o
[ 53%] Building CXX object src/CMakeFiles/athena.dir/outputs/basetype_output.cpp.o
[ 53%] Building CXX object src/CMakeFiles/athena.dir/outputs/cartgrid.cpp.o
[ 53%] Building CXX object src/CMakeFiles/athena.dir/outputs/derived_variables.cpp.o
[ 55%] Building CXX object src/CMakeFiles/athena.dir/outputs/binary.cpp.o
[ 55%] Building CXX object src/CMakeFiles/athena.dir/outputs/eventlog.cpp.o
[ 56%] Building CXX object src/CMakeFiles/athena.dir/outputs/formatted_table.cpp.o
[ 56%] Building CXX object src/CMakeFiles/athena.dir/outputs/history.cpp.o
[ 56%] Building CXX object src/CMakeFiles/athena.dir/outputs/restart.cpp.o
[ 57%] Building CXX object src/CMakeFiles/athena.dir/outputs/spherical_surface.cpp.o
[ 57%] Building CXX object src/CMakeFiles/athena.dir/outputs/coarsened_binary.cpp.o
[ 58%] Building CXX object src/CMakeFiles/athena.dir/outputs/track_prtcl.cpp.o
[ 58%] Building CXX object src/CMakeFiles/athena.dir/outputs/vtk_mesh.cpp.o
[ 58%] Building CXX object src/CMakeFiles/athena.dir/outputs/vtk_prtcl.cpp.o
[ 60%] Building CXX object src/CMakeFiles/athena.dir/particles/particles.cpp.o
[ 60%] Building CXX object src/CMakeFiles/athena.dir/particles/particles_pushers.cpp.o
[ 61%] Building CXX object src/CMakeFiles/athena.dir/particles/particles_tasks.cpp.o
[ 61%] Building CXX object src/CMakeFiles/athena.dir/outputs/pdf.cpp.o
[ 61%] Building CXX object src/CMakeFiles/athena.dir/pgen/pgen.cpp.o
[ 62%] Building CXX object src/CMakeFiles/athena.dir/pgen/tests/advection.cpp.o
[ 62%] Building CXX object src/CMakeFiles/athena.dir/pgen/tests/cpaw.cpp.o
[ 64%] Building CXX object src/CMakeFiles/athena.dir/pgen/tests/cshock.cpp.o
[ 64%] Building CXX object src/CMakeFiles/athena.dir/pgen/tests/diffusion.cpp.o
[ 64%] Building CXX object src/CMakeFiles/athena.dir/pgen/tests/gr_bondi.cpp.o
[ 65%] Building CXX object src/CMakeFiles/athena.dir/pgen/tests/gr_monopole.cpp.o
[ 65%] Building CXX object src/CMakeFiles/athena.dir/pgen/tests/linear_wave.cpp.o
[ 66%] Building CXX object src/CMakeFiles/athena.dir/pgen/tests/lw_implode.cpp.o
[ 66%] Building CXX object src/CMakeFiles/athena.dir/pgen/tests/orszag_tang.cpp.o
[ 66%] Building CXX object src/CMakeFiles/athena.dir/pgen/tests/mri3d.cpp.o
[ 67%] Building CXX object src/CMakeFiles/athena.dir/pgen/tests/shock_tube.cpp.o
[ 67%] Building CXX object src/CMakeFiles/athena.dir/pgen/tests/shwave.cpp.o
[ 69%] Building CXX object src/CMakeFiles/athena.dir/pgen/tests/rad_beam.cpp.o
[ 69%] Building CXX object src/CMakeFiles/athena.dir/pgen/tests/rad_linear_wave.cpp.o
[ 69%] Building CXX object src/CMakeFiles/athena.dir/pgen/tests/z4c_boosted_puncture.cpp.o
[ 70%] Building CXX object src/CMakeFiles/athena.dir/pgen/tests/z4c_linear_wave.cpp.o
[ 70%] Building CXX object src/CMakeFiles/athena.dir/pgen/z4c/kerr_puncture.cpp.o
[ 71%] Building CXX object src/CMakeFiles/athena.dir/pgen/unit_tests/eos_compose.cpp.o
[ 71%] Building CXX object src/CMakeFiles/athena.dir/pgen/unit_tests/gauss_legendre.cpp.o
[ 71%] Building CXX object src/CMakeFiles/athena.dir/pgen/unit_tests/z4c_cartoon_derivatives.cpp.o
[ 73%] Building CXX object src/CMakeFiles/athena.dir/pgen/unit_tests/z4c_cartoon_derivatives_kernels.cpp.o
[ 73%] Building CXX object src/CMakeFiles/athena.dir/radiation/radiation.cpp.o
[ 74%] Building CXX object src/CMakeFiles/athena.dir/radiation/radiation_fluxes.cpp.o
[ 74%] Building CXX object src/CMakeFiles/athena.dir/radiation/radiation_newdt.cpp.o
[ 74%] Building CXX object src/CMakeFiles/athena.dir/radiation/radiation_source.cpp.o
[ 75%] Building CXX object src/CMakeFiles/athena.dir/radiation/radiation_tasks.cpp.o
[ 75%] Building CXX object src/CMakeFiles/athena.dir/radiation/radiation_tetrad.cpp.o
[ 76%] Building CXX object src/CMakeFiles/athena.dir/radiation/radiation_update.cpp.o
[ 76%] Building CXX object src/CMakeFiles/athena.dir/shearing_box/orbital_advection.cpp.o
[ 76%] Building CXX object src/CMakeFiles/athena.dir/shearing_box/orbital_advection_cc.cpp.o
[ 78%] Building CXX object src/CMakeFiles/athena.dir/shearing_box/orbital_advection_fc.cpp.o
[ 78%] Building CXX object src/CMakeFiles/athena.dir/shearing_box/orbital_advection_tasks.cpp.o
[ 79%] Building CXX object src/CMakeFiles/athena.dir/shearing_box/shearing_box.cpp.o
[ 79%] Building CXX object src/CMakeFiles/athena.dir/shearing_box/shearing_box_cc.cpp.o
[ 79%] Building CXX object src/CMakeFiles/athena.dir/shearing_box/shearing_box_fc.cpp.o
[ 80%] Building CXX object src/CMakeFiles/athena.dir/shearing_box/shearing_box_srcterms.cpp.o
[ 80%] Building CXX object src/CMakeFiles/athena.dir/shearing_box/shearing_box_tasks.cpp.o
[ 82%] Building CXX object src/CMakeFiles/athena.dir/srcterms/srcterms.cpp.o
[ 82%] Building CXX object src/CMakeFiles/athena.dir/srcterms/srcterms_newdt.cpp.o
[ 82%] Building CXX object src/CMakeFiles/athena.dir/srcterms/turb_driver.cpp.o
[ 83%] Building CXX object src/CMakeFiles/athena.dir/tasklist/numerical_relativity.cpp.o
[ 83%] Building CXX object src/CMakeFiles/athena.dir/units/units.cpp.o
[ 84%] Building CXX object src/CMakeFiles/athena.dir/utils/change_rundir.cpp.o
[ 84%] Building CXX object src/CMakeFiles/athena.dir/utils/derived_vars.cpp.o
[ 84%] Building CXX object src/CMakeFiles/athena.dir/utils/show_config.cpp.o
[ 85%] Building CXX object src/CMakeFiles/athena.dir/utils/lagrange_interpolator.cpp.o
[ 85%] Building CXX object src/CMakeFiles/athena.dir/utils/tov/tov.cpp.o
[ 87%] Building CXX object src/CMakeFiles/athena.dir/utils/tr_table.cpp.o
[ 87%] Building CXX object src/CMakeFiles/athena.dir/utils/cart_grid.cpp.o
[ 87%] Building CXX object src/CMakeFiles/athena.dir/utils/spherical_surface.cpp.o
[ 88%] Building CXX object src/CMakeFiles/athena.dir/z4c/compact_object_tracker.cpp.o
[ 88%] Building CXX object src/CMakeFiles/athena.dir/z4c/curvature_diagnostics.cpp.o
[ 89%] Building CXX object src/CMakeFiles/athena.dir/z4c/fastflow.cpp.o
[ 89%] Building CXX object src/CMakeFiles/athena.dir/z4c/cartoon_m0_fastflow.cpp.o
[ 89%] Building CXX object src/CMakeFiles/athena.dir/z4c/horizon_dump.cpp.o
[ 91%] Building CXX object src/CMakeFiles/athena.dir/z4c/tmunu.cpp.o
[ 91%] Building CXX object src/CMakeFiles/athena.dir/z4c/amr_jump_diagnostic.cpp.o
[ 92%] Building CXX object src/CMakeFiles/athena.dir/z4c/chi_parent_provenance.cpp.o
[ 92%] Building CXX object src/CMakeFiles/athena.dir/z4c/z4c.cpp.o
[ 92%] Building CXX object src/CMakeFiles/athena.dir/z4c/z4c_adm.cpp.o
[ 93%] Building CXX object src/CMakeFiles/athena.dir/z4c/z4c_calcrhs.cpp.o
[ 93%] Building CXX object src/CMakeFiles/athena.dir/z4c/z4c_newdt.cpp.o
[ 94%] Building CXX object src/CMakeFiles/athena.dir/z4c/z4c_tasks.cpp.o
[ 94%] Building CXX object src/CMakeFiles/athena.dir/z4c/z4c_update.cpp.o
[ 94%] Building CXX object src/CMakeFiles/athena.dir/z4c/z4c_gauge.cpp.o
[ 96%] Building CXX object src/CMakeFiles/athena.dir/z4c/z4c_Sbc.cpp.o
[ 96%] Building CXX object src/CMakeFiles/athena.dir/z4c/z4c_symmetry.cpp.o
[ 97%] Building CXX object src/CMakeFiles/athena.dir/z4c/z4c_restart.cpp.o
[ 97%] Building CXX object src/CMakeFiles/athena.dir/z4c/z4c_calculate_weyl_scalars.cpp.o
[ 97%] Building CXX object src/CMakeFiles/athena.dir/z4c/z4c_wave_extr.cpp.o
[ 98%] Building CXX object src/CMakeFiles/athena.dir/z4c/z4c_amr.cpp.o
[ 98%] Building CXX object src/CMakeFiles/athena.dir/z4c/cce/cce.cpp.o
[100%] Building CXX object src/CMakeFiles/athena.dir/pgen/z4c_irisk_xcts.cpp.o
[100%] Building CXX object src/CMakeFiles/athena.dir/__/tst/unit/z4c/cartoon_production_kernel_test.cpp.o
[100%] Linking CXX executable athena
[100%] Built target athena
[ 50%] Building CXX object CMakeFiles/athena_amr_history_format_unit_test.dir/tst/unit/mesh/amr_history_format_test.cpp.o
[ 50%] Building CXX object CMakeFiles/athena_amr_history_format_unit_test.dir/src/mesh/amr_history_format.cpp.o
[100%] Linking CXX executable athena_amr_history_format_unit_test
[100%] Built target athena_amr_history_format_unit_test
[  7%] Built target kokkossimd
[ 76%] Built target kokkoscore
[ 84%] Built target kokkosalgorithms
[ 92%] Built target kokkoscontainers
[ 92%] Building CXX object CMakeFiles/athena_z4c_chi_prolongation_unit_test.dir/tst/unit/z4c/z4c_chi_prolongation_test.cpp.o
[100%] Linking CXX executable athena_z4c_chi_prolongation_unit_test
[100%] Built target athena_z4c_chi_prolongation_unit_test
[  8%] Built target kokkossimd
[ 83%] Built target kokkoscore
[ 91%] Built target kokkosalgorithms
[100%] Built target kokkoscontainers
[100%] Building CXX object CMakeFiles/athena_z4c_coarse_cache_ownership_unit_test.dir/tst/unit/z4c/z4c_coarse_cache_ownership_test.cpp.o
[100%] Linking CXX executable athena_z4c_coarse_cache_ownership_unit_test
[100%] Built target athena_z4c_coarse_cache_ownership_unit_test
[  7%] Built target kokkossimd
[ 76%] Built target kokkoscore
[ 84%] Built target kokkosalgorithms
[ 92%] Built target kokkoscontainers
[ 92%] Building CXX object CMakeFiles/athena_z4c_chi_preupdate_diagnostic_unit_test.dir/tst/unit/z4c/chi_preupdate_diagnostic_test.cpp.o
[100%] Linking CXX executable athena_z4c_chi_preupdate_diagnostic_unit_test
[100%] Built target athena_z4c_chi_preupdate_diagnostic_unit_test
