
Root grid = 2 x 2 x 2 MeshBlocks
Total number of MeshBlocks = 456
Number of logical  levels of refinement = 9 (10 levels total)
Number of physical levels of refinement = 8 (9 levels total)
  Physical level = 1 (logical level = 2): 56 MeshBlocks, cost = 56
  Physical level = 2 (logical level = 3): 56 MeshBlocks, cost = 56
  Physical level = 3 (logical level = 4): 56 MeshBlocks, cost = 56
  Physical level = 4 (logical level = 5): 56 MeshBlocks, cost = 56
  Physical level = 5 (logical level = 6): 56 MeshBlocks, cost = 56
  Physical level = 6 (logical level = 7): 56 MeshBlocks, cost = 56
  Physical level = 7 (logical level = 8): 56 MeshBlocks, cost = 56
  Physical level = 8 (logical level = 9): 64 MeshBlocks, cost = 64
Number of parallel ranks = 1
Research qualification execution backend: Cuda

Setup complete, executing task list(s)...

elapsed=6.436380e-01 cycle=6261 time=4.200522e+00 dt=6.596879e-04
elapsed=1.176376e+00 cycle=6262 time=4.201181e+00 dt=6.596797e-04
elapsed=1.697600e+00 cycle=6263 time=4.201841e+00 dt=6.596714e-04
elapsed=2.243121e+00 cycle=6264 time=4.202501e+00 dt=6.596631e-04
elapsed=3.158571e+00 cycle=6265 time=4.203160e+00 dt=6.596549e-04
elapsed=4.098104e+00 cycle=6266 time=4.203820e+00 dt=6.596466e-04
elapsed=4.648692e+00 cycle=6267 time=4.204480e+00 dt=6.596383e-04
elapsed=5.380701e+00 cycle=6268 time=4.205139e+00 dt=6.596300e-04
elapsed=6.112239e+00 cycle=6269 time=4.205799e+00 dt=6.596217e-04
elapsed=7.514646e+00 cycle=6270 time=4.206459e+00 dt=6.596134e-04
elapsed=8.450540e+00 cycle=6271 time=4.207118e+00 dt=6.596051e-04
elapsed=9.274624e+00 cycle=6272 time=4.207778e+00 dt=6.595968e-04
elapsed=9.928371e+00 cycle=6273 time=4.208437e+00 dt=6.595885e-04
elapsed=1.058164e+01 cycle=6274 time=4.209097e+00 dt=6.595801e-04
elapsed=1.197156e+01 cycle=6275 time=4.209757e+00 dt=6.595718e-04
elapsed=1.251308e+01 cycle=6276 time=4.210416e+00 dt=6.595635e-04
elapsed=1.303737e+01 cycle=6277 time=4.211076e+00 dt=6.595551e-04
elapsed=1.357181e+01 cycle=6278 time=4.211735e+00 dt=6.595468e-04
elapsed=1.411816e+01 cycle=6279 time=4.212395e+00 dt=6.595384e-04
elapsed=1.466143e+01 cycle=6280 time=4.213054e+00 dt=6.595300e-04
elapsed=1.520832e+01 cycle=6281 time=4.213714e+00 dt=6.595217e-04
elapsed=1.574848e+01 cycle=6282 time=4.214373e+00 dt=6.595133e-04
elapsed=1.627352e+01 cycle=6283 time=4.215033e+00 dt=6.595049e-04
elapsed=1.679993e+01 cycle=6284 time=4.215692e+00 dt=6.594965e-04
elapsed=1.741627e+01 cycle=6285 time=4.216352e+00 dt=6.594881e-04
elapsed=1.797842e+01 cycle=6286 time=4.217011e+00 dt=6.594797e-04
elapsed=1.854959e+01 cycle=6287 time=4.217671e+00 dt=6.594713e-04
elapsed=1.912145e+01 cycle=6288 time=4.218330e+00 dt=6.594629e-04
elapsed=1.967462e+01 cycle=6289 time=4.218990e+00 dt=6.594545e-04
elapsed=2.020605e+01 cycle=6290 time=4.219649e+00 dt=6.594460e-04
elapsed=2.074060e+01 cycle=6291 time=4.220309e+00 dt=6.594376e-04
elapsed=2.136272e+01 cycle=6292 time=4.220968e+00 dt=6.594291e-04
elapsed=2.191249e+01 cycle=6293 time=4.221628e+00 dt=6.594207e-04
elapsed=2.248740e+01 cycle=6294 time=4.222287e+00 dt=6.594122e-04
elapsed=2.303841e+01 cycle=6295 time=4.222946e+00 dt=6.594038e-04
elapsed=2.361306e+01 cycle=6296 time=4.223606e+00 dt=6.593953e-04
elapsed=2.416616e+01 cycle=6297 time=4.224265e+00 dt=6.593868e-04
elapsed=2.470164e+01 cycle=6298 time=4.224925e+00 dt=6.593783e-04
elapsed=2.523309e+01 cycle=6299 time=4.225584e+00 dt=6.593699e-04
elapsed=2.576384e+01 cycle=6300 time=4.226243e+00 dt=6.593614e-04
elapsed=2.630934e+01 cycle=6301 time=4.226903e+00 dt=6.593529e-04
elapsed=2.685247e+01 cycle=6302 time=4.227562e+00 dt=6.593443e-04
elapsed=2.740273e+01 cycle=6303 time=4.228221e+00 dt=6.593358e-04
elapsed=2.795254e+01 cycle=6304 time=4.228881e+00 dt=6.593273e-04
elapsed=2.847751e+01 cycle=6305 time=4.229540e+00 dt=6.593188e-04
elapsed=2.900440e+01 cycle=6306 time=4.230199e+00 dt=6.593102e-04
elapsed=2.953179e+01 cycle=6307 time=4.230859e+00 dt=6.593017e-04
elapsed=3.007892e+01 cycle=6308 time=4.231518e+00 dt=6.592931e-04
elapsed=3.062207e+01 cycle=6309 time=4.232177e+00 dt=6.592846e-04
elapsed=3.116957e+01 cycle=6310 time=4.232837e+00 dt=6.592760e-04
elapsed=3.171911e+01 cycle=6311 time=4.233496e+00 dt=6.592675e-04
elapsed=3.225885e+01 cycle=6312 time=4.234155e+00 dt=6.592589e-04
elapsed=3.278543e+01 cycle=6313 time=4.234814e+00 dt=6.592503e-04
elapsed=3.331209e+01 cycle=6314 time=4.235474e+00 dt=6.592417e-04
elapsed=3.384562e+01 cycle=6315 time=4.236133e+00 dt=6.592331e-04
elapsed=3.440717e+01 cycle=6316 time=4.236792e+00 dt=6.592245e-04
elapsed=3.497324e+01 cycle=6317 time=4.237451e+00 dt=6.592159e-04
elapsed=3.554931e+01 cycle=6318 time=4.238110e+00 dt=6.592073e-04
elapsed=3.611144e+01 cycle=6319 time=4.238770e+00 dt=6.591987e-04
elapsed=3.664363e+01 cycle=6320 time=4.239429e+00 dt=6.591900e-04
elapsed=3.717036e+01 cycle=6321 time=4.240088e+00 dt=6.591814e-04
elapsed=3.769684e+01 cycle=6322 time=4.240747e+00 dt=6.591728e-04
elapsed=3.825057e+01 cycle=6323 time=4.241406e+00 dt=6.591641e-04
elapsed=3.879827e+01 cycle=6324 time=4.242066e+00 dt=6.591555e-04
elapsed=3.934142e+01 cycle=6325 time=4.242725e+00 dt=6.591468e-04
elapsed=3.989052e+01 cycle=6326 time=4.243384e+00 dt=6.591381e-04
elapsed=4.042437e+01 cycle=6327 time=4.244043e+00 dt=6.591295e-04
elapsed=4.095523e+01 cycle=6328 time=4.244702e+00 dt=6.591208e-04
elapsed=4.148371e+01 cycle=6329 time=4.245361e+00 dt=6.591121e-04
elapsed=4.202089e+01 cycle=6330 time=4.246020e+00 dt=6.591034e-04
elapsed=4.255961e+01 cycle=6331 time=4.246680e+00 dt=6.590947e-04
elapsed=4.312215e+01 cycle=6332 time=4.247339e+00 dt=6.590860e-04
elapsed=4.368620e+01 cycle=6333 time=4.247998e+00 dt=6.590773e-04
elapsed=4.512281e+01 cycle=6334 time=4.248657e+00 dt=6.590686e-04
elapsed=4.564993e+01 cycle=6335 time=4.249316e+00 dt=6.590598e-04
elapsed=4.617716e+01 cycle=6336 time=4.249975e+00 dt=6.590511e-04
elapsed=4.669953e+01 cycle=6337 time=4.250634e+00 dt=6.590424e-04
elapsed=4.724348e+01 cycle=6338 time=4.251293e+00 dt=6.590336e-04
elapsed=4.779075e+01 cycle=6339 time=4.251952e+00 dt=6.590248e-04
elapsed=4.833152e+01 cycle=6340 time=4.252611e+00 dt=6.590161e-04
elapsed=4.888813e+01 cycle=6341 time=4.253270e+00 dt=6.590073e-04
elapsed=4.941964e+01 cycle=6342 time=4.253929e+00 dt=6.589985e-04
elapsed=4.994668e+01 cycle=6343 time=4.254588e+00 dt=6.589898e-04
elapsed=5.046667e+01 cycle=6344 time=4.255247e+00 dt=6.589810e-04
elapsed=5.100050e+01 cycle=6345 time=4.255906e+00 dt=6.589722e-04
elapsed=5.154109e+01 cycle=6346 time=4.256565e+00 dt=6.589634e-04
elapsed=5.208687e+01 cycle=6347 time=4.257224e+00 dt=6.589546e-04
elapsed=5.264095e+01 cycle=6348 time=4.257883e+00 dt=6.589458e-04
elapsed=5.317512e+01 cycle=6349 time=4.258542e+00 dt=6.589369e-04
elapsed=5.371037e+01 cycle=6350 time=4.259201e+00 dt=6.589281e-04
elapsed=5.423268e+01 cycle=6351 time=4.259860e+00 dt=6.589193e-04
elapsed=5.484978e+01 cycle=6352 time=4.260519e+00 dt=6.589104e-04
elapsed=5.538910e+01 cycle=6353 time=4.261178e+00 dt=6.589016e-04
elapsed=5.593336e+01 cycle=6354 time=4.261836e+00 dt=6.588927e-04
elapsed=5.648474e+01 cycle=6355 time=4.262495e+00 dt=6.588839e-04
elapsed=5.703287e+01 cycle=6356 time=4.263154e+00 dt=6.588750e-04
elapsed=5.755928e+01 cycle=6357 time=4.263813e+00 dt=6.588661e-04
elapsed=5.807971e+01 cycle=6358 time=4.264472e+00 dt=6.588572e-04
elapsed=5.860242e+01 cycle=6359 time=4.265131e+00 dt=6.588483e-04
elapsed=5.915234e+01 cycle=6360 time=4.265790e+00 dt=6.588394e-04
elapsed=5.981343e+01 cycle=6361 time=4.266449e+00 dt=6.588305e-04
elapsed=6.036528e+01 cycle=6362 time=4.267107e+00 dt=6.588216e-04
elapsed=6.120734e+01 cycle=6363 time=4.267766e+00 dt=6.588127e-04
elapsed=6.183462e+01 cycle=6364 time=4.268425e+00 dt=6.588038e-04
elapsed=6.235713e+01 cycle=6365 time=4.269084e+00 dt=6.587949e-04
elapsed=6.316711e+01 cycle=6366 time=4.269743e+00 dt=6.587859e-04
elapsed=6.389954e+01 cycle=6367 time=4.270401e+00 dt=6.587770e-04
elapsed=6.476824e+01 cycle=6368 time=4.271060e+00 dt=6.587680e-04
elapsed=6.639048e+01 cycle=6369 time=4.271719e+00 dt=6.587591e-04
elapsed=6.707714e+01 cycle=6370 time=4.272378e+00 dt=6.587501e-04
elapsed=6.762810e+01 cycle=6371 time=4.273036e+00 dt=6.587411e-04
elapsed=6.873796e+01 cycle=6372 time=4.273695e+00 dt=6.587322e-04
elapsed=6.946083e+01 cycle=6373 time=4.274354e+00 dt=6.587232e-04
elapsed=6.999873e+01 cycle=6374 time=4.275013e+00 dt=6.587142e-04
elapsed=7.054352e+01 cycle=6375 time=4.275671e+00 dt=6.587052e-04
elapsed=7.109739e+01 cycle=6376 time=4.276330e+00 dt=6.586962e-04
elapsed=7.165900e+01 cycle=6377 time=4.276989e+00 dt=6.586872e-04
elapsed=7.221471e+01 cycle=6378 time=4.277647e+00 dt=6.586782e-04
elapsed=7.273912e+01 cycle=6379 time=4.278306e+00 dt=6.586691e-04
elapsed=7.326292e+01 cycle=6380 time=4.278965e+00 dt=6.586601e-04
elapsed=7.396629e+01 cycle=6381 time=4.279623e+00 dt=6.586511e-04
elapsed=7.469612e+01 cycle=6382 time=4.280282e+00 dt=6.586420e-04
elapsed=7.526876e+01 cycle=6383 time=4.280941e+00 dt=6.586330e-04
elapsed=7.593424e+01 cycle=6384 time=4.281599e+00 dt=6.586239e-04
elapsed=7.649012e+01 cycle=6385 time=4.282258e+00 dt=6.586148e-04
elapsed=7.703273e+01 cycle=6386 time=4.282917e+00 dt=6.586058e-04
elapsed=7.756330e+01 cycle=6387 time=4.283575e+00 dt=6.585967e-04
elapsed=7.810174e+01 cycle=6388 time=4.284234e+00 dt=6.585876e-04
elapsed=7.872576e+01 cycle=6389 time=4.284892e+00 dt=6.585785e-04
elapsed=7.927119e+01 cycle=6390 time=4.285551e+00 dt=6.585694e-04
elapsed=7.981904e+01 cycle=6391 time=4.286210e+00 dt=6.585603e-04
elapsed=8.037185e+01 cycle=6392 time=4.286868e+00 dt=6.585512e-04
elapsed=8.092816e+01 cycle=6393 time=4.287527e+00 dt=6.585421e-04
elapsed=8.155590e+01 cycle=6394 time=4.288185e+00 dt=6.585329e-04
elapsed=8.218312e+01 cycle=6395 time=4.288844e+00 dt=6.585238e-04
elapsed=8.271247e+01 cycle=6396 time=4.289502e+00 dt=6.585147e-04
elapsed=8.324873e+01 cycle=6397 time=4.290161e+00 dt=6.585055e-04
elapsed=8.379560e+01 cycle=6398 time=4.290819e+00 dt=6.584964e-04
elapsed=8.434397e+01 cycle=6399 time=4.291478e+00 dt=6.584872e-04
elapsed=8.489586e+01 cycle=6400 time=4.292136e+00 dt=6.584780e-04
elapsed=8.543944e+01 cycle=6401 time=4.292795e+00 dt=6.584689e-04
elapsed=8.597087e+01 cycle=6402 time=4.293453e+00 dt=6.584597e-04
elapsed=8.649525e+01 cycle=6403 time=4.294112e+00 dt=6.584505e-04
elapsed=8.702572e+01 cycle=6404 time=4.294770e+00 dt=6.584413e-04
elapsed=8.757809e+01 cycle=6405 time=4.295429e+00 dt=6.584321e-04
elapsed=8.813887e+01 cycle=6406 time=4.296087e+00 dt=6.584229e-04
elapsed=8.869197e+01 cycle=6407 time=4.296745e+00 dt=6.584137e-04
elapsed=8.924576e+01 cycle=6408 time=4.297404e+00 dt=6.584044e-04
elapsed=8.977313e+01 cycle=6409 time=4.298062e+00 dt=6.583952e-04
elapsed=9.029743e+01 cycle=6410 time=4.298721e+00 dt=6.583860e-04
elapsed=9.082142e+01 cycle=6411 time=4.299379e+00 dt=6.583767e-04
elapsed=9.137306e+01 cycle=6412 time=4.300037e+00 dt=6.583675e-04
elapsed=9.263475e+01 cycle=6413 time=4.300696e+00 dt=6.583582e-04
elapsed=9.319012e+01 cycle=6414 time=4.301354e+00 dt=6.583489e-04
elapsed=9.374363e+01 cycle=6415 time=4.302012e+00 dt=6.583397e-04
elapsed=9.426719e+01 cycle=6416 time=4.302671e+00 dt=6.583304e-04
elapsed=9.479315e+01 cycle=6417 time=4.303329e+00 dt=6.583211e-04
elapsed=9.530820e+01 cycle=6418 time=4.303987e+00 dt=6.583118e-04
elapsed=9.583216e+01 cycle=6419 time=4.304646e+00 dt=6.583025e-04
elapsed=9.636607e+01 cycle=6420 time=4.305304e+00 dt=6.582932e-04
elapsed=9.692611e+01 cycle=6421 time=4.305962e+00 dt=6.582839e-04
elapsed=9.748831e+01 cycle=6422 time=4.306621e+00 dt=6.582746e-04
elapsed=9.802839e+01 cycle=6423 time=4.307279e+00 dt=6.582652e-04
elapsed=9.855867e+01 cycle=6424 time=4.307937e+00 dt=6.582559e-04
elapsed=9.908528e+01 cycle=6425 time=4.308595e+00 dt=6.582466e-04
elapsed=9.961008e+01 cycle=6426 time=4.309254e+00 dt=6.582372e-04
elapsed=1.001596e+02 cycle=6427 time=4.309912e+00 dt=6.582279e-04
elapsed=1.007023e+02 cycle=6428 time=4.310570e+00 dt=6.582185e-04
elapsed=1.012488e+02 cycle=6429 time=4.311228e+00 dt=6.582091e-04
elapsed=1.017991e+02 cycle=6430 time=4.311887e+00 dt=6.581997e-04
elapsed=1.023237e+02 cycle=6431 time=4.312545e+00 dt=6.581904e-04
elapsed=1.028503e+02 cycle=6432 time=4.313203e+00 dt=6.581810e-04
elapsed=1.033742e+02 cycle=6433 time=4.313861e+00 dt=6.581716e-04
elapsed=1.039033e+02 cycle=6434 time=4.314519e+00 dt=6.581622e-04
elapsed=1.044550e+02 cycle=6435 time=4.315177e+00 dt=6.581528e-04
elapsed=1.050005e+02 cycle=6436 time=4.315836e+00 dt=6.581433e-04
elapsed=1.055498e+02 cycle=6437 time=4.316494e+00 dt=6.581339e-04
elapsed=1.065582e+02 cycle=6438 time=4.317152e+00 dt=6.581245e-04
elapsed=1.071872e+02 cycle=6439 time=4.317810e+00 dt=6.581150e-04
elapsed=1.078014e+02 cycle=6440 time=4.318468e+00 dt=6.581056e-04
elapsed=1.084246e+02 cycle=6441 time=4.319126e+00 dt=6.580961e-04
elapsed=1.093615e+02 cycle=6442 time=4.319784e+00 dt=6.580867e-04
elapsed=1.099180e+02 cycle=6443 time=4.320442e+00 dt=6.580772e-04
elapsed=1.110445e+02 cycle=6444 time=4.321101e+00 dt=6.580677e-04
elapsed=1.117738e+02 cycle=6445 time=4.321759e+00 dt=6.580583e-04
elapsed=1.127783e+02 cycle=6446 time=4.322417e+00 dt=6.580488e-04
elapsed=1.134103e+02 cycle=6447 time=4.323075e+00 dt=6.580393e-04
elapsed=1.139399e+02 cycle=6448 time=4.323733e+00 dt=6.580298e-04
elapsed=1.149720e+02 cycle=6449 time=4.324391e+00 dt=6.580203e-04
elapsed=1.161018e+02 cycle=6450 time=4.325049e+00 dt=6.580107e-04
elapsed=1.166458e+02 cycle=6451 time=4.325707e+00 dt=6.580012e-04
elapsed=1.172126e+02 cycle=6452 time=4.326365e+00 dt=6.579917e-04
elapsed=1.177467e+02 cycle=6453 time=4.327023e+00 dt=6.579821e-04
elapsed=1.182709e+02 cycle=6454 time=4.327681e+00 dt=6.579726e-04
elapsed=1.187920e+02 cycle=6455 time=4.328339e+00 dt=6.579630e-04
elapsed=1.193328e+02 cycle=6456 time=4.328997e+00 dt=6.579535e-04
elapsed=1.199028e+02 cycle=6457 time=4.329655e+00 dt=6.579439e-04
elapsed=1.204799e+02 cycle=6458 time=4.330313e+00 dt=6.579343e-04
elapsed=1.210478e+02 cycle=6459 time=4.330971e+00 dt=6.579248e-04
elapsed=1.216989e+02 cycle=6460 time=4.331628e+00 dt=6.579152e-04
elapsed=1.222299e+02 cycle=6461 time=4.332286e+00 dt=6.579056e-04
elapsed=1.227715e+02 cycle=6462 time=4.332944e+00 dt=6.578960e-04
elapsed=1.233059e+02 cycle=6463 time=4.333602e+00 dt=6.578864e-04
elapsed=1.238646e+02 cycle=6464 time=4.334260e+00 dt=6.578768e-04
elapsed=1.244293e+02 cycle=6465 time=4.334918e+00 dt=6.578671e-04
elapsed=1.249991e+02 cycle=6466 time=4.335576e+00 dt=6.578575e-04
elapsed=1.255697e+02 cycle=6467 time=4.336234e+00 dt=6.578479e-04
elapsed=1.261023e+02 cycle=6468 time=4.336892e+00 dt=6.578382e-04
elapsed=1.266350e+02 cycle=6469 time=4.337549e+00 dt=6.578286e-04
elapsed=1.271629e+02 cycle=6470 time=4.338207e+00 dt=6.578189e-04
elapsed=1.277038e+02 cycle=6471 time=4.338865e+00 dt=6.578092e-04
elapsed=1.282550e+02 cycle=6472 time=4.339523e+00 dt=6.577996e-04
elapsed=1.288068e+02 cycle=6473 time=4.340181e+00 dt=6.577899e-04
elapsed=1.293678e+02 cycle=6474 time=4.340838e+00 dt=6.577802e-04
elapsed=1.299145e+02 cycle=6475 time=4.341496e+00 dt=6.577705e-04
elapsed=1.304506e+02 cycle=6476 time=4.342154e+00 dt=6.577608e-04
elapsed=1.309833e+02 cycle=6477 time=4.342812e+00 dt=6.577511e-04
elapsed=1.315191e+02 cycle=6478 time=4.343469e+00 dt=6.577414e-04
elapsed=1.320881e+02 cycle=6479 time=4.344127e+00 dt=6.577317e-04
elapsed=1.327598e+02 cycle=6480 time=4.344785e+00 dt=6.577219e-04
elapsed=1.333201e+02 cycle=6481 time=4.345443e+00 dt=6.577122e-04
elapsed=1.338721e+02 cycle=6482 time=4.346100e+00 dt=6.577025e-04
elapsed=1.344059e+02 cycle=6483 time=4.346758e+00 dt=6.576927e-04
elapsed=1.349318e+02 cycle=6484 time=4.347416e+00 dt=6.576830e-04
elapsed=1.354687e+02 cycle=6485 time=4.348073e+00 dt=6.576732e-04
elapsed=1.360073e+02 cycle=6486 time=4.348731e+00 dt=6.576634e-04
elapsed=1.365532e+02 cycle=6487 time=4.349389e+00 dt=6.576536e-04
elapsed=1.371027e+02 cycle=6488 time=4.350046e+00 dt=6.576439e-04
elapsed=1.376616e+02 cycle=6489 time=4.350704e+00 dt=6.576341e-04
elapsed=1.381960e+02 cycle=6490 time=4.351362e+00 dt=6.576243e-04
elapsed=1.387283e+02 cycle=6491 time=4.352019e+00 dt=6.576145e-04
elapsed=1.392583e+02 cycle=6492 time=4.352677e+00 dt=6.576046e-04
elapsed=1.397961e+02 cycle=6493 time=4.353335e+00 dt=6.575948e-04
elapsed=1.403493e+02 cycle=6494 time=4.353992e+00 dt=6.575850e-04
elapsed=1.409023e+02 cycle=6495 time=4.354650e+00 dt=6.575752e-04
elapsed=1.414687e+02 cycle=6496 time=4.355307e+00 dt=6.575653e-04
elapsed=1.420139e+02 cycle=6497 time=4.355965e+00 dt=6.575555e-04
elapsed=1.425419e+02 cycle=6498 time=4.356622e+00 dt=6.575456e-04
elapsed=1.430694e+02 cycle=6499 time=4.357280e+00 dt=6.575357e-04
elapsed=1.437952e+02 cycle=6500 time=4.357938e+00 dt=6.575259e-04
elapsed=1.443493e+02 cycle=6501 time=4.358595e+00 dt=6.575160e-04
elapsed=1.449083e+02 cycle=6502 time=4.359253e+00 dt=6.575061e-04
elapsed=1.454639e+02 cycle=6503 time=4.359910e+00 dt=6.574962e-04
elapsed=1.460196e+02 cycle=6504 time=4.360568e+00 dt=6.574863e-04
elapsed=1.465544e+02 cycle=6505 time=4.361225e+00 dt=6.574764e-04
elapsed=1.470817e+02 cycle=6506 time=4.361883e+00 dt=6.574665e-04
elapsed=1.476116e+02 cycle=6507 time=4.362540e+00 dt=6.574566e-04
elapsed=1.481547e+02 cycle=6508 time=4.363197e+00 dt=6.574466e-04
elapsed=1.487179e+02 cycle=6509 time=4.363855e+00 dt=6.574367e-04
elapsed=1.492878e+02 cycle=6510 time=4.364512e+00 dt=6.574268e-04
elapsed=1.498541e+02 cycle=6511 time=4.365170e+00 dt=6.574168e-04
elapsed=1.504008e+02 cycle=6512 time=4.365827e+00 dt=6.574068e-04
elapsed=1.521180e+02 cycle=6513 time=4.366485e+00 dt=6.573969e-04
elapsed=1.526491e+02 cycle=6514 time=4.367142e+00 dt=6.573869e-04
elapsed=1.531692e+02 cycle=6515 time=4.367799e+00 dt=6.573769e-04
elapsed=1.537184e+02 cycle=6516 time=4.368457e+00 dt=6.573669e-04
elapsed=1.542965e+02 cycle=6517 time=4.369114e+00 dt=6.573569e-04
elapsed=1.548643e+02 cycle=6518 time=4.369771e+00 dt=6.573469e-04
elapsed=1.554107e+02 cycle=6519 time=4.370429e+00 dt=6.573369e-04
elapsed=1.559374e+02 cycle=6520 time=4.371086e+00 dt=6.573269e-04
elapsed=1.564630e+02 cycle=6521 time=4.371743e+00 dt=6.573169e-04
elapsed=1.569808e+02 cycle=6522 time=4.372401e+00 dt=6.573069e-04
elapsed=1.575114e+02 cycle=6523 time=4.373058e+00 dt=6.572968e-04
elapsed=1.580516e+02 cycle=6524 time=4.373715e+00 dt=6.572868e-04
elapsed=1.585939e+02 cycle=6525 time=4.374373e+00 dt=6.572767e-04
elapsed=1.591497e+02 cycle=6526 time=4.375030e+00 dt=6.572667e-04
elapsed=1.596832e+02 cycle=6527 time=4.375687e+00 dt=6.572566e-04
elapsed=1.603072e+02 cycle=6528 time=4.376344e+00 dt=6.572465e-04
elapsed=1.610323e+02 cycle=6529 time=4.377002e+00 dt=6.572365e-04
elapsed=1.616613e+02 cycle=6530 time=4.377659e+00 dt=6.572264e-04
elapsed=1.622930e+02 cycle=6531 time=4.378316e+00 dt=6.572163e-04
elapsed=1.632343e+02 cycle=6532 time=4.378973e+00 dt=6.572062e-04
elapsed=1.644745e+02 cycle=6533 time=4.379631e+00 dt=6.571961e-04
elapsed=1.651163e+02 cycle=6534 time=4.380288e+00 dt=6.571860e-04
elapsed=1.660342e+02 cycle=6535 time=4.380945e+00 dt=6.571758e-04
elapsed=1.668552e+02 cycle=6536 time=4.381602e+00 dt=6.571657e-04
elapsed=1.674877e+02 cycle=6537 time=4.382259e+00 dt=6.571556e-04
elapsed=1.684499e+02 cycle=6538 time=4.382916e+00 dt=6.571454e-04
elapsed=1.694195e+02 cycle=6539 time=4.383574e+00 dt=6.571353e-04
elapsed=1.699899e+02 cycle=6540 time=4.384231e+00 dt=6.571251e-04
elapsed=1.705586e+02 cycle=6541 time=4.384888e+00 dt=6.571149e-04
elapsed=1.711050e+02 cycle=6542 time=4.385545e+00 dt=6.571048e-04
elapsed=1.717323e+02 cycle=6543 time=4.386202e+00 dt=6.570946e-04
elapsed=1.722589e+02 cycle=6544 time=4.386859e+00 dt=6.570844e-04
elapsed=1.727884e+02 cycle=6545 time=4.387516e+00 dt=6.570742e-04
elapsed=1.733527e+02 cycle=6546 time=4.388173e+00 dt=6.570640e-04
elapsed=1.739345e+02 cycle=6547 time=4.388830e+00 dt=6.570538e-04
elapsed=1.744896e+02 cycle=6548 time=4.389487e+00 dt=6.570436e-04
elapsed=1.750323e+02 cycle=6549 time=4.390145e+00 dt=6.570333e-04
elapsed=1.755616e+02 cycle=6550 time=4.390802e+00 dt=6.570231e-04
elapsed=1.760999e+02 cycle=6551 time=4.391459e+00 dt=6.570129e-04
elapsed=1.766294e+02 cycle=6552 time=4.392116e+00 dt=6.570026e-04
elapsed=1.771817e+02 cycle=6553 time=4.392773e+00 dt=6.569924e-04
elapsed=1.779314e+02 cycle=6554 time=4.393430e+00 dt=6.569821e-04
elapsed=1.785719e+02 cycle=6555 time=4.394087e+00 dt=6.569718e-04
elapsed=1.791346e+02 cycle=6556 time=4.394744e+00 dt=6.569616e-04
elapsed=1.796632e+02 cycle=6557 time=4.395401e+00 dt=6.569513e-04
elapsed=1.801905e+02 cycle=6558 time=4.396057e+00 dt=6.569410e-04
elapsed=1.807094e+02 cycle=6559 time=4.396714e+00 dt=6.569307e-04
elapsed=1.812401e+02 cycle=6560 time=4.397371e+00 dt=6.569204e-04
elapsed=1.826743e+02 cycle=6561 time=4.398028e+00 dt=6.569101e-04
elapsed=1.832128e+02 cycle=6562 time=4.398685e+00 dt=6.568998e-04
elapsed=1.837573e+02 cycle=6563 time=4.399342e+00 dt=6.568894e-04
elapsed=1.842937e+02 cycle=6564 time=4.399999e+00 dt=6.568791e-04
elapsed=1.848167e+02 cycle=6565 time=4.400656e+00 dt=6.568688e-04
elapsed=1.853334e+02 cycle=6566 time=4.401313e+00 dt=6.568584e-04
elapsed=1.858496e+02 cycle=6567 time=4.401970e+00 dt=6.568480e-04
elapsed=1.863988e+02 cycle=6568 time=4.402626e+00 dt=6.568377e-04
elapsed=1.869417e+02 cycle=6569 time=4.403283e+00 dt=6.568273e-04
elapsed=1.874963e+02 cycle=6570 time=4.403940e+00 dt=6.568169e-04
elapsed=1.880391e+02 cycle=6571 time=4.404597e+00 dt=6.568066e-04
elapsed=1.885672e+02 cycle=6572 time=4.405254e+00 dt=6.567962e-04
elapsed=1.890891e+02 cycle=6573 time=4.405910e+00 dt=6.567858e-04
elapsed=1.896082e+02 cycle=6574 time=4.406567e+00 dt=6.567754e-04
elapsed=1.901487e+02 cycle=6575 time=4.407224e+00 dt=6.567649e-04
elapsed=1.906892e+02 cycle=6576 time=4.407881e+00 dt=6.567545e-04
elapsed=1.912293e+02 cycle=6577 time=4.408538e+00 dt=6.567441e-04
elapsed=1.917833e+02 cycle=6578 time=4.409194e+00 dt=6.567336e-04
elapsed=1.925991e+02 cycle=6579 time=4.409851e+00 dt=6.567232e-04
elapsed=1.932417e+02 cycle=6580 time=4.410508e+00 dt=6.567128e-04
elapsed=1.937696e+02 cycle=6581 time=4.411164e+00 dt=6.567023e-04
elapsed=1.943794e+02 cycle=6582 time=4.411821e+00 dt=6.566918e-04
elapsed=1.951269e+02 cycle=6583 time=4.412478e+00 dt=6.566814e-04
elapsed=1.959582e+02 cycle=6584 time=4.413135e+00 dt=6.566709e-04
elapsed=1.968938e+02 cycle=6585 time=4.413791e+00 dt=6.566604e-04
elapsed=1.976382e+02 cycle=6586 time=4.414448e+00 dt=6.566499e-04
elapsed=1.982672e+02 cycle=6587 time=4.415105e+00 dt=6.566394e-04
elapsed=1.988952e+02 cycle=6588 time=4.415761e+00 dt=6.566289e-04
elapsed=1.995188e+02 cycle=6589 time=4.416418e+00 dt=6.566184e-04
elapsed=2.002570e+02 cycle=6590 time=4.417074e+00 dt=6.566078e-04
elapsed=2.010094e+02 cycle=6591 time=4.417731e+00 dt=6.565973e-04
elapsed=2.015654e+02 cycle=6592 time=4.418388e+00 dt=6.565868e-04
elapsed=2.021178e+02 cycle=6593 time=4.419044e+00 dt=6.565762e-04
elapsed=2.026433e+02 cycle=6594 time=4.419701e+00 dt=6.565657e-04
elapsed=2.031683e+02 cycle=6595 time=4.420357e+00 dt=6.565551e-04
elapsed=2.036959e+02 cycle=6596 time=4.421014e+00 dt=6.565445e-04
elapsed=2.042256e+02 cycle=6597 time=4.421670e+00 dt=6.565340e-04
elapsed=2.047776e+02 cycle=6598 time=4.422327e+00 dt=6.565234e-04
elapsed=2.053322e+02 cycle=6599 time=4.422984e+00 dt=6.565128e-04
elapsed=2.058925e+02 cycle=6600 time=4.423640e+00 dt=6.565022e-04
elapsed=2.064463e+02 cycle=6601 time=4.424297e+00 dt=6.564916e-04
elapsed=2.069709e+02 cycle=6602 time=4.424953e+00 dt=6.564810e-04
elapsed=2.075931e+02 cycle=6603 time=4.425610e+00 dt=6.564704e-04
elapsed=2.082216e+02 cycle=6604 time=4.426266e+00 dt=6.564597e-04
elapsed=2.087755e+02 cycle=6605 time=4.426922e+00 dt=6.564491e-04
elapsed=2.093545e+02 cycle=6606 time=4.427579e+00 dt=6.564384e-04
elapsed=2.100208e+02 cycle=6607 time=4.428235e+00 dt=6.564278e-04
elapsed=2.105825e+02 cycle=6608 time=4.428892e+00 dt=6.564171e-04
elapsed=2.111266e+02 cycle=6609 time=4.429548e+00 dt=6.564065e-04
elapsed=2.116589e+02 cycle=6610 time=4.430205e+00 dt=6.563958e-04
elapsed=2.121967e+02 cycle=6611 time=4.430861e+00 dt=6.563851e-04
elapsed=2.127453e+02 cycle=6612 time=4.431517e+00 dt=6.563744e-04
elapsed=2.133128e+02 cycle=6613 time=4.432174e+00 dt=6.563637e-04
elapsed=2.138982e+02 cycle=6614 time=4.432830e+00 dt=6.563530e-04
elapsed=2.144599e+02 cycle=6615 time=4.433486e+00 dt=6.563423e-04
elapsed=2.150072e+02 cycle=6616 time=4.434143e+00 dt=6.563316e-04
elapsed=2.155434e+02 cycle=6617 time=4.434799e+00 dt=6.563209e-04
elapsed=2.160780e+02 cycle=6618 time=4.435455e+00 dt=6.563102e-04
elapsed=2.166077e+02 cycle=6619 time=4.436112e+00 dt=6.562994e-04
elapsed=2.171649e+02 cycle=6620 time=4.436768e+00 dt=6.562887e-04
elapsed=2.177170e+02 cycle=6621 time=4.437424e+00 dt=6.562779e-04
elapsed=2.183641e+02 cycle=6622 time=4.438081e+00 dt=6.562672e-04
elapsed=2.189170e+02 cycle=6623 time=4.438737e+00 dt=6.562564e-04
elapsed=2.194598e+02 cycle=6624 time=4.439393e+00 dt=6.562456e-04
elapsed=2.199923e+02 cycle=6625 time=4.440049e+00 dt=6.562348e-04
elapsed=2.205247e+02 cycle=6626 time=4.440706e+00 dt=6.562241e-04
elapsed=2.210720e+02 cycle=6627 time=4.441362e+00 dt=6.562133e-04
elapsed=2.216221e+02 cycle=6628 time=4.442018e+00 dt=6.562024e-04
elapsed=2.221879e+02 cycle=6629 time=4.442674e+00 dt=6.561916e-04
elapsed=2.227695e+02 cycle=6630 time=4.443330e+00 dt=6.561808e-04
elapsed=2.233136e+02 cycle=6631 time=4.443987e+00 dt=6.561700e-04
elapsed=2.238475e+02 cycle=6632 time=4.444643e+00 dt=6.561592e-04
elapsed=2.243868e+02 cycle=6633 time=4.445299e+00 dt=6.561483e-04
elapsed=2.249349e+02 cycle=6634 time=4.445955e+00 dt=6.561375e-04
elapsed=2.255214e+02 cycle=6635 time=4.446611e+00 dt=6.561266e-04
elapsed=2.260928e+02 cycle=6636 time=4.447267e+00 dt=6.561157e-04
elapsed=2.266569e+02 cycle=6637 time=4.447923e+00 dt=6.561049e-04
elapsed=2.272091e+02 cycle=6638 time=4.448580e+00 dt=6.560940e-04
elapsed=2.277449e+02 cycle=6639 time=4.449236e+00 dt=6.560831e-04
elapsed=2.283698e+02 cycle=6640 time=4.449892e+00 dt=6.560722e-04
elapsed=2.289112e+02 cycle=6641 time=4.450548e+00 dt=6.560613e-04
elapsed=2.294582e+02 cycle=6642 time=4.451204e+00 dt=6.560504e-04
elapsed=2.301028e+02 cycle=6643 time=4.451860e+00 dt=6.560395e-04
elapsed=2.307511e+02 cycle=6644 time=4.452516e+00 dt=6.560286e-04
elapsed=2.313046e+02 cycle=6645 time=4.453172e+00 dt=6.560176e-04
elapsed=2.318404e+02 cycle=6646 time=4.453828e+00 dt=6.560067e-04
elapsed=2.323717e+02 cycle=6647 time=4.454484e+00 dt=6.559957e-04
elapsed=2.329045e+02 cycle=6648 time=4.455140e+00 dt=6.559848e-04
elapsed=2.334619e+02 cycle=6649 time=4.455796e+00 dt=6.559738e-04
elapsed=2.340072e+02 cycle=6650 time=4.456452e+00 dt=6.559629e-04
elapsed=2.345592e+02 cycle=6651 time=4.457108e+00 dt=6.559519e-04
elapsed=2.351148e+02 cycle=6652 time=4.457764e+00 dt=6.559409e-04
elapsed=2.356609e+02 cycle=6653 time=4.458420e+00 dt=6.559299e-04
elapsed=2.361891e+02 cycle=6654 time=4.459076e+00 dt=6.559189e-04
elapsed=2.367222e+02 cycle=6655 time=4.459732e+00 dt=6.559079e-04
elapsed=2.372528e+02 cycle=6656 time=4.460388e+00 dt=6.558969e-04
elapsed=2.377997e+02 cycle=6657 time=4.461044e+00 dt=6.558859e-04
elapsed=2.383465e+02 cycle=6658 time=4.461699e+00 dt=6.558748e-04
elapsed=2.388996e+02 cycle=6659 time=4.462355e+00 dt=6.558638e-04
elapsed=2.394530e+02 cycle=6660 time=4.463011e+00 dt=6.558528e-04
elapsed=2.400625e+02 cycle=6661 time=4.463667e+00 dt=6.558417e-04
elapsed=2.405961e+02 cycle=6662 time=4.464323e+00 dt=6.558306e-04
elapsed=2.411250e+02 cycle=6663 time=4.464979e+00 dt=6.558196e-04
elapsed=2.417624e+02 cycle=6664 time=4.465634e+00 dt=6.558085e-04
elapsed=2.423142e+02 cycle=6665 time=4.466290e+00 dt=6.557974e-04
elapsed=2.428784e+02 cycle=6666 time=4.466946e+00 dt=6.557863e-04
elapsed=2.434571e+02 cycle=6667 time=4.467602e+00 dt=6.557752e-04
elapsed=2.440007e+02 cycle=6668 time=4.468258e+00 dt=6.557641e-04
elapsed=2.445462e+02 cycle=6669 time=4.468913e+00 dt=6.557530e-04
elapsed=2.451606e+02 cycle=6670 time=4.469569e+00 dt=6.557419e-04
elapsed=2.456909e+02 cycle=6671 time=4.470225e+00 dt=6.557308e-04
elapsed=2.462421e+02 cycle=6672 time=4.470881e+00 dt=6.557196e-04
elapsed=2.468932e+02 cycle=6673 time=4.471536e+00 dt=6.557085e-04
elapsed=2.475441e+02 cycle=6674 time=4.472192e+00 dt=6.556974e-04
elapsed=2.480934e+02 cycle=6675 time=4.472848e+00 dt=6.556862e-04
elapsed=2.486257e+02 cycle=6676 time=4.473503e+00 dt=6.556750e-04
elapsed=2.491562e+02 cycle=6677 time=4.474159e+00 dt=6.556639e-04
elapsed=2.496823e+02 cycle=6678 time=4.474815e+00 dt=6.556527e-04
elapsed=2.502209e+02 cycle=6679 time=4.475470e+00 dt=6.556415e-04
elapsed=2.507885e+02 cycle=6680 time=4.476126e+00 dt=6.556303e-04
elapsed=2.513425e+02 cycle=6681 time=4.476782e+00 dt=6.556191e-04
elapsed=2.527016e+02 cycle=6682 time=4.477437e+00 dt=6.556079e-04
elapsed=2.532323e+02 cycle=6683 time=4.478093e+00 dt=6.555967e-04
elapsed=2.537627e+02 cycle=6684 time=4.478749e+00 dt=6.555855e-04
elapsed=2.542851e+02 cycle=6685 time=4.479404e+00 dt=6.555742e-04
elapsed=2.548151e+02 cycle=6686 time=4.480060e+00 dt=6.555630e-04
elapsed=2.553864e+02 cycle=6687 time=4.480715e+00 dt=6.555517e-04
elapsed=2.559480e+02 cycle=6688 time=4.481371e+00 dt=6.555405e-04
elapsed=2.565160e+02 cycle=6689 time=4.482026e+00 dt=6.555292e-04
elapsed=2.570588e+02 cycle=6690 time=4.482682e+00 dt=6.555180e-04
elapsed=2.575841e+02 cycle=6691 time=4.483337e+00 dt=6.555067e-04
elapsed=2.581080e+02 cycle=6692 time=4.483993e+00 dt=6.554954e-04
elapsed=2.586296e+02 cycle=6693 time=4.484648e+00 dt=6.554841e-04
elapsed=2.591736e+02 cycle=6694 time=4.485304e+00 dt=6.554728e-04
elapsed=2.597151e+02 cycle=6695 time=4.485959e+00 dt=6.554615e-04
elapsed=2.602622e+02 cycle=6696 time=4.486615e+00 dt=6.554502e-04
elapsed=2.608125e+02 cycle=6697 time=4.487270e+00 dt=6.554389e-04
elapsed=2.613349e+02 cycle=6698 time=4.487926e+00 dt=6.554275e-04
elapsed=2.618570e+02 cycle=6699 time=4.488581e+00 dt=6.554162e-04
elapsed=2.623777e+02 cycle=6700 time=4.489237e+00 dt=6.554048e-04
elapsed=2.629110e+02 cycle=6701 time=4.489892e+00 dt=6.553935e-04
elapsed=2.634756e+02 cycle=6702 time=4.490547e+00 dt=6.553821e-04
elapsed=2.641195e+02 cycle=6703 time=4.491203e+00 dt=6.553708e-04
elapsed=2.646755e+02 cycle=6704 time=4.491858e+00 dt=6.553594e-04
elapsed=2.652214e+02 cycle=6705 time=4.492513e+00 dt=6.553480e-04
elapsed=2.657472e+02 cycle=6706 time=4.493169e+00 dt=6.553366e-04
elapsed=2.662667e+02 cycle=6707 time=4.493824e+00 dt=6.553252e-04
elapsed=2.667922e+02 cycle=6708 time=4.494479e+00 dt=6.553138e-04
elapsed=2.673660e+02 cycle=6709 time=4.495135e+00 dt=6.553024e-04
elapsed=2.679383e+02 cycle=6710 time=4.495790e+00 dt=6.552910e-04
elapsed=2.685161e+02 cycle=6711 time=4.496445e+00 dt=6.552795e-04
elapsed=2.690705e+02 cycle=6712 time=4.497101e+00 dt=6.552681e-04
elapsed=2.695991e+02 cycle=6713 time=4.497756e+00 dt=6.552567e-04
elapsed=2.701206e+02 cycle=6714 time=4.498411e+00 dt=6.552452e-04
elapsed=2.706433e+02 cycle=6715 time=4.499066e+00 dt=6.552338e-04
elapsed=2.711838e+02 cycle=6716 time=4.499722e+00 dt=6.552223e-04
elapsed=2.719952e+02 cycle=6717 time=4.500377e+00 dt=6.552108e-04
elapsed=2.732343e+02 cycle=6718 time=4.501032e+00 dt=6.551993e-04
elapsed=2.739695e+02 cycle=6719 time=4.501687e+00 dt=6.551878e-04
elapsed=2.745982e+02 cycle=6720 time=4.502342e+00 dt=6.551763e-04
elapsed=2.751291e+02 cycle=6721 time=4.502998e+00 dt=6.551648e-04
elapsed=2.758528e+02 cycle=6722 time=4.503653e+00 dt=6.551533e-04
elapsed=2.766759e+02 cycle=6723 time=4.504308e+00 dt=6.551418e-04
elapsed=2.776898e+02 cycle=6724 time=4.504963e+00 dt=6.551303e-04
elapsed=2.785542e+02 cycle=6725 time=4.505618e+00 dt=6.551187e-04
elapsed=2.795785e+02 cycle=6726 time=4.506273e+00 dt=6.551072e-04
elapsed=2.801192e+02 cycle=6727 time=4.506928e+00 dt=6.550957e-04
elapsed=2.810356e+02 cycle=6728 time=4.507584e+00 dt=6.550841e-04
elapsed=2.816658e+02 cycle=6729 time=4.508239e+00 dt=6.550725e-04
elapsed=2.821833e+02 cycle=6730 time=4.508894e+00 dt=6.550610e-04
elapsed=2.827177e+02 cycle=6731 time=4.509549e+00 dt=6.550494e-04
elapsed=2.832519e+02 cycle=6732 time=4.510204e+00 dt=6.550378e-04
elapsed=2.837884e+02 cycle=6733 time=4.510859e+00 dt=6.550262e-04
elapsed=2.843313e+02 cycle=6734 time=4.511514e+00 dt=6.550146e-04
elapsed=2.848558e+02 cycle=6735 time=4.512169e+00 dt=6.550030e-04
elapsed=2.853777e+02 cycle=6736 time=4.512824e+00 dt=6.549914e-04
elapsed=2.858984e+02 cycle=6737 time=4.513479e+00 dt=6.549797e-04
elapsed=2.864254e+02 cycle=6738 time=4.514134e+00 dt=6.549681e-04
elapsed=2.869696e+02 cycle=6739 time=4.514789e+00 dt=6.549564e-04
elapsed=2.876271e+02 cycle=6740 time=4.515444e+00 dt=6.549448e-04
elapsed=2.881833e+02 cycle=6741 time=4.516099e+00 dt=6.549331e-04
elapsed=2.887195e+02 cycle=6742 time=4.516754e+00 dt=6.549215e-04
elapsed=2.892540e+02 cycle=6743 time=4.517409e+00 dt=6.549098e-04
elapsed=2.897839e+02 cycle=6744 time=4.518064e+00 dt=6.548981e-04
elapsed=2.904040e+02 cycle=6745 time=4.518718e+00 dt=6.548864e-04
elapsed=2.909563e+02 cycle=6746 time=4.519373e+00 dt=6.548747e-04
elapsed=2.915145e+02 cycle=6747 time=4.520028e+00 dt=6.548630e-04
elapsed=2.921799e+02 cycle=6748 time=4.520683e+00 dt=6.548513e-04
elapsed=2.928255e+02 cycle=6749 time=4.521338e+00 dt=6.548396e-04
elapsed=2.933540e+02 cycle=6750 time=4.521993e+00 dt=6.548279e-04
elapsed=2.939801e+02 cycle=6751 time=4.522648e+00 dt=6.548161e-04
elapsed=2.945083e+02 cycle=6752 time=4.523302e+00 dt=6.548044e-04
elapsed=2.950522e+02 cycle=6753 time=4.523957e+00 dt=6.547926e-04
elapsed=2.956116e+02 cycle=6754 time=4.524612e+00 dt=6.547809e-04
elapsed=2.961794e+02 cycle=6755 time=4.525267e+00 dt=6.547691e-04
elapsed=2.967212e+02 cycle=6756 time=4.525922e+00 dt=6.547573e-04
elapsed=2.972585e+02 cycle=6757 time=4.526576e+00 dt=6.547456e-04
elapsed=2.977820e+02 cycle=6758 time=4.527231e+00 dt=6.547338e-04
elapsed=2.983081e+02 cycle=6759 time=4.527886e+00 dt=6.547220e-04
elapsed=2.988307e+02 cycle=6760 time=4.528540e+00 dt=6.547102e-04
elapsed=2.993839e+02 cycle=6761 time=4.529195e+00 dt=6.546984e-04
elapsed=2.999522e+02 cycle=6762 time=4.529850e+00 dt=6.546865e-04
elapsed=3.005020e+02 cycle=6763 time=4.530505e+00 dt=6.546747e-04
elapsed=3.010472e+02 cycle=6764 time=4.531159e+00 dt=6.546629e-04
elapsed=3.015774e+02 cycle=6765 time=4.531814e+00 dt=6.546510e-04
elapsed=3.021064e+02 cycle=6766 time=4.532469e+00 dt=6.546392e-04
elapsed=3.026357e+02 cycle=6767 time=4.533123e+00 dt=6.546273e-04
elapsed=3.031787e+02 cycle=6768 time=4.533778e+00 dt=6.546155e-04
elapsed=3.037427e+02 cycle=6769 time=4.534432e+00 dt=6.546036e-04
elapsed=3.043225e+02 cycle=6770 time=4.535087e+00 dt=6.545917e-04
elapsed=3.048794e+02 cycle=6771 time=4.535742e+00 dt=6.545798e-04
elapsed=3.054199e+02 cycle=6772 time=4.536396e+00 dt=6.545679e-04
elapsed=3.059516e+02 cycle=6773 time=4.537051e+00 dt=6.545560e-04
elapsed=3.064786e+02 cycle=6774 time=4.537705e+00 dt=6.545441e-04
elapsed=3.070136e+02 cycle=6775 time=4.538360e+00 dt=6.545322e-04
elapsed=3.075615e+02 cycle=6776 time=4.539014e+00 dt=6.545203e-04
elapsed=3.081079e+02 cycle=6777 time=4.539669e+00 dt=6.545083e-04
elapsed=3.086622e+02 cycle=6778 time=4.540323e+00 dt=6.544964e-04
elapsed=3.103992e+02 cycle=6779 time=4.540978e+00 dt=6.544844e-04
elapsed=3.109182e+02 cycle=6780 time=4.541632e+00 dt=6.544725e-04
elapsed=3.114378e+02 cycle=6781 time=4.542287e+00 dt=6.544605e-04
elapsed=3.119566e+02 cycle=6782 time=4.542941e+00 dt=6.544485e-04
elapsed=3.124930e+02 cycle=6783 time=4.543596e+00 dt=6.544365e-04
elapsed=3.130318e+02 cycle=6784 time=4.544250e+00 dt=6.544245e-04
elapsed=3.135715e+02 cycle=6785 time=4.544905e+00 dt=6.544125e-04
elapsed=3.141135e+02 cycle=6786 time=4.545559e+00 dt=6.544005e-04
elapsed=3.146350e+02 cycle=6787 time=4.546213e+00 dt=6.543885e-04
elapsed=3.151603e+02 cycle=6788 time=4.546868e+00 dt=6.543765e-04
elapsed=3.156811e+02 cycle=6789 time=4.547522e+00 dt=6.543645e-04
elapsed=3.162116e+02 cycle=6790 time=4.548177e+00 dt=6.543524e-04
elapsed=3.167529e+02 cycle=6791 time=4.548831e+00 dt=6.543404e-04
elapsed=3.172961e+02 cycle=6792 time=4.549485e+00 dt=6.543283e-04
elapsed=3.178370e+02 cycle=6793 time=4.550140e+00 dt=6.543163e-04
elapsed=3.183764e+02 cycle=6794 time=4.550794e+00 dt=6.543042e-04
elapsed=3.189048e+02 cycle=6795 time=4.551448e+00 dt=6.542921e-04
elapsed=3.194295e+02 cycle=6796 time=4.552103e+00 dt=6.542800e-04
elapsed=3.199534e+02 cycle=6797 time=4.552757e+00 dt=6.542680e-04
elapsed=3.205063e+02 cycle=6798 time=4.553411e+00 dt=6.542559e-04
elapsed=3.210668e+02 cycle=6799 time=4.554065e+00 dt=6.542437e-04
elapsed=3.216212e+02 cycle=6800 time=4.554720e+00 dt=6.542316e-04
elapsed=3.221634e+02 cycle=6801 time=4.555374e+00 dt=6.542195e-04
elapsed=3.226878e+02 cycle=6802 time=4.556028e+00 dt=6.542074e-04
elapsed=3.232132e+02 cycle=6803 time=4.556682e+00 dt=6.541952e-04
elapsed=3.237344e+02 cycle=6804 time=4.557336e+00 dt=6.541831e-04
elapsed=3.242726e+02 cycle=6805 time=4.557991e+00 dt=6.541709e-04
elapsed=3.248299e+02 cycle=6806 time=4.558645e+00 dt=6.541588e-04
elapsed=3.254703e+02 cycle=6807 time=4.559299e+00 dt=6.541466e-04
elapsed=3.263943e+02 cycle=6808 time=4.559953e+00 dt=6.541344e-04
elapsed=3.273148e+02 cycle=6809 time=4.560607e+00 dt=6.541222e-04
elapsed=3.279192e+02 cycle=6810 time=4.561261e+00 dt=6.541100e-04
elapsed=3.284461e+02 cycle=6811 time=4.561915e+00 dt=6.540978e-04
elapsed=3.291614e+02 cycle=6812 time=4.562570e+00 dt=6.540856e-04
elapsed=3.300089e+02 cycle=6813 time=4.563224e+00 dt=6.540734e-04
elapsed=3.307549e+02 cycle=6814 time=4.563878e+00 dt=6.540612e-04
elapsed=3.319791e+02 cycle=6815 time=4.564532e+00 dt=6.540489e-04
elapsed=3.331044e+02 cycle=6816 time=4.565186e+00 dt=6.540367e-04
elapsed=3.339347e+02 cycle=6817 time=4.565840e+00 dt=6.540244e-04
elapsed=3.346411e+02 cycle=6818 time=4.566494e+00 dt=6.540122e-04
elapsed=3.356261e+02 cycle=6819 time=4.567148e+00 dt=6.539999e-04
elapsed=3.366495e+02 cycle=6820 time=4.567802e+00 dt=6.539877e-04
elapsed=3.371943e+02 cycle=6821 time=4.568456e+00 dt=6.539754e-04
elapsed=3.377466e+02 cycle=6822 time=4.569110e+00 dt=6.539631e-04
elapsed=3.382970e+02 cycle=6823 time=4.569764e+00 dt=6.539508e-04
elapsed=3.388256e+02 cycle=6824 time=4.570418e+00 dt=6.539385e-04
elapsed=3.393534e+02 cycle=6825 time=4.571072e+00 dt=6.539262e-04
elapsed=3.398786e+02 cycle=6826 time=4.571726e+00 dt=6.539138e-04
elapsed=3.404157e+02 cycle=6827 time=4.572380e+00 dt=6.539015e-04
elapsed=3.409879e+02 cycle=6828 time=4.573033e+00 dt=6.538892e-04
elapsed=3.416622e+02 cycle=6829 time=4.573687e+00 dt=6.538768e-04
elapsed=3.426210e+02 cycle=6830 time=4.574341e+00 dt=6.538645e-04
elapsed=3.431776e+02 cycle=6831 time=4.574995e+00 dt=6.538521e-04
elapsed=3.437053e+02 cycle=6832 time=4.575649e+00 dt=6.538397e-04
elapsed=3.442283e+02 cycle=6833 time=4.576303e+00 dt=6.538274e-04
elapsed=3.448453e+02 cycle=6834 time=4.576957e+00 dt=6.538150e-04
elapsed=3.454001e+02 cycle=6835 time=4.577610e+00 dt=6.538026e-04
elapsed=3.460557e+02 cycle=6836 time=4.578264e+00 dt=6.537902e-04
elapsed=3.466419e+02 cycle=6837 time=4.578918e+00 dt=6.537778e-04
elapsed=3.471956e+02 cycle=6838 time=4.579572e+00 dt=6.537654e-04
elapsed=3.482734e+02 cycle=6839 time=4.580226e+00 dt=6.537529e-04
elapsed=3.487960e+02 cycle=6840 time=4.580879e+00 dt=6.537405e-04
elapsed=3.493227e+02 cycle=6841 time=4.581533e+00 dt=6.537281e-04
elapsed=3.498627e+02 cycle=6842 time=4.582187e+00 dt=6.537156e-04
elapsed=3.504478e+02 cycle=6843 time=4.582841e+00 dt=6.537032e-04
elapsed=3.510099e+02 cycle=6844 time=4.583494e+00 dt=6.536907e-04
elapsed=3.515602e+02 cycle=6845 time=4.584148e+00 dt=6.536782e-04
elapsed=3.520961e+02 cycle=6846 time=4.584802e+00 dt=6.536657e-04
elapsed=3.526292e+02 cycle=6847 time=4.585455e+00 dt=6.536533e-04
elapsed=3.531565e+02 cycle=6848 time=4.586109e+00 dt=6.536408e-04
elapsed=3.543481e+02 cycle=6849 time=4.586763e+00 dt=6.536282e-04
elapsed=3.548970e+02 cycle=6850 time=4.587416e+00 dt=6.536157e-04
elapsed=3.554485e+02 cycle=6851 time=4.588070e+00 dt=6.536032e-04
elapsed=3.560028e+02 cycle=6852 time=4.588723e+00 dt=6.535907e-04
elapsed=3.565691e+02 cycle=6853 time=4.589377e+00 dt=6.535781e-04
elapsed=3.570992e+02 cycle=6854 time=4.590031e+00 dt=6.535656e-04
elapsed=3.576330e+02 cycle=6855 time=4.590684e+00 dt=6.535530e-04
elapsed=3.581693e+02 cycle=6856 time=4.591338e+00 dt=6.535405e-04
elapsed=3.587157e+02 cycle=6857 time=4.591991e+00 dt=6.535279e-04
elapsed=3.592751e+02 cycle=6858 time=4.592645e+00 dt=6.535153e-04
elapsed=3.598887e+02 cycle=6859 time=4.593298e+00 dt=6.535028e-04
elapsed=3.604357e+02 cycle=6860 time=4.593952e+00 dt=6.534902e-04
elapsed=3.609740e+02 cycle=6861 time=4.594605e+00 dt=6.534776e-04
elapsed=3.615086e+02 cycle=6862 time=4.595259e+00 dt=6.534650e-04
elapsed=3.620402e+02 cycle=6863 time=4.595912e+00 dt=6.534523e-04
elapsed=3.625743e+02 cycle=6864 time=4.596566e+00 dt=6.534397e-04
elapsed=3.631353e+02 cycle=6865 time=4.597219e+00 dt=6.534271e-04
elapsed=3.637034e+02 cycle=6866 time=4.597873e+00 dt=6.534144e-04
elapsed=3.642569e+02 cycle=6867 time=4.598526e+00 dt=6.534018e-04
elapsed=3.648006e+02 cycle=6868 time=4.599179e+00 dt=6.533891e-04
elapsed=3.653331e+02 cycle=6869 time=4.599833e+00 dt=6.533765e-04
elapsed=3.658680e+02 cycle=6870 time=4.600486e+00 dt=6.533638e-04
elapsed=3.663935e+02 cycle=6871 time=4.601139e+00 dt=6.533511e-04
elapsed=3.669352e+02 cycle=6872 time=4.601793e+00 dt=6.533384e-04
elapsed=3.674905e+02 cycle=6873 time=4.602446e+00 dt=6.533257e-04
elapsed=3.680465e+02 cycle=6874 time=4.603099e+00 dt=6.533130e-04
elapsed=3.686041e+02 cycle=6875 time=4.603753e+00 dt=6.533003e-04
elapsed=3.691376e+02 cycle=6876 time=4.604406e+00 dt=6.532876e-04
elapsed=3.696725e+02 cycle=6877 time=4.605059e+00 dt=6.532748e-04
elapsed=3.702113e+02 cycle=6878 time=4.605713e+00 dt=6.532621e-04
elapsed=3.707497e+02 cycle=6879 time=4.606366e+00 dt=6.532493e-04
elapsed=3.713055e+02 cycle=6880 time=4.607019e+00 dt=6.532366e-04
elapsed=3.718650e+02 cycle=6881 time=4.607672e+00 dt=6.532238e-04
elapsed=3.724156e+02 cycle=6882 time=4.608326e+00 dt=6.532111e-04
elapsed=3.729638e+02 cycle=6883 time=4.608979e+00 dt=6.531983e-04
elapsed=3.734997e+02 cycle=6884 time=4.609632e+00 dt=6.531855e-04
elapsed=3.740294e+02 cycle=6885 time=4.610285e+00 dt=6.531727e-04
elapsed=3.745591e+02 cycle=6886 time=4.610938e+00 dt=6.531599e-04
elapsed=3.751063e+02 cycle=6887 time=4.611592e+00 dt=6.531471e-04
elapsed=3.756765e+02 cycle=6888 time=4.612245e+00 dt=6.531343e-04
elapsed=3.762302e+02 cycle=6889 time=4.612898e+00 dt=6.531214e-04
elapsed=3.769789e+02 cycle=6890 time=4.613551e+00 dt=6.531086e-04
elapsed=3.775124e+02 cycle=6891 time=4.614204e+00 dt=6.530957e-04
elapsed=3.789315e+02 cycle=6892 time=4.614857e+00 dt=6.530829e-04
elapsed=3.794502e+02 cycle=6893 time=4.615510e+00 dt=6.530700e-04
elapsed=3.799877e+02 cycle=6894 time=4.616163e+00 dt=6.530572e-04
elapsed=3.805475e+02 cycle=6895 time=4.616816e+00 dt=6.530443e-04
elapsed=3.810925e+02 cycle=6896 time=4.617469e+00 dt=6.530314e-04
elapsed=3.816330e+02 cycle=6897 time=4.618122e+00 dt=6.530185e-04
elapsed=3.821608e+02 cycle=6898 time=4.618775e+00 dt=6.530056e-04
elapsed=3.826841e+02 cycle=6899 time=4.619428e+00 dt=6.529927e-04
elapsed=3.832027e+02 cycle=6900 time=4.620081e+00 dt=6.529798e-04
elapsed=3.837227e+02 cycle=6901 time=4.620734e+00 dt=6.529668e-04
elapsed=3.842595e+02 cycle=6902 time=4.621387e+00 dt=6.529539e-04
elapsed=3.847917e+02 cycle=6903 time=4.622040e+00 dt=6.529410e-04
elapsed=3.853283e+02 cycle=6904 time=4.622693e+00 dt=6.529280e-04
elapsed=3.858701e+02 cycle=6905 time=4.623346e+00 dt=6.529150e-04
elapsed=3.863889e+02 cycle=6906 time=4.623999e+00 dt=6.529021e-04
elapsed=3.869089e+02 cycle=6907 time=4.624652e+00 dt=6.528891e-04
elapsed=3.874312e+02 cycle=6908 time=4.625305e+00 dt=6.528761e-04
elapsed=3.879701e+02 cycle=6909 time=4.625958e+00 dt=6.528631e-04
elapsed=3.885044e+02 cycle=6910 time=4.626611e+00 dt=6.528501e-04
elapsed=3.890459e+02 cycle=6911 time=4.627264e+00 dt=6.528371e-04
elapsed=3.895869e+02 cycle=6912 time=4.627916e+00 dt=6.528241e-04
elapsed=3.901108e+02 cycle=6913 time=4.628569e+00 dt=6.528111e-04
elapsed=3.906342e+02 cycle=6914 time=4.629222e+00 dt=6.527980e-04
elapsed=3.911569e+02 cycle=6915 time=4.629875e+00 dt=6.527850e-04
elapsed=3.916898e+02 cycle=6916 time=4.630528e+00 dt=6.527719e-04
elapsed=3.922610e+02 cycle=6917 time=4.631180e+00 dt=6.527589e-04
elapsed=3.928089e+02 cycle=6918 time=4.631833e+00 dt=6.527458e-04
elapsed=3.933546e+02 cycle=6919 time=4.632486e+00 dt=6.527327e-04
elapsed=3.938901e+02 cycle=6920 time=4.633139e+00 dt=6.527196e-04
elapsed=3.944102e+02 cycle=6921 time=4.633791e+00 dt=6.527065e-04
elapsed=3.949278e+02 cycle=6922 time=4.634444e+00 dt=6.526934e-04
elapsed=3.954470e+02 cycle=6923 time=4.635097e+00 dt=6.526803e-04
elapsed=3.959923e+02 cycle=6924 time=4.635749e+00 dt=6.526672e-04
elapsed=3.965351e+02 cycle=6925 time=4.636402e+00 dt=6.526541e-04
elapsed=3.970725e+02 cycle=6926 time=4.637055e+00 dt=6.526410e-04
elapsed=3.976140e+02 cycle=6927 time=4.637707e+00 dt=6.526278e-04
elapsed=3.981338e+02 cycle=6928 time=4.638360e+00 dt=6.526147e-04
elapsed=3.986610e+02 cycle=6929 time=4.639013e+00 dt=6.526015e-04
elapsed=3.991816e+02 cycle=6930 time=4.639665e+00 dt=6.525883e-04
elapsed=3.997086e+02 cycle=6931 time=4.640318e+00 dt=6.525752e-04
elapsed=4.002426e+02 cycle=6932 time=4.640970e+00 dt=6.525620e-04
elapsed=4.007803e+02 cycle=6933 time=4.641623e+00 dt=6.525488e-04
elapsed=4.013253e+02 cycle=6934 time=4.642275e+00 dt=6.525356e-04
elapsed=4.018676e+02 cycle=6935 time=4.642928e+00 dt=6.525224e-04
elapsed=4.023942e+02 cycle=6936 time=4.643581e+00 dt=6.525092e-04
elapsed=4.029273e+02 cycle=6937 time=4.644233e+00 dt=6.524959e-04
elapsed=4.034557e+02 cycle=6938 time=4.644886e+00 dt=6.524827e-04
elapsed=4.040126e+02 cycle=6939 time=4.645538e+00 dt=6.524694e-04
elapsed=4.045712e+02 cycle=6940 time=4.646191e+00 dt=6.524562e-04
elapsed=4.051249e+02 cycle=6941 time=4.646843e+00 dt=6.524429e-04
elapsed=4.056850e+02 cycle=6942 time=4.647495e+00 dt=6.524297e-04
elapsed=4.062070e+02 cycle=6943 time=4.648148e+00 dt=6.524164e-04
elapsed=4.067333e+02 cycle=6944 time=4.648800e+00 dt=6.524031e-04
elapsed=4.072649e+02 cycle=6945 time=4.649453e+00 dt=6.523898e-04
elapsed=4.078129e+02 cycle=6946 time=4.650105e+00 dt=6.523765e-04
elapsed=4.083529e+02 cycle=6947 time=4.650757e+00 dt=6.523632e-04
elapsed=4.088985e+02 cycle=6948 time=4.651410e+00 dt=6.523499e-04
elapsed=4.094485e+02 cycle=6949 time=4.652062e+00 dt=6.523366e-04
elapsed=4.099846e+02 cycle=6950 time=4.652714e+00 dt=6.523232e-04
elapsed=4.105164e+02 cycle=6951 time=4.653367e+00 dt=6.523099e-04
elapsed=4.110446e+02 cycle=6952 time=4.654019e+00 dt=6.522965e-04
elapsed=4.115691e+02 cycle=6953 time=4.654671e+00 dt=6.522832e-04
elapsed=4.121133e+02 cycle=6954 time=4.655324e+00 dt=6.522698e-04
elapsed=4.126537e+02 cycle=6955 time=4.655976e+00 dt=6.522564e-04
elapsed=4.131994e+02 cycle=6956 time=4.656628e+00 dt=6.522430e-04
elapsed=4.137476e+02 cycle=6957 time=4.657280e+00 dt=6.522296e-04
elapsed=4.142714e+02 cycle=6958 time=4.657933e+00 dt=6.522162e-04
elapsed=4.148097e+02 cycle=6959 time=4.658585e+00 dt=6.522028e-04
elapsed=4.153359e+02 cycle=6960 time=4.659237e+00 dt=6.521894e-04
elapsed=4.158767e+02 cycle=6961 time=4.659889e+00 dt=6.521760e-04
elapsed=4.164268e+02 cycle=6962 time=4.660541e+00 dt=6.521625e-04
elapsed=4.169720e+02 cycle=6963 time=4.661194e+00 dt=6.521491e-04
elapsed=4.175226e+02 cycle=6964 time=4.661846e+00 dt=6.521356e-04
elapsed=4.180554e+02 cycle=6965 time=4.662498e+00 dt=6.521222e-04
elapsed=4.185849e+02 cycle=6966 time=4.663150e+00 dt=6.521087e-04
elapsed=4.191091e+02 cycle=6967 time=4.663802e+00 dt=6.520952e-04
elapsed=4.196493e+02 cycle=6968 time=4.664454e+00 dt=6.520817e-04
elapsed=4.202262e+02 cycle=6969 time=4.665106e+00 dt=6.520682e-04
elapsed=4.208265e+02 cycle=6970 time=4.665758e+00 dt=6.520547e-04
elapsed=4.213879e+02 cycle=6971 time=4.666410e+00 dt=6.520412e-04
elapsed=4.219192e+02 cycle=6972 time=4.667062e+00 dt=6.520277e-04
elapsed=4.224420e+02 cycle=6973 time=4.667715e+00 dt=6.520142e-04
elapsed=4.229632e+02 cycle=6974 time=4.668367e+00 dt=6.520006e-04
elapsed=4.234905e+02 cycle=6975 time=4.669019e+00 dt=6.519871e-04
elapsed=4.240276e+02 cycle=6976 time=4.669671e+00 dt=6.519735e-04
elapsed=4.245670e+02 cycle=6977 time=4.670322e+00 dt=6.519599e-04
elapsed=4.251033e+02 cycle=6978 time=4.670974e+00 dt=6.519464e-04
elapsed=4.256433e+02 cycle=6979 time=4.671626e+00 dt=6.519328e-04
elapsed=4.261640e+02 cycle=6980 time=4.672278e+00 dt=6.519192e-04
elapsed=4.266830e+02 cycle=6981 time=4.672930e+00 dt=6.519056e-04
elapsed=4.271992e+02 cycle=6982 time=4.673582e+00 dt=6.518920e-04
elapsed=4.277250e+02 cycle=6983 time=4.674234e+00 dt=6.518784e-04
elapsed=4.282691e+02 cycle=6984 time=4.674886e+00 dt=6.518648e-04
elapsed=4.289064e+02 cycle=6985 time=4.675538e+00 dt=6.518511e-04
elapsed=4.294471e+02 cycle=6986 time=4.676190e+00 dt=6.518375e-04
elapsed=4.299775e+02 cycle=6987 time=4.676841e+00 dt=6.518238e-04
elapsed=4.304970e+02 cycle=6988 time=4.677493e+00 dt=6.518102e-04
elapsed=4.310172e+02 cycle=6989 time=4.678145e+00 dt=6.517965e-04
elapsed=4.315355e+02 cycle=6990 time=4.678797e+00 dt=6.517828e-04
elapsed=4.320760e+02 cycle=6991 time=4.679449e+00 dt=6.517691e-04
elapsed=4.326205e+02 cycle=6992 time=4.680100e+00 dt=6.517554e-04
elapsed=4.331689e+02 cycle=6993 time=4.680752e+00 dt=6.517417e-04
elapsed=4.337113e+02 cycle=6994 time=4.681404e+00 dt=6.517280e-04
elapsed=4.342344e+02 cycle=6995 time=4.682056e+00 dt=6.517143e-04
elapsed=4.348456e+02 cycle=6996 time=4.682707e+00 dt=6.517006e-04
elapsed=4.353637e+02 cycle=6997 time=4.683359e+00 dt=6.516868e-04
elapsed=4.359224e+02 cycle=6998 time=4.684011e+00 dt=6.516731e-04
elapsed=4.364802e+02 cycle=6999 time=4.684662e+00 dt=6.516593e-04
elapsed=4.370373e+02 cycle=7000 time=4.685314e+00 dt=6.516456e-04
elapsed=4.375840e+02 cycle=7001 time=4.685966e+00 dt=6.516318e-04
elapsed=4.381087e+02 cycle=7002 time=4.686617e+00 dt=6.516180e-04
elapsed=4.386275e+02 cycle=7003 time=4.687269e+00 dt=6.516042e-04
elapsed=4.391468e+02 cycle=7004 time=4.687921e+00 dt=6.515904e-04
elapsed=4.396723e+02 cycle=7005 time=4.688572e+00 dt=6.515766e-04
elapsed=4.402049e+02 cycle=7006 time=4.689224e+00 dt=6.515628e-04
elapsed=4.407424e+02 cycle=7007 time=4.689875e+00 dt=6.515490e-04
elapsed=4.412806e+02 cycle=7008 time=4.690527e+00 dt=6.515352e-04
elapsed=4.418180e+02 cycle=7009 time=4.691178e+00 dt=6.515213e-04
elapsed=4.423369e+02 cycle=7010 time=4.691830e+00 dt=6.515075e-04
elapsed=4.428542e+02 cycle=7011 time=4.692481e+00 dt=6.514936e-04
elapsed=4.433718e+02 cycle=7012 time=4.693133e+00 dt=6.514798e-04
elapsed=4.439139e+02 cycle=7013 time=4.693784e+00 dt=6.514659e-04
elapsed=4.444624e+02 cycle=7014 time=4.694436e+00 dt=6.514520e-04
elapsed=4.450209e+02 cycle=7015 time=4.695087e+00 dt=6.514381e-04
elapsed=4.455676e+02 cycle=7016 time=4.695739e+00 dt=6.514242e-04
elapsed=4.460887e+02 cycle=7017 time=4.696390e+00 dt=6.514103e-04
elapsed=4.466138e+02 cycle=7018 time=4.697042e+00 dt=6.513964e-04
elapsed=4.471371e+02 cycle=7019 time=4.697693e+00 dt=6.513824e-04
elapsed=4.476683e+02 cycle=7020 time=4.698344e+00 dt=6.513685e-04
elapsed=4.482021e+02 cycle=7021 time=4.698996e+00 dt=6.513546e-04
elapsed=4.487469e+02 cycle=7022 time=4.699647e+00 dt=6.513406e-04
elapsed=4.494700e+02 cycle=7023 time=4.700298e+00 dt=6.513266e-04
elapsed=4.501081e+02 cycle=7024 time=4.700950e+00 dt=6.513127e-04
elapsed=4.508209e+02 cycle=7025 time=4.701601e+00 dt=6.512987e-04
elapsed=4.515192e+02 cycle=7026 time=4.702252e+00 dt=6.512847e-04
elapsed=4.520366e+02 cycle=7027 time=4.702904e+00 dt=6.512707e-04
elapsed=4.532407e+02 cycle=7028 time=4.703555e+00 dt=6.512567e-04
elapsed=4.538980e+02 cycle=7029 time=4.704206e+00 dt=6.512427e-04
elapsed=4.546561e+02 cycle=7030 time=4.704857e+00 dt=6.512287e-04
elapsed=4.553024e+02 cycle=7031 time=4.705509e+00 dt=6.512146e-04
elapsed=4.562152e+02 cycle=7032 time=4.706160e+00 dt=6.512006e-04
elapsed=4.570529e+02 cycle=7033 time=4.706811e+00 dt=6.511865e-04
elapsed=4.576710e+02 cycle=7034 time=4.707462e+00 dt=6.511725e-04
elapsed=4.584810e+02 cycle=7035 time=4.708113e+00 dt=6.511584e-04
elapsed=4.594021e+02 cycle=7036 time=4.708765e+00 dt=6.511443e-04
elapsed=4.599524e+02 cycle=7037 time=4.709416e+00 dt=6.511302e-04
elapsed=4.604978e+02 cycle=7038 time=4.710067e+00 dt=6.511162e-04
elapsed=4.610274e+02 cycle=7039 time=4.710718e+00 dt=6.511021e-04
elapsed=4.616590e+02 cycle=7040 time=4.711369e+00 dt=6.510879e-04
elapsed=4.621851e+02 cycle=7041 time=4.712020e+00 dt=6.510738e-04
elapsed=4.627092e+02 cycle=7042 time=4.712671e+00 dt=6.510597e-04
elapsed=4.632548e+02 cycle=7043 time=4.713322e+00 dt=6.510456e-04
elapsed=4.637990e+02 cycle=7044 time=4.713973e+00 dt=6.510314e-04
elapsed=4.643513e+02 cycle=7045 time=4.714624e+00 dt=6.510172e-04
elapsed=4.648903e+02 cycle=7046 time=4.715275e+00 dt=6.510031e-04
elapsed=4.654167e+02 cycle=7047 time=4.715926e+00 dt=6.509889e-04
elapsed=4.659470e+02 cycle=7048 time=4.716577e+00 dt=6.509747e-04
elapsed=4.664753e+02 cycle=7049 time=4.717228e+00 dt=6.509605e-04
elapsed=4.670133e+02 cycle=7050 time=4.717879e+00 dt=6.509463e-04
elapsed=4.676453e+02 cycle=7051 time=4.718530e+00 dt=6.509321e-04
elapsed=4.681850e+02 cycle=7052 time=4.719181e+00 dt=6.509179e-04
elapsed=4.687308e+02 cycle=7053 time=4.719832e+00 dt=6.509037e-04
elapsed=4.692637e+02 cycle=7054 time=4.720483e+00 dt=6.508895e-04
elapsed=4.697864e+02 cycle=7055 time=4.721134e+00 dt=6.508752e-04
elapsed=4.703147e+02 cycle=7056 time=4.721785e+00 dt=6.508610e-04
elapsed=4.708435e+02 cycle=7057 time=4.722436e+00 dt=6.508467e-04
elapsed=4.713902e+02 cycle=7058 time=4.723087e+00 dt=6.508324e-04
elapsed=4.719311e+02 cycle=7059 time=4.723737e+00 dt=6.508181e-04
elapsed=4.724732e+02 cycle=7060 time=4.724388e+00 dt=6.508039e-04
elapsed=4.730195e+02 cycle=7061 time=4.725039e+00 dt=6.507896e-04
elapsed=4.735384e+02 cycle=7062 time=4.725690e+00 dt=6.507753e-04
elapsed=4.740573e+02 cycle=7063 time=4.726341e+00 dt=6.507609e-04
elapsed=4.745724e+02 cycle=7064 time=4.726991e+00 dt=6.507466e-04
elapsed=4.751199e+02 cycle=7065 time=4.727642e+00 dt=6.507323e-04
elapsed=4.756722e+02 cycle=7066 time=4.728293e+00 dt=6.507179e-04
elapsed=4.762431e+02 cycle=7067 time=4.728944e+00 dt=6.507036e-04
elapsed=4.768018e+02 cycle=7068 time=4.729594e+00 dt=6.506892e-04
elapsed=4.773479e+02 cycle=7069 time=4.730245e+00 dt=6.506749e-04
elapsed=4.778833e+02 cycle=7070 time=4.730896e+00 dt=6.506605e-04
elapsed=4.784150e+02 cycle=7071 time=4.731546e+00 dt=6.506461e-04
elapsed=4.789508e+02 cycle=7072 time=4.732197e+00 dt=6.506317e-04
elapsed=4.794862e+02 cycle=7073 time=4.732848e+00 dt=6.506173e-04
elapsed=4.800310e+02 cycle=7074 time=4.733498e+00 dt=6.506029e-04
elapsed=4.805913e+02 cycle=7075 time=4.734149e+00 dt=6.505885e-04
elapsed=4.811297e+02 cycle=7076 time=4.734799e+00 dt=6.505740e-04
elapsed=4.816646e+02 cycle=7077 time=4.735450e+00 dt=6.505596e-04
elapsed=4.821856e+02 cycle=7078 time=4.736100e+00 dt=6.505451e-04
elapsed=4.827042e+02 cycle=7079 time=4.736751e+00 dt=6.505307e-04
elapsed=4.832629e+02 cycle=7080 time=4.737402e+00 dt=6.505162e-04
elapsed=4.838226e+02 cycle=7081 time=4.738052e+00 dt=6.505018e-04
elapsed=4.843667e+02 cycle=7082 time=4.738703e+00 dt=6.504873e-04
elapsed=4.849098e+02 cycle=7083 time=4.739353e+00 dt=6.504728e-04
elapsed=4.854316e+02 cycle=7084 time=4.740004e+00 dt=6.504583e-04
elapsed=4.859514e+02 cycle=7085 time=4.740654e+00 dt=6.504438e-04
elapsed=4.864683e+02 cycle=7086 time=4.741304e+00 dt=6.504292e-04
elapsed=4.871834e+02 cycle=7087 time=4.741955e+00 dt=6.504147e-04
elapsed=4.877353e+02 cycle=7088 time=4.742605e+00 dt=6.504002e-04
elapsed=4.882949e+02 cycle=7089 time=4.743256e+00 dt=6.503856e-04
elapsed=4.888343e+02 cycle=7090 time=4.743906e+00 dt=6.503711e-04
elapsed=4.893699e+02 cycle=7091 time=4.744556e+00 dt=6.503565e-04
elapsed=4.899033e+02 cycle=7092 time=4.745207e+00 dt=6.503419e-04
elapsed=4.916175e+02 cycle=7093 time=4.745857e+00 dt=6.503274e-04
elapsed=4.921319e+02 cycle=7094 time=4.746507e+00 dt=6.503128e-04
elapsed=4.926851e+02 cycle=7095 time=4.747158e+00 dt=6.502982e-04
elapsed=4.933437e+02 cycle=7096 time=4.747808e+00 dt=6.502836e-04
elapsed=4.938842e+02 cycle=7097 time=4.748458e+00 dt=6.502689e-04
elapsed=4.944190e+02 cycle=7098 time=4.749109e+00 dt=6.502543e-04
elapsed=4.949513e+02 cycle=7099 time=4.749759e+00 dt=6.502397e-04
elapsed=4.957329e+02 cycle=7100 time=4.750409e+00 dt=6.502250e-04
elapsed=4.962558e+02 cycle=7101 time=4.751059e+00 dt=6.502104e-04
elapsed=4.967849e+02 cycle=7102 time=4.751710e+00 dt=6.501957e-04
elapsed=4.973206e+02 cycle=7103 time=4.752360e+00 dt=6.501810e-04
elapsed=4.978606e+02 cycle=7104 time=4.753010e+00 dt=6.501664e-04
elapsed=4.984049e+02 cycle=7105 time=4.753660e+00 dt=6.501517e-04
elapsed=4.989358e+02 cycle=7106 time=4.754310e+00 dt=6.501370e-04
elapsed=4.994639e+02 cycle=7107 time=4.754960e+00 dt=6.501223e-04
elapsed=4.999817e+02 cycle=7108 time=4.755610e+00 dt=6.501076e-04
elapsed=5.005161e+02 cycle=7109 time=4.756261e+00 dt=6.500928e-04
elapsed=5.010764e+02 cycle=7110 time=4.756911e+00 dt=6.500781e-04
elapsed=5.016170e+02 cycle=7111 time=4.757561e+00 dt=6.500633e-04
elapsed=5.021590e+02 cycle=7112 time=4.758211e+00 dt=6.500486e-04
elapsed=5.026926e+02 cycle=7113 time=4.758861e+00 dt=6.500338e-04
elapsed=5.032109e+02 cycle=7114 time=4.759511e+00 dt=6.500191e-04
elapsed=5.037347e+02 cycle=7115 time=4.760161e+00 dt=6.500043e-04
elapsed=5.042642e+02 cycle=7116 time=4.760811e+00 dt=6.499895e-04
elapsed=5.048150e+02 cycle=7117 time=4.761461e+00 dt=6.499747e-04
elapsed=5.053731e+02 cycle=7118 time=4.762111e+00 dt=6.499599e-04
elapsed=5.059304e+02 cycle=7119 time=4.762761e+00 dt=6.499451e-04
elapsed=5.064751e+02 cycle=7120 time=4.763411e+00 dt=6.499303e-04
elapsed=5.069962e+02 cycle=7121 time=4.764061e+00 dt=6.499154e-04
elapsed=5.075215e+02 cycle=7122 time=4.764711e+00 dt=6.499006e-04
elapsed=5.080473e+02 cycle=7123 time=4.765361e+00 dt=6.498857e-04
elapsed=5.085755e+02 cycle=7124 time=4.766010e+00 dt=6.498709e-04
elapsed=5.091133e+02 cycle=7125 time=4.766660e+00 dt=6.498560e-04
elapsed=5.096546e+02 cycle=7126 time=4.767310e+00 dt=6.498411e-04
elapsed=5.102223e+02 cycle=7127 time=4.767960e+00 dt=6.498262e-04
elapsed=5.107588e+02 cycle=7128 time=4.768610e+00 dt=6.498113e-04
elapsed=5.112805e+02 cycle=7129 time=4.769260e+00 dt=6.497964e-04
elapsed=5.118019e+02 cycle=7130 time=4.769909e+00 dt=6.497815e-04
elapsed=5.123207e+02 cycle=7131 time=4.770559e+00 dt=6.497666e-04
elapsed=5.128739e+02 cycle=7132 time=4.771209e+00 dt=6.497517e-04
elapsed=5.134118e+02 cycle=7133 time=4.771859e+00 dt=6.497367e-04
elapsed=5.139543e+02 cycle=7134 time=4.772508e+00 dt=6.497218e-04
elapsed=5.146782e+02 cycle=7135 time=4.773158e+00 dt=6.497068e-04
elapsed=5.151975e+02 cycle=7136 time=4.773808e+00 dt=6.496919e-04
elapsed=5.157183e+02 cycle=7137 time=4.774458e+00 dt=6.496769e-04
elapsed=5.162382e+02 cycle=7138 time=4.775107e+00 dt=6.496619e-04
elapsed=5.167662e+02 cycle=7139 time=4.775757e+00 dt=6.496469e-04
elapsed=5.173001e+02 cycle=7140 time=4.776407e+00 dt=6.496319e-04
elapsed=5.178384e+02 cycle=7141 time=4.777056e+00 dt=6.496169e-04
elapsed=5.183817e+02 cycle=7142 time=4.777706e+00 dt=6.496019e-04
elapsed=5.189118e+02 cycle=7143 time=4.778355e+00 dt=6.495868e-04
elapsed=5.194322e+02 cycle=7144 time=4.779005e+00 dt=6.495718e-04
elapsed=5.199519e+02 cycle=7145 time=4.779655e+00 dt=6.495567e-04
elapsed=5.204755e+02 cycle=7146 time=4.780304e+00 dt=6.495417e-04
elapsed=5.211186e+02 cycle=7147 time=4.780954e+00 dt=6.495266e-04
elapsed=5.216710e+02 cycle=7148 time=4.781603e+00 dt=6.495115e-04
elapsed=5.222062e+02 cycle=7149 time=4.782253e+00 dt=6.494965e-04
elapsed=5.228431e+02 cycle=7150 time=4.782902e+00 dt=6.494814e-04
elapsed=5.236526e+02 cycle=7151 time=4.783552e+00 dt=6.494663e-04
elapsed=5.242832e+02 cycle=7152 time=4.784201e+00 dt=6.494511e-04
elapsed=5.248001e+02 cycle=7153 time=4.784851e+00 dt=6.494360e-04
elapsed=5.255115e+02 cycle=7154 time=4.785500e+00 dt=6.494209e-04
elapsed=5.267116e+02 cycle=7155 time=4.786149e+00 dt=6.494058e-04
elapsed=5.274457e+02 cycle=7156 time=4.786799e+00 dt=6.493906e-04
elapsed=5.288577e+02 cycle=7157 time=4.787448e+00 dt=6.493755e-04
elapsed=5.294858e+02 cycle=7158 time=4.788098e+00 dt=6.493603e-04
elapsed=5.300227e+02 cycle=7159 time=4.788747e+00 dt=6.493451e-04
elapsed=5.307312e+02 cycle=7160 time=4.789396e+00 dt=6.493299e-04
elapsed=5.315517e+02 cycle=7161 time=4.790046e+00 dt=6.493147e-04
elapsed=5.320954e+02 cycle=7162 time=4.790695e+00 dt=6.492995e-04
elapsed=5.326629e+02 cycle=7163 time=4.791344e+00 dt=6.492843e-04
elapsed=5.332166e+02 cycle=7164 time=4.791994e+00 dt=6.492691e-04
elapsed=5.337503e+02 cycle=7165 time=4.792643e+00 dt=6.492539e-04
elapsed=5.342704e+02 cycle=7166 time=4.793292e+00 dt=6.492387e-04
elapsed=5.347866e+02 cycle=7167 time=4.793941e+00 dt=6.492234e-04
elapsed=5.353009e+02 cycle=7168 time=4.794591e+00 dt=6.492082e-04
elapsed=5.358508e+02 cycle=7169 time=4.795240e+00 dt=6.491929e-04
elapsed=5.364053e+02 cycle=7170 time=4.795889e+00 dt=6.491776e-04
elapsed=5.370600e+02 cycle=7171 time=4.796538e+00 dt=6.491623e-04
elapsed=5.376049e+02 cycle=7172 time=4.797187e+00 dt=6.491470e-04
elapsed=5.381258e+02 cycle=7173 time=4.797836e+00 dt=6.491318e-04
elapsed=5.387396e+02 cycle=7174 time=4.798486e+00 dt=6.491164e-04
elapsed=5.392731e+02 cycle=7175 time=4.799135e+00 dt=6.491011e-04
elapsed=5.398010e+02 cycle=7176 time=4.799784e+00 dt=6.490858e-04
elapsed=5.403477e+02 cycle=7177 time=4.800433e+00 dt=6.490705e-04
elapsed=5.408971e+02 cycle=7178 time=4.801082e+00 dt=6.490551e-04
elapsed=5.414505e+02 cycle=7179 time=4.801731e+00 dt=6.490398e-04
elapsed=5.419878e+02 cycle=7180 time=4.802380e+00 dt=6.490244e-04
elapsed=5.425140e+02 cycle=7181 time=4.803029e+00 dt=6.490090e-04
elapsed=5.430446e+02 cycle=7182 time=4.803678e+00 dt=6.489937e-04
elapsed=5.435637e+02 cycle=7183 time=4.804327e+00 dt=6.489783e-04
elapsed=5.441071e+02 cycle=7184 time=4.804976e+00 dt=6.489629e-04
elapsed=5.446725e+02 cycle=7185 time=4.805625e+00 dt=6.489475e-04
elapsed=5.452303e+02 cycle=7186 time=4.806274e+00 dt=6.489321e-04
elapsed=5.457716e+02 cycle=7187 time=4.806923e+00 dt=6.489166e-04
elapsed=5.462956e+02 cycle=7188 time=4.807572e+00 dt=6.489012e-04
elapsed=5.468249e+02 cycle=7189 time=4.808221e+00 dt=6.488858e-04
elapsed=5.473498e+02 cycle=7190 time=4.808870e+00 dt=6.488703e-04
elapsed=5.478972e+02 cycle=7191 time=4.809518e+00 dt=6.488549e-04
elapsed=5.484477e+02 cycle=7192 time=4.810167e+00 dt=6.488394e-04
elapsed=5.489913e+02 cycle=7193 time=4.810816e+00 dt=6.488239e-04
elapsed=5.495496e+02 cycle=7194 time=4.811465e+00 dt=6.488084e-04
elapsed=5.500797e+02 cycle=7195 time=4.812114e+00 dt=6.487929e-04
elapsed=5.506062e+02 cycle=7196 time=4.812763e+00 dt=6.487774e-04
elapsed=5.511277e+02 cycle=7197 time=4.813411e+00 dt=6.487619e-04
elapsed=5.528585e+02 cycle=7198 time=4.814060e+00 dt=6.487464e-04
elapsed=5.534129e+02 cycle=7199 time=4.814709e+00 dt=6.487309e-04
elapsed=5.539723e+02 cycle=7200 time=4.815358e+00 dt=6.487153e-04
elapsed=5.545204e+02 cycle=7201 time=4.816006e+00 dt=6.486998e-04
elapsed=5.550528e+02 cycle=7202 time=4.816655e+00 dt=6.486842e-04
elapsed=5.555732e+02 cycle=7203 time=4.817304e+00 dt=6.486687e-04
elapsed=5.560936e+02 cycle=7204 time=4.817952e+00 dt=6.486531e-04
elapsed=5.566173e+02 cycle=7205 time=4.818601e+00 dt=6.486375e-04
elapsed=5.571693e+02 cycle=7206 time=4.819250e+00 dt=6.486219e-04
elapsed=5.577144e+02 cycle=7207 time=4.819898e+00 dt=6.486063e-04
elapsed=5.582798e+02 cycle=7208 time=4.820547e+00 dt=6.485907e-04
elapsed=5.588302e+02 cycle=7209 time=4.821195e+00 dt=6.485751e-04
elapsed=5.593541e+02 cycle=7210 time=4.821844e+00 dt=6.485595e-04
elapsed=5.598771e+02 cycle=7211 time=4.822493e+00 dt=6.485438e-04
elapsed=5.603995e+02 cycle=7212 time=4.823141e+00 dt=6.485282e-04
elapsed=5.609295e+02 cycle=7213 time=4.823790e+00 dt=6.485126e-04
elapsed=5.614683e+02 cycle=7214 time=4.824438e+00 dt=6.484969e-04
elapsed=5.620274e+02 cycle=7215 time=4.825087e+00 dt=6.484812e-04
elapsed=5.625870e+02 cycle=7216 time=4.825735e+00 dt=6.484656e-04
elapsed=5.631162e+02 cycle=7217 time=4.826384e+00 dt=6.484499e-04
elapsed=5.637237e+02 cycle=7218 time=4.827032e+00 dt=6.484342e-04
elapsed=5.642593e+02 cycle=7219 time=4.827681e+00 dt=6.484185e-04
elapsed=5.650902e+02 cycle=7220 time=4.828329e+00 dt=6.484028e-04
elapsed=5.657255e+02 cycle=7221 time=4.828977e+00 dt=6.483870e-04
elapsed=5.662702e+02 cycle=7222 time=4.829626e+00 dt=6.483713e-04
elapsed=5.668080e+02 cycle=7223 time=4.830274e+00 dt=6.483556e-04
elapsed=5.675418e+02 cycle=7224 time=4.830922e+00 dt=6.483398e-04
elapsed=5.683302e+02 cycle=7225 time=4.831571e+00 dt=6.483241e-04
elapsed=5.689486e+02 cycle=7226 time=4.832219e+00 dt=6.483083e-04
elapsed=5.696543e+02 cycle=7227 time=4.832867e+00 dt=6.482925e-04
elapsed=5.706891e+02 cycle=7228 time=4.833516e+00 dt=6.482768e-04
elapsed=5.713454e+02 cycle=7229 time=4.834164e+00 dt=6.482610e-04
elapsed=5.721051e+02 cycle=7230 time=4.834812e+00 dt=6.482452e-04
elapsed=5.726552e+02 cycle=7231 time=4.835461e+00 dt=6.482294e-04
elapsed=5.733775e+02 cycle=7232 time=4.836109e+00 dt=6.482136e-04
elapsed=5.740013e+02 cycle=7233 time=4.836757e+00 dt=6.481977e-04
elapsed=5.748861e+02 cycle=7234 time=4.837405e+00 dt=6.481819e-04
elapsed=5.754981e+02 cycle=7235 time=4.838053e+00 dt=6.481661e-04
elapsed=5.761656e+02 cycle=7236 time=4.838702e+00 dt=6.481502e-04
elapsed=5.767386e+02 cycle=7237 time=4.839350e+00 dt=6.481344e-04
elapsed=5.772932e+02 cycle=7238 time=4.839998e+00 dt=6.481185e-04
elapsed=5.778246e+02 cycle=7239 time=4.840646e+00 dt=6.481026e-04
elapsed=5.783471e+02 cycle=7240 time=4.841294e+00 dt=6.480867e-04
elapsed=5.788691e+02 cycle=7241 time=4.841942e+00 dt=6.480709e-04
elapsed=5.794868e+02 cycle=7242 time=4.842590e+00 dt=6.480550e-04
elapsed=5.800268e+02 cycle=7243 time=4.843238e+00 dt=6.480391e-04
elapsed=5.805666e+02 cycle=7244 time=4.843886e+00 dt=6.480231e-04
elapsed=5.811075e+02 cycle=7245 time=4.844534e+00 dt=6.480072e-04
elapsed=5.816526e+02 cycle=7246 time=4.845182e+00 dt=6.479913e-04
elapsed=5.822736e+02 cycle=7247 time=4.845830e+00 dt=6.479754e-04
elapsed=5.828087e+02 cycle=7248 time=4.846478e+00 dt=6.479594e-04
elapsed=5.833439e+02 cycle=7249 time=4.847126e+00 dt=6.479434e-04
elapsed=5.838805e+02 cycle=7250 time=4.847774e+00 dt=6.479275e-04
elapsed=5.844348e+02 cycle=7251 time=4.848422e+00 dt=6.479115e-04
elapsed=5.849833e+02 cycle=7252 time=4.849070e+00 dt=6.478955e-04
elapsed=5.855305e+02 cycle=7253 time=4.849718e+00 dt=6.478795e-04
elapsed=5.860704e+02 cycle=7254 time=4.850366e+00 dt=6.478635e-04
elapsed=5.865977e+02 cycle=7255 time=4.851014e+00 dt=6.478475e-04
elapsed=5.871222e+02 cycle=7256 time=4.851661e+00 dt=6.478315e-04
elapsed=5.876494e+02 cycle=7257 time=4.852309e+00 dt=6.478155e-04
elapsed=5.882078e+02 cycle=7258 time=4.852957e+00 dt=6.477995e-04
elapsed=5.887509e+02 cycle=7259 time=4.853605e+00 dt=6.477834e-04
elapsed=5.892996e+02 cycle=7260 time=4.854253e+00 dt=6.477674e-04
elapsed=5.898511e+02 cycle=7261 time=4.854900e+00 dt=6.477513e-04
elapsed=5.903850e+02 cycle=7262 time=4.855548e+00 dt=6.477353e-04
elapsed=5.909126e+02 cycle=7263 time=4.856196e+00 dt=6.477192e-04
elapsed=5.914376e+02 cycle=7264 time=4.856844e+00 dt=6.477031e-04
elapsed=5.919753e+02 cycle=7265 time=4.857491e+00 dt=6.476871e-04
elapsed=5.926223e+02 cycle=7266 time=4.858139e+00 dt=6.476710e-04
elapsed=5.931868e+02 cycle=7267 time=4.858787e+00 dt=6.476549e-04
elapsed=5.937338e+02 cycle=7268 time=4.859434e+00 dt=6.476387e-04
elapsed=5.949606e+02 cycle=7269 time=4.860082e+00 dt=6.476226e-04
elapsed=5.954789e+02 cycle=7270 time=4.860730e+00 dt=6.476065e-04
elapsed=5.959967e+02 cycle=7271 time=4.861377e+00 dt=6.475904e-04
elapsed=5.965213e+02 cycle=7272 time=4.862025e+00 dt=6.475742e-04
elapsed=5.970575e+02 cycle=7273 time=4.862672e+00 dt=6.475581e-04
elapsed=5.975930e+02 cycle=7274 time=4.863320e+00 dt=6.475419e-04
elapsed=5.981370e+02 cycle=7275 time=4.863968e+00 dt=6.475258e-04
elapsed=5.986805e+02 cycle=7276 time=4.864615e+00 dt=6.475096e-04
elapsed=5.992017e+02 cycle=7277 time=4.865263e+00 dt=6.474934e-04
elapsed=5.997199e+02 cycle=7278 time=4.865910e+00 dt=6.474772e-04
elapsed=6.002370e+02 cycle=7279 time=4.866558e+00 dt=6.474610e-04
elapsed=6.007751e+02 cycle=7280 time=4.867205e+00 dt=6.474448e-04
elapsed=6.013210e+02 cycle=7281 time=4.867852e+00 dt=6.474286e-04
elapsed=6.018605e+02 cycle=7282 time=4.868500e+00 dt=6.474124e-04
elapsed=6.024103e+02 cycle=7283 time=4.869147e+00 dt=6.473962e-04
elapsed=6.029349e+02 cycle=7284 time=4.869795e+00 dt=6.473799e-04
elapsed=6.034589e+02 cycle=7285 time=4.870442e+00 dt=6.473637e-04
elapsed=6.039813e+02 cycle=7286 time=4.871089e+00 dt=6.473475e-04
elapsed=6.045146e+02 cycle=7287 time=4.871737e+00 dt=6.473312e-04
elapsed=6.050761e+02 cycle=7288 time=4.872384e+00 dt=6.473149e-04
elapsed=6.056368e+02 cycle=7289 time=4.873031e+00 dt=6.472987e-04
elapsed=6.061765e+02 cycle=7290 time=4.873679e+00 dt=6.472824e-04
elapsed=6.067089e+02 cycle=7291 time=4.874326e+00 dt=6.472661e-04
elapsed=6.072298e+02 cycle=7292 time=4.874973e+00 dt=6.472498e-04
elapsed=6.077499e+02 cycle=7293 time=4.875621e+00 dt=6.472335e-04
elapsed=6.082762e+02 cycle=7294 time=4.876268e+00 dt=6.472172e-04
elapsed=6.088113e+02 cycle=7295 time=4.876915e+00 dt=6.472009e-04
elapsed=6.093484e+02 cycle=7296 time=4.877562e+00 dt=6.471846e-04
elapsed=6.098873e+02 cycle=7297 time=4.878209e+00 dt=6.471682e-04
elapsed=6.104345e+02 cycle=7298 time=4.878857e+00 dt=6.471519e-04
elapsed=6.109629e+02 cycle=7299 time=4.879504e+00 dt=6.471356e-04
elapsed=6.114836e+02 cycle=7300 time=4.880151e+00 dt=6.471192e-04
elapsed=6.123905e+02 cycle=7301 time=4.880798e+00 dt=6.471029e-04
elapsed=6.134901e+02 cycle=7302 time=4.881445e+00 dt=6.470865e-04
elapsed=6.142271e+02 cycle=7303 time=4.882092e+00 dt=6.470701e-04
elapsed=6.147634e+02 cycle=7304 time=4.882739e+00 dt=6.470537e-04
elapsed=6.154000e+02 cycle=7305 time=4.883386e+00 dt=6.470374e-04
elapsed=6.162195e+02 cycle=7306 time=4.884033e+00 dt=6.470210e-04
elapsed=6.168561e+02 cycle=7307 time=4.884680e+00 dt=6.470046e-04
elapsed=6.176757e+02 cycle=7308 time=4.885327e+00 dt=6.469882e-04
elapsed=6.186871e+02 cycle=7309 time=4.885974e+00 dt=6.469718e-04
elapsed=6.195382e+02 cycle=7310 time=4.886621e+00 dt=6.469553e-04
elapsed=6.202818e+02 cycle=7311 time=4.887268e+00 dt=6.469389e-04
elapsed=6.209337e+02 cycle=7312 time=4.887915e+00 dt=6.469225e-04
elapsed=6.218497e+02 cycle=7313 time=4.888562e+00 dt=6.469060e-04
elapsed=6.223733e+02 cycle=7314 time=4.889209e+00 dt=6.468896e-04
elapsed=6.228975e+02 cycle=7315 time=4.889856e+00 dt=6.468731e-04
elapsed=6.234175e+02 cycle=7316 time=4.890503e+00 dt=6.468567e-04
elapsed=6.239473e+02 cycle=7317 time=4.891150e+00 dt=6.468402e-04
elapsed=6.244992e+02 cycle=7318 time=4.891796e+00 dt=6.468237e-04
elapsed=6.250388e+02 cycle=7319 time=4.892443e+00 dt=6.468073e-04
elapsed=6.255790e+02 cycle=7320 time=4.893090e+00 dt=6.467908e-04
elapsed=6.261031e+02 cycle=7321 time=4.893737e+00 dt=6.467743e-04
elapsed=6.266304e+02 cycle=7322 time=4.894384e+00 dt=6.467578e-04
elapsed=6.272469e+02 cycle=7323 time=4.895030e+00 dt=6.467413e-04
elapsed=6.277838e+02 cycle=7324 time=4.895677e+00 dt=6.467248e-04
elapsed=6.283323e+02 cycle=7325 time=4.896324e+00 dt=6.467083e-04
elapsed=6.289925e+02 cycle=7326 time=4.896971e+00 dt=6.466917e-04
elapsed=6.296456e+02 cycle=7327 time=4.897617e+00 dt=6.466752e-04
elapsed=6.301865e+02 cycle=7328 time=4.898264e+00 dt=6.466587e-04
elapsed=6.307199e+02 cycle=7329 time=4.898911e+00 dt=6.466421e-04
elapsed=6.312556e+02 cycle=7330 time=4.899557e+00 dt=6.466256e-04
elapsed=6.317839e+02 cycle=7331 time=4.900204e+00 dt=6.466090e-04
elapsed=6.323293e+02 cycle=7332 time=4.900850e+00 dt=6.465925e-04
elapsed=6.328731e+02 cycle=7333 time=4.901497e+00 dt=6.465759e-04
elapsed=6.334262e+02 cycle=7334 time=4.902144e+00 dt=6.465593e-04
elapsed=6.339950e+02 cycle=7335 time=4.902790e+00 dt=6.465428e-04
elapsed=6.345243e+02 cycle=7336 time=4.903437e+00 dt=6.465262e-04
elapsed=6.350519e+02 cycle=7337 time=4.904083e+00 dt=6.465096e-04
elapsed=6.355757e+02 cycle=7338 time=4.904730e+00 dt=6.464930e-04
elapsed=6.361181e+02 cycle=7339 time=4.905376e+00 dt=6.464764e-04
elapsed=6.366610e+02 cycle=7340 time=4.906023e+00 dt=6.464598e-04
elapsed=6.372274e+02 cycle=7341 time=4.906669e+00 dt=6.464432e-04
elapsed=6.377734e+02 cycle=7342 time=4.907316e+00 dt=6.464266e-04
elapsed=6.383112e+02 cycle=7343 time=4.907962e+00 dt=6.464099e-04
elapsed=6.388410e+02 cycle=7344 time=4.908608e+00 dt=6.463933e-04
elapsed=6.393688e+02 cycle=7345 time=4.909255e+00 dt=6.463767e-04
elapsed=6.398933e+02 cycle=7346 time=4.909901e+00 dt=6.463600e-04
elapsed=6.404445e+02 cycle=7347 time=4.910548e+00 dt=6.463434e-04
elapsed=6.410105e+02 cycle=7348 time=4.911194e+00 dt=6.463268e-04
elapsed=6.415815e+02 cycle=7349 time=4.911840e+00 dt=6.463101e-04
elapsed=6.421311e+02 cycle=7350 time=4.912487e+00 dt=6.462934e-04
elapsed=6.426615e+02 cycle=7351 time=4.913133e+00 dt=6.462768e-04
elapsed=6.431941e+02 cycle=7352 time=4.913779e+00 dt=6.462601e-04
elapsed=6.437183e+02 cycle=7353 time=4.914425e+00 dt=6.462434e-04
elapsed=6.442658e+02 cycle=7354 time=4.915072e+00 dt=6.462268e-04
elapsed=6.448090e+02 cycle=7355 time=4.915718e+00 dt=6.462101e-04
elapsed=6.453588e+02 cycle=7356 time=4.916364e+00 dt=6.461934e-04
elapsed=6.459100e+02 cycle=7357 time=4.917010e+00 dt=6.461767e-04
elapsed=6.464477e+02 cycle=7358 time=4.917656e+00 dt=6.461600e-04
elapsed=6.469786e+02 cycle=7359 time=4.918303e+00 dt=6.461433e-04
elapsed=6.475137e+02 cycle=7360 time=4.918949e+00 dt=6.461266e-04
elapsed=6.480499e+02 cycle=7361 time=4.919595e+00 dt=6.461099e-04
elapsed=6.485968e+02 cycle=7362 time=4.920241e+00 dt=6.460932e-04
elapsed=6.499526e+02 cycle=7363 time=4.920887e+00 dt=6.460765e-04
elapsed=6.505009e+02 cycle=7364 time=4.921533e+00 dt=6.460598e-04
elapsed=6.510370e+02 cycle=7365 time=4.922179e+00 dt=6.460430e-04
elapsed=6.515598e+02 cycle=7366 time=4.922825e+00 dt=6.460263e-04
elapsed=6.521751e+02 cycle=7367 time=4.923471e+00 dt=6.460096e-04
elapsed=6.526965e+02 cycle=7368 time=4.924117e+00 dt=6.459928e-04
elapsed=6.532332e+02 cycle=7369 time=4.924763e+00 dt=6.459761e-04
elapsed=6.537684e+02 cycle=7370 time=4.925409e+00 dt=6.459593e-04
elapsed=6.543031e+02 cycle=7371 time=4.926055e+00 dt=6.459426e-04
elapsed=6.548539e+02 cycle=7372 time=4.926701e+00 dt=6.459258e-04
elapsed=6.553969e+02 cycle=7373 time=4.927347e+00 dt=6.459091e-04
elapsed=6.559216e+02 cycle=7374 time=4.927993e+00 dt=6.458923e-04
elapsed=6.564441e+02 cycle=7375 time=4.928639e+00 dt=6.458756e-04
elapsed=6.569691e+02 cycle=7376 time=4.929285e+00 dt=6.458588e-04
elapsed=6.575018e+02 cycle=7377 time=4.929931e+00 dt=6.458420e-04
elapsed=6.582402e+02 cycle=7378 time=4.930577e+00 dt=6.458253e-04
elapsed=6.587977e+02 cycle=7379 time=4.931222e+00 dt=6.458085e-04
elapsed=6.593352e+02 cycle=7380 time=4.931868e+00 dt=6.457917e-04
elapsed=6.598568e+02 cycle=7381 time=4.932514e+00 dt=6.457749e-04
elapsed=6.603758e+02 cycle=7382 time=4.933160e+00 dt=6.457581e-04
elapsed=6.608958e+02 cycle=7383 time=4.933805e+00 dt=6.457414e-04
elapsed=6.614357e+02 cycle=7384 time=4.934451e+00 dt=6.457246e-04
elapsed=6.619748e+02 cycle=7385 time=4.935097e+00 dt=6.457078e-04
elapsed=6.625181e+02 cycle=7386 time=4.935743e+00 dt=6.456910e-04
elapsed=6.630595e+02 cycle=7387 time=4.936388e+00 dt=6.456742e-04
elapsed=6.637665e+02 cycle=7388 time=4.937034e+00 dt=6.456574e-04
elapsed=6.644894e+02 cycle=7389 time=4.937680e+00 dt=6.456406e-04
elapsed=6.653006e+02 cycle=7390 time=4.938325e+00 dt=6.456238e-04
elapsed=6.660244e+02 cycle=7391 time=4.938971e+00 dt=6.456070e-04
elapsed=6.668749e+02 cycle=7392 time=4.939617e+00 dt=6.455902e-04
elapsed=6.676248e+02 cycle=7393 time=4.940262e+00 dt=6.455734e-04
elapsed=6.683734e+02 cycle=7394 time=4.940908e+00 dt=6.455565e-04
elapsed=6.692040e+02 cycle=7395 time=4.941553e+00 dt=6.455397e-04
elapsed=6.699323e+02 cycle=7396 time=4.942199e+00 dt=6.455229e-04
elapsed=6.709278e+02 cycle=7397 time=4.942844e+00 dt=6.455061e-04
elapsed=6.716383e+02 cycle=7398 time=4.943490e+00 dt=6.454893e-04
elapsed=6.724888e+02 cycle=7399 time=4.944135e+00 dt=6.454725e-04
elapsed=6.734289e+02 cycle=7400 time=4.944781e+00 dt=6.454557e-04
elapsed=6.739773e+02 cycle=7401 time=4.945426e+00 dt=6.454388e-04
elapsed=6.745219e+02 cycle=7402 time=4.946072e+00 dt=6.454220e-04
elapsed=6.750455e+02 cycle=7403 time=4.946717e+00 dt=6.454052e-04
elapsed=6.755630e+02 cycle=7404 time=4.947363e+00 dt=6.453884e-04
elapsed=6.760820e+02 cycle=7405 time=4.948008e+00 dt=6.453715e-04
elapsed=6.766172e+02 cycle=7406 time=4.948653e+00 dt=6.453547e-04
elapsed=6.771530e+02 cycle=7407 time=4.949299e+00 dt=6.453379e-04
elapsed=6.776919e+02 cycle=7408 time=4.949944e+00 dt=6.453211e-04
elapsed=6.782342e+02 cycle=7409 time=4.950589e+00 dt=6.453042e-04
elapsed=6.787612e+02 cycle=7410 time=4.951235e+00 dt=6.452874e-04
elapsed=6.792839e+02 cycle=7411 time=4.951880e+00 dt=6.452706e-04
elapsed=6.798033e+02 cycle=7412 time=4.952525e+00 dt=6.452538e-04
elapsed=6.803303e+02 cycle=7413 time=4.953170e+00 dt=6.452369e-04
elapsed=6.808879e+02 cycle=7414 time=4.953816e+00 dt=6.452201e-04
elapsed=6.814594e+02 cycle=7415 time=4.954461e+00 dt=6.452033e-04
elapsed=6.820298e+02 cycle=7416 time=4.955106e+00 dt=6.451865e-04
elapsed=6.825776e+02 cycle=7417 time=4.955751e+00 dt=6.451697e-04
elapsed=6.831033e+02 cycle=7418 time=4.956396e+00 dt=6.451528e-04
elapsed=6.836359e+02 cycle=7419 time=4.957042e+00 dt=6.451360e-04
elapsed=6.841681e+02 cycle=7420 time=4.957687e+00 dt=6.451192e-04
elapsed=6.847111e+02 cycle=7421 time=4.958332e+00 dt=6.451024e-04
elapsed=6.852592e+02 cycle=7422 time=4.958977e+00 dt=6.450856e-04
elapsed=6.858259e+02 cycle=7423 time=4.959622e+00 dt=6.450688e-04
elapsed=6.863880e+02 cycle=7424 time=4.960267e+00 dt=6.450519e-04
elapsed=6.869179e+02 cycle=7425 time=4.960912e+00 dt=6.450351e-04
elapsed=6.874513e+02 cycle=7426 time=4.961557e+00 dt=6.450183e-04
elapsed=6.879751e+02 cycle=7427 time=4.962202e+00 dt=6.450015e-04
elapsed=6.885119e+02 cycle=7428 time=4.962847e+00 dt=6.449847e-04
elapsed=6.890696e+02 cycle=7429 time=4.963492e+00 dt=6.449679e-04
elapsed=6.896182e+02 cycle=7430 time=4.964137e+00 dt=6.449511e-04
elapsed=6.901666e+02 cycle=7431 time=4.964782e+00 dt=6.449343e-04
elapsed=6.907024e+02 cycle=7432 time=4.965427e+00 dt=6.449175e-04
elapsed=6.912302e+02 cycle=7433 time=4.966072e+00 dt=6.449007e-04
elapsed=6.917639e+02 cycle=7434 time=4.966717e+00 dt=6.448839e-04
elapsed=6.922937e+02 cycle=7435 time=4.967362e+00 dt=6.448672e-04
elapsed=6.928530e+02 cycle=7436 time=4.968007e+00 dt=6.448504e-04
elapsed=6.934015e+02 cycle=7437 time=4.968651e+00 dt=6.448336e-04
elapsed=6.939561e+02 cycle=7438 time=4.969296e+00 dt=6.448168e-04
elapsed=6.945013e+02 cycle=7439 time=4.969941e+00 dt=6.448001e-04
elapsed=6.950268e+02 cycle=7440 time=4.970586e+00 dt=6.447833e-04
elapsed=6.955555e+02 cycle=7441 time=4.971231e+00 dt=6.447665e-04
elapsed=6.960862e+02 cycle=7442 time=4.971875e+00 dt=6.447498e-04
elapsed=6.966213e+02 cycle=7443 time=4.972520e+00 dt=6.447330e-04
elapsed=6.971675e+02 cycle=7444 time=4.973165e+00 dt=6.447137e-04
elapsed=6.977165e+02 cycle=7445 time=4.973810e+00 dt=6.446844e-04
elapsed=6.982695e+02 cycle=7446 time=4.974454e+00 dt=6.446550e-04
elapsed=6.988084e+02 cycle=7447 time=4.975099e+00 dt=6.446254e-04
elapsed=6.993358e+02 cycle=7448 time=4.975744e+00 dt=6.445958e-04
elapsed=6.998653e+02 cycle=7449 time=4.976388e+00 dt=6.445661e-04
elapsed=7.004000e+02 cycle=7450 time=4.977033e+00 dt=6.445362e-04
elapsed=7.009426e+02 cycle=7451 time=4.977677e+00 dt=6.445063e-04
elapsed=7.014850e+02 cycle=7452 time=4.978322e+00 dt=6.444762e-04
elapsed=7.020421e+02 cycle=7453 time=4.978966e+00 dt=6.444460e-04
elapsed=7.025961e+02 cycle=7454 time=4.979611e+00 dt=6.444157e-04
elapsed=7.032410e+02 cycle=7455 time=4.980255e+00 dt=6.443852e-04
elapsed=7.037755e+02 cycle=7456 time=4.980900e+00 dt=6.443547e-04
elapsed=7.053766e+02 cycle=7457 time=4.981544e+00 dt=6.443240e-04
elapsed=7.059232e+02 cycle=7458 time=4.982188e+00 dt=6.442932e-04
elapsed=7.064802e+02 cycle=7459 time=4.982833e+00 dt=6.442623e-04
elapsed=7.070215e+02 cycle=7460 time=4.983477e+00 dt=6.442312e-04
elapsed=7.075630e+02 cycle=7461 time=4.984121e+00 dt=6.442000e-04
elapsed=7.080886e+02 cycle=7462 time=4.984765e+00 dt=6.441687e-04
elapsed=7.086059e+02 cycle=7463 time=4.985409e+00 dt=6.441373e-04
elapsed=7.091265e+02 cycle=7464 time=4.986054e+00 dt=6.441058e-04
elapsed=7.096509e+02 cycle=7465 time=4.986698e+00 dt=6.440741e-04
elapsed=7.101855e+02 cycle=7466 time=4.987342e+00 dt=6.440423e-04
elapsed=7.107429e+02 cycle=7467 time=4.987986e+00 dt=6.440104e-04
elapsed=7.113026e+02 cycle=7468 time=4.988630e+00 dt=6.439783e-04
elapsed=7.118581e+02 cycle=7469 time=4.989274e+00 dt=6.439461e-04
elapsed=7.123860e+02 cycle=7470 time=4.989918e+00 dt=6.439138e-04
elapsed=7.129125e+02 cycle=7471 time=4.990562e+00 dt=6.438813e-04
elapsed=7.134328e+02 cycle=7472 time=4.991205e+00 dt=6.438487e-04
elapsed=7.139746e+02 cycle=7473 time=4.991849e+00 dt=6.438159e-04
elapsed=7.147089e+02 cycle=7474 time=4.992493e+00 dt=6.437831e-04
elapsed=7.154538e+02 cycle=7475 time=4.993137e+00 dt=6.437500e-04
elapsed=7.161988e+02 cycle=7476 time=4.993781e+00 dt=6.437169e-04
elapsed=7.167215e+02 cycle=7477 time=4.994424e+00 dt=6.436836e-04
elapsed=7.174292e+02 cycle=7478 time=4.995068e+00 dt=6.436501e-04
elapsed=7.181433e+02 cycle=7479 time=4.995712e+00 dt=6.436165e-04
elapsed=7.189648e+02 cycle=7480 time=4.996355e+00 dt=6.435828e-04
elapsed=7.197890e+02 cycle=7481 time=4.996999e+00 dt=6.435489e-04
elapsed=7.207156e+02 cycle=7482 time=4.997642e+00 dt=6.435149e-04
elapsed=7.214618e+02 cycle=7483 time=4.998286e+00 dt=6.434807e-04
elapsed=7.222598e+02 cycle=7484 time=4.998929e+00 dt=6.434464e-04
elapsed=7.229721e+02 cycle=7485 time=4.999573e+00 dt=6.434119e-04
elapsed=7.244159e+02 cycle=7486 time=5.000216e+00 dt=6.433773e-04
elapsed=7.249345e+02 cycle=7487 time=5.000860e+00 dt=6.433425e-04
elapsed=7.254711e+02 cycle=7488 time=5.001503e+00 dt=6.433075e-04
elapsed=7.260244e+02 cycle=7489 time=5.002146e+00 dt=6.432724e-04
elapsed=7.265860e+02 cycle=7490 time=5.002790e+00 dt=6.432372e-04
elapsed=7.271379e+02 cycle=7491 time=5.003433e+00 dt=6.432018e-04
elapsed=7.276601e+02 cycle=7492 time=5.004076e+00 dt=6.431662e-04
elapsed=7.281816e+02 cycle=7493 time=5.004719e+00 dt=6.431305e-04
elapsed=7.288037e+02 cycle=7494 time=5.005362e+00 dt=6.430946e-04
elapsed=7.293375e+02 cycle=7495 time=5.006005e+00 dt=6.430585e-04
elapsed=7.298776e+02 cycle=7496 time=5.006648e+00 dt=6.430223e-04
elapsed=7.304226e+02 cycle=7497 time=5.007292e+00 dt=6.429859e-04
elapsed=7.309755e+02 cycle=7498 time=5.007935e+00 dt=6.429493e-04
elapsed=7.315085e+02 cycle=7499 time=5.008577e+00 dt=6.429125e-04
elapsed=7.320429e+02 cycle=7500 time=5.009220e+00 dt=6.428756e-04
elapsed=7.325678e+02 cycle=7501 time=5.009863e+00 dt=6.428385e-04
elapsed=7.330977e+02 cycle=7502 time=5.010506e+00 dt=6.428013e-04
elapsed=7.336524e+02 cycle=7503 time=5.011149e+00 dt=6.427638e-04
elapsed=7.341918e+02 cycle=7504 time=5.011792e+00 dt=6.427262e-04
elapsed=7.347537e+02 cycle=7505 time=5.012434e+00 dt=6.426884e-04
elapsed=7.352903e+02 cycle=7506 time=5.013077e+00 dt=6.426505e-04
elapsed=7.358098e+02 cycle=7507 time=5.013720e+00 dt=6.426123e-04
elapsed=7.363439e+02 cycle=7508 time=5.014362e+00 dt=6.425740e-04
elapsed=7.375676e+02 cycle=7509 time=5.015005e+00 dt=6.425354e-04
elapsed=7.381011e+02 cycle=7510 time=5.015647e+00 dt=6.424967e-04
elapsed=7.386376e+02 cycle=7511 time=5.016290e+00 dt=6.424578e-04
elapsed=7.391712e+02 cycle=7512 time=5.016932e+00 dt=6.424187e-04
elapsed=7.397072e+02 cycle=7513 time=5.017575e+00 dt=6.423794e-04
elapsed=7.402252e+02 cycle=7514 time=5.018217e+00 dt=6.423399e-04
elapsed=7.407451e+02 cycle=7515 time=5.018860e+00 dt=6.423002e-04
elapsed=7.412598e+02 cycle=7516 time=5.019502e+00 dt=6.422603e-04
elapsed=7.417887e+02 cycle=7517 time=5.020144e+00 dt=6.422203e-04
elapsed=7.423201e+02 cycle=7518 time=5.020786e+00 dt=6.421800e-04
elapsed=7.428599e+02 cycle=7519 time=5.021428e+00 dt=6.421395e-04
elapsed=7.434043e+02 cycle=7520 time=5.022071e+00 dt=6.420988e-04
elapsed=7.439344e+02 cycle=7521 time=5.022713e+00 dt=6.420579e-04
elapsed=7.444511e+02 cycle=7522 time=5.023355e+00 dt=6.420168e-04
elapsed=7.449735e+02 cycle=7523 time=5.023997e+00 dt=6.419755e-04
elapsed=7.454903e+02 cycle=7524 time=5.024639e+00 dt=6.419339e-04
elapsed=7.460366e+02 cycle=7525 time=5.025281e+00 dt=6.418922e-04
elapsed=7.465774e+02 cycle=7526 time=5.025923e+00 dt=6.418502e-04
elapsed=7.471331e+02 cycle=7527 time=5.026564e+00 dt=6.418080e-04
elapsed=7.481337e+02 cycle=7528 time=5.027206e+00 dt=6.417656e-04
elapsed=7.487700e+02 cycle=7529 time=5.027848e+00 dt=6.417230e-04
elapsed=7.492957e+02 cycle=7530 time=5.028490e+00 dt=6.416802e-04
elapsed=7.500084e+02 cycle=7531 time=5.029131e+00 dt=6.416371e-04
elapsed=7.508286e+02 cycle=7532 time=5.029773e+00 dt=6.415938e-04
elapsed=7.516418e+02 cycle=7533 time=5.030415e+00 dt=6.415502e-04
elapsed=7.522920e+02 cycle=7534 time=5.031056e+00 dt=6.415065e-04
elapsed=7.532320e+02 cycle=7535 time=5.031698e+00 dt=6.414625e-04
elapsed=7.541757e+02 cycle=7536 time=5.032339e+00 dt=6.414182e-04
elapsed=7.550746e+02 cycle=7537 time=5.032981e+00 dt=6.413737e-04
elapsed=7.555970e+02 cycle=7538 time=5.033622e+00 dt=6.413290e-04
elapsed=7.564031e+02 cycle=7539 time=5.034263e+00 dt=6.412841e-04
elapsed=7.572259e+02 cycle=7540 time=5.034905e+00 dt=6.412388e-04
elapsed=7.577821e+02 cycle=7541 time=5.035546e+00 dt=6.411934e-04
elapsed=7.583268e+02 cycle=7542 time=5.036187e+00 dt=6.411477e-04
elapsed=7.588715e+02 cycle=7543 time=5.036828e+00 dt=6.411017e-04
elapsed=7.593948e+02 cycle=7544 time=5.037469e+00 dt=6.410555e-04
elapsed=7.599190e+02 cycle=7545 time=5.038110e+00 dt=6.410090e-04
elapsed=7.604449e+02 cycle=7546 time=5.038751e+00 dt=6.409623e-04
elapsed=7.609823e+02 cycle=7547 time=5.039392e+00 dt=6.409153e-04
elapsed=7.615294e+02 cycle=7548 time=5.040033e+00 dt=6.408680e-04
elapsed=7.620838e+02 cycle=7549 time=5.040674e+00 dt=6.408205e-04
elapsed=7.626290e+02 cycle=7550 time=5.041315e+00 dt=6.407727e-04
elapsed=7.631621e+02 cycle=7551 time=5.041956e+00 dt=6.407246e-04
elapsed=7.636865e+02 cycle=7552 time=5.042596e+00 dt=6.406763e-04
elapsed=7.642156e+02 cycle=7553 time=5.043237e+00 dt=6.406276e-04
elapsed=7.647511e+02 cycle=7554 time=5.043878e+00 dt=6.405787e-04
elapsed=7.652971e+02 cycle=7555 time=5.044518e+00 dt=6.405295e-04
elapsed=7.658435e+02 cycle=7556 time=5.045159e+00 dt=6.404801e-04
elapsed=7.663950e+02 cycle=7557 time=5.045799e+00 dt=6.404303e-04
elapsed=7.669363e+02 cycle=7558 time=5.046440e+00 dt=6.403803e-04
elapsed=7.674651e+02 cycle=7559 time=5.047080e+00 dt=6.403299e-04
elapsed=7.680115e+02 cycle=7560 time=5.047720e+00 dt=6.402793e-04
elapsed=7.685428e+02 cycle=7561 time=5.048361e+00 dt=6.402284e-04
elapsed=7.690815e+02 cycle=7562 time=5.049001e+00 dt=6.401771e-04
elapsed=7.696216e+02 cycle=7563 time=5.049641e+00 dt=6.401256e-04
elapsed=7.701721e+02 cycle=7564 time=5.050281e+00 dt=6.400738e-04
elapsed=7.707237e+02 cycle=7565 time=5.050921e+00 dt=6.400216e-04
elapsed=7.712546e+02 cycle=7566 time=5.051561e+00 dt=6.399692e-04
elapsed=7.717807e+02 cycle=7567 time=5.052201e+00 dt=6.399164e-04
elapsed=7.723121e+02 cycle=7568 time=5.052841e+00 dt=6.398633e-04
elapsed=7.728477e+02 cycle=7569 time=5.053481e+00 dt=6.398099e-04
elapsed=7.733882e+02 cycle=7570 time=5.054121e+00 dt=6.397561e-04
elapsed=7.739330e+02 cycle=7571 time=5.054761e+00 dt=6.397021e-04
elapsed=7.744874e+02 cycle=7572 time=5.055400e+00 dt=6.396477e-04
elapsed=7.752246e+02 cycle=7573 time=5.056040e+00 dt=6.395930e-04
elapsed=7.757493e+02 cycle=7574 time=5.056680e+00 dt=6.395379e-04
elapsed=7.762726e+02 cycle=7575 time=5.057319e+00 dt=6.394825e-04
elapsed=7.767929e+02 cycle=7576 time=5.057959e+00 dt=6.394268e-04
elapsed=7.773365e+02 cycle=7577 time=5.058598e+00 dt=6.393707e-04
elapsed=7.778834e+02 cycle=7578 time=5.059237e+00 dt=6.393143e-04
elapsed=7.784280e+02 cycle=7579 time=5.059877e+00 dt=6.392575e-04
elapsed=7.789729e+02 cycle=7580 time=5.060516e+00 dt=6.392004e-04
elapsed=7.795128e+02 cycle=7581 time=5.061155e+00 dt=6.391429e-04
elapsed=7.800404e+02 cycle=7582 time=5.061794e+00 dt=6.390851e-04
elapsed=7.805703e+02 cycle=7583 time=5.062433e+00 dt=6.390269e-04
elapsed=7.811178e+02 cycle=7584 time=5.063072e+00 dt=6.389683e-04
elapsed=7.816898e+02 cycle=7585 time=5.063711e+00 dt=6.389094e-04
elapsed=7.822432e+02 cycle=7586 time=5.064350e+00 dt=6.388501e-04
elapsed=7.827965e+02 cycle=7587 time=5.064989e+00 dt=6.387905e-04
elapsed=7.833334e+02 cycle=7588 time=5.065628e+00 dt=6.387124e-04
elapsed=7.838591e+02 cycle=7589 time=5.066267e+00 dt=6.386315e-04
elapsed=7.843806e+02 cycle=7590 time=5.066905e+00 dt=6.385497e-04
elapsed=7.849106e+02 cycle=7591 time=5.067544e+00 dt=6.384672e-04
elapsed=7.854564e+02 cycle=7592 time=5.068182e+00 dt=6.383839e-04
elapsed=7.860030e+02 cycle=7593 time=5.068821e+00 dt=6.382998e-04
elapsed=7.865511e+02 cycle=7594 time=5.069459e+00 dt=6.382149e-04
elapsed=7.870894e+02 cycle=7595 time=5.070097e+00 dt=6.381291e-04
elapsed=7.876169e+02 cycle=7596 time=5.070735e+00 dt=6.380425e-04
elapsed=7.881425e+02 cycle=7597 time=5.071373e+00 dt=6.379550e-04
elapsed=7.886654e+02 cycle=7598 time=5.072011e+00 dt=6.378666e-04
elapsed=7.892085e+02 cycle=7599 time=5.072649e+00 dt=6.377774e-04
elapsed=7.897515e+02 cycle=7600 time=5.073287e+00 dt=6.376873e-04
elapsed=7.902935e+02 cycle=7601 time=5.073925e+00 dt=6.375962e-04
elapsed=7.908384e+02 cycle=7602 time=5.074562e+00 dt=6.375042e-04
elapsed=7.913679e+02 cycle=7603 time=5.075200e+00 dt=6.374112e-04
elapsed=7.918889e+02 cycle=7604 time=5.075837e+00 dt=6.373173e-04
elapsed=7.924101e+02 cycle=7605 time=5.076474e+00 dt=6.372223e-04
elapsed=7.929384e+02 cycle=7606 time=5.077112e+00 dt=6.371264e-04
elapsed=7.934854e+02 cycle=7607 time=5.077749e+00 dt=6.370294e-04
elapsed=7.941294e+02 cycle=7608 time=5.078386e+00 dt=6.369314e-04
elapsed=7.959777e+02 cycle=7609 time=5.079023e+00 dt=6.368324e-04
elapsed=7.965097e+02 cycle=7610 time=5.079660e+00 dt=6.367322e-04
elapsed=7.970246e+02 cycle=7611 time=5.080296e+00 dt=6.366310e-04
elapsed=7.975453e+02 cycle=7612 time=5.080933e+00 dt=6.365286e-04
elapsed=7.981523e+02 cycle=7613 time=5.081570e+00 dt=6.364250e-04
elapsed=7.986967e+02 cycle=7614 time=5.082206e+00 dt=6.363203e-04
elapsed=7.992278e+02 cycle=7615 time=5.082842e+00 dt=6.362145e-04
elapsed=7.997628e+02 cycle=7616 time=5.083478e+00 dt=6.361074e-04
elapsed=8.003006e+02 cycle=7617 time=5.084115e+00 dt=6.359990e-04
elapsed=8.008199e+02 cycle=7618 time=5.084751e+00 dt=6.358871e-04
elapsed=8.013385e+02 cycle=7619 time=5.085386e+00 dt=6.357712e-04
elapsed=8.018565e+02 cycle=7620 time=5.086022e+00 dt=6.356538e-04
elapsed=8.023907e+02 cycle=7621 time=5.086658e+00 dt=6.355351e-04
elapsed=8.029345e+02 cycle=7622 time=5.087293e+00 dt=6.354149e-04
elapsed=8.034752e+02 cycle=7623 time=5.087929e+00 dt=6.352932e-04
elapsed=8.040159e+02 cycle=7624 time=5.088564e+00 dt=6.351701e-04
elapsed=8.047391e+02 cycle=7625 time=5.089199e+00 dt=6.350455e-04
elapsed=8.053707e+02 cycle=7626 time=5.089834e+00 dt=6.349193e-04
elapsed=8.059853e+02 cycle=7627 time=5.090469e+00 dt=6.347916e-04
elapsed=8.065059e+02 cycle=7628 time=5.091104e+00 dt=6.346622e-04
elapsed=8.074404e+02 cycle=7629 time=5.091739e+00 dt=6.345312e-04
elapsed=8.082604e+02 cycle=7630 time=5.092373e+00 dt=6.343985e-04
elapsed=8.091050e+02 cycle=7631 time=5.093008e+00 dt=6.342641e-04
elapsed=8.103049e+02 cycle=7632 time=5.093642e+00 dt=6.341280e-04
elapsed=8.110252e+02 cycle=7633 time=5.094276e+00 dt=6.339901e-04
elapsed=8.115599e+02 cycle=7634 time=5.094910e+00 dt=6.338503e-04
elapsed=8.123700e+02 cycle=7635 time=5.095544e+00 dt=6.337086e-04
elapsed=8.129113e+02 cycle=7636 time=5.096178e+00 dt=6.335651e-04
elapsed=8.138647e+02 cycle=7637 time=5.096811e+00 dt=6.334196e-04
elapsed=8.151536e+02 cycle=7638 time=5.097445e+00 dt=6.332721e-04
elapsed=8.157158e+02 cycle=7639 time=5.098078e+00 dt=6.331225e-04
elapsed=8.163470e+02 cycle=7640 time=5.098711e+00 dt=6.329709e-04
elapsed=8.168757e+02 cycle=7641 time=5.099344e+00 dt=6.328171e-04
elapsed=8.173979e+02 cycle=7642 time=5.099977e+00 dt=6.326611e-04
elapsed=8.179240e+02 cycle=7643 time=5.100609e+00 dt=6.325029e-04
elapsed=8.184776e+02 cycle=7644 time=5.101242e+00 dt=6.323423e-04
elapsed=8.190378e+02 cycle=7645 time=5.101874e+00 dt=6.321795e-04
elapsed=8.195809e+02 cycle=7646 time=5.102506e+00 dt=6.320142e-04
elapsed=8.201196e+02 cycle=7647 time=5.103138e+00 dt=6.318464e-04
elapsed=8.206490e+02 cycle=7648 time=5.103770e+00 dt=6.316761e-04
elapsed=8.211688e+02 cycle=7649 time=5.104402e+00 dt=6.315032e-04
elapsed=8.216900e+02 cycle=7650 time=5.105034e+00 dt=6.313276e-04
elapsed=8.224307e+02 cycle=7651 time=5.105665e+00 dt=6.311493e-04
elapsed=8.232329e+02 cycle=7652 time=5.106296e+00 dt=6.309682e-04
elapsed=8.237815e+02 cycle=7653 time=5.106927e+00 dt=6.307843e-04
elapsed=8.243345e+02 cycle=7654 time=5.107558e+00 dt=6.305973e-04
elapsed=8.248696e+02 cycle=7655 time=5.108188e+00 dt=6.304074e-04
elapsed=8.253921e+02 cycle=7656 time=5.108819e+00 dt=6.302143e-04
elapsed=8.259139e+02 cycle=7657 time=5.109449e+00 dt=6.300180e-04
elapsed=8.264485e+02 cycle=7658 time=5.110079e+00 dt=6.298185e-04
elapsed=8.269897e+02 cycle=7659 time=5.110709e+00 dt=6.296155e-04
elapsed=8.275322e+02 cycle=7660 time=5.111338e+00 dt=6.294091e-04
elapsed=8.280763e+02 cycle=7661 time=5.111968e+00 dt=6.291991e-04
elapsed=8.286148e+02 cycle=7662 time=5.112597e+00 dt=6.289854e-04
elapsed=8.291367e+02 cycle=7663 time=5.113226e+00 dt=6.287679e-04
elapsed=8.296608e+02 cycle=7664 time=5.113855e+00 dt=6.285466e-04
elapsed=8.301816e+02 cycle=7665 time=5.114483e+00 dt=6.283212e-04
elapsed=8.307334e+02 cycle=7666 time=5.115112e+00 dt=6.280917e-04
elapsed=8.312805e+02 cycle=7667 time=5.115740e+00 dt=6.278579e-04
elapsed=8.318403e+02 cycle=7668 time=5.116368e+00 dt=6.276197e-04
elapsed=8.323961e+02 cycle=7669 time=5.116995e+00 dt=6.273770e-04
elapsed=8.329223e+02 cycle=7670 time=5.117623e+00 dt=6.271296e-04
elapsed=8.334491e+02 cycle=7671 time=5.118250e+00 dt=6.268774e-04
elapsed=8.339759e+02 cycle=7672 time=5.118877e+00 dt=6.266202e-04
elapsed=8.345083e+02 cycle=7673 time=5.119503e+00 dt=6.263579e-04
elapsed=8.350539e+02 cycle=7674 time=5.120130e+00 dt=6.260902e-04
elapsed=8.355978e+02 cycle=7675 time=5.120756e+00 dt=6.258170e-04
elapsed=8.361435e+02 cycle=7676 time=5.121381e+00 dt=6.255381e-04
elapsed=8.366752e+02 cycle=7677 time=5.122007e+00 dt=6.252533e-04
elapsed=8.372050e+02 cycle=7678 time=5.122632e+00 dt=6.249625e-04
elapsed=8.377274e+02 cycle=7679 time=5.123257e+00 dt=6.246653e-04
elapsed=8.382502e+02 cycle=7680 time=5.123882e+00 dt=6.243615e-04
elapsed=8.388045e+02 cycle=7681 time=5.124506e+00 dt=6.240510e-04
elapsed=8.393577e+02 cycle=7682 time=5.125130e+00 dt=6.237334e-04
elapsed=8.399024e+02 cycle=7683 time=5.125754e+00 dt=6.234085e-04
elapsed=8.417264e+02 cycle=7684 time=5.126377e+00 dt=6.230760e-04
elapsed=8.422403e+02 cycle=7685 time=5.127001e+00 dt=6.227357e-04
elapsed=8.427555e+02 cycle=7686 time=5.127623e+00 dt=6.223871e-04
elapsed=8.432809e+02 cycle=7687 time=5.128246e+00 dt=6.220300e-04
elapsed=8.438072e+02 cycle=7688 time=5.128868e+00 dt=6.216640e-04
elapsed=8.443378e+02 cycle=7689 time=5.129489e+00 dt=6.212888e-04
elapsed=8.448787e+02 cycle=7690 time=5.130111e+00 dt=6.209039e-04
elapsed=8.454201e+02 cycle=7691 time=5.130732e+00 dt=6.205089e-04
elapsed=8.459461e+02 cycle=7692 time=5.131352e+00 dt=6.201035e-04
elapsed=8.464617e+02 cycle=7693 time=5.131972e+00 dt=6.196871e-04
elapsed=8.469762e+02 cycle=7694 time=5.132592e+00 dt=6.192592e-04
elapsed=8.474895e+02 cycle=7695 time=5.133211e+00 dt=6.188194e-04
elapsed=8.480464e+02 cycle=7696 time=5.133830e+00 dt=6.183670e-04
elapsed=8.485930e+02 cycle=7697 time=5.134448e+00 dt=6.179015e-04
elapsed=8.491486e+02 cycle=7698 time=5.135066e+00 dt=6.174222e-04
elapsed=8.496933e+02 cycle=7699 time=5.135684e+00 dt=6.169285e-04
elapsed=8.503114e+02 cycle=7700 time=5.136301e+00 dt=6.164195e-04
elapsed=8.512009e+02 cycle=7701 time=5.136917e+00 dt=6.158947e-04
elapsed=8.519243e+02 cycle=7702 time=5.137533e+00 dt=6.153530e-04
elapsed=8.524726e+02 cycle=7703 time=5.138148e+00 dt=6.147937e-04
elapsed=8.530154e+02 cycle=7704 time=5.138763e+00 dt=6.142158e-04
elapsed=8.536723e+02 cycle=7705 time=5.139377e+00 dt=6.136182e-04
elapsed=8.547104e+02 cycle=7706 time=5.139991e+00 dt=6.129998e-04
elapsed=8.558122e+02 cycle=7707 time=5.140604e+00 dt=6.123596e-04
elapsed=8.565250e+02 cycle=7708 time=5.141216e+00 dt=6.116961e-04
elapsed=8.572476e+02 cycle=7709 time=5.141828e+00 dt=6.110080e-04
elapsed=8.578787e+02 cycle=7710 time=5.142439e+00 dt=6.102938e-04
elapsed=8.587319e+02 cycle=7711 time=5.143049e+00 dt=6.095519e-04
elapsed=8.594836e+02 cycle=7712 time=5.143659e+00 dt=6.087806e-04
elapsed=8.603242e+02 cycle=7713 time=5.144268e+00 dt=6.079779e-04
elapsed=8.608622e+02 cycle=7714 time=5.144875e+00 dt=6.071418e-04
elapsed=8.613919e+02 cycle=7715 time=5.145483e+00 dt=6.062700e-04
elapsed=8.619160e+02 cycle=7716 time=5.146089e+00 dt=6.053602e-04
elapsed=8.624373e+02 cycle=7717 time=5.146694e+00 dt=6.044096e-04
elapsed=8.629735e+02 cycle=7718 time=5.147299e+00 dt=6.034153e-04
elapsed=8.635102e+02 cycle=7719 time=5.147902e+00 dt=6.023742e-04
elapsed=8.640469e+02 cycle=7720 time=5.148504e+00 dt=6.012828e-04
elapsed=8.645881e+02 cycle=7721 time=5.149106e+00 dt=6.001372e-04
elapsed=8.651102e+02 cycle=7722 time=5.149706e+00 dt=5.989334e-04
elapsed=8.656340e+02 cycle=7723 time=5.150305e+00 dt=5.976667e-04
elapsed=8.661556e+02 cycle=7724 time=5.150902e+00 dt=5.963320e-04
elapsed=8.667004e+02 cycle=7725 time=5.151499e+00 dt=5.949238e-04
elapsed=8.672726e+02 cycle=7726 time=5.152094e+00 dt=5.934361e-04
elapsed=8.678147e+02 cycle=7727 time=5.152687e+00 dt=5.918621e-04
elapsed=8.683653e+02 cycle=7728 time=5.153279e+00 dt=5.901944e-04
elapsed=8.689165e+02 cycle=7729 time=5.153869e+00 dt=5.884249e-04
elapsed=8.694446e+02 cycle=7730 time=5.154458e+00 dt=5.865447e-04
elapsed=8.699729e+02 cycle=7731 time=5.155044e+00 dt=5.845438e-04
elapsed=8.705022e+02 cycle=7732 time=5.155629e+00 dt=5.824117e-04
elapsed=8.710600e+02 cycle=7733 time=5.156211e+00 dt=5.801365e-04
elapsed=8.716248e+02 cycle=7734 time=5.156791e+00 dt=5.777055e-04
elapsed=8.721816e+02 cycle=7735 time=5.157369e+00 dt=5.751049e-04
elapsed=8.727282e+02 cycle=7736 time=5.157944e+00 dt=5.723200e-04
elapsed=8.732562e+02 cycle=7737 time=5.158516e+00 dt=5.693351e-04
elapsed=8.737826e+02 cycle=7738 time=5.159086e+00 dt=5.661343e-04
elapsed=8.743081e+02 cycle=7739 time=5.159652e+00 dt=5.627012e-04
elapsed=8.748460e+02 cycle=7740 time=5.160215e+00 dt=5.590204e-04
elapsed=8.755812e+02 cycle=7741 time=5.160774e+00 dt=5.550781e-04
elapsed=8.761495e+02 cycle=7742 time=5.161329e+00 dt=5.508643e-04
elapsed=8.766932e+02 cycle=7743 time=5.161880e+00 dt=5.463750e-04
elapsed=8.772270e+02 cycle=7744 time=5.162426e+00 dt=5.415455e-04
elapsed=8.778487e+02 cycle=7745 time=5.162967e+00 dt=5.359500e-04
elapsed=8.784651e+02 cycle=7746 time=5.163503e+00 dt=5.285437e-04
elapsed=8.789898e+02 cycle=7747 time=5.164032e+00 dt=5.196966e-04
elapsed=8.795314e+02 cycle=7748 time=5.164552e+00 dt=5.096210e-04
elapsed=8.800758e+02 cycle=7749 time=5.165061e+00 dt=4.898125e-04
elapsed=8.807186e+02 cycle=7750 time=5.165551e+00 dt=4.624371e-04
elapsed=8.812591e+02 cycle=7751 time=5.166014e+00 dt=4.280458e-04
elapsed=8.817809e+02 cycle=7752 time=5.166442e+00 dt=3.876816e-04
elapsed=8.823088e+02 cycle=7753 time=5.166829e+00 dt=3.421746e-04
elapsed=8.828343e+02 cycle=7754 time=5.167171e+00 dt=2.944927e-04
elapsed=8.833758e+02 cycle=7755 time=5.167466e+00 dt=2.489140e-04
elapsed=8.839297e+02 cycle=7756 time=5.167715e+00 dt=2.085470e-04
elapsed=8.844742e+02 cycle=7757 time=5.167923e+00 dt=1.406719e-04
### FATAL ERROR: PC-GH strict diagnostic failed at t=5.167923e+00 during post-RK update on rank 0: state pcgh_rho=-1.402322e+00 at (m,k,j,i)=(50,4,9,10)
Kokkos::Cuda ERROR: Failed to call Kokkos::Cuda::finalize()
