
Root grid = 2 x 2 x 2 MeshBlocks
Total number of MeshBlocks = 456
Number of logical  levels of refinement = 9 (10 levels total)
Number of physical levels of refinement = 8 (9 levels total)
  Physical level = 1 (logical level = 2): 56 MeshBlocks, cost = 56
  Physical level = 2 (logical level = 3): 56 MeshBlocks, cost = 56
  Physical level = 3 (logical level = 4): 56 MeshBlocks, cost = 56
  Physical level = 4 (logical level = 5): 56 MeshBlocks, cost = 56
  Physical level = 5 (logical level = 6): 56 MeshBlocks, cost = 56
  Physical level = 6 (logical level = 7): 56 MeshBlocks, cost = 56
  Physical level = 7 (logical level = 8): 56 MeshBlocks, cost = 56
  Physical level = 8 (logical level = 9): 64 MeshBlocks, cost = 64
Number of parallel ranks = 1
Research qualification execution backend: Cuda
PC-GH ADM initialization: min unguarded w=4.51632e-05, division_floor=1e-14, guarded cells=0
PC-GH one-puncture zero-step geometry: blocks=456 finest spacing=(0.00390625,0.00390625,0.00390625)

Setup complete, executing task list(s)...

elapsed=1.343061e+00 cycle=0 time=0.000000e+00 dt=6.765823e-04
elapsed=2.069822e+00 cycle=1 time=6.765823e-04 dt=6.765823e-04
elapsed=3.305148e+00 cycle=2 time=1.353165e-03 dt=6.765823e-04
elapsed=3.861852e+00 cycle=3 time=2.029747e-03 dt=6.765823e-04
elapsed=4.406604e+00 cycle=4 time=2.706329e-03 dt=6.765823e-04
elapsed=4.940128e+00 cycle=5 time=3.382912e-03 dt=6.765823e-04
elapsed=5.559193e+00 cycle=6 time=4.059494e-03 dt=6.765823e-04
elapsed=6.285474e+00 cycle=7 time=4.736076e-03 dt=6.765823e-04
elapsed=6.837043e+00 cycle=8 time=5.412659e-03 dt=6.765823e-04
elapsed=7.388346e+00 cycle=9 time=6.089241e-03 dt=6.765823e-04
elapsed=7.945258e+00 cycle=10 time=6.765823e-03 dt=6.765823e-04
elapsed=8.496287e+00 cycle=11 time=7.442406e-03 dt=6.765823e-04
elapsed=9.025606e+00 cycle=12 time=8.118988e-03 dt=6.765823e-04
elapsed=9.552857e+00 cycle=13 time=8.795571e-03 dt=6.765823e-04
elapsed=1.008020e+01 cycle=14 time=9.472153e-03 dt=6.765823e-04
elapsed=1.061292e+01 cycle=15 time=1.014874e-02 dt=6.765823e-04
elapsed=1.118393e+01 cycle=16 time=1.082532e-02 dt=6.765823e-04
elapsed=1.176633e+01 cycle=17 time=1.150190e-02 dt=6.765823e-04
elapsed=1.234512e+01 cycle=18 time=1.217848e-02 dt=6.765823e-04
elapsed=1.289958e+01 cycle=19 time=1.285506e-02 dt=6.765823e-04
elapsed=1.342588e+01 cycle=20 time=1.353165e-02 dt=6.765823e-04
elapsed=1.395683e+01 cycle=21 time=1.420823e-02 dt=6.765823e-04
elapsed=1.457940e+01 cycle=22 time=1.488481e-02 dt=6.765823e-04
elapsed=1.513124e+01 cycle=23 time=1.556139e-02 dt=6.765823e-04
elapsed=1.569061e+01 cycle=24 time=1.623798e-02 dt=6.765823e-04
elapsed=1.747294e+01 cycle=25 time=1.691456e-02 dt=6.765823e-04
elapsed=1.801874e+01 cycle=26 time=1.759114e-02 dt=6.765823e-04
elapsed=1.854724e+01 cycle=27 time=1.826772e-02 dt=6.765823e-04
elapsed=1.907503e+01 cycle=28 time=1.894431e-02 dt=6.765823e-04
elapsed=1.960049e+01 cycle=29 time=1.962089e-02 dt=6.765823e-04
elapsed=2.013055e+01 cycle=30 time=2.029747e-02 dt=6.765823e-04
elapsed=2.067058e+01 cycle=31 time=2.097405e-02 dt=6.765823e-04
elapsed=2.121259e+01 cycle=32 time=2.165063e-02 dt=6.765823e-04
elapsed=2.176052e+01 cycle=33 time=2.232722e-02 dt=6.765823e-04
elapsed=2.230467e+01 cycle=34 time=2.300380e-02 dt=6.765823e-04
elapsed=2.283203e+01 cycle=35 time=2.368038e-02 dt=6.765823e-04
elapsed=2.335481e+01 cycle=36 time=2.435696e-02 dt=6.765823e-04
elapsed=2.388007e+01 cycle=37 time=2.503355e-02 dt=6.765823e-04
elapsed=2.442757e+01 cycle=38 time=2.571013e-02 dt=6.765823e-04
elapsed=2.498472e+01 cycle=39 time=2.638671e-02 dt=6.765823e-04
elapsed=2.553855e+01 cycle=40 time=2.706329e-02 dt=6.765823e-04
elapsed=2.608845e+01 cycle=41 time=2.773988e-02 dt=6.765823e-04
elapsed=2.662601e+01 cycle=42 time=2.841646e-02 dt=6.765823e-04
elapsed=2.715300e+01 cycle=43 time=2.909304e-02 dt=6.765823e-04
elapsed=2.767771e+01 cycle=44 time=2.976962e-02 dt=6.765823e-04
elapsed=2.821639e+01 cycle=45 time=3.044620e-02 dt=6.765823e-04
elapsed=2.886757e+01 cycle=46 time=3.112279e-02 dt=6.765823e-04
elapsed=2.941877e+01 cycle=47 time=3.179937e-02 dt=6.765823e-04
elapsed=2.996553e+01 cycle=48 time=3.247595e-02 dt=6.765823e-04
elapsed=3.050496e+01 cycle=49 time=3.315253e-02 dt=6.765823e-04
elapsed=3.102818e+01 cycle=50 time=3.382912e-02 dt=6.765823e-04
elapsed=3.155214e+01 cycle=51 time=3.450570e-02 dt=6.765823e-04
elapsed=3.207894e+01 cycle=52 time=3.518228e-02 dt=6.765823e-04
elapsed=3.262239e+01 cycle=53 time=3.585886e-02 dt=6.765822e-04
elapsed=3.316327e+01 cycle=54 time=3.653545e-02 dt=6.765822e-04
elapsed=3.370525e+01 cycle=55 time=3.721203e-02 dt=6.765822e-04
elapsed=3.434566e+01 cycle=56 time=3.788861e-02 dt=6.765822e-04
elapsed=3.546005e+01 cycle=57 time=3.856519e-02 dt=6.765822e-04
elapsed=3.618221e+01 cycle=58 time=3.924177e-02 dt=6.765822e-04
elapsed=3.680344e+01 cycle=59 time=3.991836e-02 dt=6.765822e-04
elapsed=3.761385e+01 cycle=60 time=4.059494e-02 dt=6.765822e-04
elapsed=3.854497e+01 cycle=61 time=4.127152e-02 dt=6.765822e-04
elapsed=3.922451e+01 cycle=62 time=4.194810e-02 dt=6.765822e-04
elapsed=4.034392e+01 cycle=63 time=4.262469e-02 dt=6.765822e-04
elapsed=4.099270e+01 cycle=64 time=4.330127e-02 dt=6.765822e-04
elapsed=4.187720e+01 cycle=65 time=4.397785e-02 dt=6.765822e-04
elapsed=4.260250e+01 cycle=66 time=4.465443e-02 dt=6.765821e-04
elapsed=4.313262e+01 cycle=67 time=4.533101e-02 dt=6.765821e-04
elapsed=4.414060e+01 cycle=68 time=4.600760e-02 dt=6.765821e-04
elapsed=4.514054e+01 cycle=69 time=4.668418e-02 dt=6.765821e-04
elapsed=4.569190e+01 cycle=70 time=4.736076e-02 dt=6.765821e-04
elapsed=4.624149e+01 cycle=71 time=4.803734e-02 dt=6.765821e-04
elapsed=4.678111e+01 cycle=72 time=4.871392e-02 dt=6.765821e-04
elapsed=4.730484e+01 cycle=73 time=4.939051e-02 dt=6.765821e-04
elapsed=4.783138e+01 cycle=74 time=5.006709e-02 dt=6.765821e-04
elapsed=4.836162e+01 cycle=75 time=5.074367e-02 dt=6.765820e-04
elapsed=4.889977e+01 cycle=76 time=5.142025e-02 dt=6.765820e-04
elapsed=4.944343e+01 cycle=77 time=5.209683e-02 dt=6.765820e-04
elapsed=4.998923e+01 cycle=78 time=5.277342e-02 dt=6.765820e-04
elapsed=5.053021e+01 cycle=79 time=5.345000e-02 dt=6.765820e-04
elapsed=5.113891e+01 cycle=80 time=5.412658e-02 dt=6.765820e-04
elapsed=5.166474e+01 cycle=81 time=5.480316e-02 dt=6.765820e-04
elapsed=5.219061e+01 cycle=82 time=5.547974e-02 dt=6.765819e-04
elapsed=5.272610e+01 cycle=83 time=5.615633e-02 dt=6.765819e-04
elapsed=5.327646e+01 cycle=84 time=5.683291e-02 dt=6.765819e-04
elapsed=5.382512e+01 cycle=85 time=5.750949e-02 dt=6.765819e-04
elapsed=5.438183e+01 cycle=86 time=5.818607e-02 dt=6.765819e-04
elapsed=5.491849e+01 cycle=87 time=5.886265e-02 dt=6.765819e-04
elapsed=5.545289e+01 cycle=88 time=5.953924e-02 dt=6.765818e-04
elapsed=5.633472e+01 cycle=89 time=6.021582e-02 dt=6.765818e-04
elapsed=6.143752e+01 cycle=90 time=6.089240e-02 dt=6.765818e-04
elapsed=6.853986e+01 cycle=91 time=6.156898e-02 dt=6.765818e-04
elapsed=7.293654e+01 cycle=92 time=6.224556e-02 dt=6.765818e-04
elapsed=7.724098e+01 cycle=93 time=6.292215e-02 dt=6.765817e-04
elapsed=8.332411e+01 cycle=94 time=6.359873e-02 dt=6.765817e-04
elapsed=8.903472e+01 cycle=95 time=6.427531e-02 dt=6.765817e-04
elapsed=9.482551e+01 cycle=96 time=6.495189e-02 dt=6.765817e-04
elapsed=1.002272e+02 cycle=97 time=6.562847e-02 dt=6.765816e-04
elapsed=1.088277e+02 cycle=98 time=6.630505e-02 dt=6.765816e-04
elapsed=1.139401e+02 cycle=99 time=6.698164e-02 dt=6.765816e-04
elapsed=1.192237e+02 cycle=100 time=6.765822e-02 dt=6.765816e-04
elapsed=1.242386e+02 cycle=101 time=6.833480e-02 dt=6.765815e-04
elapsed=1.287377e+02 cycle=102 time=6.901138e-02 dt=6.765815e-04
elapsed=1.334288e+02 cycle=103 time=6.968796e-02 dt=6.765815e-04
elapsed=1.384241e+02 cycle=104 time=7.036454e-02 dt=6.765815e-04
elapsed=1.431381e+02 cycle=105 time=7.104112e-02 dt=6.765814e-04
elapsed=1.504265e+02 cycle=106 time=7.171771e-02 dt=6.765814e-04
elapsed=1.554418e+02 cycle=107 time=7.239429e-02 dt=6.765814e-04
elapsed=1.601410e+02 cycle=108 time=7.307087e-02 dt=6.765813e-04
elapsed=1.657428e+02 cycle=109 time=7.374745e-02 dt=6.765813e-04
elapsed=1.706371e+02 cycle=110 time=7.442403e-02 dt=6.765813e-04
elapsed=1.754389e+02 cycle=111 time=7.510061e-02 dt=6.765812e-04
elapsed=1.798274e+02 cycle=112 time=7.577719e-02 dt=6.765812e-04
elapsed=1.848706e+02 cycle=113 time=7.645377e-02 dt=6.765812e-04
elapsed=1.854720e+02 cycle=114 time=7.713036e-02 dt=6.765811e-04
elapsed=1.860300e+02 cycle=115 time=7.780694e-02 dt=6.765811e-04
elapsed=1.865796e+02 cycle=116 time=7.848352e-02 dt=6.765811e-04
elapsed=1.871106e+02 cycle=117 time=7.916010e-02 dt=6.765810e-04
elapsed=1.876376e+02 cycle=118 time=7.983668e-02 dt=6.765810e-04
elapsed=1.881607e+02 cycle=119 time=8.051326e-02 dt=6.765810e-04
elapsed=1.886938e+02 cycle=120 time=8.118984e-02 dt=6.765809e-04
elapsed=1.892392e+02 cycle=121 time=8.186642e-02 dt=6.765809e-04
elapsed=1.897866e+02 cycle=122 time=8.254300e-02 dt=6.765808e-04
elapsed=1.903375e+02 cycle=123 time=8.321959e-02 dt=6.765808e-04
elapsed=1.908800e+02 cycle=124 time=8.389617e-02 dt=6.765808e-04
elapsed=1.914095e+02 cycle=125 time=8.457275e-02 dt=6.765807e-04
elapsed=1.919339e+02 cycle=126 time=8.524933e-02 dt=6.765807e-04
elapsed=1.924559e+02 cycle=127 time=8.592591e-02 dt=6.765806e-04
elapsed=1.930031e+02 cycle=128 time=8.660249e-02 dt=6.765806e-04
elapsed=1.935612e+02 cycle=129 time=8.727907e-02 dt=6.765805e-04
elapsed=1.941216e+02 cycle=130 time=8.795565e-02 dt=6.765805e-04
elapsed=1.946695e+02 cycle=131 time=8.863223e-02 dt=6.765804e-04
elapsed=1.951969e+02 cycle=132 time=8.930881e-02 dt=6.765804e-04
elapsed=1.957240e+02 cycle=133 time=8.998539e-02 dt=6.765803e-04
elapsed=1.962514e+02 cycle=134 time=9.066197e-02 dt=6.765803e-04
elapsed=1.967815e+02 cycle=135 time=9.133855e-02 dt=6.765802e-04
elapsed=1.973293e+02 cycle=136 time=9.201513e-02 dt=6.765802e-04
elapsed=1.978760e+02 cycle=137 time=9.269171e-02 dt=6.765801e-04
elapsed=1.984191e+02 cycle=138 time=9.336829e-02 dt=6.765800e-04
elapsed=1.989558e+02 cycle=139 time=9.404487e-02 dt=6.765800e-04
elapsed=1.994787e+02 cycle=140 time=9.472145e-02 dt=6.765799e-04
elapsed=2.000000e+02 cycle=141 time=9.539803e-02 dt=6.765799e-04
elapsed=2.005184e+02 cycle=142 time=9.607461e-02 dt=6.765798e-04
elapsed=2.010532e+02 cycle=143 time=9.675119e-02 dt=6.765797e-04
elapsed=2.015938e+02 cycle=144 time=9.742777e-02 dt=6.765797e-04
elapsed=2.021446e+02 cycle=145 time=9.810435e-02 dt=6.765796e-04
elapsed=2.026925e+02 cycle=146 time=9.878093e-02 dt=6.765796e-04
elapsed=2.032181e+02 cycle=147 time=9.945751e-02 dt=6.765795e-04
elapsed=2.037412e+02 cycle=148 time=1.001341e-01 dt=6.765794e-04
elapsed=2.042649e+02 cycle=149 time=1.008107e-01 dt=6.765793e-04
elapsed=2.047985e+02 cycle=150 time=1.014872e-01 dt=6.765793e-04
elapsed=2.053352e+02 cycle=151 time=1.021638e-01 dt=6.765792e-04
elapsed=2.058804e+02 cycle=152 time=1.028404e-01 dt=6.765791e-04
elapsed=2.064317e+02 cycle=153 time=1.035170e-01 dt=6.765791e-04
elapsed=2.069806e+02 cycle=154 time=1.041936e-01 dt=6.765790e-04
elapsed=2.075073e+02 cycle=155 time=1.048701e-01 dt=6.765789e-04
elapsed=2.080381e+02 cycle=156 time=1.055467e-01 dt=6.765788e-04
elapsed=2.085592e+02 cycle=157 time=1.062233e-01 dt=6.765787e-04
elapsed=2.092949e+02 cycle=158 time=1.068999e-01 dt=6.765787e-04
elapsed=2.098368e+02 cycle=159 time=1.075765e-01 dt=6.765786e-04
elapsed=2.103787e+02 cycle=160 time=1.082530e-01 dt=6.765785e-04
elapsed=2.109236e+02 cycle=161 time=1.089296e-01 dt=6.765784e-04
elapsed=2.114455e+02 cycle=162 time=1.096062e-01 dt=6.765783e-04
elapsed=2.119660e+02 cycle=163 time=1.102828e-01 dt=6.765782e-04
elapsed=2.124864e+02 cycle=164 time=1.109594e-01 dt=6.765782e-04
elapsed=2.130165e+02 cycle=165 time=1.116359e-01 dt=6.765781e-04
elapsed=2.135674e+02 cycle=166 time=1.123125e-01 dt=6.765780e-04
elapsed=2.141236e+02 cycle=167 time=1.129891e-01 dt=6.765779e-04
elapsed=2.146694e+02 cycle=168 time=1.136657e-01 dt=6.765778e-04
elapsed=2.152009e+02 cycle=169 time=1.143422e-01 dt=6.765777e-04
elapsed=2.157285e+02 cycle=170 time=1.150188e-01 dt=6.765776e-04
elapsed=2.162529e+02 cycle=171 time=1.156954e-01 dt=6.765775e-04
elapsed=2.167785e+02 cycle=172 time=1.163720e-01 dt=6.765774e-04
elapsed=2.173167e+02 cycle=173 time=1.170486e-01 dt=6.765773e-04
elapsed=2.179512e+02 cycle=174 time=1.177251e-01 dt=6.765772e-04
elapsed=2.184931e+02 cycle=175 time=1.184017e-01 dt=6.765771e-04
elapsed=2.190397e+02 cycle=176 time=1.190783e-01 dt=6.765770e-04
elapsed=2.195619e+02 cycle=177 time=1.197549e-01 dt=6.765769e-04
elapsed=2.200812e+02 cycle=178 time=1.204314e-01 dt=6.765768e-04
elapsed=2.206169e+02 cycle=179 time=1.211080e-01 dt=6.765766e-04
elapsed=2.211466e+02 cycle=180 time=1.217846e-01 dt=6.765765e-04
elapsed=2.216983e+02 cycle=181 time=1.224612e-01 dt=6.765764e-04
elapsed=2.222560e+02 cycle=182 time=1.231377e-01 dt=6.765763e-04
elapsed=2.228869e+02 cycle=183 time=1.238143e-01 dt=6.765762e-04
elapsed=2.235146e+02 cycle=184 time=1.244909e-01 dt=6.765761e-04
elapsed=2.240400e+02 cycle=185 time=1.251675e-01 dt=6.765759e-04
elapsed=2.263666e+02 cycle=186 time=1.258440e-01 dt=6.765758e-04
elapsed=2.268891e+02 cycle=187 time=1.265206e-01 dt=6.765757e-04
elapsed=2.274308e+02 cycle=188 time=1.271972e-01 dt=6.765756e-04
elapsed=2.279700e+02 cycle=189 time=1.278738e-01 dt=6.765754e-04
elapsed=2.285155e+02 cycle=190 time=1.285504e-01 dt=6.765753e-04
elapsed=2.290660e+02 cycle=191 time=1.292269e-01 dt=6.765752e-04
elapsed=2.295976e+02 cycle=192 time=1.299035e-01 dt=6.765750e-04
elapsed=2.301219e+02 cycle=193 time=1.305801e-01 dt=6.765749e-04
elapsed=2.306440e+02 cycle=194 time=1.312567e-01 dt=6.765748e-04
elapsed=2.311785e+02 cycle=195 time=1.319332e-01 dt=6.765746e-04
elapsed=2.317265e+02 cycle=196 time=1.326098e-01 dt=6.765745e-04
elapsed=2.322702e+02 cycle=197 time=1.332864e-01 dt=6.765743e-04
elapsed=2.328133e+02 cycle=198 time=1.339629e-01 dt=6.765742e-04
elapsed=2.333471e+02 cycle=199 time=1.346395e-01 dt=6.765740e-04
elapsed=2.338728e+02 cycle=200 time=1.353161e-01 dt=6.765739e-04
elapsed=2.343987e+02 cycle=201 time=1.359927e-01 dt=6.765737e-04
elapsed=2.350318e+02 cycle=202 time=1.366692e-01 dt=6.765736e-04
elapsed=2.355843e+02 cycle=203 time=1.373458e-01 dt=6.765734e-04
elapsed=2.361397e+02 cycle=204 time=1.380224e-01 dt=6.765733e-04
elapsed=2.366925e+02 cycle=205 time=1.386990e-01 dt=6.765731e-04
elapsed=2.372454e+02 cycle=206 time=1.393755e-01 dt=6.765730e-04
elapsed=2.377745e+02 cycle=207 time=1.400521e-01 dt=6.765728e-04
elapsed=2.382986e+02 cycle=208 time=1.407287e-01 dt=6.765726e-04
elapsed=2.388221e+02 cycle=209 time=1.414053e-01 dt=6.765725e-04
elapsed=2.393554e+02 cycle=210 time=1.420818e-01 dt=6.765723e-04
elapsed=2.398979e+02 cycle=211 time=1.427584e-01 dt=6.765721e-04
elapsed=2.404436e+02 cycle=212 time=1.434350e-01 dt=6.765720e-04
elapsed=2.409932e+02 cycle=213 time=1.441115e-01 dt=6.765718e-04
elapsed=2.419490e+02 cycle=214 time=1.447881e-01 dt=6.765716e-04
elapsed=2.424735e+02 cycle=215 time=1.454647e-01 dt=6.765714e-04
elapsed=2.429977e+02 cycle=216 time=1.461413e-01 dt=6.765712e-04
elapsed=2.451325e+02 cycle=217 time=1.468178e-01 dt=6.765711e-04
elapsed=2.456809e+02 cycle=218 time=1.474944e-01 dt=6.765709e-04
elapsed=2.462343e+02 cycle=219 time=1.481710e-01 dt=6.765707e-04
elapsed=2.467864e+02 cycle=220 time=1.488475e-01 dt=6.765705e-04
elapsed=2.473750e+02 cycle=221 time=1.495241e-01 dt=6.765703e-04
elapsed=2.480150e+02 cycle=222 time=1.502007e-01 dt=6.765701e-04
elapsed=2.485446e+02 cycle=223 time=1.508773e-01 dt=6.765699e-04
elapsed=2.490676e+02 cycle=224 time=1.515538e-01 dt=6.765697e-04
elapsed=2.496002e+02 cycle=225 time=1.522304e-01 dt=6.765695e-04
elapsed=2.501566e+02 cycle=226 time=1.529070e-01 dt=6.765693e-04
elapsed=2.506959e+02 cycle=227 time=1.535835e-01 dt=6.765691e-04
elapsed=2.512387e+02 cycle=228 time=1.542601e-01 dt=6.765689e-04
elapsed=2.517747e+02 cycle=229 time=1.549367e-01 dt=6.765687e-04
elapsed=2.522979e+02 cycle=230 time=1.556132e-01 dt=6.765685e-04
elapsed=2.528200e+02 cycle=231 time=1.562898e-01 dt=6.765683e-04
elapsed=2.533402e+02 cycle=232 time=1.569664e-01 dt=6.765680e-04
elapsed=2.538783e+02 cycle=233 time=1.576429e-01 dt=6.765678e-04
elapsed=2.544189e+02 cycle=234 time=1.583195e-01 dt=6.765676e-04
elapsed=2.550632e+02 cycle=235 time=1.589961e-01 dt=6.765674e-04
elapsed=2.556122e+02 cycle=236 time=1.596726e-01 dt=6.765671e-04
elapsed=2.561383e+02 cycle=237 time=1.603492e-01 dt=6.765669e-04
elapsed=2.566599e+02 cycle=238 time=1.610258e-01 dt=6.765667e-04
elapsed=2.571801e+02 cycle=239 time=1.617023e-01 dt=6.765665e-04
elapsed=2.577072e+02 cycle=240 time=1.623789e-01 dt=6.765662e-04
elapsed=2.582536e+02 cycle=241 time=1.630555e-01 dt=6.765660e-04
elapsed=2.588101e+02 cycle=242 time=1.637320e-01 dt=6.765657e-04
elapsed=2.593566e+02 cycle=243 time=1.644086e-01 dt=6.765655e-04
elapsed=2.598942e+02 cycle=244 time=1.650852e-01 dt=6.765652e-04
elapsed=2.604166e+02 cycle=245 time=1.657617e-01 dt=6.765650e-04
elapsed=2.609409e+02 cycle=246 time=1.664383e-01 dt=6.765647e-04
elapsed=2.614638e+02 cycle=247 time=1.671149e-01 dt=6.765645e-04
elapsed=2.620073e+02 cycle=248 time=1.677914e-01 dt=6.765642e-04
elapsed=2.625483e+02 cycle=249 time=1.684680e-01 dt=6.765640e-04
elapsed=2.630863e+02 cycle=250 time=1.691446e-01 dt=6.765637e-04
elapsed=2.636279e+02 cycle=251 time=1.698211e-01 dt=6.765635e-04
elapsed=2.641508e+02 cycle=252 time=1.704977e-01 dt=6.765632e-04
elapsed=2.646723e+02 cycle=253 time=1.711743e-01 dt=6.765629e-04
elapsed=2.651935e+02 cycle=254 time=1.718508e-01 dt=6.765626e-04
elapsed=2.657214e+02 cycle=255 time=1.725274e-01 dt=6.765624e-04
elapsed=2.662611e+02 cycle=256 time=1.732039e-01 dt=6.765621e-04
elapsed=2.668008e+02 cycle=257 time=1.738805e-01 dt=6.765618e-04
elapsed=2.673417e+02 cycle=258 time=1.745571e-01 dt=6.765615e-04
elapsed=2.678796e+02 cycle=259 time=1.752336e-01 dt=6.765612e-04
elapsed=2.684002e+02 cycle=260 time=1.759102e-01 dt=6.765610e-04
elapsed=2.689181e+02 cycle=261 time=1.765868e-01 dt=6.765607e-04
elapsed=2.694389e+02 cycle=262 time=1.772633e-01 dt=6.765604e-04
elapsed=2.699800e+02 cycle=263 time=1.779399e-01 dt=6.765601e-04
elapsed=2.705334e+02 cycle=264 time=1.786164e-01 dt=6.765598e-04
elapsed=2.710896e+02 cycle=265 time=1.792930e-01 dt=6.765595e-04
elapsed=2.716343e+02 cycle=266 time=1.799696e-01 dt=6.765592e-04
elapsed=2.721583e+02 cycle=267 time=1.806461e-01 dt=6.765589e-04
elapsed=2.726848e+02 cycle=268 time=1.813227e-01 dt=6.765586e-04
elapsed=2.732062e+02 cycle=269 time=1.819992e-01 dt=6.765583e-04
elapsed=2.737318e+02 cycle=270 time=1.826758e-01 dt=6.765579e-04
elapsed=2.742712e+02 cycle=271 time=1.833523e-01 dt=6.765576e-04
elapsed=2.748309e+02 cycle=272 time=1.840289e-01 dt=6.765573e-04
elapsed=2.753845e+02 cycle=273 time=1.847055e-01 dt=6.765570e-04
elapsed=2.759199e+02 cycle=274 time=1.853820e-01 dt=6.765567e-04
elapsed=2.764485e+02 cycle=275 time=1.860586e-01 dt=6.765563e-04
elapsed=2.769719e+02 cycle=276 time=1.867351e-01 dt=6.765560e-04
elapsed=2.774975e+02 cycle=277 time=1.874117e-01 dt=6.765557e-04
elapsed=2.780453e+02 cycle=278 time=1.880882e-01 dt=6.765553e-04
elapsed=2.785931e+02 cycle=279 time=1.887648e-01 dt=6.765550e-04
elapsed=2.791349e+02 cycle=280 time=1.894414e-01 dt=6.765546e-04
elapsed=2.796813e+02 cycle=281 time=1.901179e-01 dt=6.765543e-04
elapsed=2.802166e+02 cycle=282 time=1.907945e-01 dt=6.765539e-04
elapsed=2.807495e+02 cycle=283 time=1.914710e-01 dt=6.765536e-04
elapsed=2.812747e+02 cycle=284 time=1.921476e-01 dt=6.765532e-04
elapsed=2.818106e+02 cycle=285 time=1.928241e-01 dt=6.765529e-04
elapsed=2.823598e+02 cycle=286 time=1.935007e-01 dt=6.765525e-04
elapsed=2.828988e+02 cycle=287 time=1.941772e-01 dt=6.765522e-04
elapsed=2.834414e+02 cycle=288 time=1.948538e-01 dt=6.765518e-04
elapsed=2.839778e+02 cycle=289 time=1.955303e-01 dt=6.765514e-04
elapsed=2.845037e+02 cycle=290 time=1.962069e-01 dt=6.765511e-04
elapsed=2.850289e+02 cycle=291 time=1.968834e-01 dt=6.765507e-04
elapsed=2.855557e+02 cycle=292 time=1.975600e-01 dt=6.765503e-04
elapsed=2.860998e+02 cycle=293 time=1.982365e-01 dt=6.765499e-04
elapsed=2.866509e+02 cycle=294 time=1.989131e-01 dt=6.765495e-04
elapsed=2.872045e+02 cycle=295 time=1.995896e-01 dt=6.765492e-04
elapsed=2.877546e+02 cycle=296 time=2.002662e-01 dt=6.765488e-04
elapsed=2.882813e+02 cycle=297 time=2.009427e-01 dt=6.765484e-04
elapsed=2.888061e+02 cycle=298 time=2.016193e-01 dt=6.765480e-04
elapsed=2.893279e+02 cycle=299 time=2.022958e-01 dt=6.765476e-04
elapsed=2.898580e+02 cycle=300 time=2.029724e-01 dt=6.765472e-04
elapsed=2.904101e+02 cycle=301 time=2.036489e-01 dt=6.765468e-04
elapsed=2.909537e+02 cycle=302 time=2.043255e-01 dt=6.765464e-04
elapsed=2.915052e+02 cycle=303 time=2.050020e-01 dt=6.765460e-04
elapsed=2.920463e+02 cycle=304 time=2.056786e-01 dt=6.765456e-04
elapsed=2.925723e+02 cycle=305 time=2.063551e-01 dt=6.765451e-04
elapsed=2.930965e+02 cycle=306 time=2.070317e-01 dt=6.765447e-04
elapsed=2.936233e+02 cycle=307 time=2.077082e-01 dt=6.765443e-04
elapsed=2.941720e+02 cycle=308 time=2.083847e-01 dt=6.765439e-04
elapsed=2.947169e+02 cycle=309 time=2.090613e-01 dt=6.765435e-04
elapsed=2.952607e+02 cycle=310 time=2.097378e-01 dt=6.765430e-04
elapsed=2.958145e+02 cycle=311 time=2.104144e-01 dt=6.765426e-04
elapsed=2.963463e+02 cycle=312 time=2.110909e-01 dt=6.765422e-04
elapsed=2.968680e+02 cycle=313 time=2.117675e-01 dt=6.765417e-04
elapsed=2.973915e+02 cycle=314 time=2.124440e-01 dt=6.765413e-04
elapsed=2.979174e+02 cycle=315 time=2.131205e-01 dt=6.765408e-04
elapsed=2.984573e+02 cycle=316 time=2.137971e-01 dt=6.765404e-04
elapsed=2.990015e+02 cycle=317 time=2.144736e-01 dt=6.765399e-04
elapsed=2.995486e+02 cycle=318 time=2.151502e-01 dt=6.765395e-04
elapsed=3.000948e+02 cycle=319 time=2.158267e-01 dt=6.765390e-04
elapsed=3.006220e+02 cycle=320 time=2.165032e-01 dt=6.765385e-04
elapsed=3.011449e+02 cycle=321 time=2.171798e-01 dt=6.765381e-04
elapsed=3.016655e+02 cycle=322 time=2.178563e-01 dt=6.765376e-04
elapsed=3.021989e+02 cycle=323 time=2.185329e-01 dt=6.765371e-04
elapsed=3.027465e+02 cycle=324 time=2.192094e-01 dt=6.765367e-04
elapsed=3.032882e+02 cycle=325 time=2.198859e-01 dt=6.765362e-04
elapsed=3.038384e+02 cycle=326 time=2.205625e-01 dt=6.765357e-04
elapsed=3.043634e+02 cycle=327 time=2.212390e-01 dt=6.765352e-04
elapsed=3.048863e+02 cycle=328 time=2.219155e-01 dt=6.765348e-04
elapsed=3.054059e+02 cycle=329 time=2.225921e-01 dt=6.765343e-04
elapsed=3.059345e+02 cycle=330 time=2.232686e-01 dt=6.765338e-04
elapsed=3.064703e+02 cycle=331 time=2.239451e-01 dt=6.765333e-04
elapsed=3.070213e+02 cycle=332 time=2.246217e-01 dt=6.765328e-04
elapsed=3.075629e+02 cycle=333 time=2.252982e-01 dt=6.765323e-04
elapsed=3.081042e+02 cycle=334 time=2.259747e-01 dt=6.765318e-04
elapsed=3.086280e+02 cycle=335 time=2.266513e-01 dt=6.765313e-04
elapsed=3.091524e+02 cycle=336 time=2.273278e-01 dt=6.765308e-04
elapsed=3.097614e+02 cycle=337 time=2.280043e-01 dt=6.765302e-04
elapsed=3.103086e+02 cycle=338 time=2.286809e-01 dt=6.765297e-04
elapsed=3.108630e+02 cycle=339 time=2.293574e-01 dt=6.765292e-04
elapsed=3.114217e+02 cycle=340 time=2.300339e-01 dt=6.765287e-04
elapsed=3.119712e+02 cycle=341 time=2.307104e-01 dt=6.765282e-04
elapsed=3.124956e+02 cycle=342 time=2.313870e-01 dt=6.765276e-04
elapsed=3.130148e+02 cycle=343 time=2.320635e-01 dt=6.765271e-04
elapsed=3.135325e+02 cycle=344 time=2.327400e-01 dt=6.765266e-04
elapsed=3.140588e+02 cycle=345 time=2.334166e-01 dt=6.765260e-04
elapsed=3.145937e+02 cycle=346 time=2.340931e-01 dt=6.765255e-04
elapsed=3.151432e+02 cycle=347 time=2.347696e-01 dt=6.765249e-04
elapsed=3.156958e+02 cycle=348 time=2.354461e-01 dt=6.765244e-04
elapsed=3.162353e+02 cycle=349 time=2.361227e-01 dt=6.765238e-04
elapsed=3.167546e+02 cycle=350 time=2.367992e-01 dt=6.765233e-04
elapsed=3.172730e+02 cycle=351 time=2.374757e-01 dt=6.765227e-04
elapsed=3.177907e+02 cycle=352 time=2.381522e-01 dt=6.765222e-04
elapsed=3.183285e+02 cycle=353 time=2.388287e-01 dt=6.765216e-04
elapsed=3.188637e+02 cycle=354 time=2.395053e-01 dt=6.765210e-04
elapsed=3.193992e+02 cycle=355 time=2.401818e-01 dt=6.765205e-04
elapsed=3.199395e+02 cycle=356 time=2.408583e-01 dt=6.765199e-04
elapsed=3.204793e+02 cycle=357 time=2.415348e-01 dt=6.765193e-04
elapsed=3.210018e+02 cycle=358 time=2.422114e-01 dt=6.765187e-04
elapsed=3.215272e+02 cycle=359 time=2.428879e-01 dt=6.765182e-04
elapsed=3.220596e+02 cycle=360 time=2.435644e-01 dt=6.765176e-04
elapsed=3.226212e+02 cycle=361 time=2.442409e-01 dt=6.765170e-04
elapsed=3.231700e+02 cycle=362 time=2.449174e-01 dt=6.765164e-04
elapsed=3.237174e+02 cycle=363 time=2.455939e-01 dt=6.765158e-04
elapsed=3.242652e+02 cycle=364 time=2.462705e-01 dt=6.765152e-04
elapsed=3.247900e+02 cycle=365 time=2.469470e-01 dt=6.765146e-04
elapsed=3.253177e+02 cycle=366 time=2.476235e-01 dt=6.765140e-04
elapsed=3.258422e+02 cycle=367 time=2.483000e-01 dt=6.765134e-04
elapsed=3.263834e+02 cycle=368 time=2.489765e-01 dt=6.765128e-04
elapsed=3.270262e+02 cycle=369 time=2.496530e-01 dt=6.765122e-04
elapsed=3.278486e+02 cycle=370 time=2.503295e-01 dt=6.765115e-04
elapsed=3.283939e+02 cycle=371 time=2.510060e-01 dt=6.765109e-04
elapsed=3.289263e+02 cycle=372 time=2.516826e-01 dt=6.765103e-04
elapsed=3.294530e+02 cycle=373 time=2.523591e-01 dt=6.765097e-04
elapsed=3.299767e+02 cycle=374 time=2.530356e-01 dt=6.765090e-04
elapsed=3.305081e+02 cycle=375 time=2.537121e-01 dt=6.765084e-04
elapsed=3.310664e+02 cycle=376 time=2.543886e-01 dt=6.765078e-04
elapsed=3.316045e+02 cycle=377 time=2.550651e-01 dt=6.765071e-04
elapsed=3.321506e+02 cycle=378 time=2.557416e-01 dt=6.765065e-04
elapsed=3.327172e+02 cycle=379 time=2.564181e-01 dt=6.765058e-04
elapsed=3.332498e+02 cycle=380 time=2.570946e-01 dt=6.765052e-04
elapsed=3.337768e+02 cycle=381 time=2.577711e-01 dt=6.765045e-04
elapsed=3.343019e+02 cycle=382 time=2.584476e-01 dt=6.765039e-04
elapsed=3.348404e+02 cycle=383 time=2.591241e-01 dt=6.765032e-04
elapsed=3.354061e+02 cycle=384 time=2.598006e-01 dt=6.765026e-04
elapsed=3.359544e+02 cycle=385 time=2.604771e-01 dt=6.765019e-04
elapsed=3.365020e+02 cycle=386 time=2.611536e-01 dt=6.765012e-04
elapsed=3.370346e+02 cycle=387 time=2.618301e-01 dt=6.765006e-04
elapsed=3.375616e+02 cycle=388 time=2.625066e-01 dt=6.764999e-04
elapsed=3.380842e+02 cycle=389 time=2.631831e-01 dt=6.764992e-04
elapsed=3.386100e+02 cycle=390 time=2.638596e-01 dt=6.764985e-04
elapsed=3.391596e+02 cycle=391 time=2.645361e-01 dt=6.764979e-04
elapsed=3.397196e+02 cycle=392 time=2.652126e-01 dt=6.764972e-04
elapsed=3.402725e+02 cycle=393 time=2.658891e-01 dt=6.764965e-04
elapsed=3.408293e+02 cycle=394 time=2.665656e-01 dt=6.764958e-04
elapsed=3.413752e+02 cycle=395 time=2.672421e-01 dt=6.764951e-04
elapsed=3.419235e+02 cycle=396 time=2.679186e-01 dt=6.764944e-04
elapsed=3.424656e+02 cycle=397 time=2.685951e-01 dt=6.764937e-04
elapsed=3.430376e+02 cycle=398 time=2.692716e-01 dt=6.764930e-04
elapsed=3.436125e+02 cycle=399 time=2.699481e-01 dt=6.764923e-04
elapsed=3.441645e+02 cycle=400 time=2.706246e-01 dt=6.764916e-04
elapsed=3.447177e+02 cycle=401 time=2.713011e-01 dt=6.764909e-04
elapsed=3.452559e+02 cycle=402 time=2.719776e-01 dt=6.764901e-04
elapsed=3.457846e+02 cycle=403 time=2.726541e-01 dt=6.764894e-04
elapsed=3.463275e+02 cycle=404 time=2.733306e-01 dt=6.764887e-04
elapsed=3.468562e+02 cycle=405 time=2.740071e-01 dt=6.764880e-04
elapsed=3.474008e+02 cycle=406 time=2.746835e-01 dt=6.764872e-04
elapsed=3.479610e+02 cycle=407 time=2.753600e-01 dt=6.764865e-04
elapsed=3.485179e+02 cycle=408 time=2.760365e-01 dt=6.764858e-04
elapsed=3.490697e+02 cycle=409 time=2.767130e-01 dt=6.764850e-04
elapsed=3.496000e+02 cycle=410 time=2.773895e-01 dt=6.764843e-04
elapsed=3.501377e+02 cycle=411 time=2.780660e-01 dt=6.764836e-04
elapsed=3.506649e+02 cycle=412 time=2.787425e-01 dt=6.764828e-04
elapsed=3.512036e+02 cycle=413 time=2.794189e-01 dt=6.764821e-04
elapsed=3.517762e+02 cycle=414 time=2.800954e-01 dt=6.764813e-04
elapsed=3.523352e+02 cycle=415 time=2.807719e-01 dt=6.764806e-04
elapsed=3.528881e+02 cycle=416 time=2.814484e-01 dt=6.764798e-04
elapsed=3.534247e+02 cycle=417 time=2.821249e-01 dt=6.764790e-04
elapsed=3.539625e+02 cycle=418 time=2.828013e-01 dt=6.764783e-04
elapsed=3.544850e+02 cycle=419 time=2.834778e-01 dt=6.764775e-04
elapsed=3.550011e+02 cycle=420 time=2.841543e-01 dt=6.764767e-04
elapsed=3.555658e+02 cycle=421 time=2.848308e-01 dt=6.764760e-04
elapsed=3.561253e+02 cycle=422 time=2.855072e-01 dt=6.764752e-04
elapsed=3.566758e+02 cycle=423 time=2.861837e-01 dt=6.764744e-04
elapsed=3.572253e+02 cycle=424 time=2.868602e-01 dt=6.764736e-04
elapsed=3.577536e+02 cycle=425 time=2.875367e-01 dt=6.764728e-04
elapsed=3.582795e+02 cycle=426 time=2.882131e-01 dt=6.764720e-04
elapsed=3.588103e+02 cycle=427 time=2.888896e-01 dt=6.764712e-04
elapsed=3.593521e+02 cycle=428 time=2.895661e-01 dt=6.764704e-04
elapsed=3.599003e+02 cycle=429 time=2.902426e-01 dt=6.764697e-04
elapsed=3.604452e+02 cycle=430 time=2.909190e-01 dt=6.764689e-04
elapsed=3.609984e+02 cycle=431 time=2.915955e-01 dt=6.764680e-04
elapsed=3.615370e+02 cycle=432 time=2.922720e-01 dt=6.764672e-04
elapsed=3.620720e+02 cycle=433 time=2.929484e-01 dt=6.764664e-04
elapsed=3.625995e+02 cycle=434 time=2.936249e-01 dt=6.764656e-04
elapsed=3.631207e+02 cycle=435 time=2.943014e-01 dt=6.764648e-04
elapsed=3.636779e+02 cycle=436 time=2.949778e-01 dt=6.764640e-04
elapsed=3.642553e+02 cycle=437 time=2.956543e-01 dt=6.764632e-04
elapsed=3.648076e+02 cycle=438 time=2.963308e-01 dt=6.764623e-04
elapsed=3.653579e+02 cycle=439 time=2.970072e-01 dt=6.764615e-04
elapsed=3.659747e+02 cycle=440 time=2.976837e-01 dt=6.764607e-04
elapsed=3.664994e+02 cycle=441 time=2.983601e-01 dt=6.764598e-04
elapsed=3.670289e+02 cycle=442 time=2.990366e-01 dt=6.764590e-04
elapsed=3.675632e+02 cycle=443 time=2.997131e-01 dt=6.764582e-04
elapsed=3.681112e+02 cycle=444 time=3.003895e-01 dt=6.764573e-04
elapsed=3.686732e+02 cycle=445 time=3.010660e-01 dt=6.764565e-04
elapsed=3.692296e+02 cycle=446 time=3.017424e-01 dt=6.764556e-04
elapsed=3.697768e+02 cycle=447 time=3.024189e-01 dt=6.764548e-04
elapsed=3.703097e+02 cycle=448 time=3.030953e-01 dt=6.764539e-04
elapsed=3.708405e+02 cycle=449 time=3.037718e-01 dt=6.764531e-04
elapsed=3.714663e+02 cycle=450 time=3.044482e-01 dt=6.764522e-04
elapsed=3.720281e+02 cycle=451 time=3.051247e-01 dt=6.764514e-04
elapsed=3.725943e+02 cycle=452 time=3.058012e-01 dt=6.764505e-04
elapsed=3.731428e+02 cycle=453 time=3.064776e-01 dt=6.764496e-04
elapsed=3.737005e+02 cycle=454 time=3.071541e-01 dt=6.764488e-04
elapsed=3.742546e+02 cycle=455 time=3.078305e-01 dt=6.764479e-04
elapsed=3.747833e+02 cycle=456 time=3.085069e-01 dt=6.764470e-04
elapsed=3.753134e+02 cycle=457 time=3.091834e-01 dt=6.764461e-04
elapsed=3.758499e+02 cycle=458 time=3.098598e-01 dt=6.764452e-04
elapsed=3.764047e+02 cycle=459 time=3.105363e-01 dt=6.764444e-04
elapsed=3.770365e+02 cycle=460 time=3.112127e-01 dt=6.764435e-04
elapsed=3.775848e+02 cycle=461 time=3.118892e-01 dt=6.764426e-04
elapsed=3.781191e+02 cycle=462 time=3.125656e-01 dt=6.764417e-04
elapsed=3.786432e+02 cycle=463 time=3.132421e-01 dt=6.764408e-04
elapsed=3.791683e+02 cycle=464 time=3.139185e-01 dt=6.764399e-04
elapsed=3.796901e+02 cycle=465 time=3.145949e-01 dt=6.764390e-04
elapsed=3.802282e+02 cycle=466 time=3.152714e-01 dt=6.764381e-04
elapsed=3.807848e+02 cycle=467 time=3.159478e-01 dt=6.764372e-04
elapsed=3.813550e+02 cycle=468 time=3.166243e-01 dt=6.764363e-04
elapsed=3.819080e+02 cycle=469 time=3.173007e-01 dt=6.764354e-04
elapsed=3.824397e+02 cycle=470 time=3.179771e-01 dt=6.764344e-04
elapsed=3.829688e+02 cycle=471 time=3.186536e-01 dt=6.764335e-04
elapsed=3.834991e+02 cycle=472 time=3.193300e-01 dt=6.764326e-04
elapsed=3.840366e+02 cycle=473 time=3.200064e-01 dt=6.764317e-04
elapsed=3.845963e+02 cycle=474 time=3.206829e-01 dt=6.764308e-04
elapsed=3.851468e+02 cycle=475 time=3.213593e-01 dt=6.764298e-04
elapsed=3.857001e+02 cycle=476 time=3.220357e-01 dt=6.764289e-04
elapsed=3.862404e+02 cycle=477 time=3.227121e-01 dt=6.764280e-04
elapsed=3.867673e+02 cycle=478 time=3.233886e-01 dt=6.764270e-04
elapsed=3.872970e+02 cycle=479 time=3.240650e-01 dt=6.764261e-04
elapsed=3.878251e+02 cycle=480 time=3.247414e-01 dt=6.764252e-04
elapsed=3.883873e+02 cycle=481 time=3.254179e-01 dt=6.764242e-04
elapsed=3.889545e+02 cycle=482 time=3.260943e-01 dt=6.764233e-04
elapsed=3.895145e+02 cycle=483 time=3.267707e-01 dt=6.764223e-04
elapsed=3.900597e+02 cycle=484 time=3.274471e-01 dt=6.764214e-04
elapsed=3.905871e+02 cycle=485 time=3.281235e-01 dt=6.764204e-04
elapsed=3.911106e+02 cycle=486 time=3.288000e-01 dt=6.764194e-04
elapsed=3.916357e+02 cycle=487 time=3.294764e-01 dt=6.764185e-04
elapsed=3.921769e+02 cycle=488 time=3.301528e-01 dt=6.764175e-04
elapsed=3.927330e+02 cycle=489 time=3.308292e-01 dt=6.764166e-04
elapsed=3.932788e+02 cycle=490 time=3.315056e-01 dt=6.764156e-04
elapsed=3.938218e+02 cycle=491 time=3.321821e-01 dt=6.764146e-04
elapsed=3.943587e+02 cycle=492 time=3.328585e-01 dt=6.764136e-04
elapsed=3.948900e+02 cycle=493 time=3.335349e-01 dt=6.764127e-04
elapsed=3.954113e+02 cycle=494 time=3.342113e-01 dt=6.764117e-04
elapsed=3.959319e+02 cycle=495 time=3.348877e-01 dt=6.764107e-04
elapsed=3.964856e+02 cycle=496 time=3.355641e-01 dt=6.764097e-04
elapsed=3.970334e+02 cycle=497 time=3.362405e-01 dt=6.764087e-04
elapsed=3.975760e+02 cycle=498 time=3.369169e-01 dt=6.764078e-04
elapsed=3.981221e+02 cycle=499 time=3.375933e-01 dt=6.764068e-04
elapsed=3.986486e+02 cycle=500 time=3.382697e-01 dt=6.764058e-04
elapsed=3.991760e+02 cycle=501 time=3.389462e-01 dt=6.764048e-04
elapsed=3.997045e+02 cycle=502 time=3.396226e-01 dt=6.764038e-04
elapsed=4.002417e+02 cycle=503 time=3.402990e-01 dt=6.764028e-04
elapsed=4.007983e+02 cycle=504 time=3.409754e-01 dt=6.764018e-04
elapsed=4.013363e+02 cycle=505 time=3.416518e-01 dt=6.764008e-04
elapsed=4.018782e+02 cycle=506 time=3.423282e-01 dt=6.763998e-04
elapsed=4.024123e+02 cycle=507 time=3.430046e-01 dt=6.763987e-04
elapsed=4.029347e+02 cycle=508 time=3.436810e-01 dt=6.763977e-04
elapsed=4.034651e+02 cycle=509 time=3.443574e-01 dt=6.763967e-04
elapsed=4.039844e+02 cycle=510 time=3.450338e-01 dt=6.763957e-04
elapsed=4.045250e+02 cycle=511 time=3.457102e-01 dt=6.763947e-04
elapsed=4.050659e+02 cycle=512 time=3.463866e-01 dt=6.763936e-04
elapsed=4.056168e+02 cycle=513 time=3.470629e-01 dt=6.763926e-04
elapsed=4.061696e+02 cycle=514 time=3.477393e-01 dt=6.763916e-04
elapsed=4.066966e+02 cycle=515 time=3.484157e-01 dt=6.763906e-04
elapsed=4.072179e+02 cycle=516 time=3.490921e-01 dt=6.763895e-04
elapsed=4.077471e+02 cycle=517 time=3.497685e-01 dt=6.763885e-04
elapsed=4.082755e+02 cycle=518 time=3.504449e-01 dt=6.763875e-04
elapsed=4.088098e+02 cycle=519 time=3.511213e-01 dt=6.763864e-04
elapsed=4.093475e+02 cycle=520 time=3.517977e-01 dt=6.763854e-04
elapsed=4.098870e+02 cycle=521 time=3.524741e-01 dt=6.763843e-04
elapsed=4.104200e+02 cycle=522 time=3.531504e-01 dt=6.763833e-04
elapsed=4.109472e+02 cycle=523 time=3.538268e-01 dt=6.763822e-04
elapsed=4.114706e+02 cycle=524 time=3.545032e-01 dt=6.763812e-04
elapsed=4.119895e+02 cycle=525 time=3.551796e-01 dt=6.763801e-04
elapsed=4.125416e+02 cycle=526 time=3.558560e-01 dt=6.763791e-04
elapsed=4.130852e+02 cycle=527 time=3.565323e-01 dt=6.763780e-04
elapsed=4.136375e+02 cycle=528 time=3.572087e-01 dt=6.763769e-04
elapsed=4.141971e+02 cycle=529 time=3.578851e-01 dt=6.763759e-04
elapsed=4.147253e+02 cycle=530 time=3.585615e-01 dt=6.763748e-04
elapsed=4.152469e+02 cycle=531 time=3.592379e-01 dt=6.763737e-04
elapsed=4.157687e+02 cycle=532 time=3.599142e-01 dt=6.763727e-04
elapsed=4.162984e+02 cycle=533 time=3.605906e-01 dt=6.763716e-04
elapsed=4.168497e+02 cycle=534 time=3.612670e-01 dt=6.763705e-04
elapsed=4.173971e+02 cycle=535 time=3.619433e-01 dt=6.763694e-04
elapsed=4.179431e+02 cycle=536 time=3.626197e-01 dt=6.763684e-04
elapsed=4.184855e+02 cycle=537 time=3.632961e-01 dt=6.763673e-04
elapsed=4.190149e+02 cycle=538 time=3.639724e-01 dt=6.763662e-04
elapsed=4.195408e+02 cycle=539 time=3.646488e-01 dt=6.763651e-04
elapsed=4.200670e+02 cycle=540 time=3.653252e-01 dt=6.763640e-04
elapsed=4.206098e+02 cycle=541 time=3.660015e-01 dt=6.763629e-04
elapsed=4.211649e+02 cycle=542 time=3.666779e-01 dt=6.763618e-04
elapsed=4.217111e+02 cycle=543 time=3.673543e-01 dt=6.763607e-04
elapsed=4.222577e+02 cycle=544 time=3.680306e-01 dt=6.763596e-04
elapsed=4.227852e+02 cycle=545 time=3.687070e-01 dt=6.763585e-04
elapsed=4.233220e+02 cycle=546 time=3.693833e-01 dt=6.763574e-04
elapsed=4.238477e+02 cycle=547 time=3.700597e-01 dt=6.763563e-04
elapsed=4.243760e+02 cycle=548 time=3.707361e-01 dt=6.763552e-04
elapsed=4.249192e+02 cycle=549 time=3.714124e-01 dt=6.763541e-04
elapsed=4.254666e+02 cycle=550 time=3.720888e-01 dt=6.763530e-04
elapsed=4.260115e+02 cycle=551 time=3.727651e-01 dt=6.763519e-04
elapsed=4.265505e+02 cycle=552 time=3.734415e-01 dt=6.763508e-04
elapsed=4.270764e+02 cycle=553 time=3.741178e-01 dt=6.763497e-04
elapsed=4.276014e+02 cycle=554 time=3.747942e-01 dt=6.763485e-04
elapsed=4.281264e+02 cycle=555 time=3.754705e-01 dt=6.763474e-04
elapsed=4.286782e+02 cycle=556 time=3.761469e-01 dt=6.763463e-04
elapsed=4.292362e+02 cycle=557 time=3.768232e-01 dt=6.763452e-04
elapsed=4.297820e+02 cycle=558 time=3.774996e-01 dt=6.763440e-04
elapsed=4.303430e+02 cycle=559 time=3.781759e-01 dt=6.763429e-04
elapsed=4.308769e+02 cycle=560 time=3.788522e-01 dt=6.763418e-04
elapsed=4.314113e+02 cycle=561 time=3.795286e-01 dt=6.763406e-04
elapsed=4.319390e+02 cycle=562 time=3.802049e-01 dt=6.763395e-04
elapsed=4.324730e+02 cycle=563 time=3.808813e-01 dt=6.763384e-04
elapsed=4.330329e+02 cycle=564 time=3.815576e-01 dt=6.763372e-04
elapsed=4.335957e+02 cycle=565 time=3.822339e-01 dt=6.763361e-04
elapsed=4.341570e+02 cycle=566 time=3.829103e-01 dt=6.763349e-04
elapsed=4.347032e+02 cycle=567 time=3.835866e-01 dt=6.763338e-04
elapsed=4.352327e+02 cycle=568 time=3.842629e-01 dt=6.763326e-04
elapsed=4.357649e+02 cycle=569 time=3.849393e-01 dt=6.763315e-04
elapsed=4.362939e+02 cycle=570 time=3.856156e-01 dt=6.763303e-04
elapsed=4.368505e+02 cycle=571 time=3.862919e-01 dt=6.763292e-04
elapsed=4.374029e+02 cycle=572 time=3.869683e-01 dt=6.763280e-04
elapsed=4.379455e+02 cycle=573 time=3.876446e-01 dt=6.763269e-04
elapsed=4.385043e+02 cycle=574 time=3.883209e-01 dt=6.763257e-04
elapsed=4.390386e+02 cycle=575 time=3.889973e-01 dt=6.763245e-04
elapsed=4.395661e+02 cycle=576 time=3.896736e-01 dt=6.763234e-04
elapsed=4.401796e+02 cycle=577 time=3.903499e-01 dt=6.763222e-04
elapsed=4.407047e+02 cycle=578 time=3.910262e-01 dt=6.763210e-04
elapsed=4.412460e+02 cycle=579 time=3.917025e-01 dt=6.763199e-04
elapsed=4.417920e+02 cycle=580 time=3.923789e-01 dt=6.763187e-04
elapsed=4.423731e+02 cycle=581 time=3.930552e-01 dt=6.763175e-04
elapsed=4.429204e+02 cycle=582 time=3.937315e-01 dt=6.763163e-04
elapsed=4.434501e+02 cycle=583 time=3.944078e-01 dt=6.763152e-04
elapsed=4.439837e+02 cycle=584 time=3.950841e-01 dt=6.763140e-04
elapsed=4.445103e+02 cycle=585 time=3.957604e-01 dt=6.763128e-04
elapsed=4.450443e+02 cycle=586 time=3.964368e-01 dt=6.763116e-04
elapsed=4.456042e+02 cycle=587 time=3.971131e-01 dt=6.763104e-04
elapsed=4.461605e+02 cycle=588 time=3.977894e-01 dt=6.763092e-04
elapsed=4.467112e+02 cycle=589 time=3.984657e-01 dt=6.763080e-04
elapsed=4.472387e+02 cycle=590 time=3.991420e-01 dt=6.763068e-04
elapsed=4.477624e+02 cycle=591 time=3.998183e-01 dt=6.763057e-04
elapsed=4.482848e+02 cycle=592 time=4.004946e-01 dt=6.763045e-04
elapsed=4.488194e+02 cycle=593 time=4.011709e-01 dt=6.763033e-04
elapsed=4.493721e+02 cycle=594 time=4.018472e-01 dt=6.763021e-04
elapsed=4.499116e+02 cycle=595 time=4.025235e-01 dt=6.763009e-04
elapsed=4.504565e+02 cycle=596 time=4.031998e-01 dt=6.762997e-04
elapsed=4.510013e+02 cycle=597 time=4.038761e-01 dt=6.762984e-04
elapsed=4.515235e+02 cycle=598 time=4.045524e-01 dt=6.762972e-04
elapsed=4.520537e+02 cycle=599 time=4.052287e-01 dt=6.762960e-04
elapsed=4.525773e+02 cycle=600 time=4.059050e-01 dt=6.762948e-04
elapsed=4.531072e+02 cycle=601 time=4.065813e-01 dt=6.762936e-04
elapsed=4.536439e+02 cycle=602 time=4.072576e-01 dt=6.762924e-04
elapsed=4.541939e+02 cycle=603 time=4.079339e-01 dt=6.762912e-04
elapsed=4.547467e+02 cycle=604 time=4.086102e-01 dt=6.762900e-04
elapsed=4.552755e+02 cycle=605 time=4.092865e-01 dt=6.762887e-04
elapsed=4.557965e+02 cycle=606 time=4.099628e-01 dt=6.762875e-04
elapsed=4.563218e+02 cycle=607 time=4.106391e-01 dt=6.762863e-04
elapsed=4.569460e+02 cycle=608 time=4.113153e-01 dt=6.762851e-04
elapsed=4.574850e+02 cycle=609 time=4.119916e-01 dt=6.762838e-04
elapsed=4.580356e+02 cycle=610 time=4.126679e-01 dt=6.762826e-04
elapsed=4.585734e+02 cycle=611 time=4.133442e-01 dt=6.762814e-04
elapsed=4.591058e+02 cycle=612 time=4.140205e-01 dt=6.762801e-04
elapsed=4.596261e+02 cycle=613 time=4.146968e-01 dt=6.762789e-04
elapsed=4.601502e+02 cycle=614 time=4.153730e-01 dt=6.762777e-04
elapsed=4.606750e+02 cycle=615 time=4.160493e-01 dt=6.762764e-04
elapsed=4.612294e+02 cycle=616 time=4.167256e-01 dt=6.762752e-04
elapsed=4.617729e+02 cycle=617 time=4.174019e-01 dt=6.762740e-04
elapsed=4.623162e+02 cycle=618 time=4.180781e-01 dt=6.762727e-04
elapsed=4.628617e+02 cycle=619 time=4.187544e-01 dt=6.762715e-04
elapsed=4.633899e+02 cycle=620 time=4.194307e-01 dt=6.762702e-04
elapsed=4.639151e+02 cycle=621 time=4.201069e-01 dt=6.762690e-04
elapsed=4.644403e+02 cycle=622 time=4.207832e-01 dt=6.762677e-04
elapsed=4.649673e+02 cycle=623 time=4.214595e-01 dt=6.762665e-04
elapsed=4.655064e+02 cycle=624 time=4.221358e-01 dt=6.762652e-04
elapsed=4.660456e+02 cycle=625 time=4.228120e-01 dt=6.762640e-04
elapsed=4.665892e+02 cycle=626 time=4.234883e-01 dt=6.762627e-04
elapsed=4.671308e+02 cycle=627 time=4.241645e-01 dt=6.762615e-04
elapsed=4.676592e+02 cycle=628 time=4.248408e-01 dt=6.762602e-04
elapsed=4.681867e+02 cycle=629 time=4.255171e-01 dt=6.762589e-04
elapsed=4.687126e+02 cycle=630 time=4.261933e-01 dt=6.762577e-04
elapsed=4.692578e+02 cycle=631 time=4.268696e-01 dt=6.762564e-04
elapsed=4.698259e+02 cycle=632 time=4.275458e-01 dt=6.762551e-04
elapsed=4.703828e+02 cycle=633 time=4.282221e-01 dt=6.762539e-04
elapsed=4.709277e+02 cycle=634 time=4.288983e-01 dt=6.762526e-04
elapsed=4.714575e+02 cycle=635 time=4.295746e-01 dt=6.762513e-04
elapsed=4.719856e+02 cycle=636 time=4.302509e-01 dt=6.762501e-04
elapsed=4.725137e+02 cycle=637 time=4.309271e-01 dt=6.762488e-04
elapsed=4.730421e+02 cycle=638 time=4.316033e-01 dt=6.762475e-04
elapsed=4.735868e+02 cycle=639 time=4.322796e-01 dt=6.762462e-04
elapsed=4.741376e+02 cycle=640 time=4.329558e-01 dt=6.762450e-04
elapsed=4.746949e+02 cycle=641 time=4.336321e-01 dt=6.762437e-04
elapsed=4.752440e+02 cycle=642 time=4.343083e-01 dt=6.762424e-04
elapsed=4.757710e+02 cycle=643 time=4.349846e-01 dt=6.762411e-04
elapsed=4.762989e+02 cycle=644 time=4.356608e-01 dt=6.762398e-04
elapsed=4.768282e+02 cycle=645 time=4.363371e-01 dt=6.762385e-04
elapsed=4.773618e+02 cycle=646 time=4.370133e-01 dt=6.762373e-04
elapsed=4.779032e+02 cycle=647 time=4.376895e-01 dt=6.762360e-04
elapsed=4.784462e+02 cycle=648 time=4.383658e-01 dt=6.762347e-04
elapsed=4.789969e+02 cycle=649 time=4.390420e-01 dt=6.762334e-04
elapsed=4.795444e+02 cycle=650 time=4.397182e-01 dt=6.762321e-04
elapsed=4.800752e+02 cycle=651 time=4.403945e-01 dt=6.762308e-04
elapsed=4.806049e+02 cycle=652 time=4.410707e-01 dt=6.762295e-04
elapsed=4.811390e+02 cycle=653 time=4.417469e-01 dt=6.762282e-04
elapsed=4.816866e+02 cycle=654 time=4.424232e-01 dt=6.762269e-04
elapsed=4.822343e+02 cycle=655 time=4.430994e-01 dt=6.762256e-04
elapsed=4.827816e+02 cycle=656 time=4.437756e-01 dt=6.762243e-04
elapsed=4.833335e+02 cycle=657 time=4.444518e-01 dt=6.762230e-04
elapsed=4.838629e+02 cycle=658 time=4.451281e-01 dt=6.762217e-04
elapsed=4.843886e+02 cycle=659 time=4.458043e-01 dt=6.762204e-04
elapsed=4.849143e+02 cycle=660 time=4.464805e-01 dt=6.762191e-04
elapsed=4.854525e+02 cycle=661 time=4.471567e-01 dt=6.762178e-04
elapsed=4.860093e+02 cycle=662 time=4.478329e-01 dt=6.762165e-04
elapsed=4.865577e+02 cycle=663 time=4.485092e-01 dt=6.762151e-04
elapsed=4.871174e+02 cycle=664 time=4.491854e-01 dt=6.762138e-04
elapsed=4.876545e+02 cycle=665 time=4.498616e-01 dt=6.762125e-04
elapsed=4.881928e+02 cycle=666 time=4.505378e-01 dt=6.762112e-04
elapsed=4.887204e+02 cycle=667 time=4.512140e-01 dt=6.762099e-04
elapsed=4.892569e+02 cycle=668 time=4.518902e-01 dt=6.762086e-04
elapsed=4.898086e+02 cycle=669 time=4.525664e-01 dt=6.762072e-04
elapsed=4.903753e+02 cycle=670 time=4.532426e-01 dt=6.762059e-04
elapsed=4.909330e+02 cycle=671 time=4.539188e-01 dt=6.762046e-04
elapsed=4.914824e+02 cycle=672 time=4.545950e-01 dt=6.762033e-04
elapsed=4.920090e+02 cycle=673 time=4.552712e-01 dt=6.762020e-04
elapsed=4.925511e+02 cycle=674 time=4.559474e-01 dt=6.762006e-04
elapsed=4.930785e+02 cycle=675 time=4.566236e-01 dt=6.761993e-04
elapsed=4.936136e+02 cycle=676 time=4.572998e-01 dt=6.761980e-04
elapsed=4.941657e+02 cycle=677 time=4.579760e-01 dt=6.761966e-04
elapsed=4.947129e+02 cycle=678 time=4.586522e-01 dt=6.761953e-04
elapsed=4.952689e+02 cycle=679 time=4.593284e-01 dt=6.761940e-04
elapsed=4.958043e+02 cycle=680 time=4.600046e-01 dt=6.761926e-04
elapsed=4.963300e+02 cycle=681 time=4.606808e-01 dt=6.761913e-04
elapsed=4.968541e+02 cycle=682 time=4.613570e-01 dt=6.761900e-04
elapsed=4.973824e+02 cycle=683 time=4.620332e-01 dt=6.761886e-04
elapsed=4.979421e+02 cycle=684 time=4.627094e-01 dt=6.761873e-04
elapsed=4.984839e+02 cycle=685 time=4.633856e-01 dt=6.761859e-04
elapsed=4.990473e+02 cycle=686 time=4.640618e-01 dt=6.761846e-04
elapsed=4.995934e+02 cycle=687 time=4.647379e-01 dt=6.761832e-04
elapsed=5.001270e+02 cycle=688 time=4.654141e-01 dt=6.761819e-04
elapsed=5.006495e+02 cycle=689 time=4.660903e-01 dt=6.761806e-04
elapsed=5.011764e+02 cycle=690 time=4.667665e-01 dt=6.761792e-04
elapsed=5.017111e+02 cycle=691 time=4.674427e-01 dt=6.761779e-04
elapsed=5.022553e+02 cycle=692 time=4.681189e-01 dt=6.761765e-04
elapsed=5.028128e+02 cycle=693 time=4.687950e-01 dt=6.761752e-04
elapsed=5.033573e+02 cycle=694 time=4.694712e-01 dt=6.761738e-04
elapsed=5.038962e+02 cycle=695 time=4.701474e-01 dt=6.761724e-04
elapsed=5.044189e+02 cycle=696 time=4.708235e-01 dt=6.761711e-04
elapsed=5.049425e+02 cycle=697 time=4.714997e-01 dt=6.761697e-04
elapsed=5.054707e+02 cycle=698 time=4.721759e-01 dt=6.761684e-04
elapsed=5.060256e+02 cycle=699 time=4.728521e-01 dt=6.761670e-04
elapsed=5.065706e+02 cycle=700 time=4.735282e-01 dt=6.761657e-04
elapsed=5.071198e+02 cycle=701 time=4.742044e-01 dt=6.761643e-04
elapsed=5.076734e+02 cycle=702 time=4.748806e-01 dt=6.761629e-04
elapsed=5.082000e+02 cycle=703 time=4.755567e-01 dt=6.761616e-04
elapsed=5.087230e+02 cycle=704 time=4.762329e-01 dt=6.761602e-04
elapsed=5.092446e+02 cycle=705 time=4.769090e-01 dt=6.761588e-04
elapsed=5.097761e+02 cycle=706 time=4.775852e-01 dt=6.761575e-04
elapsed=5.103258e+02 cycle=707 time=4.782614e-01 dt=6.761561e-04
elapsed=5.110690e+02 cycle=708 time=4.789375e-01 dt=6.761547e-04
elapsed=5.116183e+02 cycle=709 time=4.796137e-01 dt=6.761534e-04
elapsed=5.121564e+02 cycle=710 time=4.802898e-01 dt=6.761520e-04
elapsed=5.126845e+02 cycle=711 time=4.809660e-01 dt=6.761506e-04
elapsed=5.132096e+02 cycle=712 time=4.816421e-01 dt=6.761492e-04
elapsed=5.137354e+02 cycle=713 time=4.823183e-01 dt=6.761479e-04
elapsed=5.142730e+02 cycle=714 time=4.829944e-01 dt=6.761465e-04
elapsed=5.148203e+02 cycle=715 time=4.836706e-01 dt=6.761451e-04
elapsed=5.153598e+02 cycle=716 time=4.843467e-01 dt=6.761437e-04
elapsed=5.159045e+02 cycle=717 time=4.850229e-01 dt=6.761424e-04
elapsed=5.164366e+02 cycle=718 time=4.856990e-01 dt=6.761410e-04
elapsed=5.169602e+02 cycle=719 time=4.863751e-01 dt=6.761396e-04
elapsed=5.174878e+02 cycle=720 time=4.870513e-01 dt=6.761382e-04
elapsed=5.180196e+02 cycle=721 time=4.877274e-01 dt=6.761368e-04
elapsed=5.185789e+02 cycle=722 time=4.884036e-01 dt=6.761354e-04
elapsed=5.191402e+02 cycle=723 time=4.890797e-01 dt=6.761341e-04
elapsed=5.196908e+02 cycle=724 time=4.897558e-01 dt=6.761327e-04
elapsed=5.202361e+02 cycle=725 time=4.904320e-01 dt=6.761313e-04
elapsed=5.207673e+02 cycle=726 time=4.911081e-01 dt=6.761299e-04
elapsed=5.212914e+02 cycle=727 time=4.917842e-01 dt=6.761285e-04
elapsed=5.218176e+02 cycle=728 time=4.924603e-01 dt=6.761271e-04
elapsed=5.223621e+02 cycle=729 time=4.931365e-01 dt=6.761257e-04
elapsed=5.229186e+02 cycle=730 time=4.938126e-01 dt=6.761243e-04
elapsed=5.234677e+02 cycle=731 time=4.944887e-01 dt=6.761229e-04
elapsed=5.240143e+02 cycle=732 time=4.951648e-01 dt=6.761215e-04
elapsed=5.245475e+02 cycle=733 time=4.958410e-01 dt=6.761201e-04
elapsed=5.250764e+02 cycle=734 time=4.965171e-01 dt=6.761187e-04
elapsed=5.256076e+02 cycle=735 time=4.971932e-01 dt=6.761173e-04
elapsed=5.261531e+02 cycle=736 time=4.978693e-01 dt=6.761159e-04
elapsed=5.267372e+02 cycle=737 time=4.985454e-01 dt=6.761145e-04
elapsed=5.273002e+02 cycle=738 time=4.992216e-01 dt=6.761131e-04
elapsed=5.278446e+02 cycle=739 time=4.998977e-01 dt=6.761117e-04
elapsed=5.287623e+02 cycle=740 time=5.005738e-01 dt=6.761103e-04
elapsed=5.292905e+02 cycle=741 time=5.012499e-01 dt=6.761089e-04
elapsed=5.298156e+02 cycle=742 time=5.019260e-01 dt=6.761075e-04
elapsed=5.303394e+02 cycle=743 time=5.026021e-01 dt=6.761061e-04
elapsed=5.308795e+02 cycle=744 time=5.032782e-01 dt=6.761047e-04
elapsed=5.314492e+02 cycle=745 time=5.039543e-01 dt=6.761033e-04
elapsed=5.320254e+02 cycle=746 time=5.046304e-01 dt=6.761019e-04
elapsed=5.325876e+02 cycle=747 time=5.053065e-01 dt=6.761005e-04
elapsed=5.331488e+02 cycle=748 time=5.059826e-01 dt=6.760991e-04
elapsed=5.336761e+02 cycle=749 time=5.066587e-01 dt=6.760976e-04
elapsed=5.341982e+02 cycle=750 time=5.073348e-01 dt=6.760962e-04
elapsed=5.347289e+02 cycle=751 time=5.080109e-01 dt=6.760948e-04
elapsed=5.352710e+02 cycle=752 time=5.086870e-01 dt=6.760934e-04
elapsed=5.358168e+02 cycle=753 time=5.093631e-01 dt=6.760920e-04
elapsed=5.363710e+02 cycle=754 time=5.100392e-01 dt=6.760906e-04
elapsed=5.369155e+02 cycle=755 time=5.107153e-01 dt=6.760891e-04
elapsed=5.374458e+02 cycle=756 time=5.113914e-01 dt=6.760877e-04
elapsed=5.380710e+02 cycle=757 time=5.120675e-01 dt=6.760863e-04
elapsed=5.385958e+02 cycle=758 time=5.127435e-01 dt=6.760849e-04
elapsed=5.391597e+02 cycle=759 time=5.134196e-01 dt=6.760835e-04
elapsed=5.397204e+02 cycle=760 time=5.140957e-01 dt=6.760820e-04
elapsed=5.402764e+02 cycle=761 time=5.147718e-01 dt=6.760806e-04
elapsed=5.408516e+02 cycle=762 time=5.154479e-01 dt=6.760792e-04
elapsed=5.413864e+02 cycle=763 time=5.161240e-01 dt=6.760778e-04
elapsed=5.419085e+02 cycle=764 time=5.168000e-01 dt=6.760763e-04
elapsed=5.424324e+02 cycle=765 time=5.174761e-01 dt=6.760749e-04
elapsed=5.430572e+02 cycle=766 time=5.181522e-01 dt=6.760735e-04
elapsed=5.437194e+02 cycle=767 time=5.188283e-01 dt=6.760721e-04
elapsed=5.442801e+02 cycle=768 time=5.195043e-01 dt=6.760706e-04
elapsed=5.448277e+02 cycle=769 time=5.201804e-01 dt=6.760692e-04
elapsed=5.453698e+02 cycle=770 time=5.208565e-01 dt=6.760678e-04
elapsed=5.458941e+02 cycle=771 time=5.215325e-01 dt=6.760663e-04
elapsed=5.464153e+02 cycle=772 time=5.222086e-01 dt=6.760649e-04
elapsed=5.469393e+02 cycle=773 time=5.228847e-01 dt=6.760635e-04
elapsed=5.474802e+02 cycle=774 time=5.235607e-01 dt=6.760620e-04
elapsed=5.480233e+02 cycle=775 time=5.242368e-01 dt=6.760606e-04
elapsed=5.485697e+02 cycle=776 time=5.249129e-01 dt=6.760592e-04
elapsed=5.491195e+02 cycle=777 time=5.255889e-01 dt=6.760577e-04
elapsed=5.496498e+02 cycle=778 time=5.262650e-01 dt=6.760563e-04
elapsed=5.501732e+02 cycle=779 time=5.269410e-01 dt=6.760548e-04
elapsed=5.507033e+02 cycle=780 time=5.276171e-01 dt=6.760534e-04
elapsed=5.512450e+02 cycle=781 time=5.282931e-01 dt=6.760520e-04
elapsed=5.517869e+02 cycle=782 time=5.289692e-01 dt=6.760505e-04
elapsed=5.523413e+02 cycle=783 time=5.296452e-01 dt=6.760491e-04
elapsed=5.528967e+02 cycle=784 time=5.303213e-01 dt=6.760476e-04
elapsed=5.534626e+02 cycle=785 time=5.309973e-01 dt=6.760462e-04
elapsed=5.539866e+02 cycle=786 time=5.316734e-01 dt=6.760447e-04
elapsed=5.545197e+02 cycle=787 time=5.323494e-01 dt=6.760433e-04
elapsed=5.550425e+02 cycle=788 time=5.330255e-01 dt=6.760419e-04
elapsed=5.555829e+02 cycle=789 time=5.337015e-01 dt=6.760404e-04
elapsed=5.561516e+02 cycle=790 time=5.343776e-01 dt=6.760390e-04
elapsed=5.567060e+02 cycle=791 time=5.350536e-01 dt=6.760375e-04
elapsed=5.572580e+02 cycle=792 time=5.357296e-01 dt=6.760361e-04
elapsed=5.577896e+02 cycle=793 time=5.364057e-01 dt=6.760346e-04
elapsed=5.583258e+02 cycle=794 time=5.370817e-01 dt=6.760332e-04
elapsed=5.588471e+02 cycle=795 time=5.377577e-01 dt=6.760317e-04
elapsed=5.593742e+02 cycle=796 time=5.384338e-01 dt=6.760303e-04
elapsed=5.600161e+02 cycle=797 time=5.391098e-01 dt=6.760288e-04
elapsed=5.605624e+02 cycle=798 time=5.397858e-01 dt=6.760273e-04
elapsed=5.611089e+02 cycle=799 time=5.404619e-01 dt=6.760259e-04
elapsed=5.616559e+02 cycle=800 time=5.411379e-01 dt=6.760244e-04
elapsed=5.621887e+02 cycle=801 time=5.418139e-01 dt=6.760230e-04
elapsed=5.627197e+02 cycle=802 time=5.424899e-01 dt=6.760215e-04
elapsed=5.632422e+02 cycle=803 time=5.431659e-01 dt=6.760201e-04
elapsed=5.637782e+02 cycle=804 time=5.438420e-01 dt=6.760186e-04
elapsed=5.644125e+02 cycle=805 time=5.445180e-01 dt=6.760171e-04
elapsed=5.649673e+02 cycle=806 time=5.451940e-01 dt=6.760157e-04
elapsed=5.655261e+02 cycle=807 time=5.458700e-01 dt=6.760142e-04
elapsed=5.660555e+02 cycle=808 time=5.465460e-01 dt=6.760128e-04
elapsed=5.666769e+02 cycle=809 time=5.472220e-01 dt=6.760113e-04
elapsed=5.672032e+02 cycle=810 time=5.478981e-01 dt=6.760098e-04
elapsed=5.677373e+02 cycle=811 time=5.485741e-01 dt=6.760084e-04
elapsed=5.683069e+02 cycle=812 time=5.492501e-01 dt=6.760069e-04
elapsed=5.688696e+02 cycle=813 time=5.499261e-01 dt=6.760054e-04
elapsed=5.694469e+02 cycle=814 time=5.506021e-01 dt=6.760040e-04
elapsed=5.699930e+02 cycle=815 time=5.512781e-01 dt=6.760025e-04
elapsed=5.705210e+02 cycle=816 time=5.519541e-01 dt=6.760010e-04
elapsed=5.710472e+02 cycle=817 time=5.526301e-01 dt=6.759996e-04
elapsed=5.715733e+02 cycle=818 time=5.533061e-01 dt=6.759981e-04
elapsed=5.721377e+02 cycle=819 time=5.539821e-01 dt=6.759966e-04
elapsed=5.726980e+02 cycle=820 time=5.546581e-01 dt=6.759952e-04
elapsed=5.732447e+02 cycle=821 time=5.553341e-01 dt=6.759937e-04
elapsed=5.737988e+02 cycle=822 time=5.560101e-01 dt=6.759922e-04
elapsed=5.743396e+02 cycle=823 time=5.566861e-01 dt=6.759908e-04
elapsed=5.748809e+02 cycle=824 time=5.573621e-01 dt=6.759893e-04
elapsed=5.754235e+02 cycle=825 time=5.580381e-01 dt=6.759878e-04
elapsed=5.759603e+02 cycle=826 time=5.587140e-01 dt=6.759863e-04
elapsed=5.765051e+02 cycle=827 time=5.593900e-01 dt=6.759849e-04
elapsed=5.770537e+02 cycle=828 time=5.600660e-01 dt=6.759834e-04
elapsed=5.776003e+02 cycle=829 time=5.607420e-01 dt=6.759819e-04
elapsed=5.781433e+02 cycle=830 time=5.614180e-01 dt=6.759804e-04
elapsed=5.786753e+02 cycle=831 time=5.620940e-01 dt=6.759790e-04
elapsed=5.792013e+02 cycle=832 time=5.627699e-01 dt=6.759775e-04
elapsed=5.797231e+02 cycle=833 time=5.634459e-01 dt=6.759760e-04
elapsed=5.802815e+02 cycle=834 time=5.641219e-01 dt=6.759745e-04
elapsed=5.808385e+02 cycle=835 time=5.647979e-01 dt=6.759730e-04
elapsed=5.813881e+02 cycle=836 time=5.654738e-01 dt=6.759716e-04
elapsed=5.819455e+02 cycle=837 time=5.661498e-01 dt=6.759701e-04
elapsed=5.824832e+02 cycle=838 time=5.668258e-01 dt=6.759686e-04
elapsed=5.830190e+02 cycle=839 time=5.675017e-01 dt=6.759671e-04
elapsed=5.835460e+02 cycle=840 time=5.681777e-01 dt=6.759656e-04
elapsed=5.840847e+02 cycle=841 time=5.688537e-01 dt=6.759642e-04
elapsed=5.846553e+02 cycle=842 time=5.695296e-01 dt=6.759627e-04
elapsed=5.851987e+02 cycle=843 time=5.702056e-01 dt=6.759612e-04
elapsed=5.857533e+02 cycle=844 time=5.708816e-01 dt=6.759597e-04
elapsed=5.863125e+02 cycle=845 time=5.715575e-01 dt=6.759582e-04
elapsed=5.868539e+02 cycle=846 time=5.722335e-01 dt=6.759567e-04
elapsed=5.873769e+02 cycle=847 time=5.729094e-01 dt=6.759552e-04
elapsed=5.878986e+02 cycle=848 time=5.735854e-01 dt=6.759538e-04
elapsed=5.884335e+02 cycle=849 time=5.742614e-01 dt=6.759523e-04
elapsed=5.889831e+02 cycle=850 time=5.749373e-01 dt=6.759508e-04
elapsed=5.895295e+02 cycle=851 time=5.756133e-01 dt=6.759493e-04
elapsed=5.900751e+02 cycle=852 time=5.762892e-01 dt=6.759478e-04
elapsed=5.906040e+02 cycle=853 time=5.769652e-01 dt=6.759463e-04
elapsed=5.911264e+02 cycle=854 time=5.776411e-01 dt=6.759448e-04
elapsed=5.916512e+02 cycle=855 time=5.783170e-01 dt=6.759433e-04
elapsed=5.921778e+02 cycle=856 time=5.789930e-01 dt=6.759418e-04
elapsed=5.927381e+02 cycle=857 time=5.796689e-01 dt=6.759403e-04
elapsed=5.932923e+02 cycle=858 time=5.803449e-01 dt=6.759388e-04
elapsed=5.938488e+02 cycle=859 time=5.810208e-01 dt=6.759374e-04
elapsed=5.944012e+02 cycle=860 time=5.816967e-01 dt=6.759359e-04
elapsed=5.949237e+02 cycle=861 time=5.823727e-01 dt=6.759344e-04
elapsed=5.954450e+02 cycle=862 time=5.830486e-01 dt=6.759329e-04
elapsed=5.959673e+02 cycle=863 time=5.837245e-01 dt=6.759314e-04
elapsed=5.965001e+02 cycle=864 time=5.844005e-01 dt=6.759299e-04
elapsed=5.970468e+02 cycle=865 time=5.850764e-01 dt=6.759284e-04
elapsed=5.975910e+02 cycle=866 time=5.857523e-01 dt=6.759269e-04
elapsed=5.981379e+02 cycle=867 time=5.864283e-01 dt=6.759254e-04
elapsed=5.986725e+02 cycle=868 time=5.871042e-01 dt=6.759239e-04
elapsed=5.991977e+02 cycle=869 time=5.877801e-01 dt=6.759224e-04
elapsed=5.997190e+02 cycle=870 time=5.884560e-01 dt=6.759209e-04
elapsed=6.002458e+02 cycle=871 time=5.891320e-01 dt=6.759194e-04
elapsed=6.007924e+02 cycle=872 time=5.898079e-01 dt=6.759179e-04
elapsed=6.013422e+02 cycle=873 time=5.904838e-01 dt=6.759164e-04
elapsed=6.018899e+02 cycle=874 time=5.911597e-01 dt=6.759149e-04
elapsed=6.024313e+02 cycle=875 time=5.918356e-01 dt=6.759134e-04
elapsed=6.030529e+02 cycle=876 time=5.925115e-01 dt=6.759119e-04
elapsed=6.035741e+02 cycle=877 time=5.931875e-01 dt=6.759104e-04
elapsed=6.040945e+02 cycle=878 time=5.938634e-01 dt=6.759089e-04
elapsed=6.046362e+02 cycle=879 time=5.945393e-01 dt=6.759074e-04
elapsed=6.051948e+02 cycle=880 time=5.952152e-01 dt=6.759059e-04
elapsed=6.057533e+02 cycle=881 time=5.958911e-01 dt=6.759044e-04
elapsed=6.062986e+02 cycle=882 time=5.965670e-01 dt=6.759029e-04
elapsed=6.068293e+02 cycle=883 time=5.972429e-01 dt=6.759013e-04
elapsed=6.073530e+02 cycle=884 time=5.979188e-01 dt=6.758998e-04
elapsed=6.078763e+02 cycle=885 time=5.985947e-01 dt=6.758983e-04
elapsed=6.083978e+02 cycle=886 time=5.992706e-01 dt=6.758968e-04
elapsed=6.089389e+02 cycle=887 time=5.999465e-01 dt=6.758953e-04
elapsed=6.094987e+02 cycle=888 time=6.006224e-01 dt=6.758938e-04
elapsed=6.100454e+02 cycle=889 time=6.012983e-01 dt=6.758923e-04
elapsed=6.105937e+02 cycle=890 time=6.019742e-01 dt=6.758908e-04
elapsed=6.111194e+02 cycle=891 time=6.026501e-01 dt=6.758893e-04
elapsed=6.116444e+02 cycle=892 time=6.033259e-01 dt=6.758878e-04
elapsed=6.121658e+02 cycle=893 time=6.040018e-01 dt=6.758863e-04
elapsed=6.127112e+02 cycle=894 time=6.046777e-01 dt=6.758847e-04
elapsed=6.132645e+02 cycle=895 time=6.053536e-01 dt=6.758832e-04
elapsed=6.138115e+02 cycle=896 time=6.060295e-01 dt=6.758817e-04
elapsed=6.143701e+02 cycle=897 time=6.067054e-01 dt=6.758802e-04
elapsed=6.149046e+02 cycle=898 time=6.073813e-01 dt=6.758787e-04
elapsed=6.154288e+02 cycle=899 time=6.080571e-01 dt=6.758772e-04
elapsed=6.159596e+02 cycle=900 time=6.087330e-01 dt=6.758757e-04
elapsed=6.164836e+02 cycle=901 time=6.094089e-01 dt=6.758742e-04
elapsed=6.170233e+02 cycle=902 time=6.100848e-01 dt=6.758726e-04
elapsed=6.175611e+02 cycle=903 time=6.107606e-01 dt=6.758711e-04
elapsed=6.181048e+02 cycle=904 time=6.114365e-01 dt=6.758696e-04
elapsed=6.186640e+02 cycle=905 time=6.121124e-01 dt=6.758681e-04
elapsed=6.191934e+02 cycle=906 time=6.127882e-01 dt=6.758666e-04
elapsed=6.197228e+02 cycle=907 time=6.134641e-01 dt=6.758651e-04
elapsed=6.202482e+02 cycle=908 time=6.141400e-01 dt=6.758635e-04
elapsed=6.207809e+02 cycle=909 time=6.148158e-01 dt=6.758620e-04
elapsed=6.213230e+02 cycle=910 time=6.154917e-01 dt=6.758605e-04
elapsed=6.218736e+02 cycle=911 time=6.161676e-01 dt=6.758590e-04
elapsed=6.224266e+02 cycle=912 time=6.168434e-01 dt=6.758575e-04
elapsed=6.229678e+02 cycle=913 time=6.175193e-01 dt=6.758560e-04
elapsed=6.234980e+02 cycle=914 time=6.181951e-01 dt=6.758544e-04
elapsed=6.240233e+02 cycle=915 time=6.188710e-01 dt=6.758529e-04
elapsed=6.245594e+02 cycle=916 time=6.195468e-01 dt=6.758514e-04
elapsed=6.251045e+02 cycle=917 time=6.202227e-01 dt=6.758499e-04
elapsed=6.256507e+02 cycle=918 time=6.208985e-01 dt=6.758483e-04
elapsed=6.262005e+02 cycle=919 time=6.215744e-01 dt=6.758468e-04
elapsed=6.267583e+02 cycle=920 time=6.222502e-01 dt=6.758453e-04
elapsed=6.272850e+02 cycle=921 time=6.229261e-01 dt=6.758438e-04
elapsed=6.278070e+02 cycle=922 time=6.236019e-01 dt=6.758423e-04
elapsed=6.283329e+02 cycle=923 time=6.242778e-01 dt=6.758407e-04
elapsed=6.288656e+02 cycle=924 time=6.249536e-01 dt=6.758392e-04
elapsed=6.294080e+02 cycle=925 time=6.256294e-01 dt=6.758377e-04
elapsed=6.299503e+02 cycle=926 time=6.263053e-01 dt=6.758362e-04
elapsed=6.304994e+02 cycle=927 time=6.269811e-01 dt=6.758346e-04
elapsed=6.310362e+02 cycle=928 time=6.276570e-01 dt=6.758331e-04
elapsed=6.315646e+02 cycle=929 time=6.283328e-01 dt=6.758316e-04
elapsed=6.320898e+02 cycle=930 time=6.290086e-01 dt=6.758301e-04
elapsed=6.326150e+02 cycle=931 time=6.296844e-01 dt=6.758285e-04
elapsed=6.331822e+02 cycle=932 time=6.303603e-01 dt=6.758270e-04
elapsed=6.337702e+02 cycle=933 time=6.310361e-01 dt=6.758255e-04
elapsed=6.343191e+02 cycle=934 time=6.317119e-01 dt=6.758239e-04
elapsed=6.348642e+02 cycle=935 time=6.323878e-01 dt=6.758224e-04
elapsed=6.353894e+02 cycle=936 time=6.330636e-01 dt=6.758209e-04
elapsed=6.359131e+02 cycle=937 time=6.337394e-01 dt=6.758194e-04
elapsed=6.364377e+02 cycle=938 time=6.344152e-01 dt=6.758178e-04
elapsed=6.369694e+02 cycle=939 time=6.350910e-01 dt=6.758163e-04
elapsed=6.375088e+02 cycle=940 time=6.357668e-01 dt=6.758148e-04
elapsed=6.380517e+02 cycle=941 time=6.364427e-01 dt=6.758132e-04
elapsed=6.386055e+02 cycle=942 time=6.371185e-01 dt=6.758117e-04
elapsed=6.391464e+02 cycle=943 time=6.377943e-01 dt=6.758102e-04
elapsed=6.396795e+02 cycle=944 time=6.384701e-01 dt=6.758086e-04
elapsed=6.402230e+02 cycle=945 time=6.391459e-01 dt=6.758071e-04
elapsed=6.407625e+02 cycle=946 time=6.398217e-01 dt=6.758056e-04
elapsed=6.413212e+02 cycle=947 time=6.404975e-01 dt=6.758041e-04
elapsed=6.418749e+02 cycle=948 time=6.411733e-01 dt=6.758025e-04
elapsed=6.424199e+02 cycle=949 time=6.418491e-01 dt=6.758010e-04
elapsed=6.429713e+02 cycle=950 time=6.425249e-01 dt=6.757995e-04
elapsed=6.435037e+02 cycle=951 time=6.432007e-01 dt=6.757979e-04
elapsed=6.440299e+02 cycle=952 time=6.438765e-01 dt=6.757964e-04
elapsed=6.445577e+02 cycle=953 time=6.445523e-01 dt=6.757948e-04
elapsed=6.450958e+02 cycle=954 time=6.452281e-01 dt=6.757933e-04
elapsed=6.456469e+02 cycle=955 time=6.459039e-01 dt=6.757918e-04
elapsed=6.462085e+02 cycle=956 time=6.465797e-01 dt=6.757902e-04
elapsed=6.467639e+02 cycle=957 time=6.472555e-01 dt=6.757887e-04
elapsed=6.473065e+02 cycle=958 time=6.479313e-01 dt=6.757872e-04
elapsed=6.478320e+02 cycle=959 time=6.486071e-01 dt=6.757856e-04
elapsed=6.484361e+02 cycle=960 time=6.492829e-01 dt=6.757841e-04
elapsed=6.490695e+02 cycle=961 time=6.499586e-01 dt=6.757826e-04
elapsed=6.496580e+02 cycle=962 time=6.506344e-01 dt=6.757810e-04
elapsed=6.502546e+02 cycle=963 time=6.513102e-01 dt=6.757795e-04
elapsed=6.508441e+02 cycle=964 time=6.519860e-01 dt=6.757779e-04
elapsed=6.514212e+02 cycle=965 time=6.526618e-01 dt=6.757764e-04
elapsed=6.519541e+02 cycle=966 time=6.533375e-01 dt=6.757749e-04
elapsed=6.524773e+02 cycle=967 time=6.540133e-01 dt=6.757733e-04
elapsed=6.530008e+02 cycle=968 time=6.546891e-01 dt=6.757718e-04
elapsed=6.535341e+02 cycle=969 time=6.553649e-01 dt=6.757703e-04
elapsed=6.540741e+02 cycle=970 time=6.560406e-01 dt=6.757687e-04
elapsed=6.546168e+02 cycle=971 time=6.567164e-01 dt=6.757672e-04
elapsed=6.551633e+02 cycle=972 time=6.573922e-01 dt=6.757656e-04
elapsed=6.557033e+02 cycle=973 time=6.580679e-01 dt=6.757641e-04
elapsed=6.562314e+02 cycle=974 time=6.587437e-01 dt=6.757625e-04
elapsed=6.567630e+02 cycle=975 time=6.594195e-01 dt=6.757610e-04
elapsed=6.572846e+02 cycle=976 time=6.600952e-01 dt=6.757595e-04
elapsed=6.578412e+02 cycle=977 time=6.607710e-01 dt=6.757579e-04
elapsed=6.584069e+02 cycle=978 time=6.614467e-01 dt=6.757564e-04
elapsed=6.589558e+02 cycle=979 time=6.621225e-01 dt=6.757548e-04
elapsed=6.595114e+02 cycle=980 time=6.627982e-01 dt=6.757533e-04
elapsed=6.600537e+02 cycle=981 time=6.634740e-01 dt=6.757518e-04
elapsed=6.605855e+02 cycle=982 time=6.641497e-01 dt=6.757502e-04
elapsed=6.611095e+02 cycle=983 time=6.648255e-01 dt=6.757487e-04
elapsed=6.616451e+02 cycle=984 time=6.655012e-01 dt=6.757471e-04
elapsed=6.621872e+02 cycle=985 time=6.661770e-01 dt=6.757456e-04
elapsed=6.627399e+02 cycle=986 time=6.668527e-01 dt=6.757440e-04
elapsed=6.632877e+02 cycle=987 time=6.675285e-01 dt=6.757425e-04
elapsed=6.638554e+02 cycle=988 time=6.682042e-01 dt=6.757409e-04
elapsed=6.643802e+02 cycle=989 time=6.688800e-01 dt=6.757394e-04
elapsed=6.649100e+02 cycle=990 time=6.695557e-01 dt=6.757378e-04
elapsed=6.654422e+02 cycle=991 time=6.702314e-01 dt=6.757363e-04
elapsed=6.659879e+02 cycle=992 time=6.709072e-01 dt=6.757348e-04
elapsed=6.665283e+02 cycle=993 time=6.715829e-01 dt=6.757332e-04
elapsed=6.670705e+02 cycle=994 time=6.722586e-01 dt=6.757317e-04
elapsed=6.676310e+02 cycle=995 time=6.729344e-01 dt=6.757301e-04
elapsed=6.681658e+02 cycle=996 time=6.736101e-01 dt=6.757286e-04
elapsed=6.686913e+02 cycle=997 time=6.742858e-01 dt=6.757270e-04
elapsed=6.692165e+02 cycle=998 time=6.749616e-01 dt=6.757255e-04
elapsed=6.697479e+02 cycle=999 time=6.756373e-01 dt=6.757239e-04
elapsed=6.702932e+02 cycle=1000 time=6.763130e-01 dt=6.757224e-04
elapsed=6.708416e+02 cycle=1001 time=6.769887e-01 dt=6.757208e-04
elapsed=6.713974e+02 cycle=1002 time=6.776645e-01 dt=6.757193e-04
elapsed=6.719512e+02 cycle=1003 time=6.783402e-01 dt=6.757177e-04
elapsed=6.724799e+02 cycle=1004 time=6.790159e-01 dt=6.757162e-04
elapsed=6.730071e+02 cycle=1005 time=6.796916e-01 dt=6.757146e-04
elapsed=6.735353e+02 cycle=1006 time=6.803673e-01 dt=6.757131e-04
elapsed=6.740897e+02 cycle=1007 time=6.810430e-01 dt=6.757115e-04
elapsed=6.746541e+02 cycle=1008 time=6.817188e-01 dt=6.757100e-04
elapsed=6.752064e+02 cycle=1009 time=6.823945e-01 dt=6.757084e-04
elapsed=6.757615e+02 cycle=1010 time=6.830702e-01 dt=6.757069e-04
elapsed=6.762899e+02 cycle=1011 time=6.837459e-01 dt=6.757053e-04
elapsed=6.768250e+02 cycle=1012 time=6.844216e-01 dt=6.757038e-04
elapsed=6.774512e+02 cycle=1013 time=6.850973e-01 dt=6.757022e-04
elapsed=6.779927e+02 cycle=1014 time=6.857730e-01 dt=6.757007e-04
elapsed=6.785331e+02 cycle=1015 time=6.864487e-01 dt=6.756991e-04
elapsed=6.790850e+02 cycle=1016 time=6.871244e-01 dt=6.756976e-04
elapsed=6.796334e+02 cycle=1017 time=6.878001e-01 dt=6.756960e-04
elapsed=6.801802e+02 cycle=1018 time=6.884758e-01 dt=6.756945e-04
elapsed=6.807130e+02 cycle=1019 time=6.891515e-01 dt=6.756929e-04
elapsed=6.812464e+02 cycle=1020 time=6.898272e-01 dt=6.756913e-04
elapsed=6.817776e+02 cycle=1021 time=6.905029e-01 dt=6.756898e-04
elapsed=6.823281e+02 cycle=1022 time=6.911785e-01 dt=6.756882e-04
elapsed=6.828769e+02 cycle=1023 time=6.918542e-01 dt=6.756867e-04
elapsed=6.834500e+02 cycle=1024 time=6.925299e-01 dt=6.756851e-04
elapsed=6.840227e+02 cycle=1025 time=6.932056e-01 dt=6.756836e-04
elapsed=6.845533e+02 cycle=1026 time=6.938813e-01 dt=6.756820e-04
elapsed=6.850868e+02 cycle=1027 time=6.945570e-01 dt=6.756805e-04
elapsed=6.856107e+02 cycle=1028 time=6.952327e-01 dt=6.756789e-04
elapsed=6.861454e+02 cycle=1029 time=6.959083e-01 dt=6.756773e-04
elapsed=6.866888e+02 cycle=1030 time=6.965840e-01 dt=6.756758e-04
elapsed=6.872298e+02 cycle=1031 time=6.972597e-01 dt=6.756742e-04
elapsed=6.877763e+02 cycle=1032 time=6.979354e-01 dt=6.756727e-04
elapsed=6.883132e+02 cycle=1033 time=6.986110e-01 dt=6.756711e-04
elapsed=6.888400e+02 cycle=1034 time=6.992867e-01 dt=6.756696e-04
elapsed=6.893646e+02 cycle=1035 time=6.999624e-01 dt=6.756680e-04
elapsed=6.898918e+02 cycle=1036 time=7.006380e-01 dt=6.756665e-04
elapsed=6.904510e+02 cycle=1037 time=7.013137e-01 dt=6.756649e-04
elapsed=6.910219e+02 cycle=1038 time=7.019894e-01 dt=6.756633e-04
elapsed=6.915735e+02 cycle=1039 time=7.026650e-01 dt=6.756618e-04
elapsed=6.921275e+02 cycle=1040 time=7.033407e-01 dt=6.756602e-04
elapsed=6.926556e+02 cycle=1041 time=7.040164e-01 dt=6.756587e-04
elapsed=6.931829e+02 cycle=1042 time=7.046920e-01 dt=6.756571e-04
elapsed=6.937019e+02 cycle=1043 time=7.053677e-01 dt=6.756555e-04
elapsed=6.942340e+02 cycle=1044 time=7.060433e-01 dt=6.756540e-04
elapsed=6.947822e+02 cycle=1045 time=7.067190e-01 dt=6.756524e-04
elapsed=6.953263e+02 cycle=1046 time=7.073946e-01 dt=6.756509e-04
elapsed=6.958851e+02 cycle=1047 time=7.080703e-01 dt=6.756493e-04
elapsed=6.964197e+02 cycle=1048 time=7.087459e-01 dt=6.756477e-04
elapsed=6.969430e+02 cycle=1049 time=7.094216e-01 dt=6.756462e-04
elapsed=6.974697e+02 cycle=1050 time=7.100972e-01 dt=6.756446e-04
elapsed=6.979902e+02 cycle=1051 time=7.107729e-01 dt=6.756431e-04
elapsed=6.985331e+02 cycle=1052 time=7.114485e-01 dt=6.756415e-04
elapsed=6.990734e+02 cycle=1053 time=7.121242e-01 dt=6.756399e-04
elapsed=6.996173e+02 cycle=1054 time=7.127998e-01 dt=6.756384e-04
elapsed=7.001782e+02 cycle=1055 time=7.134754e-01 dt=6.756368e-04
elapsed=7.006993e+02 cycle=1056 time=7.141511e-01 dt=6.756353e-04
elapsed=7.012217e+02 cycle=1057 time=7.148267e-01 dt=6.756337e-04
elapsed=7.017457e+02 cycle=1058 time=7.155023e-01 dt=6.756321e-04
elapsed=7.022854e+02 cycle=1059 time=7.161780e-01 dt=6.756306e-04
elapsed=7.028284e+02 cycle=1060 time=7.168536e-01 dt=6.756290e-04
elapsed=7.033704e+02 cycle=1061 time=7.175292e-01 dt=6.756274e-04
elapsed=7.039192e+02 cycle=1062 time=7.182049e-01 dt=6.756259e-04
elapsed=7.045532e+02 cycle=1063 time=7.188805e-01 dt=6.756243e-04
elapsed=7.050803e+02 cycle=1064 time=7.195561e-01 dt=6.756228e-04
elapsed=7.056078e+02 cycle=1065 time=7.202317e-01 dt=6.756212e-04
elapsed=7.061279e+02 cycle=1066 time=7.209074e-01 dt=6.756196e-04
elapsed=7.066891e+02 cycle=1067 time=7.215830e-01 dt=6.756181e-04
elapsed=7.072285e+02 cycle=1068 time=7.222586e-01 dt=6.756165e-04
elapsed=7.077699e+02 cycle=1069 time=7.229342e-01 dt=6.756149e-04
elapsed=7.083190e+02 cycle=1070 time=7.236098e-01 dt=6.756134e-04
elapsed=7.088471e+02 cycle=1071 time=7.242854e-01 dt=6.756118e-04
elapsed=7.093781e+02 cycle=1072 time=7.249611e-01 dt=6.756102e-04
elapsed=7.100773e+02 cycle=1073 time=7.256367e-01 dt=6.756087e-04
elapsed=7.106147e+02 cycle=1074 time=7.263123e-01 dt=6.756071e-04
elapsed=7.111592e+02 cycle=1075 time=7.269879e-01 dt=6.756055e-04
elapsed=7.117057e+02 cycle=1076 time=7.276635e-01 dt=6.756040e-04
elapsed=7.122802e+02 cycle=1077 time=7.283391e-01 dt=6.756024e-04
elapsed=7.128152e+02 cycle=1078 time=7.290147e-01 dt=6.756009e-04
elapsed=7.133465e+02 cycle=1079 time=7.296903e-01 dt=6.755993e-04
elapsed=7.138703e+02 cycle=1080 time=7.303659e-01 dt=6.755977e-04
elapsed=7.143993e+02 cycle=1081 time=7.310415e-01 dt=6.755962e-04
elapsed=7.149725e+02 cycle=1082 time=7.317171e-01 dt=6.755946e-04
elapsed=7.155406e+02 cycle=1083 time=7.323927e-01 dt=6.755930e-04
elapsed=7.161100e+02 cycle=1084 time=7.330683e-01 dt=6.755915e-04
elapsed=7.168484e+02 cycle=1085 time=7.337439e-01 dt=6.755899e-04
elapsed=7.178546e+02 cycle=1086 time=7.344195e-01 dt=6.755883e-04
elapsed=7.185803e+02 cycle=1087 time=7.350950e-01 dt=6.755868e-04
elapsed=7.191076e+02 cycle=1088 time=7.357706e-01 dt=6.755852e-04
elapsed=7.199336e+02 cycle=1089 time=7.364462e-01 dt=6.755836e-04
elapsed=7.209550e+02 cycle=1090 time=7.371218e-01 dt=6.755820e-04
elapsed=7.217122e+02 cycle=1091 time=7.377974e-01 dt=6.755805e-04
elapsed=7.223831e+02 cycle=1092 time=7.384730e-01 dt=6.755789e-04
elapsed=7.230326e+02 cycle=1093 time=7.391485e-01 dt=6.755773e-04
elapsed=7.237560e+02 cycle=1094 time=7.398241e-01 dt=6.755758e-04
elapsed=7.243860e+02 cycle=1095 time=7.404997e-01 dt=6.755742e-04
elapsed=7.252118e+02 cycle=1096 time=7.411753e-01 dt=6.755726e-04
elapsed=7.260407e+02 cycle=1097 time=7.418508e-01 dt=6.755711e-04
elapsed=7.265886e+02 cycle=1098 time=7.425264e-01 dt=6.755695e-04
elapsed=7.271511e+02 cycle=1099 time=7.432020e-01 dt=6.755679e-04
elapsed=7.277042e+02 cycle=1100 time=7.438775e-01 dt=6.755664e-04
elapsed=7.282353e+02 cycle=1101 time=7.445531e-01 dt=6.755648e-04
elapsed=7.287645e+02 cycle=1102 time=7.452287e-01 dt=6.755632e-04
elapsed=7.292879e+02 cycle=1103 time=7.459042e-01 dt=6.755616e-04
elapsed=7.298297e+02 cycle=1104 time=7.465798e-01 dt=6.755601e-04
elapsed=7.303797e+02 cycle=1105 time=7.472554e-01 dt=6.755585e-04
elapsed=7.310249e+02 cycle=1106 time=7.479309e-01 dt=6.755569e-04
elapsed=7.316702e+02 cycle=1107 time=7.486065e-01 dt=6.755554e-04
elapsed=7.323945e+02 cycle=1108 time=7.492820e-01 dt=6.755538e-04
elapsed=7.329306e+02 cycle=1109 time=7.499576e-01 dt=6.755522e-04
elapsed=7.337473e+02 cycle=1110 time=7.506331e-01 dt=6.755507e-04
elapsed=7.342888e+02 cycle=1111 time=7.513087e-01 dt=6.755491e-04
elapsed=7.348566e+02 cycle=1112 time=7.519842e-01 dt=6.755475e-04
elapsed=7.354004e+02 cycle=1113 time=7.526598e-01 dt=6.755459e-04
elapsed=7.359534e+02 cycle=1114 time=7.533353e-01 dt=6.755444e-04
elapsed=7.373046e+02 cycle=1115 time=7.540109e-01 dt=6.755428e-04
elapsed=7.378288e+02 cycle=1116 time=7.546864e-01 dt=6.755412e-04
elapsed=7.383552e+02 cycle=1117 time=7.553620e-01 dt=6.755396e-04
elapsed=7.388784e+02 cycle=1118 time=7.560375e-01 dt=6.755381e-04
elapsed=7.394307e+02 cycle=1119 time=7.567130e-01 dt=6.755365e-04
elapsed=7.399801e+02 cycle=1120 time=7.573886e-01 dt=6.755349e-04
elapsed=7.405231e+02 cycle=1121 time=7.580641e-01 dt=6.755334e-04
elapsed=7.410719e+02 cycle=1122 time=7.587396e-01 dt=6.755318e-04
elapsed=7.416036e+02 cycle=1123 time=7.594152e-01 dt=6.755302e-04
elapsed=7.421369e+02 cycle=1124 time=7.600907e-01 dt=6.755286e-04
elapsed=7.426585e+02 cycle=1125 time=7.607662e-01 dt=6.755271e-04
elapsed=7.431883e+02 cycle=1126 time=7.614418e-01 dt=6.755255e-04
elapsed=7.437262e+02 cycle=1127 time=7.621173e-01 dt=6.755239e-04
elapsed=7.442667e+02 cycle=1128 time=7.627928e-01 dt=6.755223e-04
elapsed=7.448173e+02 cycle=1129 time=7.634683e-01 dt=6.755208e-04
elapsed=7.453524e+02 cycle=1130 time=7.641439e-01 dt=6.755192e-04
elapsed=7.458744e+02 cycle=1131 time=7.648194e-01 dt=6.755176e-04
elapsed=7.463961e+02 cycle=1132 time=7.654949e-01 dt=6.755160e-04
elapsed=7.471057e+02 cycle=1133 time=7.661704e-01 dt=6.755145e-04
elapsed=7.477533e+02 cycle=1134 time=7.668459e-01 dt=6.755129e-04
elapsed=7.482958e+02 cycle=1135 time=7.675214e-01 dt=6.755113e-04
elapsed=7.488431e+02 cycle=1136 time=7.681969e-01 dt=6.755097e-04
elapsed=7.493875e+02 cycle=1137 time=7.688725e-01 dt=6.755082e-04
elapsed=7.499102e+02 cycle=1138 time=7.695480e-01 dt=6.755066e-04
elapsed=7.504314e+02 cycle=1139 time=7.702235e-01 dt=6.755050e-04
elapsed=7.509517e+02 cycle=1140 time=7.708990e-01 dt=6.755034e-04
elapsed=7.514828e+02 cycle=1141 time=7.715745e-01 dt=6.755019e-04
elapsed=7.520324e+02 cycle=1142 time=7.722500e-01 dt=6.755003e-04
elapsed=7.526070e+02 cycle=1143 time=7.729255e-01 dt=6.754987e-04
elapsed=7.532578e+02 cycle=1144 time=7.736010e-01 dt=6.754971e-04
elapsed=7.537918e+02 cycle=1145 time=7.742765e-01 dt=6.754956e-04
elapsed=7.543185e+02 cycle=1146 time=7.749520e-01 dt=6.754940e-04
elapsed=7.548432e+02 cycle=1147 time=7.756275e-01 dt=6.754924e-04
elapsed=7.553675e+02 cycle=1148 time=7.763030e-01 dt=6.754908e-04
elapsed=7.559344e+02 cycle=1149 time=7.769784e-01 dt=6.754893e-04
elapsed=7.564816e+02 cycle=1150 time=7.776539e-01 dt=6.754877e-04
elapsed=7.570532e+02 cycle=1151 time=7.783294e-01 dt=6.754861e-04
elapsed=7.576185e+02 cycle=1152 time=7.790049e-01 dt=6.754845e-04
elapsed=7.581458e+02 cycle=1153 time=7.796804e-01 dt=6.754829e-04
elapsed=7.586690e+02 cycle=1154 time=7.803559e-01 dt=6.754814e-04
elapsed=7.592025e+02 cycle=1155 time=7.810314e-01 dt=6.754798e-04
elapsed=7.597465e+02 cycle=1156 time=7.817068e-01 dt=6.754782e-04
elapsed=7.603013e+02 cycle=1157 time=7.823823e-01 dt=6.754766e-04
elapsed=7.608459e+02 cycle=1158 time=7.830578e-01 dt=6.754751e-04
elapsed=7.613942e+02 cycle=1159 time=7.837333e-01 dt=6.754735e-04
elapsed=7.619315e+02 cycle=1160 time=7.844087e-01 dt=6.754719e-04
elapsed=7.624585e+02 cycle=1161 time=7.850842e-01 dt=6.754703e-04
elapsed=7.629815e+02 cycle=1162 time=7.857597e-01 dt=6.754687e-04
elapsed=7.635069e+02 cycle=1163 time=7.864352e-01 dt=6.754672e-04
elapsed=7.640689e+02 cycle=1164 time=7.871106e-01 dt=6.754656e-04
elapsed=7.646263e+02 cycle=1165 time=7.877861e-01 dt=6.754640e-04
elapsed=7.651949e+02 cycle=1166 time=7.884616e-01 dt=6.754624e-04
elapsed=7.657576e+02 cycle=1167 time=7.891370e-01 dt=6.754608e-04
elapsed=7.662886e+02 cycle=1168 time=7.898125e-01 dt=6.754593e-04
elapsed=7.668193e+02 cycle=1169 time=7.904879e-01 dt=6.754577e-04
elapsed=7.673439e+02 cycle=1170 time=7.911634e-01 dt=6.754561e-04
elapsed=7.678926e+02 cycle=1171 time=7.918388e-01 dt=6.754545e-04
elapsed=7.684475e+02 cycle=1172 time=7.925143e-01 dt=6.754529e-04
elapsed=7.690093e+02 cycle=1173 time=7.931898e-01 dt=6.754514e-04
elapsed=7.695741e+02 cycle=1174 time=7.938652e-01 dt=6.754498e-04
elapsed=7.701106e+02 cycle=1175 time=7.945407e-01 dt=6.754482e-04
elapsed=7.706348e+02 cycle=1176 time=7.952161e-01 dt=6.754466e-04
elapsed=7.711585e+02 cycle=1177 time=7.958916e-01 dt=6.754450e-04
elapsed=7.716848e+02 cycle=1178 time=7.965670e-01 dt=6.754435e-04
elapsed=7.722496e+02 cycle=1179 time=7.972424e-01 dt=6.754419e-04
elapsed=7.727982e+02 cycle=1180 time=7.979179e-01 dt=6.754403e-04
elapsed=7.733505e+02 cycle=1181 time=7.985933e-01 dt=6.754387e-04
elapsed=7.739043e+02 cycle=1182 time=7.992688e-01 dt=6.754371e-04
elapsed=7.744425e+02 cycle=1183 time=7.999442e-01 dt=6.754356e-04
elapsed=7.749701e+02 cycle=1184 time=8.006196e-01 dt=6.754340e-04
elapsed=7.754956e+02 cycle=1185 time=8.012951e-01 dt=6.754324e-04
elapsed=7.760394e+02 cycle=1186 time=8.019705e-01 dt=6.754308e-04
elapsed=7.765912e+02 cycle=1187 time=8.026459e-01 dt=6.754292e-04
elapsed=7.771419e+02 cycle=1188 time=8.033214e-01 dt=6.754276e-04
elapsed=7.776997e+02 cycle=1189 time=8.039968e-01 dt=6.754261e-04
elapsed=7.782333e+02 cycle=1190 time=8.046722e-01 dt=6.754245e-04
elapsed=7.787629e+02 cycle=1191 time=8.053476e-01 dt=6.754229e-04
elapsed=7.792909e+02 cycle=1192 time=8.060231e-01 dt=6.754213e-04
elapsed=7.798243e+02 cycle=1193 time=8.066985e-01 dt=6.754197e-04
elapsed=7.803934e+02 cycle=1194 time=8.073739e-01 dt=6.754181e-04
elapsed=7.809681e+02 cycle=1195 time=8.080493e-01 dt=6.754166e-04
elapsed=7.815369e+02 cycle=1196 time=8.087247e-01 dt=6.754150e-04
elapsed=7.820795e+02 cycle=1197 time=8.094002e-01 dt=6.754134e-04
elapsed=7.826194e+02 cycle=1198 time=8.100756e-01 dt=6.754118e-04
elapsed=7.831512e+02 cycle=1199 time=8.107510e-01 dt=6.754102e-04
elapsed=7.836824e+02 cycle=1200 time=8.114264e-01 dt=6.754086e-04
elapsed=7.842187e+02 cycle=1201 time=8.121018e-01 dt=6.754071e-04
elapsed=7.847738e+02 cycle=1202 time=8.127772e-01 dt=6.754055e-04
elapsed=7.853175e+02 cycle=1203 time=8.134526e-01 dt=6.754039e-04
elapsed=7.858775e+02 cycle=1204 time=8.141280e-01 dt=6.754023e-04
elapsed=7.864017e+02 cycle=1205 time=8.148034e-01 dt=6.754007e-04
elapsed=7.869282e+02 cycle=1206 time=8.154788e-01 dt=6.753991e-04
elapsed=7.874522e+02 cycle=1207 time=8.161542e-01 dt=6.753976e-04
elapsed=7.879809e+02 cycle=1208 time=8.168296e-01 dt=6.753960e-04
elapsed=7.885496e+02 cycle=1209 time=8.175050e-01 dt=6.753944e-04
elapsed=7.891059e+02 cycle=1210 time=8.181804e-01 dt=6.753928e-04
elapsed=7.896763e+02 cycle=1211 time=8.188558e-01 dt=6.753912e-04
elapsed=7.902215e+02 cycle=1212 time=8.195312e-01 dt=6.753896e-04
elapsed=7.907584e+02 cycle=1213 time=8.202066e-01 dt=6.753880e-04
elapsed=7.912799e+02 cycle=1214 time=8.208820e-01 dt=6.753865e-04
elapsed=7.918019e+02 cycle=1215 time=8.215574e-01 dt=6.753849e-04
elapsed=7.923508e+02 cycle=1216 time=8.222327e-01 dt=6.753833e-04
elapsed=7.929096e+02 cycle=1217 time=8.229081e-01 dt=6.753817e-04
elapsed=7.934755e+02 cycle=1218 time=8.235835e-01 dt=6.753801e-04
elapsed=7.940334e+02 cycle=1219 time=8.242589e-01 dt=6.753785e-04
elapsed=7.945570e+02 cycle=1220 time=8.249343e-01 dt=6.753770e-04
elapsed=7.950785e+02 cycle=1221 time=8.256096e-01 dt=6.753754e-04
elapsed=7.955959e+02 cycle=1222 time=8.262850e-01 dt=6.753738e-04
elapsed=7.961258e+02 cycle=1223 time=8.269604e-01 dt=6.753722e-04
elapsed=7.966694e+02 cycle=1224 time=8.276358e-01 dt=6.753706e-04
elapsed=7.972125e+02 cycle=1225 time=8.283111e-01 dt=6.753690e-04
elapsed=7.977627e+02 cycle=1226 time=8.289865e-01 dt=6.753674e-04
elapsed=7.983091e+02 cycle=1227 time=8.296619e-01 dt=6.753658e-04
elapsed=7.988315e+02 cycle=1228 time=8.303372e-01 dt=6.753643e-04
elapsed=7.993540e+02 cycle=1229 time=8.310126e-01 dt=6.753627e-04
elapsed=7.998752e+02 cycle=1230 time=8.316880e-01 dt=6.753611e-04
elapsed=8.004138e+02 cycle=1231 time=8.323633e-01 dt=6.753595e-04
elapsed=8.009514e+02 cycle=1232 time=8.330387e-01 dt=6.753579e-04
elapsed=8.014998e+02 cycle=1233 time=8.337140e-01 dt=6.753563e-04
elapsed=8.020423e+02 cycle=1234 time=8.343894e-01 dt=6.753547e-04
elapsed=8.025629e+02 cycle=1235 time=8.350647e-01 dt=6.753531e-04
elapsed=8.030855e+02 cycle=1236 time=8.357401e-01 dt=6.753516e-04
elapsed=8.036052e+02 cycle=1237 time=8.364155e-01 dt=6.753500e-04
elapsed=8.041429e+02 cycle=1238 time=8.370908e-01 dt=6.753484e-04
elapsed=8.046966e+02 cycle=1239 time=8.377662e-01 dt=6.753468e-04
elapsed=8.052477e+02 cycle=1240 time=8.384415e-01 dt=6.753452e-04
elapsed=8.059054e+02 cycle=1241 time=8.391168e-01 dt=6.753436e-04
elapsed=8.064379e+02 cycle=1242 time=8.397922e-01 dt=6.753420e-04
elapsed=8.069701e+02 cycle=1243 time=8.404675e-01 dt=6.753404e-04
elapsed=8.074958e+02 cycle=1244 time=8.411429e-01 dt=6.753389e-04
elapsed=8.080190e+02 cycle=1245 time=8.418182e-01 dt=6.753373e-04
elapsed=8.085621e+02 cycle=1246 time=8.424935e-01 dt=6.753357e-04
elapsed=8.091067e+02 cycle=1247 time=8.431689e-01 dt=6.753341e-04
elapsed=8.096642e+02 cycle=1248 time=8.438442e-01 dt=6.753325e-04
elapsed=8.102152e+02 cycle=1249 time=8.445195e-01 dt=6.753309e-04
elapsed=8.107405e+02 cycle=1250 time=8.451949e-01 dt=6.753293e-04
elapsed=8.112704e+02 cycle=1251 time=8.458702e-01 dt=6.753277e-04
elapsed=8.118059e+02 cycle=1252 time=8.465455e-01 dt=6.753261e-04
elapsed=8.123522e+02 cycle=1253 time=8.472209e-01 dt=6.753246e-04
elapsed=8.129186e+02 cycle=1254 time=8.478962e-01 dt=6.753230e-04
elapsed=8.134645e+02 cycle=1255 time=8.485715e-01 dt=6.753214e-04
elapsed=8.140166e+02 cycle=1256 time=8.492468e-01 dt=6.753198e-04
elapsed=8.145514e+02 cycle=1257 time=8.499221e-01 dt=6.753182e-04
elapsed=8.150768e+02 cycle=1258 time=8.505975e-01 dt=6.753166e-04
elapsed=8.155996e+02 cycle=1259 time=8.512728e-01 dt=6.753150e-04
elapsed=8.161219e+02 cycle=1260 time=8.519481e-01 dt=6.753134e-04
elapsed=8.166848e+02 cycle=1261 time=8.526234e-01 dt=6.753118e-04
elapsed=8.172296e+02 cycle=1262 time=8.532987e-01 dt=6.753102e-04
elapsed=8.177796e+02 cycle=1263 time=8.539740e-01 dt=6.753087e-04
elapsed=8.183371e+02 cycle=1264 time=8.546493e-01 dt=6.753071e-04
elapsed=8.188761e+02 cycle=1265 time=8.553247e-01 dt=6.753055e-04
elapsed=8.194086e+02 cycle=1266 time=8.560000e-01 dt=6.753039e-04
elapsed=8.199366e+02 cycle=1267 time=8.566753e-01 dt=6.753023e-04
elapsed=8.204885e+02 cycle=1268 time=8.573506e-01 dt=6.753007e-04
elapsed=8.210343e+02 cycle=1269 time=8.580259e-01 dt=6.752991e-04
elapsed=8.215776e+02 cycle=1270 time=8.587012e-01 dt=6.752975e-04
elapsed=8.221372e+02 cycle=1271 time=8.593765e-01 dt=6.752959e-04
elapsed=8.226765e+02 cycle=1272 time=8.600518e-01 dt=6.752943e-04
elapsed=8.232115e+02 cycle=1273 time=8.607270e-01 dt=6.752927e-04
elapsed=8.237406e+02 cycle=1274 time=8.614023e-01 dt=6.752912e-04
elapsed=8.242705e+02 cycle=1275 time=8.620776e-01 dt=6.752896e-04
elapsed=8.248515e+02 cycle=1276 time=8.627529e-01 dt=6.752880e-04
elapsed=8.254067e+02 cycle=1277 time=8.634282e-01 dt=6.752864e-04
elapsed=8.259560e+02 cycle=1278 time=8.641035e-01 dt=6.752848e-04
elapsed=8.265091e+02 cycle=1279 time=8.647788e-01 dt=6.752832e-04
elapsed=8.270360e+02 cycle=1280 time=8.654541e-01 dt=6.752816e-04
elapsed=8.276650e+02 cycle=1281 time=8.661293e-01 dt=6.752800e-04
elapsed=8.281960e+02 cycle=1282 time=8.668046e-01 dt=6.752784e-04
elapsed=8.287395e+02 cycle=1283 time=8.674799e-01 dt=6.752768e-04
elapsed=8.292866e+02 cycle=1284 time=8.681552e-01 dt=6.752752e-04
elapsed=8.298352e+02 cycle=1285 time=8.688305e-01 dt=6.752736e-04
elapsed=8.303960e+02 cycle=1286 time=8.695057e-01 dt=6.752720e-04
elapsed=8.309306e+02 cycle=1287 time=8.701810e-01 dt=6.752705e-04
elapsed=8.314634e+02 cycle=1288 time=8.708563e-01 dt=6.752689e-04
elapsed=8.319851e+02 cycle=1289 time=8.715315e-01 dt=6.752673e-04
elapsed=8.325134e+02 cycle=1290 time=8.722068e-01 dt=6.752657e-04
elapsed=8.330578e+02 cycle=1291 time=8.728821e-01 dt=6.752641e-04
elapsed=8.336080e+02 cycle=1292 time=8.735573e-01 dt=6.752625e-04
elapsed=8.341568e+02 cycle=1293 time=8.742326e-01 dt=6.752609e-04
elapsed=8.346987e+02 cycle=1294 time=8.749079e-01 dt=6.752593e-04
elapsed=8.352253e+02 cycle=1295 time=8.755831e-01 dt=6.752577e-04
elapsed=8.357473e+02 cycle=1296 time=8.762584e-01 dt=6.752561e-04
elapsed=8.362693e+02 cycle=1297 time=8.769336e-01 dt=6.752545e-04
elapsed=8.368166e+02 cycle=1298 time=8.776089e-01 dt=6.752529e-04
elapsed=8.373722e+02 cycle=1299 time=8.782841e-01 dt=6.752513e-04
elapsed=8.379115e+02 cycle=1300 time=8.789594e-01 dt=6.752497e-04
elapsed=8.384579e+02 cycle=1301 time=8.796346e-01 dt=6.752481e-04
elapsed=8.389832e+02 cycle=1302 time=8.803099e-01 dt=6.752465e-04
elapsed=8.395098e+02 cycle=1303 time=8.809851e-01 dt=6.752450e-04
elapsed=8.400397e+02 cycle=1304 time=8.816604e-01 dt=6.752434e-04
elapsed=8.405725e+02 cycle=1305 time=8.823356e-01 dt=6.752418e-04
elapsed=8.411113e+02 cycle=1306 time=8.830109e-01 dt=6.752402e-04
elapsed=8.416511e+02 cycle=1307 time=8.836861e-01 dt=6.752386e-04
elapsed=8.421969e+02 cycle=1308 time=8.843613e-01 dt=6.752370e-04
elapsed=8.427389e+02 cycle=1309 time=8.850366e-01 dt=6.752354e-04
elapsed=8.432608e+02 cycle=1310 time=8.857118e-01 dt=6.752338e-04
elapsed=8.437838e+02 cycle=1311 time=8.863871e-01 dt=6.752322e-04
elapsed=8.443050e+02 cycle=1312 time=8.870623e-01 dt=6.752306e-04
elapsed=8.448384e+02 cycle=1313 time=8.877375e-01 dt=6.752290e-04
elapsed=8.453747e+02 cycle=1314 time=8.884127e-01 dt=6.752274e-04
elapsed=8.459204e+02 cycle=1315 time=8.890880e-01 dt=6.752258e-04
elapsed=8.464766e+02 cycle=1316 time=8.897632e-01 dt=6.752242e-04
elapsed=8.470017e+02 cycle=1317 time=8.904384e-01 dt=6.752226e-04
elapsed=8.475263e+02 cycle=1318 time=8.911136e-01 dt=6.752210e-04
elapsed=8.480488e+02 cycle=1319 time=8.917889e-01 dt=6.752194e-04
elapsed=8.485762e+02 cycle=1320 time=8.924641e-01 dt=6.752178e-04
elapsed=8.491116e+02 cycle=1321 time=8.931393e-01 dt=6.752162e-04
elapsed=8.496549e+02 cycle=1322 time=8.938145e-01 dt=6.752146e-04
elapsed=8.501968e+02 cycle=1323 time=8.944897e-01 dt=6.752130e-04
elapsed=8.507396e+02 cycle=1324 time=8.951649e-01 dt=6.752114e-04
elapsed=8.512636e+02 cycle=1325 time=8.958402e-01 dt=6.752098e-04
elapsed=8.517820e+02 cycle=1326 time=8.965154e-01 dt=6.752082e-04
elapsed=8.523006e+02 cycle=1327 time=8.971906e-01 dt=6.752067e-04
elapsed=8.528488e+02 cycle=1328 time=8.978658e-01 dt=6.752051e-04
elapsed=8.534025e+02 cycle=1329 time=8.985410e-01 dt=6.752035e-04
elapsed=8.539474e+02 cycle=1330 time=8.992162e-01 dt=6.752019e-04
elapsed=8.545010e+02 cycle=1331 time=8.998914e-01 dt=6.752003e-04
elapsed=8.550276e+02 cycle=1332 time=9.005666e-01 dt=6.751987e-04
elapsed=8.555524e+02 cycle=1333 time=9.012418e-01 dt=6.751971e-04
elapsed=8.560773e+02 cycle=1334 time=9.019170e-01 dt=6.751955e-04
elapsed=8.566099e+02 cycle=1335 time=9.025922e-01 dt=6.751939e-04
elapsed=8.571501e+02 cycle=1336 time=9.032674e-01 dt=6.751923e-04
elapsed=8.576999e+02 cycle=1337 time=9.039426e-01 dt=6.751907e-04
elapsed=8.582450e+02 cycle=1338 time=9.046178e-01 dt=6.751891e-04
elapsed=8.587819e+02 cycle=1339 time=9.052930e-01 dt=6.751875e-04
elapsed=8.593091e+02 cycle=1340 time=9.059681e-01 dt=6.751859e-04
elapsed=8.598371e+02 cycle=1341 time=9.066433e-01 dt=6.751843e-04
elapsed=8.603642e+02 cycle=1342 time=9.073185e-01 dt=6.751827e-04
elapsed=8.609130e+02 cycle=1343 time=9.079937e-01 dt=6.751811e-04
elapsed=8.614578e+02 cycle=1344 time=9.086689e-01 dt=6.751795e-04
elapsed=8.620162e+02 cycle=1345 time=9.093441e-01 dt=6.751779e-04
elapsed=8.625724e+02 cycle=1346 time=9.100192e-01 dt=6.751763e-04
elapsed=8.631113e+02 cycle=1347 time=9.106944e-01 dt=6.751747e-04
elapsed=8.636436e+02 cycle=1348 time=9.113696e-01 dt=6.751731e-04
elapsed=8.641771e+02 cycle=1349 time=9.120448e-01 dt=6.751715e-04
elapsed=8.647167e+02 cycle=1350 time=9.127199e-01 dt=6.751699e-04
elapsed=8.652655e+02 cycle=1351 time=9.133951e-01 dt=6.751683e-04
elapsed=8.658114e+02 cycle=1352 time=9.140703e-01 dt=6.751667e-04
elapsed=8.663669e+02 cycle=1353 time=9.147454e-01 dt=6.751651e-04
elapsed=8.669110e+02 cycle=1354 time=9.154206e-01 dt=6.751635e-04
elapsed=8.674420e+02 cycle=1355 time=9.160958e-01 dt=6.751619e-04
elapsed=8.679745e+02 cycle=1356 time=9.167709e-01 dt=6.751603e-04
elapsed=8.685027e+02 cycle=1357 time=9.174461e-01 dt=6.751587e-04
elapsed=8.690693e+02 cycle=1358 time=9.181212e-01 dt=6.751571e-04
elapsed=8.696330e+02 cycle=1359 time=9.187964e-01 dt=6.751555e-04
elapsed=8.701828e+02 cycle=1360 time=9.194716e-01 dt=6.751539e-04
elapsed=8.707341e+02 cycle=1361 time=9.201467e-01 dt=6.751523e-04
elapsed=8.712633e+02 cycle=1362 time=9.208219e-01 dt=6.751507e-04
elapsed=8.717885e+02 cycle=1363 time=9.214970e-01 dt=6.751491e-04
elapsed=8.723252e+02 cycle=1364 time=9.221722e-01 dt=6.751475e-04
elapsed=8.728763e+02 cycle=1365 time=9.228473e-01 dt=6.751459e-04
elapsed=8.734541e+02 cycle=1366 time=9.235225e-01 dt=6.751443e-04
elapsed=8.740215e+02 cycle=1367 time=9.241976e-01 dt=6.751427e-04
elapsed=8.745869e+02 cycle=1368 time=9.248727e-01 dt=6.751411e-04
elapsed=8.751219e+02 cycle=1369 time=9.255479e-01 dt=6.751395e-04
elapsed=8.756514e+02 cycle=1370 time=9.262230e-01 dt=6.751379e-04
elapsed=8.761835e+02 cycle=1371 time=9.268982e-01 dt=6.751363e-04
elapsed=8.767081e+02 cycle=1372 time=9.275733e-01 dt=6.751347e-04
elapsed=8.772782e+02 cycle=1373 time=9.282484e-01 dt=6.751331e-04
elapsed=8.778395e+02 cycle=1374 time=9.289236e-01 dt=6.751315e-04
elapsed=8.784048e+02 cycle=1375 time=9.295987e-01 dt=6.751299e-04
elapsed=8.789512e+02 cycle=1376 time=9.302738e-01 dt=6.751283e-04
elapsed=8.794778e+02 cycle=1377 time=9.309490e-01 dt=6.751267e-04
elapsed=8.800060e+02 cycle=1378 time=9.316241e-01 dt=6.751251e-04
elapsed=8.805368e+02 cycle=1379 time=9.322992e-01 dt=6.751235e-04
elapsed=8.810853e+02 cycle=1380 time=9.329743e-01 dt=6.751219e-04
elapsed=8.816475e+02 cycle=1381 time=9.336494e-01 dt=6.751203e-04
elapsed=8.821984e+02 cycle=1382 time=9.343246e-01 dt=6.751187e-04
elapsed=8.827765e+02 cycle=1383 time=9.349997e-01 dt=6.751171e-04
elapsed=8.833951e+02 cycle=1384 time=9.356748e-01 dt=6.751155e-04
elapsed=8.839222e+02 cycle=1385 time=9.363499e-01 dt=6.751139e-04
elapsed=8.844433e+02 cycle=1386 time=9.370250e-01 dt=6.751123e-04
elapsed=8.849837e+02 cycle=1387 time=9.377001e-01 dt=6.751106e-04
elapsed=8.855539e+02 cycle=1388 time=9.383753e-01 dt=6.751090e-04
elapsed=8.861021e+02 cycle=1389 time=9.390504e-01 dt=6.751074e-04
elapsed=8.866489e+02 cycle=1390 time=9.397255e-01 dt=6.751058e-04
elapsed=8.871959e+02 cycle=1391 time=9.404006e-01 dt=6.751042e-04
elapsed=8.877348e+02 cycle=1392 time=9.410757e-01 dt=6.751026e-04
elapsed=8.882595e+02 cycle=1393 time=9.417508e-01 dt=6.751010e-04
elapsed=8.887893e+02 cycle=1394 time=9.424259e-01 dt=6.750994e-04
elapsed=8.893546e+02 cycle=1395 time=9.431010e-01 dt=6.750978e-04
elapsed=8.899022e+02 cycle=1396 time=9.437761e-01 dt=6.750962e-04
elapsed=8.904504e+02 cycle=1397 time=9.444512e-01 dt=6.750946e-04
elapsed=8.910035e+02 cycle=1398 time=9.451263e-01 dt=6.750930e-04
elapsed=8.915344e+02 cycle=1399 time=9.458014e-01 dt=6.750914e-04
elapsed=8.920677e+02 cycle=1400 time=9.464765e-01 dt=6.750898e-04
elapsed=8.925876e+02 cycle=1401 time=9.471515e-01 dt=6.750882e-04
elapsed=8.931140e+02 cycle=1402 time=9.478266e-01 dt=6.750866e-04
elapsed=8.936607e+02 cycle=1403 time=9.485017e-01 dt=6.750850e-04
elapsed=8.942212e+02 cycle=1404 time=9.491768e-01 dt=6.750834e-04
elapsed=8.947920e+02 cycle=1405 time=9.498519e-01 dt=6.750818e-04
elapsed=8.953374e+02 cycle=1406 time=9.505270e-01 dt=6.750802e-04
elapsed=8.958622e+02 cycle=1407 time=9.512021e-01 dt=6.750786e-04
elapsed=8.963816e+02 cycle=1408 time=9.518771e-01 dt=6.750770e-04
elapsed=8.968993e+02 cycle=1409 time=9.525522e-01 dt=6.750754e-04
elapsed=8.974461e+02 cycle=1410 time=9.532273e-01 dt=6.750738e-04
elapsed=8.980033e+02 cycle=1411 time=9.539024e-01 dt=6.750721e-04
elapsed=8.985502e+02 cycle=1412 time=9.545774e-01 dt=6.750705e-04
elapsed=8.991227e+02 cycle=1413 time=9.552525e-01 dt=6.750689e-04
elapsed=8.996550e+02 cycle=1414 time=9.559276e-01 dt=6.750673e-04
PC-GH one puncture: t=9.566026e-01 max(GH,ADM,red,alg)=(1.491751e-03,5.050597e-03,1.003737e-01,3.526196e-10) min(A,chi,SPD)=(4.798203e-05,2.236667e-09,9.884256e-01)
elapsed=9.013353e+02 cycle=1415 time=9.566026e-01 dt=6.750657e-04

Terminating on wall clock limit
time=9.566026e-01 cycle=1415
tlim=6.000000e+00 nlim=-1

MeshBlock-cycles = 645240
cpu time used  = 8.999922e+02
zone-cycles/cpu_second = 3.670730e+05
particle-updates/cpu_second = 0.000000e+00
