
Root grid = 1 x 1 x 1 MeshBlocks
Total number of MeshBlocks = 176
Number of logical  levels of refinement = 4 (5 levels total)
Number of physical levels of refinement = 4 (5 levels total)
  Physical level = 2 (logical level = 2): 56 MeshBlocks, cost = 56
  Physical level = 3 (logical level = 3): 56 MeshBlocks, cost = 56
  Physical level = 4 (logical level = 4): 96 MeshBlocks, cost = 64
Number of parallel ranks = 1
AssembleZ4cTasks

Setup complete, executing task list(s)...

elapsed=6.955645e-01 cycle=17 time=2.500000e-01 dt=1.562500e-02
elapsed=1.431504e+00 cycle=18 time=2.656250e-01 dt=1.562500e-02
elapsed=2.154870e+00 cycle=19 time=2.812500e-01 dt=1.562500e-02
elapsed=2.864739e+00 cycle=20 time=2.968750e-01 dt=1.562500e-02
elapsed=3.569582e+00 cycle=21 time=3.125000e-01 dt=1.562500e-02
elapsed=4.320403e+00 cycle=22 time=3.281250e-01 dt=1.562500e-02
elapsed=5.033119e+00 cycle=23 time=3.437500e-01 dt=1.562500e-02
elapsed=5.723014e+00 cycle=24 time=3.593750e-01 dt=1.562500e-02
elapsed=6.424865e+00 cycle=25 time=3.750000e-01 dt=1.562500e-02
elapsed=7.121258e+00 cycle=26 time=3.906250e-01 dt=1.562500e-02
elapsed=7.834992e+00 cycle=27 time=4.062500e-01 dt=1.562500e-02
elapsed=8.512397e+00 cycle=28 time=4.218750e-01 dt=1.562500e-02
elapsed=9.250016e+00 cycle=29 time=4.375000e-01 dt=1.562500e-02
elapsed=9.956791e+00 cycle=30 time=4.531250e-01 dt=1.562500e-02
elapsed=1.068698e+01 cycle=31 time=4.687500e-01 dt=1.562500e-02
elapsed=1.137482e+01 cycle=32 time=4.843750e-01 dt=1.562500e-02
elapsed=1.224836e+01 cycle=33 time=5.000000e-01 dt=1.562500e-02

Terminating on time limit
time=5.000000e-01 cycle=33
tlim=5.000000e-01 nlim=-1

MeshBlock-cycles = 2816
cpu time used  = 1.155281e+01
zone-cycles/cpu_second = 1.248001e+05
particle-updates/cpu_second = 0.000000e+00
