feedback/refgh_power_lag_feedback.adm_common0.hst: OK
feedback/refgh_power_lag_feedback.adm_common1.hst: OK
feedback/refgh_power_lag_feedback.adm_common2.hst: OK
feedback/refgh_power_lag_feedback.adm_common3.hst: OK
feedback/refgh_power_lag_feedback.adm_common4.hst: OK
feedback/refgh_power_lag_feedback.adm_common5.hst: OK
feedback/refgh_power_lag_feedback.ref_gh.hst: OK
feedback/refgh_power_lag_feedback.ref_gh_maxloc.tsv: OK
feedback/refgh_power_lag_feedback.ref_gh_power.hst: OK
feedback/refgh_power_lag_feedback.user.hst: OK
feedback/restart_sha256.txt: OK
feedback/restart_sizes.tsv: OK
feedback/run.log: OK
feedback/run_status.txt: OK
frozen/refgh_power_lag_frozen.adm_common0.hst: OK
frozen/refgh_power_lag_frozen.adm_common1.hst: OK
frozen/refgh_power_lag_frozen.adm_common2.hst: OK
frozen/refgh_power_lag_frozen.adm_common3.hst: OK
frozen/refgh_power_lag_frozen.adm_common4.hst: OK
frozen/refgh_power_lag_frozen.adm_common5.hst: OK
frozen/refgh_power_lag_frozen-controlled-transition.dat: OK
frozen/refgh_power_lag_frozen.ref_gh.hst: OK
frozen/refgh_power_lag_frozen.ref_gh_maxloc.tsv: OK
frozen/refgh_power_lag_frozen.ref_gh_power.hst: OK
frozen/refgh_power_lag_frozen.user.hst: OK
frozen/restart_sha256.txt: OK
frozen/restart_sizes.tsv: OK
frozen/run.log: OK
frozen/run_status.txt: OK
prescribed/refgh_power_lag_prescribed.adm_common0.hst: OK
prescribed/refgh_power_lag_prescribed.adm_common1.hst: OK
prescribed/refgh_power_lag_prescribed.adm_common2.hst: OK
prescribed/refgh_power_lag_prescribed.adm_common3.hst: OK
prescribed/refgh_power_lag_prescribed.adm_common4.hst: OK
prescribed/refgh_power_lag_prescribed.adm_common5.hst: OK
prescribed/refgh_power_lag_prescribed.ref_gh.hst: OK
prescribed/refgh_power_lag_prescribed.ref_gh_maxloc.tsv: OK
prescribed/refgh_power_lag_prescribed.ref_gh_power.hst: OK
prescribed/refgh_power_lag_prescribed.user.hst: OK
prescribed/restart_sha256.txt: OK
prescribed/restart_sizes.tsv: OK
prescribed/run.log: OK
prescribed/run_status.txt: OK
provenance.txt: OK
rank_gpu_mapping.txt: OK
analysis.log: OK
scientific_status.txt: OK
three_case_power_lag.json: OK
three_case_power_lag.tsv: OK
three_case_power_lag.png: OK
