
Root grid = 2 x 2 x 2 MeshBlocks
Total number of MeshBlocks = 456
Number of logical  levels of refinement = 9 (10 levels total)
Number of physical levels of refinement = 8 (9 levels total)
  Physical level = 1 (logical level = 2): 56 MeshBlocks, cost = 56
  Physical level = 2 (logical level = 3): 56 MeshBlocks, cost = 56
  Physical level = 3 (logical level = 4): 56 MeshBlocks, cost = 56
  Physical level = 4 (logical level = 5): 56 MeshBlocks, cost = 56
  Physical level = 5 (logical level = 6): 56 MeshBlocks, cost = 56
  Physical level = 6 (logical level = 7): 56 MeshBlocks, cost = 56
  Physical level = 7 (logical level = 8): 56 MeshBlocks, cost = 56
  Physical level = 8 (logical level = 9): 64 MeshBlocks, cost = 64
Number of parallel ranks = 1
Research qualification execution backend: Cuda
PC-GH ADM initialization: min unguarded w=4.51632e-05, division_floor=1e-14, guarded cells=0
PC-GH one-puncture zero-step geometry: blocks=456 finest spacing=(0.00390625,0.00390625,0.00390625)

Setup complete, executing task list(s)...

elapsed=4.630913e+00 cycle=0 time=0.000000e+00 dt=6.765823e-04
elapsed=3.851996e+01 cycle=100 time=6.765822e-02 dt=6.765816e-04
elapsed=7.242954e+01 cycle=200 time=1.353161e-01 dt=6.765739e-04
elapsed=1.063162e+02 cycle=300 time=2.029724e-01 dt=6.765472e-04
elapsed=1.443826e+02 cycle=400 time=2.706246e-01 dt=6.764916e-04
elapsed=1.775700e+02 cycle=500 time=3.382697e-01 dt=6.764058e-04
elapsed=2.112499e+02 cycle=600 time=4.059050e-01 dt=6.762948e-04
elapsed=2.442297e+02 cycle=700 time=4.735282e-01 dt=6.761657e-04
elapsed=2.823144e+02 cycle=800 time=5.411379e-01 dt=6.760245e-04
elapsed=3.162363e+02 cycle=900 time=6.087330e-01 dt=6.758758e-04
elapsed=3.492549e+02 cycle=1000 time=6.763130e-01 dt=6.757226e-04
elapsed=3.832234e+02 cycle=1100 time=7.438776e-01 dt=6.755666e-04
elapsed=4.205671e+02 cycle=1200 time=8.114265e-01 dt=6.754090e-04
elapsed=4.544922e+02 cycle=1300 time=8.789595e-01 dt=6.752502e-04
elapsed=4.883249e+02 cycle=1400 time=9.464766e-01 dt=6.750906e-04
elapsed=5.256349e+02 cycle=1500 time=1.013978e+00 dt=6.749300e-04
elapsed=5.593286e+02 cycle=1600 time=1.081463e+00 dt=6.747685e-04
elapsed=5.921349e+02 cycle=1700 time=1.148932e+00 dt=6.746059e-04
elapsed=6.260062e+02 cycle=1800 time=1.216384e+00 dt=6.744419e-04
elapsed=6.633541e+02 cycle=1900 time=1.283820e+00 dt=6.742760e-04
elapsed=6.821117e+02 cycle=2000 time=1.351239e+00 dt=6.741077e-04
elapsed=6.982066e+02 cycle=2100 time=1.418642e+00 dt=6.739365e-04
elapsed=7.142894e+02 cycle=2200 time=1.486027e+00 dt=6.737585e-04
elapsed=7.307886e+02 cycle=2300 time=1.553393e+00 dt=6.735734e-04
elapsed=7.468625e+02 cycle=2400 time=1.620741e+00 dt=6.733833e-04
elapsed=7.629930e+02 cycle=2500 time=1.688070e+00 dt=6.731876e-04
elapsed=7.793765e+02 cycle=2600 time=1.755379e+00 dt=6.729816e-04
elapsed=7.954777e+02 cycle=2700 time=1.822666e+00 dt=6.727690e-04
elapsed=8.117004e+02 cycle=2800 time=1.889933e+00 dt=6.725515e-04
elapsed=8.277508e+02 cycle=2900 time=1.957177e+00 dt=6.723295e-04
elapsed=8.444816e+02 cycle=3000 time=2.024398e+00 dt=6.721029e-04
elapsed=8.605822e+02 cycle=3100 time=2.091597e+00 dt=6.718716e-04
elapsed=8.766854e+02 cycle=3200 time=2.158773e+00 dt=6.716355e-04
elapsed=8.927833e+02 cycle=3300 time=2.225925e+00 dt=6.713942e-04
PC-GH one puncture: t=2.254792e+00 max(GH,ADM,red,alg)=(9.692227e-02,4.288810e-02,1.863681e+00,3.453021e-07) min(A,chi,SPD)=(6.121696e-05,2.876077e-09,9.674260e-01)

Terminating on wall clock limit
time=2.254792e+00 cycle=3343
tlim=6.000000e+00 nlim=-1

MeshBlock-cycles = 1524408
cpu time used  = 8.965663e+02
zone-cycles/cpu_second = 8.705401e+05
particle-updates/cpu_second = 0.000000e+00
