-- The C compiler identification is GNU 14.3.0
-- The CXX compiler identification is GNU 14.3.0
-- Cray Programming Environment 2.7.35 C
-- Detecting C compiler ABI info
-- Detecting C compiler ABI info - done
-- Check for working C compiler: /opt/cray/pe/craype/2.7.35/bin/cc - skipped
-- Detecting C compile features
-- Detecting C compile features - done
-- Cray Programming Environment 2.7.35 CXX
-- Detecting CXX compiler ABI info
-- Detecting CXX compiler ABI info - done
-- Check for working CXX compiler: /opt/cray/pe/craype/2.7.35/bin/CC - skipped
-- Detecting CXX compile features
-- Detecting CXX compile features - done
-- Found MPI_CXX: /opt/cray/pe/craype/2.7.35/bin/CC (found version "4.0")
-- Found MPI: TRUE (found version "4.0") found components: CXX
-- Found OpenMP_CXX: -fopenmp (found version "4.5")
-- Found OpenMP: TRUE (found version "4.5") found components: CXX
-- Setting default Kokkos CXX standard to 17
-- Kokkos version: 4.7.2
-- The project name is: Kokkos
-- Using internal gtest for testing
-- Configured git information in /pscratch/sd/h/hzhu/axisymmetric-cartoon-chi-stage3-ac75c8d3-v9-20260818/build/athena-cuda/kokkos/generated/Kokkos_Version_Info.cpp
-- Compiler Version: 12.9.41
-- kokkos_launch_compiler (/pscratch/sd/h/hzhu/axisymmetric-cartoon-chi-stage3-ac75c8d3-v9-20260818/source/athenak/kokkos/bin/kokkos_launch_compiler) is enabled...
-- Using -std=c++17 for C++17 standard as feature
-- Built-in Execution Spaces:
--     Device Parallel: Kokkos::Cuda
--     Host Parallel: Kokkos::OpenMP
--       Host Serial: NONE
-- 
-- Architectures:
--  AMPERE80
-- Found CUDAToolkit: /opt/nvidia/hpc_sdk/Linux_x86_64/25.5/cuda/12.9/targets/x86_64-linux/include (found version "12.9.41")
-- Performing Test CMAKE_HAVE_LIBC_PTHREAD
-- Performing Test CMAKE_HAVE_LIBC_PTHREAD - Success
-- Found Threads: TRUE
-- Found OpenMP_CXX: -fopenmp (found suitable version "4.5", minimum required is "3.0")
-- Found OpenMP: TRUE (found suitable version "4.5", minimum required is "3.0") found components: CXX
-- Using internal desul_atomics copy
-- Experimental mdspan support is enabled
-- Using internal mdspan directory /pscratch/sd/h/hzhu/axisymmetric-cartoon-chi-stage3-ac75c8d3-v9-20260818/source/athenak/kokkos/tpls/mdspan/include
-- Kokkos Backends: OPENMP;CUDA
-- Found PythonInterp: /usr/bin/python3 (found suitable version "3.6.15", minimum required is "3")
-- Configuring done (4.8s)
-- Generating done (1.0s)
-- Build files have been written to: /pscratch/sd/h/hzhu/axisymmetric-cartoon-chi-stage3-ac75c8d3-v9-20260818/build/athena-cuda
