{
  "analysis_radius": 1.0,
  "constraint_per_variable": {
    "ref_gh_C0": {
      "difference_64_96_L2": 4.0290176485900136e-10,
      "difference_64_96_Linf": 2.156533916985465e-09,
      "difference_96_128_L2": 1.6299163182084479e-10,
      "difference_96_128_Linf": 4.077094539322015e-09,
      "order_L2": 1.5961786069953559,
      "order_Linf": NaN,
      "ratio_L2": 2.4719168730199486,
      "ratio_Linf": 0.5289389039637226
    },
    "ref_gh_C1": {
      "difference_64_96_L2": 5.036600889903608e-12,
      "difference_64_96_Linf": 2.061186537565542e-11,
      "difference_96_128_L2": 8.477788019399844e-13,
      "difference_96_128_Linf": 3.447337654828051e-12,
      "order_L2": 3.9991318077815796,
      "order_Linf": 4.016322577116826,
      "ratio_L2": 5.940937516222725,
      "ratio_Linf": 5.979067744289039
    },
    "ref_gh_C2": {
      "difference_64_96_L2": 1.64591705267212e-09,
      "difference_64_96_Linf": 2.5338088653775803e-08,
      "difference_96_128_L2": 1.1637063065747802e-10,
      "difference_96_128_Linf": 1.3648337429093202e-09,
      "order_L2": 6.293539108341662,
      "order_Linf": 7.000145217654719,
      "ratio_L2": 14.14374953003963,
      "ratio_Linf": 18.564963524249027
    },
    "ref_gh_C3": {
      "difference_64_96_L2": 1.6459140520654113e-09,
      "difference_64_96_Linf": 2.5338037857122817e-08,
      "difference_96_128_L2": 1.1637069162613042e-10,
      "difference_96_128_Linf": 1.3648341862308006e-09,
      "order_L2": 6.293532988155146,
      "order_Linf": 7.000139188040633,
      "ratio_L2": 14.143716334979915,
      "ratio_Linf": 18.56492027584516
    },
    "ref_gh_curl": {
      "difference_64_96_L2": 1.7649836112611114e-10,
      "difference_64_96_Linf": 1.3037777057054457e-09,
      "difference_96_128_L2": 3.0387259258618696e-11,
      "difference_96_128_Linf": 2.065742838232161e-10,
      "order_L2": 3.9384265060091206,
      "order_Linf": 4.1615044075665395,
      "ratio_L2": 5.808301420801916,
      "ratio_Linf": 6.311423094760448
    },
    "ref_gh_reduction": {
      "difference_64_96_L2": 6.45912531781696e-11,
      "difference_64_96_Linf": 1.5388089648356815e-10,
      "difference_96_128_L2": 1.0975396420294158e-11,
      "difference_96_128_Linf": 2.633988642806107e-11,
      "order_L2": 3.9737473703852055,
      "order_Linf": 3.9540427719017748,
      "ratio_L2": 5.885095235260619,
      "ratio_Linf": 5.842124524866284
    }
  },
  "constraint_variables": [
    "ref_gh_C0",
    "ref_gh_C1",
    "ref_gh_C2",
    "ref_gh_C3",
    "ref_gh_reduction",
    "ref_gh_curl"
  ],
  "dynamic_field": {
    "difference_64_96_L2": 1.1284817019245107e-11,
    "difference_64_96_Linf": 2.220341773540857e-10,
    "difference_96_128_L2": 1.6347718350135078e-12,
    "difference_96_128_Linf": 2.6026958063552675e-11,
    "order_L2": 4.401270547698392,
    "order_Linf": 4.964700947206529,
    "ratio_L2": 6.902992073601429,
    "ratio_Linf": 8.53093076847176
  },
  "field": {
    "difference_64_96_L2": 1.0102905230254189e-11,
    "difference_64_96_Linf": 2.220341773540857e-10,
    "difference_96_128_L2": 1.4632289928990693e-12,
    "difference_96_128_Linf": 2.6026958063552675e-11,
    "order_L2": 4.4018648047673,
    "order_Linf": 4.964700947206529,
    "ratio_L2": 6.904527780192138,
    "ratio_Linf": 8.53093076847176
  },
  "field_per_variable": {
    "ref_gh_Phi122": {
      "difference_64_96_L2": 9.342628386739113e-12,
      "difference_64_96_Linf": 4.8337039574973827e-11,
      "difference_96_128_L2": 1.6697118918002063e-12,
      "difference_96_128_Linf": 1.915191732130313e-11,
      "order_L2": 3.837879810641719,
      "order_Linf": 1.6543623455234227,
      "ratio_L2": 5.595353565258688,
      "ratio_Linf": 2.52387469954287
    },
    "ref_gh_Phi133": {
      "difference_64_96_L2": 9.34262796806195e-12,
      "difference_64_96_Linf": 4.833703359608589e-11,
      "difference_96_128_L2": 1.6697114727961049e-12,
      "difference_96_128_Linf": 1.915191626840809e-11,
      "order_L2": 3.8378803659494363,
      "order_Linf": 1.6543621534210913,
      "ratio_L2": 5.5953547186309684,
      "ratio_Linf": 2.5238745261130817
    },
    "ref_gh_Phi222": {
      "difference_64_96_L2": 9.38450049064025e-12,
      "difference_64_96_Linf": 4.8488819451805717e-11,
      "difference_96_128_L2": 1.6924624265567146e-12,
      "difference_96_128_Linf": 1.9402054506640437e-11,
      "order_L2": 3.813463574673859,
      "order_Linf": 1.6268437229516368,
      "ratio_L2": 5.544879663729288,
      "ratio_Linf": 2.4991590161346164
    },
    "ref_gh_Phi233": {
      "difference_64_96_L2": 9.17193615061122e-12,
      "difference_64_96_Linf": 4.755476757429353e-11,
      "difference_96_128_L2": 1.6269087207674376e-12,
      "difference_96_128_Linf": 1.8921422399144196e-11,
      "order_L2": 3.8581626025592373,
      "order_Linf": 1.6425971647936057,
      "ratio_L2": 5.6376464355570475,
      "ratio_Linf": 2.513276569336796
    },
    "ref_gh_Phi322": {
      "difference_64_96_L2": 9.171936002947242e-12,
      "difference_64_96_Linf": 4.755476792276818e-11,
      "difference_96_128_L2": 1.6269095347249574e-12,
      "difference_96_128_Linf": 1.8921421510030916e-11,
      "order_L2": 3.858161211805003,
      "order_Linf": 1.64259731667743,
      "ratio_L2": 5.637643524228182,
      "ratio_Linf": 2.5132767058520264
    },
    "ref_gh_Phi333": {
      "difference_64_96_L2": 9.38450209214795e-12,
      "difference_64_96_Linf": 4.848882388816725e-11,
      "difference_96_128_L2": 1.692460949369986e-12,
      "difference_96_128_Linf": 1.9402054259240642e-11,
      "order_L2": 3.8134663867666028,
      "order_Linf": 1.6268440145240204,
      "ratio_L2": 5.54488544958234,
      "ratio_Linf": 2.4991592766561515
    },
    "ref_gh_Pi22": {
      "difference_64_96_L2": 1.580854808849677e-11,
      "difference_64_96_Linf": 2.2203385753633202e-10,
      "difference_96_128_L2": 1.5461962104874096e-12,
      "difference_96_128_Linf": 2.6026943353220816e-11,
      "order_L2": 5.443099327411289,
      "order_Linf": 4.964698627370479,
      "ratio_L2": 10.224153947132892,
      "ratio_Linf": 8.53092330217315
    },
    "ref_gh_Pi33": {
      "difference_64_96_L2": 1.5808561424263603e-11,
      "difference_64_96_Linf": 2.220341773540857e-10,
      "difference_96_128_L2": 1.5461936957442123e-12,
      "difference_96_128_Linf": 2.6026958063552675e-11,
      "order_L2": 5.443105833758954,
      "order_Linf": 4.964700947206529,
      "ratio_L2": 10.224179200688464,
      "ratio_Linf": 8.53093076847176
    },
    "ref_gh_Psi22": {
      "difference_64_96_L2": 9.773443880094644e-13,
      "difference_64_96_Linf": 4.837907852106582e-12,
      "difference_96_128_L2": 1.2220139610317256e-13,
      "difference_96_128_Linf": 1.3742340598810188e-12,
      "order_L2": 4.793458281188643,
      "order_Linf": 2.576997812220239,
      "ratio_L2": 7.997816875875208,
      "ratio_Linf": 3.5204394894167073
    },
    "ref_gh_Psi33": {
      "difference_64_96_L2": 9.77229553098261e-13,
      "difference_64_96_Linf": 4.779954210221149e-12,
      "difference_96_128_L2": 1.25004219797698e-13,
      "difference_96_128_Linf": 1.3206102877916237e-12,
      "order_L2": 4.732872617269791,
      "order_Linf": 2.653262555513212,
      "ratio_L2": 7.817572516190026,
      "ratio_Linf": 3.6195039932744852
    }
  },
  "field_precision": "binary64",
  "field_variables": [
    "ref_gh_Psi22",
    "ref_gh_Psi33",
    "ref_gh_Pi22",
    "ref_gh_Pi33",
    "ref_gh_Phi122",
    "ref_gh_Phi133",
    "ref_gh_Phi222",
    "ref_gh_Phi233",
    "ref_gh_Phi322",
    "ref_gh_Phi333"
  ],
  "method": "sixth-order interpolation to fixed cell-centered grid",
  "native_constraint": {
    "difference_64_96_L2": 9.674498188541539e-10,
    "difference_64_96_Linf": 2.5338088653775803e-08,
    "difference_96_128_L2": 9.547695810466093e-11,
    "difference_96_128_Linf": 4.077094539322015e-09,
    "order_L2": 5.419455923588917,
    "order_Linf": 4.120107165501723,
    "ratio_L2": 10.132809403014752,
    "ratio_Linf": 6.214741505108514
  },
  "primary_field_variables": [
    "ref_gh_Psi22",
    "ref_gh_Psi33",
    "ref_gh_Pi22",
    "ref_gh_Pi33",
    "ref_gh_Phi122",
    "ref_gh_Phi133",
    "ref_gh_Phi222",
    "ref_gh_Phi233",
    "ref_gh_Phi322",
    "ref_gh_Phi333"
  ],
  "psi": {
    "difference_64_96_L2": 9.772869722405546e-13,
    "difference_64_96_Linf": 4.837907852106582e-12,
    "difference_96_128_L2": 1.236107523170935e-13,
    "difference_96_128_Linf": 1.3742340598810188e-12,
    "order_L2": 4.762830104895109,
    "order_Linf": 2.576997812220239,
    "ratio_L2": 7.906164746360909,
    "ratio_Linf": 3.5204394894167073
  },
  "resolutions": [
    64,
    96,
    128
  ],
  "target_n": 32,
  "times": {
    "constraint": [
      0.2,
      0.2,
      0.2
    ],
    "field": [
      0.2,
      0.2,
      0.2
    ]
  }
}
