{
  "analysis_radius": 1.0,
  "constraint_per_variable": {
    "ref_gh_C0": {
      "difference_64_96_L2": 1.3983619199950137e-10,
      "difference_64_96_Linf": 1.0427750382502833e-09,
      "difference_96_128_L2": 1.5478949357651294e-10,
      "difference_96_128_Linf": 4.044538833367105e-09,
      "order_L2": NaN,
      "order_Linf": NaN,
      "ratio_L2": 0.9033958879798253,
      "ratio_Linf": 0.2578229759218719
    },
    "ref_gh_C1": {
      "difference_64_96_L2": 4.753556958942814e-12,
      "difference_64_96_Linf": 2.958292698479498e-11,
      "difference_96_128_L2": 2.0459363233697833e-12,
      "difference_96_128_Linf": 1.0095825441655003e-11,
      "order_L2": 1.4225083188162047,
      "order_Linf": 2.0701115269296633,
      "ratio_L2": 2.323413932606374,
      "ratio_Linf": 2.9302137953709972
    },
    "ref_gh_C2": {
      "difference_64_96_L2": 1.5555131444925367e-09,
      "difference_64_96_Linf": 2.5448748476601528e-08,
      "difference_96_128_L2": 9.902581563298492e-11,
      "difference_96_128_Linf": 1.5204570982890611e-09,
      "order_L2": 6.566693769119876,
      "order_Linf": 6.731580104421743,
      "ratio_L2": 15.708157863174462,
      "ratio_Linf": 16.737564318808126
    },
    "ref_gh_C3": {
      "difference_64_96_L2": 1.5555103615568198e-09,
      "difference_64_96_Linf": 2.54487029679332e-08,
      "difference_96_128_L2": 9.90257078126487e-11,
      "difference_96_128_Linf": 1.5204537748415784e-09,
      "order_L2": 6.5666919484784,
      "order_Linf": 6.731581136283035,
      "ratio_L2": 15.708146863234358,
      "ratio_Linf": 16.737570973234483
    },
    "ref_gh_curl": {
      "difference_64_96_L2": 2.839677093444939e-10,
      "difference_64_96_Linf": 2.02017354564266e-09,
      "difference_96_128_L2": 4.95887821916414e-11,
      "difference_96_128_Linf": 3.664122570996733e-10,
      "order_L2": 3.9002405213337594,
      "order_Linf": 3.7981130669150094,
      "ratio_L2": 5.726450555834763,
      "ratio_Linf": 5.513389649225414
    },
    "ref_gh_reduction": {
      "difference_64_96_L2": 6.720385489200612e-11,
      "difference_64_96_Linf": 3.2815985247311053e-10,
      "difference_96_128_L2": 1.1005063952547097e-11,
      "difference_96_128_Linf": 2.4932702171509154e-11,
      "order_L2": 4.073015238778774,
      "order_Linf": 6.105711813512048,
      "ratio_L2": 6.1066301097188935,
      "ratio_Linf": 13.161824587472996
    }
  },
  "constraint_variables": [
    "ref_gh_C0",
    "ref_gh_C1",
    "ref_gh_C2",
    "ref_gh_C3",
    "ref_gh_reduction",
    "ref_gh_curl"
  ],
  "dynamic_field": {
    "difference_64_96_L2": 3.85376781537248e-11,
    "difference_64_96_Linf": 7.783725919687563e-10,
    "difference_96_128_L2": 6.3275140828837375e-12,
    "difference_96_128_Linf": 1.0828271862466549e-10,
    "order_L2": 4.065911679710457,
    "order_Linf": 4.509394883201471,
    "ratio_L2": 6.090492671991244,
    "ratio_Linf": 7.188336253975918
  },
  "field": {
    "difference_64_96_L2": 3.461240913869095e-11,
    "difference_64_96_Linf": 7.783725919687563e-10,
    "difference_96_128_L2": 5.693421246712245e-12,
    "difference_96_128_Linf": 1.0828271862466549e-10,
    "order_L2": 4.061003767963596,
    "order_Linf": 4.509394883201471,
    "ratio_L2": 6.0793690891357155,
    "ratio_Linf": 7.188336253975918
  },
  "field_per_variable": {
    "ref_gh_Phi122": {
      "difference_64_96_L2": 2.956747117822432e-11,
      "difference_64_96_Linf": 1.2029405119758119e-10,
      "difference_96_128_L2": 6.16855577304911e-12,
      "difference_96_128_Linf": 6.822748314773927e-11,
      "order_L2": 3.419694672781527,
      "order_Linf": 0.6420334082757009,
      "ratio_L2": 4.793256682124339,
      "ratio_Linf": 1.7631318883198046
    },
    "ref_gh_Phi133": {
      "difference_64_96_L2": 2.956745925257638e-11,
      "difference_64_96_Linf": 1.2029402574441317e-10,
      "difference_96_128_L2": 6.168557013216661e-12,
      "difference_96_128_Linf": 6.822746561325729e-11,
      "order_L2": 3.419693033888434,
      "order_Linf": 0.6420335376704436,
      "ratio_L2": 4.793253785160059,
      "ratio_Linf": 1.763131968381936
    },
    "ref_gh_Phi222": {
      "difference_64_96_L2": 3.079863270483956e-11,
      "difference_64_96_Linf": 1.2921676777900266e-10,
      "difference_96_128_L2": 6.506523676990102e-12,
      "difference_96_128_Linf": 7.217251504103468e-11,
      "order_L2": 3.3856671549110917,
      "order_Linf": 0.6857279218140002,
      "ratio_L2": 4.733500442603002,
      "ratio_Linf": 1.7903874862270588
    },
    "ref_gh_Phi233": {
      "difference_64_96_L2": 2.7336470134583278e-11,
      "difference_64_96_Linf": 1.1698518652358891e-10,
      "difference_96_128_L2": 5.630604783993977e-12,
      "difference_96_128_Linf": 6.327688169910794e-11,
      "order_L2": 3.454380378759475,
      "order_Linf": 0.7770271807449314,
      "ratio_L2": 4.854979382018107,
      "ratio_Linf": 1.8487824207247263
    },
    "ref_gh_Phi322": {
      "difference_64_96_L2": 2.7336470874178263e-11,
      "difference_64_96_Linf": 1.1698519795260447e-10,
      "difference_96_128_L2": 5.630612517010281e-12,
      "difference_96_128_Linf": 6.327685664828058e-11,
      "order_L2": 3.4543767299589128,
      "order_Linf": 0.7770285835953221,
      "ratio_L2": 4.854972845599623,
      "ratio_Linf": 1.848783333262862
    },
    "ref_gh_Phi333": {
      "difference_64_96_L2": 3.079865006915537e-11,
      "difference_64_96_Linf": 1.2921673457967864e-10,
      "difference_96_128_L2": 6.506513684261727e-12,
      "difference_96_128_Linf": 7.217251257622174e-11,
      "order_L2": 3.3856728514661505,
      "order_Linf": 0.6857272875407237,
      "ratio_L2": 4.733510381089745,
      "ratio_Linf": 1.790387087372249
    },
    "ref_gh_Pi22": {
      "difference_64_96_L2": 5.805630844164735e-11,
      "difference_64_96_Linf": 7.783712854214145e-10,
      "difference_96_128_L2": 6.932539994249357e-12,
      "difference_96_128_Linf": 1.0828266199598663e-10,
      "order_L2": 4.915618061249537,
      "order_Linf": 4.5093918008156795,
      "ratio_L2": 8.37446426415223,
      "ratio_Linf": 7.188327947185709
    },
    "ref_gh_Pi33": {
      "difference_64_96_L2": 5.805633720445501e-11,
      "difference_64_96_Linf": 7.783725919687563e-10,
      "difference_96_128_L2": 6.932539996089516e-12,
      "difference_96_128_Linf": 1.0828271862466549e-10,
      "order_L2": 4.915619374611497,
      "order_Linf": 4.509394883201471,
      "ratio_L2": 8.374468410885944,
      "ratio_Linf": 7.188336253975918
    },
    "ref_gh_Psi22": {
      "difference_64_96_L2": 7.035049117189581e-12,
      "difference_64_96_Linf": 4.0246916910291475e-11,
      "difference_96_128_L2": 1.3881530597995579e-12,
      "difference_96_128_Linf": 1.7814638653135262e-11,
      "order_L2": 3.5706091253019547,
      "order_Linf": 1.3437672502741744,
      "ratio_L2": 5.0679203330830145,
      "ratio_Linf": 2.2592047862395614
    },
    "ref_gh_Psi33": {
      "difference_64_96_L2": 7.033892799827791e-12,
      "difference_64_96_Linf": 4.007361109614749e-11,
      "difference_96_128_L2": 1.3870869673445147e-12,
      "difference_96_128_Linf": 1.7658208228965577e-11,
      "order_L2": 3.572242791650468,
      "order_Linf": 1.3564311335938246,
      "ratio_L2": 5.0709818240839715,
      "ratio_Linf": 2.2694041533847633
    }
  },
  "field_precision": "binary64",
  "field_variables": [
    "ref_gh_Psi22",
    "ref_gh_Psi33",
    "ref_gh_Pi22",
    "ref_gh_Pi33",
    "ref_gh_Phi122",
    "ref_gh_Phi133",
    "ref_gh_Phi222",
    "ref_gh_Phi233",
    "ref_gh_Phi322",
    "ref_gh_Phi333"
  ],
  "method": "sixth-order interpolation to fixed cell-centered grid",
  "native_constraint": {
    "difference_64_96_L2": 9.077411894880497e-10,
    "difference_64_96_Linf": 2.5448748476601528e-08,
    "difference_96_128_L2": 8.770816657010558e-11,
    "difference_96_128_Linf": 4.044538833367105e-09,
    "order_L2": 5.475206801936361,
    "order_Linf": 4.153294717784183,
    "ratio_L2": 10.349562931092484,
    "ratio_Linf": 6.292126129844889
  },
  "primary_field_variables": [
    "ref_gh_Psi22",
    "ref_gh_Psi33",
    "ref_gh_Pi22",
    "ref_gh_Pi33",
    "ref_gh_Phi122",
    "ref_gh_Phi133",
    "ref_gh_Phi222",
    "ref_gh_Phi233",
    "ref_gh_Phi322",
    "ref_gh_Phi333"
  ],
  "psi": {
    "difference_64_96_L2": 7.0344709822679326e-12,
    "difference_64_96_Linf": 4.0246916910291475e-11,
    "difference_96_128_L2": 1.3876201159553499e-12,
    "difference_96_128_Linf": 1.7814638653135262e-11,
    "order_L2": 3.5714255828186703,
    "order_Linf": 1.3437672502741744,
    "ratio_L2": 5.069450133637501,
    "ratio_Linf": 2.2592047862395614
  },
  "resolutions": [
    64,
    96,
    128
  ],
  "target_n": 32,
  "times": {
    "constraint": [
      0.6,
      0.6,
      0.6
    ],
    "field": [
      0.6,
      0.6,
      0.6
    ]
  }
}
