[ 11%] Built target kokkossimd
[ 77%] Built target kokkoscore
[ 77%] Built target kokkosalgorithms
[ 88%] Built target kokkoscontainers
[100%] Building CXX object CMakeFiles/athena_hierarchy_z4c_test.dir/tst/unit/hierarchy_z4c_test.cpp.o
[100%] Linking CXX executable athena_hierarchy_z4c_test
[100%] Built target athena_hierarchy_z4c_test
PASS: analytic per-level spatial/source ceilings and covered predictors
corrector passes=6..6 worst normalized change=0.0317043
completed steps=4
corrector passes=6..6 worst normalized change=0.0170033
completed steps=8
corrector passes=5..5 worst normalized change=0.569601
completed steps=16
corrector passes=5..5 worst normalized change=0.03559
completed steps=32
max difference=4.45339e-10 leaf=0 component=7 j=0 i=0
successive rms=1.66517e-11
max difference=2.651e-11 leaf=0 component=7 j=0 i=0
successive rms=1.01014e-12
max difference=1.61893e-12 leaf=0 component=7 j=0 i=0
successive rms=6.23329e-14
ratio=16.4846
ratio=16.2056
