
Root grid = 1 x 1 x 1 MeshBlocks
Total number of MeshBlocks = 1
Number of logical  levels of refinement = 0 (1 levels total)
Number of physical levels of refinement = 0 (1 levels total)
Number of parallel ranks = 1
Research qualification execution backend: Cuda
PC-GH ADM initialization: min unguarded w=1, division_floor=1e-14, guarded cells=0

Setup complete, executing task list(s)...

elapsed=4.788397e-01 cycle=0 time=0.000000e+00 dt=1.250000e-02
elapsed=1.515941e+00 cycle=1 time=1.250000e-02 dt=1.250000e-02
elapsed=2.539127e+00 cycle=2 time=2.500000e-02 dt=1.250000e-02
elapsed=3.624745e+00 cycle=3 time=3.750000e-02 dt=1.250000e-02
elapsed=4.787863e+00 cycle=4 time=5.000000e-02 dt=1.250000e-02
elapsed=5.908803e+00 cycle=5 time=6.250000e-02 dt=1.250000e-02
elapsed=6.934306e+00 cycle=6 time=7.500000e-02 dt=1.250000e-02
elapsed=8.017868e+00 cycle=7 time=8.750000e-02 dt=1.250000e-02
elapsed=9.046269e+00 cycle=8 time=1.000000e-01 dt=1.250000e-02
elapsed=1.001180e+01 cycle=9 time=1.125000e-01 dt=1.250000e-02
elapsed=1.101924e+01 cycle=10 time=1.250000e-01 dt=1.250000e-02
elapsed=1.203156e+01 cycle=11 time=1.375000e-01 dt=1.250000e-02
elapsed=1.280118e+01 cycle=12 time=1.500000e-01 dt=1.250000e-02
elapsed=1.389747e+01 cycle=13 time=1.625000e-01 dt=1.250000e-02
elapsed=1.503732e+01 cycle=14 time=1.750000e-01 dt=1.250000e-02
elapsed=1.611685e+01 cycle=15 time=1.875000e-01 dt=1.250000e-02
elapsed=1.721992e+01 cycle=16 time=2.000000e-01 dt=1.250000e-02
elapsed=1.851495e+01 cycle=17 time=2.125000e-01 dt=1.250000e-02
elapsed=1.954066e+01 cycle=18 time=2.250000e-01 dt=1.250000e-02
elapsed=2.077801e+01 cycle=19 time=2.375000e-01 dt=1.250000e-02
PASS: exact PC-GH Minkowski state, ADM round trip, RHS, and diagnostics
elapsed=2.204798e+01 cycle=20 time=2.500000e-01 dt=1.250000e-02

Terminating on time limit
time=2.500000e-01 cycle=20
tlim=2.500000e-01 nlim=-1

MeshBlock-cycles = 20
cpu time used  = 2.156916e+01
zone-cycles/cpu_second = 1.186880e+02
particle-updates/cpu_second = 0.000000e+00
