
Root grid = 3 x 3 x 3 MeshBlocks
Total number of MeshBlocks = 384
Number of logical  levels of refinement = 6 (7 levels total)
Number of physical levels of refinement = 4 (5 levels total)
  Physical level = 1 (logical level = 3): 208 MeshBlocks, cost = 208
  Physical level = 2 (logical level = 4): 56 MeshBlocks, cost = 56
  Physical level = 3 (logical level = 5): 56 MeshBlocks, cost = 56
  Physical level = 4 (logical level = 6): 64 MeshBlocks, cost = 64
Number of parallel ranks = 1
AssembleZ4cTasks

Setup complete, executing task list(s)...

elapsed=1.602194e+00 cycle=20 time=1.000000e-01 dt=4.166667e-03
elapsed=3.426760e+00 cycle=21 time=1.041667e-01 dt=5.208333e-03
elapsed=5.263247e+00 cycle=22 time=1.093750e-01 dt=5.208333e-03
elapsed=7.129191e+00 cycle=23 time=1.145833e-01 dt=5.208333e-03
elapsed=9.040899e+00 cycle=24 time=1.197917e-01 dt=5.208333e-03
elapsed=1.079184e+01 cycle=25 time=1.250000e-01 dt=5.208333e-03
elapsed=1.263775e+01 cycle=26 time=1.302083e-01 dt=5.208333e-03
elapsed=1.429263e+01 cycle=27 time=1.354167e-01 dt=5.208333e-03
elapsed=1.607742e+01 cycle=28 time=1.406250e-01 dt=5.208333e-03
elapsed=1.782191e+01 cycle=29 time=1.458333e-01 dt=5.208333e-03
elapsed=1.956650e+01 cycle=30 time=1.510417e-01 dt=5.208333e-03
elapsed=2.130613e+01 cycle=31 time=1.562500e-01 dt=5.208333e-03
elapsed=2.295603e+01 cycle=32 time=1.614583e-01 dt=5.208333e-03
elapsed=2.472950e+01 cycle=33 time=1.666667e-01 dt=5.208333e-03
elapsed=2.641478e+01 cycle=34 time=1.718750e-01 dt=5.208333e-03
elapsed=2.811030e+01 cycle=35 time=1.770833e-01 dt=5.208333e-03
elapsed=2.978022e+01 cycle=36 time=1.822917e-01 dt=5.208333e-03
elapsed=3.149160e+01 cycle=37 time=1.875000e-01 dt=5.208333e-03
elapsed=3.320319e+01 cycle=38 time=1.927083e-01 dt=5.208333e-03
elapsed=3.494833e+01 cycle=39 time=1.979167e-01 dt=5.208333e-03
elapsed=3.664955e+01 cycle=40 time=2.031250e-01 dt=5.208333e-03
elapsed=3.843167e+01 cycle=41 time=2.083333e-01 dt=5.208333e-03
elapsed=4.022730e+01 cycle=42 time=2.135417e-01 dt=5.208333e-03
elapsed=4.183376e+01 cycle=43 time=2.187500e-01 dt=5.208333e-03
elapsed=4.353645e+01 cycle=44 time=2.239583e-01 dt=5.208333e-03
elapsed=4.533149e+01 cycle=45 time=2.291667e-01 dt=5.208333e-03
elapsed=4.703311e+01 cycle=46 time=2.343750e-01 dt=5.208333e-03
elapsed=4.877660e+01 cycle=47 time=2.395833e-01 dt=5.208333e-03
elapsed=5.053978e+01 cycle=48 time=2.447917e-01 dt=5.208333e-03
elapsed=5.256397e+01 cycle=49 time=2.500000e-01 dt=5.208333e-03

Terminating on time limit
time=2.500000e-01 cycle=49
tlim=2.500000e-01 nlim=-1

MeshBlock-cycles = 11136
cpu time used  = 5.096180e+01
zone-cycles/cpu_second = 1.118805e+05
particle-updates/cpu_second = 0.000000e+00
