{
  "common_node_constraint_comparisons": [
    {
      "coarse_resolution": 128,
      "common_vertices": 33153,
      "fine_resolution": 256,
      "per_constraint": {
        "con_C": {
          "linf": 7.581694439962868e-05,
          "rms": 9.484776952385936e-07
        },
        "con_H": {
          "linf": 0.005584220068094813,
          "rms": 0.0001120958526253876
        },
        "con_M": {
          "linf": 0.0,
          "rms": 0.0
        },
        "con_Mx": {
          "linf": 0.0,
          "rms": 0.0
        },
        "con_My": {
          "linf": 0.0,
          "rms": 0.0
        },
        "con_Mz": {
          "linf": 0.0,
          "rms": 0.0
        },
        "con_Z": {
          "linf": 1.137736970155568e-08,
          "rms": 2.3063687400713868e-10
        }
      }
    },
    {
      "coarse_resolution": 256,
      "common_vertices": 33153,
      "fine_resolution": 512,
      "per_constraint": {
        "con_C": {
          "linf": 2.013731965679127e-05,
          "rms": 1.684413541888505e-07
        },
        "con_H": {
          "linf": 0.005687024587221386,
          "rms": 3.625367920172163e-05
        },
        "con_M": {
          "linf": 0.0,
          "rms": 0.0
        },
        "con_Mx": {
          "linf": 0.0,
          "rms": 0.0
        },
        "con_My": {
          "linf": 0.0,
          "rms": 0.0
        },
        "con_Mz": {
          "linf": 0.0,
          "rms": 0.0
        },
        "con_Z": {
          "linf": 4.885909437043977e-11,
          "rms": 9.744104254911481e-13
        }
      }
    }
  ],
  "common_node_difference_orders": {
    "constraints": {
      "con_C": {
        "linf": 1.9126486450046047,
        "rms": 2.4933674678193065
      },
      "con_H": {
        "linf": -0.026318243911292723,
        "rms": 1.6285335821667342
      },
      "con_M": {
        "linf": null,
        "rms": null
      },
      "con_Mx": {
        "linf": null,
        "rms": null
      },
      "con_My": {
        "linf": null,
        "rms": null
      },
      "con_Mz": {
        "linf": null,
        "rms": null
      },
      "con_Z": {
        "linf": 7.86332422598428,
        "rms": 7.886877903695839
      }
    },
    "fields": {
      "Axx": {
        "linf": null,
        "rms": null
      },
      "Axy": {
        "linf": null,
        "rms": null
      },
      "Axz": {
        "linf": null,
        "rms": null
      },
      "Ayy": {
        "linf": null,
        "rms": null
      },
      "Ayz": {
        "linf": null,
        "rms": null
      },
      "Azz": {
        "linf": null,
        "rms": null
      },
      "Bx": {
        "linf": null,
        "rms": null
      },
      "By": {
        "linf": null,
        "rms": null
      },
      "Bz": {
        "linf": null,
        "rms": null
      },
      "Gamx": {
        "linf": 3.9440079598036695,
        "rms": 3.9497242249777873
      },
      "Gamy": {
        "linf": 3.936289147684505,
        "rms": 3.9514450472009695
      },
      "Gamz": {
        "linf": null,
        "rms": null
      },
      "Khat": {
        "linf": null,
        "rms": null
      },
      "Theta": {
        "linf": null,
        "rms": null
      },
      "alpha": {
        "linf": null,
        "rms": null
      },
      "betax": {
        "linf": null,
        "rms": null
      },
      "betay": {
        "linf": null,
        "rms": null
      },
      "betaz": {
        "linf": null,
        "rms": null
      },
      "chi": {
        "linf": null,
        "rms": null
      },
      "gxx": {
        "linf": null,
        "rms": null
      },
      "gxy": {
        "linf": null,
        "rms": null
      },
      "gxz": {
        "linf": null,
        "rms": null
      },
      "gyy": {
        "linf": null,
        "rms": null
      },
      "gyz": {
        "linf": null,
        "rms": null
      },
      "gzz": {
        "linf": null,
        "rms": null
      }
    }
  },
  "common_node_field_comparisons": [
    {
      "all_field_linf": 0.0011674170831004194,
      "all_field_rms": 1.0611077024547997e-05,
      "coarse_resolution": 128,
      "common_vertices": 33153,
      "direct_initialized_field_linf": 0.0,
      "direct_initialized_field_rms": 0.0,
      "discrete_gamma_field_linf": 0.0011674170831004194,
      "discrete_gamma_field_rms": 3.06315408825732e-05,
      "fine_resolution": 256,
      "per_field": {
        "Axx": {
          "linf": 0.0,
          "rms": 0.0
        },
        "Axy": {
          "linf": 0.0,
          "rms": 0.0
        },
        "Axz": {
          "linf": 0.0,
          "rms": 0.0
        },
        "Ayy": {
          "linf": 0.0,
          "rms": 0.0
        },
        "Ayz": {
          "linf": 0.0,
          "rms": 0.0
        },
        "Azz": {
          "linf": 0.0,
          "rms": 0.0
        },
        "Bx": {
          "linf": 0.0,
          "rms": 0.0
        },
        "By": {
          "linf": 0.0,
          "rms": 0.0
        },
        "Bz": {
          "linf": 0.0,
          "rms": 0.0
        },
        "Gamx": {
          "linf": 0.0011674170831004194,
          "rms": 3.91386704694087e-05
        },
        "Gamy": {
          "linf": 0.0010730341887301709,
          "rms": 3.5819524904851745e-05
        },
        "Gamz": {
          "linf": 0.0,
          "rms": 0.0
        },
        "Khat": {
          "linf": 0.0,
          "rms": 0.0
        },
        "Theta": {
          "linf": 0.0,
          "rms": 0.0
        },
        "alpha": {
          "linf": 0.0,
          "rms": 0.0
        },
        "betax": {
          "linf": 0.0,
          "rms": 0.0
        },
        "betay": {
          "linf": 0.0,
          "rms": 0.0
        },
        "betaz": {
          "linf": 0.0,
          "rms": 0.0
        },
        "chi": {
          "linf": 0.0,
          "rms": 0.0
        },
        "gxx": {
          "linf": 0.0,
          "rms": 0.0
        },
        "gxy": {
          "linf": 0.0,
          "rms": 0.0
        },
        "gxz": {
          "linf": 0.0,
          "rms": 0.0
        },
        "gyy": {
          "linf": 0.0,
          "rms": 0.0
        },
        "gyz": {
          "linf": 0.0,
          "rms": 0.0
        },
        "gzz": {
          "linf": 0.0,
          "rms": 0.0
        }
      }
    },
    {
      "all_field_linf": 7.585100599638572e-05,
      "all_field_rms": 6.863379882390907e-07,
      "coarse_resolution": 256,
      "common_vertices": 33153,
      "direct_initialized_field_linf": 0.0,
      "direct_initialized_field_rms": 0.0,
      "discrete_gamma_field_linf": 7.585100599638572e-05,
      "discrete_gamma_field_rms": 1.981287111324526e-06,
      "fine_resolution": 512,
      "per_field": {
        "Axx": {
          "linf": 0.0,
          "rms": 0.0
        },
        "Axy": {
          "linf": 0.0,
          "rms": 0.0
        },
        "Axz": {
          "linf": 0.0,
          "rms": 0.0
        },
        "Ayy": {
          "linf": 0.0,
          "rms": 0.0
        },
        "Ayz": {
          "linf": 0.0,
          "rms": 0.0
        },
        "Azz": {
          "linf": 0.0,
          "rms": 0.0
        },
        "Bx": {
          "linf": 0.0,
          "rms": 0.0
        },
        "By": {
          "linf": 0.0,
          "rms": 0.0
        },
        "Bz": {
          "linf": 0.0,
          "rms": 0.0
        },
        "Gamx": {
          "linf": 7.585100599638572e-05,
          "rms": 2.5329149211233883e-06
        },
        "Gamy": {
          "linf": 7.009264593160758e-05,
          "rms": 2.3153483225753647e-06
        },
        "Gamz": {
          "linf": 0.0,
          "rms": 0.0
        },
        "Khat": {
          "linf": 0.0,
          "rms": 0.0
        },
        "Theta": {
          "linf": 0.0,
          "rms": 0.0
        },
        "alpha": {
          "linf": 0.0,
          "rms": 0.0
        },
        "betax": {
          "linf": 0.0,
          "rms": 0.0
        },
        "betay": {
          "linf": 0.0,
          "rms": 0.0
        },
        "betaz": {
          "linf": 0.0,
          "rms": 0.0
        },
        "chi": {
          "linf": 0.0,
          "rms": 0.0
        },
        "gxx": {
          "linf": 0.0,
          "rms": 0.0
        },
        "gxy": {
          "linf": 0.0,
          "rms": 0.0
        },
        "gxz": {
          "linf": 0.0,
          "rms": 0.0
        },
        "gyy": {
          "linf": 0.0,
          "rms": 0.0
        },
        "gyz": {
          "linf": 0.0,
          "rms": 0.0
        },
        "gzz": {
          "linf": 0.0,
          "rms": 0.0
        }
      }
    }
  ],
  "constraint_summary_rows": 12,
  "metrics": [
    {
      "axis": {
        "Axx_minus_Ayy": 0.0,
        "Axy": 0.0,
        "Axz": 0.0,
        "Ayz": 0.0,
        "Bx": 0.0,
        "By": 0.0,
        "Gamx": 3.330669073875521e-16,
        "Gamy": 2.0724163126336253e-15,
        "betax": 0.0,
        "betay": 0.0,
        "gxx_minus_gyy": 0.0,
        "gxy": 0.0,
        "gxz": 0.0,
        "gyz": 0.0
      },
      "constraints": {
        "con_C": {
          "linf": 0.00012336688735563387,
          "rms": 1.6913174528069069e-06
        },
        "con_H": {
          "linf": 0.01110673355882057,
          "rms": 0.00034315371628677264
        },
        "con_M": {
          "linf": 0.0,
          "rms": 0.0
        },
        "con_Mx": {
          "linf": 0.0,
          "rms": 0.0
        },
        "con_My": {
          "linf": 0.0,
          "rms": 0.0
        },
        "con_Mz": {
          "linf": 0.0,
          "rms": 0.0
        },
        "con_Z": {
          "linf": 1.142642507150252e-08,
          "rms": 2.3161474953628279e-10
        }
      },
      "diagnostic_stride": 1,
      "max_abs_det_gtilde_minus_one": 4.440892098500626e-16,
      "max_abs_trace_Atilde": 0.0,
      "min_alpha": 0.3125975980178073,
      "min_chi": 0.33172537559295967,
      "minimum_spd_pivots": [
        0.44427985708000284,
        0.44427985708000284,
        1.0
      ],
      "resolution": 128,
      "sampled_canonical_vertices": 33153,
      "shared_groups": 1653,
      "shared_state_max_spread": 0.0
    },
    {
      "axis": {
        "Axx_minus_Ayy": 0.0,
        "Axy": 0.0,
        "Axz": 0.0,
        "Ayz": 0.0,
        "Bx": 0.0,
        "By": 0.0,
        "Gamx": 6.661338147750959e-16,
        "Gamy": 4.440892098500625e-15,
        "betax": 0.0,
        "betay": 0.0,
        "gxx_minus_gyy": 0.0,
        "gxy": 0.0,
        "gxz": 0.0,
        "gyz": 0.0
      },
      "constraints": {
        "con_C": {
          "linf": 6.220803147088258e-05,
          "rms": 1.3231444570900223e-06
        },
        "con_H": {
          "linf": 0.00788720667501848,
          "rms": 0.00033535627103632373
        },
        "con_M": {
          "linf": 0.0,
          "rms": 0.0
        },
        "con_Mx": {
          "linf": 0.0,
          "rms": 0.0
        },
        "con_My": {
          "linf": 0.0,
          "rms": 0.0
        },
        "con_Mz": {
          "linf": 0.0,
          "rms": 0.0
        },
        "con_Z": {
          "linf": 4.9055369946838865e-11,
          "rms": 9.783087276446378e-13
        }
      },
      "diagnostic_stride": 2,
      "max_abs_det_gtilde_minus_one": 4.440892098500626e-16,
      "max_abs_trace_Atilde": 0.0,
      "min_alpha": 0.3125975980178073,
      "min_chi": 0.33172537559295967,
      "minimum_spd_pivots": [
        0.44427985708000284,
        0.44427985708000284,
        1.0
      ],
      "resolution": 256,
      "sampled_canonical_vertices": 33153,
      "shared_groups": 1653,
      "shared_state_max_spread": 0.0
    },
    {
      "axis": {
        "Axx_minus_Ayy": 0.0,
        "Axy": 0.0,
        "Axz": 0.0,
        "Ayz": 0.0,
        "Bx": 0.0,
        "By": 0.0,
        "Gamx": 1.3322676295501875e-15,
        "Gamy": 8.88178419700125e-15,
        "betax": 0.0,
        "betay": 0.0,
        "gxx_minus_gyy": 0.0,
        "gxy": 0.0,
        "gxz": 0.0,
        "gyz": 0.0
      },
      "constraints": {
        "con_C": {
          "linf": 6.019430095371253e-05,
          "rms": 1.3450036473668032e-06
        },
        "con_H": {
          "linf": 0.007758498626883081,
          "rms": 0.00033826915842578956
        },
        "con_M": {
          "linf": 0.0,
          "rms": 0.0
        },
        "con_Mx": {
          "linf": 0.0,
          "rms": 0.0
        },
        "con_My": {
          "linf": 0.0,
          "rms": 0.0
        },
        "con_Mz": {
          "linf": 0.0,
          "rms": 0.0
        },
        "con_Z": {
          "linf": 1.962755763990969e-13,
          "rms": 3.898415426981236e-15
        }
      },
      "diagnostic_stride": 4,
      "max_abs_det_gtilde_minus_one": 4.440892098500626e-16,
      "max_abs_trace_Atilde": 0.0,
      "min_alpha": 0.3125975980178073,
      "min_chi": 0.33172537559295967,
      "minimum_spd_pivots": [
        0.44427985708000284,
        0.44427985708000284,
        1.0
      ],
      "resolution": 512,
      "sampled_canonical_vertices": 33153,
      "shared_groups": 1653,
      "shared_state_max_spread": 0.0
    }
  ],
  "proper_box_constraint_convergence": [
    {
      "C_rms_order": 0.06606583994346978,
      "H_rms_order": 0.06526158147160509,
      "M_rms_order": 1.0039457511598762,
      "Z_rms_order": 3.948768914007283,
      "coarse_resolution": 128,
      "fine_resolution": 256
    },
    {
      "C_rms_order": -0.0024188821082578946,
      "H_rms_order": -0.002460099487276694,
      "M_rms_order": 0.6974085003483266,
      "Z_rms_order": 3.985426199576072,
      "coarse_resolution": 256,
      "fine_resolution": 512
    }
  ],
  "schema": "z4c_vc_brill_initial_data_v2"
}
