{
  "status": "PASS",
  "records": [
    {
      "operation": 13,
      "stage": 0,
      "cycle": 0,
      "max_primary_delta": 0.0,
      "max_delta": 0.0
    },
    {
      "operation": 11,
      "stage": 0,
      "cycle": 0,
      "max_primary_delta": 0.0,
      "max_delta": 3.0983003569181884
    },
    {
      "operation": 13,
      "stage": 1,
      "cycle": 0,
      "max_primary_delta": 0.0,
      "max_delta": 0.0
    },
    {
      "operation": 11,
      "stage": 1,
      "cycle": 0,
      "max_primary_delta": 0.0,
      "max_delta": 3.097695121982538
    },
    {
      "operation": 13,
      "stage": 2,
      "cycle": 0,
      "max_primary_delta": 0.0,
      "max_delta": 0.0
    },
    {
      "operation": 11,
      "stage": 2,
      "cycle": 0,
      "max_primary_delta": 0.0,
      "max_delta": 3.098002280887862
    },
    {
      "operation": 13,
      "stage": 3,
      "cycle": 0,
      "max_primary_delta": 0.0,
      "max_delta": 0.0
    },
    {
      "operation": 11,
      "stage": 3,
      "cycle": 0,
      "max_primary_delta": 0.0,
      "max_delta": 3.0977011774775245
    },
    {
      "operation": 13,
      "stage": 3,
      "cycle": 0,
      "max_primary_delta": 0.0,
      "max_delta": 0.0
    },
    {
      "operation": 12,
      "stage": 3,
      "cycle": 0,
      "max_primary_delta": 0.0,
      "max_delta": 3.097713276014773
    }
  ]
}
