
Root grid = 6 x 6 x 6 MeshBlocks
Total number of MeshBlocks = 216
Number of logical  levels of refinement = 3 (4 levels total)
Number of physical levels of refinement = 0 (1 levels total)
Number of parallel ranks = 216
  Rank = 0: 1 MeshBlocks, cost = 1
  Rank = 1: 1 MeshBlocks, cost = 1
  Rank = 2: 1 MeshBlocks, cost = 1
  Rank = 3: 1 MeshBlocks, cost = 1
  Rank = 4: 1 MeshBlocks, cost = 1
  Rank = 5: 1 MeshBlocks, cost = 1
  Rank = 6: 1 MeshBlocks, cost = 1
  Rank = 7: 1 MeshBlocks, cost = 1
  Rank = 8: 1 MeshBlocks, cost = 1
  Rank = 9: 1 MeshBlocks, cost = 1
  Rank = 10: 1 MeshBlocks, cost = 1
  Rank = 11: 1 MeshBlocks, cost = 1
  Rank = 12: 1 MeshBlocks, cost = 1
  Rank = 13: 1 MeshBlocks, cost = 1
  Rank = 14: 1 MeshBlocks, cost = 1
  Rank = 15: 1 MeshBlocks, cost = 1
  Rank = 16: 1 MeshBlocks, cost = 1
  Rank = 17: 1 MeshBlocks, cost = 1
  Rank = 18: 1 MeshBlocks, cost = 1
  Rank = 19: 1 MeshBlocks, cost = 1
  Rank = 20: 1 MeshBlocks, cost = 1
  Rank = 21: 1 MeshBlocks, cost = 1
  Rank = 22: 1 MeshBlocks, cost = 1
  Rank = 23: 1 MeshBlocks, cost = 1
  Rank = 24: 1 MeshBlocks, cost = 1
  Rank = 25: 1 MeshBlocks, cost = 1
  Rank = 26: 1 MeshBlocks, cost = 1
  Rank = 27: 1 MeshBlocks, cost = 1
  Rank = 28: 1 MeshBlocks, cost = 1
  Rank = 29: 1 MeshBlocks, cost = 1
  Rank = 30: 1 MeshBlocks, cost = 1
  Rank = 31: 1 MeshBlocks, cost = 1
  Rank = 32: 1 MeshBlocks, cost = 1
  Rank = 33: 1 MeshBlocks, cost = 1
  Rank = 34: 1 MeshBlocks, cost = 1
  Rank = 35: 1 MeshBlocks, cost = 1
  Rank = 36: 1 MeshBlocks, cost = 1
  Rank = 37: 1 MeshBlocks, cost = 1
  Rank = 38: 1 MeshBlocks, cost = 1
  Rank = 39: 1 MeshBlocks, cost = 1
  Rank = 40: 1 MeshBlocks, cost = 1
  Rank = 41: 1 MeshBlocks, cost = 1
  Rank = 42: 1 MeshBlocks, cost = 1
  Rank = 43: 1 MeshBlocks, cost = 1
  Rank = 44: 1 MeshBlocks, cost = 1
  Rank = 45: 1 MeshBlocks, cost = 1
  Rank = 46: 1 MeshBlocks, cost = 1
  Rank = 47: 1 MeshBlocks, cost = 1
  Rank = 48: 1 MeshBlocks, cost = 1
  Rank = 49: 1 MeshBlocks, cost = 1
  Rank = 50: 1 MeshBlocks, cost = 1
  Rank = 51: 1 MeshBlocks, cost = 1
  Rank = 52: 1 MeshBlocks, cost = 1
  Rank = 53: 1 MeshBlocks, cost = 1
  Rank = 54: 1 MeshBlocks, cost = 1
  Rank = 55: 1 MeshBlocks, cost = 1
  Rank = 56: 1 MeshBlocks, cost = 1
  Rank = 57: 1 MeshBlocks, cost = 1
  Rank = 58: 1 MeshBlocks, cost = 1
  Rank = 59: 1 MeshBlocks, cost = 1
  Rank = 60: 1 MeshBlocks, cost = 1
  Rank = 61: 1 MeshBlocks, cost = 1
  Rank = 62: 1 MeshBlocks, cost = 1
  Rank = 63: 1 MeshBlocks, cost = 1
  Rank = 64: 1 MeshBlocks, cost = 1
  Rank = 65: 1 MeshBlocks, cost = 1
  Rank = 66: 1 MeshBlocks, cost = 1
  Rank = 67: 1 MeshBlocks, cost = 1
  Rank = 68: 1 MeshBlocks, cost = 1
  Rank = 69: 1 MeshBlocks, cost = 1
  Rank = 70: 1 MeshBlocks, cost = 1
  Rank = 71: 1 MeshBlocks, cost = 1
  Rank = 72: 1 MeshBlocks, cost = 1
  Rank = 73: 1 MeshBlocks, cost = 1
  Rank = 74: 1 MeshBlocks, cost = 1
  Rank = 75: 1 MeshBlocks, cost = 1
  Rank = 76: 1 MeshBlocks, cost = 1
  Rank = 77: 1 MeshBlocks, cost = 1
  Rank = 78: 1 MeshBlocks, cost = 1
  Rank = 79: 1 MeshBlocks, cost = 1
  Rank = 80: 1 MeshBlocks, cost = 1
  Rank = 81: 1 MeshBlocks, cost = 1
  Rank = 82: 1 MeshBlocks, cost = 1
  Rank = 83: 1 MeshBlocks, cost = 1
  Rank = 84: 1 MeshBlocks, cost = 1
  Rank = 85: 1 MeshBlocks, cost = 1
  Rank = 86: 1 MeshBlocks, cost = 1
  Rank = 87: 1 MeshBlocks, cost = 1
  Rank = 88: 1 MeshBlocks, cost = 1
  Rank = 89: 1 MeshBlocks, cost = 1
  Rank = 90: 1 MeshBlocks, cost = 1
  Rank = 91: 1 MeshBlocks, cost = 1
  Rank = 92: 1 MeshBlocks, cost = 1
  Rank = 93: 1 MeshBlocks, cost = 1
  Rank = 94: 1 MeshBlocks, cost = 1
  Rank = 95: 1 MeshBlocks, cost = 1
  Rank = 96: 1 MeshBlocks, cost = 1
  Rank = 97: 1 MeshBlocks, cost = 1
  Rank = 98: 1 MeshBlocks, cost = 1
  Rank = 99: 1 MeshBlocks, cost = 1
  Rank = 100: 1 MeshBlocks, cost = 1
  Rank = 101: 1 MeshBlocks, cost = 1
  Rank = 102: 1 MeshBlocks, cost = 1
  Rank = 103: 1 MeshBlocks, cost = 1
  Rank = 104: 1 MeshBlocks, cost = 1
  Rank = 105: 1 MeshBlocks, cost = 1
  Rank = 106: 1 MeshBlocks, cost = 1
  Rank = 107: 1 MeshBlocks, cost = 1
  Rank = 108: 1 MeshBlocks, cost = 1
  Rank = 109: 1 MeshBlocks, cost = 1
  Rank = 110: 1 MeshBlocks, cost = 1
  Rank = 111: 1 MeshBlocks, cost = 1
  Rank = 112: 1 MeshBlocks, cost = 1
  Rank = 113: 1 MeshBlocks, cost = 1
  Rank = 114: 1 MeshBlocks, cost = 1
  Rank = 115: 1 MeshBlocks, cost = 1
  Rank = 116: 1 MeshBlocks, cost = 1
  Rank = 117: 1 MeshBlocks, cost = 1
  Rank = 118: 1 MeshBlocks, cost = 1
  Rank = 119: 1 MeshBlocks, cost = 1
  Rank = 120: 1 MeshBlocks, cost = 1
  Rank = 121: 1 MeshBlocks, cost = 1
  Rank = 122: 1 MeshBlocks, cost = 1
  Rank = 123: 1 MeshBlocks, cost = 1
  Rank = 124: 1 MeshBlocks, cost = 1
  Rank = 125: 1 MeshBlocks, cost = 1
  Rank = 126: 1 MeshBlocks, cost = 1
  Rank = 127: 1 MeshBlocks, cost = 1
  Rank = 128: 1 MeshBlocks, cost = 1
  Rank = 129: 1 MeshBlocks, cost = 1
  Rank = 130: 1 MeshBlocks, cost = 1
  Rank = 131: 1 MeshBlocks, cost = 1
  Rank = 132: 1 MeshBlocks, cost = 1
  Rank = 133: 1 MeshBlocks, cost = 1
  Rank = 134: 1 MeshBlocks, cost = 1
  Rank = 135: 1 MeshBlocks, cost = 1
  Rank = 136: 1 MeshBlocks, cost = 1
  Rank = 137: 1 MeshBlocks, cost = 1
  Rank = 138: 1 MeshBlocks, cost = 1
  Rank = 139: 1 MeshBlocks, cost = 1
  Rank = 140: 1 MeshBlocks, cost = 1
  Rank = 141: 1 MeshBlocks, cost = 1
  Rank = 142: 1 MeshBlocks, cost = 1
  Rank = 143: 1 MeshBlocks, cost = 1
  Rank = 144: 1 MeshBlocks, cost = 1
  Rank = 145: 1 MeshBlocks, cost = 1
  Rank = 146: 1 MeshBlocks, cost = 1
  Rank = 147: 1 MeshBlocks, cost = 1
  Rank = 148: 1 MeshBlocks, cost = 1
  Rank = 149: 1 MeshBlocks, cost = 1
  Rank = 150: 1 MeshBlocks, cost = 1
  Rank = 151: 1 MeshBlocks, cost = 1
  Rank = 152: 1 MeshBlocks, cost = 1
  Rank = 153: 1 MeshBlocks, cost = 1
  Rank = 154: 1 MeshBlocks, cost = 1
  Rank = 155: 1 MeshBlocks, cost = 1
  Rank = 156: 1 MeshBlocks, cost = 1
  Rank = 157: 1 MeshBlocks, cost = 1
  Rank = 158: 1 MeshBlocks, cost = 1
  Rank = 159: 1 MeshBlocks, cost = 1
  Rank = 160: 1 MeshBlocks, cost = 1
  Rank = 161: 1 MeshBlocks, cost = 1
  Rank = 162: 1 MeshBlocks, cost = 1
  Rank = 163: 1 MeshBlocks, cost = 1
  Rank = 164: 1 MeshBlocks, cost = 1
  Rank = 165: 1 MeshBlocks, cost = 1
  Rank = 166: 1 MeshBlocks, cost = 1
  Rank = 167: 1 MeshBlocks, cost = 1
  Rank = 168: 1 MeshBlocks, cost = 1
  Rank = 169: 1 MeshBlocks, cost = 1
  Rank = 170: 1 MeshBlocks, cost = 1
  Rank = 171: 1 MeshBlocks, cost = 1
  Rank = 172: 1 MeshBlocks, cost = 1
  Rank = 173: 1 MeshBlocks, cost = 1
  Rank = 174: 1 MeshBlocks, cost = 1
  Rank = 175: 1 MeshBlocks, cost = 1
  Rank = 176: 1 MeshBlocks, cost = 1
  Rank = 177: 1 MeshBlocks, cost = 1
  Rank = 178: 1 MeshBlocks, cost = 1
  Rank = 179: 1 MeshBlocks, cost = 1
  Rank = 180: 1 MeshBlocks, cost = 1
  Rank = 181: 1 MeshBlocks, cost = 1
  Rank = 182: 1 MeshBlocks, cost = 1
  Rank = 183: 1 MeshBlocks, cost = 1
  Rank = 184: 1 MeshBlocks, cost = 1
  Rank = 185: 1 MeshBlocks, cost = 1
  Rank = 186: 1 MeshBlocks, cost = 1
  Rank = 187: 1 MeshBlocks, cost = 1
  Rank = 188: 1 MeshBlocks, cost = 1
  Rank = 189: 1 MeshBlocks, cost = 1
  Rank = 190: 1 MeshBlocks, cost = 1
  Rank = 191: 1 MeshBlocks, cost = 1
  Rank = 192: 1 MeshBlocks, cost = 1
  Rank = 193: 1 MeshBlocks, cost = 1
  Rank = 194: 1 MeshBlocks, cost = 1
  Rank = 195: 1 MeshBlocks, cost = 1
  Rank = 196: 1 MeshBlocks, cost = 1
  Rank = 197: 1 MeshBlocks, cost = 1
  Rank = 198: 1 MeshBlocks, cost = 1
  Rank = 199: 1 MeshBlocks, cost = 1
  Rank = 200: 1 MeshBlocks, cost = 1
  Rank = 201: 1 MeshBlocks, cost = 1
  Rank = 202: 1 MeshBlocks, cost = 1
  Rank = 203: 1 MeshBlocks, cost = 1
  Rank = 204: 1 MeshBlocks, cost = 1
  Rank = 205: 1 MeshBlocks, cost = 1
  Rank = 206: 1 MeshBlocks, cost = 1
  Rank = 207: 1 MeshBlocks, cost = 1
  Rank = 208: 1 MeshBlocks, cost = 1
  Rank = 209: 1 MeshBlocks, cost = 1
  Rank = 210: 1 MeshBlocks, cost = 1
  Rank = 211: 1 MeshBlocks, cost = 1
  Rank = 212: 1 MeshBlocks, cost = 1
  Rank = 213: 1 MeshBlocks, cost = 1
  Rank = 214: 1 MeshBlocks, cost = 1
  Rank = 215: 1 MeshBlocks, cost = 1
Load Balancing:
  Maximum normalized cost = 1, Average = 1
ref_gh reference allocation backend=analytic_radial_q generic_bytes=0 analytic_static_components=12 analytic_stage_components=8 analytic_static_bytes=1327104 analytic_stage_bytes=884736
reference-GH puncture minimum cell-center radius = 0.0360844
reference-GH stationary physical-target audit: |F-H_constraint|_Linf=2.82796e-12, |tildeGamma|_Linf=2.60696e-15, |stored_Hhat_A|_Linf=5.47118e-13, |stored_theta_A|_Linf=2.51532e-12
reference-GH stationary initial RHS Linf = 5.84253e-11, component=10, radius=2.49052, coordinate reference Ricci Linf=1.37611e-08, frame reference Ricci Linf=2.77556e-16

Setup complete, executing task list(s)...

elapsed=8.126994e+00 cycle=0 time=0.000000e+00 dt=3.404497e-03
elapsed=8.701232e+00 cycle=10 time=3.404497e-02 dt=3.404497e-03
elapsed=9.208475e+00 cycle=20 time=6.808994e-02 dt=3.404497e-03
elapsed=9.715555e+00 cycle=30 time=1.021349e-01 dt=3.404497e-03
elapsed=1.022295e+01 cycle=40 time=1.361799e-01 dt=3.404497e-03
elapsed=1.073075e+01 cycle=50 time=1.702249e-01 dt=3.404497e-03
elapsed=1.135091e+01 cycle=60 time=2.042698e-01 dt=3.404497e-03
elapsed=1.185891e+01 cycle=70 time=2.383148e-01 dt=3.404497e-03
elapsed=1.236619e+01 cycle=80 time=2.723598e-01 dt=3.404497e-03
elapsed=1.287341e+01 cycle=90 time=3.064048e-01 dt=3.404497e-03
elapsed=1.338094e+01 cycle=100 time=3.404497e-01 dt=3.404497e-03
elapsed=1.388876e+01 cycle=110 time=3.744947e-01 dt=3.404497e-03
elapsed=1.551685e+01 cycle=120 time=4.085397e-01 dt=3.404497e-03
elapsed=1.602467e+01 cycle=130 time=4.425846e-01 dt=3.404497e-03
elapsed=1.653195e+01 cycle=140 time=4.766296e-01 dt=3.404497e-03
elapsed=1.703937e+01 cycle=150 time=5.106746e-01 dt=3.404497e-03
elapsed=1.754677e+01 cycle=160 time=5.447196e-01 dt=3.404497e-03
elapsed=1.805389e+01 cycle=170 time=5.787645e-01 dt=3.404497e-03
elapsed=2.057628e+01 cycle=180 time=6.128095e-01 dt=3.404497e-03
elapsed=2.108432e+01 cycle=190 time=6.468545e-01 dt=3.404497e-03
elapsed=2.159288e+01 cycle=200 time=6.808994e-01 dt=3.404497e-03
elapsed=2.210082e+01 cycle=210 time=7.149444e-01 dt=3.404497e-03
elapsed=2.260851e+01 cycle=220 time=7.489894e-01 dt=3.404497e-03
elapsed=2.311660e+01 cycle=230 time=7.830344e-01 dt=3.404497e-03
elapsed=2.579978e+01 cycle=240 time=8.170793e-01 dt=3.404497e-03
elapsed=2.630704e+01 cycle=250 time=8.511243e-01 dt=3.404497e-03
elapsed=2.681497e+01 cycle=260 time=8.851693e-01 dt=3.404497e-03
elapsed=2.732302e+01 cycle=270 time=9.192143e-01 dt=3.404497e-03
elapsed=2.783085e+01 cycle=280 time=9.532592e-01 dt=3.404497e-03
elapsed=2.833834e+01 cycle=290 time=9.873042e-01 dt=3.404497e-03
elapsed=2.903589e+01 cycle=300 time=1.021349e+00 dt=3.404497e-03
elapsed=2.954393e+01 cycle=310 time=1.055394e+00 dt=3.404497e-03
elapsed=3.005137e+01 cycle=320 time=1.089439e+00 dt=3.404497e-03
elapsed=3.055939e+01 cycle=330 time=1.123484e+00 dt=3.404497e-03
### FATAL ERROR: ref_gh reached an invalid effective timestep.
### FATAL ERROR: ref_gh reached an invalid effective timestep.
### FATAL ERROR: ref_gh reached an invalid effective timestep.
Kokkos::SYCL ERROR: Failed to call Kokkos::SYCL::finalize()
Kokkos::SYCL ERROR: Failed to call Kokkos::SYCL::finalize()
Kokkos::SYCL ERROR: Failed to call Kokkos::SYCL::finalize()
### FATAL ERROR: ref_gh reached an invalid effective timestep.
Kokkos::SYCL ERROR: Failed to call Kokkos::SYCL::finalize()
### FATAL ERROR: ref_gh reached an invalid effective timestep.
Kokkos::SYCL ERROR: Failed to call Kokkos::SYCL::finalize()
### FATAL ERROR: ref_gh reached an invalid effective timestep.
Kokkos::SYCL ERROR: Failed to call Kokkos::SYCL::finalize()
### FATAL ERROR: ref_gh reached an invalid effective timestep.
Kokkos::SYCL ERROR: Failed to call Kokkos::SYCL::finalize()
x4705c0s4b0n0.hsn.cm.aurora.alcf.anl.gov: rank 58 exited with code 1
x4705c0s7b0n0.hsn.cm.aurora.alcf.anl.gov: rank 72 died from signal 15
real 33.58
user 0.00
sys 0.01
