### WARNING in /lus/flare/projects/CompactBinaryMerger/hzhu/refgh_transition_path_20260823T0225Z_dc7a408/src/src/mesh/load_balance.cpp at line 83
Number of MeshBlocks cannot be divided evenly by number of MPI ranks. This will result in poor load balancing.

Root grid = 3 x 3 x 3 MeshBlocks
Total number of MeshBlocks = 34
Number of logical  levels of refinement = 3 (4 levels total)
Number of physical levels of refinement = 1 (2 levels total)
Number of parallel ranks = 12
  Rank = 0: 2 MeshBlocks, cost = 2
  Rank = 1: 2 MeshBlocks, cost = 2
  Rank = 2: 3 MeshBlocks, cost = 3
  Rank = 3: 3 MeshBlocks, cost = 3
  Rank = 4: 3 MeshBlocks, cost = 3
  Rank = 5: 3 MeshBlocks, cost = 3
  Rank = 6: 3 MeshBlocks, cost = 3
  Rank = 7: 3 MeshBlocks, cost = 3
  Rank = 8: 3 MeshBlocks, cost = 3
  Rank = 9: 3 MeshBlocks, cost = 3
  Rank = 10: 3 MeshBlocks, cost = 3
  Rank = 11: 3 MeshBlocks, cost = 3
Load Balancing:
  Maximum normalized cost = 1.5, Average = 1.41667
### WARNING in /lus/flare/projects/CompactBinaryMerger/hzhu/refgh_transition_path_20260823T0225Z_dc7a408/src/src/parameter_input.cpp: input parameter <mesh_refinement>/num_levels = 2 was not used by the code (check for a typo)
### WARNING in /lus/flare/projects/CompactBinaryMerger/hzhu/refgh_transition_path_20260823T0225Z_dc7a408/src/src/parameter_input.cpp: input parameter <mesh_refinement>/max_nmb_per_rank = 128 was not used by the code (check for a typo)
### WARNING in /lus/flare/projects/CompactBinaryMerger/hzhu/refgh_transition_path_20260823T0225Z_dc7a408/src/src/parameter_input.cpp: input parameter <refined_region1>/level = 1 was not used by the code (check for a typo)
### WARNING in /lus/flare/projects/CompactBinaryMerger/hzhu/refgh_transition_path_20260823T0225Z_dc7a408/src/src/parameter_input.cpp: input parameter <refined_region1>/x1min = -2.0 was not used by the code (check for a typo)
### WARNING in /lus/flare/projects/CompactBinaryMerger/hzhu/refgh_transition_path_20260823T0225Z_dc7a408/src/src/parameter_input.cpp: input parameter <refined_region1>/x1max = 2.0 was not used by the code (check for a typo)
### WARNING in /lus/flare/projects/CompactBinaryMerger/hzhu/refgh_transition_path_20260823T0225Z_dc7a408/src/src/parameter_input.cpp: input parameter <refined_region1>/x2min = -2.0 was not used by the code (check for a typo)
### WARNING in /lus/flare/projects/CompactBinaryMerger/hzhu/refgh_transition_path_20260823T0225Z_dc7a408/src/src/parameter_input.cpp: input parameter <refined_region1>/x2max = 2.0 was not used by the code (check for a typo)
### WARNING in /lus/flare/projects/CompactBinaryMerger/hzhu/refgh_transition_path_20260823T0225Z_dc7a408/src/src/parameter_input.cpp: input parameter <refined_region1>/x3min = -2.0 was not used by the code (check for a typo)
### WARNING in /lus/flare/projects/CompactBinaryMerger/hzhu/refgh_transition_path_20260823T0225Z_dc7a408/src/src/parameter_input.cpp: input parameter <refined_region1>/x3max = 2.0 was not used by the code (check for a typo)
### WARNING in /lus/flare/projects/CompactBinaryMerger/hzhu/refgh_transition_path_20260823T0225Z_dc7a408/src/src/parameter_input.cpp: input parameter <time>/start_time = 0 was not used by the code (check for a typo)

Setup complete, executing task list(s)...

elapsed=1.937713e+01 cycle=620 time=2.217562e+00 dt=3.556181e-03
elapsed=5.871201e+01 cycle=630 time=2.253118e+00 dt=3.554788e-03
elapsed=9.560778e+01 cycle=640 time=2.288659e+00 dt=3.553368e-03
elapsed=1.340297e+02 cycle=650 time=2.324186e+00 dt=3.551922e-03
elapsed=1.724334e+02 cycle=660 time=2.359699e+00 dt=3.550450e-03
elapsed=2.101980e+02 cycle=670 time=2.395197e+00 dt=3.548953e-03
elapsed=2.485557e+02 cycle=680 time=2.430679e+00 dt=3.547431e-03
elapsed=2.870258e+02 cycle=690 time=2.466147e+00 dt=3.545884e-03
elapsed=3.262300e+02 cycle=700 time=2.501598e+00 dt=3.544313e-03
elapsed=3.630770e+02 cycle=710 time=2.537034e+00 dt=3.542718e-03
elapsed=4.014408e+02 cycle=720 time=2.572454e+00 dt=3.541100e-03
elapsed=4.398211e+02 cycle=730 time=2.607858e+00 dt=3.539458e-03
elapsed=4.775668e+02 cycle=740 time=2.643245e+00 dt=3.537794e-03
elapsed=5.159286e+02 cycle=750 time=2.678615e+00 dt=3.536107e-03
elapsed=5.542991e+02 cycle=760 time=2.713969e+00 dt=3.534399e-03
elapsed=5.921556e+02 cycle=770 time=2.749305e+00 dt=3.532669e-03
elapsed=6.305270e+02 cycle=780 time=2.784624e+00 dt=3.530918e-03
elapsed=6.688970e+02 cycle=790 time=2.819925e+00 dt=3.529147e-03
elapsed=7.072485e+02 cycle=800 time=2.855209e+00 dt=3.527356e-03
elapsed=7.451021e+02 cycle=810 time=2.890474e+00 dt=3.525546e-03
elapsed=7.835790e+02 cycle=820 time=2.925721e+00 dt=3.523716e-03
elapsed=8.220518e+02 cycle=830 time=2.960950e+00 dt=3.521868e-03
elapsed=8.597908e+02 cycle=840 time=2.996160e+00 dt=3.520003e-03
elapsed=9.020777e+02 cycle=850 time=3.031352e+00 dt=3.518119e-03
elapsed=9.404383e+02 cycle=860 time=3.066525e+00 dt=3.516219e-03
elapsed=9.796345e+02 cycle=870 time=3.101678e+00 dt=3.514303e-03
elapsed=1.016586e+03 cycle=880 time=3.136813e+00 dt=3.512371e-03
elapsed=1.055082e+03 cycle=890 time=3.171928e+00 dt=3.510424e-03
elapsed=1.093429e+03 cycle=900 time=3.207023e+00 dt=3.508462e-03
elapsed=1.131034e+03 cycle=910 time=3.242099e+00 dt=3.506486e-03
elapsed=1.169360e+03 cycle=920 time=3.277155e+00 dt=3.504497e-03
elapsed=1.207692e+03 cycle=930 time=3.312191e+00 dt=3.502495e-03
elapsed=1.245417e+03 cycle=940 time=3.347206e+00 dt=3.500480e-03
elapsed=1.283778e+03 cycle=950 time=3.382202e+00 dt=3.498454e-03
elapsed=1.322146e+03 cycle=960 time=3.417178e+00 dt=3.496417e-03
elapsed=1.361420e+03 cycle=970 time=3.452133e+00 dt=3.494369e-03
elapsed=1.398285e+03 cycle=980 time=3.487067e+00 dt=3.492311e-03
elapsed=1.440556e+03 cycle=990 time=3.521981e+00 dt=3.490243e-03
elapsed=1.479045e+03 cycle=1000 time=3.556874e+00 dt=3.488168e-03
elapsed=1.516805e+03 cycle=1010 time=3.591746e+00 dt=3.486083e-03
elapsed=1.555119e+03 cycle=1020 time=3.626598e+00 dt=3.483992e-03
elapsed=1.593364e+03 cycle=1030 time=3.661428e+00 dt=3.481893e-03
elapsed=1.631044e+03 cycle=1040 time=3.696238e+00 dt=3.479789e-03
elapsed=1.669479e+03 cycle=1050 time=3.731026e+00 dt=3.477678e-03
elapsed=1.707952e+03 cycle=1060 time=3.765793e+00 dt=3.475563e-03
elapsed=1.747157e+03 cycle=1070 time=3.800539e+00 dt=3.473443e-03
elapsed=1.783914e+03 cycle=1080 time=3.835264e+00 dt=3.471319e-03
elapsed=1.822280e+03 cycle=1090 time=3.869968e+00 dt=3.469193e-03
elapsed=1.860655e+03 cycle=1100 time=3.904650e+00 dt=3.467063e-03
elapsed=1.898544e+03 cycle=1110 time=3.939311e+00 dt=3.464932e-03
elapsed=1.936930e+03 cycle=1120 time=3.973951e+00 dt=3.462800e-03
reference-GH controlled Schwarzschild final: time=4.000000e+00 state Linf=8.663624e+00 bad-state=0.000000e+00

Terminating on time limit
time=4.000000e+00 cycle=1128
tlim=4.000000e+00 nlim=-1

MeshBlock-cycles = 17442
cpu time used  = 1.971707e+03
zone-cycles/cpu_second = 9.783124e+05
particle-updates/cpu_second = 0.000000e+00
real 1974.12
user 0.02
sys 0.05
