
Root grid = 1 x 1 x 1 MeshBlocks
Total number of MeshBlocks = 176
Number of logical  levels of refinement = 4 (5 levels total)
Number of physical levels of refinement = 4 (5 levels total)
  Physical level = 2 (logical level = 2): 56 MeshBlocks, cost = 56
  Physical level = 3 (logical level = 3): 56 MeshBlocks, cost = 56
  Physical level = 4 (logical level = 4): 96 MeshBlocks, cost = 64
Number of parallel ranks = 1
AssembleZ4cTasks

Setup complete, executing task list(s)...

elapsed=6.899889e-01 cycle=33 time=5.000000e-01 dt=1.562500e-02
elapsed=1.497902e+00 cycle=34 time=5.156250e-01 dt=1.562500e-02
elapsed=2.191898e+00 cycle=35 time=5.312500e-01 dt=1.562500e-02
elapsed=2.882636e+00 cycle=36 time=5.468750e-01 dt=1.562500e-02
elapsed=3.610223e+00 cycle=37 time=5.625000e-01 dt=1.562500e-02
elapsed=4.298467e+00 cycle=38 time=5.781250e-01 dt=1.562500e-02
elapsed=5.014595e+00 cycle=39 time=5.937500e-01 dt=1.562500e-02
elapsed=5.720361e+00 cycle=40 time=6.093750e-01 dt=1.562500e-02
elapsed=6.383061e+00 cycle=41 time=6.250000e-01 dt=1.562500e-02
elapsed=7.178110e+00 cycle=42 time=6.406250e-01 dt=1.562500e-02
elapsed=7.852972e+00 cycle=43 time=6.562500e-01 dt=1.562500e-02
elapsed=8.597044e+00 cycle=44 time=6.718750e-01 dt=1.562500e-02
elapsed=9.321194e+00 cycle=45 time=6.875000e-01 dt=1.562500e-02
elapsed=1.004000e+01 cycle=46 time=7.031250e-01 dt=1.562500e-02
elapsed=1.076832e+01 cycle=47 time=7.187500e-01 dt=1.562500e-02
elapsed=1.148876e+01 cycle=48 time=7.343750e-01 dt=1.562500e-02
elapsed=1.218929e+01 cycle=49 time=7.500000e-01 dt=1.562500e-02
elapsed=1.292889e+01 cycle=50 time=7.656250e-01 dt=1.562500e-02
elapsed=1.361204e+01 cycle=51 time=7.812500e-01 dt=1.562500e-02
elapsed=1.434329e+01 cycle=52 time=7.968750e-01 dt=1.562500e-02
elapsed=1.507689e+01 cycle=53 time=8.125000e-01 dt=1.562500e-02
elapsed=1.576744e+01 cycle=54 time=8.281250e-01 dt=1.562500e-02
elapsed=1.649405e+01 cycle=55 time=8.437500e-01 dt=1.562500e-02
elapsed=1.725113e+01 cycle=56 time=8.593750e-01 dt=1.562500e-02
elapsed=1.796067e+01 cycle=57 time=8.750000e-01 dt=1.562500e-02
elapsed=1.872333e+01 cycle=58 time=8.906250e-01 dt=1.562500e-02
elapsed=1.948989e+01 cycle=59 time=9.062500e-01 dt=1.562500e-02
elapsed=2.016262e+01 cycle=60 time=9.218750e-01 dt=1.562500e-02
elapsed=2.082762e+01 cycle=61 time=9.375000e-01 dt=1.562500e-02
elapsed=2.154101e+01 cycle=62 time=9.531250e-01 dt=1.562500e-02
elapsed=2.229044e+01 cycle=63 time=9.687500e-01 dt=1.562500e-02
elapsed=2.299550e+01 cycle=64 time=9.843750e-01 dt=1.562500e-02
elapsed=2.379355e+01 cycle=65 time=1.000000e+00 dt=1.562500e-02

Terminating on time limit
time=1.000000e+00 cycle=65
tlim=1.000000e+00 nlim=-1

MeshBlock-cycles = 5632
cpu time used  = 2.310357e+01
zone-cycles/cpu_second = 1.248112e+05
particle-updates/cpu_second = 0.000000e+00
