
Root grid = 1 x 1 x 1 MeshBlocks
Total number of MeshBlocks = 1
Number of logical  levels of refinement = 0 (1 levels total)
Number of physical levels of refinement = 0 (1 levels total)
Number of parallel ranks = 1
reference-GH puncture minimum cell-center radius = 0.0360844
reference-GH stationary physical-target audit: |F-H_constraint|_Linf=1.28182e-11, |tildeGamma|_Linf=3.55271e-15, |stored_Hhat_A|_Linf=35.0282, |stored_theta_A|_Linf=215.04
reference-GH production cache oracle conditioned scaled Linf = 5.68434e-14, time=0
reference-GH stationary initial RHS Linf = 24.5311, component=53, radius=0.108253, coordinate reference Ricci Linf=9.02219e-09, frame reference Ricci Linf=4.44089e-16
reference-GH stationary RHS retained as a convergence observable; no single-resolution stationarity claim is made.

Setup complete, executing task list(s)...

elapsed=4.944503e+00 cycle=0 time=0.000000e+00 dt=8.460215e-03
elapsed=6.984405e+00 cycle=1 time=8.460215e-03 dt=8.460215e-03
elapsed=8.948272e+00 cycle=2 time=1.692043e-02 dt=8.460215e-03
elapsed=1.110589e+01 cycle=3 time=2.538065e-02 dt=8.460215e-03
elapsed=1.306328e+01 cycle=4 time=3.384086e-02 dt=8.460215e-03
elapsed=1.497825e+01 cycle=5 time=4.230108e-02 dt=8.460215e-03
elapsed=1.720430e+01 cycle=6 time=5.076129e-02 dt=8.460215e-03
elapsed=1.919527e+01 cycle=7 time=5.922151e-02 dt=8.460215e-03
elapsed=2.107228e+01 cycle=8 time=6.768172e-02 dt=8.460215e-03
elapsed=2.322400e+01 cycle=9 time=7.614194e-02 dt=8.460215e-03
elapsed=2.514642e+01 cycle=10 time=8.460215e-02 dt=8.460215e-03
elapsed=2.716878e+01 cycle=11 time=9.306237e-02 dt=6.937634e-03
reference-GH stationary trumpet: field Linf=4.999188e+00, physical metric Linf=1.868512e-01, lapse Linf=1.945589e-04, shift Linf=4.112830e-05, constraint Linf=3.076482e+00, RHS estimate=2.453110e+01
elapsed=2.977901e+01 cycle=12 time=1.000000e-01 dt=8.460215e-03

Terminating on time limit
time=1.000000e-01 cycle=12
tlim=1.000000e-01 nlim=-1

MeshBlock-cycles = 12
cpu time used  = 2.483451e+01
zone-cycles/cpu_second = 6.679737e+03
particle-updates/cpu_second = 0.000000e+00
