
Root grid = 2 x 2 x 2 MeshBlocks
Total number of MeshBlocks = 8
Number of logical  levels of refinement = 1 (2 levels total)
Number of physical levels of refinement = 0 (1 levels total)
Number of parallel ranks = 8
  Rank = 0: 1 MeshBlocks, cost = 1
  Rank = 1: 1 MeshBlocks, cost = 1
  Rank = 2: 1 MeshBlocks, cost = 1
  Rank = 3: 1 MeshBlocks, cost = 1
  Rank = 4: 1 MeshBlocks, cost = 1
  Rank = 5: 1 MeshBlocks, cost = 1
  Rank = 6: 1 MeshBlocks, cost = 1
  Rank = 7: 1 MeshBlocks, cost = 1
Load Balancing:
  Maximum normalized cost = 1, Average = 1
reference-GH puncture minimum cell-center radius = 0.0270633
reference-GH perturbed initial RHS Linf = 3.34538e-07, component=19, radius=0.297696, coordinate reference Ricci Linf=4.68967e-08, frame reference Ricci Linf=3.33067e-16

Setup complete, executing task list(s)...

elapsed=4.778254e+00 cycle=0 time=0.000000e+00 dt=2.550572e-03
elapsed=7.226695e+00 cycle=10 time=2.550572e-02 dt=2.550572e-03
elapsed=9.749589e+00 cycle=20 time=5.101144e-02 dt=2.550572e-03
elapsed=1.227379e+01 cycle=30 time=7.651717e-02 dt=2.550572e-03
elapsed=1.503277e+01 cycle=40 time=1.020229e-01 dt=2.550572e-03
elapsed=1.755034e+01 cycle=50 time=1.275286e-01 dt=2.550572e-03
elapsed=2.007179e+01 cycle=60 time=1.530343e-01 dt=2.550572e-03
elapsed=2.259847e+01 cycle=70 time=1.785401e-01 dt=2.550572e-03
elapsed=2.534299e+01 cycle=80 time=2.040458e-01 dt=2.550572e-03
elapsed=2.786664e+01 cycle=90 time=2.295515e-01 dt=2.550572e-03
elapsed=3.039498e+01 cycle=100 time=2.550572e-01 dt=2.550572e-03
elapsed=3.315160e+01 cycle=110 time=2.805629e-01 dt=2.550572e-03
elapsed=3.566564e+01 cycle=120 time=3.060687e-01 dt=2.550572e-03
elapsed=3.819095e+01 cycle=130 time=3.315744e-01 dt=2.550572e-03
elapsed=4.070568e+01 cycle=140 time=3.570801e-01 dt=2.550572e-03
elapsed=4.344023e+01 cycle=150 time=3.825858e-01 dt=2.550572e-03
elapsed=4.596453e+01 cycle=160 time=4.080916e-01 dt=2.550572e-03
elapsed=4.849089e+01 cycle=170 time=4.335973e-01 dt=2.550572e-03
elapsed=5.101742e+01 cycle=180 time=4.591030e-01 dt=2.550572e-03
elapsed=5.376469e+01 cycle=190 time=4.846087e-01 dt=2.550572e-03
elapsed=5.628516e+01 cycle=200 time=5.101144e-01 dt=2.550572e-03
elapsed=5.880951e+01 cycle=210 time=5.356202e-01 dt=2.550572e-03
elapsed=6.157177e+01 cycle=220 time=5.611259e-01 dt=2.550572e-03
elapsed=6.407614e+01 cycle=230 time=5.866316e-01 dt=2.550572e-03
reference-GH perturbed trumpet: field Linf=9.943110e-07, constraint Linf=1.188278e-06, RHS estimate=3.345381e-07

Terminating on time limit
time=6.000000e-01 cycle=236
tlim=6.000000e-01 nlim=-1

MeshBlock-cycles = 1888
cpu time used  = 6.324895e+01
zone-cycles/cpu_second = 7.825076e+06
particle-updates/cpu_second = 0.000000e+00
real 68.90
user 0.00
sys 0.00
