
Root grid = 6 x 6 x 6 MeshBlocks
Total number of MeshBlocks = 216
Number of logical  levels of refinement = 3 (4 levels total)
Number of physical levels of refinement = 0 (1 levels total)
Number of parallel ranks = 12
  Rank = 0: 18 MeshBlocks, cost = 18
  Rank = 1: 18 MeshBlocks, cost = 18
  Rank = 2: 18 MeshBlocks, cost = 18
  Rank = 3: 18 MeshBlocks, cost = 18
  Rank = 4: 18 MeshBlocks, cost = 18
  Rank = 5: 18 MeshBlocks, cost = 18
  Rank = 6: 18 MeshBlocks, cost = 18
  Rank = 7: 18 MeshBlocks, cost = 18
  Rank = 8: 18 MeshBlocks, cost = 18
  Rank = 9: 18 MeshBlocks, cost = 18
  Rank = 10: 18 MeshBlocks, cost = 18
  Rank = 11: 18 MeshBlocks, cost = 18
Load Balancing:
  Maximum normalized cost = 1, Average = 1
ref_gh reference allocation backend=analytic_radial_q generic_bytes=0 analytic_static_components=12 analytic_stage_components=8 analytic_static_bytes=23887872 analytic_stage_bytes=15925248
reference-GH puncture minimum cell-center radius = 0.0360844
reference-GH stationary physical-target audit: |F-H_constraint|_Linf=2.82796e-12, |tildeGamma|_Linf=2.60696e-15, |stored_Hhat_A|_Linf=0, |stored_theta_A|_Linf=0
reference-GH stationary residual-target audit: |deltaF_A|_Linf=0, |delta_tildeGamma|_Linf=0, |delta_beta|_Linf=0
reference-GH stationary initial RHS Linf = 3.1002e-13, component=10, radius=0.170528, coordinate reference Ricci Linf=1.37611e-08, frame reference Ricci Linf=2.77556e-16
### WARNING in /lus/flare/projects/CompactBinaryMerger/hzhu/refgh_fully_subtracted_gauge_repair_20260829_3c9a34c8_phase7_v1/src/src/parameter_input.cpp: input parameter <output3>/file_type = cbin was not used by the code (check for a typo)
### WARNING in /lus/flare/projects/CompactBinaryMerger/hzhu/refgh_fully_subtracted_gauge_repair_20260829_3c9a34c8_phase7_v1/src/src/parameter_input.cpp: input parameter <output3>/variable = ref_gh was not used by the code (check for a typo)
### WARNING in /lus/flare/projects/CompactBinaryMerger/hzhu/refgh_fully_subtracted_gauge_repair_20260829_3c9a34c8_phase7_v1/src/src/parameter_input.cpp: input parameter <output3>/id = ref_gh_health was not used by the code (check for a typo)
### WARNING in /lus/flare/projects/CompactBinaryMerger/hzhu/refgh_fully_subtracted_gauge_repair_20260829_3c9a34c8_phase7_v1/src/src/parameter_input.cpp: input parameter <output3>/coarsen_factor = 1 was not used by the code (check for a typo)
### WARNING in /lus/flare/projects/CompactBinaryMerger/hzhu/refgh_fully_subtracted_gauge_repair_20260829_3c9a34c8_phase7_v1/src/src/parameter_input.cpp: input parameter <output3>/compute_moments = false was not used by the code (check for a typo)
### WARNING in /lus/flare/projects/CompactBinaryMerger/hzhu/refgh_fully_subtracted_gauge_repair_20260829_3c9a34c8_phase7_v1/src/src/parameter_input.cpp: input parameter <output3>/binary64 = true was not used by the code (check for a typo)
### WARNING in /lus/flare/projects/CompactBinaryMerger/hzhu/refgh_fully_subtracted_gauge_repair_20260829_3c9a34c8_phase7_v1/src/src/parameter_input.cpp: input parameter <output3>/single_file_per_rank = false was not used by the code (check for a typo)
### WARNING in /lus/flare/projects/CompactBinaryMerger/hzhu/refgh_fully_subtracted_gauge_repair_20260829_3c9a34c8_phase7_v1/src/src/parameter_input.cpp: input parameter <output4>/file_type = cbin was not used by the code (check for a typo)
### WARNING in /lus/flare/projects/CompactBinaryMerger/hzhu/refgh_fully_subtracted_gauge_repair_20260829_3c9a34c8_phase7_v1/src/src/parameter_input.cpp: input parameter <output4>/variable = ref_gh_native_con was not used by the code (check for a typo)
### WARNING in /lus/flare/projects/CompactBinaryMerger/hzhu/refgh_fully_subtracted_gauge_repair_20260829_3c9a34c8_phase7_v1/src/src/parameter_input.cpp: input parameter <output4>/id = ref_gh_native_health was not used by the code (check for a typo)
### WARNING in /lus/flare/projects/CompactBinaryMerger/hzhu/refgh_fully_subtracted_gauge_repair_20260829_3c9a34c8_phase7_v1/src/src/parameter_input.cpp: input parameter <output4>/coarsen_factor = 1 was not used by the code (check for a typo)
### WARNING in /lus/flare/projects/CompactBinaryMerger/hzhu/refgh_fully_subtracted_gauge_repair_20260829_3c9a34c8_phase7_v1/src/src/parameter_input.cpp: input parameter <output4>/compute_moments = false was not used by the code (check for a typo)
### WARNING in /lus/flare/projects/CompactBinaryMerger/hzhu/refgh_fully_subtracted_gauge_repair_20260829_3c9a34c8_phase7_v1/src/src/parameter_input.cpp: input parameter <output4>/binary64 = true was not used by the code (check for a typo)
### WARNING in /lus/flare/projects/CompactBinaryMerger/hzhu/refgh_fully_subtracted_gauge_repair_20260829_3c9a34c8_phase7_v1/src/src/parameter_input.cpp: input parameter <output4>/single_file_per_rank = false was not used by the code (check for a typo)
### WARNING in /lus/flare/projects/CompactBinaryMerger/hzhu/refgh_fully_subtracted_gauge_repair_20260829_3c9a34c8_phase7_v1/src/src/parameter_input.cpp: input parameter <output5>/file_type = cbin was not used by the code (check for a typo)
### WARNING in /lus/flare/projects/CompactBinaryMerger/hzhu/refgh_fully_subtracted_gauge_repair_20260829_3c9a34c8_phase7_v1/src/src/parameter_input.cpp: input parameter <output5>/variable = adm_common was not used by the code (check for a typo)
### WARNING in /lus/flare/projects/CompactBinaryMerger/hzhu/refgh_fully_subtracted_gauge_repair_20260829_3c9a34c8_phase7_v1/src/src/parameter_input.cpp: input parameter <output5>/id = adm_common_health was not used by the code (check for a typo)
### WARNING in /lus/flare/projects/CompactBinaryMerger/hzhu/refgh_fully_subtracted_gauge_repair_20260829_3c9a34c8_phase7_v1/src/src/parameter_input.cpp: input parameter <output5>/coarsen_factor = 1 was not used by the code (check for a typo)
### WARNING in /lus/flare/projects/CompactBinaryMerger/hzhu/refgh_fully_subtracted_gauge_repair_20260829_3c9a34c8_phase7_v1/src/src/parameter_input.cpp: input parameter <output5>/compute_moments = false was not used by the code (check for a typo)
### WARNING in /lus/flare/projects/CompactBinaryMerger/hzhu/refgh_fully_subtracted_gauge_repair_20260829_3c9a34c8_phase7_v1/src/src/parameter_input.cpp: input parameter <output5>/binary64 = true was not used by the code (check for a typo)
### WARNING in /lus/flare/projects/CompactBinaryMerger/hzhu/refgh_fully_subtracted_gauge_repair_20260829_3c9a34c8_phase7_v1/src/src/parameter_input.cpp: input parameter <output5>/single_file_per_rank = false was not used by the code (check for a typo)
### WARNING in /lus/flare/projects/CompactBinaryMerger/hzhu/refgh_fully_subtracted_gauge_repair_20260829_3c9a34c8_phase7_v1/src/src/parameter_input.cpp: input parameter <output5>/common_adm_fd_order = 4 was not used by the code (check for a typo)

Setup complete, executing task list(s)...

elapsed=3.826883e+01 cycle=0 time=0.000000e+00 dt=3.404497e-03
Segmentation fault from GPU at 0xff00000e517d4000, ctx_id: 1 (CCS) type: 0 (NotPresent), level: 1 (PDE), access: 1 (Write), banned: 1, aborting.
Abort was called at 288 line in file:
/home/ubit/rpmbuild/BUILD/intel-compute-runtime-25.18.33578.42/shared/source/os_interface/linux/drm_neo.cpp
Segmentation fault from GPU at 0xff00000e517d4000, ctx_id: 1 (CCS) type: 0 (NotPresent), level: 1 (PDE), access: 1 (Write), banned: 1, aborting.
Segmentation fault from GPU at 0xff00000e5fbb2000, ctx_id: 1 (CCS) type: 0 (NotPresent), level: 1 (PDE), access: 1 (Write), banned: 1, aborting.
Abort was called at 288 line in file:
/home/ubit/rpmbuild/BUILD/intel-compute-runtime-25.18.33578.42/shared/source/os_interface/linux/drm_neo.cpp
Segmentation fault from GPU at 0xff00000e5fbb2000, ctx_id: 1 (CCS) type: 0 (NotPresent), level: 1 (PDE), access: 1 (Write), banned: 1, aborting.
Segmentation fault from GPU at 0xff00000e596a8000, ctx_id: 1 (CCS) type: 0 (NotPresent), level: 1 (PDE), access: 1 (Write), banned: 0, aborting.
Abort was called at 288 line in file:
/home/ubit/rpmbuild/BUILD/intel-compute-runtime-25.18.33578.42/shared/source/os_interface/linux/drm_neo.cpp
Segmentation fault from GPU at 0xff00000e596a8000, ctx_id: 1 (CCS) type: 0 (NotPresent), level: 1 (PDE), access: 1 (Write), banned: 0, aborting.
Segmentation fault from GPU at 0xff00000e5b090000, ctx_id: 1 (CCS) type: 0 (NotPresent), level: 1 (PDE), access: 1 (Write), banned: 1, aborting.
Segmentation fault from GPU at 0xff00000e5b090000, ctx_id: 1 (CCS) type: 0 (NotPresent), level: 1 (PDE), access: 1 (Write), banned: 1, aborting.
Abort was called at 288 line in file:
/home/ubit/rpmbuild/BUILD/intel-compute-runtime-25.18.33578.42/shared/source/os_interface/linux/drm_neo.cpp
Segmentation fault from GPU at 0xff00000e5cea6000, ctx_id: 1 (CCS) type: 0 (NotPresent), level: 1 (PDE), access: 1 (Write), banned: 1, aborting.
Segmentation fault from GPU at 0xff00000e5cea6000, ctx_id: 1 (CCS) type: 0 (NotPresent), level: 1 (PDE), access: 1 (Write), banned: 1, aborting.
Abort was called at 288 line in file:
/home/ubit/rpmbuild/BUILD/intel-compute-runtime-25.18.33578.42/shared/source/os_interface/linux/drm_neo.cpp
Segmentation fault from GPU at 0xff00000e4a39a000, ctx_id: 1 (CCS) type: 0 (NotPresent), level: 1 (PDE), access: 1 (Write), banned: 1, aborting.
Segmentation fault from GPU at 0xff00000e4a39a000, ctx_id: 1 (CCS) type: 0 (NotPresent), level: 1 (PDE), access: 1 (Write), banned: 1, aborting.
Abort was called at 288 line in file:
/home/ubit/rpmbuild/BUILD/intel-compute-runtime-25.18.33578.42/shared/source/os_interface/linux/drm_neo.cpp
Segmentation fault from GPU at 0xff00000e5bd36000, ctx_id: 1 (CCS) type: 0 (NotPresent), level: 1 (PDE), access: 1 (Write), banned: 0, aborting.
Segmentation fault from GPU at 0xff00000e5bd36000, ctx_id: 1 (CCS) type: 0 (NotPresent), level: 1 (PDE), access: 1 (Write), banned: 0, aborting.
Abort was called at 288 line in file:
/home/ubit/rpmbuild/BUILD/intel-compute-runtime-25.18.33578.42/shared/source/os_interface/linux/drm_neo.cpp
Segmentation fault from GPU at 0xff00000e57c4a000, ctx_id: 1 (CCS) type: 0 (NotPresent), level: 1 (PDE), access: 1 (Write), banned: 1, aborting.
Segmentation fault from GPU at 0xff00000e4f7f8000, ctx_id: 1 (CCS) type: 0 (NotPresent), level: 1 (PDE), access: 1 (Write), banned: 1, aborting.
Segmentation fault from GPU at 0xff00000e5d86a000, ctx_id: 1 (CCS) type: 0 (NotPresent), level: 1 (PDE), access: 1 (Write), banned: 1, aborting.
Segmentation fault from GPU at 0xff00000e57c4a000, ctx_id: 1 (CCS) type: 0 (NotPresent), level: 1 (PDE), access: 1 (Write), banned: 1, aborting.
Abort was called at 288 line in file:
/home/ubit/rpmbuild/BUILD/intel-compute-runtime-25.18.33578.42/shared/source/os_interface/linux/drm_neo.cpp
Segmentation fault from GPU at 0xff00000e4f7f8000, ctx_id: 1 (CCS) type: 0 (NotPresent), level: 1 (PDE), access: 1 (Write), banned: 1, aborting.
Abort was called at 288 line in file:
/home/ubit/rpmbuild/BUILD/intel-compute-runtime-25.18.33578.42/shared/source/os_interface/linux/drm_neo.cpp
Segmentation fault from GPU at 0xff00000e5d86a000, ctx_id: 1 (CCS) type: 0 (NotPresent), level: 1 (PDE), access: 1 (Write), banned: 1, aborting.
Abort was called at 288 line in file:
/home/ubit/rpmbuild/BUILD/intel-compute-runtime-25.18.33578.42/shared/source/os_interface/linux/drm_neo.cpp
Segmentation fault from GPU at 0xff00000e5602a000, ctx_id: 1 (CCS) type: 0 (NotPresent), level: 1 (PDE), access: 1 (Write), banned: 1, aborting.
Segmentation fault from GPU at 0xff00000e5602a000, ctx_id: 1 (CCS) type: 0 (NotPresent), level: 1 (PDE), access: 1 (Write), banned: 1, aborting.
Abort was called at 288 line in file:
/home/ubit/rpmbuild/BUILD/intel-compute-runtime-25.18.33578.42/shared/source/os_interface/linux/drm_neo.cpp
Segmentation fault from GPU at 0xff00000e589ea000, ctx_id: 1 (CCS) type: 0 (NotPresent), level: 1 (PDE), access: 1 (Write), banned: 1, aborting.
Segmentation fault from GPU at 0xff00000e589ea000, ctx_id: 1 (CCS) type: 0 (NotPresent), level: 1 (PDE), access: 1 (Write), banned: 1, aborting.
Abort was called at 288 line in file:
/home/ubit/rpmbuild/BUILD/intel-compute-runtime-25.18.33578.42/shared/source/os_interface/linux/drm_neo.cpp
x4507c1s2b0n0.hsn.cm.aurora.alcf.anl.gov: rank 7 died from signal 6
real 39.84
user 0.00
sys 0.00
