CMake Warning (dev) at CMakeLists.txt:53 (find_package):
  Policy CMP0074 is not set: find_package uses <PackageName>_ROOT variables.
  Run "cmake --help-policy CMP0074" for policy details.  Use the cmake_policy
  command to set the policy and suppress this warning.

  Environment variable MPI_ROOT is set to:

    /opt/aurora/26.26.0/spack/unified/1.1.1/install/linux-x86_64/mpich-5.0.0.aurora_test.3c70a61-hlkigtk

  For compatibility, CMake is ignoring the variable.
This warning is for project developers.  Use -Wno-dev to suppress it.

-- Setting default Kokkos CXX standard to 17
-- Kokkos version: 4.7.2
-- The project name is: Kokkos
-- Using internal gtest for testing
-- Using -std=c++17 for C++17 standard as feature
-- Built-in Execution Spaces:
--     Device Parallel: Kokkos::SYCL
--     Host Parallel: NoTypeDefined
--       Host Serial: SERIAL
-- 
-- Architectures:
--  INTEL_PVC
-- Using internal desul_atomics copy
-- Performing Test KOKKOS_LINK_OPTIONS_CHECK
-- Performing Test KOKKOS_LINK_OPTIONS_CHECK - Success
-- Performing Test KOKKOS_COMPILE_OPTIONS_CHECK
-- Performing Test KOKKOS_COMPILE_OPTIONS_CHECK - Success
-- Experimental mdspan support is enabled
-- Using internal mdspan directory /lus/flare/projects/CompactBinaryMerger/hzhu/refgh_staged_rhs_20260829_candidate3_7a8d67a7/src/kokkos/tpls/mdspan/include
-- Kokkos Backends: SERIAL;SYCL
-- Configuring done (10.5s)
-- Generating done (11.9s)
-- Build files have been written to: /lus/flare/projects/CompactBinaryMerger/hzhu/refgh_staged_rhs_20260829_candidate3_7a8d67a7/build_7a8d67a73a5a
