{
  "time_code": 9.600000000000001,
  "cycle": 3,
  "ranks": 8,
  "blocks": 8,
  "matching_headers": true,
  "all_payload_finite": true,
  "invalid_metric_cells_including_ghosts": 0,
  "invalid_samples": [],
  "minimum": {
    "alpha": 0.9999999999988353,
    "chi": 0.9999999999944187,
    "gxx": 0.9999999999382014,
    "minor2": 0.9999999999691007,
    "detg": 0.9999999999999997
  },
  "residual_max": 1.2662196182677832e-06,
  "exact_zero_required": false,
  "all_residuals_zero": false,
  "dx": [
    64.0,
    64.0,
    64.0
  ],
  "stopping_reason": "cycle limit",
  "passed": true,
  "checkpoint_matches_final_application_record": true,
  "invalid_state_marker": false,
  "histories": {
    "theta_loweta_amp1e7_coremask.mhd.hst": {
      "last_time": 9.600000000000001,
      "all_finite": true
    },
    "theta_loweta_amp1e7_coremask.user.hst": {
      "last_time": 9.600000000000001,
      "all_finite": true,
      "bad_metric_max": 0.0
    },
    "theta_loweta_amp1e7_coremask.z4c.user.hst": {
      "last_time": 9.600000000000001,
      "all_finite": true
    }
  },
  "application_exit": 0,
  "target_time": 50000.0,
  "target_reached": false
}
