AthenaK Kokkos default execution space: Cuda

Root grid = 4 x 8 x 1 MeshBlocks
Total number of MeshBlocks = 32
Number of logical  levels of refinement = 3 (4 levels total)
Number of physical levels of refinement = 0 (1 levels total)
Number of parallel ranks = 1
AssembleZ4cTasks

Setup complete, executing task list(s)...

elapsed=3.726685e-01 cycle=552 time=1.601193e+00 dt=3.432860e-03
elapsed=1.806409e+00 cycle=553 time=1.604626e+00 dt=3.434298e-03
elapsed=1.879847e+00 cycle=554 time=1.608060e+00 dt=3.435757e-03
elapsed=1.937919e+00 cycle=555 time=1.611496e+00 dt=3.437236e-03
elapsed=1.989599e+00 cycle=556 time=1.614933e+00 dt=3.438736e-03
elapsed=2.041579e+00 cycle=557 time=1.618372e+00 dt=3.440256e-03
elapsed=2.093498e+00 cycle=558 time=1.621812e+00 dt=1.872180e-03
output wall time = 5.433704e-01
elapsed=2.687975e+00 cycle=559 time=1.623685e+00 dt=3.442461e-03

Terminating on time limit
time=1.623685e+00 cycle=559
tlim=1.623685e+00 nlim=-1 nmb_total_limit=-1

MeshBlock-cycles = 224
cpu time used  = 2.315298e+00
zone-cycles/cpu_second = 1.585116e+06
particle-updates/cpu_second = 0.000000e+00
