AthenaK Kokkos default execution space: Cuda

Root grid = 4 x 8 x 1 MeshBlocks
Total number of MeshBlocks = 104
Number of logical  levels of refinement = 26 (27 levels total)
Number of physical levels of refinement = 23 (24 levels total)
  Physical level = 0 (logical level = 3): 24 MeshBlocks, cost = 24
  Physical level = 1 (logical level = 4): 24 MeshBlocks, cost = 24
  Physical level = 2 (logical level = 5): 24 MeshBlocks, cost = 24
  Physical level = 3 (logical level = 6): 32 MeshBlocks, cost = 32
Number of parallel ranks = 4
  Rank = 0: 26 MeshBlocks, cost = 26
  Rank = 1: 26 MeshBlocks, cost = 26
  Rank = 2: 26 MeshBlocks, cost = 26
  Rank = 3: 26 MeshBlocks, cost = 26
Load Balancing:
  Maximum normalized cost = 1, Average = 1
AssembleZ4cTasks
Direct global Brill coefficient import: radial_points=128 angular_points=32 adm_mass=2.6606354586228815 min_psi4=1.0294862649667984 lapse=unit min_lapse=1 max_lapse=1
Converted imported ADM data to Z4c proper_box_C_rms=2.1193401318894827e-07 proper_box_H_rms=2.118202143429524e-07 proper_box_M_rms=0 proper_box_Z_rms=3.4721298247256892e-09 coordinate_support_H_rms=1.6404424251534026e-10 coordinate_support_M_rms=0
Initialized Z4c from IrisK data mode=direct_global_coefficients path=/pscratch/sd/h/hzhu/z4c-vc-performance-perlmutter-20260829/runs/n1024_reference_shock_cfl040_ko010_retry1/brill_global_128x32.coefficients bytes=95927
AMR_HISTORY_SOURCE_COMPATIBILITY recorded_source_id=athena-0.1-git-f8303c6be7eb214fa1e91b646123ee0d434b3698 current_source_id=athena-0.1-git-02704c79ffe95312cfeba9acde3d38f8b9677dec explicit_match=true
AssembleZ4cTasks
AMR_HISTORY_SOURCE_COMPATIBILITY recorded_source_id=athena-0.1-git-f8303c6be7eb214fa1e91b646123ee0d434b3698 current_source_id=athena-0.1-git-02704c79ffe95312cfeba9acde3d38f8b9677dec explicit_match=true
AssembleZ4cTasks
AMR_HISTORY_SOURCE_COMPATIBILITY recorded_source_id=athena-0.1-git-f8303c6be7eb214fa1e91b646123ee0d434b3698 current_source_id=athena-0.1-git-02704c79ffe95312cfeba9acde3d38f8b9677dec explicit_match=true
AssembleZ4cTasks
AMR_HISTORY_SOURCE_COMPATIBILITY recorded_source_id=athena-0.1-git-f8303c6be7eb214fa1e91b646123ee0d434b3698 current_source_id=athena-0.1-git-02704c79ffe95312cfeba9acde3d38f8b9677dec explicit_match=true

Setup complete, executing task list(s)...

elapsed=4.107368e+00 cycle=0 time=0.000000e+00 dt=8.300168e-03
AMR_HISTORY_TIMESTEP_CLIP event=1 time_hex=0x1.0ffadb6b42ba7p-7 candidate_dt_hex=0x1.0ffe2d48b299ep-7 applied_dt_hex=0x1.0ffadb6b42cp-8 target_time_hex=0x1.97f84920e41a7p-7
CARTOON_AMR_TRANSACTION cycle=2 requested_refine=32 requested_derefine_leaves=0 accepted_derefine_parents=0 created_leaves=96 deleted_leaves=0 mirror_mismatches=0
AMR_HISTORY_REPLAY event=1 time_hex=0x1.97f84920e41a7p-7 requested_leaves=200 accepted_leaves=200 max_level=7 checksum=24316947a3a67cd8 exact_match=true shadow_refine=30 shadow_derefine=0
AMR_HISTORY_TIMESTEP_CLIP event=2 time_hex=0x1.0ffcb97225d8cp-6 candidate_dt_hex=0x1.100822b11fa6ep-8 applied_dt_hex=0x1.100288d3f146p-9 target_time_hex=0x1.31fd0a8ca4018p-6
CARTOON_AMR_TRANSACTION cycle=4 requested_refine=4 requested_derefine_leaves=0 accepted_derefine_parents=0 created_leaves=12 deleted_leaves=0 mirror_mismatches=0
AMR_HISTORY_REPLAY event=2 time_hex=0x1.31fd0a8ca4018p-6 requested_leaves=212 accepted_leaves=212 max_level=8 checksum=cf0d2384b11c1d42 exact_match=true shadow_refine=0 shadow_derefine=36
elapsed=1.062667e+01 cycle=4 time=1.867605e-02 dt=2.075543e-03
elapsed=1.184744e+01 cycle=8 time=2.697898e-02 dt=2.076087e-03
elapsed=1.306131e+01 cycle=12 time=3.528438e-02 dt=2.076829e-03
elapsed=1.430881e+01 cycle=16 time=4.359304e-02 dt=2.077769e-03
elapsed=1.551678e+01 cycle=20 time=5.190576e-02 dt=2.078906e-03
elapsed=1.673687e+01 cycle=24 time=6.022332e-02 dt=2.080241e-03
elapsed=1.795206e+01 cycle=28 time=6.854652e-02 dt=2.081773e-03
elapsed=1.917877e+01 cycle=32 time=7.687615e-02 dt=2.083503e-03
elapsed=2.040170e+01 cycle=36 time=8.521299e-02 dt=2.085431e-03
elapsed=2.163133e+01 cycle=40 time=9.355784e-02 dt=2.087555e-03
elapsed=2.284004e+01 cycle=44 time=1.019115e-01 dt=2.089876e-03
elapsed=2.405089e+01 cycle=48 time=1.102747e-01 dt=2.092393e-03
elapsed=2.526924e+01 cycle=52 time=1.186483e-01 dt=2.095107e-03
elapsed=2.651512e+01 cycle=56 time=1.270330e-01 dt=2.098017e-03
elapsed=2.774898e+01 cycle=60 time=1.354297e-01 dt=2.101120e-03
elapsed=2.896700e+01 cycle=64 time=1.438390e-01 dt=2.104415e-03
elapsed=3.017912e+01 cycle=68 time=1.522619e-01 dt=2.107905e-03
elapsed=3.140208e+01 cycle=72 time=1.606990e-01 dt=2.111587e-03
elapsed=3.262542e+01 cycle=76 time=1.691511e-01 dt=2.115462e-03
elapsed=3.383807e+01 cycle=80 time=1.776189e-01 dt=2.119529e-03
elapsed=3.504188e+01 cycle=84 time=1.861034e-01 dt=2.123787e-03
elapsed=3.624650e+01 cycle=88 time=1.946052e-01 dt=2.128235e-03
elapsed=3.744638e+01 cycle=92 time=2.031250e-01 dt=2.132871e-03
elapsed=3.864620e+01 cycle=96 time=2.116637e-01 dt=2.137695e-03
elapsed=3.986598e+01 cycle=100 time=2.202219e-01 dt=2.142706e-03
elapsed=4.106592e+01 cycle=104 time=2.288005e-01 dt=2.147901e-03
elapsed=4.226980e+01 cycle=108 time=2.374001e-01 dt=2.153279e-03
elapsed=4.347698e+01 cycle=112 time=2.460215e-01 dt=2.158839e-03
elapsed=4.515951e+01 cycle=116 time=2.546654e-01 dt=2.164579e-03
elapsed=4.638858e+01 cycle=120 time=2.633325e-01 dt=2.170498e-03
elapsed=4.760687e+01 cycle=124 time=2.720236e-01 dt=2.176592e-03
elapsed=4.882600e+01 cycle=128 time=2.807393e-01 dt=2.182861e-03
elapsed=5.002599e+01 cycle=132 time=2.894804e-01 dt=2.189302e-03
elapsed=5.124376e+01 cycle=136 time=2.982474e-01 dt=2.195912e-03
elapsed=5.246713e+01 cycle=140 time=3.070412e-01 dt=2.202691e-03
elapsed=5.367443e+01 cycle=144 time=3.158623e-01 dt=2.209634e-03
elapsed=5.488087e+01 cycle=148 time=3.247115e-01 dt=2.216731e-03
elapsed=5.609810e+01 cycle=152 time=3.335892e-01 dt=2.223987e-03
elapsed=5.732555e+01 cycle=156 time=3.424962e-01 dt=2.231400e-03
elapsed=5.853636e+01 cycle=160 time=3.514331e-01 dt=2.238967e-03
elapsed=5.974619e+01 cycle=164 time=3.604005e-01 dt=2.246687e-03
elapsed=6.096851e+01 cycle=168 time=3.693990e-01 dt=2.254555e-03
elapsed=6.219999e+01 cycle=172 time=3.784292e-01 dt=2.262569e-03
elapsed=6.341548e+01 cycle=176 time=3.874917e-01 dt=2.270725e-03
elapsed=6.462793e+01 cycle=180 time=3.965870e-01 dt=2.279022e-03
elapsed=6.583616e+01 cycle=184 time=4.057157e-01 dt=2.287455e-03
elapsed=6.705595e+01 cycle=188 time=4.148783e-01 dt=2.296022e-03
elapsed=6.826682e+01 cycle=192 time=4.240754e-01 dt=2.304720e-03
elapsed=6.948766e+01 cycle=196 time=4.333075e-01 dt=2.313544e-03
elapsed=7.069863e+01 cycle=200 time=4.425751e-01 dt=2.322485e-03
elapsed=7.191914e+01 cycle=204 time=4.518785e-01 dt=2.331541e-03
elapsed=7.313419e+01 cycle=208 time=4.612184e-01 dt=2.340714e-03
elapsed=7.435431e+01 cycle=212 time=4.705952e-01 dt=2.350001e-03
elapsed=7.557023e+01 cycle=216 time=4.800092e-01 dt=2.359398e-03
elapsed=7.680339e+01 cycle=220 time=4.894611e-01 dt=2.368902e-03
elapsed=7.800742e+01 cycle=224 time=4.989510e-01 dt=2.378510e-03
elapsed=8.093262e+01 cycle=228 time=5.084796e-01 dt=2.388218e-03
elapsed=8.213909e+01 cycle=232 time=5.180472e-01 dt=2.398023e-03
elapsed=8.336145e+01 cycle=236 time=5.276541e-01 dt=2.407921e-03
elapsed=8.457978e+01 cycle=240 time=5.373007e-01 dt=2.417909e-03
elapsed=8.580907e+01 cycle=244 time=5.469874e-01 dt=2.427977e-03
elapsed=8.703096e+01 cycle=248 time=5.567126e-01 dt=2.436702e-03
elapsed=8.823903e+01 cycle=252 time=5.664722e-01 dt=2.445222e-03
elapsed=8.944372e+01 cycle=256 time=5.762657e-01 dt=2.453575e-03
elapsed=9.063813e+01 cycle=260 time=5.860923e-01 dt=2.461763e-03
elapsed=9.185009e+01 cycle=264 time=5.959514e-01 dt=2.469777e-03
elapsed=9.305218e+01 cycle=268 time=6.058423e-01 dt=2.477605e-03
elapsed=9.426635e+01 cycle=272 time=6.157643e-01 dt=2.485258e-03
elapsed=9.547315e+01 cycle=276 time=6.257166e-01 dt=2.492717e-03
elapsed=9.667726e+01 cycle=280 time=6.356984e-01 dt=2.499996e-03
elapsed=9.788963e+01 cycle=284 time=6.457091e-01 dt=2.507095e-03
elapsed=9.908357e+01 cycle=288 time=6.557479e-01 dt=2.514000e-03
elapsed=1.002953e+02 cycle=292 time=6.658140e-01 dt=2.520727e-03
elapsed=1.015100e+02 cycle=296 time=6.759068e-01 dt=2.527277e-03
elapsed=1.027175e+02 cycle=300 time=6.860256e-01 dt=2.533652e-03
elapsed=1.039405e+02 cycle=304 time=6.961695e-01 dt=2.539852e-03
elapsed=1.051598e+02 cycle=308 time=7.063380e-01 dt=2.545880e-03
elapsed=1.063858e+02 cycle=312 time=7.165304e-01 dt=2.551739e-03
elapsed=1.076023e+02 cycle=316 time=7.267459e-01 dt=2.557434e-03
elapsed=1.088226e+02 cycle=320 time=7.369840e-01 dt=2.562967e-03
elapsed=1.100333e+02 cycle=324 time=7.472440e-01 dt=2.568344e-03
elapsed=1.116832e+02 cycle=328 time=7.575253e-01 dt=2.573569e-03
elapsed=1.128929e+02 cycle=332 time=7.678272e-01 dt=2.578649e-03
elapsed=1.141017e+02 cycle=336 time=7.781492e-01 dt=2.583584e-03
elapsed=1.153085e+02 cycle=340 time=7.884908e-01 dt=2.588364e-03
elapsed=1.165296e+02 cycle=344 time=7.988513e-01 dt=2.593011e-03
elapsed=1.177345e+02 cycle=348 time=8.092301e-01 dt=2.597534e-03
elapsed=1.189383e+02 cycle=352 time=8.196269e-01 dt=2.601913e-03
elapsed=1.201405e+02 cycle=356 time=8.300410e-01 dt=2.606167e-03
elapsed=1.213555e+02 cycle=360 time=8.404719e-01 dt=2.610312e-03
elapsed=1.225634e+02 cycle=364 time=8.509192e-01 dt=2.614378e-03
elapsed=1.237797e+02 cycle=368 time=8.613830e-01 dt=2.618595e-03
elapsed=1.250006e+02 cycle=372 time=8.718638e-01 dt=2.622962e-03
elapsed=1.262280e+02 cycle=376 time=8.823624e-01 dt=2.627475e-03
elapsed=1.274367e+02 cycle=380 time=8.928793e-01 dt=2.632132e-03
elapsed=1.286675e+02 cycle=384 time=9.034149e-01 dt=2.636931e-03
elapsed=1.298755e+02 cycle=388 time=9.139700e-01 dt=2.641869e-03
elapsed=1.310814e+02 cycle=392 time=9.245451e-01 dt=2.646942e-03
elapsed=1.322961e+02 cycle=396 time=9.351406e-01 dt=2.652148e-03
elapsed=1.335059e+02 cycle=400 time=9.457572e-01 dt=2.657484e-03
elapsed=1.347080e+02 cycle=404 time=9.563953e-01 dt=2.662948e-03
elapsed=1.359244e+02 cycle=408 time=9.670554e-01 dt=2.668534e-03
elapsed=1.371265e+02 cycle=412 time=9.777381e-01 dt=2.674241e-03
elapsed=1.383468e+02 cycle=416 time=9.884437e-01 dt=2.680066e-03
elapsed=1.395679e+02 cycle=420 time=9.991729e-01 dt=2.686004e-03
elapsed=1.424770e+02 cycle=424 time=1.009926e+00 dt=2.692054e-03
elapsed=1.436758e+02 cycle=428 time=1.020703e+00 dt=2.698210e-03
elapsed=1.448781e+02 cycle=432 time=1.031506e+00 dt=2.704471e-03
elapsed=1.460952e+02 cycle=436 time=1.042333e+00 dt=2.710832e-03
elapsed=1.473037e+02 cycle=440 time=1.053186e+00 dt=2.717290e-03
elapsed=1.484973e+02 cycle=444 time=1.064065e+00 dt=2.723842e-03
elapsed=1.497044e+02 cycle=448 time=1.074966e+00 dt=2.727288e-03
elapsed=1.508996e+02 cycle=452 time=1.085880e+00 dt=2.730008e-03
elapsed=1.521036e+02 cycle=456 time=1.096804e+00 dt=2.732651e-03
elapsed=1.533236e+02 cycle=460 time=1.107738e+00 dt=2.735243e-03
elapsed=1.545304e+02 cycle=464 time=1.118683e+00 dt=2.737777e-03
elapsed=1.557547e+02 cycle=468 time=1.129638e+00 dt=2.740250e-03
elapsed=1.569761e+02 cycle=472 time=1.140602e+00 dt=2.742655e-03
elapsed=1.581790e+02 cycle=476 time=1.151577e+00 dt=2.745014e-03
elapsed=1.593849e+02 cycle=480 time=1.162560e+00 dt=2.747330e-03
elapsed=1.606018e+02 cycle=484 time=1.173553e+00 dt=2.749604e-03
elapsed=1.618107e+02 cycle=488 time=1.184555e+00 dt=2.751829e-03
elapsed=1.630102e+02 cycle=492 time=1.195565e+00 dt=2.753990e-03
elapsed=1.642224e+02 cycle=496 time=1.206584e+00 dt=2.756112e-03
elapsed=1.654292e+02 cycle=500 time=1.217612e+00 dt=2.758198e-03
elapsed=1.666290e+02 cycle=504 time=1.228648e+00 dt=2.760250e-03
elapsed=1.678346e+02 cycle=508 time=1.239692e+00 dt=2.762268e-03
elapsed=1.694900e+02 cycle=512 time=1.250744e+00 dt=2.764254e-03
elapsed=1.706949e+02 cycle=516 time=1.261804e+00 dt=2.766197e-03
elapsed=1.719148e+02 cycle=520 time=1.272872e+00 dt=2.768095e-03
elapsed=1.731267e+02 cycle=524 time=1.283947e+00 dt=2.769966e-03
elapsed=1.743390e+02 cycle=528 time=1.295029e+00 dt=2.771810e-03
elapsed=1.755643e+02 cycle=532 time=1.306119e+00 dt=2.773629e-03
elapsed=1.767806e+02 cycle=536 time=1.317217e+00 dt=2.775423e-03
elapsed=1.779926e+02 cycle=540 time=1.328321e+00 dt=2.777194e-03
elapsed=1.791919e+02 cycle=544 time=1.339432e+00 dt=2.778938e-03
elapsed=1.804017e+02 cycle=548 time=1.350551e+00 dt=2.780656e-03
elapsed=1.816080e+02 cycle=552 time=1.361676e+00 dt=2.782354e-03
elapsed=1.828101e+02 cycle=556 time=1.372808e+00 dt=2.784032e-03
elapsed=1.840349e+02 cycle=560 time=1.383946e+00 dt=2.785686e-03
elapsed=1.852503e+02 cycle=564 time=1.395092e+00 dt=2.787319e-03
elapsed=1.864925e+02 cycle=568 time=1.406243e+00 dt=2.788937e-03
elapsed=1.877129e+02 cycle=572 time=1.417401e+00 dt=2.790532e-03
elapsed=1.889233e+02 cycle=576 time=1.428566e+00 dt=2.792110e-03
elapsed=1.901482e+02 cycle=580 time=1.439737e+00 dt=2.793675e-03
elapsed=1.913659e+02 cycle=584 time=1.450914e+00 dt=2.795226e-03
elapsed=1.925917e+02 cycle=588 time=1.462097e+00 dt=2.796765e-03
elapsed=1.938062e+02 cycle=592 time=1.473286e+00 dt=2.798292e-03
elapsed=1.950224e+02 cycle=596 time=1.484482e+00 dt=2.799804e-03
elapsed=1.962301e+02 cycle=600 time=1.495683e+00 dt=2.801301e-03
elapsed=1.992196e+02 cycle=604 time=1.506891e+00 dt=2.802787e-03
elapsed=2.004388e+02 cycle=608 time=1.518104e+00 dt=2.804264e-03
elapsed=2.016542e+02 cycle=612 time=1.529323e+00 dt=2.805732e-03
elapsed=2.028719e+02 cycle=616 time=1.540549e+00 dt=2.807192e-03
elapsed=2.040817e+02 cycle=620 time=1.551780e+00 dt=2.808640e-03
elapsed=2.053024e+02 cycle=624 time=1.563016e+00 dt=2.810076e-03
elapsed=2.065627e+02 cycle=628 time=1.574259e+00 dt=2.811504e-03
elapsed=2.077926e+02 cycle=632 time=1.585507e+00 dt=2.812926e-03
elapsed=2.090133e+02 cycle=636 time=1.596761e+00 dt=2.814341e-03
elapsed=2.102251e+02 cycle=640 time=1.608020e+00 dt=2.815749e-03
elapsed=2.114476e+02 cycle=644 time=1.619285e+00 dt=2.817148e-03
elapsed=2.126608e+02 cycle=648 time=1.630556e+00 dt=2.818538e-03
elapsed=2.138631e+02 cycle=652 time=1.641832e+00 dt=2.819921e-03
elapsed=2.150665e+02 cycle=656 time=1.653114e+00 dt=2.821300e-03
elapsed=2.162815e+02 cycle=660 time=1.664401e+00 dt=2.822674e-03
elapsed=2.175021e+02 cycle=664 time=1.675694e+00 dt=2.824043e-03
elapsed=2.187153e+02 cycle=668 time=1.686992e+00 dt=2.825401e-03
elapsed=2.199200e+02 cycle=672 time=1.698296e+00 dt=2.826753e-03
elapsed=2.211284e+02 cycle=676 time=1.709605e+00 dt=2.828101e-03
elapsed=2.223566e+02 cycle=680 time=1.720920e+00 dt=2.829445e-03
elapsed=2.235819e+02 cycle=684 time=1.732239e+00 dt=2.830785e-03
elapsed=2.248051e+02 cycle=688 time=1.743564e+00 dt=2.832118e-03
elapsed=2.264557e+02 cycle=692 time=1.754895e+00 dt=2.833443e-03
elapsed=2.276886e+02 cycle=696 time=1.766231e+00 dt=2.834763e-03
elapsed=2.289065e+02 cycle=700 time=1.777572e+00 dt=2.836080e-03
elapsed=2.301212e+02 cycle=704 time=1.788918e+00 dt=2.837394e-03
elapsed=2.313509e+02 cycle=708 time=1.800270e+00 dt=2.838701e-03
elapsed=2.325564e+02 cycle=712 time=1.811626e+00 dt=2.840000e-03
elapsed=2.337677e+02 cycle=716 time=1.822988e+00 dt=2.841295e-03
elapsed=2.349801e+02 cycle=720 time=1.834356e+00 dt=2.842586e-03
elapsed=2.362155e+02 cycle=724 time=1.845728e+00 dt=2.843873e-03
elapsed=2.374159e+02 cycle=728 time=1.857105e+00 dt=2.845154e-03
elapsed=2.386183e+02 cycle=732 time=1.868488e+00 dt=2.846427e-03
elapsed=2.398216e+02 cycle=736 time=1.879875e+00 dt=2.847696e-03
elapsed=2.410253e+02 cycle=740 time=1.891268e+00 dt=2.848961e-03
elapsed=2.422307e+02 cycle=744 time=1.902666e+00 dt=2.850223e-03
elapsed=2.434451e+02 cycle=748 time=1.914069e+00 dt=2.851475e-03
elapsed=2.446501e+02 cycle=752 time=1.925476e+00 dt=2.852721e-03
elapsed=2.458597e+02 cycle=756 time=1.936889e+00 dt=2.853963e-03
elapsed=2.470731e+02 cycle=760 time=1.948307e+00 dt=2.855202e-03
elapsed=2.483034e+02 cycle=764 time=1.959730e+00 dt=2.856434e-03
elapsed=2.495224e+02 cycle=768 time=1.971157e+00 dt=2.857657e-03
elapsed=2.507438e+02 cycle=772 time=1.982590e+00 dt=2.858875e-03
elapsed=2.519746e+02 cycle=776 time=1.994027e+00 dt=2.860089e-03
elapsed=2.548829e+02 cycle=780 time=2.005469e+00 dt=2.861299e-03
elapsed=2.560948e+02 cycle=784 time=2.016916e+00 dt=2.862497e-03
elapsed=2.573131e+02 cycle=788 time=2.028368e+00 dt=2.863691e-03
elapsed=2.585309e+02 cycle=792 time=2.039825e+00 dt=2.864880e-03
elapsed=2.597526e+02 cycle=796 time=2.051286e+00 dt=2.866065e-03
elapsed=2.609620e+02 cycle=800 time=2.062752e+00 dt=2.867237e-03
elapsed=2.621797e+02 cycle=804 time=2.074223e+00 dt=2.868405e-03
elapsed=2.633866e+02 cycle=808 time=2.085698e+00 dt=2.869568e-03
elapsed=2.645975e+02 cycle=812 time=2.097178e+00 dt=2.870726e-03
elapsed=2.658158e+02 cycle=816 time=2.108663e+00 dt=2.871871e-03
elapsed=2.670331e+02 cycle=820 time=2.120152e+00 dt=2.873012e-03
elapsed=2.682338e+02 cycle=824 time=2.131646e+00 dt=2.874148e-03
elapsed=2.694331e+02 cycle=828 time=2.143144e+00 dt=2.875276e-03
elapsed=2.706481e+02 cycle=832 time=2.154647e+00 dt=2.876395e-03
elapsed=2.718624e+02 cycle=836 time=2.166154e+00 dt=2.877508e-03
elapsed=2.730731e+02 cycle=840 time=2.177666e+00 dt=2.878616e-03
elapsed=2.743016e+02 cycle=844 time=2.189182e+00 dt=2.879713e-03
elapsed=2.755099e+02 cycle=848 time=2.200702e+00 dt=2.880802e-03
elapsed=2.767438e+02 cycle=852 time=2.212227e+00 dt=2.881887e-03
elapsed=2.779608e+02 cycle=856 time=2.223756e+00 dt=2.882963e-03
elapsed=2.791894e+02 cycle=860 time=2.235290e+00 dt=2.884027e-03
elapsed=2.804080e+02 cycle=864 time=2.246827e+00 dt=2.885083e-03
elapsed=2.820704e+02 cycle=868 time=2.258369e+00 dt=2.886134e-03
elapsed=2.832891e+02 cycle=872 time=2.269915e+00 dt=2.887177e-03
elapsed=2.845242e+02 cycle=876 time=2.281465e+00 dt=2.888209e-03
elapsed=2.857353e+02 cycle=880 time=2.293020e+00 dt=2.889236e-03
elapsed=2.869627e+02 cycle=884 time=2.304578e+00 dt=2.890256e-03
elapsed=2.881653e+02 cycle=888 time=2.316141e+00 dt=2.891264e-03
elapsed=2.893873e+02 cycle=892 time=2.327707e+00 dt=2.892267e-03
elapsed=2.905997e+02 cycle=896 time=2.339278e+00 dt=2.893263e-03
elapsed=2.918121e+02 cycle=900 time=2.350853e+00 dt=2.894247e-03
elapsed=2.930357e+02 cycle=904 time=2.362431e+00 dt=2.895226e-03
elapsed=2.942494e+02 cycle=908 time=2.374013e+00 dt=2.896198e-03
elapsed=2.954673e+02 cycle=912 time=2.385600e+00 dt=2.897158e-03
elapsed=2.966920e+02 cycle=916 time=2.397190e+00 dt=2.898112e-03
elapsed=2.978980e+02 cycle=920 time=2.408784e+00 dt=2.899060e-03
elapsed=2.991129e+02 cycle=924 time=2.420381e+00 dt=2.899995e-03
elapsed=3.003305e+02 cycle=928 time=2.431983e+00 dt=2.900925e-03
elapsed=3.015541e+02 cycle=932 time=2.443588e+00 dt=2.901848e-03
elapsed=3.027596e+02 cycle=936 time=2.455196e+00 dt=2.902759e-03
elapsed=3.039527e+02 cycle=940 time=2.466809e+00 dt=2.903665e-03
elapsed=3.051631e+02 cycle=944 time=2.478425e+00 dt=2.904563e-03
elapsed=3.063698e+02 cycle=948 time=2.490044e+00 dt=2.905450e-03
elapsed=3.093164e+02 cycle=952 time=2.501668e+00 dt=2.906326e-03
elapsed=3.105265e+02 cycle=956 time=2.513294e+00 dt=2.907205e-03
elapsed=3.117413e+02 cycle=960 time=2.524924e+00 dt=2.908163e-03
elapsed=3.129532e+02 cycle=964 time=2.536559e+00 dt=2.909201e-03
elapsed=3.141615e+02 cycle=968 time=2.548197e+00 dt=2.910320e-03
elapsed=3.153534e+02 cycle=972 time=2.559840e+00 dt=2.911515e-03
elapsed=3.165505e+02 cycle=976 time=2.571488e+00 dt=2.912788e-03
elapsed=3.177411e+02 cycle=980 time=2.583141e+00 dt=2.914138e-03
elapsed=3.189541e+02 cycle=984 time=2.594800e+00 dt=2.915563e-03
elapsed=3.201700e+02 cycle=988 time=2.606464e+00 dt=2.917060e-03
elapsed=3.213746e+02 cycle=992 time=2.618135e+00 dt=2.918631e-03
elapsed=3.225779e+02 cycle=996 time=2.629812e+00 dt=2.920274e-03
elapsed=3.237737e+02 cycle=1000 time=2.641495e+00 dt=2.921988e-03
elapsed=3.249815e+02 cycle=1004 time=2.653186e+00 dt=2.923771e-03
elapsed=3.261858e+02 cycle=1008 time=2.664884e+00 dt=2.925621e-03
elapsed=3.273836e+02 cycle=1012 time=2.676589e+00 dt=2.927537e-03
elapsed=3.285818e+02 cycle=1016 time=2.688302e+00 dt=2.929517e-03
elapsed=3.297748e+02 cycle=1020 time=2.700023e+00 dt=2.931560e-03
elapsed=3.309676e+02 cycle=1024 time=2.711753e+00 dt=2.933665e-03
elapsed=3.321578e+02 cycle=1028 time=2.723491e+00 dt=2.935829e-03
elapsed=3.333508e+02 cycle=1032 time=2.735237e+00 dt=2.938051e-03
elapsed=3.345417e+02 cycle=1036 time=2.746993e+00 dt=2.940330e-03
elapsed=3.362086e+02 cycle=1040 time=2.758758e+00 dt=2.942661e-03
elapsed=3.374108e+02 cycle=1044 time=2.770532e+00 dt=2.945044e-03
elapsed=3.386052e+02 cycle=1048 time=2.782316e+00 dt=2.947478e-03
elapsed=3.398174e+02 cycle=1052 time=2.794109e+00 dt=2.949957e-03
elapsed=3.410285e+02 cycle=1056 time=2.805913e+00 dt=2.952483e-03
elapsed=3.422485e+02 cycle=1060 time=2.817727e+00 dt=2.955050e-03
elapsed=3.434454e+02 cycle=1064 time=2.829551e+00 dt=2.957657e-03
elapsed=3.446473e+02 cycle=1068 time=2.841385e+00 dt=2.960303e-03
elapsed=3.458558e+02 cycle=1072 time=2.853231e+00 dt=2.962982e-03
elapsed=3.470669e+02 cycle=1076 time=2.865087e+00 dt=2.965693e-03
elapsed=3.482709e+02 cycle=1080 time=2.876954e+00 dt=2.968432e-03
elapsed=3.494664e+02 cycle=1084 time=2.888831e+00 dt=2.971196e-03
elapsed=3.506574e+02 cycle=1088 time=2.900720e+00 dt=2.973983e-03
elapsed=3.518715e+02 cycle=1092 time=2.912620e+00 dt=2.976787e-03
elapsed=3.530774e+02 cycle=1096 time=2.924532e+00 dt=2.979607e-03
elapsed=3.542832e+02 cycle=1100 time=2.936455e+00 dt=2.982440e-03
elapsed=3.554863e+02 cycle=1104 time=2.948389e+00 dt=2.985278e-03
elapsed=3.567042e+02 cycle=1108 time=2.960334e+00 dt=2.988122e-03
elapsed=3.578900e+02 cycle=1112 time=2.972291e+00 dt=2.990965e-03
elapsed=3.591041e+02 cycle=1116 time=2.984259e+00 dt=2.993805e-03
elapsed=3.603056e+02 cycle=1120 time=2.996238e+00 dt=2.996674e-03
elapsed=3.632092e+02 cycle=1124 time=3.008229e+00 dt=2.999604e-03
elapsed=3.644124e+02 cycle=1128 time=3.020232e+00 dt=3.002594e-03
elapsed=3.656151e+02 cycle=1132 time=3.032247e+00 dt=3.005641e-03
elapsed=3.668249e+02 cycle=1136 time=3.044274e+00 dt=3.008747e-03
elapsed=3.680351e+02 cycle=1140 time=3.056314e+00 dt=3.011909e-03
elapsed=3.692546e+02 cycle=1144 time=3.068367e+00 dt=3.015128e-03
elapsed=3.704726e+02 cycle=1148 time=3.080432e+00 dt=3.018401e-03
elapsed=3.716748e+02 cycle=1152 time=3.092511e+00 dt=3.021729e-03
elapsed=3.728906e+02 cycle=1156 time=3.104602e+00 dt=3.025110e-03
elapsed=3.741009e+02 cycle=1160 time=3.116708e+00 dt=3.028544e-03
elapsed=3.753166e+02 cycle=1164 time=3.128827e+00 dt=3.032029e-03
elapsed=3.765209e+02 cycle=1168 time=3.140961e+00 dt=3.035565e-03
elapsed=3.777220e+02 cycle=1172 time=3.153108e+00 dt=3.039150e-03
elapsed=3.789223e+02 cycle=1176 time=3.165271e+00 dt=3.042785e-03
elapsed=3.801299e+02 cycle=1180 time=3.177447e+00 dt=3.046468e-03
elapsed=3.813361e+02 cycle=1184 time=3.189639e+00 dt=3.050198e-03
elapsed=3.825563e+02 cycle=1188 time=3.201845e+00 dt=3.053975e-03
elapsed=3.837622e+02 cycle=1192 time=3.214067e+00 dt=3.057797e-03
elapsed=3.849740e+02 cycle=1196 time=3.226304e+00 dt=3.061664e-03
elapsed=3.861831e+02 cycle=1200 time=3.238556e+00 dt=3.065574e-03
elapsed=3.878306e+02 cycle=1204 time=3.250824e+00 dt=3.069527e-03
elapsed=3.890459e+02 cycle=1208 time=3.263108e+00 dt=3.073523e-03
elapsed=3.902413e+02 cycle=1212 time=3.275409e+00 dt=3.077559e-03
elapsed=3.914455e+02 cycle=1216 time=3.287725e+00 dt=3.081636e-03
elapsed=3.926503e+02 cycle=1220 time=3.300058e+00 dt=3.085752e-03
elapsed=3.938533e+02 cycle=1224 time=3.312407e+00 dt=3.089907e-03
elapsed=3.950476e+02 cycle=1228 time=3.324773e+00 dt=3.094100e-03
elapsed=3.962419e+02 cycle=1232 time=3.337156e+00 dt=3.098330e-03
elapsed=3.974469e+02 cycle=1236 time=3.349555e+00 dt=3.102596e-03
elapsed=3.986460e+02 cycle=1240 time=3.361972e+00 dt=3.106897e-03
elapsed=3.998465e+02 cycle=1244 time=3.374406e+00 dt=3.111233e-03
elapsed=4.010663e+02 cycle=1248 time=3.386858e+00 dt=3.115602e-03
elapsed=4.022812e+02 cycle=1252 time=3.399327e+00 dt=3.120004e-03
elapsed=4.035012e+02 cycle=1256 time=3.411813e+00 dt=3.124439e-03
elapsed=4.047127e+02 cycle=1260 time=3.424318e+00 dt=3.128904e-03
elapsed=4.059192e+02 cycle=1264 time=3.436840e+00 dt=3.133400e-03
elapsed=4.071211e+02 cycle=1268 time=3.449380e+00 dt=3.137926e-03
elapsed=4.083290e+02 cycle=1272 time=3.461939e+00 dt=3.142481e-03
elapsed=4.095494e+02 cycle=1276 time=3.474516e+00 dt=3.147064e-03
elapsed=4.107525e+02 cycle=1280 time=3.487111e+00 dt=3.151674e-03
elapsed=4.119729e+02 cycle=1284 time=3.499725e+00 dt=3.156312e-03
elapsed=4.148933e+02 cycle=1288 time=3.512357e+00 dt=3.160975e-03
elapsed=4.161336e+02 cycle=1292 time=3.525008e+00 dt=3.165663e-03
elapsed=4.173495e+02 cycle=1296 time=3.537677e+00 dt=3.170375e-03
elapsed=4.185677e+02 cycle=1300 time=3.550366e+00 dt=3.175112e-03
elapsed=4.197832e+02 cycle=1304 time=3.563074e+00 dt=3.179871e-03
elapsed=4.209936e+02 cycle=1308 time=3.575800e+00 dt=3.184653e-03
elapsed=4.222182e+02 cycle=1312 time=3.588546e+00 dt=3.189457e-03
elapsed=4.234422e+02 cycle=1316 time=3.601311e+00 dt=3.194281e-03
elapsed=4.246623e+02 cycle=1320 time=3.614096e+00 dt=3.199126e-03
elapsed=4.258742e+02 cycle=1324 time=3.626899e+00 dt=3.203990e-03
elapsed=4.270910e+02 cycle=1328 time=3.639723e+00 dt=3.208874e-03
elapsed=4.283065e+02 cycle=1332 time=3.652565e+00 dt=3.213775e-03
elapsed=4.295187e+02 cycle=1336 time=3.665428e+00 dt=3.218695e-03
elapsed=4.307502e+02 cycle=1340 time=3.678310e+00 dt=3.223631e-03
elapsed=4.319988e+02 cycle=1344 time=3.691212e+00 dt=3.228584e-03
elapsed=4.332140e+02 cycle=1348 time=3.704134e+00 dt=3.233553e-03
elapsed=4.344355e+02 cycle=1352 time=3.717076e+00 dt=3.238536e-03
elapsed=4.356450e+02 cycle=1356 time=3.730037e+00 dt=3.243535e-03
elapsed=4.368600e+02 cycle=1360 time=3.743019e+00 dt=3.248547e-03
elapsed=4.385042e+02 cycle=1364 time=3.756021e+00 dt=3.253573e-03
elapsed=4.397165e+02 cycle=1368 time=3.769042e+00 dt=3.258611e-03
elapsed=4.409375e+02 cycle=1372 time=3.782084e+00 dt=3.263662e-03
elapsed=4.421652e+02 cycle=1376 time=3.795147e+00 dt=3.268724e-03
elapsed=4.433780e+02 cycle=1380 time=3.808229e+00 dt=3.273798e-03
elapsed=4.445902e+02 cycle=1384 time=3.821332e+00 dt=3.278882e-03
elapsed=4.458080e+02 cycle=1388 time=3.834455e+00 dt=3.283976e-03
elapsed=4.470484e+02 cycle=1392 time=3.847599e+00 dt=3.289079e-03
elapsed=4.482660e+02 cycle=1396 time=3.860763e+00 dt=3.294192e-03
elapsed=4.494903e+02 cycle=1400 time=3.873947e+00 dt=3.299313e-03
elapsed=4.507110e+02 cycle=1404 time=3.887152e+00 dt=3.304442e-03
elapsed=4.519462e+02 cycle=1408 time=3.900377e+00 dt=3.309578e-03
elapsed=4.531606e+02 cycle=1412 time=3.913624e+00 dt=3.314721e-03
elapsed=4.544071e+02 cycle=1416 time=3.926890e+00 dt=3.319871e-03
elapsed=4.556261e+02 cycle=1420 time=3.940177e+00 dt=3.325027e-03
elapsed=4.568528e+02 cycle=1424 time=3.953485e+00 dt=3.330188e-03
elapsed=4.580711e+02 cycle=1428 time=3.966814e+00 dt=3.335355e-03
elapsed=4.593104e+02 cycle=1432 time=3.980163e+00 dt=3.340525e-03
elapsed=4.605269e+02 cycle=1436 time=3.993533e+00 dt=3.345701e-03
elapsed=4.634522e+02 cycle=1440 time=4.006923e+00 dt=3.350879e-03
elapsed=4.646723e+02 cycle=1444 time=4.020335e+00 dt=3.356061e-03
elapsed=4.658980e+02 cycle=1448 time=4.033767e+00 dt=3.361246e-03
elapsed=4.671231e+02 cycle=1452 time=4.047219e+00 dt=3.366433e-03
elapsed=4.683580e+02 cycle=1456 time=4.060693e+00 dt=3.371622e-03
elapsed=4.695740e+02 cycle=1460 time=4.074187e+00 dt=3.376813e-03
elapsed=4.707953e+02 cycle=1464 time=4.087702e+00 dt=3.382005e-03
elapsed=4.720259e+02 cycle=1468 time=4.101238e+00 dt=3.387198e-03
elapsed=4.732581e+02 cycle=1472 time=4.114795e+00 dt=3.392391e-03
elapsed=4.744865e+02 cycle=1476 time=4.128372e+00 dt=3.397584e-03
elapsed=4.757051e+02 cycle=1480 time=4.141970e+00 dt=3.402776e-03
elapsed=4.769354e+02 cycle=1484 time=4.155589e+00 dt=3.407968e-03
elapsed=4.781622e+02 cycle=1488 time=4.169229e+00 dt=3.413159e-03
elapsed=4.793947e+02 cycle=1492 time=4.182889e+00 dt=3.418348e-03
elapsed=4.806264e+02 cycle=1496 time=4.196570e+00 dt=3.423535e-03
elapsed=4.818608e+02 cycle=1500 time=4.210272e+00 dt=3.428720e-03
elapsed=4.831032e+02 cycle=1504 time=4.223995e+00 dt=3.433903e-03
elapsed=4.843332e+02 cycle=1508 time=4.237738e+00 dt=3.439082e-03
elapsed=4.859856e+02 cycle=1512 time=4.251502e+00 dt=3.444259e-03
elapsed=4.872168e+02 cycle=1516 time=4.265287e+00 dt=3.449432e-03
elapsed=4.884673e+02 cycle=1520 time=4.279093e+00 dt=3.454600e-03
elapsed=4.896941e+02 cycle=1524 time=4.292919e+00 dt=3.459765e-03
elapsed=4.909171e+02 cycle=1528 time=4.306765e+00 dt=3.464925e-03
elapsed=4.921474e+02 cycle=1532 time=4.320633e+00 dt=3.470080e-03
elapsed=4.933787e+02 cycle=1536 time=4.334521e+00 dt=3.475230e-03
elapsed=4.946086e+02 cycle=1540 time=4.348430e+00 dt=3.480374e-03
elapsed=4.958337e+02 cycle=1544 time=4.362359e+00 dt=3.485513e-03
elapsed=4.970788e+02 cycle=1548 time=4.376309e+00 dt=3.490646e-03
elapsed=4.983083e+02 cycle=1552 time=4.390279e+00 dt=3.495772e-03
elapsed=4.995301e+02 cycle=1556 time=4.404270e+00 dt=3.500892e-03
elapsed=5.007504e+02 cycle=1560 time=4.418281e+00 dt=3.506004e-03
elapsed=5.019724e+02 cycle=1564 time=4.432313e+00 dt=3.511109e-03
elapsed=5.032021e+02 cycle=1568 time=4.446365e+00 dt=3.516207e-03
elapsed=5.044331e+02 cycle=1572 time=4.460437e+00 dt=3.521297e-03
elapsed=5.056456e+02 cycle=1576 time=4.474530e+00 dt=3.526379e-03
elapsed=5.068960e+02 cycle=1580 time=4.488643e+00 dt=3.531453e-03
elapsed=5.098112e+02 cycle=1584 time=4.502776e+00 dt=3.536518e-03
elapsed=5.110130e+02 cycle=1588 time=4.516930e+00 dt=3.541575e-03
elapsed=5.122377e+02 cycle=1592 time=4.531104e+00 dt=3.546622e-03
elapsed=5.134473e+02 cycle=1596 time=4.545298e+00 dt=3.551660e-03
elapsed=5.146443e+02 cycle=1600 time=4.559512e+00 dt=3.556688e-03
elapsed=5.158538e+02 cycle=1604 time=4.573746e+00 dt=3.561706e-03
elapsed=5.170743e+02 cycle=1608 time=4.588001e+00 dt=3.566715e-03
elapsed=5.182711e+02 cycle=1612 time=4.602275e+00 dt=3.571713e-03
elapsed=5.194702e+02 cycle=1616 time=4.616570e+00 dt=3.576700e-03
elapsed=5.206681e+02 cycle=1620 time=4.630884e+00 dt=3.581677e-03
elapsed=5.218816e+02 cycle=1624 time=4.645218e+00 dt=3.586643e-03
elapsed=5.230847e+02 cycle=1628 time=4.659572e+00 dt=3.591597e-03
elapsed=5.242998e+02 cycle=1632 time=4.673946e+00 dt=3.596540e-03
elapsed=5.255059e+02 cycle=1636 time=4.688339e+00 dt=3.601471e-03
elapsed=5.267195e+02 cycle=1640 time=4.702753e+00 dt=3.606391e-03
elapsed=5.279310e+02 cycle=1644 time=4.717182e+00 dt=3.607425e-03
elapsed=5.291342e+02 cycle=1648 time=4.731611e+00 dt=3.606883e-03
elapsed=5.303342e+02 cycle=1652 time=4.746037e+00 dt=3.606348e-03
elapsed=5.319856e+02 cycle=1656 time=4.760462e+00 dt=3.605820e-03
elapsed=5.331926e+02 cycle=1660 time=4.774885e+00 dt=3.605299e-03
elapsed=5.343974e+02 cycle=1664 time=4.789305e+00 dt=3.604785e-03
elapsed=5.355934e+02 cycle=1668 time=4.803723e+00 dt=3.604279e-03
elapsed=5.367954e+02 cycle=1672 time=4.818140e+00 dt=3.603779e-03
elapsed=5.380002e+02 cycle=1676 time=4.832554e+00 dt=3.603287e-03
elapsed=5.391988e+02 cycle=1680 time=4.846967e+00 dt=3.602801e-03
elapsed=5.403981e+02 cycle=1684 time=4.861377e+00 dt=3.602323e-03
elapsed=5.415953e+02 cycle=1688 time=4.875786e+00 dt=3.601852e-03
elapsed=5.428030e+02 cycle=1692 time=4.890192e+00 dt=3.601388e-03
elapsed=5.440120e+02 cycle=1696 time=4.904597e+00 dt=3.600931e-03
elapsed=5.452160e+02 cycle=1700 time=4.919000e+00 dt=3.600481e-03
elapsed=5.464185e+02 cycle=1704 time=4.933401e+00 dt=3.600039e-03
elapsed=5.476361e+02 cycle=1708 time=4.947801e+00 dt=3.599603e-03
elapsed=5.488291e+02 cycle=1712 time=4.962199e+00 dt=3.599175e-03
elapsed=5.500296e+02 cycle=1716 time=4.976595e+00 dt=3.598753e-03
elapsed=5.512380e+02 cycle=1720 time=4.990989e+00 dt=3.598339e-03
elapsed=5.541499e+02 cycle=1724 time=5.005382e+00 dt=3.597932e-03
elapsed=5.553758e+02 cycle=1728 time=5.019773e+00 dt=3.597531e-03
elapsed=5.565800e+02 cycle=1732 time=5.034163e+00 dt=3.597138e-03
elapsed=5.577865e+02 cycle=1736 time=5.048551e+00 dt=3.596752e-03
elapsed=5.589894e+02 cycle=1740 time=5.062937e+00 dt=3.596373e-03
elapsed=5.602041e+02 cycle=1744 time=5.077322e+00 dt=3.596001e-03
elapsed=5.614081e+02 cycle=1748 time=5.091705e+00 dt=3.595636e-03
elapsed=5.626072e+02 cycle=1752 time=5.106087e+00 dt=3.595277e-03
elapsed=5.638242e+02 cycle=1756 time=5.120468e+00 dt=3.594926e-03
elapsed=5.650428e+02 cycle=1760 time=5.134847e+00 dt=3.594581e-03
elapsed=5.662459e+02 cycle=1764 time=5.149225e+00 dt=3.594244e-03
elapsed=5.674466e+02 cycle=1768 time=5.163601e+00 dt=3.593913e-03
elapsed=5.686526e+02 cycle=1772 time=5.177977e+00 dt=3.593589e-03
elapsed=5.698655e+02 cycle=1776 time=5.192350e+00 dt=3.593272e-03
elapsed=5.710693e+02 cycle=1780 time=5.206723e+00 dt=3.592961e-03
elapsed=5.722892e+02 cycle=1784 time=5.221095e+00 dt=3.592657e-03
elapsed=5.734941e+02 cycle=1788 time=5.235465e+00 dt=3.592360e-03
elapsed=5.746908e+02 cycle=1792 time=5.249834e+00 dt=3.592070e-03
elapsed=5.763460e+02 cycle=1796 time=5.264202e+00 dt=3.591786e-03
elapsed=5.775530e+02 cycle=1800 time=5.278568e+00 dt=3.591509e-03
elapsed=5.787564e+02 cycle=1804 time=5.292934e+00 dt=3.591238e-03
elapsed=5.799582e+02 cycle=1808 time=5.307298e+00 dt=3.590974e-03
elapsed=5.811846e+02 cycle=1812 time=5.321662e+00 dt=3.590716e-03
elapsed=5.824014e+02 cycle=1816 time=5.336024e+00 dt=3.590464e-03
elapsed=5.836210e+02 cycle=1820 time=5.350386e+00 dt=3.590220e-03
elapsed=5.848303e+02 cycle=1824 time=5.364746e+00 dt=3.589981e-03
elapsed=5.860785e+02 cycle=1828 time=5.379106e+00 dt=3.589749e-03
elapsed=5.873003e+02 cycle=1832 time=5.393465e+00 dt=3.589523e-03
elapsed=5.885039e+02 cycle=1836 time=5.407822e+00 dt=3.589303e-03
elapsed=5.897271e+02 cycle=1840 time=5.422179e+00 dt=3.589089e-03
elapsed=5.909297e+02 cycle=1844 time=5.436535e+00 dt=3.588882e-03
elapsed=5.921511e+02 cycle=1848 time=5.450891e+00 dt=3.588681e-03
elapsed=5.933755e+02 cycle=1852 time=5.465245e+00 dt=3.588486e-03
elapsed=5.945979e+02 cycle=1856 time=5.479599e+00 dt=3.588297e-03
elapsed=5.958303e+02 cycle=1860 time=5.493952e+00 dt=3.588113e-03
elapsed=5.987325e+02 cycle=1864 time=5.508304e+00 dt=3.587936e-03
elapsed=5.999671e+02 cycle=1868 time=5.522655e+00 dt=3.587765e-03
elapsed=6.012059e+02 cycle=1872 time=5.537006e+00 dt=3.587600e-03
elapsed=6.024206e+02 cycle=1876 time=5.551356e+00 dt=3.587440e-03
elapsed=6.036457e+02 cycle=1880 time=5.565706e+00 dt=3.587286e-03
elapsed=6.048697e+02 cycle=1884 time=5.580055e+00 dt=3.587138e-03
elapsed=6.060911e+02 cycle=1888 time=5.594403e+00 dt=3.586996e-03
elapsed=6.073247e+02 cycle=1892 time=5.608751e+00 dt=3.586859e-03
elapsed=6.085542e+02 cycle=1896 time=5.623098e+00 dt=3.586728e-03
elapsed=6.097825e+02 cycle=1900 time=5.637445e+00 dt=3.586602e-03
elapsed=6.110139e+02 cycle=1904 time=5.651791e+00 dt=3.586480e-03
elapsed=6.122409e+02 cycle=1908 time=5.666137e+00 dt=3.586363e-03
elapsed=6.134637e+02 cycle=1912 time=5.680482e+00 dt=3.586252e-03
elapsed=6.146881e+02 cycle=1916 time=5.694827e+00 dt=3.586146e-03
elapsed=6.159329e+02 cycle=1920 time=5.709171e+00 dt=3.586045e-03
elapsed=6.171736e+02 cycle=1924 time=5.723515e+00 dt=3.585950e-03
elapsed=6.183960e+02 cycle=1928 time=5.737859e+00 dt=3.585860e-03
elapsed=6.200417e+02 cycle=1932 time=5.752202e+00 dt=3.585775e-03
elapsed=6.212704e+02 cycle=1936 time=5.766545e+00 dt=3.585695e-03
elapsed=6.225000e+02 cycle=1940 time=5.780888e+00 dt=3.585620e-03
elapsed=6.237503e+02 cycle=1944 time=5.795230e+00 dt=3.585551e-03
elapsed=6.249820e+02 cycle=1948 time=5.809572e+00 dt=3.585486e-03
elapsed=6.262783e+02 cycle=1952 time=5.823914e+00 dt=3.585426e-03
elapsed=6.275461e+02 cycle=1956 time=5.838256e+00 dt=3.585372e-03
elapsed=6.288080e+02 cycle=1960 time=5.852597e+00 dt=3.585322e-03
elapsed=6.300666e+02 cycle=1964 time=5.866939e+00 dt=3.585277e-03
elapsed=6.313008e+02 cycle=1968 time=5.881280e+00 dt=3.585237e-03
elapsed=6.325194e+02 cycle=1972 time=5.895620e+00 dt=3.585201e-03
elapsed=6.337356e+02 cycle=1976 time=5.909961e+00 dt=3.585171e-03
elapsed=6.349584e+02 cycle=1980 time=5.924302e+00 dt=3.585145e-03
elapsed=6.361807e+02 cycle=1984 time=5.938642e+00 dt=3.585123e-03
elapsed=6.373974e+02 cycle=1988 time=5.952983e+00 dt=3.585106e-03
elapsed=6.386227e+02 cycle=1992 time=5.967323e+00 dt=3.585094e-03
elapsed=6.398383e+02 cycle=1996 time=5.981664e+00 dt=3.585086e-03
elapsed=6.410586e+02 cycle=2000 time=5.996004e+00 dt=3.585083e-03
elapsed=6.440232e+02 cycle=2004 time=6.010344e+00 dt=3.585084e-03
elapsed=6.452370e+02 cycle=2008 time=6.024685e+00 dt=3.585090e-03
elapsed=6.464625e+02 cycle=2012 time=6.039025e+00 dt=3.585099e-03
elapsed=6.476992e+02 cycle=2016 time=6.053365e+00 dt=3.585114e-03
elapsed=6.489131e+02 cycle=2020 time=6.067706e+00 dt=3.585131e-03
elapsed=6.501248e+02 cycle=2024 time=6.082046e+00 dt=3.585151e-03
elapsed=6.513354e+02 cycle=2028 time=6.096387e+00 dt=3.585175e-03
elapsed=6.525607e+02 cycle=2032 time=6.110728e+00 dt=3.585203e-03
elapsed=6.537735e+02 cycle=2036 time=6.125069e+00 dt=3.585236e-03
elapsed=6.549975e+02 cycle=2040 time=6.139410e+00 dt=3.585272e-03
elapsed=6.562314e+02 cycle=2044 time=6.153751e+00 dt=3.585313e-03
elapsed=6.574229e+02 cycle=2048 time=6.168092e+00 dt=3.585357e-03
elapsed=6.586292e+02 cycle=2052 time=6.182434e+00 dt=3.585405e-03
elapsed=6.598393e+02 cycle=2056 time=6.196775e+00 dt=3.585458e-03
elapsed=6.610426e+02 cycle=2060 time=6.211117e+00 dt=3.585514e-03
elapsed=6.622475e+02 cycle=2064 time=6.225459e+00 dt=3.585574e-03
elapsed=6.634516e+02 cycle=2068 time=6.239802e+00 dt=3.585637e-03
elapsed=6.651004e+02 cycle=2072 time=6.254144e+00 dt=3.585705e-03
elapsed=6.663206e+02 cycle=2076 time=6.268487e+00 dt=3.585776e-03
elapsed=6.675567e+02 cycle=2080 time=6.282831e+00 dt=3.585851e-03
elapsed=6.687736e+02 cycle=2084 time=6.297174e+00 dt=3.585929e-03
elapsed=6.699848e+02 cycle=2088 time=6.311518e+00 dt=3.586011e-03
elapsed=6.711968e+02 cycle=2092 time=6.325862e+00 dt=3.586097e-03
elapsed=6.724007e+02 cycle=2096 time=6.340207e+00 dt=3.586186e-03
elapsed=6.736190e+02 cycle=2100 time=6.354552e+00 dt=3.586278e-03
elapsed=6.748409e+02 cycle=2104 time=6.368897e+00 dt=3.586374e-03
elapsed=6.760574e+02 cycle=2108 time=6.383242e+00 dt=3.586474e-03
elapsed=6.772839e+02 cycle=2112 time=6.397588e+00 dt=3.586577e-03
elapsed=6.784981e+02 cycle=2116 time=6.411935e+00 dt=3.586683e-03
elapsed=6.797057e+02 cycle=2120 time=6.426282e+00 dt=3.586792e-03
elapsed=6.809242e+02 cycle=2124 time=6.440629e+00 dt=3.586905e-03
elapsed=6.821382e+02 cycle=2128 time=6.454977e+00 dt=3.587021e-03
elapsed=6.833574e+02 cycle=2132 time=6.469325e+00 dt=3.587138e-03
elapsed=6.845656e+02 cycle=2136 time=6.483674e+00 dt=3.587258e-03
elapsed=6.857899e+02 cycle=2140 time=6.498023e+00 dt=3.587381e-03
elapsed=6.886859e+02 cycle=2144 time=6.512373e+00 dt=3.587507e-03
elapsed=6.898953e+02 cycle=2148 time=6.526723e+00 dt=3.587636e-03
elapsed=6.910880e+02 cycle=2152 time=6.541074e+00 dt=3.587768e-03
elapsed=6.922814e+02 cycle=2156 time=6.555425e+00 dt=3.587904e-03
elapsed=6.934812e+02 cycle=2160 time=6.569777e+00 dt=3.588042e-03
elapsed=6.946925e+02 cycle=2164 time=6.584129e+00 dt=3.588183e-03
elapsed=6.958966e+02 cycle=2168 time=6.598482e+00 dt=3.588327e-03
elapsed=6.971035e+02 cycle=2172 time=6.612836e+00 dt=3.588474e-03
elapsed=6.983090e+02 cycle=2176 time=6.627190e+00 dt=3.588624e-03
elapsed=6.995083e+02 cycle=2180 time=6.641545e+00 dt=3.588777e-03
elapsed=7.007103e+02 cycle=2184 time=6.655900e+00 dt=3.588932e-03
elapsed=7.019123e+02 cycle=2188 time=6.670256e+00 dt=3.589090e-03
elapsed=7.031120e+02 cycle=2192 time=6.684613e+00 dt=3.589251e-03
elapsed=7.043208e+02 cycle=2196 time=6.698970e+00 dt=3.589415e-03
elapsed=7.055124e+02 cycle=2200 time=6.713328e+00 dt=3.589581e-03
elapsed=7.067217e+02 cycle=2204 time=6.727686e+00 dt=3.589750e-03
elapsed=7.079432e+02 cycle=2208 time=6.742046e+00 dt=3.589922e-03
elapsed=7.095823e+02 cycle=2212 time=6.756405e+00 dt=3.590096e-03
elapsed=7.107877e+02 cycle=2216 time=6.770766e+00 dt=3.590272e-03
elapsed=7.119863e+02 cycle=2220 time=6.785127e+00 dt=3.590452e-03
elapsed=7.132032e+02 cycle=2224 time=6.799490e+00 dt=3.590633e-03
elapsed=7.144056e+02 cycle=2228 time=6.813852e+00 dt=3.590818e-03
elapsed=7.156007e+02 cycle=2232 time=6.828216e+00 dt=3.591004e-03
elapsed=7.168215e+02 cycle=2236 time=6.842580e+00 dt=3.591194e-03
elapsed=7.180114e+02 cycle=2240 time=6.856945e+00 dt=3.591385e-03
elapsed=7.192133e+02 cycle=2244 time=6.871311e+00 dt=3.591579e-03
elapsed=7.204082e+02 cycle=2248 time=6.885678e+00 dt=3.591775e-03
elapsed=7.216223e+02 cycle=2252 time=6.900045e+00 dt=3.591971e-03
elapsed=7.228279e+02 cycle=2256 time=6.914413e+00 dt=3.592170e-03
elapsed=7.240266e+02 cycle=2260 time=6.928782e+00 dt=3.592371e-03
elapsed=7.252249e+02 cycle=2264 time=6.943152e+00 dt=3.592574e-03
elapsed=7.264200e+02 cycle=2268 time=6.957523e+00 dt=3.592779e-03
elapsed=7.276206e+02 cycle=2272 time=6.971894e+00 dt=3.592987e-03
elapsed=7.288359e+02 cycle=2276 time=6.986266e+00 dt=3.593197e-03
elapsed=7.317237e+02 cycle=2280 time=7.000639e+00 dt=3.593409e-03
elapsed=7.329188e+02 cycle=2284 time=7.015013e+00 dt=3.593623e-03
elapsed=7.341327e+02 cycle=2288 time=7.029388e+00 dt=3.593839e-03
elapsed=7.353390e+02 cycle=2292 time=7.043764e+00 dt=3.594057e-03
elapsed=7.365480e+02 cycle=2296 time=7.058140e+00 dt=3.594278e-03
elapsed=7.377550e+02 cycle=2300 time=7.072518e+00 dt=3.594500e-03
elapsed=7.389832e+02 cycle=2304 time=7.086896e+00 dt=3.594725e-03
elapsed=7.401911e+02 cycle=2308 time=7.101276e+00 dt=3.594951e-03
elapsed=7.413902e+02 cycle=2312 time=7.115656e+00 dt=3.595180e-03
elapsed=7.425911e+02 cycle=2316 time=7.130037e+00 dt=3.595410e-03
elapsed=7.437925e+02 cycle=2320 time=7.144419e+00 dt=3.595643e-03
elapsed=7.449831e+02 cycle=2324 time=7.158802e+00 dt=3.595877e-03
elapsed=7.461941e+02 cycle=2328 time=7.173185e+00 dt=3.596113e-03
elapsed=7.474087e+02 cycle=2332 time=7.187570e+00 dt=3.596351e-03
elapsed=7.485961e+02 cycle=2336 time=7.201956e+00 dt=3.596591e-03
elapsed=7.498064e+02 cycle=2340 time=7.216343e+00 dt=3.596833e-03
elapsed=7.510058e+02 cycle=2344 time=7.230730e+00 dt=3.597077e-03
elapsed=7.522078e+02 cycle=2348 time=7.245119e+00 dt=3.597322e-03
elapsed=7.538349e+02 cycle=2352 time=7.259509e+00 dt=3.597569e-03
elapsed=7.550367e+02 cycle=2356 time=7.273899e+00 dt=3.597818e-03
elapsed=7.562482e+02 cycle=2360 time=7.288291e+00 dt=3.598069e-03
elapsed=7.574571e+02 cycle=2364 time=7.302684e+00 dt=3.598321e-03
elapsed=7.586559e+02 cycle=2368 time=7.317077e+00 dt=3.598575e-03
elapsed=7.598596e+02 cycle=2372 time=7.331472e+00 dt=3.598831e-03
elapsed=7.610528e+02 cycle=2376 time=7.345868e+00 dt=3.599089e-03
elapsed=7.622660e+02 cycle=2380 time=7.360265e+00 dt=3.599348e-03
elapsed=7.634878e+02 cycle=2384 time=7.374662e+00 dt=3.599607e-03
elapsed=7.646880e+02 cycle=2388 time=7.389061e+00 dt=3.599867e-03
elapsed=7.658966e+02 cycle=2392 time=7.403461e+00 dt=3.600129e-03
elapsed=7.670955e+02 cycle=2396 time=7.417862e+00 dt=3.600393e-03
elapsed=7.683116e+02 cycle=2400 time=7.432264e+00 dt=3.600659e-03
elapsed=7.695306e+02 cycle=2404 time=7.446667e+00 dt=3.600925e-03
elapsed=7.707326e+02 cycle=2408 time=7.461071e+00 dt=3.601194e-03
elapsed=7.719417e+02 cycle=2412 time=7.475476e+00 dt=3.601464e-03
elapsed=7.731303e+02 cycle=2416 time=7.489882e+00 dt=3.601735e-03
elapsed=7.760294e+02 cycle=2420 time=7.504290e+00 dt=3.602008e-03
elapsed=7.772379e+02 cycle=2424 time=7.518698e+00 dt=3.602283e-03
elapsed=7.784701e+02 cycle=2428 time=7.533108e+00 dt=3.602559e-03
elapsed=7.796912e+02 cycle=2432 time=7.547518e+00 dt=3.602836e-03
elapsed=7.809106e+02 cycle=2436 time=7.561930e+00 dt=3.603115e-03
elapsed=7.821238e+02 cycle=2440 time=7.576343e+00 dt=3.603395e-03
elapsed=7.833556e+02 cycle=2444 time=7.590757e+00 dt=3.603677e-03
elapsed=7.845734e+02 cycle=2448 time=7.605172e+00 dt=3.603960e-03
elapsed=7.858086e+02 cycle=2452 time=7.619589e+00 dt=3.604244e-03
elapsed=7.870195e+02 cycle=2456 time=7.634006e+00 dt=3.604530e-03
elapsed=7.882218e+02 cycle=2460 time=7.648424e+00 dt=3.604817e-03
elapsed=7.894367e+02 cycle=2464 time=7.662844e+00 dt=3.605106e-03
elapsed=7.906475e+02 cycle=2468 time=7.677265e+00 dt=3.605395e-03
elapsed=7.918682e+02 cycle=2472 time=7.691687e+00 dt=3.605687e-03
elapsed=7.930874e+02 cycle=2476 time=7.706110e+00 dt=3.605979e-03
elapsed=7.942946e+02 cycle=2480 time=7.720535e+00 dt=3.606273e-03
elapsed=7.955152e+02 cycle=2484 time=7.734960e+00 dt=3.606568e-03
elapsed=7.967336e+02 cycle=2488 time=7.749387e+00 dt=3.606864e-03
elapsed=7.983799e+02 cycle=2492 time=7.763815e+00 dt=3.607162e-03
elapsed=7.995919e+02 cycle=2496 time=7.778244e+00 dt=3.607460e-03
elapsed=8.008044e+02 cycle=2500 time=7.792674e+00 dt=3.607760e-03
elapsed=8.020078e+02 cycle=2504 time=7.807106e+00 dt=3.608062e-03
elapsed=8.032190e+02 cycle=2508 time=7.821538e+00 dt=3.608364e-03
elapsed=8.044382e+02 cycle=2512 time=7.835972e+00 dt=3.608668e-03
elapsed=8.056616e+02 cycle=2516 time=7.850407e+00 dt=3.608973e-03
elapsed=8.068843e+02 cycle=2520 time=7.864844e+00 dt=3.609279e-03
elapsed=8.080984e+02 cycle=2524 time=7.879281e+00 dt=3.609586e-03
elapsed=8.093114e+02 cycle=2528 time=7.893720e+00 dt=3.609894e-03
elapsed=8.105227e+02 cycle=2532 time=7.908160e+00 dt=3.610204e-03
elapsed=8.117356e+02 cycle=2536 time=7.922601e+00 dt=3.610514e-03
elapsed=8.129405e+02 cycle=2540 time=7.937044e+00 dt=3.610824e-03
elapsed=8.141532e+02 cycle=2544 time=7.951488e+00 dt=3.611135e-03
elapsed=8.153616e+02 cycle=2548 time=7.965933e+00 dt=3.611448e-03
elapsed=8.165779e+02 cycle=2552 time=7.980379e+00 dt=3.611761e-03
elapsed=8.177988e+02 cycle=2556 time=7.994826e+00 dt=3.612076e-03
elapsed=8.207035e+02 cycle=2560 time=8.009275e+00 dt=3.612392e-03
elapsed=8.219333e+02 cycle=2564 time=8.023725e+00 dt=3.612708e-03
elapsed=8.231545e+02 cycle=2568 time=8.038177e+00 dt=3.613026e-03
elapsed=8.243828e+02 cycle=2572 time=8.052629e+00 dt=3.613345e-03
elapsed=8.255991e+02 cycle=2576 time=8.067083e+00 dt=3.613665e-03
elapsed=8.268171e+02 cycle=2580 time=8.081538e+00 dt=3.613986e-03
elapsed=8.280316e+02 cycle=2584 time=8.095995e+00 dt=3.614308e-03
elapsed=8.292486e+02 cycle=2588 time=8.110452e+00 dt=3.614631e-03
elapsed=8.304722e+02 cycle=2592 time=8.124911e+00 dt=3.614955e-03
elapsed=8.317008e+02 cycle=2596 time=8.139372e+00 dt=3.615280e-03
elapsed=8.329151e+02 cycle=2600 time=8.153833e+00 dt=3.615606e-03
elapsed=8.341423e+02 cycle=2604 time=8.168296e+00 dt=3.615933e-03
elapsed=8.353628e+02 cycle=2608 time=8.182760e+00 dt=3.616261e-03
elapsed=8.365849e+02 cycle=2612 time=8.197226e+00 dt=3.616590e-03
elapsed=8.377942e+02 cycle=2616 time=8.211693e+00 dt=3.616919e-03
elapsed=8.390362e+02 cycle=2620 time=8.226161e+00 dt=3.617250e-03
elapsed=8.402555e+02 cycle=2624 time=8.240630e+00 dt=3.617582e-03
elapsed=8.419066e+02 cycle=2628 time=8.255101e+00 dt=3.617915e-03
elapsed=8.431225e+02 cycle=2632 time=8.269573e+00 dt=3.618248e-03
elapsed=8.443293e+02 cycle=2636 time=8.284047e+00 dt=3.618583e-03
elapsed=8.455543e+02 cycle=2640 time=8.298522e+00 dt=3.618919e-03
elapsed=8.467918e+02 cycle=2644 time=8.312998e+00 dt=3.619255e-03
elapsed=8.480140e+02 cycle=2648 time=8.327475e+00 dt=3.619592e-03
elapsed=8.492250e+02 cycle=2652 time=8.341954e+00 dt=3.619931e-03
elapsed=8.504438e+02 cycle=2656 time=8.356435e+00 dt=3.620270e-03
elapsed=8.516772e+02 cycle=2660 time=8.370916e+00 dt=3.620610e-03
elapsed=8.529006e+02 cycle=2664 time=8.385399e+00 dt=3.620951e-03
elapsed=8.541317e+02 cycle=2668 time=8.399883e+00 dt=3.621292e-03
elapsed=8.553587e+02 cycle=2672 time=8.414369e+00 dt=3.621635e-03
elapsed=8.565857e+02 cycle=2676 time=8.428856e+00 dt=3.621978e-03
elapsed=8.577976e+02 cycle=2680 time=8.443345e+00 dt=3.622323e-03
elapsed=8.590189e+02 cycle=2684 time=8.457834e+00 dt=3.622668e-03
elapsed=8.602269e+02 cycle=2688 time=8.472326e+00 dt=3.623014e-03
elapsed=8.614542e+02 cycle=2692 time=8.486818e+00 dt=3.623361e-03
elapsed=8.643858e+02 cycle=2696 time=8.501312e+00 dt=3.623709e-03
elapsed=8.655993e+02 cycle=2700 time=8.515807e+00 dt=3.624057e-03
elapsed=8.668356e+02 cycle=2704 time=8.530304e+00 dt=3.624407e-03
elapsed=8.680380e+02 cycle=2708 time=8.544802e+00 dt=3.624757e-03
elapsed=8.692488e+02 cycle=2712 time=8.559302e+00 dt=3.625108e-03
elapsed=8.704452e+02 cycle=2716 time=8.573803e+00 dt=3.625458e-03
elapsed=8.716385e+02 cycle=2720 time=8.588305e+00 dt=3.625810e-03
elapsed=8.728389e+02 cycle=2724 time=8.602809e+00 dt=3.626162e-03
elapsed=8.740347e+02 cycle=2728 time=8.617314e+00 dt=3.626514e-03
elapsed=8.752506e+02 cycle=2732 time=8.631821e+00 dt=3.626868e-03
elapsed=8.764603e+02 cycle=2736 time=8.646329e+00 dt=3.627222e-03
elapsed=8.776621e+02 cycle=2740 time=8.660838e+00 dt=3.627578e-03
elapsed=8.788675e+02 cycle=2744 time=8.675349e+00 dt=3.627934e-03
elapsed=8.800688e+02 cycle=2748 time=8.689861e+00 dt=3.628290e-03
elapsed=8.812789e+02 cycle=2752 time=8.704375e+00 dt=3.628648e-03
elapsed=8.824899e+02 cycle=2756 time=8.718890e+00 dt=3.629006e-03
elapsed=8.837036e+02 cycle=2760 time=8.733407e+00 dt=3.629365e-03
elapsed=8.849243e+02 cycle=2764 time=8.747925e+00 dt=3.629725e-03
elapsed=8.865660e+02 cycle=2768 time=8.762444e+00 dt=3.630085e-03
elapsed=8.877715e+02 cycle=2772 time=8.776965e+00 dt=3.630446e-03
elapsed=8.889730e+02 cycle=2776 time=8.791487e+00 dt=3.630808e-03
elapsed=8.901614e+02 cycle=2780 time=8.806011e+00 dt=3.631171e-03
elapsed=8.913623e+02 cycle=2784 time=8.820536e+00 dt=3.631535e-03
elapsed=8.925780e+02 cycle=2788 time=8.835063e+00 dt=3.631899e-03
elapsed=8.937879e+02 cycle=2792 time=8.849591e+00 dt=3.632264e-03
elapsed=8.950153e+02 cycle=2796 time=8.864121e+00 dt=3.632629e-03
elapsed=8.962338e+02 cycle=2800 time=8.878652e+00 dt=3.632996e-03
elapsed=8.974280e+02 cycle=2804 time=8.893184e+00 dt=3.633363e-03
elapsed=8.986199e+02 cycle=2808 time=8.907718e+00 dt=3.633731e-03
elapsed=8.998301e+02 cycle=2812 time=8.922254e+00 dt=3.634099e-03
elapsed=9.010413e+02 cycle=2816 time=8.936791e+00 dt=3.634468e-03
elapsed=9.022354e+02 cycle=2820 time=8.951329e+00 dt=3.634838e-03
elapsed=9.034390e+02 cycle=2824 time=8.965869e+00 dt=3.635209e-03
elapsed=9.046417e+02 cycle=2828 time=8.980411e+00 dt=3.635580e-03
elapsed=9.058460e+02 cycle=2832 time=8.994953e+00 dt=3.635952e-03
elapsed=9.087374e+02 cycle=2836 time=9.009498e+00 dt=3.636325e-03
elapsed=9.099510e+02 cycle=2840 time=9.024044e+00 dt=3.636699e-03
elapsed=9.111556e+02 cycle=2844 time=9.038591e+00 dt=3.637073e-03
elapsed=9.123720e+02 cycle=2848 time=9.053140e+00 dt=3.637447e-03
elapsed=9.135867e+02 cycle=2852 time=9.067690e+00 dt=3.637823e-03
elapsed=9.147937e+02 cycle=2856 time=9.082242e+00 dt=3.638199e-03
elapsed=9.159960e+02 cycle=2860 time=9.096795e+00 dt=3.638576e-03
elapsed=9.172001e+02 cycle=2864 time=9.111350e+00 dt=3.638953e-03
elapsed=9.183937e+02 cycle=2868 time=9.125907e+00 dt=3.639331e-03
elapsed=9.195876e+02 cycle=2872 time=9.140465e+00 dt=3.639710e-03
elapsed=9.207948e+02 cycle=2876 time=9.155024e+00 dt=3.640090e-03
elapsed=9.219993e+02 cycle=2880 time=9.169585e+00 dt=3.640470e-03
elapsed=9.232070e+02 cycle=2884 time=9.184147e+00 dt=3.640851e-03
elapsed=9.244191e+02 cycle=2888 time=9.198711e+00 dt=3.641232e-03
elapsed=9.256263e+02 cycle=2892 time=9.213277e+00 dt=3.641614e-03
elapsed=9.268468e+02 cycle=2896 time=9.227844e+00 dt=3.641997e-03
elapsed=9.280456e+02 cycle=2900 time=9.242412e+00 dt=3.642381e-03
elapsed=9.297055e+02 cycle=2904 time=9.256983e+00 dt=3.642765e-03
elapsed=9.309068e+02 cycle=2908 time=9.271554e+00 dt=3.643149e-03
elapsed=9.320928e+02 cycle=2912 time=9.286127e+00 dt=3.643534e-03
elapsed=9.332945e+02 cycle=2916 time=9.300702e+00 dt=3.643919e-03
elapsed=9.345036e+02 cycle=2920 time=9.315278e+00 dt=3.644304e-03
elapsed=9.357076e+02 cycle=2924 time=9.329856e+00 dt=3.644690e-03
elapsed=9.369032e+02 cycle=2928 time=9.344435e+00 dt=3.645077e-03
elapsed=9.380957e+02 cycle=2932 time=9.359016e+00 dt=3.645464e-03
elapsed=9.393000e+02 cycle=2936 time=9.373599e+00 dt=3.645852e-03
elapsed=9.405019e+02 cycle=2940 time=9.388183e+00 dt=3.646241e-03
elapsed=9.417166e+02 cycle=2944 time=9.402768e+00 dt=3.646630e-03
elapsed=9.429179e+02 cycle=2948 time=9.417355e+00 dt=3.647020e-03
elapsed=9.441230e+02 cycle=2952 time=9.431944e+00 dt=3.647411e-03
elapsed=9.453292e+02 cycle=2956 time=9.446534e+00 dt=3.647802e-03
elapsed=9.465311e+02 cycle=2960 time=9.461126e+00 dt=3.648193e-03
elapsed=9.477338e+02 cycle=2964 time=9.475720e+00 dt=3.648586e-03
elapsed=9.489572e+02 cycle=2968 time=9.490314e+00 dt=3.648979e-03
elapsed=9.518678e+02 cycle=2972 time=9.504911e+00 dt=3.649373e-03
elapsed=9.530874e+02 cycle=2976 time=9.519509e+00 dt=3.649767e-03
elapsed=9.543192e+02 cycle=2980 time=9.534109e+00 dt=3.650162e-03
elapsed=9.555549e+02 cycle=2984 time=9.548710e+00 dt=3.650557e-03
elapsed=9.567903e+02 cycle=2988 time=9.563313e+00 dt=3.650954e-03
elapsed=9.580074e+02 cycle=2992 time=9.577917e+00 dt=3.651350e-03
elapsed=9.592193e+02 cycle=2996 time=9.592523e+00 dt=3.651748e-03
elapsed=9.604317e+02 cycle=3000 time=9.607131e+00 dt=3.652146e-03
elapsed=9.616488e+02 cycle=3004 time=9.621740e+00 dt=3.652544e-03
elapsed=9.628651e+02 cycle=3008 time=9.636351e+00 dt=3.652944e-03
elapsed=9.640670e+02 cycle=3012 time=9.650963e+00 dt=3.653344e-03
elapsed=9.652904e+02 cycle=3016 time=9.665577e+00 dt=3.653744e-03
elapsed=9.665123e+02 cycle=3020 time=9.680193e+00 dt=3.654145e-03
elapsed=9.677198e+02 cycle=3024 time=9.694810e+00 dt=3.654547e-03
elapsed=9.689407e+02 cycle=3028 time=9.709429e+00 dt=3.654949e-03
elapsed=9.701674e+02 cycle=3032 time=9.724049e+00 dt=3.655352e-03
elapsed=9.714043e+02 cycle=3036 time=9.738671e+00 dt=3.655756e-03
elapsed=9.730327e+02 cycle=3040 time=9.753295e+00 dt=3.656160e-03
elapsed=9.742646e+02 cycle=3044 time=9.767920e+00 dt=3.656565e-03
elapsed=9.754758e+02 cycle=3048 time=9.782547e+00 dt=3.656971e-03
elapsed=9.766869e+02 cycle=3052 time=9.797175e+00 dt=3.657377e-03
elapsed=9.778915e+02 cycle=3056 time=9.811805e+00 dt=3.657783e-03
elapsed=9.791018e+02 cycle=3060 time=9.826437e+00 dt=3.658191e-03
elapsed=9.803327e+02 cycle=3064 time=9.841070e+00 dt=3.658599e-03
elapsed=9.815447e+02 cycle=3068 time=9.855706e+00 dt=3.659007e-03
elapsed=9.827657e+02 cycle=3072 time=9.870342e+00 dt=3.659416e-03
elapsed=9.839796e+02 cycle=3076 time=9.884980e+00 dt=3.659826e-03
elapsed=9.852104e+02 cycle=3080 time=9.899620e+00 dt=3.660237e-03
elapsed=9.864273e+02 cycle=3084 time=9.914262e+00 dt=3.660648e-03
elapsed=9.876451e+02 cycle=3088 time=9.928905e+00 dt=3.661059e-03
elapsed=9.888599e+02 cycle=3092 time=9.943550e+00 dt=3.661471e-03
elapsed=9.900667e+02 cycle=3096 time=9.958196e+00 dt=3.661884e-03
elapsed=9.912944e+02 cycle=3100 time=9.972845e+00 dt=3.662298e-03
elapsed=9.924939e+02 cycle=3104 time=9.987494e+00 dt=3.662712e-03
elapsed=9.953958e+02 cycle=3108 time=1.000215e+01 dt=3.663127e-03
elapsed=9.966200e+02 cycle=3112 time=1.001680e+01 dt=3.663542e-03
elapsed=9.978624e+02 cycle=3116 time=1.003145e+01 dt=3.663958e-03
elapsed=9.990892e+02 cycle=3120 time=1.004611e+01 dt=3.664375e-03
elapsed=1.000302e+03 cycle=3124 time=1.006077e+01 dt=3.664790e-03
elapsed=1.001521e+03 cycle=3128 time=1.007543e+01 dt=3.665207e-03
elapsed=1.002740e+03 cycle=3132 time=1.009009e+01 dt=3.665624e-03
elapsed=1.003947e+03 cycle=3136 time=1.010475e+01 dt=3.666042e-03
elapsed=1.005165e+03 cycle=3140 time=1.011942e+01 dt=3.666461e-03
elapsed=1.006372e+03 cycle=3144 time=1.013408e+01 dt=3.666880e-03
elapsed=1.007591e+03 cycle=3148 time=1.014875e+01 dt=3.667300e-03
elapsed=1.008791e+03 cycle=3152 time=1.016342e+01 dt=3.667720e-03
elapsed=1.010001e+03 cycle=3156 time=1.017809e+01 dt=3.668141e-03
elapsed=1.011228e+03 cycle=3160 time=1.019277e+01 dt=3.668563e-03
elapsed=1.012430e+03 cycle=3164 time=1.020744e+01 dt=3.668985e-03
elapsed=1.013649e+03 cycle=3168 time=1.022212e+01 dt=3.669408e-03
elapsed=1.014869e+03 cycle=3172 time=1.023680e+01 dt=3.669831e-03
elapsed=1.016531e+03 cycle=3176 time=1.025148e+01 dt=3.670255e-03
elapsed=1.017764e+03 cycle=3180 time=1.026616e+01 dt=3.670680e-03
elapsed=1.018976e+03 cycle=3184 time=1.028084e+01 dt=3.671106e-03
elapsed=1.020194e+03 cycle=3188 time=1.029553e+01 dt=3.671532e-03
elapsed=1.021398e+03 cycle=3192 time=1.031021e+01 dt=3.671958e-03
elapsed=1.022599e+03 cycle=3196 time=1.032490e+01 dt=3.672386e-03
elapsed=1.023798e+03 cycle=3200 time=1.033959e+01 dt=3.672814e-03
elapsed=1.025008e+03 cycle=3204 time=1.035428e+01 dt=3.673242e-03
elapsed=1.026218e+03 cycle=3208 time=1.036898e+01 dt=3.673672e-03
elapsed=1.027422e+03 cycle=3212 time=1.038367e+01 dt=3.674102e-03
elapsed=1.028621e+03 cycle=3216 time=1.039837e+01 dt=3.674532e-03
elapsed=1.029818e+03 cycle=3220 time=1.041307e+01 dt=3.674963e-03
elapsed=1.031035e+03 cycle=3224 time=1.042777e+01 dt=3.675395e-03
elapsed=1.032258e+03 cycle=3228 time=1.044247e+01 dt=3.675828e-03
elapsed=1.033469e+03 cycle=3232 time=1.045718e+01 dt=3.676261e-03
elapsed=1.034675e+03 cycle=3236 time=1.047188e+01 dt=3.676695e-03
elapsed=1.035891e+03 cycle=3240 time=1.048659e+01 dt=3.677130e-03
elapsed=1.038792e+03 cycle=3244 time=1.050130e+01 dt=3.677565e-03
elapsed=1.039991e+03 cycle=3248 time=1.051601e+01 dt=3.678001e-03
elapsed=1.041204e+03 cycle=3252 time=1.053072e+01 dt=3.678437e-03
elapsed=1.042407e+03 cycle=3256 time=1.054544e+01 dt=3.678874e-03
elapsed=1.043619e+03 cycle=3260 time=1.056015e+01 dt=3.679312e-03
elapsed=1.044833e+03 cycle=3264 time=1.057487e+01 dt=3.679751e-03
elapsed=1.046076e+03 cycle=3268 time=1.058959e+01 dt=3.680190e-03
elapsed=1.047285e+03 cycle=3272 time=1.060431e+01 dt=3.680630e-03
elapsed=1.048503e+03 cycle=3276 time=1.061903e+01 dt=3.681071e-03
elapsed=1.049723e+03 cycle=3280 time=1.063376e+01 dt=3.681512e-03
elapsed=1.050949e+03 cycle=3284 time=1.064849e+01 dt=3.681954e-03
elapsed=1.052179e+03 cycle=3288 time=1.066321e+01 dt=3.682397e-03
elapsed=1.053392e+03 cycle=3292 time=1.067794e+01 dt=3.682840e-03
elapsed=1.054599e+03 cycle=3296 time=1.069268e+01 dt=3.683284e-03
elapsed=1.055807e+03 cycle=3300 time=1.070741e+01 dt=3.683729e-03
elapsed=1.057030e+03 cycle=3304 time=1.072215e+01 dt=3.684174e-03
elapsed=1.058238e+03 cycle=3308 time=1.073688e+01 dt=3.684620e-03
elapsed=1.059865e+03 cycle=3312 time=1.075162e+01 dt=3.685067e-03
elapsed=1.061073e+03 cycle=3316 time=1.076636e+01 dt=3.685515e-03
elapsed=1.062307e+03 cycle=3320 time=1.078111e+01 dt=3.685963e-03
elapsed=1.063535e+03 cycle=3324 time=1.079585e+01 dt=3.686412e-03
elapsed=1.064766e+03 cycle=3328 time=1.081060e+01 dt=3.686862e-03
elapsed=1.065965e+03 cycle=3332 time=1.082534e+01 dt=3.687313e-03
elapsed=1.067195e+03 cycle=3336 time=1.084009e+01 dt=3.687763e-03
elapsed=1.068391e+03 cycle=3340 time=1.085485e+01 dt=3.688214e-03
elapsed=1.069596e+03 cycle=3344 time=1.086960e+01 dt=3.688665e-03
elapsed=1.070796e+03 cycle=3348 time=1.088436e+01 dt=3.689117e-03
elapsed=1.072002e+03 cycle=3352 time=1.089911e+01 dt=3.689570e-03
elapsed=1.073206e+03 cycle=3356 time=1.091387e+01 dt=3.690024e-03
elapsed=1.074410e+03 cycle=3360 time=1.092863e+01 dt=3.690479e-03
elapsed=1.075614e+03 cycle=3364 time=1.094339e+01 dt=3.690934e-03
elapsed=1.076842e+03 cycle=3368 time=1.095816e+01 dt=3.691390e-03
elapsed=1.078041e+03 cycle=3372 time=1.097293e+01 dt=3.691847e-03
elapsed=1.079246e+03 cycle=3376 time=1.098769e+01 dt=3.692304e-03
elapsed=1.082112e+03 cycle=3380 time=1.100246e+01 dt=3.692762e-03
elapsed=1.083306e+03 cycle=3384 time=1.101724e+01 dt=3.693221e-03
elapsed=1.084497e+03 cycle=3388 time=1.103201e+01 dt=3.693681e-03
elapsed=1.085695e+03 cycle=3392 time=1.104678e+01 dt=3.694142e-03
elapsed=1.086893e+03 cycle=3396 time=1.106156e+01 dt=3.694603e-03
elapsed=1.088088e+03 cycle=3400 time=1.107634e+01 dt=3.695066e-03
elapsed=1.089302e+03 cycle=3404 time=1.109112e+01 dt=3.695529e-03
elapsed=1.090501e+03 cycle=3408 time=1.110590e+01 dt=3.695993e-03
elapsed=1.091706e+03 cycle=3412 time=1.112069e+01 dt=3.696457e-03
elapsed=1.092906e+03 cycle=3416 time=1.113548e+01 dt=3.696923e-03
elapsed=1.094099e+03 cycle=3420 time=1.115026e+01 dt=3.697389e-03
elapsed=1.095311e+03 cycle=3424 time=1.116505e+01 dt=3.697856e-03
elapsed=1.096502e+03 cycle=3428 time=1.117985e+01 dt=3.698324e-03
elapsed=1.097703e+03 cycle=3432 time=1.119464e+01 dt=3.698793e-03
elapsed=1.098919e+03 cycle=3436 time=1.120944e+01 dt=3.699263e-03
elapsed=1.100120e+03 cycle=3440 time=1.122423e+01 dt=3.699734e-03
elapsed=1.101340e+03 cycle=3444 time=1.123903e+01 dt=3.700205e-03
elapsed=1.102972e+03 cycle=3448 time=1.125384e+01 dt=3.700677e-03
elapsed=1.104190e+03 cycle=3452 time=1.126864e+01 dt=3.701151e-03
elapsed=1.105386e+03 cycle=3456 time=1.128344e+01 dt=3.701625e-03
elapsed=1.106588e+03 cycle=3460 time=1.129825e+01 dt=3.702100e-03
elapsed=1.107806e+03 cycle=3464 time=1.131306e+01 dt=3.702575e-03
elapsed=1.109009e+03 cycle=3468 time=1.132787e+01 dt=3.703052e-03
elapsed=1.110215e+03 cycle=3472 time=1.134268e+01 dt=3.703530e-03
elapsed=1.111416e+03 cycle=3476 time=1.135750e+01 dt=3.704008e-03
elapsed=1.112609e+03 cycle=3480 time=1.137232e+01 dt=3.704488e-03
elapsed=1.113811e+03 cycle=3484 time=1.138713e+01 dt=3.704968e-03
elapsed=1.114999e+03 cycle=3488 time=1.140195e+01 dt=3.705450e-03
elapsed=1.116200e+03 cycle=3492 time=1.141678e+01 dt=3.705932e-03
elapsed=1.117398e+03 cycle=3496 time=1.143160e+01 dt=3.706415e-03
elapsed=1.118599e+03 cycle=3500 time=1.144643e+01 dt=3.706900e-03
elapsed=1.119818e+03 cycle=3504 time=1.146126e+01 dt=3.707385e-03
elapsed=1.121012e+03 cycle=3508 time=1.147609e+01 dt=3.707871e-03
elapsed=1.122221e+03 cycle=3512 time=1.149092e+01 dt=3.708358e-03
elapsed=1.125107e+03 cycle=3516 time=1.150575e+01 dt=3.708847e-03
elapsed=1.126329e+03 cycle=3520 time=1.152059e+01 dt=3.709336e-03
elapsed=1.127560e+03 cycle=3524 time=1.153543e+01 dt=3.709826e-03
elapsed=1.128784e+03 cycle=3528 time=1.155027e+01 dt=3.710317e-03
elapsed=1.129993e+03 cycle=3532 time=1.156511e+01 dt=3.710810e-03
elapsed=1.131198e+03 cycle=3536 time=1.157995e+01 dt=3.711303e-03
elapsed=1.132399e+03 cycle=3540 time=1.159480e+01 dt=3.711797e-03
elapsed=1.133608e+03 cycle=3544 time=1.160965e+01 dt=3.712291e-03
elapsed=1.134813e+03 cycle=3548 time=1.162450e+01 dt=3.712786e-03
elapsed=1.136048e+03 cycle=3552 time=1.163935e+01 dt=3.713282e-03
elapsed=1.137248e+03 cycle=3556 time=1.165420e+01 dt=3.713780e-03
elapsed=1.138469e+03 cycle=3560 time=1.166906e+01 dt=3.714278e-03
elapsed=1.139679e+03 cycle=3564 time=1.168392e+01 dt=3.714778e-03
elapsed=1.140897e+03 cycle=3568 time=1.169878e+01 dt=3.715278e-03
elapsed=1.142125e+03 cycle=3572 time=1.171364e+01 dt=3.715780e-03
elapsed=1.143346e+03 cycle=3576 time=1.172850e+01 dt=3.716283e-03
elapsed=1.144559e+03 cycle=3580 time=1.174337e+01 dt=3.716788e-03
elapsed=1.146207e+03 cycle=3584 time=1.175824e+01 dt=3.717293e-03
elapsed=1.147421e+03 cycle=3588 time=1.177311e+01 dt=3.717800e-03
elapsed=1.148637e+03 cycle=3592 time=1.178798e+01 dt=3.718307e-03
elapsed=1.149849e+03 cycle=3596 time=1.180285e+01 dt=3.718816e-03
elapsed=1.151065e+03 cycle=3600 time=1.181773e+01 dt=3.719327e-03
elapsed=1.152280e+03 cycle=3604 time=1.183261e+01 dt=3.719838e-03
elapsed=1.153486e+03 cycle=3608 time=1.184749e+01 dt=3.720351e-03
elapsed=1.154701e+03 cycle=3612 time=1.186237e+01 dt=3.720865e-03
elapsed=1.155917e+03 cycle=3616 time=1.187725e+01 dt=3.721380e-03
elapsed=1.157128e+03 cycle=3620 time=1.189214e+01 dt=3.721897e-03
elapsed=1.158338e+03 cycle=3624 time=1.190703e+01 dt=3.722415e-03
elapsed=1.159550e+03 cycle=3628 time=1.192192e+01 dt=3.722934e-03
elapsed=1.160783e+03 cycle=3632 time=1.193681e+01 dt=3.723454e-03
elapsed=1.161988e+03 cycle=3636 time=1.195170e+01 dt=3.723976e-03
elapsed=1.163191e+03 cycle=3640 time=1.196660e+01 dt=3.724500e-03
elapsed=1.164407e+03 cycle=3644 time=1.198150e+01 dt=3.725024e-03
elapsed=1.165626e+03 cycle=3648 time=1.199640e+01 dt=3.725550e-03
elapsed=1.168542e+03 cycle=3652 time=1.201130e+01 dt=3.726078e-03
elapsed=1.169786e+03 cycle=3656 time=1.202621e+01 dt=3.726607e-03
elapsed=1.171018e+03 cycle=3660 time=1.204112e+01 dt=3.726801e-03
elapsed=1.172230e+03 cycle=3664 time=1.205602e+01 dt=3.726969e-03
elapsed=1.173434e+03 cycle=3668 time=1.207093e+01 dt=3.727135e-03
elapsed=1.174640e+03 cycle=3672 time=1.208584e+01 dt=3.727300e-03
elapsed=1.175854e+03 cycle=3676 time=1.210075e+01 dt=3.727463e-03
elapsed=1.177077e+03 cycle=3680 time=1.211566e+01 dt=3.727625e-03
elapsed=1.178309e+03 cycle=3684 time=1.213057e+01 dt=3.727785e-03
elapsed=1.179538e+03 cycle=3688 time=1.214548e+01 dt=3.727944e-03
elapsed=1.180758e+03 cycle=3692 time=1.216039e+01 dt=3.728101e-03
elapsed=1.181973e+03 cycle=3696 time=1.217531e+01 dt=3.728256e-03
elapsed=1.183195e+03 cycle=3700 time=1.219022e+01 dt=3.728410e-03
elapsed=1.184418e+03 cycle=3704 time=1.220513e+01 dt=3.728562e-03
elapsed=1.185641e+03 cycle=3708 time=1.222005e+01 dt=3.728713e-03
elapsed=1.186872e+03 cycle=3712 time=1.223496e+01 dt=3.728862e-03
elapsed=1.188105e+03 cycle=3716 time=1.224988e+01 dt=3.729009e-03
elapsed=1.189751e+03 cycle=3720 time=1.226480e+01 dt=3.729155e-03
elapsed=1.190971e+03 cycle=3724 time=1.227971e+01 dt=3.729300e-03
elapsed=1.192193e+03 cycle=3728 time=1.229463e+01 dt=3.729443e-03
elapsed=1.193407e+03 cycle=3732 time=1.230955e+01 dt=3.729584e-03
elapsed=1.194629e+03 cycle=3736 time=1.232447e+01 dt=3.729723e-03
elapsed=1.195852e+03 cycle=3740 time=1.233939e+01 dt=3.729861e-03
elapsed=1.197072e+03 cycle=3744 time=1.235430e+01 dt=3.729997e-03
elapsed=1.198284e+03 cycle=3748 time=1.236923e+01 dt=3.730132e-03
elapsed=1.199508e+03 cycle=3752 time=1.238415e+01 dt=3.730265e-03
elapsed=1.200738e+03 cycle=3756 time=1.239907e+01 dt=3.730396e-03
elapsed=1.201947e+03 cycle=3760 time=1.241399e+01 dt=3.730526e-03
elapsed=1.203162e+03 cycle=3764 time=1.242891e+01 dt=3.730654e-03
elapsed=1.204372e+03 cycle=3768 time=1.244383e+01 dt=3.730781e-03
elapsed=1.205581e+03 cycle=3772 time=1.245876e+01 dt=3.730905e-03
elapsed=1.206799e+03 cycle=3776 time=1.247368e+01 dt=3.731028e-03
elapsed=1.207999e+03 cycle=3780 time=1.248861e+01 dt=3.731150e-03
elapsed=1.210898e+03 cycle=3784 time=1.250353e+01 dt=3.731270e-03
elapsed=1.212093e+03 cycle=3788 time=1.251846e+01 dt=3.731388e-03
elapsed=1.213283e+03 cycle=3792 time=1.253338e+01 dt=3.731504e-03
elapsed=1.214483e+03 cycle=3796 time=1.254831e+01 dt=3.731619e-03
elapsed=1.215687e+03 cycle=3800 time=1.256323e+01 dt=3.731731e-03
elapsed=1.216887e+03 cycle=3804 time=1.257816e+01 dt=3.731843e-03
elapsed=1.218083e+03 cycle=3808 time=1.259309e+01 dt=3.731952e-03
elapsed=1.219289e+03 cycle=3812 time=1.260802e+01 dt=3.732060e-03
elapsed=1.220504e+03 cycle=3816 time=1.262295e+01 dt=3.732166e-03
elapsed=1.221719e+03 cycle=3820 time=1.263787e+01 dt=3.732270e-03
elapsed=1.222927e+03 cycle=3824 time=1.265280e+01 dt=3.732373e-03
elapsed=1.224143e+03 cycle=3828 time=1.266773e+01 dt=3.732474e-03
elapsed=1.225343e+03 cycle=3832 time=1.268266e+01 dt=3.732573e-03
elapsed=1.226560e+03 cycle=3836 time=1.269759e+01 dt=3.732670e-03
elapsed=1.227770e+03 cycle=3840 time=1.271252e+01 dt=3.732766e-03
elapsed=1.228984e+03 cycle=3844 time=1.272746e+01 dt=3.732860e-03
elapsed=1.230177e+03 cycle=3848 time=1.274239e+01 dt=3.732952e-03
elapsed=1.231825e+03 cycle=3852 time=1.275732e+01 dt=3.733042e-03
elapsed=1.233027e+03 cycle=3856 time=1.277225e+01 dt=3.733131e-03
elapsed=1.234240e+03 cycle=3860 time=1.278718e+01 dt=3.733217e-03
elapsed=1.235439e+03 cycle=3864 time=1.280212e+01 dt=3.733302e-03
elapsed=1.236654e+03 cycle=3868 time=1.281705e+01 dt=3.733385e-03
elapsed=1.237857e+03 cycle=3872 time=1.283198e+01 dt=3.733467e-03
elapsed=1.239051e+03 cycle=3876 time=1.284692e+01 dt=3.733546e-03
elapsed=1.240272e+03 cycle=3880 time=1.286185e+01 dt=3.733624e-03
elapsed=1.241475e+03 cycle=3884 time=1.287679e+01 dt=3.733700e-03
elapsed=1.242667e+03 cycle=3888 time=1.289172e+01 dt=3.733774e-03
elapsed=1.243861e+03 cycle=3892 time=1.290666e+01 dt=3.733846e-03
elapsed=1.245056e+03 cycle=3896 time=1.292159e+01 dt=3.733916e-03
elapsed=1.246264e+03 cycle=3900 time=1.293653e+01 dt=3.733985e-03
elapsed=1.247477e+03 cycle=3904 time=1.295146e+01 dt=3.734051e-03
elapsed=1.248675e+03 cycle=3908 time=1.296640e+01 dt=3.734116e-03
elapsed=1.249879e+03 cycle=3912 time=1.298134e+01 dt=3.734179e-03
elapsed=1.251094e+03 cycle=3916 time=1.299627e+01 dt=3.734240e-03
elapsed=1.253998e+03 cycle=3920 time=1.301121e+01 dt=3.734299e-03
elapsed=1.255201e+03 cycle=3924 time=1.302615e+01 dt=3.734357e-03
elapsed=1.256422e+03 cycle=3928 time=1.304109e+01 dt=3.734412e-03
elapsed=1.257639e+03 cycle=3932 time=1.305602e+01 dt=3.734466e-03
elapsed=1.258842e+03 cycle=3936 time=1.307096e+01 dt=3.734518e-03
elapsed=1.260069e+03 cycle=3940 time=1.308590e+01 dt=3.734567e-03
elapsed=1.261309e+03 cycle=3944 time=1.310084e+01 dt=3.734615e-03
elapsed=1.262533e+03 cycle=3948 time=1.311578e+01 dt=3.734661e-03
elapsed=1.263738e+03 cycle=3952 time=1.313071e+01 dt=3.734705e-03
elapsed=1.264946e+03 cycle=3956 time=1.314565e+01 dt=3.734747e-03
elapsed=1.266158e+03 cycle=3960 time=1.316059e+01 dt=3.734788e-03
elapsed=1.267406e+03 cycle=3964 time=1.317553e+01 dt=3.734826e-03
elapsed=1.268607e+03 cycle=3968 time=1.319047e+01 dt=3.734862e-03
elapsed=1.269855e+03 cycle=3972 time=1.320541e+01 dt=3.734897e-03
elapsed=1.271098e+03 cycle=3976 time=1.322035e+01 dt=3.734929e-03
elapsed=1.272341e+03 cycle=3980 time=1.323529e+01 dt=3.734960e-03
elapsed=1.273987e+03 cycle=3984 time=1.325023e+01 dt=3.734988e-03
elapsed=1.275198e+03 cycle=3988 time=1.326517e+01 dt=3.735015e-03
elapsed=1.276402e+03 cycle=3992 time=1.328011e+01 dt=3.735040e-03
elapsed=1.277609e+03 cycle=3996 time=1.329505e+01 dt=3.735062e-03
elapsed=1.278801e+03 cycle=4000 time=1.330999e+01 dt=3.735083e-03
elapsed=1.280000e+03 cycle=4004 time=1.332493e+01 dt=3.735102e-03
elapsed=1.281201e+03 cycle=4008 time=1.333987e+01 dt=3.735119e-03
elapsed=1.282402e+03 cycle=4012 time=1.335481e+01 dt=3.735133e-03
elapsed=1.283600e+03 cycle=4016 time=1.336975e+01 dt=3.735146e-03
elapsed=1.284815e+03 cycle=4020 time=1.338469e+01 dt=3.735157e-03
elapsed=1.286037e+03 cycle=4024 time=1.339963e+01 dt=3.735166e-03
elapsed=1.287228e+03 cycle=4028 time=1.341457e+01 dt=3.735173e-03
elapsed=1.288429e+03 cycle=4032 time=1.342952e+01 dt=3.735178e-03
elapsed=1.289651e+03 cycle=4036 time=1.344446e+01 dt=3.735180e-03
elapsed=1.290850e+03 cycle=4040 time=1.345940e+01 dt=3.735181e-03
elapsed=1.292061e+03 cycle=4044 time=1.347434e+01 dt=3.735180e-03
elapsed=1.293255e+03 cycle=4048 time=1.348928e+01 dt=3.735177e-03
elapsed=1.296177e+03 cycle=4052 time=1.350422e+01 dt=3.735172e-03
elapsed=1.297395e+03 cycle=4056 time=1.351916e+01 dt=3.735165e-03
elapsed=1.298617e+03 cycle=4060 time=1.353410e+01 dt=3.735155e-03
elapsed=1.299847e+03 cycle=4064 time=1.354904e+01 dt=3.735144e-03
elapsed=1.301059e+03 cycle=4068 time=1.356398e+01 dt=3.735131e-03
elapsed=1.302294e+03 cycle=4072 time=1.357892e+01 dt=3.735115e-03
elapsed=1.303520e+03 cycle=4076 time=1.359386e+01 dt=3.735098e-03
elapsed=1.304736e+03 cycle=4080 time=1.360880e+01 dt=3.735079e-03
elapsed=1.305972e+03 cycle=4084 time=1.362374e+01 dt=3.735057e-03
elapsed=1.307201e+03 cycle=4088 time=1.363868e+01 dt=3.735034e-03
elapsed=1.308430e+03 cycle=4092 time=1.365362e+01 dt=3.735009e-03
elapsed=1.309658e+03 cycle=4096 time=1.366856e+01 dt=3.734981e-03
elapsed=1.310874e+03 cycle=4100 time=1.368350e+01 dt=3.734952e-03
elapsed=1.312100e+03 cycle=4104 time=1.369844e+01 dt=3.734920e-03
elapsed=1.313319e+03 cycle=4108 time=1.371338e+01 dt=3.734886e-03
elapsed=1.314553e+03 cycle=4112 time=1.372832e+01 dt=3.734851e-03
elapsed=1.315794e+03 cycle=4116 time=1.374326e+01 dt=3.734813e-03
elapsed=1.317454e+03 cycle=4120 time=1.375820e+01 dt=3.734773e-03
elapsed=1.318674e+03 cycle=4124 time=1.377314e+01 dt=3.734732e-03
elapsed=1.319899e+03 cycle=4128 time=1.378808e+01 dt=3.734688e-03
elapsed=1.321122e+03 cycle=4132 time=1.380302e+01 dt=3.734642e-03
elapsed=1.322372e+03 cycle=4136 time=1.381796e+01 dt=3.734594e-03
elapsed=1.323593e+03 cycle=4140 time=1.383289e+01 dt=3.734544e-03
elapsed=1.324817e+03 cycle=4144 time=1.384783e+01 dt=3.734492e-03
elapsed=1.326044e+03 cycle=4148 time=1.386277e+01 dt=3.734438e-03
elapsed=1.327263e+03 cycle=4152 time=1.387771e+01 dt=3.734382e-03
elapsed=1.328479e+03 cycle=4156 time=1.389264e+01 dt=3.734324e-03
elapsed=1.329718e+03 cycle=4160 time=1.390758e+01 dt=3.734264e-03
elapsed=1.330935e+03 cycle=4164 time=1.392252e+01 dt=3.734202e-03
elapsed=1.332160e+03 cycle=4168 time=1.393746e+01 dt=3.734138e-03
elapsed=1.333383e+03 cycle=4172 time=1.395239e+01 dt=3.734071e-03
elapsed=1.334605e+03 cycle=4176 time=1.396733e+01 dt=3.734003e-03
elapsed=1.335833e+03 cycle=4180 time=1.398226e+01 dt=3.733933e-03
elapsed=1.337051e+03 cycle=4184 time=1.399720e+01 dt=3.733860e-03
elapsed=1.339966e+03 cycle=4188 time=1.401214e+01 dt=3.733786e-03
elapsed=1.341185e+03 cycle=4192 time=1.402707e+01 dt=3.733710e-03
elapsed=1.342390e+03 cycle=4196 time=1.404201e+01 dt=3.733631e-03
elapsed=1.343602e+03 cycle=4200 time=1.405694e+01 dt=3.733551e-03
elapsed=1.344828e+03 cycle=4204 time=1.407187e+01 dt=3.733469e-03
elapsed=1.346060e+03 cycle=4208 time=1.408681e+01 dt=3.733384e-03
elapsed=1.347268e+03 cycle=4212 time=1.410174e+01 dt=3.733298e-03
elapsed=1.348484e+03 cycle=4216 time=1.411667e+01 dt=3.733209e-03
elapsed=1.349709e+03 cycle=4220 time=1.413161e+01 dt=3.733119e-03
elapsed=1.350909e+03 cycle=4224 time=1.414654e+01 dt=3.733027e-03
elapsed=1.352126e+03 cycle=4228 time=1.416147e+01 dt=3.732932e-03
elapsed=1.353335e+03 cycle=4232 time=1.417640e+01 dt=3.732836e-03
elapsed=1.354543e+03 cycle=4236 time=1.419133e+01 dt=3.732737e-03
elapsed=1.355746e+03 cycle=4240 time=1.420626e+01 dt=3.732637e-03
elapsed=1.356954e+03 cycle=4244 time=1.422119e+01 dt=3.732535e-03
elapsed=1.358164e+03 cycle=4248 time=1.423612e+01 dt=3.732430e-03
elapsed=1.359807e+03 cycle=4252 time=1.425105e+01 dt=3.732324e-03
elapsed=1.361036e+03 cycle=4256 time=1.426598e+01 dt=3.732216e-03
elapsed=1.362267e+03 cycle=4260 time=1.428091e+01 dt=3.732106e-03
elapsed=1.363488e+03 cycle=4264 time=1.429584e+01 dt=3.731994e-03
elapsed=1.364709e+03 cycle=4268 time=1.431077e+01 dt=3.731880e-03
elapsed=1.365929e+03 cycle=4272 time=1.432570e+01 dt=3.731764e-03
elapsed=1.367154e+03 cycle=4276 time=1.434062e+01 dt=3.731646e-03
elapsed=1.368377e+03 cycle=4280 time=1.435555e+01 dt=3.731526e-03
elapsed=1.369599e+03 cycle=4284 time=1.437047e+01 dt=3.731404e-03
elapsed=1.370814e+03 cycle=4288 time=1.438540e+01 dt=3.731280e-03
elapsed=1.372028e+03 cycle=4292 time=1.440033e+01 dt=3.731155e-03
elapsed=1.373234e+03 cycle=4296 time=1.441525e+01 dt=3.731027e-03
elapsed=1.374446e+03 cycle=4300 time=1.443017e+01 dt=3.730898e-03
elapsed=1.375677e+03 cycle=4304 time=1.444510e+01 dt=3.730766e-03
elapsed=1.376904e+03 cycle=4308 time=1.446002e+01 dt=3.730633e-03
elapsed=1.378136e+03 cycle=4312 time=1.447494e+01 dt=3.730498e-03
elapsed=1.379359e+03 cycle=4316 time=1.448986e+01 dt=3.730361e-03
elapsed=1.382249e+03 cycle=4320 time=1.450479e+01 dt=3.730222e-03
elapsed=1.383442e+03 cycle=4324 time=1.451971e+01 dt=3.730081e-03
elapsed=1.384660e+03 cycle=4328 time=1.453463e+01 dt=3.729938e-03
elapsed=1.385864e+03 cycle=4332 time=1.454955e+01 dt=3.729794e-03
elapsed=1.387067e+03 cycle=4336 time=1.456446e+01 dt=3.729648e-03
elapsed=1.388267e+03 cycle=4340 time=1.457938e+01 dt=3.729500e-03
elapsed=1.389462e+03 cycle=4344 time=1.459430e+01 dt=3.729350e-03
elapsed=1.390673e+03 cycle=4348 time=1.460922e+01 dt=3.729198e-03
elapsed=1.391875e+03 cycle=4352 time=1.462413e+01 dt=3.729044e-03
elapsed=1.393068e+03 cycle=4356 time=1.463905e+01 dt=3.728889e-03
elapsed=1.394286e+03 cycle=4360 time=1.465397e+01 dt=3.728731e-03
elapsed=1.395484e+03 cycle=4364 time=1.466888e+01 dt=3.728572e-03
elapsed=1.396680e+03 cycle=4368 time=1.468379e+01 dt=3.728411e-03
elapsed=1.397879e+03 cycle=4372 time=1.469871e+01 dt=3.728249e-03
elapsed=1.399099e+03 cycle=4376 time=1.471362e+01 dt=3.728084e-03
elapsed=1.400292e+03 cycle=4380 time=1.472853e+01 dt=3.727918e-03
elapsed=1.401514e+03 cycle=4384 time=1.474344e+01 dt=3.727750e-03
elapsed=1.403145e+03 cycle=4388 time=1.475835e+01 dt=3.727580e-03
elapsed=1.404361e+03 cycle=4392 time=1.477326e+01 dt=3.727409e-03
elapsed=1.405581e+03 cycle=4396 time=1.478817e+01 dt=3.727235e-03
elapsed=1.406793e+03 cycle=4400 time=1.480308e+01 dt=3.727060e-03
elapsed=1.408011e+03 cycle=4404 time=1.481799e+01 dt=3.726884e-03
elapsed=1.409239e+03 cycle=4408 time=1.483290e+01 dt=3.726705e-03
elapsed=1.410447e+03 cycle=4412 time=1.484780e+01 dt=3.726525e-03
elapsed=1.411664e+03 cycle=4416 time=1.486271e+01 dt=3.726343e-03
elapsed=1.412877e+03 cycle=4420 time=1.487762e+01 dt=3.726159e-03
elapsed=1.414079e+03 cycle=4424 time=1.489252e+01 dt=3.725974e-03
elapsed=1.415302e+03 cycle=4428 time=1.490742e+01 dt=3.725787e-03
elapsed=1.416501e+03 cycle=4432 time=1.492233e+01 dt=3.725598e-03
elapsed=1.417703e+03 cycle=4436 time=1.493723e+01 dt=3.725408e-03
elapsed=1.418901e+03 cycle=4440 time=1.495213e+01 dt=3.725216e-03
elapsed=1.420090e+03 cycle=4444 time=1.496703e+01 dt=3.725022e-03
elapsed=1.421304e+03 cycle=4448 time=1.498193e+01 dt=3.724827e-03
elapsed=1.422526e+03 cycle=4452 time=1.499683e+01 dt=3.724630e-03
elapsed=1.425406e+03 cycle=4456 time=1.501173e+01 dt=3.724431e-03
elapsed=1.426603e+03 cycle=4460 time=1.502662e+01 dt=3.724231e-03
elapsed=1.427814e+03 cycle=4464 time=1.504152e+01 dt=3.724029e-03
elapsed=1.429018e+03 cycle=4468 time=1.505642e+01 dt=3.723825e-03
elapsed=1.430230e+03 cycle=4472 time=1.507131e+01 dt=3.723620e-03
elapsed=1.431421e+03 cycle=4476 time=1.508621e+01 dt=3.723413e-03
elapsed=1.432618e+03 cycle=4480 time=1.510110e+01 dt=3.723205e-03
elapsed=1.433825e+03 cycle=4484 time=1.511599e+01 dt=3.722995e-03
elapsed=1.435031e+03 cycle=4488 time=1.513088e+01 dt=3.722783e-03
elapsed=1.436244e+03 cycle=4492 time=1.514577e+01 dt=3.722570e-03
elapsed=1.437450e+03 cycle=4496 time=1.516066e+01 dt=3.722355e-03
elapsed=1.438644e+03 cycle=4500 time=1.517555e+01 dt=3.722139e-03
elapsed=1.439854e+03 cycle=4504 time=1.519044e+01 dt=3.721921e-03
elapsed=1.441051e+03 cycle=4508 time=1.520533e+01 dt=3.721702e-03
elapsed=1.442255e+03 cycle=4512 time=1.522022e+01 dt=3.721481e-03
elapsed=1.443459e+03 cycle=4516 time=1.523510e+01 dt=3.721258e-03
elapsed=1.444653e+03 cycle=4520 time=1.524999e+01 dt=3.721034e-03
elapsed=1.446296e+03 cycle=4524 time=1.526487e+01 dt=3.720809e-03
elapsed=1.447499e+03 cycle=4528 time=1.527975e+01 dt=3.720582e-03
elapsed=1.448691e+03 cycle=4532 time=1.529463e+01 dt=3.720353e-03
elapsed=1.449898e+03 cycle=4536 time=1.530952e+01 dt=3.720123e-03
elapsed=1.451104e+03 cycle=4540 time=1.532440e+01 dt=3.719892e-03
elapsed=1.452303e+03 cycle=4544 time=1.533928e+01 dt=3.719659e-03
elapsed=1.453516e+03 cycle=4548 time=1.535415e+01 dt=3.719424e-03
elapsed=1.454717e+03 cycle=4552 time=1.536903e+01 dt=3.719188e-03
elapsed=1.455917e+03 cycle=4556 time=1.538391e+01 dt=3.718951e-03
elapsed=1.457117e+03 cycle=4560 time=1.539878e+01 dt=3.718712e-03
elapsed=1.458326e+03 cycle=4564 time=1.541366e+01 dt=3.718471e-03
elapsed=1.459527e+03 cycle=4568 time=1.542853e+01 dt=3.718229e-03
elapsed=1.460735e+03 cycle=4572 time=1.544340e+01 dt=3.717986e-03
elapsed=1.461940e+03 cycle=4576 time=1.545827e+01 dt=3.717741e-03
elapsed=1.463138e+03 cycle=4580 time=1.547315e+01 dt=3.717494e-03
elapsed=1.464336e+03 cycle=4584 time=1.548802e+01 dt=3.717246e-03
elapsed=1.467236e+03 cycle=4588 time=1.550288e+01 dt=3.716996e-03
elapsed=1.468444e+03 cycle=4592 time=1.551775e+01 dt=3.716745e-03
elapsed=1.469648e+03 cycle=4596 time=1.553262e+01 dt=3.716493e-03
elapsed=1.470852e+03 cycle=4600 time=1.554748e+01 dt=3.716239e-03
elapsed=1.472069e+03 cycle=4604 time=1.556235e+01 dt=3.715984e-03
elapsed=1.473276e+03 cycle=4608 time=1.557721e+01 dt=3.715728e-03
elapsed=1.474506e+03 cycle=4612 time=1.559207e+01 dt=3.715470e-03
elapsed=1.475727e+03 cycle=4616 time=1.560694e+01 dt=3.715211e-03
elapsed=1.476960e+03 cycle=4620 time=1.562180e+01 dt=3.714950e-03
elapsed=1.478166e+03 cycle=4624 time=1.563666e+01 dt=3.714689e-03
elapsed=1.479381e+03 cycle=4628 time=1.565151e+01 dt=3.714425e-03
elapsed=1.480590e+03 cycle=4632 time=1.566637e+01 dt=3.714161e-03
elapsed=1.481813e+03 cycle=4636 time=1.568123e+01 dt=3.713895e-03
elapsed=1.483026e+03 cycle=4640 time=1.569608e+01 dt=3.713628e-03
elapsed=1.484254e+03 cycle=4644 time=1.571094e+01 dt=3.713359e-03
elapsed=1.485475e+03 cycle=4648 time=1.572579e+01 dt=3.713090e-03
elapsed=1.486702e+03 cycle=4652 time=1.574064e+01 dt=3.712818e-03
elapsed=1.488371e+03 cycle=4656 time=1.575549e+01 dt=3.712546e-03
elapsed=1.489584e+03 cycle=4660 time=1.577034e+01 dt=3.712272e-03
elapsed=1.490796e+03 cycle=4664 time=1.578519e+01 dt=3.711997e-03
elapsed=1.492007e+03 cycle=4668 time=1.580004e+01 dt=3.711721e-03
elapsed=1.493231e+03 cycle=4672 time=1.581489e+01 dt=3.711444e-03
elapsed=1.494467e+03 cycle=4676 time=1.582973e+01 dt=3.711165e-03
elapsed=1.495694e+03 cycle=4680 time=1.584457e+01 dt=3.710885e-03
elapsed=1.496925e+03 cycle=4684 time=1.585942e+01 dt=3.710604e-03
elapsed=1.498139e+03 cycle=4688 time=1.587426e+01 dt=3.710321e-03
elapsed=1.499346e+03 cycle=4692 time=1.588910e+01 dt=3.710038e-03
elapsed=1.500546e+03 cycle=4696 time=1.590394e+01 dt=3.709753e-03
elapsed=1.501753e+03 cycle=4700 time=1.591878e+01 dt=3.709467e-03
elapsed=1.502954e+03 cycle=4704 time=1.593362e+01 dt=3.709179e-03
elapsed=1.504160e+03 cycle=4708 time=1.594845e+01 dt=3.708891e-03
elapsed=1.505367e+03 cycle=4712 time=1.596329e+01 dt=3.708601e-03
elapsed=1.506596e+03 cycle=4716 time=1.597812e+01 dt=3.708310e-03
elapsed=1.507812e+03 cycle=4720 time=1.599295e+01 dt=3.708018e-03
elapsed=1.510727e+03 cycle=4724 time=1.600779e+01 dt=3.707725e-03
elapsed=1.511953e+03 cycle=4728 time=1.602262e+01 dt=3.707430e-03
elapsed=1.513177e+03 cycle=4732 time=1.603745e+01 dt=3.707134e-03
elapsed=1.514388e+03 cycle=4736 time=1.605227e+01 dt=3.706838e-03
elapsed=1.515623e+03 cycle=4740 time=1.606710e+01 dt=3.706540e-03
elapsed=1.516850e+03 cycle=4744 time=1.608193e+01 dt=3.706241e-03
elapsed=1.518093e+03 cycle=4748 time=1.609675e+01 dt=3.705940e-03
elapsed=1.519323e+03 cycle=4752 time=1.611157e+01 dt=3.705639e-03
elapsed=1.520543e+03 cycle=4756 time=1.612640e+01 dt=3.705336e-03
elapsed=1.521778e+03 cycle=4760 time=1.614122e+01 dt=3.705033e-03
elapsed=1.523009e+03 cycle=4764 time=1.615604e+01 dt=3.704728e-03
elapsed=1.524237e+03 cycle=4768 time=1.617086e+01 dt=3.704422e-03
elapsed=1.525452e+03 cycle=4772 time=1.618567e+01 dt=3.704115e-03
elapsed=1.526678e+03 cycle=4776 time=1.620049e+01 dt=3.703807e-03
elapsed=1.527916e+03 cycle=4780 time=1.621530e+01 dt=3.703498e-03
elapsed=1.529152e+03 cycle=4784 time=1.623012e+01 dt=3.703188e-03
elapsed=1.530379e+03 cycle=4788 time=1.624493e+01 dt=3.702877e-03
elapsed=1.532047e+03 cycle=4792 time=1.625974e+01 dt=3.702564e-03
elapsed=1.533265e+03 cycle=4796 time=1.627455e+01 dt=3.702251e-03
elapsed=1.534492e+03 cycle=4800 time=1.628936e+01 dt=3.701936e-03
elapsed=1.535710e+03 cycle=4804 time=1.630417e+01 dt=3.701621e-03
elapsed=1.536933e+03 cycle=4808 time=1.631897e+01 dt=3.701304e-03
elapsed=1.538172e+03 cycle=4812 time=1.633378e+01 dt=3.700987e-03
elapsed=1.539400e+03 cycle=4816 time=1.634858e+01 dt=3.700668e-03
elapsed=1.540626e+03 cycle=4820 time=1.636338e+01 dt=3.700348e-03
elapsed=1.541853e+03 cycle=4824 time=1.637818e+01 dt=3.700027e-03
elapsed=1.543063e+03 cycle=4828 time=1.639298e+01 dt=3.699706e-03
elapsed=1.544288e+03 cycle=4832 time=1.640778e+01 dt=3.699383e-03
elapsed=1.545519e+03 cycle=4836 time=1.642258e+01 dt=3.699059e-03
elapsed=1.546731e+03 cycle=4840 time=1.643737e+01 dt=3.698735e-03
elapsed=1.547940e+03 cycle=4844 time=1.645217e+01 dt=3.698409e-03
elapsed=1.549162e+03 cycle=4848 time=1.646696e+01 dt=3.698082e-03
elapsed=1.550391e+03 cycle=4852 time=1.648175e+01 dt=3.697754e-03
elapsed=1.551609e+03 cycle=4856 time=1.649654e+01 dt=3.697426e-03
elapsed=1.554502e+03 cycle=4860 time=1.651133e+01 dt=3.697096e-03
elapsed=1.555724e+03 cycle=4864 time=1.652612e+01 dt=3.696766e-03
elapsed=1.556929e+03 cycle=4868 time=1.654091e+01 dt=3.696434e-03
elapsed=1.558124e+03 cycle=4872 time=1.655569e+01 dt=3.696102e-03
elapsed=1.559325e+03 cycle=4876 time=1.657048e+01 dt=3.695768e-03
elapsed=1.560538e+03 cycle=4880 time=1.658526e+01 dt=3.695434e-03
elapsed=1.561739e+03 cycle=4884 time=1.660004e+01 dt=3.695098e-03
elapsed=1.562942e+03 cycle=4888 time=1.661482e+01 dt=3.694762e-03
elapsed=1.564164e+03 cycle=4892 time=1.662960e+01 dt=3.694425e-03
elapsed=1.565373e+03 cycle=4896 time=1.664438e+01 dt=3.694087e-03
elapsed=1.566591e+03 cycle=4900 time=1.665915e+01 dt=3.693748e-03
elapsed=1.567801e+03 cycle=4904 time=1.667393e+01 dt=3.693408e-03
elapsed=1.569022e+03 cycle=4908 time=1.668870e+01 dt=3.693067e-03
elapsed=1.570223e+03 cycle=4912 time=1.670347e+01 dt=3.692726e-03
elapsed=1.571432e+03 cycle=4916 time=1.671763e+01 dt=2.689260e-03
