
Root grid = 1 x 1 x 1 MeshBlocks
Total number of MeshBlocks = 1
Number of logical  levels of refinement = 0 (1 levels total)
Number of physical levels of refinement = 0 (1 levels total)
Number of parallel ranks = 1
ref_gh reference allocation backend=generic_cache_oracle generic_bytes=129503232 analytic_static_components=0 analytic_stage_components=0 analytic_hot_components=0 analytic_static_bytes=0 analytic_stage_bytes=0 analytic_hot_bytes=0 rhs_physical_components=0 rhs_covariant_components=0 rhs_scalar_components=0 rhs_physical_bytes=0 rhs_covariant_bytes=0 rhs_scalar_bytes=0
reference-GH puncture minimum cell-center radius = 0.216506
reference-GH stationary physical-target audit: |F-H_constraint|_Linf=5.52336e-15, |tildeGamma|_Linf=3.33067e-16, |stored_Hhat_A|_Linf=6.85216e-16, |stored_theta_A|_Linf=7.21645e-16
reference-GH stationary initial RHS Linf = 8.08378e-14, component=10, radius=0.649519, coordinate reference Ricci Linf=8.01492e-12, frame reference Ricci Linf=1.66533e-16

Setup complete, executing task list(s)...

elapsed=9.536585e+00 cycle=0 time=0.000000e+00 dt=2.090302e-02
reference-GH stationary trumpet: field Linf=1.067468e-10, physical metric Linf=2.714273e-12, lapse Linf=7.771561e-16, shift Linf=4.093947e-14, constraint Linf=1.087674e-10, RHS estimate=8.083782e-14
elapsed=3.321675e+01 cycle=1 time=2.090302e-02 dt=2.090302e-02

Terminating on cycle limit
time=2.090302e-02 cycle=1
tlim=8.000000e+00 nlim=1

MeshBlock-cycles = 1
cpu time used  = 2.368017e+01
zone-cycles/cpu_second = 1.729717e+02
particle-updates/cpu_second = 0.000000e+00
