AthenaK Kokkos default execution space: Cuda

Root grid = 4 x 8 x 1 MeshBlocks
Total number of MeshBlocks = 32
Number of logical  levels of refinement = 3 (4 levels total)
Number of physical levels of refinement = 0 (1 levels total)
Number of parallel ranks = 1
AssembleZ4cTasks

Setup complete, executing task list(s)...

elapsed=3.444223e-01 cycle=333 time=2.000615e+00 dt=7.108987e-03
elapsed=2.157443e+00 cycle=334 time=2.007724e+00 dt=7.108919e-03
elapsed=2.183380e+00 cycle=335 time=2.014833e+00 dt=7.108894e-03
elapsed=2.209547e+00 cycle=336 time=2.021942e+00 dt=7.108912e-03
elapsed=2.236407e+00 cycle=337 time=2.029051e+00 dt=5.243756e-04
output wall time = 2.971036e-01
elapsed=2.558350e+00 cycle=338 time=2.029575e+00 dt=1.048751e-03

Terminating on time limit
time=2.029575e+00 cycle=338
tlim=2.029575e+00 nlim=-1 nmb_total_limit=-1

MeshBlock-cycles = 160
cpu time used  = 2.213933e+00
zone-cycles/cpu_second = 2.960162e+05
particle-updates/cpu_second = 0.000000e+00
