AthenaK Kokkos default execution space: Cuda

Root grid = 4 x 8 x 1 MeshBlocks
Total number of MeshBlocks = 32
Number of logical  levels of refinement = 3 (4 levels total)
Number of physical levels of refinement = 0 (1 levels total)
Number of parallel ranks = 1
AssembleZ4cTasks

Setup complete, executing task list(s)...

elapsed=4.678278e-01 cycle=666 time=2.000922e+00 dt=3.554285e-03
elapsed=2.502324e+00 cycle=667 time=2.004477e+00 dt=3.554256e-03
elapsed=2.568075e+00 cycle=668 time=2.008031e+00 dt=3.554232e-03
elapsed=2.623862e+00 cycle=669 time=2.011585e+00 dt=3.554213e-03
elapsed=2.677728e+00 cycle=670 time=2.015139e+00 dt=3.554200e-03
elapsed=2.730307e+00 cycle=671 time=2.018693e+00 dt=3.554192e-03
elapsed=2.782013e+00 cycle=672 time=2.022248e+00 dt=3.554190e-03
elapsed=2.840346e+00 cycle=673 time=2.025802e+00 dt=3.554193e-03
elapsed=2.901308e+00 cycle=674 time=2.029356e+00 dt=2.191054e-04
output wall time = 7.532031e-01
elapsed=3.709915e+00 cycle=675 time=2.029575e+00 dt=4.382109e-04

Terminating on time limit
time=2.029575e+00 cycle=675
tlim=2.029575e+00 nlim=-1 nmb_total_limit=-1

MeshBlock-cycles = 288
cpu time used  = 3.242069e+00
zone-cycles/cpu_second = 1.455426e+06
particle-updates/cpu_second = 0.000000e+00
