AthenaK Kokkos default execution space: Cuda

Root grid = 4 x 8 x 1 MeshBlocks
Total number of MeshBlocks = 32
Number of logical  levels of refinement = 3 (4 levels total)
Number of physical levels of refinement = 0 (1 levels total)
Number of parallel ranks = 1
AssembleZ4cTasks

Setup complete, executing task list(s)...

elapsed=4.546448e-01 cycle=302 time=8.008464e-01 dt=2.918333e-03
elapsed=2.410781e+00 cycle=303 time=8.037648e-01 dt=2.920990e-03
elapsed=2.465186e+00 cycle=304 time=8.066858e-01 dt=2.923669e-03
elapsed=2.518929e+00 cycle=305 time=8.096094e-01 dt=2.241096e-03
output wall time = 7.142343e-01
elapsed=3.289503e+00 cycle=306 time=8.118505e-01 dt=2.928453e-03

Terminating on time limit
time=8.118505e-01 cycle=306
tlim=8.118505e-01 nlim=-1 nmb_total_limit=-1

MeshBlock-cycles = 128
cpu time used  = 2.834869e+00
zone-cycles/cpu_second = 7.397702e+05
particle-updates/cpu_second = 0.000000e+00
