AthenaK Kokkos default execution space: Cuda

Root grid = 4 x 8 x 1 MeshBlocks
Total number of MeshBlocks = 32
Number of logical  levels of refinement = 3 (4 levels total)
Number of physical levels of refinement = 0 (1 levels total)
Number of parallel ranks = 1
AssembleZ4cTasks

Setup complete, executing task list(s)...

elapsed=5.210945e-01 cycle=432 time=1.201092e+00 dt=3.226357e-03
elapsed=2.408913e+00 cycle=433 time=1.204318e+00 dt=3.228436e-03
elapsed=2.472789e+00 cycle=434 time=1.207547e+00 dt=3.230489e-03
elapsed=2.528029e+00 cycle=435 time=1.210777e+00 dt=3.232395e-03
elapsed=2.577884e+00 cycle=436 time=1.214010e+00 dt=3.234326e-03
elapsed=2.630418e+00 cycle=437 time=1.217244e+00 dt=5.283815e-04
output wall time = 7.053723e-01
elapsed=3.385635e+00 cycle=438 time=1.217772e+00 dt=1.056763e-03

Terminating on time limit
time=1.217772e+00 cycle=438
tlim=1.217772e+00 nlim=-1 nmb_total_limit=-1

MeshBlock-cycles = 192
cpu time used  = 2.864558e+00
zone-cycles/cpu_second = 1.098155e+06
particle-updates/cpu_second = 0.000000e+00
