
Root grid = 2 x 2 x 2 MeshBlocks
Total number of MeshBlocks = 8
Number of logical  levels of refinement = 1 (2 levels total)
Number of physical levels of refinement = 0 (1 levels total)
Number of parallel ranks = 8
  Rank = 0: 1 MeshBlocks, cost = 1
  Rank = 1: 1 MeshBlocks, cost = 1
  Rank = 2: 1 MeshBlocks, cost = 1
  Rank = 3: 1 MeshBlocks, cost = 1
  Rank = 4: 1 MeshBlocks, cost = 1
  Rank = 5: 1 MeshBlocks, cost = 1
  Rank = 6: 1 MeshBlocks, cost = 1
  Rank = 7: 1 MeshBlocks, cost = 1
Load Balancing:
  Maximum normalized cost = 1, Average = 1
reference-GH puncture minimum cell-center radius = 0.0360844
reference-GH perturbed initial RHS Linf = 3.33864e-07, component=19, radius=0.313886, coordinate reference Ricci Linf=1.37611e-08, frame reference Ricci Linf=3.33067e-16

Setup complete, executing task list(s)...

elapsed=2.637733e+00 cycle=0 time=0.000000e+00 dt=3.404497e-03
elapsed=3.599201e+00 cycle=10 time=3.404497e-02 dt=3.404497e-03
elapsed=4.725218e+00 cycle=20 time=6.808994e-02 dt=3.404497e-03
elapsed=5.868743e+00 cycle=30 time=1.021349e-01 dt=3.404497e-03
elapsed=6.908870e+00 cycle=40 time=1.361799e-01 dt=3.404497e-03
elapsed=8.047668e+00 cycle=50 time=1.702249e-01 dt=3.404497e-03
elapsed=9.185977e+00 cycle=60 time=2.042698e-01 dt=3.404497e-03
elapsed=1.022426e+01 cycle=70 time=2.383148e-01 dt=3.404497e-03
elapsed=1.136382e+01 cycle=80 time=2.723598e-01 dt=3.404497e-03
elapsed=1.249932e+01 cycle=90 time=3.064048e-01 dt=3.404497e-03
elapsed=1.364330e+01 cycle=100 time=3.404497e-01 dt=3.404497e-03
elapsed=1.468343e+01 cycle=110 time=3.744947e-01 dt=3.404497e-03
elapsed=1.581944e+01 cycle=120 time=4.085397e-01 dt=3.404497e-03
elapsed=1.696119e+01 cycle=130 time=4.425846e-01 dt=3.404497e-03
elapsed=1.799225e+01 cycle=140 time=4.766296e-01 dt=3.404497e-03
elapsed=1.912994e+01 cycle=150 time=5.106746e-01 dt=3.404497e-03
elapsed=2.026658e+01 cycle=160 time=5.447196e-01 dt=3.404497e-03
elapsed=2.131268e+01 cycle=170 time=5.787645e-01 dt=3.404497e-03
reference-GH perturbed trumpet: field Linf=9.900207e-07, constraint Linf=1.144766e-06, RHS estimate=3.338645e-07

Terminating on time limit
time=6.000000e-01 cycle=177
tlim=6.000000e-01 nlim=-1

MeshBlock-cycles = 1416
cpu time used  = 2.091512e+01
zone-cycles/cpu_second = 7.487326e+06
particle-updates/cpu_second = 0.000000e+00
real 24.44
user 0.00
sys 0.00
