
Root grid = 3 x 3 x 3 MeshBlocks
Total number of MeshBlocks = 384
Number of logical  levels of refinement = 6 (7 levels total)
Number of physical levels of refinement = 4 (5 levels total)
  Physical level = 1 (logical level = 3): 208 MeshBlocks, cost = 208
  Physical level = 2 (logical level = 4): 56 MeshBlocks, cost = 56
  Physical level = 3 (logical level = 5): 56 MeshBlocks, cost = 56
  Physical level = 4 (logical level = 6): 64 MeshBlocks, cost = 64
Number of parallel ranks = 1
AssembleZ4cTasks

Setup complete, executing task list(s)...

elapsed=1.561765e+00 cycle=195 time=1.000000e+00 dt=5.208333e-03
elapsed=3.289120e+00 cycle=196 time=1.005208e+00 dt=5.208333e-03
elapsed=5.033347e+00 cycle=197 time=1.010417e+00 dt=5.208333e-03
elapsed=6.796589e+00 cycle=198 time=1.015625e+00 dt=5.208333e-03
elapsed=8.647493e+00 cycle=199 time=1.020833e+00 dt=5.208333e-03
elapsed=1.047718e+01 cycle=200 time=1.026042e+00 dt=5.208333e-03
elapsed=1.235389e+01 cycle=201 time=1.031250e+00 dt=5.208333e-03
elapsed=1.416180e+01 cycle=202 time=1.036458e+00 dt=5.208333e-03
elapsed=1.598418e+01 cycle=203 time=1.041667e+00 dt=5.208333e-03
elapsed=1.776694e+01 cycle=204 time=1.046875e+00 dt=5.208333e-03
elapsed=1.956626e+01 cycle=205 time=1.052083e+00 dt=5.208333e-03
elapsed=2.134627e+01 cycle=206 time=1.057292e+00 dt=5.208333e-03
elapsed=2.307401e+01 cycle=207 time=1.062500e+00 dt=5.208333e-03
elapsed=2.487912e+01 cycle=208 time=1.067708e+00 dt=5.208333e-03
elapsed=2.666576e+01 cycle=209 time=1.072917e+00 dt=5.208333e-03
elapsed=2.842167e+01 cycle=210 time=1.078125e+00 dt=5.208333e-03
elapsed=3.030862e+01 cycle=211 time=1.083333e+00 dt=5.208333e-03
elapsed=3.217358e+01 cycle=212 time=1.088542e+00 dt=5.208333e-03
elapsed=3.402786e+01 cycle=213 time=1.093750e+00 dt=5.208333e-03
elapsed=3.586048e+01 cycle=214 time=1.098958e+00 dt=5.208333e-03
elapsed=3.770556e+01 cycle=215 time=1.104167e+00 dt=5.208333e-03
elapsed=3.950846e+01 cycle=216 time=1.109375e+00 dt=5.208333e-03
elapsed=4.134856e+01 cycle=217 time=1.114583e+00 dt=5.208333e-03
elapsed=4.313760e+01 cycle=218 time=1.119792e+00 dt=5.208333e-03
elapsed=4.487851e+01 cycle=219 time=1.125000e+00 dt=5.208333e-03
elapsed=4.664406e+01 cycle=220 time=1.130208e+00 dt=5.208333e-03
elapsed=4.843356e+01 cycle=221 time=1.135417e+00 dt=5.208333e-03
elapsed=5.015251e+01 cycle=222 time=1.140625e+00 dt=5.208333e-03
elapsed=5.202788e+01 cycle=223 time=1.145833e+00 dt=5.208333e-03
elapsed=5.393145e+01 cycle=224 time=1.151042e+00 dt=5.208333e-03
elapsed=5.581992e+01 cycle=225 time=1.156250e+00 dt=5.208333e-03
elapsed=5.756983e+01 cycle=226 time=1.161458e+00 dt=5.208333e-03
elapsed=5.936377e+01 cycle=227 time=1.166667e+00 dt=5.208333e-03
elapsed=6.123356e+01 cycle=228 time=1.171875e+00 dt=5.208333e-03
elapsed=6.302849e+01 cycle=229 time=1.177083e+00 dt=5.208333e-03
elapsed=6.478575e+01 cycle=230 time=1.182292e+00 dt=5.208333e-03
elapsed=6.664182e+01 cycle=231 time=1.187500e+00 dt=5.208333e-03
elapsed=6.840140e+01 cycle=232 time=1.192708e+00 dt=5.208333e-03
elapsed=7.022007e+01 cycle=233 time=1.197917e+00 dt=5.208333e-03
elapsed=7.197699e+01 cycle=234 time=1.203125e+00 dt=5.208333e-03
elapsed=7.382479e+01 cycle=235 time=1.208333e+00 dt=5.208333e-03
elapsed=7.562774e+01 cycle=236 time=1.213542e+00 dt=5.208333e-03
elapsed=7.742390e+01 cycle=237 time=1.218750e+00 dt=5.208333e-03
elapsed=7.919319e+01 cycle=238 time=1.223958e+00 dt=5.208333e-03
elapsed=8.104250e+01 cycle=239 time=1.229167e+00 dt=5.208333e-03
elapsed=8.295392e+01 cycle=240 time=1.234375e+00 dt=5.208333e-03
elapsed=8.482196e+01 cycle=241 time=1.239583e+00 dt=5.208333e-03
elapsed=8.658559e+01 cycle=242 time=1.244792e+00 dt=5.208333e-03
elapsed=8.837275e+01 cycle=243 time=1.250000e+00 dt=5.208333e-03
elapsed=9.018548e+01 cycle=244 time=1.255208e+00 dt=5.208333e-03
elapsed=9.188383e+01 cycle=245 time=1.260417e+00 dt=5.208333e-03
elapsed=9.371187e+01 cycle=246 time=1.265625e+00 dt=5.208333e-03
elapsed=9.551414e+01 cycle=247 time=1.270833e+00 dt=5.208333e-03
elapsed=9.734101e+01 cycle=248 time=1.276042e+00 dt=5.208333e-03
elapsed=9.906534e+01 cycle=249 time=1.281250e+00 dt=5.208333e-03
elapsed=1.008456e+02 cycle=250 time=1.286458e+00 dt=5.208333e-03
elapsed=1.026424e+02 cycle=251 time=1.291667e+00 dt=5.208333e-03
elapsed=1.043840e+02 cycle=252 time=1.296875e+00 dt=5.208333e-03
elapsed=1.061331e+02 cycle=253 time=1.302083e+00 dt=5.208333e-03
elapsed=1.078917e+02 cycle=254 time=1.307292e+00 dt=5.208333e-03
elapsed=1.097406e+02 cycle=255 time=1.312500e+00 dt=5.208333e-03
elapsed=1.115541e+02 cycle=256 time=1.317708e+00 dt=5.208333e-03
elapsed=1.133527e+02 cycle=257 time=1.322917e+00 dt=5.208333e-03
elapsed=1.152082e+02 cycle=258 time=1.328125e+00 dt=5.208333e-03
elapsed=1.169910e+02 cycle=259 time=1.333333e+00 dt=5.208333e-03
elapsed=1.187638e+02 cycle=260 time=1.338542e+00 dt=5.208333e-03
elapsed=1.205948e+02 cycle=261 time=1.343750e+00 dt=5.208333e-03
elapsed=1.223606e+02 cycle=262 time=1.348958e+00 dt=5.208333e-03
elapsed=1.242121e+02 cycle=263 time=1.354167e+00 dt=5.208333e-03
elapsed=1.260367e+02 cycle=264 time=1.359375e+00 dt=5.208333e-03
elapsed=1.278938e+02 cycle=265 time=1.364583e+00 dt=5.208333e-03
elapsed=1.297620e+02 cycle=266 time=1.369792e+00 dt=5.208333e-03
elapsed=1.315296e+02 cycle=267 time=1.375000e+00 dt=5.208333e-03
elapsed=1.331851e+02 cycle=268 time=1.380208e+00 dt=5.208333e-03
elapsed=1.349384e+02 cycle=269 time=1.385417e+00 dt=5.208333e-03
elapsed=1.367627e+02 cycle=270 time=1.390625e+00 dt=5.208333e-03
elapsed=1.384954e+02 cycle=271 time=1.395833e+00 dt=5.208333e-03
elapsed=1.402524e+02 cycle=272 time=1.401042e+00 dt=5.208333e-03
elapsed=1.420169e+02 cycle=273 time=1.406250e+00 dt=5.208333e-03
elapsed=1.438088e+02 cycle=274 time=1.411458e+00 dt=5.208333e-03
elapsed=1.456005e+02 cycle=275 time=1.416667e+00 dt=5.208333e-03
elapsed=1.473321e+02 cycle=276 time=1.421875e+00 dt=5.208333e-03
elapsed=1.491685e+02 cycle=277 time=1.427083e+00 dt=5.208333e-03
elapsed=1.509897e+02 cycle=278 time=1.432292e+00 dt=5.208333e-03
elapsed=1.527944e+02 cycle=279 time=1.437500e+00 dt=5.208333e-03
elapsed=1.546178e+02 cycle=280 time=1.442708e+00 dt=5.208333e-03
elapsed=1.563174e+02 cycle=281 time=1.447917e+00 dt=5.208333e-03
elapsed=1.581226e+02 cycle=282 time=1.453125e+00 dt=5.208333e-03
elapsed=1.599166e+02 cycle=283 time=1.458333e+00 dt=5.208333e-03
elapsed=1.616768e+02 cycle=284 time=1.463542e+00 dt=5.208333e-03
elapsed=1.634963e+02 cycle=285 time=1.468750e+00 dt=5.208333e-03
elapsed=1.652732e+02 cycle=286 time=1.473958e+00 dt=5.208333e-03
elapsed=1.670104e+02 cycle=287 time=1.479167e+00 dt=5.208333e-03
elapsed=1.687210e+02 cycle=288 time=1.484375e+00 dt=5.208333e-03
elapsed=1.705540e+02 cycle=289 time=1.489583e+00 dt=5.208333e-03
elapsed=1.724431e+02 cycle=290 time=1.494792e+00 dt=5.208333e-03
elapsed=1.742188e+02 cycle=291 time=1.500000e+00 dt=5.208333e-03
elapsed=1.760274e+02 cycle=292 time=1.505208e+00 dt=5.208333e-03
elapsed=1.778067e+02 cycle=293 time=1.510417e+00 dt=5.208333e-03
elapsed=1.796367e+02 cycle=294 time=1.515625e+00 dt=5.208333e-03
elapsed=1.815240e+02 cycle=295 time=1.520833e+00 dt=5.208333e-03
elapsed=1.832897e+02 cycle=296 time=1.526042e+00 dt=5.208333e-03
elapsed=1.850764e+02 cycle=297 time=1.531250e+00 dt=5.208333e-03
elapsed=1.868309e+02 cycle=298 time=1.536458e+00 dt=5.208333e-03
elapsed=1.885435e+02 cycle=299 time=1.541667e+00 dt=5.208333e-03
elapsed=1.903489e+02 cycle=300 time=1.546875e+00 dt=5.208333e-03
elapsed=1.921314e+02 cycle=301 time=1.552083e+00 dt=5.208333e-03
elapsed=1.938220e+02 cycle=302 time=1.557292e+00 dt=5.208333e-03
elapsed=1.956390e+02 cycle=303 time=1.562500e+00 dt=5.208333e-03
elapsed=1.973533e+02 cycle=304 time=1.567708e+00 dt=5.208333e-03
elapsed=1.990957e+02 cycle=305 time=1.572917e+00 dt=5.208333e-03
elapsed=2.007369e+02 cycle=306 time=1.578125e+00 dt=5.208333e-03
elapsed=2.024767e+02 cycle=307 time=1.583333e+00 dt=5.208333e-03
elapsed=2.041847e+02 cycle=308 time=1.588542e+00 dt=5.208333e-03
elapsed=2.059936e+02 cycle=309 time=1.593750e+00 dt=5.208333e-03
elapsed=2.077792e+02 cycle=310 time=1.598958e+00 dt=5.208333e-03
elapsed=2.094901e+02 cycle=311 time=1.604167e+00 dt=5.208333e-03
elapsed=2.113724e+02 cycle=312 time=1.609375e+00 dt=5.208333e-03
elapsed=2.131495e+02 cycle=313 time=1.614583e+00 dt=5.208333e-03
elapsed=2.149366e+02 cycle=314 time=1.619792e+00 dt=5.208333e-03
elapsed=2.166719e+02 cycle=315 time=1.625000e+00 dt=5.208333e-03
elapsed=2.185151e+02 cycle=316 time=1.630208e+00 dt=5.208333e-03
elapsed=2.202738e+02 cycle=317 time=1.635417e+00 dt=5.208333e-03
elapsed=2.220646e+02 cycle=318 time=1.640625e+00 dt=5.208333e-03
elapsed=2.238870e+02 cycle=319 time=1.645833e+00 dt=5.208333e-03
elapsed=2.256732e+02 cycle=320 time=1.651042e+00 dt=5.208333e-03
elapsed=2.274088e+02 cycle=321 time=1.656250e+00 dt=5.208333e-03
elapsed=2.291786e+02 cycle=322 time=1.661458e+00 dt=5.208333e-03
elapsed=2.309419e+02 cycle=323 time=1.666667e+00 dt=5.208333e-03
elapsed=2.327144e+02 cycle=324 time=1.671875e+00 dt=5.208333e-03
elapsed=2.345855e+02 cycle=325 time=1.677083e+00 dt=5.208333e-03
elapsed=2.364575e+02 cycle=326 time=1.682292e+00 dt=5.208333e-03
elapsed=2.381942e+02 cycle=327 time=1.687500e+00 dt=5.208333e-03
elapsed=2.400150e+02 cycle=328 time=1.692708e+00 dt=5.208333e-03
elapsed=2.417936e+02 cycle=329 time=1.697917e+00 dt=5.208333e-03
elapsed=2.437168e+02 cycle=330 time=1.703125e+00 dt=5.208333e-03
elapsed=2.456103e+02 cycle=331 time=1.708333e+00 dt=5.208333e-03
elapsed=2.474848e+02 cycle=332 time=1.713542e+00 dt=5.208333e-03
elapsed=2.493001e+02 cycle=333 time=1.718750e+00 dt=5.208333e-03
elapsed=2.510357e+02 cycle=334 time=1.723958e+00 dt=5.208333e-03
elapsed=2.527848e+02 cycle=335 time=1.729167e+00 dt=5.208333e-03
elapsed=2.544980e+02 cycle=336 time=1.734375e+00 dt=5.208333e-03
elapsed=2.562689e+02 cycle=337 time=1.739583e+00 dt=5.208333e-03
elapsed=2.579924e+02 cycle=338 time=1.744792e+00 dt=5.208333e-03
elapsed=2.596971e+02 cycle=339 time=1.750000e+00 dt=5.208333e-03
elapsed=2.613939e+02 cycle=340 time=1.755208e+00 dt=5.208333e-03
elapsed=2.631582e+02 cycle=341 time=1.760417e+00 dt=5.208333e-03
elapsed=2.649095e+02 cycle=342 time=1.765625e+00 dt=5.208333e-03
elapsed=2.666650e+02 cycle=343 time=1.770833e+00 dt=5.208333e-03
elapsed=2.684242e+02 cycle=344 time=1.776042e+00 dt=5.208333e-03
elapsed=2.701925e+02 cycle=345 time=1.781250e+00 dt=5.208333e-03
elapsed=2.719954e+02 cycle=346 time=1.786458e+00 dt=5.208333e-03
elapsed=2.737347e+02 cycle=347 time=1.791667e+00 dt=5.208333e-03
elapsed=2.755263e+02 cycle=348 time=1.796875e+00 dt=5.208333e-03
elapsed=2.772818e+02 cycle=349 time=1.802083e+00 dt=5.208333e-03
elapsed=2.790114e+02 cycle=350 time=1.807292e+00 dt=5.208333e-03
elapsed=2.807678e+02 cycle=351 time=1.812500e+00 dt=5.208333e-03
elapsed=2.825617e+02 cycle=352 time=1.817708e+00 dt=5.208333e-03
elapsed=2.843316e+02 cycle=353 time=1.822917e+00 dt=5.208333e-03
elapsed=2.861367e+02 cycle=354 time=1.828125e+00 dt=5.208333e-03
elapsed=2.879555e+02 cycle=355 time=1.833333e+00 dt=5.208333e-03
elapsed=2.895964e+02 cycle=356 time=1.838542e+00 dt=5.208333e-03
elapsed=2.913985e+02 cycle=357 time=1.843750e+00 dt=5.208333e-03
elapsed=2.932170e+02 cycle=358 time=1.848958e+00 dt=5.208333e-03
elapsed=2.949544e+02 cycle=359 time=1.854167e+00 dt=5.208333e-03
elapsed=2.967651e+02 cycle=360 time=1.859375e+00 dt=5.208333e-03
elapsed=2.984680e+02 cycle=361 time=1.864583e+00 dt=5.208333e-03
elapsed=3.002472e+02 cycle=362 time=1.869792e+00 dt=5.208333e-03
elapsed=3.020023e+02 cycle=363 time=1.875000e+00 dt=5.208333e-03
elapsed=3.037877e+02 cycle=364 time=1.880208e+00 dt=5.208333e-03
elapsed=3.056932e+02 cycle=365 time=1.885417e+00 dt=5.208333e-03
elapsed=3.073520e+02 cycle=366 time=1.890625e+00 dt=5.208333e-03
elapsed=3.090741e+02 cycle=367 time=1.895833e+00 dt=5.208333e-03
elapsed=3.108321e+02 cycle=368 time=1.901042e+00 dt=5.208333e-03
elapsed=3.125909e+02 cycle=369 time=1.906250e+00 dt=5.208333e-03
elapsed=3.142609e+02 cycle=370 time=1.911458e+00 dt=5.208333e-03
elapsed=3.159708e+02 cycle=371 time=1.916667e+00 dt=5.208333e-03
elapsed=3.177537e+02 cycle=372 time=1.921875e+00 dt=5.208333e-03
elapsed=3.195846e+02 cycle=373 time=1.927083e+00 dt=5.208333e-03
elapsed=3.213598e+02 cycle=374 time=1.932292e+00 dt=5.208333e-03
elapsed=3.230725e+02 cycle=375 time=1.937500e+00 dt=5.208333e-03
elapsed=3.248912e+02 cycle=376 time=1.942708e+00 dt=5.208333e-03
elapsed=3.266388e+02 cycle=377 time=1.947917e+00 dt=5.208333e-03
elapsed=3.283098e+02 cycle=378 time=1.953125e+00 dt=5.208333e-03
elapsed=3.300262e+02 cycle=379 time=1.958333e+00 dt=5.208333e-03
elapsed=3.317489e+02 cycle=380 time=1.963542e+00 dt=5.208333e-03
elapsed=3.333969e+02 cycle=381 time=1.968750e+00 dt=5.208333e-03
elapsed=3.351918e+02 cycle=382 time=1.973958e+00 dt=5.208333e-03
elapsed=3.368863e+02 cycle=383 time=1.979167e+00 dt=5.208333e-03
elapsed=3.386476e+02 cycle=384 time=1.984375e+00 dt=5.208333e-03
elapsed=3.404327e+02 cycle=385 time=1.989583e+00 dt=5.208333e-03
elapsed=3.422341e+02 cycle=386 time=1.994792e+00 dt=5.208333e-03
elapsed=3.439668e+02 cycle=387 time=2.000000e+00 dt=1.421085e-14
elapsed=3.459644e+02 cycle=388 time=2.000000e+00 dt=2.842171e-14

Terminating on time limit
time=2.000000e+00 cycle=388
tlim=2.000000e+00 nlim=-1

MeshBlock-cycles = 74112
cpu time used  = 3.444026e+02
zone-cycles/cpu_second = 1.101773e+05
particle-updates/cpu_second = 0.000000e+00
