Kokkos::OpenMP::initialize WARNING: OMP_PROC_BIND environment variable not set
  In general, for best performance with OpenMP 4.0 or better set OMP_PROC_BIND=spread and OMP_PLACES=threads
  For best performance with OpenMP 3.1 set OMP_PROC_BIND=true
  For unit testing set OMP_PROC_BIND=false

AthenaK Kokkos default execution space: OpenMP

Root grid = 1 x 1 x 1 MeshBlocks
Total number of MeshBlocks = 1
Number of logical  levels of refinement = 1 (2 levels total)
Number of physical levels of refinement = 1 (2 levels total)
Number of parallel ranks = 1
AssembleZ4cTasks

Setup complete, executing task list(s)...

output wall time = 0.0053691
elapsed=1.247069e+00 cycle=0 time=0.000000e+00 dt=1.767767e-02

Terminating on cycle limit
time=0.000000e+00 cycle=0
tlim=1.000000e+00 nlim=0 nmb_total_limit=-1

Current number of MeshBlocks = 1
0 MeshBlocks created, 0 deleted by AMR

MeshBlock-cycles = 0
cpu time used  = 5.384576e-03
zone-cycles/cpu_second = 0.000000e+00
particle-updates/cpu_second = 0.000000e+00
