AthenaK Kokkos default execution space: SYCL

Root grid = 4 x 8 x 1 MeshBlocks
Total number of MeshBlocks = 104
Number of logical  levels of refinement = 26 (27 levels total)
Number of physical levels of refinement = 23 (24 levels total)
  Physical level = 0 (logical level = 3): 24 MeshBlocks, cost = 24
  Physical level = 1 (logical level = 4): 24 MeshBlocks, cost = 24
  Physical level = 2 (logical level = 5): 24 MeshBlocks, cost = 24
  Physical level = 3 (logical level = 6): 32 MeshBlocks, cost = 32
Number of parallel ranks = 24
  Rank = 0: 4 MeshBlocks, cost = 4
  Rank = 1: 4 MeshBlocks, cost = 4
  Rank = 2: 4 MeshBlocks, cost = 4
  Rank = 3: 4 MeshBlocks, cost = 4
  Rank = 4: 4 MeshBlocks, cost = 4
  Rank = 5: 4 MeshBlocks, cost = 4
  Rank = 6: 4 MeshBlocks, cost = 4
  Rank = 7: 4 MeshBlocks, cost = 4
  Rank = 8: 4 MeshBlocks, cost = 4
  Rank = 9: 4 MeshBlocks, cost = 4
  Rank = 10: 4 MeshBlocks, cost = 4
  Rank = 11: 4 MeshBlocks, cost = 4
  Rank = 12: 4 MeshBlocks, cost = 4
  Rank = 13: 4 MeshBlocks, cost = 4
  Rank = 14: 4 MeshBlocks, cost = 4
  Rank = 15: 4 MeshBlocks, cost = 4
  Rank = 16: 5 MeshBlocks, cost = 5
  Rank = 17: 5 MeshBlocks, cost = 5
  Rank = 18: 5 MeshBlocks, cost = 5
  Rank = 19: 5 MeshBlocks, cost = 5
  Rank = 20: 5 MeshBlocks, cost = 5
  Rank = 21: 5 MeshBlocks, cost = 5
  Rank = 22: 5 MeshBlocks, cost = 5
  Rank = 23: 5 MeshBlocks, cost = 5
Load Balancing:
  Maximum normalized cost = 1.25, Average = 1.08333
AssembleZ4cTasks
Direct global Brill coefficient import: radial_points=128 angular_points=32 adm_mass=2.6606354586228815 min_psi4=1.0279531157476487 lapse=unit min_lapse=1 max_lapse=1
Converted imported ADM data to Z4c proper_box_C_rms=0.00032858672468486584 proper_box_H_rms=0.00032768775915602261 proper_box_M_rms=0 proper_box_Z_rms=1.2144629867068004e-05 coordinate_support_H_rms=9.6915290032238604e-07 coordinate_support_M_rms=0
Initialized Z4c from IrisK data mode=direct_global_coefficients path=/lus/flare/projects/CompactBinaryMerger/hzhu/z4c-vc-reference-shock-gauge-figure3-aurora-20260828/runs/n128_reference_shock_seg000/brill_global_128x32.coefficients bytes=95927
AMR_HISTORY_TIMESTEP_CLIP event=1 time_hex=0x0p+0 candidate_dt_hex=0x1.97f84920e41a7p-6 applied_dt_hex=0x1.97f84920e41a7p-7 target_time_hex=0x1.97f84920e41a7p-7

Setup complete, executing task list(s)...

elapsed=1.540230e+01 cycle=0 time=0.000000e+00 dt=1.245025e-02
CARTOON_AMR_TRANSACTION cycle=1 requested_refine=32 requested_derefine_leaves=0 accepted_derefine_parents=0 created_leaves=96 deleted_leaves=0 mirror_mismatches=0
AMR_HISTORY_REPLAY event=1 time_hex=0x1.97f84920e41a7p-7 requested_leaves=200 accepted_leaves=200 max_level=7 checksum=24316947a3a67cd8 exact_match=true shadow_refine=39 shadow_derefine=0
AMR_HISTORY_TIMESTEP_CLIP event=2 time_hex=0x1.97f84920e41a7p-7 candidate_dt_hex=0x1.98062425bceb7p-7 applied_dt_hex=0x1.980397f0c7d12p-8 target_time_hex=0x1.31fd0a8ca4018p-6
CARTOON_AMR_TRANSACTION cycle=2 requested_refine=4 requested_derefine_leaves=0 accepted_derefine_parents=0 created_leaves=12 deleted_leaves=0 mirror_mismatches=0
AMR_HISTORY_REPLAY event=2 time_hex=0x1.31fd0a8ca4018p-6 requested_leaves=212 accepted_leaves=212 max_level=8 checksum=cf0d2384b11c1d42 exact_match=true shadow_refine=9 shadow_derefine=30
elapsed=2.178435e+01 cycle=4 time=3.113063e-02 dt=6.229235e-03
elapsed=2.986418e+01 cycle=8 time=5.605921e-02 dt=6.238085e-03
elapsed=3.247889e+01 cycle=12 time=8.103118e-02 dt=6.252319e-03
elapsed=3.414345e+01 cycle=16 time=1.060684e-01 dt=6.272078e-03
elapsed=3.487345e+01 cycle=20 time=1.311928e-01 dt=6.297276e-03
elapsed=3.576572e+01 cycle=24 time=1.564259e-01 dt=6.327689e-03
elapsed=3.722212e+01 cycle=28 time=1.817883e-01 dt=6.363092e-03
elapsed=3.846638e+01 cycle=32 time=2.072995e-01 dt=6.403328e-03
elapsed=3.992993e+01 cycle=36 time=2.329788e-01 dt=6.448319e-03
elapsed=4.066329e+01 cycle=40 time=2.588452e-01 dt=6.498050e-03
elapsed=4.103949e+01 cycle=44 time=2.849177e-01 dt=6.552564e-03
elapsed=4.187502e+01 cycle=48 time=3.112155e-01 dt=6.611939e-03
elapsed=4.343848e+01 cycle=52 time=3.377581e-01 dt=6.676230e-03
elapsed=4.408986e+01 cycle=56 time=3.645653e-01 dt=6.745365e-03
elapsed=4.472965e+01 cycle=60 time=3.916559e-01 dt=6.819085e-03
elapsed=4.557725e+01 cycle=64 time=4.190479e-01 dt=6.896970e-03
elapsed=4.625140e+01 cycle=68 time=4.467570e-01 dt=6.978522e-03
elapsed=4.720744e+01 cycle=72 time=4.747973e-01 dt=7.063259e-03
elapsed=4.903002e+01 cycle=76 time=5.031808e-01 dt=7.150766e-03
elapsed=4.952752e+01 cycle=80 time=5.319180e-01 dt=7.240702e-03
elapsed=5.044320e+01 cycle=84 time=5.610033e-01 dt=7.321570e-03
elapsed=5.192137e+01 cycle=88 time=5.904035e-01 dt=7.397099e-03
elapsed=5.278281e+01 cycle=92 time=6.200982e-01 dt=7.466471e-03
elapsed=5.371455e+01 cycle=96 time=6.500612e-01 dt=7.530188e-03
elapsed=5.525462e+01 cycle=100 time=6.802694e-01 dt=7.589262e-03
elapsed=5.628709e+01 cycle=104 time=7.107071e-01 dt=7.642581e-03
elapsed=5.683746e+01 cycle=108 time=7.413572e-01 dt=7.692786e-03
elapsed=5.796886e+01 cycle=112 time=7.721997e-01 dt=7.741244e-03
elapsed=5.948795e+01 cycle=116 time=8.032258e-01 dt=7.782312e-03
elapsed=6.147019e+01 cycle=120 time=8.344188e-01 dt=7.821829e-03
elapsed=6.326966e+01 cycle=124 time=8.657589e-01 dt=7.857915e-03
elapsed=7.019800e+01 cycle=128 time=8.972497e-01 dt=7.898158e-03
elapsed=7.729841e+01 cycle=132 time=9.289075e-01 dt=7.942478e-03
elapsed=7.854987e+01 cycle=136 time=9.607486e-01 dt=7.990701e-03
elapsed=8.327504e+01 cycle=140 time=9.927881e-01 dt=8.042545e-03
elapsed=9.355948e+01 cycle=144 time=1.025040e+00 dt=8.097637e-03
elapsed=9.592926e+01 cycle=148 time=1.057517e+00 dt=8.155563e-03
elapsed=9.746549e+01 cycle=152 time=1.090208e+00 dt=8.192471e-03
elapsed=9.884080e+01 cycle=156 time=1.123008e+00 dt=8.213406e-03
elapsed=9.961113e+01 cycle=160 time=1.155898e+00 dt=8.238024e-03
elapsed=1.006919e+02 cycle=164 time=1.188876e+00 dt=8.255037e-03
elapsed=1.021564e+02 cycle=168 time=1.221925e+00 dt=8.275090e-03
elapsed=1.035397e+02 cycle=172 time=1.255054e+00 dt=8.291870e-03
elapsed=1.040735e+02 cycle=176 time=1.288245e+00 dt=8.308299e-03
elapsed=1.047464e+02 cycle=180 time=1.321508e+00 dt=8.326210e-03
elapsed=1.053715e+02 cycle=184 time=1.354831e+00 dt=8.339257e-03
elapsed=1.058871e+02 cycle=188 time=1.388212e+00 dt=8.356214e-03
elapsed=1.069782e+02 cycle=192 time=1.421659e+00 dt=8.369113e-03
elapsed=1.084401e+02 cycle=196 time=1.455155e+00 dt=8.382861e-03
elapsed=1.091304e+02 cycle=200 time=1.488712e+00 dt=8.398806e-03
elapsed=1.103108e+02 cycle=204 time=1.522322e+00 dt=8.409546e-03
elapsed=1.111357e+02 cycle=208 time=1.555981e+00 dt=8.424024e-03
elapsed=1.115981e+02 cycle=212 time=1.589700e+00 dt=8.436737e-03
elapsed=1.130704e+02 cycle=216 time=1.623463e+00 dt=8.448348e-03
elapsed=1.140508e+02 cycle=220 time=1.657278e+00 dt=8.463588e-03
elapsed=1.146632e+02 cycle=224 time=1.691148e+00 dt=8.473738e-03
elapsed=1.151301e+02 cycle=228 time=1.725061e+00 dt=8.485854e-03
elapsed=1.158335e+02 cycle=232 time=1.759026e+00 dt=8.499791e-03
elapsed=1.172108e+02 cycle=236 time=1.793038e+00 dt=8.508920e-03
elapsed=1.182941e+02 cycle=240 time=1.827091e+00 dt=8.521448e-03
elapsed=1.190260e+02 cycle=244 time=1.861198e+00 dt=8.533164e-03
elapsed=1.310288e+02 cycle=248 time=1.895344e+00 dt=8.543186e-03
elapsed=1.329949e+02 cycle=252 time=1.929536e+00 dt=8.556479e-03
elapsed=1.345678e+02 cycle=256 time=1.963778e+00 dt=8.566229e-03
elapsed=1.354805e+02 cycle=260 time=1.998059e+00 dt=8.577167e-03
elapsed=1.433810e+02 cycle=264 time=2.032388e+00 dt=8.589937e-03
elapsed=1.464009e+02 cycle=268 time=2.066759e+00 dt=8.598588e-03
elapsed=1.560529e+02 cycle=272 time=2.101170e+00 dt=8.610279e-03
elapsed=1.595084e+02 cycle=276 time=2.135630e+00 dt=8.620837e-03
elapsed=1.612397e+02 cycle=280 time=2.170126e+00 dt=8.629663e-03
elapsed=1.664748e+02 cycle=284 time=2.204661e+00 dt=8.641216e-03
elapsed=1.693642e+02 cycle=288 time=2.239239e+00 dt=8.649214e-03
elapsed=1.711692e+02 cycle=292 time=2.273849e+00 dt=8.658759e-03
elapsed=1.746289e+02 cycle=296 time=2.308502e+00 dt=8.669206e-03
elapsed=1.760148e+02 cycle=300 time=2.343189e+00 dt=8.676869e-03
elapsed=1.773508e+02 cycle=304 time=2.377911e+00 dt=8.687163e-03
elapsed=1.782144e+02 cycle=308 time=2.412674e+00 dt=8.695209e-03
elapsed=1.790026e+02 cycle=312 time=2.447467e+00 dt=8.703436e-03
elapsed=1.804677e+02 cycle=316 time=2.482295e+00 dt=8.713215e-03
elapsed=1.824975e+02 cycle=320 time=2.517156e+00 dt=8.719311e-03
elapsed=1.830341e+02 cycle=324 time=2.552046e+00 dt=8.727816e-03
elapsed=1.836774e+02 cycle=328 time=2.586972e+00 dt=8.738705e-03
elapsed=1.850542e+02 cycle=332 time=2.621946e+00 dt=8.751836e-03
elapsed=1.859465e+02 cycle=336 time=2.656975e+00 dt=8.766449e-03
elapsed=1.867747e+02 cycle=340 time=2.692065e+00 dt=8.783312e-03
elapsed=1.874313e+02 cycle=344 time=2.727226e+00 dt=8.802078e-03
elapsed=1.888526e+02 cycle=348 time=2.762464e+00 dt=8.822155e-03
elapsed=1.895673e+02 cycle=352 time=2.797785e+00 dt=8.844070e-03
elapsed=1.902490e+02 cycle=356 time=2.833195e+00 dt=8.866954e-03
elapsed=1.909223e+02 cycle=360 time=2.868699e+00 dt=8.891016e-03
elapsed=1.918100e+02 cycle=364 time=2.904301e+00 dt=8.916036e-03
elapsed=1.923311e+02 cycle=368 time=2.940003e+00 dt=8.941602e-03
elapsed=1.949375e+02 cycle=372 time=2.975807e+00 dt=8.967331e-03
elapsed=2.137179e+02 cycle=376 time=3.011715e+00 dt=8.993051e-03
elapsed=2.255368e+02 cycle=380 time=3.047727e+00 dt=9.020415e-03
elapsed=2.273920e+02 cycle=384 time=3.083852e+00 dt=9.049371e-03
elapsed=2.298271e+02 cycle=388 time=3.120095e+00 dt=9.079847e-03
elapsed=2.318788e+02 cycle=392 time=3.156462e+00 dt=9.111772e-03
elapsed=2.334355e+02 cycle=396 time=3.192958e+00 dt=9.145072e-03
elapsed=2.345214e+02 cycle=400 time=3.229590e+00 dt=9.179673e-03
elapsed=2.354510e+02 cycle=404 time=3.266362e+00 dt=9.215503e-03
elapsed=2.365039e+02 cycle=408 time=3.303279e+00 dt=9.252487e-03
elapsed=2.380546e+02 cycle=412 time=3.340346e+00 dt=9.290553e-03
elapsed=2.391107e+02 cycle=416 time=3.377566e+00 dt=9.329629e-03
elapsed=2.397790e+02 cycle=420 time=3.414945e+00 dt=9.369642e-03
elapsed=2.409082e+02 cycle=424 time=3.452484e+00 dt=9.410525e-03
elapsed=2.420970e+02 cycle=428 time=3.490189e+00 dt=9.452208e-03
elapsed=2.439146e+02 cycle=432 time=3.528061e+00 dt=9.494625e-03
elapsed=2.451618e+02 cycle=436 time=3.566104e+00 dt=9.537712e-03
elapsed=2.462271e+02 cycle=440 time=3.604320e+00 dt=9.581408e-03
elapsed=2.476627e+02 cycle=444 time=3.642712e+00 dt=9.625654e-03
elapsed=2.485312e+02 cycle=448 time=3.681282e+00 dt=9.670390e-03
elapsed=2.492336e+02 cycle=452 time=3.720031e+00 dt=9.715562e-03
elapsed=2.509721e+02 cycle=456 time=3.758961e+00 dt=9.761118e-03
elapsed=2.514801e+02 cycle=460 time=3.798074e+00 dt=9.807005e-03
elapsed=2.519521e+02 cycle=464 time=3.837372e+00 dt=9.853176e-03
elapsed=2.524115e+02 cycle=468 time=3.876854e+00 dt=9.899585e-03
elapsed=2.531069e+02 cycle=472 time=3.916522e+00 dt=9.946186e-03
elapsed=2.535469e+02 cycle=476 time=3.956377e+00 dt=9.992940e-03
elapsed=2.539965e+02 cycle=480 time=3.996419e+00 dt=1.003981e-02
elapsed=2.623076e+02 cycle=484 time=4.036649e+00 dt=1.008675e-02
elapsed=2.642053e+02 cycle=488 time=4.077066e+00 dt=1.013373e-02
elapsed=2.657314e+02 cycle=492 time=4.117671e+00 dt=1.018072e-02
elapsed=2.672879e+02 cycle=496 time=4.158465e+00 dt=1.022769e-02
elapsed=2.681359e+02 cycle=500 time=4.199446e+00 dt=1.027460e-02
elapsed=2.688955e+02 cycle=504 time=4.240615e+00 dt=1.032143e-02
elapsed=2.698994e+02 cycle=508 time=4.281970e+00 dt=1.036814e-02
elapsed=2.709439e+02 cycle=512 time=4.323513e+00 dt=1.041472e-02
elapsed=2.725188e+02 cycle=516 time=4.365241e+00 dt=1.046115e-02
elapsed=2.732868e+02 cycle=520 time=4.407155e+00 dt=1.050739e-02
elapsed=2.737363e+02 cycle=524 time=4.449254e+00 dt=1.055342e-02
elapsed=2.749412e+02 cycle=528 time=4.491537e+00 dt=1.059923e-02
elapsed=2.809534e+02 cycle=532 time=4.534002e+00 dt=1.064480e-02
elapsed=2.851273e+02 cycle=536 time=4.576649e+00 dt=1.069010e-02
elapsed=2.870121e+02 cycle=540 time=4.619477e+00 dt=1.073511e-02
elapsed=2.919726e+02 cycle=544 time=4.662485e+00 dt=1.077982e-02
elapsed=3.002803e+02 cycle=548 time=4.705671e+00 dt=1.082421e-02
elapsed=3.019089e+02 cycle=552 time=4.748972e+00 dt=1.082319e-02
elapsed=3.033634e+02 cycle=556 time=4.792257e+00 dt=1.081856e-02
elapsed=3.044831e+02 cycle=560 time=4.835525e+00 dt=1.081410e-02
elapsed=3.054948e+02 cycle=564 time=4.878775e+00 dt=1.080976e-02
elapsed=3.071978e+02 cycle=568 time=4.922008e+00 dt=1.080563e-02
elapsed=3.089508e+02 cycle=572 time=4.965224e+00 dt=1.080169e-02
elapsed=3.166890e+02 cycle=576 time=5.008425e+00 dt=1.079796e-02
elapsed=3.177633e+02 cycle=580 time=5.051612e+00 dt=1.079444e-02
elapsed=3.194283e+02 cycle=584 time=5.094784e+00 dt=1.079111e-02
elapsed=3.206940e+02 cycle=588 time=5.137944e+00 dt=1.078799e-02
elapsed=3.216516e+02 cycle=592 time=5.181092e+00 dt=1.078507e-02
elapsed=3.225672e+02 cycle=596 time=5.224228e+00 dt=1.078235e-02
elapsed=3.232677e+02 cycle=600 time=5.267353e+00 dt=1.077985e-02
elapsed=3.240417e+02 cycle=604 time=5.310469e+00 dt=1.077755e-02
elapsed=3.248124e+02 cycle=608 time=5.353576e+00 dt=1.077545e-02
elapsed=3.252164e+02 cycle=612 time=5.396675e+00 dt=1.077354e-02
elapsed=3.265428e+02 cycle=616 time=5.439767e+00 dt=1.077180e-02
elapsed=3.271532e+02 cycle=620 time=5.482851e+00 dt=1.077023e-02
elapsed=3.292625e+02 cycle=624 time=5.525930e+00 dt=1.076870e-02
elapsed=3.307901e+02 cycle=628 time=5.569003e+00 dt=1.076727e-02
elapsed=3.315199e+02 cycle=632 time=5.612070e+00 dt=1.076596e-02
elapsed=3.322609e+02 cycle=636 time=5.655132e+00 dt=1.076479e-02
elapsed=3.330435e+02 cycle=640 time=5.698189e+00 dt=1.076373e-02
elapsed=3.334796e+02 cycle=644 time=5.741243e+00 dt=1.076280e-02
elapsed=3.359517e+02 cycle=648 time=5.784293e+00 dt=1.076199e-02
elapsed=3.366355e+02 cycle=652 time=5.827340e+00 dt=1.076130e-02
elapsed=3.381861e+02 cycle=656 time=5.870384e+00 dt=1.076073e-02
elapsed=3.458901e+02 cycle=660 time=5.913426e+00 dt=1.076029e-02
elapsed=3.473374e+02 cycle=664 time=5.956467e+00 dt=1.075996e-02
elapsed=3.483584e+02 cycle=668 time=5.999506e+00 dt=1.075977e-02
elapsed=3.522892e+02 cycle=672 time=6.042545e+00 dt=1.075970e-02
elapsed=3.533452e+02 cycle=676 time=6.085584e+00 dt=1.075975e-02
elapsed=3.544241e+02 cycle=680 time=6.128623e+00 dt=1.075991e-02
elapsed=3.559474e+02 cycle=684 time=6.171663e+00 dt=1.076020e-02
elapsed=3.573891e+02 cycle=688 time=6.214705e+00 dt=1.076059e-02
elapsed=3.581465e+02 cycle=692 time=6.257748e+00 dt=1.076109e-02
elapsed=3.589026e+02 cycle=696 time=6.300793e+00 dt=1.076169e-02
elapsed=3.599541e+02 cycle=700 time=6.343841e+00 dt=1.076239e-02
elapsed=3.617361e+02 cycle=704 time=6.386892e+00 dt=1.076318e-02
elapsed=3.659652e+02 cycle=708 time=6.429946e+00 dt=1.076406e-02
elapsed=3.746877e+02 cycle=712 time=6.473003e+00 dt=1.076501e-02
elapsed=3.791857e+02 cycle=716 time=6.516065e+00 dt=1.076605e-02
elapsed=3.805796e+02 cycle=720 time=6.559131e+00 dt=1.076716e-02
elapsed=3.823614e+02 cycle=724 time=6.602201e+00 dt=1.076834e-02
elapsed=3.837903e+02 cycle=728 time=6.645276e+00 dt=1.076960e-02
elapsed=3.849552e+02 cycle=732 time=6.688357e+00 dt=1.077094e-02
elapsed=3.860006e+02 cycle=736 time=6.731442e+00 dt=1.077237e-02
elapsed=3.873768e+02 cycle=740 time=6.774534e+00 dt=1.077388e-02
elapsed=3.887195e+02 cycle=744 time=6.817632e+00 dt=1.077549e-02
elapsed=3.897087e+02 cycle=748 time=6.860737e+00 dt=1.077719e-02
elapsed=3.904283e+02 cycle=752 time=6.903848e+00 dt=1.077898e-02
elapsed=3.913136e+02 cycle=756 time=6.946967e+00 dt=1.078086e-02
elapsed=3.920150e+02 cycle=760 time=6.990093e+00 dt=1.078282e-02
elapsed=3.950883e+02 cycle=764 time=7.033227e+00 dt=1.078485e-02
elapsed=4.037081e+02 cycle=768 time=7.076370e+00 dt=1.078695e-02
elapsed=4.100633e+02 cycle=772 time=7.119521e+00 dt=1.078911e-02
elapsed=4.181693e+02 cycle=776 time=7.162681e+00 dt=1.079133e-02
elapsed=4.219960e+02 cycle=780 time=7.205849e+00 dt=1.079359e-02
elapsed=4.252002e+02 cycle=784 time=7.249027e+00 dt=1.079591e-02
elapsed=4.271313e+02 cycle=788 time=7.292214e+00 dt=1.079826e-02
elapsed=4.283382e+02 cycle=792 time=7.335411e+00 dt=1.080065e-02
elapsed=4.311733e+02 cycle=796 time=7.378617e+00 dt=1.080307e-02
elapsed=4.330690e+02 cycle=800 time=7.421833e+00 dt=1.080552e-02
elapsed=4.344378e+02 cycle=804 time=7.465059e+00 dt=1.080800e-02
elapsed=4.361452e+02 cycle=808 time=7.508295e+00 dt=1.081051e-02
elapsed=4.376402e+02 cycle=812 time=7.551540e+00 dt=1.081304e-02
elapsed=4.385513e+02 cycle=816 time=7.594797e+00 dt=1.081561e-02
elapsed=4.392081e+02 cycle=820 time=7.638063e+00 dt=1.081820e-02
elapsed=4.396451e+02 cycle=824 time=7.681340e+00 dt=1.082083e-02
elapsed=4.403211e+02 cycle=828 time=7.724627e+00 dt=1.082348e-02
elapsed=4.418170e+02 cycle=832 time=7.767925e+00 dt=1.082616e-02
elapsed=4.425561e+02 cycle=836 time=7.811233e+00 dt=1.082886e-02
elapsed=4.431766e+02 cycle=840 time=7.854553e+00 dt=1.083159e-02
elapsed=4.438642e+02 cycle=844 time=7.897884e+00 dt=1.083435e-02
elapsed=4.445223e+02 cycle=848 time=7.941225e+00 dt=1.083713e-02
elapsed=4.449268e+02 cycle=852 time=7.984578e+00 dt=1.083992e-02
elapsed=4.475444e+02 cycle=856 time=8.027942e+00 dt=1.084275e-02
elapsed=4.489912e+02 cycle=860 time=8.071317e+00 dt=1.084559e-02
elapsed=4.498164e+02 cycle=864 time=8.114704e+00 dt=1.084845e-02
elapsed=4.503845e+02 cycle=868 time=8.158102e+00 dt=1.085134e-02
elapsed=4.510664e+02 cycle=872 time=8.201511e+00 dt=1.085425e-02
elapsed=4.521391e+02 cycle=876 time=8.244933e+00 dt=1.085719e-02
elapsed=4.536064e+02 cycle=880 time=8.288366e+00 dt=1.086016e-02
elapsed=4.544281e+02 cycle=884 time=8.331811e+00 dt=1.086315e-02
elapsed=4.584374e+02 cycle=888 time=8.375268e+00 dt=1.086617e-02
elapsed=4.682007e+02 cycle=892 time=8.418738e+00 dt=1.086922e-02
elapsed=4.697604e+02 cycle=896 time=8.462219e+00 dt=1.087230e-02
elapsed=4.754427e+02 cycle=900 time=8.505713e+00 dt=1.087541e-02
elapsed=4.806355e+02 cycle=904 time=8.549219e+00 dt=1.087854e-02
elapsed=4.927154e+02 cycle=908 time=8.592738e+00 dt=1.088169e-02
elapsed=4.972958e+02 cycle=912 time=8.636270e+00 dt=1.088487e-02
elapsed=4.990165e+02 cycle=916 time=8.679814e+00 dt=1.088807e-02
elapsed=5.005857e+02 cycle=920 time=8.723371e+00 dt=1.089129e-02
elapsed=5.020882e+02 cycle=924 time=8.766941e+00 dt=1.089454e-02
elapsed=5.031628e+02 cycle=928 time=8.810524e+00 dt=1.089780e-02
elapsed=5.039674e+02 cycle=932 time=8.854120e+00 dt=1.090109e-02
elapsed=5.045863e+02 cycle=936 time=8.897729e+00 dt=1.090440e-02
elapsed=5.053910e+02 cycle=940 time=8.941352e+00 dt=1.090774e-02
elapsed=5.064816e+02 cycle=944 time=8.984988e+00 dt=1.091110e-02
elapsed=5.087146e+02 cycle=948 time=9.028638e+00 dt=1.091449e-02
elapsed=5.094093e+02 cycle=952 time=9.072301e+00 dt=1.091791e-02
elapsed=5.100694e+02 cycle=956 time=9.115977e+00 dt=1.092135e-02
elapsed=5.104692e+02 cycle=960 time=9.159668e+00 dt=1.092482e-02
elapsed=5.113326e+02 cycle=964 time=9.203373e+00 dt=1.092831e-02
elapsed=5.122533e+02 cycle=968 time=9.247091e+00 dt=1.093183e-02
elapsed=5.131853e+02 cycle=972 time=9.290824e+00 dt=1.093538e-02
elapsed=5.143497e+02 cycle=976 time=9.334571e+00 dt=1.093895e-02
elapsed=5.150349e+02 cycle=980 time=9.378332e+00 dt=1.094255e-02
elapsed=5.157585e+02 cycle=984 time=9.422107e+00 dt=1.094617e-02
elapsed=5.163466e+02 cycle=988 time=9.465898e+00 dt=1.094982e-02
elapsed=5.179757e+02 cycle=992 time=9.509702e+00 dt=1.095349e-02
elapsed=5.186401e+02 cycle=996 time=9.553522e+00 dt=1.095719e-02
elapsed=5.198245e+02 cycle=1000 time=9.597356e+00 dt=1.096090e-02
elapsed=5.205427e+02 cycle=1004 time=9.641205e+00 dt=1.096463e-02
elapsed=5.212828e+02 cycle=1008 time=9.685070e+00 dt=1.096838e-02
elapsed=5.224247e+02 cycle=1012 time=9.728949e+00 dt=1.097215e-02
elapsed=5.232760e+02 cycle=1016 time=9.772843e+00 dt=1.097593e-02
elapsed=5.240012e+02 cycle=1020 time=9.816752e+00 dt=1.097971e-02
elapsed=5.251262e+02 cycle=1024 time=9.860677e+00 dt=1.098339e-02
elapsed=5.260817e+02 cycle=1028 time=9.904616e+00 dt=1.098709e-02
elapsed=5.269694e+02 cycle=1032 time=9.948570e+00 dt=1.099079e-02
elapsed=5.277737e+02 cycle=1036 time=9.992539e+00 dt=1.099450e-02
elapsed=5.292781e+02 cycle=1040 time=1.003652e+01 dt=1.099823e-02
elapsed=5.303541e+02 cycle=1044 time=1.008052e+01 dt=1.100196e-02
elapsed=5.313900e+02 cycle=1048 time=1.012453e+01 dt=1.100571e-02
elapsed=5.321800e+02 cycle=1052 time=1.016856e+01 dt=1.100946e-02
elapsed=5.360296e+02 cycle=1056 time=1.021261e+01 dt=1.101324e-02
elapsed=5.441332e+02 cycle=1060 time=1.025666e+01 dt=1.101702e-02
elapsed=5.466817e+02 cycle=1064 time=1.030074e+01 dt=1.102082e-02
elapsed=5.492754e+02 cycle=1068 time=1.034483e+01 dt=1.102464e-02
elapsed=5.506106e+02 cycle=1072 time=1.038893e+01 dt=1.102847e-02
elapsed=5.520613e+02 cycle=1076 time=1.043305e+01 dt=1.103232e-02
elapsed=5.535362e+02 cycle=1080 time=1.047719e+01 dt=1.103618e-02
elapsed=5.552185e+02 cycle=1084 time=1.052134e+01 dt=1.104007e-02
elapsed=5.561789e+02 cycle=1088 time=1.056550e+01 dt=1.104397e-02
elapsed=5.572039e+02 cycle=1092 time=1.060968e+01 dt=1.104788e-02
elapsed=5.579577e+02 cycle=1096 time=1.065388e+01 dt=1.105182e-02
elapsed=5.591941e+02 cycle=1100 time=1.069810e+01 dt=1.105578e-02
elapsed=5.599189e+02 cycle=1104 time=1.074232e+01 dt=1.105976e-02
elapsed=5.612450e+02 cycle=1108 time=1.078657e+01 dt=1.106376e-02
elapsed=5.619191e+02 cycle=1112 time=1.083083e+01 dt=1.106778e-02
elapsed=5.627692e+02 cycle=1116 time=1.087511e+01 dt=1.107183e-02
elapsed=5.643273e+02 cycle=1120 time=1.091940e+01 dt=1.107590e-02
elapsed=5.658785e+02 cycle=1124 time=1.096371e+01 dt=1.107999e-02
elapsed=5.690880e+02 cycle=1128 time=1.100804e+01 dt=1.108411e-02
elapsed=5.705443e+02 cycle=1132 time=1.105238e+01 dt=1.108826e-02
elapsed=5.716297e+02 cycle=1136 time=1.109674e+01 dt=1.109243e-02
elapsed=5.723569e+02 cycle=1140 time=1.114112e+01 dt=1.109663e-02
elapsed=5.802774e+02 cycle=1144 time=1.118551e+01 dt=1.110085e-02
elapsed=5.818088e+02 cycle=1148 time=1.122992e+01 dt=1.110510e-02
elapsed=5.869297e+02 cycle=1152 time=1.127434e+01 dt=1.110937e-02
elapsed=5.950485e+02 cycle=1156 time=1.131879e+01 dt=1.111367e-02
elapsed=6.021241e+02 cycle=1160 time=1.136325e+01 dt=1.111799e-02
elapsed=6.089913e+02 cycle=1164 time=1.140773e+01 dt=1.112234e-02
elapsed=6.109678e+02 cycle=1168 time=1.145222e+01 dt=1.112671e-02
elapsed=6.124261e+02 cycle=1172 time=1.149674e+01 dt=1.113111e-02
elapsed=6.151027e+02 cycle=1176 time=1.154127e+01 dt=1.113553e-02
elapsed=6.162897e+02 cycle=1180 time=1.158582e+01 dt=1.113998e-02
elapsed=6.172520e+02 cycle=1184 time=1.163038e+01 dt=1.114446e-02
elapsed=6.186773e+02 cycle=1188 time=1.167497e+01 dt=1.114896e-02
elapsed=6.196308e+02 cycle=1192 time=1.171957e+01 dt=1.115349e-02
elapsed=6.207398e+02 cycle=1196 time=1.176419e+01 dt=1.115804e-02
elapsed=6.217819e+02 cycle=1200 time=1.180883e+01 dt=1.116262e-02
elapsed=6.226213e+02 cycle=1204 time=1.185349e+01 dt=1.116723e-02
elapsed=6.231359e+02 cycle=1208 time=1.189816e+01 dt=1.117187e-02
elapsed=6.245363e+02 cycle=1212 time=1.194286e+01 dt=1.117654e-02
elapsed=6.250375e+02 cycle=1216 time=1.198757e+01 dt=1.118124e-02
elapsed=6.293929e+02 cycle=1220 time=1.203230e+01 dt=1.118594e-02
elapsed=6.301817e+02 cycle=1224 time=1.207705e+01 dt=1.118747e-02
elapsed=6.308791e+02 cycle=1228 time=1.212180e+01 dt=1.118896e-02
elapsed=6.316143e+02 cycle=1232 time=1.216656e+01 dt=1.119041e-02
elapsed=6.345091e+02 cycle=1236 time=1.221132e+01 dt=1.119182e-02
elapsed=6.363994e+02 cycle=1240 time=1.225609e+01 dt=1.119319e-02
elapsed=6.372974e+02 cycle=1244 time=1.230087e+01 dt=1.119451e-02
elapsed=6.381434e+02 cycle=1248 time=1.234565e+01 dt=1.119579e-02
elapsed=6.389041e+02 cycle=1252 time=1.239043e+01 dt=1.119703e-02
elapsed=6.412704e+02 cycle=1256 time=1.243522e+01 dt=1.119823e-02
elapsed=6.426099e+02 cycle=1260 time=1.248002e+01 dt=1.119938e-02
elapsed=6.465621e+02 cycle=1264 time=1.252482e+01 dt=1.120049e-02
elapsed=6.475354e+02 cycle=1268 time=1.256962e+01 dt=1.120155e-02
elapsed=6.490736e+02 cycle=1272 time=1.261443e+01 dt=1.120257e-02
elapsed=6.499741e+02 cycle=1276 time=1.265924e+01 dt=1.120354e-02
elapsed=6.506682e+02 cycle=1280 time=1.270406e+01 dt=1.120446e-02
elapsed=6.513226e+02 cycle=1284 time=1.274887e+01 dt=1.120534e-02
elapsed=6.528701e+02 cycle=1288 time=1.279370e+01 dt=1.120617e-02
elapsed=6.542316e+02 cycle=1292 time=1.283852e+01 dt=1.120695e-02
elapsed=6.557210e+02 cycle=1296 time=1.288335e+01 dt=1.120768e-02
elapsed=6.563519e+02 cycle=1300 time=1.292818e+01 dt=1.120835e-02
elapsed=6.568966e+02 cycle=1304 time=1.297302e+01 dt=1.120898e-02
elapsed=6.702374e+02 cycle=1308 time=1.301785e+01 dt=1.120955e-02
elapsed=6.726743e+02 cycle=1312 time=1.306269e+01 dt=1.121008e-02
elapsed=6.743499e+02 cycle=1316 time=1.310753e+01 dt=1.121055e-02
elapsed=6.758258e+02 cycle=1320 time=1.315238e+01 dt=1.121096e-02
elapsed=6.768453e+02 cycle=1324 time=1.319722e+01 dt=1.121132e-02
elapsed=6.777416e+02 cycle=1328 time=1.324207e+01 dt=1.121163e-02
elapsed=6.787322e+02 cycle=1332 time=1.328691e+01 dt=1.121189e-02
elapsed=6.803538e+02 cycle=1336 time=1.333176e+01 dt=1.121208e-02
elapsed=6.814778e+02 cycle=1340 time=1.337661e+01 dt=1.121223e-02
elapsed=6.823294e+02 cycle=1344 time=1.342146e+01 dt=1.121232e-02
elapsed=6.829261e+02 cycle=1348 time=1.346631e+01 dt=1.121235e-02
elapsed=6.867566e+02 cycle=1352 time=1.351116e+01 dt=1.121233e-02
elapsed=6.877837e+02 cycle=1356 time=1.355601e+01 dt=1.121225e-02
elapsed=6.892505e+02 cycle=1360 time=1.360086e+01 dt=1.121212e-02
elapsed=6.965338e+02 cycle=1364 time=1.364571e+01 dt=1.121192e-02
elapsed=7.028307e+02 cycle=1368 time=1.369055e+01 dt=1.121168e-02
elapsed=7.146600e+02 cycle=1372 time=1.373540e+01 dt=1.121137e-02
elapsed=7.188966e+02 cycle=1376 time=1.378024e+01 dt=1.121101e-02
elapsed=7.290317e+02 cycle=1380 time=1.382509e+01 dt=1.121059e-02
elapsed=7.310933e+02 cycle=1384 time=1.386993e+01 dt=1.121012e-02
elapsed=7.340231e+02 cycle=1388 time=1.391477e+01 dt=1.120958e-02
elapsed=7.356362e+02 cycle=1392 time=1.395961e+01 dt=1.120900e-02
elapsed=7.398826e+02 cycle=1396 time=1.400444e+01 dt=1.120835e-02
elapsed=7.413409e+02 cycle=1400 time=1.404927e+01 dt=1.120765e-02
elapsed=7.422093e+02 cycle=1404 time=1.409410e+01 dt=1.120689e-02
elapsed=7.456516e+02 cycle=1408 time=1.413893e+01 dt=1.120608e-02
elapsed=7.470953e+02 cycle=1412 time=1.418375e+01 dt=1.120521e-02
elapsed=7.484874e+02 cycle=1416 time=1.422857e+01 dt=1.120429e-02
elapsed=7.499523e+02 cycle=1420 time=1.427339e+01 dt=1.120332e-02
elapsed=7.504770e+02 cycle=1424 time=1.431820e+01 dt=1.120230e-02
elapsed=7.509780e+02 cycle=1428 time=1.436301e+01 dt=1.120122e-02
elapsed=7.513877e+02 cycle=1432 time=1.440781e+01 dt=1.120009e-02
elapsed=7.522468e+02 cycle=1436 time=1.445261e+01 dt=1.119891e-02
elapsed=7.536704e+02 cycle=1440 time=1.449740e+01 dt=1.119768e-02
elapsed=7.558644e+02 cycle=1444 time=1.454219e+01 dt=1.119640e-02
elapsed=7.572314e+02 cycle=1448 time=1.458698e+01 dt=1.119508e-02
elapsed=7.579340e+02 cycle=1452 time=1.463175e+01 dt=1.119370e-02
elapsed=7.592114e+02 cycle=1456 time=1.467653e+01 dt=1.119228e-02
elapsed=7.604025e+02 cycle=1460 time=1.472129e+01 dt=1.119081e-02
elapsed=7.611792e+02 cycle=1464 time=1.476605e+01 dt=1.118929e-02
elapsed=7.624118e+02 cycle=1468 time=1.481081e+01 dt=1.118773e-02
elapsed=7.635044e+02 cycle=1472 time=1.485556e+01 dt=1.118612e-02
elapsed=7.645579e+02 cycle=1476 time=1.490030e+01 dt=1.118447e-02
elapsed=7.658904e+02 cycle=1480 time=1.494503e+01 dt=1.118277e-02
elapsed=7.665926e+02 cycle=1484 time=1.498976e+01 dt=1.118103e-02
elapsed=7.800474e+02 cycle=1488 time=1.503448e+01 dt=1.117925e-02
elapsed=7.823140e+02 cycle=1492 time=1.507920e+01 dt=1.117742e-02
elapsed=7.837242e+02 cycle=1496 time=1.512391e+01 dt=1.117555e-02
elapsed=7.848905e+02 cycle=1500 time=1.516861e+01 dt=1.117364e-02
elapsed=7.951964e+02 cycle=1504 time=1.521330e+01 dt=1.117169e-02
elapsed=7.970843e+02 cycle=1508 time=1.525798e+01 dt=1.116970e-02
elapsed=7.986115e+02 cycle=1512 time=1.530266e+01 dt=1.116768e-02
elapsed=7.993789e+02 cycle=1516 time=1.534732e+01 dt=1.116562e-02
elapsed=8.018854e+02 cycle=1520 time=1.539198e+01 dt=1.116352e-02
elapsed=8.056627e+02 cycle=1524 time=1.543663e+01 dt=1.116138e-02
elapsed=8.074193e+02 cycle=1528 time=1.548128e+01 dt=1.115921e-02
elapsed=8.118221e+02 cycle=1532 time=1.552591e+01 dt=1.115701e-02
elapsed=8.130566e+02 cycle=1536 time=1.557053e+01 dt=1.115477e-02
elapsed=8.140169e+02 cycle=1540 time=1.561515e+01 dt=1.115249e-02
elapsed=8.148530e+02 cycle=1544 time=1.565976e+01 dt=1.115018e-02
elapsed=8.156383e+02 cycle=1548 time=1.570435e+01 dt=1.114784e-02
elapsed=8.166793e+02 cycle=1552 time=1.574894e+01 dt=1.114546e-02
elapsed=8.178921e+02 cycle=1556 time=1.579352e+01 dt=1.114305e-02
elapsed=8.189571e+02 cycle=1560 time=1.583809e+01 dt=1.114060e-02
elapsed=8.205689e+02 cycle=1564 time=1.588265e+01 dt=1.113812e-02
elapsed=8.210360e+02 cycle=1568 time=1.592720e+01 dt=1.113560e-02
elapsed=8.214822e+02 cycle=1572 time=1.597173e+01 dt=1.113304e-02
elapsed=8.346194e+02 cycle=1576 time=1.601626e+01 dt=1.113045e-02
elapsed=8.482428e+02 cycle=1580 time=1.606078e+01 dt=1.112782e-02
elapsed=8.499441e+02 cycle=1584 time=1.610529e+01 dt=1.112516e-02
elapsed=8.515951e+02 cycle=1588 time=1.614978e+01 dt=1.112247e-02
elapsed=8.526164e+02 cycle=1592 time=1.619427e+01 dt=1.111974e-02
elapsed=8.537736e+02 cycle=1596 time=1.623875e+01 dt=1.111697e-02
elapsed=8.549449e+02 cycle=1600 time=1.628321e+01 dt=1.111418e-02
elapsed=8.565228e+02 cycle=1604 time=1.632766e+01 dt=1.111136e-02
elapsed=8.573880e+02 cycle=1608 time=1.637210e+01 dt=1.110850e-02
elapsed=8.609363e+02 cycle=1612 time=1.641653e+01 dt=1.110562e-02
elapsed=8.623406e+02 cycle=1616 time=1.646095e+01 dt=1.110271e-02
elapsed=8.651164e+02 cycle=1620 time=1.650536e+01 dt=1.109978e-02
elapsed=8.655421e+02 cycle=1624 time=1.654975e+01 dt=1.109681e-02
elapsed=8.661801e+02 cycle=1628 time=1.659413e+01 dt=1.109382e-02
elapsed=8.668349e+02 cycle=1632 time=1.663851e+01 dt=1.109081e-02
elapsed=8.673640e+02 cycle=1636 time=1.668286e+01 dt=1.108778e-02
elapsed=8.678791e+02 cycle=1640 time=1.672721e+01 dt=1.108471e-02
elapsed=8.687481e+02 cycle=1644 time=1.677154e+01 dt=1.108163e-02
elapsed=8.694208e+02 cycle=1648 time=1.681587e+01 dt=1.107852e-02
elapsed=8.701480e+02 cycle=1652 time=1.686018e+01 dt=1.107539e-02
elapsed=8.707970e+02 cycle=1656 time=1.690447e+01 dt=1.107224e-02
elapsed=8.712175e+02 cycle=1660 time=1.694876e+01 dt=1.106907e-02
elapsed=8.719255e+02 cycle=1664 time=1.699303e+01 dt=1.106587e-02
elapsed=8.732981e+02 cycle=1668 time=1.703729e+01 dt=1.106265e-02
elapsed=8.743313e+02 cycle=1672 time=1.708153e+01 dt=1.105941e-02
elapsed=8.752958e+02 cycle=1676 time=1.712577e+01 dt=1.105614e-02
elapsed=8.758729e+02 cycle=1680 time=1.716999e+01 dt=1.105286e-02
elapsed=8.763724e+02 cycle=1684 time=1.721419e+01 dt=1.104955e-02
elapsed=8.770703e+02 cycle=1688 time=1.725839e+01 dt=1.104623e-02
elapsed=8.776352e+02 cycle=1692 time=1.730257e+01 dt=1.104288e-02
elapsed=8.780990e+02 cycle=1696 time=1.734673e+01 dt=1.103951e-02
elapsed=8.785091e+02 cycle=1700 time=1.739088e+01 dt=1.103613e-02
elapsed=8.796232e+02 cycle=1704 time=1.743502e+01 dt=1.103272e-02
elapsed=8.805087e+02 cycle=1708 time=1.747915e+01 dt=1.102930e-02
elapsed=8.819729e+02 cycle=1712 time=1.752326e+01 dt=1.102586e-02
elapsed=8.826618e+02 cycle=1716 time=1.756736e+01 dt=1.102240e-02
elapsed=8.833099e+02 cycle=1720 time=1.761144e+01 dt=1.101892e-02
elapsed=8.837857e+02 cycle=1724 time=1.765551e+01 dt=1.101543e-02
elapsed=8.847531e+02 cycle=1728 time=1.769957e+01 dt=1.101192e-02
elapsed=8.854789e+02 cycle=1732 time=1.774361e+01 dt=1.100840e-02
elapsed=8.862792e+02 cycle=1736 time=1.778764e+01 dt=1.100486e-02
elapsed=8.869842e+02 cycle=1740 time=1.783166e+01 dt=1.100131e-02
elapsed=8.874489e+02 cycle=1744 time=1.787566e+01 dt=1.099774e-02
elapsed=8.881323e+02 cycle=1748 time=1.791964e+01 dt=1.099416e-02
elapsed=8.888057e+02 cycle=1752 time=1.796361e+01 dt=1.099057e-02
elapsed=8.909613e+02 cycle=1756 time=1.800757e+01 dt=1.098697e-02
elapsed=8.917202e+02 cycle=1760 time=1.805151e+01 dt=1.098336e-02
elapsed=8.925602e+02 cycle=1764 time=1.809544e+01 dt=1.097974e-02
elapsed=8.931381e+02 cycle=1768 time=1.813935e+01 dt=1.097611e-02
elapsed=8.939250e+02 cycle=1772 time=1.818325e+01 dt=1.097248e-02
elapsed=8.947125e+02 cycle=1776 time=1.822714e+01 dt=1.096883e-02
elapsed=8.957784e+02 cycle=1780 time=1.827101e+01 dt=1.096518e-02
elapsed=8.963082e+02 cycle=1784 time=1.831486e+01 dt=1.096152e-02
elapsed=8.976280e+02 cycle=1788 time=1.835870e+01 dt=1.095785e-02
elapsed=8.990886e+02 cycle=1792 time=1.840253e+01 dt=1.095418e-02
elapsed=8.995407e+02 cycle=1796 time=1.844634e+01 dt=1.095050e-02
elapsed=9.006671e+02 cycle=1800 time=1.849014e+01 dt=1.094682e-02
elapsed=9.160036e+02 cycle=1804 time=1.853392e+01 dt=1.094313e-02
elapsed=9.187844e+02 cycle=1808 time=1.857769e+01 dt=1.093944e-02
elapsed=9.204289e+02 cycle=1812 time=1.862144e+01 dt=1.093574e-02
elapsed=9.220582e+02 cycle=1816 time=1.866517e+01 dt=1.093205e-02
elapsed=9.232048e+02 cycle=1820 time=1.870890e+01 dt=1.092835e-02
elapsed=9.241894e+02 cycle=1824 time=1.875261e+01 dt=1.092464e-02
elapsed=9.256373e+02 cycle=1828 time=1.879630e+01 dt=1.092094e-02
elapsed=9.268431e+02 cycle=1832 time=1.883998e+01 dt=1.091723e-02
elapsed=9.277389e+02 cycle=1836 time=1.888364e+01 dt=1.091352e-02
elapsed=9.283836e+02 cycle=1840 time=1.892729e+01 dt=1.090981e-02
elapsed=9.291865e+02 cycle=1844 time=1.897092e+01 dt=1.090609e-02
elapsed=9.301500e+02 cycle=1848 time=1.901454e+01 dt=1.090238e-02
elapsed=9.310465e+02 cycle=1852 time=1.905814e+01 dt=1.089866e-02
elapsed=9.318073e+02 cycle=1856 time=1.910173e+01 dt=1.089495e-02
elapsed=9.326198e+02 cycle=1860 time=1.914531e+01 dt=1.089123e-02
elapsed=9.336575e+02 cycle=1864 time=1.918887e+01 dt=1.088752e-02
elapsed=9.344020e+02 cycle=1868 time=1.923241e+01 dt=1.088380e-02
elapsed=9.356370e+02 cycle=1872 time=1.927594e+01 dt=1.088008e-02
elapsed=9.445016e+02 cycle=1876 time=1.931946e+01 dt=1.087637e-02
elapsed=9.476578e+02 cycle=1880 time=1.936296e+01 dt=1.087266e-02
elapsed=9.533524e+02 cycle=1884 time=1.940644e+01 dt=1.086894e-02
elapsed=9.630144e+02 cycle=1888 time=1.944991e+01 dt=1.086523e-02
elapsed=9.643277e+02 cycle=1892 time=1.949337e+01 dt=1.086152e-02
elapsed=9.682415e+02 cycle=1896 time=1.953681e+01 dt=1.085782e-02
elapsed=9.695312e+02 cycle=1900 time=1.958023e+01 dt=1.085412e-02
elapsed=9.704697e+02 cycle=1904 time=1.962364e+01 dt=1.085042e-02
elapsed=9.714645e+02 cycle=1908 time=1.966704e+01 dt=1.084672e-02
elapsed=9.721451e+02 cycle=1912 time=1.971042e+01 dt=1.084303e-02
elapsed=9.730064e+02 cycle=1916 time=1.975379e+01 dt=1.083935e-02
elapsed=9.738273e+02 cycle=1920 time=1.979714e+01 dt=1.083566e-02
elapsed=9.745465e+02 cycle=1924 time=1.984048e+01 dt=1.083199e-02
elapsed=9.749842e+02 cycle=1928 time=1.988380e+01 dt=1.082832e-02
elapsed=9.756613e+02 cycle=1932 time=1.992711e+01 dt=1.082466e-02
elapsed=9.763243e+02 cycle=1936 time=1.997040e+01 dt=1.082100e-02
elapsed=9.774975e+02 cycle=1940 time=2.001368e+01 dt=1.081735e-02
elapsed=9.783302e+02 cycle=1944 time=2.005694e+01 dt=1.081371e-02
elapsed=9.788756e+02 cycle=1948 time=2.010019e+01 dt=1.081007e-02
elapsed=9.795801e+02 cycle=1952 time=2.014343e+01 dt=1.080644e-02
elapsed=9.803366e+02 cycle=1956 time=2.018665e+01 dt=1.080282e-02
elapsed=9.810574e+02 cycle=1960 time=2.022985e+01 dt=1.079921e-02
elapsed=9.818048e+02 cycle=1964 time=2.027304e+01 dt=1.079560e-02
elapsed=9.822975e+02 cycle=1968 time=2.031622e+01 dt=1.079201e-02
elapsed=9.833385e+02 cycle=1972 time=2.035938e+01 dt=1.078842e-02
elapsed=9.841414e+02 cycle=1976 time=2.040253e+01 dt=1.078484e-02
elapsed=9.847929e+02 cycle=1980 time=2.044567e+01 dt=1.078127e-02
elapsed=9.854213e+02 cycle=1984 time=2.048879e+01 dt=1.077771e-02
elapsed=9.865949e+02 cycle=1988 time=2.053189e+01 dt=1.077415e-02
elapsed=9.871236e+02 cycle=1992 time=2.057498e+01 dt=1.077061e-02
elapsed=9.879763e+02 cycle=1996 time=2.061806e+01 dt=1.076708e-02
elapsed=9.890186e+02 cycle=2000 time=2.066112e+01 dt=1.076355e-02
elapsed=9.896258e+02 cycle=2004 time=2.070417e+01 dt=1.076004e-02
elapsed=9.902863e+02 cycle=2008 time=2.074721e+01 dt=1.075654e-02
elapsed=9.910972e+02 cycle=2012 time=2.079023e+01 dt=1.075304e-02
elapsed=9.915192e+02 cycle=2016 time=2.083323e+01 dt=1.074956e-02
elapsed=9.921879e+02 cycle=2020 time=2.087623e+01 dt=1.074609e-02
elapsed=9.929496e+02 cycle=2024 time=2.091921e+01 dt=1.074263e-02
elapsed=9.937119e+02 cycle=2028 time=2.096217e+01 dt=1.073919e-02
elapsed=9.949791e+02 cycle=2032 time=2.100512e+01 dt=1.073575e-02
elapsed=9.956338e+02 cycle=2036 time=2.104806e+01 dt=1.073233e-02
elapsed=9.963165e+02 cycle=2040 time=2.109099e+01 dt=1.072892e-02
elapsed=9.967792e+02 cycle=2044 time=2.113390e+01 dt=1.072553e-02
elapsed=9.974683e+02 cycle=2048 time=2.117679e+01 dt=1.072214e-02
elapsed=9.982155e+02 cycle=2052 time=2.121968e+01 dt=1.071878e-02
elapsed=9.989757e+02 cycle=2056 time=2.126255e+01 dt=1.071542e-02
elapsed=9.997879e+02 cycle=2060 time=2.130540e+01 dt=1.071208e-02
elapsed=1.000404e+03 cycle=2064 time=2.134825e+01 dt=1.070875e-02
elapsed=1.001111e+03 cycle=2068 time=2.139108e+01 dt=1.070544e-02
elapsed=1.001839e+03 cycle=2072 time=2.143389e+01 dt=1.070215e-02
elapsed=1.002281e+03 cycle=2076 time=2.147670e+01 dt=1.069887e-02
elapsed=1.003717e+03 cycle=2080 time=2.151949e+01 dt=1.069560e-02
elapsed=1.004641e+03 cycle=2084 time=2.156227e+01 dt=1.069235e-02
elapsed=1.005270e+03 cycle=2088 time=2.160503e+01 dt=1.068912e-02
elapsed=1.005835e+03 cycle=2092 time=2.164778e+01 dt=1.068591e-02
elapsed=1.006560e+03 cycle=2096 time=2.169052e+01 dt=1.068271e-02
elapsed=1.007220e+03 cycle=2100 time=2.173325e+01 dt=1.067953e-02
elapsed=1.007764e+03 cycle=2104 time=2.177596e+01 dt=1.067637e-02
elapsed=1.008925e+03 cycle=2108 time=2.181866e+01 dt=1.067323e-02
elapsed=1.009624e+03 cycle=2112 time=2.186135e+01 dt=1.067010e-02
elapsed=1.010389e+03 cycle=2116 time=2.190403e+01 dt=1.066699e-02
elapsed=1.011096e+03 cycle=2120 time=2.194669e+01 dt=1.066391e-02
elapsed=1.011914e+03 cycle=2124 time=2.198934e+01 dt=1.066084e-02
elapsed=1.013182e+03 cycle=2128 time=2.203198e+01 dt=1.065779e-02
elapsed=1.014371e+03 cycle=2132 time=2.207461e+01 dt=1.065476e-02
elapsed=1.015102e+03 cycle=2136 time=2.211722e+01 dt=1.065176e-02
elapsed=1.015684e+03 cycle=2140 time=2.215982e+01 dt=1.064877e-02
elapsed=1.016446e+03 cycle=2144 time=2.220241e+01 dt=1.064580e-02
elapsed=1.017160e+03 cycle=2148 time=2.224499e+01 dt=1.064285e-02
elapsed=1.020543e+03 cycle=2152 time=2.228756e+01 dt=1.063992e-02
elapsed=1.032194e+03 cycle=2156 time=2.233011e+01 dt=1.063701e-02
elapsed=1.037404e+03 cycle=2160 time=2.237266e+01 dt=1.063412e-02
elapsed=1.045511e+03 cycle=2164 time=2.241519e+01 dt=1.063124e-02
elapsed=1.047486e+03 cycle=2168 time=2.245771e+01 dt=1.062839e-02
elapsed=1.052584e+03 cycle=2172 time=2.250022e+01 dt=1.062556e-02
elapsed=1.058304e+03 cycle=2176 time=2.254272e+01 dt=1.062275e-02
elapsed=1.067529e+03 cycle=2180 time=2.258520e+01 dt=1.061995e-02
elapsed=1.069089e+03 cycle=2184 time=2.262768e+01 dt=1.061718e-02
elapsed=1.074873e+03 cycle=2188 time=2.267014e+01 dt=1.061442e-02
elapsed=1.081622e+03 cycle=2192 time=2.271260e+01 dt=1.061169e-02
elapsed=1.083666e+03 cycle=2196 time=2.275504e+01 dt=1.060897e-02
elapsed=1.085289e+03 cycle=2200 time=2.279747e+01 dt=1.060627e-02
elapsed=1.086773e+03 cycle=2204 time=2.283989e+01 dt=1.060359e-02
elapsed=1.088341e+03 cycle=2208 time=2.288230e+01 dt=1.060092e-02
elapsed=1.089786e+03 cycle=2212 time=2.292470e+01 dt=1.059828e-02
elapsed=1.090614e+03 cycle=2216 time=2.296709e+01 dt=1.059565e-02
elapsed=1.092595e+03 cycle=2220 time=2.300947e+01 dt=1.059303e-02
elapsed=1.093540e+03 cycle=2224 time=2.305184e+01 dt=1.059044e-02
elapsed=1.094180e+03 cycle=2228 time=2.309420e+01 dt=1.058786e-02
elapsed=1.094795e+03 cycle=2232 time=2.313655e+01 dt=1.058529e-02
elapsed=1.095542e+03 cycle=2236 time=2.317888e+01 dt=1.058275e-02
elapsed=1.096244e+03 cycle=2240 time=2.322121e+01 dt=1.058022e-02
elapsed=1.096703e+03 cycle=2244 time=2.326353e+01 dt=1.057771e-02
elapsed=1.097416e+03 cycle=2248 time=2.330583e+01 dt=1.057521e-02
elapsed=1.098175e+03 cycle=2252 time=2.334813e+01 dt=1.057274e-02
elapsed=1.099003e+03 cycle=2256 time=2.339042e+01 dt=1.057028e-02
elapsed=1.099593e+03 cycle=2260 time=2.343270e+01 dt=1.056784e-02
elapsed=1.100230e+03 cycle=2264 time=2.347496e+01 dt=1.056542e-02
elapsed=1.101741e+03 cycle=2268 time=2.351722e+01 dt=1.056302e-02
elapsed=1.102171e+03 cycle=2272 time=2.355947e+01 dt=1.056064e-02
elapsed=1.102856e+03 cycle=2276 time=2.360171e+01 dt=1.055827e-02
elapsed=1.104003e+03 cycle=2280 time=2.364394e+01 dt=1.055592e-02
elapsed=1.104776e+03 cycle=2284 time=2.368616e+01 dt=1.055359e-02
elapsed=1.105524e+03 cycle=2288 time=2.372837e+01 dt=1.055127e-02
elapsed=1.105992e+03 cycle=2292 time=2.377057e+01 dt=1.054897e-02
elapsed=1.106696e+03 cycle=2296 time=2.381276e+01 dt=1.054669e-02
elapsed=1.107491e+03 cycle=2300 time=2.385495e+01 dt=1.054442e-02
elapsed=1.108128e+03 cycle=2304 time=2.389712e+01 dt=1.054216e-02
elapsed=1.109088e+03 cycle=2308 time=2.393929e+01 dt=1.053992e-02
elapsed=1.109833e+03 cycle=2312 time=2.398144e+01 dt=1.053769e-02
elapsed=1.111239e+03 cycle=2316 time=2.402359e+01 dt=1.053546e-02
elapsed=1.111949e+03 cycle=2320 time=2.406573e+01 dt=1.053325e-02
elapsed=1.112593e+03 cycle=2324 time=2.410786e+01 dt=1.053105e-02
elapsed=1.113036e+03 cycle=2328 time=2.414998e+01 dt=1.052885e-02
elapsed=1.113799e+03 cycle=2332 time=2.419209e+01 dt=1.052666e-02
elapsed=1.114528e+03 cycle=2336 time=2.423420e+01 dt=1.052448e-02
elapsed=1.115005e+03 cycle=2340 time=2.427629e+01 dt=1.052230e-02
elapsed=1.115802e+03 cycle=2344 time=2.431838e+01 dt=1.052012e-02
elapsed=1.116430e+03 cycle=2348 time=2.436045e+01 dt=1.051794e-02
elapsed=1.116835e+03 cycle=2352 time=2.440252e+01 dt=1.051577e-02
elapsed=1.117573e+03 cycle=2356 time=2.444458e+01 dt=1.051360e-02
elapsed=1.118215e+03 cycle=2360 time=2.448663e+01 dt=1.051142e-02
elapsed=1.120350e+03 cycle=2364 time=2.452867e+01 dt=1.050925e-02
elapsed=1.121023e+03 cycle=2368 time=2.457071e+01 dt=1.050706e-02
elapsed=1.121797e+03 cycle=2372 time=2.461273e+01 dt=1.050488e-02
elapsed=1.122207e+03 cycle=2376 time=2.465475e+01 dt=1.050269e-02
elapsed=1.122892e+03 cycle=2380 time=2.469676e+01 dt=1.050049e-02
elapsed=1.123676e+03 cycle=2384 time=2.473876e+01 dt=1.049829e-02
elapsed=1.124814e+03 cycle=2388 time=2.478075e+01 dt=1.049608e-02
elapsed=1.125665e+03 cycle=2392 time=2.482273e+01 dt=1.049385e-02
elapsed=1.126382e+03 cycle=2396 time=2.486470e+01 dt=1.049162e-02
elapsed=1.127090e+03 cycle=2400 time=2.490666e+01 dt=1.048938e-02
elapsed=1.127533e+03 cycle=2404 time=2.494862e+01 dt=1.048712e-02
elapsed=1.128306e+03 cycle=2408 time=2.499056e+01 dt=1.048485e-02
elapsed=1.130546e+03 cycle=2412 time=2.503250e+01 dt=1.048257e-02
elapsed=1.130993e+03 cycle=2416 time=2.507442e+01 dt=1.048027e-02
elapsed=1.131707e+03 cycle=2420 time=2.511634e+01 dt=1.047796e-02
elapsed=1.132336e+03 cycle=2424 time=2.515825e+01 dt=1.047563e-02
elapsed=1.132818e+03 cycle=2428 time=2.520015e+01 dt=1.047328e-02
elapsed=1.133520e+03 cycle=2432 time=2.524204e+01 dt=1.047092e-02
elapsed=1.134264e+03 cycle=2436 time=2.528392e+01 dt=1.046853e-02
elapsed=1.135350e+03 cycle=2440 time=2.532579e+01 dt=1.046613e-02
elapsed=1.136145e+03 cycle=2444 time=2.536765e+01 dt=1.046370e-02
elapsed=1.136802e+03 cycle=2448 time=2.540950e+01 dt=1.046125e-02
elapsed=1.137480e+03 cycle=2452 time=2.545134e+01 dt=1.045878e-02
elapsed=1.137989e+03 cycle=2456 time=2.549317e+01 dt=1.045628e-02
elapsed=1.139579e+03 cycle=2460 time=2.553500e+01 dt=1.045375e-02
elapsed=1.140546e+03 cycle=2464 time=2.557681e+01 dt=1.045120e-02
elapsed=1.141446e+03 cycle=2468 time=2.561861e+01 dt=1.044863e-02
elapsed=1.141863e+03 cycle=2472 time=2.566040e+01 dt=1.044602e-02
elapsed=1.142729e+03 cycle=2476 time=2.570218e+01 dt=1.044338e-02
elapsed=1.143378e+03 cycle=2480 time=2.574395e+01 dt=1.044072e-02
elapsed=1.144126e+03 cycle=2484 time=2.578571e+01 dt=1.043802e-02
elapsed=1.144738e+03 cycle=2488 time=2.582745e+01 dt=1.043528e-02
elapsed=1.145597e+03 cycle=2492 time=2.586919e+01 dt=1.043243e-02
elapsed=1.146492e+03 cycle=2496 time=2.591092e+01 dt=1.042954e-02
elapsed=1.147059e+03 cycle=2500 time=2.595263e+01 dt=1.042661e-02
elapsed=1.147788e+03 cycle=2504 time=2.599433e+01 dt=1.042364e-02
elapsed=1.150230e+03 cycle=2508 time=2.603602e+01 dt=1.042064e-02
elapsed=1.151046e+03 cycle=2512 time=2.607770e+01 dt=1.041759e-02
elapsed=1.156245e+03 cycle=2516 time=2.611937e+01 dt=1.041451e-02
elapsed=1.164059e+03 cycle=2520 time=2.616102e+01 dt=1.041139e-02
elapsed=1.176190e+03 cycle=2524 time=2.620266e+01 dt=1.040823e-02
elapsed=1.178856e+03 cycle=2528 time=2.624429e+01 dt=1.040503e-02
elapsed=1.188081e+03 cycle=2532 time=2.628590e+01 dt=1.040179e-02
elapsed=1.192199e+03 cycle=2536 time=2.632751e+01 dt=1.039851e-02
elapsed=1.199167e+03 cycle=2540 time=2.636910e+01 dt=1.039519e-02
output wall time = 2.716214e+02

Terminating on wall clock limit
time=2.638988e+01 cycle=2542
tlim=4.500000e+01 nlim=-1 nmb_total_limit=-1

Current number of MeshBlocks = 212
108 MeshBlocks created, 0 deleted by AMR
144 communicated for load balancing, load balancing efficiency = 9.056868e-01

MeshBlock-cycles = 538784
cpu time used  = 1.195049e+03
zone-cycles/cpu_second = 1.154168e+05
particle-updates/cpu_second = 0.000000e+00
AssembleZ4cTasks
AssembleZ4cTasks
AssembleZ4cTasks
AssembleZ4cTasks
AssembleZ4cTasks
AssembleZ4cTasks
AssembleZ4cTasks
AssembleZ4cTasks
AssembleZ4cTasks
AssembleZ4cTasks
AssembleZ4cTasks
AssembleZ4cTasks
AssembleZ4cTasks
AssembleZ4cTasks
AssembleZ4cTasks
AssembleZ4cTasks
AssembleZ4cTasks
AssembleZ4cTasks
AssembleZ4cTasks
AssembleZ4cTasks
AssembleZ4cTasks
AssembleZ4cTasks
AssembleZ4cTasks
