### WARNING in /lus/flare/projects/CompactBinaryMerger/hzhu/refgh_standard_ordering_20260823T0525Z_6884b09/src/src/mesh/load_balance.cpp at line 83
Number of MeshBlocks cannot be divided evenly by number of MPI ranks. This will result in poor load balancing.

Root grid = 3 x 3 x 3 MeshBlocks
Total number of MeshBlocks = 34
Number of logical  levels of refinement = 3 (4 levels total)
Number of physical levels of refinement = 1 (2 levels total)
Number of parallel ranks = 12
  Rank = 0: 2 MeshBlocks, cost = 2
  Rank = 1: 2 MeshBlocks, cost = 2
  Rank = 2: 3 MeshBlocks, cost = 3
  Rank = 3: 3 MeshBlocks, cost = 3
  Rank = 4: 3 MeshBlocks, cost = 3
  Rank = 5: 3 MeshBlocks, cost = 3
  Rank = 6: 3 MeshBlocks, cost = 3
  Rank = 7: 3 MeshBlocks, cost = 3
  Rank = 8: 3 MeshBlocks, cost = 3
  Rank = 9: 3 MeshBlocks, cost = 3
  Rank = 10: 3 MeshBlocks, cost = 3
  Rank = 11: 3 MeshBlocks, cost = 3
Load Balancing:
  Maximum normalized cost = 1.5, Average = 1.41667
### WARNING in /lus/flare/projects/CompactBinaryMerger/hzhu/refgh_standard_ordering_20260823T0525Z_6884b09/src/src/parameter_input.cpp: input parameter <mesh_refinement>/num_levels = 2 was not used by the code (check for a typo)
### WARNING in /lus/flare/projects/CompactBinaryMerger/hzhu/refgh_standard_ordering_20260823T0525Z_6884b09/src/src/parameter_input.cpp: input parameter <mesh_refinement>/max_nmb_per_rank = 128 was not used by the code (check for a typo)
### WARNING in /lus/flare/projects/CompactBinaryMerger/hzhu/refgh_standard_ordering_20260823T0525Z_6884b09/src/src/parameter_input.cpp: input parameter <refined_region1>/level = 1 was not used by the code (check for a typo)
### WARNING in /lus/flare/projects/CompactBinaryMerger/hzhu/refgh_standard_ordering_20260823T0525Z_6884b09/src/src/parameter_input.cpp: input parameter <refined_region1>/x1min = -2.0 was not used by the code (check for a typo)
### WARNING in /lus/flare/projects/CompactBinaryMerger/hzhu/refgh_standard_ordering_20260823T0525Z_6884b09/src/src/parameter_input.cpp: input parameter <refined_region1>/x1max = 2.0 was not used by the code (check for a typo)
### WARNING in /lus/flare/projects/CompactBinaryMerger/hzhu/refgh_standard_ordering_20260823T0525Z_6884b09/src/src/parameter_input.cpp: input parameter <refined_region1>/x2min = -2.0 was not used by the code (check for a typo)
### WARNING in /lus/flare/projects/CompactBinaryMerger/hzhu/refgh_standard_ordering_20260823T0525Z_6884b09/src/src/parameter_input.cpp: input parameter <refined_region1>/x2max = 2.0 was not used by the code (check for a typo)
### WARNING in /lus/flare/projects/CompactBinaryMerger/hzhu/refgh_standard_ordering_20260823T0525Z_6884b09/src/src/parameter_input.cpp: input parameter <refined_region1>/x3min = -2.0 was not used by the code (check for a typo)
### WARNING in /lus/flare/projects/CompactBinaryMerger/hzhu/refgh_standard_ordering_20260823T0525Z_6884b09/src/src/parameter_input.cpp: input parameter <refined_region1>/x3max = 2.0 was not used by the code (check for a typo)
### WARNING in /lus/flare/projects/CompactBinaryMerger/hzhu/refgh_standard_ordering_20260823T0525Z_6884b09/src/src/parameter_input.cpp: input parameter <time>/start_time = 0 was not used by the code (check for a typo)

Setup complete, executing task list(s)...

elapsed=1.968735e+01 cycle=620 time=2.217562e+00 dt=3.556181e-03
elapsed=5.968786e+01 cycle=630 time=2.253118e+00 dt=3.554788e-03
elapsed=9.732433e+01 cycle=640 time=2.288659e+00 dt=3.553368e-03
elapsed=1.364258e+02 cycle=650 time=2.324186e+00 dt=3.551922e-03
elapsed=1.754905e+02 cycle=660 time=2.359699e+00 dt=3.550450e-03
elapsed=2.140111e+02 cycle=670 time=2.395197e+00 dt=3.548953e-03
elapsed=2.530882e+02 cycle=680 time=2.430679e+00 dt=3.547431e-03
elapsed=2.921576e+02 cycle=690 time=2.466147e+00 dt=3.545884e-03
elapsed=3.321401e+02 cycle=700 time=2.501598e+00 dt=3.544313e-03
elapsed=3.697565e+02 cycle=710 time=2.537034e+00 dt=3.542718e-03
elapsed=4.088435e+02 cycle=720 time=2.572454e+00 dt=3.541100e-03
elapsed=4.479156e+02 cycle=730 time=2.607858e+00 dt=3.539458e-03
elapsed=4.864280e+02 cycle=740 time=2.643245e+00 dt=3.537794e-03
elapsed=5.255329e+02 cycle=750 time=2.678615e+00 dt=3.536107e-03
elapsed=5.646452e+02 cycle=760 time=2.713969e+00 dt=3.534399e-03
elapsed=6.031881e+02 cycle=770 time=2.749305e+00 dt=3.532669e-03
elapsed=6.422975e+02 cycle=780 time=2.784624e+00 dt=3.530918e-03
elapsed=6.813893e+02 cycle=790 time=2.819925e+00 dt=3.529147e-03
elapsed=7.205051e+02 cycle=800 time=2.855209e+00 dt=3.527356e-03
elapsed=7.590760e+02 cycle=810 time=2.890474e+00 dt=3.525546e-03
elapsed=7.981649e+02 cycle=820 time=2.925721e+00 dt=3.523716e-03
elapsed=8.372478e+02 cycle=830 time=2.960950e+00 dt=3.521868e-03
elapsed=8.757785e+02 cycle=840 time=2.996160e+00 dt=3.520003e-03
elapsed=9.190239e+02 cycle=850 time=3.031352e+00 dt=3.518119e-03
elapsed=9.581221e+02 cycle=860 time=3.066525e+00 dt=3.516219e-03
elapsed=9.980882e+02 cycle=870 time=3.101678e+00 dt=3.514303e-03
elapsed=1.035710e+03 cycle=880 time=3.136813e+00 dt=3.512371e-03
elapsed=1.074782e+03 cycle=890 time=3.171928e+00 dt=3.510424e-03
elapsed=1.113841e+03 cycle=900 time=3.207023e+00 dt=3.508462e-03
elapsed=1.152339e+03 cycle=910 time=3.242099e+00 dt=3.506486e-03
elapsed=1.191405e+03 cycle=920 time=3.277155e+00 dt=3.504497e-03
elapsed=1.230478e+03 cycle=930 time=3.312191e+00 dt=3.502495e-03
elapsed=1.268990e+03 cycle=940 time=3.347206e+00 dt=3.500480e-03
elapsed=1.308042e+03 cycle=950 time=3.382202e+00 dt=3.498454e-03
elapsed=1.347107e+03 cycle=960 time=3.417178e+00 dt=3.496417e-03
elapsed=1.387104e+03 cycle=970 time=3.452133e+00 dt=3.494369e-03
elapsed=1.424737e+03 cycle=980 time=3.487067e+00 dt=3.492311e-03
elapsed=1.467728e+03 cycle=990 time=3.521981e+00 dt=3.490243e-03
elapsed=1.506901e+03 cycle=1000 time=3.556874e+00 dt=3.488168e-03
elapsed=1.545405e+03 cycle=1010 time=3.591746e+00 dt=3.486083e-03
elapsed=1.584474e+03 cycle=1020 time=3.626598e+00 dt=3.483992e-03
elapsed=1.623543e+03 cycle=1030 time=3.661428e+00 dt=3.481893e-03
elapsed=1.662054e+03 cycle=1040 time=3.696238e+00 dt=3.479789e-03
elapsed=1.701188e+03 cycle=1050 time=3.731026e+00 dt=3.477678e-03
elapsed=1.740253e+03 cycle=1060 time=3.765793e+00 dt=3.475563e-03
elapsed=1.780209e+03 cycle=1070 time=3.800539e+00 dt=3.473443e-03
elapsed=1.817844e+03 cycle=1080 time=3.835264e+00 dt=3.471319e-03
elapsed=1.856937e+03 cycle=1090 time=3.869968e+00 dt=3.469193e-03
elapsed=1.896019e+03 cycle=1100 time=3.904650e+00 dt=3.467063e-03
elapsed=1.934552e+03 cycle=1110 time=3.939311e+00 dt=3.464932e-03
elapsed=1.973627e+03 cycle=1120 time=3.973951e+00 dt=3.462800e-03
reference-GH controlled Schwarzschild final: time=4.000000e+00 state Linf=8.663624e+00 bad-state=0.000000e+00

Terminating on time limit
time=4.000000e+00 cycle=1128
tlim=4.000000e+00 nlim=-1

MeshBlock-cycles = 17442
cpu time used  = 2.008979e+03
zone-cycles/cpu_second = 9.601622e+05
particle-updates/cpu_second = 0.000000e+00
real 2011.38
user 0.01
sys 0.06
