
Root grid = 2 x 2 x 1 MeshBlocks
Total number of MeshBlocks = 7
Number of logical  levels of refinement = 2 (3 levels total)
Number of physical levels of refinement = 1 (2 levels total)
Number of parallel ranks = 1

Setup complete, executing task list(s)...

elapsed=2.397238e-02 cycle=0 time=0.000000e+00 dt=1.250000e-04
elapsed=1.035148e-01 cycle=1 time=1.250000e-04 dt=1.250000e-04
elapsed=1.821271e-01 cycle=2 time=2.500000e-04 dt=1.250000e-04
elapsed=2.604927e-01 cycle=3 time=3.750000e-04 dt=1.250000e-04
elapsed=3.390247e-01 cycle=4 time=5.000000e-04 dt=1.250000e-04
elapsed=4.176129e-01 cycle=5 time=6.250000e-04 dt=1.250000e-04
elapsed=4.961612e-01 cycle=6 time=7.500000e-04 dt=1.250000e-04
elapsed=5.747571e-01 cycle=7 time=8.750000e-04 dt=1.250000e-04
elapsed=6.533126e-01 cycle=8 time=1.000000e-03 dt=1.250000e-04
elapsed=7.326559e-01 cycle=9 time=1.125000e-03 dt=1.250000e-04
elapsed=8.111100e-01 cycle=10 time=1.250000e-03 dt=1.250000e-04
elapsed=8.896219e-01 cycle=11 time=1.375000e-03 dt=1.250000e-04
elapsed=9.681108e-01 cycle=12 time=1.500000e-03 dt=1.250000e-04
elapsed=1.046635e+00 cycle=13 time=1.625000e-03 dt=1.250000e-04
elapsed=1.124854e+00 cycle=14 time=1.750000e-03 dt=1.250000e-04
elapsed=1.202877e+00 cycle=15 time=1.875000e-03 dt=1.250000e-04
elapsed=1.281014e+00 cycle=16 time=2.000000e-03 dt=1.250000e-04
elapsed=1.359270e+00 cycle=17 time=2.125000e-03 dt=1.250000e-04
elapsed=1.437669e+00 cycle=18 time=2.250000e-03 dt=1.250000e-04
elapsed=1.516259e+00 cycle=19 time=2.375000e-03 dt=1.250000e-04
elapsed=1.594510e+00 cycle=20 time=2.500000e-03 dt=1.250000e-04
elapsed=1.672861e+00 cycle=21 time=2.625000e-03 dt=1.250000e-04
elapsed=1.751679e+00 cycle=22 time=2.750000e-03 dt=1.250000e-04
elapsed=1.830250e+00 cycle=23 time=2.875000e-03 dt=1.250000e-04
elapsed=1.908627e+00 cycle=24 time=3.000000e-03 dt=1.250000e-04
elapsed=1.986990e+00 cycle=25 time=3.125000e-03 dt=1.250000e-04
elapsed=2.065478e+00 cycle=26 time=3.250000e-03 dt=1.250000e-04
elapsed=2.143804e+00 cycle=27 time=3.375000e-03 dt=1.250000e-04
elapsed=2.222176e+00 cycle=28 time=3.500000e-03 dt=1.250000e-04
elapsed=2.300584e+00 cycle=29 time=3.625000e-03 dt=1.250000e-04
elapsed=2.379352e+00 cycle=30 time=3.750000e-03 dt=1.250000e-04
elapsed=2.457820e+00 cycle=31 time=3.875000e-03 dt=1.250000e-04
elapsed=2.535999e+00 cycle=32 time=4.000000e-03 dt=1.250000e-04
elapsed=2.614539e+00 cycle=33 time=4.125000e-03 dt=1.250000e-04
elapsed=2.693074e+00 cycle=34 time=4.250000e-03 dt=1.250000e-04
elapsed=2.771433e+00 cycle=35 time=4.375000e-03 dt=1.250000e-04
elapsed=2.849911e+00 cycle=36 time=4.500000e-03 dt=1.250000e-04
elapsed=2.928091e+00 cycle=37 time=4.625000e-03 dt=1.250000e-04
elapsed=3.006480e+00 cycle=38 time=4.750000e-03 dt=1.250000e-04
elapsed=3.085006e+00 cycle=39 time=4.875000e-03 dt=1.250000e-04
elapsed=3.172918e+00 cycle=40 time=5.000000e-03 dt=1.250000e-04
elapsed=3.251480e+00 cycle=41 time=5.125000e-03 dt=1.250000e-04
elapsed=3.329973e+00 cycle=42 time=5.250000e-03 dt=1.250000e-04
elapsed=3.408400e+00 cycle=43 time=5.375000e-03 dt=1.250000e-04
elapsed=3.487027e+00 cycle=44 time=5.500000e-03 dt=1.250000e-04
elapsed=3.565535e+00 cycle=45 time=5.625000e-03 dt=1.250000e-04
elapsed=3.644100e+00 cycle=46 time=5.750000e-03 dt=1.250000e-04
elapsed=3.723035e+00 cycle=47 time=5.875000e-03 dt=1.250000e-04
elapsed=3.801499e+00 cycle=48 time=6.000000e-03 dt=1.250000e-04
elapsed=3.880073e+00 cycle=49 time=6.125000e-03 dt=1.250000e-04
elapsed=3.958714e+00 cycle=50 time=6.250000e-03 dt=1.250000e-04
elapsed=4.037075e+00 cycle=51 time=6.375000e-03 dt=1.250000e-04
elapsed=4.116129e+00 cycle=52 time=6.500000e-03 dt=1.250000e-04
elapsed=4.194560e+00 cycle=53 time=6.625000e-03 dt=1.250000e-04
elapsed=4.272927e+00 cycle=54 time=6.750000e-03 dt=1.250000e-04
elapsed=4.351421e+00 cycle=55 time=6.875000e-03 dt=1.250000e-04
elapsed=4.429877e+00 cycle=56 time=7.000000e-03 dt=1.250000e-04
elapsed=4.508485e+00 cycle=57 time=7.125000e-03 dt=1.250000e-04
elapsed=4.587380e+00 cycle=58 time=7.250000e-03 dt=1.250000e-04
elapsed=4.666046e+00 cycle=59 time=7.375000e-03 dt=1.250000e-04
elapsed=4.744573e+00 cycle=60 time=7.500000e-03 dt=1.250000e-04
elapsed=4.823258e+00 cycle=61 time=7.625000e-03 dt=1.250000e-04
elapsed=4.901887e+00 cycle=62 time=7.750000e-03 dt=1.250000e-04
elapsed=4.980606e+00 cycle=63 time=7.875000e-03 dt=1.250000e-04
elapsed=5.059172e+00 cycle=64 time=8.000000e-03 dt=1.250000e-04
elapsed=5.138041e+00 cycle=65 time=8.125000e-03 dt=1.250000e-04
elapsed=5.216650e+00 cycle=66 time=8.250000e-03 dt=1.250000e-04
elapsed=5.295082e+00 cycle=67 time=8.375000e-03 dt=1.250000e-04
elapsed=5.373812e+00 cycle=68 time=8.500000e-03 dt=1.250000e-04
elapsed=5.452586e+00 cycle=69 time=8.625000e-03 dt=1.250000e-04
elapsed=5.531068e+00 cycle=70 time=8.750000e-03 dt=1.250000e-04
elapsed=5.609780e+00 cycle=71 time=8.875000e-03 dt=1.250000e-04
elapsed=5.688369e+00 cycle=72 time=9.000000e-03 dt=1.250000e-04
elapsed=5.767018e+00 cycle=73 time=9.125000e-03 dt=1.250000e-04
elapsed=5.845718e+00 cycle=74 time=9.250000e-03 dt=1.250000e-04
elapsed=5.924114e+00 cycle=75 time=9.375000e-03 dt=1.250000e-04
elapsed=6.004605e+00 cycle=76 time=9.500000e-03 dt=1.250000e-04
elapsed=6.083208e+00 cycle=77 time=9.625000e-03 dt=1.250000e-04
elapsed=6.162002e+00 cycle=78 time=9.750000e-03 dt=1.250000e-04
elapsed=6.240858e+00 cycle=79 time=9.875000e-03 dt=1.250000e-04
elapsed=6.328196e+00 cycle=80 time=1.000000e-02 dt=1.250000e-04
elapsed=6.406980e+00 cycle=81 time=1.012500e-02 dt=1.250000e-04
elapsed=6.485633e+00 cycle=82 time=1.025000e-02 dt=1.250000e-04
elapsed=6.564203e+00 cycle=83 time=1.037500e-02 dt=1.250000e-04
elapsed=6.642789e+00 cycle=84 time=1.050000e-02 dt=1.250000e-04
elapsed=6.721516e+00 cycle=85 time=1.062500e-02 dt=1.250000e-04
elapsed=6.800187e+00 cycle=86 time=1.075000e-02 dt=1.250000e-04
elapsed=6.878824e+00 cycle=87 time=1.087500e-02 dt=1.250000e-04
elapsed=6.957199e+00 cycle=88 time=1.100000e-02 dt=1.250000e-04
elapsed=7.035630e+00 cycle=89 time=1.112500e-02 dt=1.250000e-04
elapsed=7.114145e+00 cycle=90 time=1.125000e-02 dt=1.250000e-04
elapsed=7.192620e+00 cycle=91 time=1.137500e-02 dt=1.250000e-04
elapsed=7.271075e+00 cycle=92 time=1.150000e-02 dt=1.250000e-04
elapsed=7.350240e+00 cycle=93 time=1.162500e-02 dt=1.250000e-04
elapsed=7.430443e+00 cycle=94 time=1.175000e-02 dt=1.250000e-04
elapsed=7.509362e+00 cycle=95 time=1.187500e-02 dt=1.250000e-04
elapsed=7.587855e+00 cycle=96 time=1.200000e-02 dt=1.250000e-04
elapsed=7.666400e+00 cycle=97 time=1.212500e-02 dt=1.250000e-04
elapsed=7.745144e+00 cycle=98 time=1.225000e-02 dt=1.250000e-04
elapsed=7.823901e+00 cycle=99 time=1.237500e-02 dt=1.250000e-04
elapsed=7.904630e+00 cycle=100 time=1.250000e-02 dt=1.250000e-04
elapsed=7.987407e+00 cycle=101 time=1.262500e-02 dt=1.250000e-04
elapsed=8.066655e+00 cycle=102 time=1.275000e-02 dt=1.250000e-04
elapsed=8.145144e+00 cycle=103 time=1.287500e-02 dt=1.250000e-04
elapsed=8.223802e+00 cycle=104 time=1.300000e-02 dt=1.250000e-04
elapsed=8.302592e+00 cycle=105 time=1.312500e-02 dt=1.250000e-04
elapsed=8.381276e+00 cycle=106 time=1.325000e-02 dt=1.250000e-04
elapsed=8.459916e+00 cycle=107 time=1.337500e-02 dt=1.250000e-04
elapsed=8.538652e+00 cycle=108 time=1.350000e-02 dt=1.250000e-04
elapsed=8.617302e+00 cycle=109 time=1.362500e-02 dt=1.250000e-04
elapsed=8.695824e+00 cycle=110 time=1.375000e-02 dt=1.250000e-04
elapsed=8.774472e+00 cycle=111 time=1.387500e-02 dt=1.250000e-04
elapsed=8.853468e+00 cycle=112 time=1.400000e-02 dt=1.250000e-04
elapsed=8.932399e+00 cycle=113 time=1.412500e-02 dt=1.250000e-04
elapsed=9.011720e+00 cycle=114 time=1.425000e-02 dt=1.250000e-04
elapsed=9.090656e+00 cycle=115 time=1.437500e-02 dt=1.250000e-04
elapsed=9.169305e+00 cycle=116 time=1.450000e-02 dt=1.250000e-04
elapsed=9.248023e+00 cycle=117 time=1.462500e-02 dt=1.250000e-04
elapsed=9.326920e+00 cycle=118 time=1.475000e-02 dt=1.250000e-04
elapsed=9.405651e+00 cycle=119 time=1.487500e-02 dt=1.250000e-04
elapsed=9.493022e+00 cycle=120 time=1.500000e-02 dt=1.250000e-04
elapsed=9.571929e+00 cycle=121 time=1.512500e-02 dt=1.250000e-04
elapsed=9.651134e+00 cycle=122 time=1.525000e-02 dt=1.250000e-04
elapsed=9.730025e+00 cycle=123 time=1.537500e-02 dt=1.250000e-04
elapsed=9.808686e+00 cycle=124 time=1.550000e-02 dt=1.250000e-04
elapsed=9.887517e+00 cycle=125 time=1.562500e-02 dt=1.250000e-04
elapsed=9.966255e+00 cycle=126 time=1.575000e-02 dt=1.250000e-04
elapsed=1.004485e+01 cycle=127 time=1.587500e-02 dt=1.250000e-04
elapsed=1.012374e+01 cycle=128 time=1.600000e-02 dt=1.250000e-04
elapsed=1.020246e+01 cycle=129 time=1.612500e-02 dt=1.250000e-04
elapsed=1.028139e+01 cycle=130 time=1.625000e-02 dt=1.250000e-04
elapsed=1.036045e+01 cycle=131 time=1.637500e-02 dt=1.250000e-04
elapsed=1.043924e+01 cycle=132 time=1.650000e-02 dt=1.250000e-04
elapsed=1.051802e+01 cycle=133 time=1.662500e-02 dt=1.250000e-04
elapsed=1.059672e+01 cycle=134 time=1.675000e-02 dt=1.250000e-04
elapsed=1.067547e+01 cycle=135 time=1.687500e-02 dt=1.250000e-04
elapsed=1.075429e+01 cycle=136 time=1.700000e-02 dt=1.250000e-04
elapsed=1.083296e+01 cycle=137 time=1.712500e-02 dt=1.250000e-04
elapsed=1.091170e+01 cycle=138 time=1.725000e-02 dt=1.250000e-04
elapsed=1.099090e+01 cycle=139 time=1.737500e-02 dt=1.250000e-04
elapsed=1.106982e+01 cycle=140 time=1.750000e-02 dt=1.250000e-04
elapsed=1.114869e+01 cycle=141 time=1.762500e-02 dt=1.250000e-04
elapsed=1.122735e+01 cycle=142 time=1.775000e-02 dt=1.250000e-04
elapsed=1.130610e+01 cycle=143 time=1.787500e-02 dt=1.250000e-04
elapsed=1.138480e+01 cycle=144 time=1.800000e-02 dt=1.250000e-04
elapsed=1.146367e+01 cycle=145 time=1.812500e-02 dt=1.250000e-04
elapsed=1.154243e+01 cycle=146 time=1.825000e-02 dt=1.250000e-04
elapsed=1.162123e+01 cycle=147 time=1.837500e-02 dt=1.250000e-04
elapsed=1.170010e+01 cycle=148 time=1.850000e-02 dt=1.250000e-04
elapsed=1.177892e+01 cycle=149 time=1.862500e-02 dt=1.250000e-04
elapsed=1.185772e+01 cycle=150 time=1.875000e-02 dt=1.250000e-04
elapsed=1.193646e+01 cycle=151 time=1.887500e-02 dt=1.250000e-04
elapsed=1.201538e+01 cycle=152 time=1.900000e-02 dt=1.250000e-04
elapsed=1.209418e+01 cycle=153 time=1.912500e-02 dt=1.250000e-04
elapsed=1.217305e+01 cycle=154 time=1.925000e-02 dt=1.250000e-04
elapsed=1.225185e+01 cycle=155 time=1.937500e-02 dt=1.250000e-04
elapsed=1.233063e+01 cycle=156 time=1.950000e-02 dt=1.250000e-04
elapsed=1.240957e+01 cycle=157 time=1.962500e-02 dt=1.250000e-04
elapsed=1.248851e+01 cycle=158 time=1.975000e-02 dt=1.250000e-04
elapsed=1.256734e+01 cycle=159 time=1.987500e-02 dt=1.250000e-04
elapsed=1.265542e+01 cycle=160 time=2.000000e-02 dt=1.250000e-04

Terminating on cycle limit
time=2.000000e-02 cycle=160
tlim=2.000000e-02 nlim=160

MeshBlock-cycles = 1120
cpu time used  = 1.263145e+01
zone-cycles/cpu_second = 9.079559e+04
particle-updates/cpu_second = 0.000000e+00
