
Root grid = 2 x 2 x 2 MeshBlocks
Total number of MeshBlocks = 456
Number of logical  levels of refinement = 9 (10 levels total)
Number of physical levels of refinement = 8 (9 levels total)
  Physical level = 1 (logical level = 2): 56 MeshBlocks, cost = 56
  Physical level = 2 (logical level = 3): 56 MeshBlocks, cost = 56
  Physical level = 3 (logical level = 4): 56 MeshBlocks, cost = 56
  Physical level = 4 (logical level = 5): 56 MeshBlocks, cost = 56
  Physical level = 5 (logical level = 6): 56 MeshBlocks, cost = 56
  Physical level = 6 (logical level = 7): 56 MeshBlocks, cost = 56
  Physical level = 7 (logical level = 8): 56 MeshBlocks, cost = 56
  Physical level = 8 (logical level = 9): 64 MeshBlocks, cost = 64
Number of parallel ranks = 1
Research qualification execution backend: Cuda

Setup complete, executing task list(s)...

elapsed=7.148984e-01 cycle=6814 time=4.563889e+00 dt=6.541628e-04
elapsed=1.261926e+00 cycle=6815 time=4.564543e+00 dt=6.541508e-04
elapsed=1.793518e+00 cycle=6816 time=4.565197e+00 dt=6.541388e-04
elapsed=2.313181e+00 cycle=6817 time=4.565852e+00 dt=6.541268e-04
elapsed=2.831219e+00 cycle=6818 time=4.566506e+00 dt=6.541147e-04
elapsed=3.349012e+00 cycle=6819 time=4.567160e+00 dt=6.541027e-04
elapsed=3.871320e+00 cycle=6820 time=4.567814e+00 dt=6.540907e-04
elapsed=4.393635e+00 cycle=6821 time=4.568468e+00 dt=6.540786e-04
elapsed=4.920267e+00 cycle=6822 time=4.569122e+00 dt=6.540666e-04
elapsed=5.449554e+00 cycle=6823 time=4.569776e+00 dt=6.540545e-04
elapsed=5.977216e+00 cycle=6824 time=4.570430e+00 dt=6.540424e-04
elapsed=6.495155e+00 cycle=6825 time=4.571084e+00 dt=6.540304e-04
elapsed=7.012755e+00 cycle=6826 time=4.571738e+00 dt=6.540183e-04
elapsed=7.530151e+00 cycle=6827 time=4.572392e+00 dt=6.540062e-04
elapsed=8.056845e+00 cycle=6828 time=4.573046e+00 dt=6.539941e-04
elapsed=8.593413e+00 cycle=6829 time=4.573700e+00 dt=6.539820e-04
elapsed=9.129064e+00 cycle=6830 time=4.574354e+00 dt=6.539699e-04
elapsed=9.653744e+00 cycle=6831 time=4.575008e+00 dt=6.539578e-04
elapsed=1.017747e+01 cycle=6832 time=4.575662e+00 dt=6.539456e-04
elapsed=1.069543e+01 cycle=6833 time=4.576316e+00 dt=6.539335e-04
elapsed=1.121244e+01 cycle=6834 time=4.576970e+00 dt=6.539214e-04
elapsed=1.172989e+01 cycle=6835 time=4.577624e+00 dt=6.539092e-04
elapsed=1.225688e+01 cycle=6836 time=4.578278e+00 dt=6.538970e-04
elapsed=1.279261e+01 cycle=6837 time=4.578932e+00 dt=6.538849e-04
elapsed=1.332530e+01 cycle=6838 time=4.579586e+00 dt=6.538727e-04
elapsed=1.385182e+01 cycle=6839 time=4.580240e+00 dt=6.538605e-04
elapsed=1.437440e+01 cycle=6840 time=4.580893e+00 dt=6.538483e-04
elapsed=1.489162e+01 cycle=6841 time=4.581547e+00 dt=6.538361e-04
elapsed=1.541161e+01 cycle=6842 time=4.582201e+00 dt=6.538239e-04
elapsed=1.592803e+01 cycle=6843 time=4.582855e+00 dt=6.538117e-04
elapsed=1.645138e+01 cycle=6844 time=4.583509e+00 dt=6.537995e-04
elapsed=1.697394e+01 cycle=6845 time=4.584163e+00 dt=6.537873e-04
elapsed=1.749860e+01 cycle=6846 time=4.584816e+00 dt=6.537750e-04
elapsed=1.802498e+01 cycle=6847 time=4.585470e+00 dt=6.537628e-04
elapsed=1.854584e+01 cycle=6848 time=4.586124e+00 dt=6.537506e-04
elapsed=1.906320e+01 cycle=6849 time=4.586778e+00 dt=6.537383e-04
elapsed=1.958017e+01 cycle=6850 time=4.587431e+00 dt=6.537260e-04
elapsed=2.009670e+01 cycle=6851 time=4.588085e+00 dt=6.537138e-04
elapsed=2.063301e+01 cycle=6852 time=4.588739e+00 dt=6.537015e-04
elapsed=2.115704e+01 cycle=6853 time=4.589393e+00 dt=6.536892e-04
elapsed=2.168045e+01 cycle=6854 time=4.590046e+00 dt=6.536769e-04
elapsed=2.220598e+01 cycle=6855 time=4.590700e+00 dt=6.536646e-04
elapsed=2.272731e+01 cycle=6856 time=4.591354e+00 dt=6.536523e-04
elapsed=2.324515e+01 cycle=6857 time=4.592007e+00 dt=6.536400e-04
elapsed=2.376194e+01 cycle=6858 time=4.592661e+00 dt=6.536276e-04
elapsed=2.428604e+01 cycle=6859 time=4.593315e+00 dt=6.536153e-04
elapsed=2.481327e+01 cycle=6860 time=4.593968e+00 dt=6.536030e-04
elapsed=2.533554e+01 cycle=6861 time=4.594622e+00 dt=6.535906e-04
elapsed=2.586738e+01 cycle=6862 time=4.595275e+00 dt=6.535782e-04
elapsed=2.639727e+01 cycle=6863 time=4.595929e+00 dt=6.535659e-04
elapsed=2.691486e+01 cycle=6864 time=4.596582e+00 dt=6.535535e-04
elapsed=2.743255e+01 cycle=6865 time=4.597236e+00 dt=6.535411e-04
elapsed=2.794864e+01 cycle=6866 time=4.597890e+00 dt=6.535287e-04
elapsed=2.847704e+01 cycle=6867 time=4.598543e+00 dt=6.535163e-04
elapsed=2.902198e+01 cycle=6868 time=4.599197e+00 dt=6.535039e-04
elapsed=2.956458e+01 cycle=6869 time=4.599850e+00 dt=6.534915e-04
elapsed=3.009832e+01 cycle=6870 time=4.600504e+00 dt=6.534791e-04
elapsed=3.063054e+01 cycle=6871 time=4.601157e+00 dt=6.534667e-04
elapsed=3.114874e+01 cycle=6872 time=4.601811e+00 dt=6.534542e-04
elapsed=3.166750e+01 cycle=6873 time=4.602464e+00 dt=6.534418e-04
elapsed=3.218687e+01 cycle=6874 time=4.603117e+00 dt=6.534294e-04
elapsed=3.271909e+01 cycle=6875 time=4.603771e+00 dt=6.534169e-04
elapsed=3.325607e+01 cycle=6876 time=4.604424e+00 dt=6.534044e-04
elapsed=3.379774e+01 cycle=6877 time=4.605078e+00 dt=6.533920e-04
elapsed=3.433966e+01 cycle=6878 time=4.605731e+00 dt=6.533795e-04
elapsed=3.486419e+01 cycle=6879 time=4.606384e+00 dt=6.533670e-04
elapsed=3.538728e+01 cycle=6880 time=4.607038e+00 dt=6.533545e-04
elapsed=3.590794e+01 cycle=6881 time=4.607691e+00 dt=6.533420e-04
elapsed=3.642684e+01 cycle=6882 time=4.608345e+00 dt=6.533295e-04
elapsed=3.695375e+01 cycle=6883 time=4.608998e+00 dt=6.533170e-04
elapsed=3.747726e+01 cycle=6884 time=4.609651e+00 dt=6.533044e-04
elapsed=3.800611e+01 cycle=6885 time=4.610304e+00 dt=6.532919e-04
elapsed=3.853593e+01 cycle=6886 time=4.610958e+00 dt=6.532793e-04
elapsed=3.906054e+01 cycle=6887 time=4.611611e+00 dt=6.532668e-04
elapsed=3.957920e+01 cycle=6888 time=4.612264e+00 dt=6.532542e-04
elapsed=4.009706e+01 cycle=6889 time=4.612918e+00 dt=6.532417e-04
elapsed=4.061606e+01 cycle=6890 time=4.613571e+00 dt=6.532291e-04
elapsed=4.114581e+01 cycle=6891 time=4.614224e+00 dt=6.532165e-04
elapsed=4.166874e+01 cycle=6892 time=4.614877e+00 dt=6.532039e-04
elapsed=4.219379e+01 cycle=6893 time=4.615530e+00 dt=6.531913e-04
elapsed=4.272114e+01 cycle=6894 time=4.616184e+00 dt=6.531787e-04
elapsed=4.324196e+01 cycle=6895 time=4.616837e+00 dt=6.531661e-04
elapsed=4.376254e+01 cycle=6896 time=4.617490e+00 dt=6.531535e-04
elapsed=4.428007e+01 cycle=6897 time=4.618143e+00 dt=6.531409e-04
elapsed=4.479713e+01 cycle=6898 time=4.618796e+00 dt=6.531282e-04
elapsed=4.533000e+01 cycle=6899 time=4.619449e+00 dt=6.531156e-04
elapsed=4.585692e+01 cycle=6900 time=4.620103e+00 dt=6.531029e-04
elapsed=4.638494e+01 cycle=6901 time=4.620756e+00 dt=6.530903e-04
elapsed=4.691590e+01 cycle=6902 time=4.621409e+00 dt=6.530776e-04
elapsed=4.743514e+01 cycle=6903 time=4.622062e+00 dt=6.530649e-04
elapsed=4.795410e+01 cycle=6904 time=4.622715e+00 dt=6.530522e-04
elapsed=4.847149e+01 cycle=6905 time=4.623368e+00 dt=6.530395e-04
elapsed=4.899597e+01 cycle=6906 time=4.624021e+00 dt=6.530268e-04
elapsed=4.952017e+01 cycle=6907 time=4.624674e+00 dt=6.530141e-04
elapsed=5.005710e+01 cycle=6908 time=4.625327e+00 dt=6.530014e-04
elapsed=5.058587e+01 cycle=6909 time=4.625980e+00 dt=6.529887e-04
elapsed=5.111432e+01 cycle=6910 time=4.626633e+00 dt=6.529760e-04
elapsed=5.163442e+01 cycle=6911 time=4.627286e+00 dt=6.529632e-04
elapsed=5.215364e+01 cycle=6912 time=4.627939e+00 dt=6.529505e-04
elapsed=5.267414e+01 cycle=6913 time=4.628592e+00 dt=6.529377e-04
elapsed=5.320371e+01 cycle=6914 time=4.629245e+00 dt=6.529250e-04
elapsed=5.374215e+01 cycle=6915 time=4.629898e+00 dt=6.529122e-04
elapsed=5.428339e+01 cycle=6916 time=4.630551e+00 dt=6.528994e-04
elapsed=5.482146e+01 cycle=6917 time=4.631204e+00 dt=6.528866e-04
elapsed=5.534822e+01 cycle=6918 time=4.631856e+00 dt=6.528738e-04
elapsed=5.586615e+01 cycle=6919 time=4.632509e+00 dt=6.528610e-04
elapsed=5.638311e+01 cycle=6920 time=4.633162e+00 dt=6.528482e-04
elapsed=5.690045e+01 cycle=6921 time=4.633815e+00 dt=6.528354e-04
elapsed=5.743218e+01 cycle=6922 time=4.634468e+00 dt=6.528226e-04
elapsed=5.796811e+01 cycle=6923 time=4.635121e+00 dt=6.528098e-04
elapsed=5.850571e+01 cycle=6924 time=4.635773e+00 dt=6.527969e-04
elapsed=5.903648e+01 cycle=6925 time=4.636426e+00 dt=6.527841e-04
elapsed=5.955867e+01 cycle=6926 time=4.637079e+00 dt=6.527712e-04
elapsed=6.007642e+01 cycle=6927 time=4.637732e+00 dt=6.527583e-04
elapsed=6.059430e+01 cycle=6928 time=4.638385e+00 dt=6.527455e-04
elapsed=6.111146e+01 cycle=6929 time=4.639037e+00 dt=6.527326e-04
elapsed=6.163762e+01 cycle=6930 time=4.639690e+00 dt=6.527197e-04
elapsed=6.216592e+01 cycle=6931 time=4.640343e+00 dt=6.527068e-04
elapsed=6.269244e+01 cycle=6932 time=4.640996e+00 dt=6.526939e-04
elapsed=6.321711e+01 cycle=6933 time=4.641648e+00 dt=6.526810e-04
elapsed=6.373744e+01 cycle=6934 time=4.642301e+00 dt=6.526681e-04
elapsed=6.425462e+01 cycle=6935 time=4.642954e+00 dt=6.526551e-04
elapsed=6.477115e+01 cycle=6936 time=4.643606e+00 dt=6.526422e-04
elapsed=6.528752e+01 cycle=6937 time=4.644259e+00 dt=6.526293e-04
elapsed=6.581309e+01 cycle=6938 time=4.644911e+00 dt=6.526163e-04
elapsed=6.633493e+01 cycle=6939 time=4.645564e+00 dt=6.526033e-04
elapsed=6.685782e+01 cycle=6940 time=4.646217e+00 dt=6.525904e-04
elapsed=6.738364e+01 cycle=6941 time=4.646869e+00 dt=6.525774e-04
elapsed=6.790221e+01 cycle=6942 time=4.647522e+00 dt=6.525644e-04
elapsed=6.841936e+01 cycle=6943 time=4.648174e+00 dt=6.525514e-04
elapsed=6.893646e+01 cycle=6944 time=4.648827e+00 dt=6.525384e-04
elapsed=6.945257e+01 cycle=6945 time=4.649480e+00 dt=6.525254e-04
elapsed=6.998360e+01 cycle=6946 time=4.650132e+00 dt=6.525124e-04
elapsed=7.050613e+01 cycle=6947 time=4.650785e+00 dt=6.524994e-04
elapsed=7.102948e+01 cycle=6948 time=4.651437e+00 dt=6.524863e-04
elapsed=7.155411e+01 cycle=6949 time=4.652090e+00 dt=6.524733e-04
elapsed=7.207902e+01 cycle=6950 time=4.652742e+00 dt=6.524603e-04
elapsed=7.259701e+01 cycle=6951 time=4.653394e+00 dt=6.524472e-04
elapsed=7.311466e+01 cycle=6952 time=4.654047e+00 dt=6.524341e-04
elapsed=7.364320e+01 cycle=6953 time=4.654699e+00 dt=6.524211e-04
elapsed=7.419960e+01 cycle=6954 time=4.655352e+00 dt=6.524080e-04
elapsed=7.474011e+01 cycle=6955 time=4.656004e+00 dt=6.523949e-04
elapsed=7.526615e+01 cycle=6956 time=4.656657e+00 dt=6.523818e-04
elapsed=7.579364e+01 cycle=6957 time=4.657309e+00 dt=6.523687e-04
elapsed=7.631069e+01 cycle=6958 time=4.657961e+00 dt=6.523556e-04
elapsed=7.682737e+01 cycle=6959 time=4.658614e+00 dt=6.523425e-04
elapsed=7.734375e+01 cycle=6960 time=4.659266e+00 dt=6.523293e-04
elapsed=7.786400e+01 cycle=6961 time=4.659918e+00 dt=6.523162e-04
elapsed=7.838451e+01 cycle=6962 time=4.660571e+00 dt=6.523031e-04
elapsed=7.890678e+01 cycle=6963 time=4.661223e+00 dt=6.522899e-04
elapsed=7.943151e+01 cycle=6964 time=4.661875e+00 dt=6.522767e-04
elapsed=7.996089e+01 cycle=6965 time=4.662528e+00 dt=6.522636e-04
elapsed=8.047997e+01 cycle=6966 time=4.663180e+00 dt=6.522504e-04
elapsed=8.099886e+01 cycle=6967 time=4.663832e+00 dt=6.522372e-04
elapsed=8.151607e+01 cycle=6968 time=4.664484e+00 dt=6.522240e-04
elapsed=8.204051e+01 cycle=6969 time=4.665137e+00 dt=6.522108e-04
elapsed=8.256452e+01 cycle=6970 time=4.665789e+00 dt=6.521976e-04
elapsed=8.310067e+01 cycle=6971 time=4.666441e+00 dt=6.521844e-04
elapsed=8.362717e+01 cycle=6972 time=4.667093e+00 dt=6.521712e-04
elapsed=8.415130e+01 cycle=6973 time=4.667745e+00 dt=6.521579e-04
elapsed=8.467002e+01 cycle=6974 time=4.668397e+00 dt=6.521447e-04
elapsed=8.518841e+01 cycle=6975 time=4.669050e+00 dt=6.521314e-04
elapsed=8.570762e+01 cycle=6976 time=4.669702e+00 dt=6.521182e-04
elapsed=8.623215e+01 cycle=6977 time=4.670354e+00 dt=6.521049e-04
elapsed=8.675511e+01 cycle=6978 time=4.671006e+00 dt=6.520916e-04
elapsed=8.729686e+01 cycle=6979 time=4.671658e+00 dt=6.520784e-04
elapsed=8.783228e+01 cycle=6980 time=4.672310e+00 dt=6.520651e-04
elapsed=8.835356e+01 cycle=6981 time=4.672962e+00 dt=6.520518e-04
elapsed=8.887162e+01 cycle=6982 time=4.673614e+00 dt=6.520385e-04
elapsed=8.938979e+01 cycle=6983 time=4.674266e+00 dt=6.520252e-04
elapsed=8.990791e+01 cycle=6984 time=4.674918e+00 dt=6.520118e-04
elapsed=9.043729e+01 cycle=6985 time=4.675570e+00 dt=6.519985e-04
elapsed=9.096018e+01 cycle=6986 time=4.676222e+00 dt=6.519852e-04
elapsed=9.148494e+01 cycle=6987 time=4.676874e+00 dt=6.519718e-04
elapsed=9.201191e+01 cycle=6988 time=4.677526e+00 dt=6.519585e-04
elapsed=9.253282e+01 cycle=6989 time=4.678178e+00 dt=6.519451e-04
elapsed=9.305182e+01 cycle=6990 time=4.678830e+00 dt=6.519317e-04
elapsed=9.357190e+01 cycle=6991 time=4.679482e+00 dt=6.519184e-04
elapsed=9.409464e+01 cycle=6992 time=4.680134e+00 dt=6.519050e-04
elapsed=9.463307e+01 cycle=6993 time=4.680786e+00 dt=6.518916e-04
elapsed=9.517319e+01 cycle=6994 time=4.681438e+00 dt=6.518782e-04
elapsed=9.570532e+01 cycle=6995 time=4.682090e+00 dt=6.518648e-04
elapsed=9.623916e+01 cycle=6996 time=4.682742e+00 dt=6.518513e-04
elapsed=9.676095e+01 cycle=6997 time=4.683393e+00 dt=6.518379e-04
elapsed=9.728267e+01 cycle=6998 time=4.684045e+00 dt=6.518245e-04
elapsed=9.780467e+01 cycle=6999 time=4.684697e+00 dt=6.518110e-04
elapsed=9.832901e+01 cycle=7000 time=4.685349e+00 dt=6.517976e-04
elapsed=9.885105e+01 cycle=7001 time=4.686001e+00 dt=6.517841e-04
elapsed=9.937537e+01 cycle=7002 time=4.686652e+00 dt=6.517706e-04
elapsed=9.990278e+01 cycle=7003 time=4.687304e+00 dt=6.517572e-04
elapsed=1.004327e+02 cycle=7004 time=4.687956e+00 dt=6.517437e-04
elapsed=1.009529e+02 cycle=7005 time=4.688608e+00 dt=6.517302e-04
elapsed=1.014718e+02 cycle=7006 time=4.689259e+00 dt=6.517167e-04
elapsed=1.019892e+02 cycle=7007 time=4.689911e+00 dt=6.517032e-04
elapsed=1.025183e+02 cycle=7008 time=4.690563e+00 dt=6.516897e-04
elapsed=1.030553e+02 cycle=7009 time=4.691215e+00 dt=6.516761e-04
elapsed=1.035941e+02 cycle=7010 time=4.691866e+00 dt=6.516626e-04
elapsed=1.041389e+02 cycle=7011 time=4.692518e+00 dt=6.516490e-04
elapsed=1.046620e+02 cycle=7012 time=4.693170e+00 dt=6.516355e-04
elapsed=1.051829e+02 cycle=7013 time=4.693821e+00 dt=6.516219e-04
elapsed=1.057023e+02 cycle=7014 time=4.694473e+00 dt=6.516084e-04
elapsed=1.062193e+02 cycle=7015 time=4.695124e+00 dt=6.515948e-04
elapsed=1.067436e+02 cycle=7016 time=4.695776e+00 dt=6.515812e-04
elapsed=1.072651e+02 cycle=7017 time=4.696428e+00 dt=6.515676e-04
elapsed=1.077893e+02 cycle=7018 time=4.697079e+00 dt=6.515540e-04
elapsed=1.083162e+02 cycle=7019 time=4.697731e+00 dt=6.515404e-04
elapsed=1.088373e+02 cycle=7020 time=4.698382e+00 dt=6.515268e-04
elapsed=1.093554e+02 cycle=7021 time=4.699034e+00 dt=6.515132e-04
elapsed=1.098723e+02 cycle=7022 time=4.699685e+00 dt=6.514995e-04
elapsed=1.103909e+02 cycle=7023 time=4.700337e+00 dt=6.514859e-04
elapsed=1.109170e+02 cycle=7024 time=4.700988e+00 dt=6.514722e-04
elapsed=1.114387e+02 cycle=7025 time=4.701640e+00 dt=6.514586e-04
elapsed=1.119613e+02 cycle=7026 time=4.702291e+00 dt=6.514449e-04
elapsed=1.124910e+02 cycle=7027 time=4.702943e+00 dt=6.514312e-04
elapsed=1.130143e+02 cycle=7028 time=4.703594e+00 dt=6.514175e-04
elapsed=1.135315e+02 cycle=7029 time=4.704246e+00 dt=6.514039e-04
elapsed=1.140483e+02 cycle=7030 time=4.704897e+00 dt=6.513902e-04
elapsed=1.145646e+02 cycle=7031 time=4.705548e+00 dt=6.513764e-04
elapsed=1.150957e+02 cycle=7032 time=4.706200e+00 dt=6.513627e-04
elapsed=1.156228e+02 cycle=7033 time=4.706851e+00 dt=6.513490e-04
elapsed=1.161455e+02 cycle=7034 time=4.707502e+00 dt=6.513353e-04
elapsed=1.166702e+02 cycle=7035 time=4.708154e+00 dt=6.513215e-04
elapsed=1.171884e+02 cycle=7036 time=4.708805e+00 dt=6.513078e-04
elapsed=1.177057e+02 cycle=7037 time=4.709456e+00 dt=6.512940e-04
elapsed=1.182220e+02 cycle=7038 time=4.710108e+00 dt=6.512803e-04
elapsed=1.187450e+02 cycle=7039 time=4.710759e+00 dt=6.512665e-04
elapsed=1.192659e+02 cycle=7040 time=4.711410e+00 dt=6.512527e-04
elapsed=1.197903e+02 cycle=7041 time=4.712061e+00 dt=6.512389e-04
elapsed=1.203131e+02 cycle=7042 time=4.712713e+00 dt=6.512251e-04
elapsed=1.208369e+02 cycle=7043 time=4.713364e+00 dt=6.512113e-04
elapsed=1.213636e+02 cycle=7044 time=4.714015e+00 dt=6.511975e-04
elapsed=1.218810e+02 cycle=7045 time=4.714666e+00 dt=6.511837e-04
elapsed=1.223973e+02 cycle=7046 time=4.715318e+00 dt=6.511698e-04
elapsed=1.229231e+02 cycle=7047 time=4.715969e+00 dt=6.511560e-04
elapsed=1.234506e+02 cycle=7048 time=4.716620e+00 dt=6.511421e-04
elapsed=1.239796e+02 cycle=7049 time=4.717271e+00 dt=6.511283e-04
elapsed=1.245107e+02 cycle=7050 time=4.717922e+00 dt=6.511144e-04
elapsed=1.250386e+02 cycle=7051 time=4.718573e+00 dt=6.511005e-04
elapsed=1.255585e+02 cycle=7052 time=4.719224e+00 dt=6.510866e-04
elapsed=1.260760e+02 cycle=7053 time=4.719875e+00 dt=6.510728e-04
elapsed=1.265924e+02 cycle=7054 time=4.720526e+00 dt=6.510589e-04
elapsed=1.271217e+02 cycle=7055 time=4.721178e+00 dt=6.510449e-04
elapsed=1.276515e+02 cycle=7056 time=4.721829e+00 dt=6.510310e-04
elapsed=1.281737e+02 cycle=7057 time=4.722480e+00 dt=6.510171e-04
elapsed=1.286982e+02 cycle=7058 time=4.723131e+00 dt=6.510032e-04
elapsed=1.292258e+02 cycle=7059 time=4.723782e+00 dt=6.509892e-04
elapsed=1.297454e+02 cycle=7060 time=4.724433e+00 dt=6.509753e-04
elapsed=1.302711e+02 cycle=7061 time=4.725084e+00 dt=6.509613e-04
elapsed=1.307903e+02 cycle=7062 time=4.725735e+00 dt=6.509473e-04
elapsed=1.313167e+02 cycle=7063 time=4.726386e+00 dt=6.509334e-04
elapsed=1.318387e+02 cycle=7064 time=4.727036e+00 dt=6.509194e-04
elapsed=1.323619e+02 cycle=7065 time=4.727687e+00 dt=6.509054e-04
elapsed=1.328889e+02 cycle=7066 time=4.728338e+00 dt=6.508914e-04
elapsed=1.334110e+02 cycle=7067 time=4.728989e+00 dt=6.508774e-04
elapsed=1.339287e+02 cycle=7068 time=4.729640e+00 dt=6.508634e-04
elapsed=1.344460e+02 cycle=7069 time=4.730291e+00 dt=6.508493e-04
elapsed=1.349639e+02 cycle=7070 time=4.730942e+00 dt=6.508353e-04
elapsed=1.354928e+02 cycle=7071 time=4.731593e+00 dt=6.508213e-04
elapsed=1.360154e+02 cycle=7072 time=4.732243e+00 dt=6.508072e-04
elapsed=1.365391e+02 cycle=7073 time=4.732894e+00 dt=6.507931e-04
elapsed=1.370667e+02 cycle=7074 time=4.733545e+00 dt=6.507791e-04
elapsed=1.375872e+02 cycle=7075 time=4.734196e+00 dt=6.507650e-04
elapsed=1.381052e+02 cycle=7076 time=4.734847e+00 dt=6.507509e-04
elapsed=1.386226e+02 cycle=7077 time=4.735497e+00 dt=6.507368e-04
elapsed=1.391394e+02 cycle=7078 time=4.736148e+00 dt=6.507227e-04
elapsed=1.396641e+02 cycle=7079 time=4.736799e+00 dt=6.507086e-04
elapsed=1.401869e+02 cycle=7080 time=4.737449e+00 dt=6.506945e-04
elapsed=1.407219e+02 cycle=7081 time=4.738100e+00 dt=6.506804e-04
elapsed=1.412656e+02 cycle=7082 time=4.738751e+00 dt=6.506662e-04
elapsed=1.417913e+02 cycle=7083 time=4.739402e+00 dt=6.506521e-04
elapsed=1.423105e+02 cycle=7084 time=4.740052e+00 dt=6.506379e-04
elapsed=1.428313e+02 cycle=7085 time=4.740703e+00 dt=6.506238e-04
elapsed=1.433543e+02 cycle=7086 time=4.741353e+00 dt=6.506096e-04
elapsed=1.438868e+02 cycle=7087 time=4.742004e+00 dt=6.505954e-04
elapsed=1.444140e+02 cycle=7088 time=4.742655e+00 dt=6.505812e-04
elapsed=1.449451e+02 cycle=7089 time=4.743305e+00 dt=6.505670e-04
elapsed=1.454755e+02 cycle=7090 time=4.743956e+00 dt=6.505528e-04
elapsed=1.459960e+02 cycle=7091 time=4.744606e+00 dt=6.505386e-04
elapsed=1.465150e+02 cycle=7092 time=4.745257e+00 dt=6.505244e-04
elapsed=1.470346e+02 cycle=7093 time=4.745907e+00 dt=6.505102e-04
elapsed=1.475629e+02 cycle=7094 time=4.746558e+00 dt=6.504959e-04
elapsed=1.481000e+02 cycle=7095 time=4.747208e+00 dt=6.504817e-04
elapsed=1.486425e+02 cycle=7096 time=4.747859e+00 dt=6.504674e-04
elapsed=1.491723e+02 cycle=7097 time=4.748509e+00 dt=6.504532e-04
elapsed=1.496997e+02 cycle=7098 time=4.749160e+00 dt=6.504389e-04
elapsed=1.502185e+02 cycle=7099 time=4.749810e+00 dt=6.504246e-04
elapsed=1.507444e+02 cycle=7100 time=4.750461e+00 dt=6.504103e-04
elapsed=1.512644e+02 cycle=7101 time=4.751111e+00 dt=6.503960e-04
elapsed=1.517897e+02 cycle=7102 time=4.751761e+00 dt=6.503817e-04
elapsed=1.523126e+02 cycle=7103 time=4.752412e+00 dt=6.503674e-04
elapsed=1.528370e+02 cycle=7104 time=4.753062e+00 dt=6.503531e-04
elapsed=1.533672e+02 cycle=7105 time=4.753713e+00 dt=6.503387e-04
elapsed=1.538893e+02 cycle=7106 time=4.754363e+00 dt=6.503244e-04
elapsed=1.544067e+02 cycle=7107 time=4.755013e+00 dt=6.503101e-04
elapsed=1.549233e+02 cycle=7108 time=4.755664e+00 dt=6.502957e-04
elapsed=1.554400e+02 cycle=7109 time=4.756314e+00 dt=6.502813e-04
elapsed=1.559617e+02 cycle=7110 time=4.756964e+00 dt=6.502670e-04
elapsed=1.564831e+02 cycle=7111 time=4.757614e+00 dt=6.502526e-04
elapsed=1.570067e+02 cycle=7112 time=4.758265e+00 dt=6.502382e-04
elapsed=1.575329e+02 cycle=7113 time=4.758915e+00 dt=6.502238e-04
elapsed=1.580534e+02 cycle=7114 time=4.759565e+00 dt=6.502094e-04
elapsed=1.585709e+02 cycle=7115 time=4.760215e+00 dt=6.501950e-04
elapsed=1.590878e+02 cycle=7116 time=4.760866e+00 dt=6.501805e-04
elapsed=1.596045e+02 cycle=7117 time=4.761516e+00 dt=6.501661e-04
elapsed=1.601284e+02 cycle=7118 time=4.762166e+00 dt=6.501517e-04
elapsed=1.606505e+02 cycle=7119 time=4.762816e+00 dt=6.501372e-04
elapsed=1.611741e+02 cycle=7120 time=4.763466e+00 dt=6.501228e-04
elapsed=1.616999e+02 cycle=7121 time=4.764116e+00 dt=6.501083e-04
elapsed=1.622189e+02 cycle=7122 time=4.764766e+00 dt=6.500938e-04
elapsed=1.627362e+02 cycle=7123 time=4.765416e+00 dt=6.500793e-04
elapsed=1.632536e+02 cycle=7124 time=4.766067e+00 dt=6.500648e-04
elapsed=1.637700e+02 cycle=7125 time=4.766717e+00 dt=6.500503e-04
elapsed=1.643100e+02 cycle=7126 time=4.767367e+00 dt=6.500358e-04
elapsed=1.648493e+02 cycle=7127 time=4.768017e+00 dt=6.500213e-04
elapsed=1.653836e+02 cycle=7128 time=4.768667e+00 dt=6.500068e-04
elapsed=1.659106e+02 cycle=7129 time=4.769317e+00 dt=6.499922e-04
elapsed=1.664283e+02 cycle=7130 time=4.769967e+00 dt=6.499777e-04
elapsed=1.669457e+02 cycle=7131 time=4.770617e+00 dt=6.499631e-04
elapsed=1.674622e+02 cycle=7132 time=4.771267e+00 dt=6.499486e-04
elapsed=1.679841e+02 cycle=7133 time=4.771917e+00 dt=6.499340e-04
elapsed=1.685217e+02 cycle=7134 time=4.772567e+00 dt=6.499194e-04
elapsed=1.690538e+02 cycle=7135 time=4.773216e+00 dt=6.499048e-04
elapsed=1.695767e+02 cycle=7136 time=4.773866e+00 dt=6.498902e-04
elapsed=1.700997e+02 cycle=7137 time=4.774516e+00 dt=6.498756e-04
elapsed=1.706190e+02 cycle=7138 time=4.775166e+00 dt=6.498610e-04
elapsed=1.711361e+02 cycle=7139 time=4.775816e+00 dt=6.498464e-04
elapsed=1.716525e+02 cycle=7140 time=4.776466e+00 dt=6.498318e-04
elapsed=1.721785e+02 cycle=7141 time=4.777116e+00 dt=6.498171e-04
elapsed=1.727138e+02 cycle=7142 time=4.777765e+00 dt=6.498025e-04
elapsed=1.732430e+02 cycle=7143 time=4.778415e+00 dt=6.497878e-04
elapsed=1.737820e+02 cycle=7144 time=4.779065e+00 dt=6.497732e-04
elapsed=1.743109e+02 cycle=7145 time=4.779715e+00 dt=6.497585e-04
elapsed=1.748280e+02 cycle=7146 time=4.780365e+00 dt=6.497438e-04
elapsed=1.753450e+02 cycle=7147 time=4.781014e+00 dt=6.497291e-04
elapsed=1.758623e+02 cycle=7148 time=4.781664e+00 dt=6.497144e-04
elapsed=1.763851e+02 cycle=7149 time=4.782314e+00 dt=6.496997e-04
elapsed=1.769059e+02 cycle=7150 time=4.782963e+00 dt=6.496850e-04
elapsed=1.774283e+02 cycle=7151 time=4.783613e+00 dt=6.496703e-04
elapsed=1.779520e+02 cycle=7152 time=4.784263e+00 dt=6.496555e-04
elapsed=1.784784e+02 cycle=7153 time=4.784913e+00 dt=6.496408e-04
elapsed=1.789986e+02 cycle=7154 time=4.785562e+00 dt=6.496260e-04
elapsed=1.795171e+02 cycle=7155 time=4.786212e+00 dt=6.496113e-04
elapsed=1.800349e+02 cycle=7156 time=4.786861e+00 dt=6.495965e-04
elapsed=1.805619e+02 cycle=7157 time=4.787511e+00 dt=6.495817e-04
elapsed=1.810836e+02 cycle=7158 time=4.788161e+00 dt=6.495670e-04
elapsed=1.816082e+02 cycle=7159 time=4.788810e+00 dt=6.495522e-04
elapsed=1.821355e+02 cycle=7160 time=4.789460e+00 dt=6.495374e-04
elapsed=1.826593e+02 cycle=7161 time=4.790109e+00 dt=6.495226e-04
elapsed=1.831798e+02 cycle=7162 time=4.790759e+00 dt=6.495077e-04
elapsed=1.836987e+02 cycle=7163 time=4.791408e+00 dt=6.494929e-04
elapsed=1.842162e+02 cycle=7164 time=4.792058e+00 dt=6.494781e-04
elapsed=1.847474e+02 cycle=7165 time=4.792707e+00 dt=6.494632e-04
elapsed=1.852725e+02 cycle=7166 time=4.793357e+00 dt=6.494484e-04
elapsed=1.858052e+02 cycle=7167 time=4.794006e+00 dt=6.494335e-04
elapsed=1.863310e+02 cycle=7168 time=4.794656e+00 dt=6.494186e-04
elapsed=1.868515e+02 cycle=7169 time=4.795305e+00 dt=6.494038e-04
elapsed=1.873704e+02 cycle=7170 time=4.795954e+00 dt=6.493889e-04
elapsed=1.878889e+02 cycle=7171 time=4.796604e+00 dt=6.493740e-04
elapsed=1.884121e+02 cycle=7172 time=4.797253e+00 dt=6.493591e-04
elapsed=1.889341e+02 cycle=7173 time=4.797903e+00 dt=6.493442e-04
elapsed=1.894569e+02 cycle=7174 time=4.798552e+00 dt=6.493292e-04
elapsed=1.899820e+02 cycle=7175 time=4.799201e+00 dt=6.493143e-04
elapsed=1.905082e+02 cycle=7176 time=4.799850e+00 dt=6.492994e-04
elapsed=1.910282e+02 cycle=7177 time=4.800500e+00 dt=6.492844e-04
elapsed=1.915577e+02 cycle=7178 time=4.801149e+00 dt=6.492695e-04
elapsed=1.920769e+02 cycle=7179 time=4.801798e+00 dt=6.492545e-04
elapsed=1.926058e+02 cycle=7180 time=4.802448e+00 dt=6.492395e-04
elapsed=1.931445e+02 cycle=7181 time=4.803097e+00 dt=6.492246e-04
elapsed=1.936705e+02 cycle=7182 time=4.803746e+00 dt=6.492096e-04
elapsed=1.941962e+02 cycle=7183 time=4.804395e+00 dt=6.491946e-04
elapsed=1.947229e+02 cycle=7184 time=4.805044e+00 dt=6.491796e-04
elapsed=1.952440e+02 cycle=7185 time=4.805694e+00 dt=6.491646e-04
elapsed=1.957694e+02 cycle=7186 time=4.806343e+00 dt=6.491495e-04
elapsed=1.962875e+02 cycle=7187 time=4.806992e+00 dt=6.491345e-04
elapsed=1.968140e+02 cycle=7188 time=4.807641e+00 dt=6.491195e-04
elapsed=1.973374e+02 cycle=7189 time=4.808290e+00 dt=6.491044e-04
elapsed=1.978704e+02 cycle=7190 time=4.808939e+00 dt=6.490894e-04
elapsed=1.984071e+02 cycle=7191 time=4.809588e+00 dt=6.490743e-04
elapsed=1.989363e+02 cycle=7192 time=4.810237e+00 dt=6.490592e-04
elapsed=1.994567e+02 cycle=7193 time=4.810887e+00 dt=6.490441e-04
elapsed=1.999767e+02 cycle=7194 time=4.811536e+00 dt=6.490290e-04
elapsed=2.004970e+02 cycle=7195 time=4.812185e+00 dt=6.490139e-04
elapsed=2.010235e+02 cycle=7196 time=4.812834e+00 dt=6.489988e-04
elapsed=2.015478e+02 cycle=7197 time=4.813483e+00 dt=6.489837e-04
elapsed=2.020726e+02 cycle=7198 time=4.814132e+00 dt=6.489686e-04
elapsed=2.026023e+02 cycle=7199 time=4.814781e+00 dt=6.489535e-04
elapsed=2.031239e+02 cycle=7200 time=4.815430e+00 dt=6.489383e-04
elapsed=2.036418e+02 cycle=7201 time=4.816078e+00 dt=6.489232e-04
elapsed=2.041590e+02 cycle=7202 time=4.816727e+00 dt=6.489080e-04
elapsed=2.046755e+02 cycle=7203 time=4.817376e+00 dt=6.488928e-04
elapsed=2.052028e+02 cycle=7204 time=4.818025e+00 dt=6.488777e-04
elapsed=2.057431e+02 cycle=7205 time=4.818674e+00 dt=6.488625e-04
elapsed=2.063490e+02 cycle=7206 time=4.819323e+00 dt=6.488473e-04
elapsed=2.068751e+02 cycle=7207 time=4.819972e+00 dt=6.488321e-04
elapsed=2.078014e+02 cycle=7208 time=4.820621e+00 dt=6.488169e-04
elapsed=2.083194e+02 cycle=7209 time=4.821269e+00 dt=6.488017e-04
elapsed=2.088374e+02 cycle=7210 time=4.821918e+00 dt=6.487864e-04
elapsed=2.093540e+02 cycle=7211 time=4.822567e+00 dt=6.487712e-04
elapsed=2.098907e+02 cycle=7212 time=4.823216e+00 dt=6.487560e-04
elapsed=2.104214e+02 cycle=7213 time=4.823865e+00 dt=6.487407e-04
elapsed=2.109548e+02 cycle=7214 time=4.824513e+00 dt=6.487254e-04
elapsed=2.114917e+02 cycle=7215 time=4.825162e+00 dt=6.487102e-04
elapsed=2.120109e+02 cycle=7216 time=4.825811e+00 dt=6.486949e-04
elapsed=2.125286e+02 cycle=7217 time=4.826459e+00 dt=6.486796e-04
elapsed=2.130455e+02 cycle=7218 time=4.827108e+00 dt=6.486643e-04
elapsed=2.136191e+02 cycle=7219 time=4.827757e+00 dt=6.486490e-04
elapsed=2.141628e+02 cycle=7220 time=4.828405e+00 dt=6.486337e-04
elapsed=2.147072e+02 cycle=7221 time=4.829054e+00 dt=6.486184e-04
elapsed=2.153276e+02 cycle=7222 time=4.829703e+00 dt=6.486031e-04
elapsed=2.158641e+02 cycle=7223 time=4.830351e+00 dt=6.485877e-04
elapsed=2.163828e+02 cycle=7224 time=4.831000e+00 dt=6.485724e-04
elapsed=2.168997e+02 cycle=7225 time=4.831648e+00 dt=6.485570e-04
elapsed=2.174196e+02 cycle=7226 time=4.832297e+00 dt=6.485417e-04
elapsed=2.179500e+02 cycle=7227 time=4.832946e+00 dt=6.485263e-04
elapsed=2.184931e+02 cycle=7228 time=4.833594e+00 dt=6.485109e-04
elapsed=2.190448e+02 cycle=7229 time=4.834243e+00 dt=6.484955e-04
elapsed=2.195979e+02 cycle=7230 time=4.834891e+00 dt=6.484801e-04
elapsed=2.201218e+02 cycle=7231 time=4.835540e+00 dt=6.484647e-04
elapsed=2.206447e+02 cycle=7232 time=4.836188e+00 dt=6.484493e-04
elapsed=2.211643e+02 cycle=7233 time=4.836836e+00 dt=6.484339e-04
elapsed=2.216807e+02 cycle=7234 time=4.837485e+00 dt=6.484185e-04
elapsed=2.222136e+02 cycle=7235 time=4.838133e+00 dt=6.484031e-04
elapsed=2.227599e+02 cycle=7236 time=4.838782e+00 dt=6.483876e-04
elapsed=2.232984e+02 cycle=7237 time=4.839430e+00 dt=6.483722e-04
elapsed=2.238370e+02 cycle=7238 time=4.840078e+00 dt=6.483567e-04
elapsed=2.243639e+02 cycle=7239 time=4.840727e+00 dt=6.483412e-04
elapsed=2.260421e+02 cycle=7240 time=4.841375e+00 dt=6.483258e-04
elapsed=2.265592e+02 cycle=7241 time=4.842023e+00 dt=6.483103e-04
elapsed=2.270753e+02 cycle=7242 time=4.842672e+00 dt=6.482948e-04
elapsed=2.276076e+02 cycle=7243 time=4.843320e+00 dt=6.482793e-04
elapsed=2.281358e+02 cycle=7244 time=4.843968e+00 dt=6.482638e-04
elapsed=2.286717e+02 cycle=7245 time=4.844617e+00 dt=6.482483e-04
elapsed=2.292111e+02 cycle=7246 time=4.845265e+00 dt=6.482327e-04
elapsed=2.297382e+02 cycle=7247 time=4.845913e+00 dt=6.482172e-04
elapsed=2.302603e+02 cycle=7248 time=4.846561e+00 dt=6.482017e-04
elapsed=2.307825e+02 cycle=7249 time=4.847210e+00 dt=6.481861e-04
elapsed=2.313055e+02 cycle=7250 time=4.847858e+00 dt=6.481706e-04
elapsed=2.318411e+02 cycle=7251 time=4.848506e+00 dt=6.481550e-04
elapsed=2.323796e+02 cycle=7252 time=4.849154e+00 dt=6.481394e-04
elapsed=2.329200e+02 cycle=7253 time=4.849802e+00 dt=6.481238e-04
elapsed=2.334569e+02 cycle=7254 time=4.850450e+00 dt=6.481082e-04
elapsed=2.339829e+02 cycle=7255 time=4.851098e+00 dt=6.480926e-04
elapsed=2.345042e+02 cycle=7256 time=4.851747e+00 dt=6.480770e-04
elapsed=2.350244e+02 cycle=7257 time=4.852395e+00 dt=6.480614e-04
elapsed=2.355566e+02 cycle=7258 time=4.853043e+00 dt=6.480458e-04
elapsed=2.360900e+02 cycle=7259 time=4.853691e+00 dt=6.480302e-04
elapsed=2.366234e+02 cycle=7260 time=4.854339e+00 dt=6.480145e-04
elapsed=2.371555e+02 cycle=7261 time=4.854987e+00 dt=6.479989e-04
elapsed=2.376994e+02 cycle=7262 time=4.855635e+00 dt=6.479832e-04
elapsed=2.382222e+02 cycle=7263 time=4.856283e+00 dt=6.479676e-04
elapsed=2.387445e+02 cycle=7264 time=4.856931e+00 dt=6.479519e-04
elapsed=2.392649e+02 cycle=7265 time=4.857579e+00 dt=6.479362e-04
elapsed=2.397905e+02 cycle=7266 time=4.858227e+00 dt=6.479205e-04
elapsed=2.403315e+02 cycle=7267 time=4.858875e+00 dt=6.479048e-04
elapsed=2.408849e+02 cycle=7268 time=4.859522e+00 dt=6.478891e-04
elapsed=2.414230e+02 cycle=7269 time=4.860170e+00 dt=6.478734e-04
elapsed=2.419634e+02 cycle=7270 time=4.860818e+00 dt=6.478577e-04
elapsed=2.424863e+02 cycle=7271 time=4.861466e+00 dt=6.478420e-04
elapsed=2.430077e+02 cycle=7272 time=4.862114e+00 dt=6.478263e-04
elapsed=2.435318e+02 cycle=7273 time=4.862762e+00 dt=6.478105e-04
elapsed=2.440634e+02 cycle=7274 time=4.863410e+00 dt=6.477948e-04
elapsed=2.445965e+02 cycle=7275 time=4.864057e+00 dt=6.477790e-04
elapsed=2.451262e+02 cycle=7276 time=4.864705e+00 dt=6.477632e-04
elapsed=2.456650e+02 cycle=7277 time=4.865353e+00 dt=6.477475e-04
elapsed=2.461937e+02 cycle=7278 time=4.866001e+00 dt=6.477317e-04
elapsed=2.467140e+02 cycle=7279 time=4.866648e+00 dt=6.477159e-04
elapsed=2.472372e+02 cycle=7280 time=4.867296e+00 dt=6.477001e-04
elapsed=2.477607e+02 cycle=7281 time=4.867944e+00 dt=6.476843e-04
elapsed=2.483030e+02 cycle=7282 time=4.868591e+00 dt=6.476685e-04
elapsed=2.488304e+02 cycle=7283 time=4.869239e+00 dt=6.476527e-04
elapsed=2.493750e+02 cycle=7284 time=4.869887e+00 dt=6.476368e-04
elapsed=2.499182e+02 cycle=7285 time=4.870534e+00 dt=6.476210e-04
elapsed=2.504468e+02 cycle=7286 time=4.871182e+00 dt=6.476052e-04
elapsed=2.509711e+02 cycle=7287 time=4.871830e+00 dt=6.475893e-04
elapsed=2.514934e+02 cycle=7288 time=4.872477e+00 dt=6.475735e-04
elapsed=2.520153e+02 cycle=7289 time=4.873125e+00 dt=6.475576e-04
elapsed=2.525652e+02 cycle=7290 time=4.873772e+00 dt=6.475417e-04
elapsed=2.531007e+02 cycle=7291 time=4.874420e+00 dt=6.475258e-04
elapsed=2.536573e+02 cycle=7292 time=4.875067e+00 dt=6.475100e-04
elapsed=2.542070e+02 cycle=7293 time=4.875715e+00 dt=6.474941e-04
elapsed=2.547295e+02 cycle=7294 time=4.876362e+00 dt=6.474782e-04
elapsed=2.552495e+02 cycle=7295 time=4.877010e+00 dt=6.474623e-04
elapsed=2.557658e+02 cycle=7296 time=4.877657e+00 dt=6.474463e-04
elapsed=2.562838e+02 cycle=7297 time=4.878305e+00 dt=6.474304e-04
elapsed=2.568253e+02 cycle=7298 time=4.878952e+00 dt=6.474145e-04
elapsed=2.573804e+02 cycle=7299 time=4.879600e+00 dt=6.473985e-04
elapsed=2.579354e+02 cycle=7300 time=4.880247e+00 dt=6.473826e-04
elapsed=2.584762e+02 cycle=7301 time=4.880894e+00 dt=6.473666e-04
elapsed=2.589942e+02 cycle=7302 time=4.881542e+00 dt=6.473507e-04
elapsed=2.595122e+02 cycle=7303 time=4.882189e+00 dt=6.473347e-04
elapsed=2.600283e+02 cycle=7304 time=4.882836e+00 dt=6.473187e-04
elapsed=2.605529e+02 cycle=7305 time=4.883484e+00 dt=6.473028e-04
elapsed=2.610917e+02 cycle=7306 time=4.884131e+00 dt=6.472868e-04
elapsed=2.616395e+02 cycle=7307 time=4.884778e+00 dt=6.472708e-04
elapsed=2.621895e+02 cycle=7308 time=4.885426e+00 dt=6.472548e-04
elapsed=2.627238e+02 cycle=7309 time=4.886073e+00 dt=6.472387e-04
elapsed=2.632428e+02 cycle=7310 time=4.886720e+00 dt=6.472227e-04
elapsed=2.637638e+02 cycle=7311 time=4.887367e+00 dt=6.472067e-04
elapsed=2.642801e+02 cycle=7312 time=4.888015e+00 dt=6.471907e-04
elapsed=2.648024e+02 cycle=7313 time=4.888662e+00 dt=6.471746e-04
elapsed=2.653487e+02 cycle=7314 time=4.889309e+00 dt=6.471586e-04
elapsed=2.658980e+02 cycle=7315 time=4.889956e+00 dt=6.471425e-04
elapsed=2.664407e+02 cycle=7316 time=4.890603e+00 dt=6.471265e-04
elapsed=2.669732e+02 cycle=7317 time=4.891250e+00 dt=6.471104e-04
elapsed=2.674906e+02 cycle=7318 time=4.891897e+00 dt=6.470943e-04
elapsed=2.680075e+02 cycle=7319 time=4.892545e+00 dt=6.470782e-04
elapsed=2.685270e+02 cycle=7320 time=4.893192e+00 dt=6.470621e-04
elapsed=2.690552e+02 cycle=7321 time=4.893839e+00 dt=6.470461e-04
elapsed=2.695888e+02 cycle=7322 time=4.894486e+00 dt=6.470299e-04
elapsed=2.701162e+02 cycle=7323 time=4.895133e+00 dt=6.470138e-04
elapsed=2.706587e+02 cycle=7324 time=4.895780e+00 dt=6.469977e-04
elapsed=2.711859e+02 cycle=7325 time=4.896427e+00 dt=6.469816e-04
elapsed=2.717026e+02 cycle=7326 time=4.897074e+00 dt=6.469655e-04
elapsed=2.722196e+02 cycle=7327 time=4.897721e+00 dt=6.469493e-04
elapsed=2.727359e+02 cycle=7328 time=4.898368e+00 dt=6.469332e-04
elapsed=2.732709e+02 cycle=7329 time=4.899015e+00 dt=6.469170e-04
elapsed=2.737995e+02 cycle=7330 time=4.899662e+00 dt=6.469009e-04
elapsed=2.743295e+02 cycle=7331 time=4.900308e+00 dt=6.468847e-04
elapsed=2.748890e+02 cycle=7332 time=4.900955e+00 dt=6.468685e-04
elapsed=2.754153e+02 cycle=7333 time=4.901602e+00 dt=6.468524e-04
elapsed=2.759322e+02 cycle=7334 time=4.902249e+00 dt=6.468362e-04
elapsed=2.764505e+02 cycle=7335 time=4.902896e+00 dt=6.468200e-04
elapsed=2.769674e+02 cycle=7336 time=4.903543e+00 dt=6.468038e-04
elapsed=2.775152e+02 cycle=7337 time=4.904190e+00 dt=6.467876e-04
elapsed=2.780385e+02 cycle=7338 time=4.904836e+00 dt=6.467714e-04
elapsed=2.785690e+02 cycle=7339 time=4.905483e+00 dt=6.467552e-04
elapsed=2.791258e+02 cycle=7340 time=4.906130e+00 dt=6.467390e-04
elapsed=2.796529e+02 cycle=7341 time=4.906777e+00 dt=6.467227e-04
elapsed=2.801758e+02 cycle=7342 time=4.907423e+00 dt=6.467065e-04
elapsed=2.806968e+02 cycle=7343 time=4.908070e+00 dt=6.466903e-04
elapsed=2.812150e+02 cycle=7344 time=4.908717e+00 dt=6.466740e-04
elapsed=2.817553e+02 cycle=7345 time=4.909363e+00 dt=6.466578e-04
elapsed=2.822786e+02 cycle=7346 time=4.910010e+00 dt=6.466415e-04
elapsed=2.828160e+02 cycle=7347 time=4.910657e+00 dt=6.466252e-04
elapsed=2.833568e+02 cycle=7348 time=4.911303e+00 dt=6.466090e-04
elapsed=2.838763e+02 cycle=7349 time=4.911950e+00 dt=6.465927e-04
elapsed=2.843985e+02 cycle=7350 time=4.912596e+00 dt=6.465764e-04
elapsed=2.849293e+02 cycle=7351 time=4.913243e+00 dt=6.465601e-04
elapsed=2.854632e+02 cycle=7352 time=4.913890e+00 dt=6.465438e-04
elapsed=2.860022e+02 cycle=7353 time=4.914536e+00 dt=6.465275e-04
elapsed=2.865291e+02 cycle=7354 time=4.915183e+00 dt=6.465112e-04
elapsed=2.870713e+02 cycle=7355 time=4.915829e+00 dt=6.464949e-04
elapsed=2.876131e+02 cycle=7356 time=4.916476e+00 dt=6.464786e-04
elapsed=2.881351e+02 cycle=7357 time=4.917122e+00 dt=6.464623e-04
elapsed=2.886576e+02 cycle=7358 time=4.917769e+00 dt=6.464459e-04
elapsed=2.891836e+02 cycle=7359 time=4.918415e+00 dt=6.464296e-04
elapsed=2.897142e+02 cycle=7360 time=4.919062e+00 dt=6.464133e-04
elapsed=2.902516e+02 cycle=7361 time=4.919708e+00 dt=6.463969e-04
elapsed=2.907879e+02 cycle=7362 time=4.920354e+00 dt=6.463806e-04
elapsed=2.913224e+02 cycle=7363 time=4.921001e+00 dt=6.463642e-04
elapsed=2.918594e+02 cycle=7364 time=4.921647e+00 dt=6.463478e-04
elapsed=2.923803e+02 cycle=7365 time=4.922293e+00 dt=6.463315e-04
elapsed=2.929016e+02 cycle=7366 time=4.922940e+00 dt=6.463151e-04
elapsed=2.934202e+02 cycle=7367 time=4.923586e+00 dt=6.462987e-04
elapsed=2.939548e+02 cycle=7368 time=4.924232e+00 dt=6.462823e-04
elapsed=2.944874e+02 cycle=7369 time=4.924879e+00 dt=6.462660e-04
elapsed=2.950234e+02 cycle=7370 time=4.925525e+00 dt=6.462496e-04
elapsed=2.955649e+02 cycle=7371 time=4.926171e+00 dt=6.462332e-04
elapsed=2.960997e+02 cycle=7372 time=4.926817e+00 dt=6.462168e-04
elapsed=2.966227e+02 cycle=7373 time=4.927464e+00 dt=6.462004e-04
elapsed=2.971440e+02 cycle=7374 time=4.928110e+00 dt=6.461839e-04
elapsed=2.976663e+02 cycle=7375 time=4.928756e+00 dt=6.461675e-04
elapsed=2.982050e+02 cycle=7376 time=4.929402e+00 dt=6.461511e-04
elapsed=2.987421e+02 cycle=7377 time=4.930048e+00 dt=6.461347e-04
elapsed=2.992839e+02 cycle=7378 time=4.930694e+00 dt=6.461182e-04
elapsed=2.998212e+02 cycle=7379 time=4.931341e+00 dt=6.461018e-04
elapsed=3.003551e+02 cycle=7380 time=4.931987e+00 dt=6.460854e-04
elapsed=3.008817e+02 cycle=7381 time=4.932633e+00 dt=6.460689e-04
elapsed=3.014035e+02 cycle=7382 time=4.933279e+00 dt=6.460525e-04
elapsed=3.019243e+02 cycle=7383 time=4.933925e+00 dt=6.460360e-04
elapsed=3.024752e+02 cycle=7384 time=4.934571e+00 dt=6.460196e-04
elapsed=3.030313e+02 cycle=7385 time=4.935217e+00 dt=6.460031e-04
elapsed=3.035911e+02 cycle=7386 time=4.935863e+00 dt=6.459866e-04
elapsed=3.041327e+02 cycle=7387 time=4.936509e+00 dt=6.459702e-04
elapsed=3.046527e+02 cycle=7388 time=4.937155e+00 dt=6.459537e-04
elapsed=3.051699e+02 cycle=7389 time=4.937801e+00 dt=6.459372e-04
elapsed=3.056867e+02 cycle=7390 time=4.938447e+00 dt=6.459207e-04
elapsed=3.062062e+02 cycle=7391 time=4.939093e+00 dt=6.459042e-04
elapsed=3.067509e+02 cycle=7392 time=4.939739e+00 dt=6.458877e-04
elapsed=3.073068e+02 cycle=7393 time=4.940384e+00 dt=6.458712e-04
elapsed=3.078570e+02 cycle=7394 time=4.941030e+00 dt=6.458547e-04
elapsed=3.083956e+02 cycle=7395 time=4.941676e+00 dt=6.458382e-04
elapsed=3.089132e+02 cycle=7396 time=4.942322e+00 dt=6.458217e-04
elapsed=3.094304e+02 cycle=7397 time=4.942968e+00 dt=6.458052e-04
elapsed=3.099476e+02 cycle=7398 time=4.943614e+00 dt=6.457887e-04
elapsed=3.104706e+02 cycle=7399 time=4.944259e+00 dt=6.457722e-04
elapsed=3.109960e+02 cycle=7400 time=4.944905e+00 dt=6.457557e-04
elapsed=3.115291e+02 cycle=7401 time=4.945551e+00 dt=6.457392e-04
elapsed=3.120656e+02 cycle=7402 time=4.946197e+00 dt=6.457226e-04
elapsed=3.126000e+02 cycle=7403 time=4.946842e+00 dt=6.457061e-04
elapsed=3.131174e+02 cycle=7404 time=4.947488e+00 dt=6.456896e-04
elapsed=3.136345e+02 cycle=7405 time=4.948134e+00 dt=6.456730e-04
elapsed=3.141526e+02 cycle=7406 time=4.948780e+00 dt=6.456565e-04
elapsed=3.146839e+02 cycle=7407 time=4.949425e+00 dt=6.456400e-04
elapsed=3.152251e+02 cycle=7408 time=4.950071e+00 dt=6.456234e-04
elapsed=3.157543e+02 cycle=7409 time=4.950716e+00 dt=6.456069e-04
elapsed=3.163023e+02 cycle=7410 time=4.951362e+00 dt=6.455903e-04
elapsed=3.168276e+02 cycle=7411 time=4.952008e+00 dt=6.455738e-04
elapsed=3.173448e+02 cycle=7412 time=4.952653e+00 dt=6.455572e-04
elapsed=3.178648e+02 cycle=7413 time=4.953299e+00 dt=6.455407e-04
elapsed=3.183815e+02 cycle=7414 time=4.953944e+00 dt=6.455241e-04
elapsed=3.189254e+02 cycle=7415 time=4.954590e+00 dt=6.455075e-04
elapsed=3.194582e+02 cycle=7416 time=4.955235e+00 dt=6.454910e-04
elapsed=3.199827e+02 cycle=7417 time=4.955881e+00 dt=6.454744e-04
elapsed=3.205296e+02 cycle=7418 time=4.956526e+00 dt=6.454578e-04
elapsed=3.210539e+02 cycle=7419 time=4.957172e+00 dt=6.454413e-04
elapsed=3.215709e+02 cycle=7420 time=4.957817e+00 dt=6.454247e-04
elapsed=3.220881e+02 cycle=7421 time=4.958463e+00 dt=6.454081e-04
elapsed=3.226047e+02 cycle=7422 time=4.959108e+00 dt=6.453916e-04
elapsed=3.231457e+02 cycle=7423 time=4.959753e+00 dt=6.453750e-04
elapsed=3.236812e+02 cycle=7424 time=4.960399e+00 dt=6.453584e-04
elapsed=3.242093e+02 cycle=7425 time=4.961044e+00 dt=6.453418e-04
elapsed=3.247526e+02 cycle=7426 time=4.961690e+00 dt=6.453253e-04
elapsed=3.252744e+02 cycle=7427 time=4.962335e+00 dt=6.453087e-04
elapsed=3.257913e+02 cycle=7428 time=4.962980e+00 dt=6.452921e-04
elapsed=3.263080e+02 cycle=7429 time=4.963625e+00 dt=6.452755e-04
elapsed=3.268242e+02 cycle=7430 time=4.964271e+00 dt=6.452589e-04
elapsed=3.273581e+02 cycle=7431 time=4.964916e+00 dt=6.452423e-04
elapsed=3.278911e+02 cycle=7432 time=4.965561e+00 dt=6.452258e-04
elapsed=3.284220e+02 cycle=7433 time=4.966206e+00 dt=6.452092e-04
elapsed=3.289652e+02 cycle=7434 time=4.966852e+00 dt=6.451926e-04
elapsed=3.294893e+02 cycle=7435 time=4.967497e+00 dt=6.451760e-04
elapsed=3.300133e+02 cycle=7436 time=4.968142e+00 dt=6.451594e-04
elapsed=3.305344e+02 cycle=7437 time=4.968787e+00 dt=6.451428e-04
elapsed=3.310618e+02 cycle=7438 time=4.969432e+00 dt=6.451263e-04
elapsed=3.316253e+02 cycle=7439 time=4.970077e+00 dt=6.451097e-04
elapsed=3.321688e+02 cycle=7440 time=4.970723e+00 dt=6.450931e-04
elapsed=3.327063e+02 cycle=7441 time=4.971368e+00 dt=6.450765e-04
elapsed=3.332420e+02 cycle=7442 time=4.972013e+00 dt=6.450599e-04
elapsed=3.337666e+02 cycle=7443 time=4.972658e+00 dt=6.450433e-04
elapsed=3.342902e+02 cycle=7444 time=4.973303e+00 dt=6.450267e-04
elapsed=3.348156e+02 cycle=7445 time=4.973948e+00 dt=6.450102e-04
elapsed=3.353469e+02 cycle=7446 time=4.974593e+00 dt=6.449936e-04
elapsed=3.358775e+02 cycle=7447 time=4.975238e+00 dt=6.449770e-04
elapsed=3.364134e+02 cycle=7448 time=4.975883e+00 dt=6.449604e-04
elapsed=3.369567e+02 cycle=7449 time=4.976528e+00 dt=6.449438e-04
elapsed=3.374916e+02 cycle=7450 time=4.977173e+00 dt=6.449273e-04
elapsed=3.380134e+02 cycle=7451 time=4.977818e+00 dt=6.449107e-04
elapsed=3.385389e+02 cycle=7452 time=4.978463e+00 dt=6.448941e-04
elapsed=3.390603e+02 cycle=7453 time=4.979107e+00 dt=6.448776e-04
elapsed=3.395928e+02 cycle=7454 time=4.979752e+00 dt=6.448610e-04
elapsed=3.401289e+02 cycle=7455 time=4.980397e+00 dt=6.448444e-04
elapsed=3.406679e+02 cycle=7456 time=4.981042e+00 dt=6.448279e-04
elapsed=3.412150e+02 cycle=7457 time=4.981687e+00 dt=6.448113e-04
elapsed=3.417461e+02 cycle=7458 time=4.982332e+00 dt=6.447947e-04
elapsed=3.422678e+02 cycle=7459 time=4.982976e+00 dt=6.447782e-04
elapsed=3.427916e+02 cycle=7460 time=4.983621e+00 dt=6.447616e-04
elapsed=3.433162e+02 cycle=7461 time=4.984266e+00 dt=6.447451e-04
elapsed=3.438549e+02 cycle=7462 time=4.984911e+00 dt=6.447285e-04
elapsed=3.443889e+02 cycle=7463 time=4.985556e+00 dt=6.447120e-04
elapsed=3.449199e+02 cycle=7464 time=4.986200e+00 dt=6.446954e-04
elapsed=3.454689e+02 cycle=7465 time=4.986845e+00 dt=6.446789e-04
elapsed=3.459972e+02 cycle=7466 time=4.987490e+00 dt=6.446624e-04
elapsed=3.465188e+02 cycle=7467 time=4.988134e+00 dt=6.446458e-04
elapsed=3.470410e+02 cycle=7468 time=4.988779e+00 dt=6.446293e-04
elapsed=3.475637e+02 cycle=7469 time=4.989424e+00 dt=6.446128e-04
elapsed=3.481057e+02 cycle=7470 time=4.990068e+00 dt=6.445963e-04
elapsed=3.486439e+02 cycle=7471 time=4.990713e+00 dt=6.445682e-04
elapsed=3.491741e+02 cycle=7472 time=4.991357e+00 dt=6.445392e-04
elapsed=3.497202e+02 cycle=7473 time=4.992002e+00 dt=6.445102e-04
elapsed=3.502477e+02 cycle=7474 time=4.992646e+00 dt=6.444810e-04
elapsed=3.507698e+02 cycle=7475 time=4.993291e+00 dt=6.444517e-04
elapsed=3.512951e+02 cycle=7476 time=4.993935e+00 dt=6.444223e-04
elapsed=3.518209e+02 cycle=7477 time=4.994580e+00 dt=6.443928e-04
elapsed=3.523788e+02 cycle=7478 time=4.995224e+00 dt=6.443632e-04
elapsed=3.529464e+02 cycle=7479 time=4.995868e+00 dt=6.443335e-04
elapsed=3.534932e+02 cycle=7480 time=4.996513e+00 dt=6.443036e-04
elapsed=3.540292e+02 cycle=7481 time=4.997157e+00 dt=6.442736e-04
elapsed=3.545533e+02 cycle=7482 time=4.997801e+00 dt=6.442436e-04
elapsed=3.550728e+02 cycle=7483 time=4.998446e+00 dt=6.442134e-04
elapsed=3.555947e+02 cycle=7484 time=4.999090e+00 dt=6.441830e-04
elapsed=3.561200e+02 cycle=7485 time=4.999734e+00 dt=6.441526e-04
elapsed=3.569691e+02 cycle=7486 time=5.000378e+00 dt=6.441221e-04
elapsed=3.575107e+02 cycle=7487 time=5.001022e+00 dt=6.440914e-04
elapsed=3.580449e+02 cycle=7488 time=5.001666e+00 dt=6.440606e-04
elapsed=3.585847e+02 cycle=7489 time=5.002310e+00 dt=6.440297e-04
elapsed=3.591039e+02 cycle=7490 time=5.002954e+00 dt=6.439986e-04
elapsed=3.596210e+02 cycle=7491 time=5.003598e+00 dt=6.439675e-04
elapsed=3.601379e+02 cycle=7492 time=5.004242e+00 dt=6.439362e-04
elapsed=3.606733e+02 cycle=7493 time=5.004886e+00 dt=6.439047e-04
elapsed=3.612257e+02 cycle=7494 time=5.005530e+00 dt=6.438732e-04
elapsed=3.617753e+02 cycle=7495 time=5.006174e+00 dt=6.438415e-04
elapsed=3.623164e+02 cycle=7496 time=5.006818e+00 dt=6.438097e-04
elapsed=3.628530e+02 cycle=7497 time=5.007462e+00 dt=6.437778e-04
elapsed=3.633701e+02 cycle=7498 time=5.008106e+00 dt=6.437457e-04
elapsed=3.638873e+02 cycle=7499 time=5.008749e+00 dt=6.437135e-04
elapsed=3.644037e+02 cycle=7500 time=5.009393e+00 dt=6.436811e-04
elapsed=3.649340e+02 cycle=7501 time=5.010037e+00 dt=6.436487e-04
elapsed=3.654748e+02 cycle=7502 time=5.010680e+00 dt=6.436161e-04
elapsed=3.660078e+02 cycle=7503 time=5.011324e+00 dt=6.435833e-04
elapsed=3.665331e+02 cycle=7504 time=5.011968e+00 dt=6.435504e-04
elapsed=3.670703e+02 cycle=7505 time=5.012611e+00 dt=6.435174e-04
elapsed=3.675881e+02 cycle=7506 time=5.013255e+00 dt=6.434842e-04
elapsed=3.681046e+02 cycle=7507 time=5.013898e+00 dt=6.434509e-04
elapsed=3.686235e+02 cycle=7508 time=5.014542e+00 dt=6.434175e-04
elapsed=3.691557e+02 cycle=7509 time=5.015185e+00 dt=6.433839e-04
elapsed=3.696950e+02 cycle=7510 time=5.015828e+00 dt=6.433501e-04
elapsed=3.702343e+02 cycle=7511 time=5.016472e+00 dt=6.433162e-04
elapsed=3.707753e+02 cycle=7512 time=5.017115e+00 dt=6.432822e-04
elapsed=3.713023e+02 cycle=7513 time=5.017758e+00 dt=6.432480e-04
elapsed=3.718195e+02 cycle=7514 time=5.018402e+00 dt=6.432137e-04
elapsed=3.723365e+02 cycle=7515 time=5.019045e+00 dt=6.431792e-04
elapsed=3.728568e+02 cycle=7516 time=5.019688e+00 dt=6.431445e-04
elapsed=3.734060e+02 cycle=7517 time=5.020331e+00 dt=6.431097e-04
elapsed=3.739432e+02 cycle=7518 time=5.020974e+00 dt=6.430748e-04
elapsed=3.744795e+02 cycle=7519 time=5.021617e+00 dt=6.430397e-04
elapsed=3.750162e+02 cycle=7520 time=5.022260e+00 dt=6.430044e-04
elapsed=3.755453e+02 cycle=7521 time=5.022903e+00 dt=6.429690e-04
elapsed=3.760643e+02 cycle=7522 time=5.023546e+00 dt=6.429334e-04
elapsed=3.765809e+02 cycle=7523 time=5.024189e+00 dt=6.428976e-04
elapsed=3.770967e+02 cycle=7524 time=5.024832e+00 dt=6.428617e-04
elapsed=3.776347e+02 cycle=7525 time=5.025475e+00 dt=6.428256e-04
elapsed=3.781791e+02 cycle=7526 time=5.026118e+00 dt=6.427894e-04
elapsed=3.787173e+02 cycle=7527 time=5.026761e+00 dt=6.427529e-04
elapsed=3.792633e+02 cycle=7528 time=5.027403e+00 dt=6.427163e-04
elapsed=3.797937e+02 cycle=7529 time=5.028046e+00 dt=6.426796e-04
elapsed=3.803153e+02 cycle=7530 time=5.028689e+00 dt=6.426426e-04
elapsed=3.808383e+02 cycle=7531 time=5.029331e+00 dt=6.426055e-04
elapsed=3.813685e+02 cycle=7532 time=5.029974e+00 dt=6.425682e-04
elapsed=3.818966e+02 cycle=7533 time=5.030617e+00 dt=6.425308e-04
elapsed=3.824316e+02 cycle=7534 time=5.031259e+00 dt=6.424931e-04
elapsed=3.829694e+02 cycle=7535 time=5.031902e+00 dt=6.424553e-04
elapsed=3.835090e+02 cycle=7536 time=5.032544e+00 dt=6.424173e-04
elapsed=3.840276e+02 cycle=7537 time=5.033186e+00 dt=6.423791e-04
elapsed=3.845483e+02 cycle=7538 time=5.033829e+00 dt=6.423407e-04
elapsed=3.850707e+02 cycle=7539 time=5.034471e+00 dt=6.423022e-04
elapsed=3.856087e+02 cycle=7540 time=5.035114e+00 dt=6.422634e-04
elapsed=3.861514e+02 cycle=7541 time=5.035756e+00 dt=6.422245e-04
elapsed=3.866805e+02 cycle=7542 time=5.036398e+00 dt=6.421854e-04
elapsed=3.872194e+02 cycle=7543 time=5.037040e+00 dt=6.421460e-04
elapsed=3.877565e+02 cycle=7544 time=5.037682e+00 dt=6.421065e-04
elapsed=3.882797e+02 cycle=7545 time=5.038324e+00 dt=6.420668e-04
elapsed=3.888017e+02 cycle=7546 time=5.038966e+00 dt=6.420269e-04
elapsed=3.893260e+02 cycle=7547 time=5.039609e+00 dt=6.419867e-04
elapsed=3.898639e+02 cycle=7548 time=5.040251e+00 dt=6.419464e-04
elapsed=3.903941e+02 cycle=7549 time=5.040892e+00 dt=6.419059e-04
elapsed=3.909231e+02 cycle=7550 time=5.041534e+00 dt=6.418651e-04
elapsed=3.914688e+02 cycle=7551 time=5.042176e+00 dt=6.418242e-04
elapsed=3.920061e+02 cycle=7552 time=5.042818e+00 dt=6.417831e-04
elapsed=3.925281e+02 cycle=7553 time=5.043460e+00 dt=6.417417e-04
elapsed=3.930497e+02 cycle=7554 time=5.044102e+00 dt=6.417001e-04
elapsed=3.935743e+02 cycle=7555 time=5.044743e+00 dt=6.416583e-04
elapsed=3.941059e+02 cycle=7556 time=5.045385e+00 dt=6.416163e-04
elapsed=3.946413e+02 cycle=7557 time=5.046027e+00 dt=6.415741e-04
elapsed=3.951811e+02 cycle=7558 time=5.046668e+00 dt=6.415316e-04
elapsed=3.957224e+02 cycle=7559 time=5.047310e+00 dt=6.414889e-04
elapsed=3.962502e+02 cycle=7560 time=5.047951e+00 dt=6.414460e-04
elapsed=3.967748e+02 cycle=7561 time=5.048593e+00 dt=6.414029e-04
elapsed=3.972973e+02 cycle=7562 time=5.049234e+00 dt=6.413595e-04
elapsed=3.978222e+02 cycle=7563 time=5.049875e+00 dt=6.413159e-04
elapsed=3.983782e+02 cycle=7564 time=5.050517e+00 dt=6.412721e-04
elapsed=3.989318e+02 cycle=7565 time=5.051158e+00 dt=6.412280e-04
elapsed=3.994715e+02 cycle=7566 time=5.051799e+00 dt=6.411837e-04
elapsed=4.000166e+02 cycle=7567 time=5.052440e+00 dt=6.411392e-04
elapsed=4.005473e+02 cycle=7568 time=5.053081e+00 dt=6.410944e-04
elapsed=4.010730e+02 cycle=7569 time=5.053723e+00 dt=6.410494e-04
elapsed=4.015948e+02 cycle=7570 time=5.054364e+00 dt=6.410041e-04
elapsed=4.021212e+02 cycle=7571 time=5.055005e+00 dt=6.409585e-04
elapsed=4.026622e+02 cycle=7572 time=5.055646e+00 dt=6.409128e-04
elapsed=4.031993e+02 cycle=7573 time=5.056287e+00 dt=6.408667e-04
elapsed=4.037438e+02 cycle=7574 time=5.056927e+00 dt=6.408204e-04
elapsed=4.042773e+02 cycle=7575 time=5.057568e+00 dt=6.407739e-04
elapsed=4.047957e+02 cycle=7576 time=5.058209e+00 dt=6.407271e-04
elapsed=4.053153e+02 cycle=7577 time=5.058850e+00 dt=6.406800e-04
elapsed=4.058325e+02 cycle=7578 time=5.059490e+00 dt=6.406326e-04
elapsed=4.063608e+02 cycle=7579 time=5.060131e+00 dt=6.405850e-04
elapsed=4.069107e+02 cycle=7580 time=5.060772e+00 dt=6.405371e-04
elapsed=4.074609e+02 cycle=7581 time=5.061412e+00 dt=6.404890e-04
elapsed=4.080032e+02 cycle=7582 time=5.062053e+00 dt=6.404405e-04
elapsed=4.085329e+02 cycle=7583 time=5.062693e+00 dt=6.403918e-04
elapsed=4.090555e+02 cycle=7584 time=5.063333e+00 dt=6.403428e-04
elapsed=4.095739e+02 cycle=7585 time=5.063974e+00 dt=6.402936e-04
elapsed=4.100916e+02 cycle=7586 time=5.064614e+00 dt=6.402440e-04
elapsed=4.106233e+02 cycle=7587 time=5.065254e+00 dt=6.401941e-04
elapsed=4.111527e+02 cycle=7588 time=5.065895e+00 dt=6.401440e-04
elapsed=4.116916e+02 cycle=7589 time=5.066535e+00 dt=6.400935e-04
elapsed=4.122275e+02 cycle=7590 time=5.067175e+00 dt=6.400428e-04
elapsed=4.127572e+02 cycle=7591 time=5.067815e+00 dt=6.399918e-04
elapsed=4.132751e+02 cycle=7592 time=5.068455e+00 dt=6.399404e-04
elapsed=4.137923e+02 cycle=7593 time=5.069095e+00 dt=6.398888e-04
elapsed=4.143110e+02 cycle=7594 time=5.069735e+00 dt=6.398368e-04
elapsed=4.148472e+02 cycle=7595 time=5.070374e+00 dt=6.397846e-04
elapsed=4.153919e+02 cycle=7596 time=5.071014e+00 dt=6.397320e-04
elapsed=4.159463e+02 cycle=7597 time=5.071654e+00 dt=6.396791e-04
elapsed=4.164872e+02 cycle=7598 time=5.072294e+00 dt=6.396259e-04
elapsed=4.170127e+02 cycle=7599 time=5.072933e+00 dt=6.395723e-04
elapsed=4.175321e+02 cycle=7600 time=5.073573e+00 dt=6.395185e-04
elapsed=4.180495e+02 cycle=7601 time=5.074212e+00 dt=6.394643e-04
elapsed=4.185657e+02 cycle=7602 time=5.074852e+00 dt=6.394097e-04
elapsed=4.190995e+02 cycle=7603 time=5.075491e+00 dt=6.393549e-04
elapsed=4.196363e+02 cycle=7604 time=5.076131e+00 dt=6.392997e-04
elapsed=4.201740e+02 cycle=7605 time=5.076770e+00 dt=6.392442e-04
elapsed=4.207040e+02 cycle=7606 time=5.077409e+00 dt=6.391883e-04
elapsed=4.212245e+02 cycle=7607 time=5.078048e+00 dt=6.391321e-04
elapsed=4.217416e+02 cycle=7608 time=5.078687e+00 dt=6.390755e-04
elapsed=4.222588e+02 cycle=7609 time=5.079327e+00 dt=6.390186e-04
elapsed=4.227752e+02 cycle=7610 time=5.079966e+00 dt=6.389613e-04
elapsed=4.233016e+02 cycle=7611 time=5.080605e+00 dt=6.389037e-04
elapsed=4.238270e+02 cycle=7612 time=5.081243e+00 dt=6.388457e-04
elapsed=4.243498e+02 cycle=7613 time=5.081882e+00 dt=6.387873e-04
elapsed=4.248788e+02 cycle=7614 time=5.082521e+00 dt=6.387286e-04
elapsed=4.253982e+02 cycle=7615 time=5.083160e+00 dt=6.386695e-04
elapsed=4.259146e+02 cycle=7616 time=5.083798e+00 dt=6.386100e-04
elapsed=4.264310e+02 cycle=7617 time=5.084437e+00 dt=6.385401e-04
elapsed=4.269474e+02 cycle=7618 time=5.085076e+00 dt=6.384599e-04
elapsed=4.274845e+02 cycle=7619 time=5.085714e+00 dt=6.383790e-04
elapsed=4.280195e+02 cycle=7620 time=5.086352e+00 dt=6.382973e-04
elapsed=4.285431e+02 cycle=7621 time=5.086991e+00 dt=6.382148e-04
elapsed=4.290799e+02 cycle=7622 time=5.087629e+00 dt=6.381315e-04
elapsed=4.296014e+02 cycle=7623 time=5.088267e+00 dt=6.380475e-04
elapsed=4.301205e+02 cycle=7624 time=5.088905e+00 dt=6.379626e-04
elapsed=4.306399e+02 cycle=7625 time=5.089543e+00 dt=6.378769e-04
elapsed=4.311644e+02 cycle=7626 time=5.090181e+00 dt=6.377903e-04
elapsed=4.317004e+02 cycle=7627 time=5.090819e+00 dt=6.377029e-04
elapsed=4.322399e+02 cycle=7628 time=5.091456e+00 dt=6.376145e-04
elapsed=4.327813e+02 cycle=7629 time=5.092094e+00 dt=6.375254e-04
elapsed=4.333145e+02 cycle=7630 time=5.092732e+00 dt=6.374353e-04
elapsed=4.338341e+02 cycle=7631 time=5.093369e+00 dt=6.373442e-04
elapsed=4.343534e+02 cycle=7632 time=5.094006e+00 dt=6.372523e-04
elapsed=4.348781e+02 cycle=7633 time=5.094644e+00 dt=6.371594e-04
elapsed=4.354182e+02 cycle=7634 time=5.095281e+00 dt=6.370655e-04
elapsed=4.359634e+02 cycle=7635 time=5.095918e+00 dt=6.369706e-04
elapsed=4.365102e+02 cycle=7636 time=5.096555e+00 dt=6.368748e-04
elapsed=4.370636e+02 cycle=7637 time=5.097192e+00 dt=6.367779e-04
elapsed=4.375953e+02 cycle=7638 time=5.097828e+00 dt=6.366799e-04
elapsed=4.381166e+02 cycle=7639 time=5.098465e+00 dt=6.365809e-04
elapsed=4.386384e+02 cycle=7640 time=5.099102e+00 dt=6.364809e-04
elapsed=4.391574e+02 cycle=7641 time=5.099738e+00 dt=6.363797e-04
elapsed=4.396907e+02 cycle=7642 time=5.100375e+00 dt=6.362774e-04
elapsed=4.402149e+02 cycle=7643 time=5.101011e+00 dt=6.361739e-04
elapsed=4.407417e+02 cycle=7644 time=5.101647e+00 dt=6.360693e-04
elapsed=4.412716e+02 cycle=7645 time=5.102283e+00 dt=6.359635e-04
elapsed=4.417997e+02 cycle=7646 time=5.102919e+00 dt=6.358565e-04
elapsed=4.423185e+02 cycle=7647 time=5.103555e+00 dt=6.357483e-04
elapsed=4.428363e+02 cycle=7648 time=5.104191e+00 dt=6.356388e-04
elapsed=4.433539e+02 cycle=7649 time=5.104826e+00 dt=6.355281e-04
elapsed=4.438810e+02 cycle=7650 time=5.105462e+00 dt=6.354160e-04
elapsed=4.444053e+02 cycle=7651 time=5.106097e+00 dt=6.353026e-04
elapsed=4.449320e+02 cycle=7652 time=5.106733e+00 dt=6.351878e-04
elapsed=4.455462e+02 cycle=7653 time=5.107368e+00 dt=6.350716e-04
elapsed=4.460703e+02 cycle=7654 time=5.108003e+00 dt=6.349541e-04
elapsed=4.465931e+02 cycle=7655 time=5.108638e+00 dt=6.348351e-04
elapsed=4.471119e+02 cycle=7656 time=5.109273e+00 dt=6.347146e-04
elapsed=4.476307e+02 cycle=7657 time=5.109907e+00 dt=6.345926e-04
elapsed=4.481603e+02 cycle=7658 time=5.110542e+00 dt=6.344690e-04
elapsed=4.487003e+02 cycle=7659 time=5.111176e+00 dt=6.343439e-04
elapsed=4.492283e+02 cycle=7660 time=5.111811e+00 dt=6.342172e-04
elapsed=4.497587e+02 cycle=7661 time=5.112445e+00 dt=6.340889e-04
elapsed=4.502832e+02 cycle=7662 time=5.113079e+00 dt=6.339589e-04
elapsed=4.508032e+02 cycle=7663 time=5.113713e+00 dt=6.338271e-04
elapsed=4.513217e+02 cycle=7664 time=5.114347e+00 dt=6.336936e-04
elapsed=4.518408e+02 cycle=7665 time=5.114981e+00 dt=6.335584e-04
elapsed=4.523825e+02 cycle=7666 time=5.115614e+00 dt=6.334177e-04
elapsed=4.529233e+02 cycle=7667 time=5.116248e+00 dt=6.332737e-04
elapsed=4.534550e+02 cycle=7668 time=5.116881e+00 dt=6.331278e-04
elapsed=4.539960e+02 cycle=7669 time=5.117514e+00 dt=6.329798e-04
elapsed=4.545155e+02 cycle=7670 time=5.118147e+00 dt=6.328298e-04
elapsed=4.550327e+02 cycle=7671 time=5.118780e+00 dt=6.326777e-04
elapsed=4.555508e+02 cycle=7672 time=5.119412e+00 dt=6.325234e-04
elapsed=4.560738e+02 cycle=7673 time=5.120045e+00 dt=6.323669e-04
elapsed=4.566204e+02 cycle=7674 time=5.120677e+00 dt=6.322082e-04
elapsed=4.571602e+02 cycle=7675 time=5.121310e+00 dt=6.320471e-04
elapsed=4.576883e+02 cycle=7676 time=5.121942e+00 dt=6.318837e-04
elapsed=4.582228e+02 cycle=7677 time=5.122573e+00 dt=6.317179e-04
elapsed=4.587426e+02 cycle=7678 time=5.123205e+00 dt=6.315495e-04
elapsed=4.592601e+02 cycle=7679 time=5.123837e+00 dt=6.313786e-04
elapsed=4.597767e+02 cycle=7680 time=5.124468e+00 dt=6.312051e-04
elapsed=4.603020e+02 cycle=7681 time=5.125099e+00 dt=6.310289e-04
elapsed=4.608304e+02 cycle=7682 time=5.125730e+00 dt=6.308500e-04
elapsed=4.613533e+02 cycle=7683 time=5.126361e+00 dt=6.306682e-04
elapsed=4.618951e+02 cycle=7684 time=5.126992e+00 dt=6.304835e-04
elapsed=4.624342e+02 cycle=7685 time=5.127622e+00 dt=6.302959e-04
elapsed=4.629521e+02 cycle=7686 time=5.128253e+00 dt=6.301052e-04
elapsed=4.634695e+02 cycle=7687 time=5.128883e+00 dt=6.299114e-04
elapsed=4.639909e+02 cycle=7688 time=5.129513e+00 dt=6.297143e-04
elapsed=4.645168e+02 cycle=7689 time=5.130142e+00 dt=6.295139e-04
elapsed=4.650389e+02 cycle=7690 time=5.130772e+00 dt=6.293101e-04
elapsed=4.655675e+02 cycle=7691 time=5.131401e+00 dt=6.291028e-04
elapsed=4.660927e+02 cycle=7692 time=5.132030e+00 dt=6.288919e-04
elapsed=4.666155e+02 cycle=7693 time=5.132659e+00 dt=6.286773e-04
elapsed=4.671332e+02 cycle=7694 time=5.133288e+00 dt=6.284589e-04
elapsed=4.676508e+02 cycle=7695 time=5.133916e+00 dt=6.282365e-04
elapsed=4.681673e+02 cycle=7696 time=5.134545e+00 dt=6.280101e-04
elapsed=4.686983e+02 cycle=7697 time=5.135173e+00 dt=6.277795e-04
elapsed=4.692273e+02 cycle=7698 time=5.135800e+00 dt=6.275446e-04
elapsed=4.697572e+02 cycle=7699 time=5.136428e+00 dt=6.273053e-04
elapsed=4.702880e+02 cycle=7700 time=5.137055e+00 dt=6.270614e-04
elapsed=4.708119e+02 cycle=7701 time=5.137682e+00 dt=6.268127e-04
elapsed=4.713295e+02 cycle=7702 time=5.138309e+00 dt=6.265592e-04
elapsed=4.718467e+02 cycle=7703 time=5.138936e+00 dt=6.263007e-04
elapsed=4.723650e+02 cycle=7704 time=5.139562e+00 dt=6.260369e-04
elapsed=4.728957e+02 cycle=7705 time=5.140188e+00 dt=6.257677e-04
elapsed=4.734176e+02 cycle=7706 time=5.140814e+00 dt=6.254930e-04
elapsed=4.739533e+02 cycle=7707 time=5.141439e+00 dt=6.252125e-04
elapsed=4.744806e+02 cycle=7708 time=5.142064e+00 dt=6.249261e-04
elapsed=4.750044e+02 cycle=7709 time=5.142689e+00 dt=6.246335e-04
elapsed=4.755241e+02 cycle=7710 time=5.143314e+00 dt=6.243344e-04
elapsed=4.760416e+02 cycle=7711 time=5.143938e+00 dt=6.240288e-04
elapsed=4.765581e+02 cycle=7712 time=5.144562e+00 dt=6.237163e-04
elapsed=4.770937e+02 cycle=7713 time=5.145186e+00 dt=6.233966e-04
elapsed=4.776391e+02 cycle=7714 time=5.145809e+00 dt=6.230695e-04
elapsed=4.781806e+02 cycle=7715 time=5.146433e+00 dt=6.227347e-04
elapsed=4.787216e+02 cycle=7716 time=5.147055e+00 dt=6.223919e-04
elapsed=4.792551e+02 cycle=7717 time=5.147678e+00 dt=6.220408e-04
elapsed=4.797737e+02 cycle=7718 time=5.148300e+00 dt=6.216811e-04
elapsed=4.802940e+02 cycle=7719 time=5.148921e+00 dt=6.213123e-04
elapsed=4.808137e+02 cycle=7720 time=5.149543e+00 dt=6.209341e-04
elapsed=4.813554e+02 cycle=7721 time=5.150164e+00 dt=6.205461e-04
elapsed=4.819030e+02 cycle=7722 time=5.150784e+00 dt=6.201479e-04
elapsed=4.824519e+02 cycle=7723 time=5.151404e+00 dt=6.197390e-04
elapsed=4.829923e+02 cycle=7724 time=5.152024e+00 dt=6.193190e-04
elapsed=4.835115e+02 cycle=7725 time=5.152643e+00 dt=6.188873e-04
elapsed=4.840294e+02 cycle=7726 time=5.153262e+00 dt=6.184434e-04
elapsed=4.845464e+02 cycle=7727 time=5.153881e+00 dt=6.179867e-04
elapsed=4.850695e+02 cycle=7728 time=5.154499e+00 dt=6.175166e-04
elapsed=4.855905e+02 cycle=7729 time=5.155116e+00 dt=6.170325e-04
elapsed=4.861395e+02 cycle=7730 time=5.155733e+00 dt=6.165336e-04
elapsed=4.866806e+02 cycle=7731 time=5.156350e+00 dt=6.160193e-04
elapsed=4.872127e+02 cycle=7732 time=5.156966e+00 dt=6.154886e-04
elapsed=4.877319e+02 cycle=7733 time=5.157581e+00 dt=6.149408e-04
elapsed=4.882503e+02 cycle=7734 time=5.158196e+00 dt=6.143749e-04
elapsed=4.887691e+02 cycle=7735 time=5.158811e+00 dt=6.137899e-04
elapsed=4.892932e+02 cycle=7736 time=5.159424e+00 dt=6.131848e-04
elapsed=4.898169e+02 cycle=7737 time=5.160038e+00 dt=6.125585e-04
elapsed=4.903421e+02 cycle=7738 time=5.160650e+00 dt=6.119096e-04
elapsed=4.908696e+02 cycle=7739 time=5.161262e+00 dt=6.112369e-04
elapsed=4.913942e+02 cycle=7740 time=5.161873e+00 dt=6.105389e-04
elapsed=4.919130e+02 cycle=7741 time=5.162484e+00 dt=6.098141e-04
elapsed=4.924312e+02 cycle=7742 time=5.163094e+00 dt=6.090608e-04
elapsed=4.929516e+02 cycle=7743 time=5.163703e+00 dt=6.082772e-04
elapsed=4.934822e+02 cycle=7744 time=5.164311e+00 dt=6.074612e-04
elapsed=4.940269e+02 cycle=7745 time=5.164918e+00 dt=6.066107e-04
elapsed=4.945741e+02 cycle=7746 time=5.165525e+00 dt=6.057234e-04
elapsed=4.951106e+02 cycle=7747 time=5.166131e+00 dt=6.047967e-04
elapsed=4.956355e+02 cycle=7748 time=5.166736e+00 dt=6.038278e-04
elapsed=4.961547e+02 cycle=7749 time=5.167339e+00 dt=6.028136e-04
elapsed=4.966751e+02 cycle=7750 time=5.167942e+00 dt=6.017507e-04
elapsed=4.971935e+02 cycle=7751 time=5.168544e+00 dt=6.006356e-04
elapsed=4.977237e+02 cycle=7752 time=5.169145e+00 dt=5.994642e-04
elapsed=4.982477e+02 cycle=7753 time=5.169744e+00 dt=5.982319e-04
elapsed=4.987762e+02 cycle=7754 time=5.170342e+00 dt=5.969340e-04
elapsed=4.993048e+02 cycle=7755 time=5.170939e+00 dt=5.955650e-04
elapsed=4.998291e+02 cycle=7756 time=5.171535e+00 dt=5.941190e-04
elapsed=5.003539e+02 cycle=7757 time=5.172129e+00 dt=5.925895e-04
elapsed=5.008736e+02 cycle=7758 time=5.172721e+00 dt=5.909693e-04
elapsed=5.013922e+02 cycle=7759 time=5.173312e+00 dt=5.892503e-04
elapsed=5.019276e+02 cycle=7760 time=5.173902e+00 dt=5.874237e-04
elapsed=5.024678e+02 cycle=7761 time=5.174489e+00 dt=5.854798e-04
elapsed=5.030051e+02 cycle=7762 time=5.175075e+00 dt=5.834079e-04
elapsed=5.035341e+02 cycle=7763 time=5.175658e+00 dt=5.811960e-04
elapsed=5.040613e+02 cycle=7764 time=5.176239e+00 dt=5.788314e-04
elapsed=5.045789e+02 cycle=7765 time=5.176818e+00 dt=5.762997e-04
elapsed=5.050963e+02 cycle=7766 time=5.177394e+00 dt=5.735854e-04
elapsed=5.056129e+02 cycle=7767 time=5.177968e+00 dt=5.706720e-04
elapsed=5.061545e+02 cycle=7768 time=5.178539e+00 dt=5.675417e-04
elapsed=5.066999e+02 cycle=7769 time=5.179106e+00 dt=5.641758e-04
elapsed=5.072360e+02 cycle=7770 time=5.179670e+00 dt=5.605552e-04
elapsed=5.077703e+02 cycle=7771 time=5.180231e+00 dt=5.566612e-04
elapsed=5.082913e+02 cycle=7772 time=5.180788e+00 dt=5.524767e-04
elapsed=5.088095e+02 cycle=7773 time=5.181340e+00 dt=5.479880e-04
elapsed=5.093267e+02 cycle=7774 time=5.181888e+00 dt=5.431876e-04
elapsed=5.098431e+02 cycle=7775 time=5.182431e+00 dt=5.380178e-04
elapsed=5.103814e+02 cycle=7776 time=5.182969e+00 dt=5.322398e-04
elapsed=5.109201e+02 cycle=7777 time=5.183501e+00 dt=5.260535e-04
elapsed=5.114445e+02 cycle=7778 time=5.184028e+00 dt=5.153684e-04
elapsed=5.119708e+02 cycle=7779 time=5.184543e+00 dt=4.954478e-04
elapsed=5.124887e+02 cycle=7780 time=5.185038e+00 dt=4.726911e-04
elapsed=5.130063e+02 cycle=7781 time=5.185511e+00 dt=4.423047e-04
elapsed=5.135231e+02 cycle=7782 time=5.185953e+00 dt=4.073952e-04
elapsed=5.140468e+02 cycle=7783 time=5.186361e+00 dt=3.706403e-04
elapsed=5.145679e+02 cycle=7784 time=5.186731e+00 dt=3.333586e-04
elapsed=5.150905e+02 cycle=7785 time=5.187065e+00 dt=2.966528e-04
elapsed=5.156163e+02 cycle=7786 time=5.187361e+00 dt=2.500478e-04
elapsed=5.161436e+02 cycle=7787 time=5.187611e+00 dt=2.065685e-04
elapsed=5.166611e+02 cycle=7788 time=5.187818e+00 dt=1.667962e-04
### FATAL ERROR: PC-GH strict diagnostic failed at t=5.187818e+00 during post-RK update on rank 0: conformal metric lost positive definiteness, det=-2.584038e+00 at (m,k,j,i)=(50,4,9,10), (x,y,z)=(-5.859375e-03,-4.101562e-02,-6.054688e-02)
Kokkos::Cuda ERROR: Failed to call Kokkos::Cuda::finalize()
