
Root grid = 3 x 2 x 2 MeshBlocks
Total number of MeshBlocks = 12
Number of logical  levels of refinement = 2 (3 levels total)
Number of physical levels of refinement = 0 (1 levels total)
Number of parallel ranks = 12
  Rank = 0: 1 MeshBlocks, cost = 1
  Rank = 1: 1 MeshBlocks, cost = 1
  Rank = 2: 1 MeshBlocks, cost = 1
  Rank = 3: 1 MeshBlocks, cost = 1
  Rank = 4: 1 MeshBlocks, cost = 1
  Rank = 5: 1 MeshBlocks, cost = 1
  Rank = 6: 1 MeshBlocks, cost = 1
  Rank = 7: 1 MeshBlocks, cost = 1
  Rank = 8: 1 MeshBlocks, cost = 1
  Rank = 9: 1 MeshBlocks, cost = 1
  Rank = 10: 1 MeshBlocks, cost = 1
  Rank = 11: 1 MeshBlocks, cost = 1
Load Balancing:
  Maximum normalized cost = 1, Average = 1
reference-GH puncture vertex audit passed; minimum cell radius=0.216506, wormhole match state=0, G=0, lapse=4.41173e-16, shift=0

Setup complete, executing task list(s)...

elapsed=6.540366e-01 cycle=0 time=0.000000e+00 dt=1.000000e-02
reference-GH controlled Schwarzschild final: time=1.000000e-02 state Linf=1.000003e+00 bad-state=0.000000e+00
elapsed=1.242199e+00 cycle=1 time=1.000000e-02 dt=2.000000e-02

Terminating on cycle limit
time=1.000000e-02 cycle=1
tlim=1.000000e-02 nlim=1

MeshBlock-cycles = 12
cpu time used  = 5.882268e-01
zone-cycles/cpu_second = 1.044495e+04
particle-updates/cpu_second = 0.000000e+00
