### WARNING in /Users/hz0693/research/athenak-pcgh-clean-reduction-20260907/src/mesh/load_balance.cpp at line 83
Number of MeshBlocks cannot be divided evenly by number of MPI ranks. This will result in poor load balancing.

Root grid = 2 x 2 x 1 MeshBlocks
Total number of MeshBlocks = 7
Number of logical  levels of refinement = 2 (3 levels total)
Number of physical levels of refinement = 1 (2 levels total)
Number of parallel ranks = 2
  Rank = 0: 3 MeshBlocks, cost = 3
  Rank = 1: 4 MeshBlocks, cost = 4
Load Balancing:
  Maximum normalized cost = 1.33333, Average = 1.16667

Setup complete, executing task list(s)...

elapsed=4.568533e-02 cycle=0 time=0.000000e+00 dt=1.250000e-04
### FATAL ERROR: intrinsic_clean: cannot exclusively create stage dump intrinsic-stage-r0-g0-c0-s1-pre-rk.dat
--------------------------------------------------------------------------

prterun detected that one or more processes exited with non-zero status,
thus causing the job to be terminated. The first process to do so was:

   Process name: [prterun-PU-KL2XFPVQ0D-41665@1,0]
   Exit code:    1
--------------------------------------------------------------------------
