
Root grid = 1 x 1 x 1 MeshBlocks
Total number of MeshBlocks = 1
Number of logical  levels of refinement = 0 (1 levels total)
Number of physical levels of refinement = 0 (1 levels total)
Number of parallel ranks = 1
### WARNING in /home/hzhu/Desktop/research/gr/athenak/src/parameter_input.cpp: input parameter <output2>/file_type = rst was not used by the code (check for a typo)

Setup complete, executing task list(s)...

elapsed=4.822976e-02 cycle=0 time=0.000000e+00 dt=8.408347e-03
elapsed=2.058624e-01 cycle=1 time=8.408347e-03 dt=8.408347e-03
elapsed=3.603656e-01 cycle=2 time=1.681669e-02 dt=8.408346e-03
elapsed=5.138641e-01 cycle=3 time=2.522504e-02 dt=8.408345e-03
elapsed=6.681452e-01 cycle=4 time=3.363339e-02 dt=8.408343e-03
elapsed=8.234403e-01 cycle=5 time=4.204173e-02 dt=8.408341e-03
elapsed=9.780697e-01 cycle=6 time=5.045007e-02 dt=8.408338e-03
elapsed=1.133637e+00 cycle=7 time=5.885841e-02 dt=8.408335e-03
elapsed=1.293255e+00 cycle=8 time=6.726674e-02 dt=8.408332e-03
elapsed=1.449871e+00 cycle=9 time=7.567508e-02 dt=8.408328e-03
elapsed=1.606711e+00 cycle=10 time=8.408340e-02 dt=8.408324e-03
elapsed=1.762854e+00 cycle=11 time=9.249173e-02 dt=8.408319e-03
elapsed=1.920242e+00 cycle=12 time=1.009000e-01 dt=8.408314e-03
elapsed=2.076571e+00 cycle=13 time=1.093084e-01 dt=8.408309e-03
elapsed=2.233113e+00 cycle=14 time=1.177167e-01 dt=8.408303e-03
elapsed=2.390593e+00 cycle=15 time=1.261250e-01 dt=8.408297e-03
elapsed=2.546961e+00 cycle=16 time=1.345333e-01 dt=8.408291e-03
elapsed=2.703704e+00 cycle=17 time=1.429416e-01 dt=8.408284e-03
elapsed=2.860562e+00 cycle=18 time=1.513498e-01 dt=8.408278e-03
elapsed=3.018232e+00 cycle=19 time=1.597581e-01 dt=8.408271e-03
elapsed=3.179440e+00 cycle=20 time=1.681664e-01 dt=8.408264e-03
elapsed=3.342202e+00 cycle=21 time=1.765747e-01 dt=8.408256e-03
elapsed=3.500787e+00 cycle=22 time=1.849829e-01 dt=8.408248e-03
elapsed=3.663770e+00 cycle=23 time=1.933912e-01 dt=8.408241e-03
elapsed=3.822327e+00 cycle=24 time=2.017994e-01 dt=8.408233e-03
elapsed=3.979188e+00 cycle=25 time=2.102076e-01 dt=8.408225e-03
elapsed=4.137359e+00 cycle=26 time=2.186159e-01 dt=8.408216e-03
elapsed=4.295503e+00 cycle=27 time=2.270241e-01 dt=8.408208e-03
elapsed=4.453156e+00 cycle=28 time=2.354323e-01 dt=8.408200e-03
elapsed=4.609682e+00 cycle=29 time=2.438405e-01 dt=8.408191e-03
elapsed=4.768090e+00 cycle=30 time=2.522487e-01 dt=8.408182e-03
elapsed=4.924890e+00 cycle=31 time=2.606569e-01 dt=8.408173e-03
elapsed=5.081835e+00 cycle=32 time=2.690650e-01 dt=8.408165e-03
elapsed=5.239133e+00 cycle=33 time=2.774732e-01 dt=8.408156e-03
elapsed=5.395710e+00 cycle=34 time=2.858813e-01 dt=8.408147e-03
elapsed=5.552416e+00 cycle=35 time=2.942895e-01 dt=8.408138e-03
elapsed=5.709070e+00 cycle=36 time=3.026976e-01 dt=8.408128e-03
elapsed=5.867342e+00 cycle=37 time=3.111058e-01 dt=8.408119e-03
elapsed=6.023566e+00 cycle=38 time=3.195139e-01 dt=8.408110e-03
elapsed=6.180077e+00 cycle=39 time=3.279220e-01 dt=8.408101e-03
elapsed=6.338516e+00 cycle=40 time=3.363301e-01 dt=8.408092e-03
elapsed=6.494877e+00 cycle=41 time=3.447382e-01 dt=8.408083e-03
elapsed=6.652012e+00 cycle=42 time=3.531463e-01 dt=8.408074e-03
elapsed=6.812344e+00 cycle=43 time=3.615543e-01 dt=8.408065e-03
elapsed=6.972291e+00 cycle=44 time=3.699624e-01 dt=8.408056e-03
elapsed=7.130758e+00 cycle=45 time=3.783705e-01 dt=8.408047e-03
elapsed=7.291730e+00 cycle=46 time=3.867785e-01 dt=8.408038e-03
elapsed=7.454998e+00 cycle=47 time=3.951865e-01 dt=8.408029e-03
elapsed=7.618731e+00 cycle=48 time=4.035946e-01 dt=8.408020e-03
elapsed=7.781378e+00 cycle=49 time=4.120026e-01 dt=8.408011e-03
elapsed=7.944890e+00 cycle=50 time=4.204106e-01 dt=8.408002e-03
elapsed=8.107767e+00 cycle=51 time=4.288186e-01 dt=8.407994e-03
elapsed=8.267796e+00 cycle=52 time=4.372266e-01 dt=8.407985e-03
elapsed=8.429399e+00 cycle=53 time=4.456346e-01 dt=8.407977e-03
elapsed=8.595253e+00 cycle=54 time=4.540426e-01 dt=8.407969e-03
elapsed=8.755893e+00 cycle=55 time=4.624505e-01 dt=8.407960e-03
elapsed=8.915735e+00 cycle=56 time=4.708585e-01 dt=8.407952e-03
elapsed=9.075956e+00 cycle=57 time=4.792664e-01 dt=8.407944e-03
elapsed=9.235484e+00 cycle=58 time=4.876744e-01 dt=8.407937e-03
elapsed=9.393656e+00 cycle=59 time=4.960823e-01 dt=8.407929e-03
elapsed=9.551447e+00 cycle=60 time=5.044903e-01 dt=8.407922e-03
elapsed=9.707162e+00 cycle=61 time=5.128982e-01 dt=8.407914e-03
elapsed=9.868253e+00 cycle=62 time=5.213061e-01 dt=8.407907e-03
elapsed=1.002830e+01 cycle=63 time=5.297140e-01 dt=8.407900e-03
elapsed=1.018848e+01 cycle=64 time=5.381219e-01 dt=8.407893e-03
elapsed=1.034829e+01 cycle=65 time=5.465298e-01 dt=8.407886e-03
elapsed=1.050832e+01 cycle=66 time=5.549377e-01 dt=8.407880e-03
elapsed=1.066485e+01 cycle=67 time=5.633456e-01 dt=8.407874e-03
elapsed=1.082022e+01 cycle=68 time=5.717534e-01 dt=8.407868e-03
elapsed=1.097802e+01 cycle=69 time=5.801613e-01 dt=8.407862e-03
elapsed=1.113561e+01 cycle=70 time=5.885692e-01 dt=8.407856e-03
elapsed=1.129301e+01 cycle=71 time=5.969770e-01 dt=8.407851e-03
elapsed=1.145074e+01 cycle=72 time=6.053849e-01 dt=8.407845e-03
elapsed=1.160887e+01 cycle=73 time=6.137927e-01 dt=8.407840e-03
elapsed=1.176654e+01 cycle=74 time=6.222006e-01 dt=8.407836e-03
elapsed=1.192654e+01 cycle=75 time=6.306084e-01 dt=8.407831e-03
elapsed=1.208779e+01 cycle=76 time=6.390162e-01 dt=8.407827e-03
elapsed=1.225145e+01 cycle=77 time=6.474240e-01 dt=8.407823e-03
elapsed=1.241437e+01 cycle=78 time=6.558319e-01 dt=8.407819e-03
elapsed=1.257712e+01 cycle=79 time=6.642397e-01 dt=8.407816e-03
elapsed=1.273903e+01 cycle=80 time=6.726475e-01 dt=8.407812e-03
elapsed=1.290299e+01 cycle=81 time=6.810553e-01 dt=8.407809e-03
elapsed=1.306049e+01 cycle=82 time=6.894631e-01 dt=8.407807e-03
elapsed=1.321982e+01 cycle=83 time=6.978709e-01 dt=8.407804e-03
elapsed=1.337783e+01 cycle=84 time=7.062787e-01 dt=8.407802e-03
elapsed=1.354392e+01 cycle=85 time=7.146865e-01 dt=8.407801e-03
elapsed=1.370629e+01 cycle=86 time=7.230943e-01 dt=8.407799e-03
elapsed=1.386812e+01 cycle=87 time=7.315021e-01 dt=8.407798e-03
elapsed=1.403229e+01 cycle=88 time=7.399099e-01 dt=8.407797e-03
elapsed=1.419490e+01 cycle=89 time=7.483177e-01 dt=8.407797e-03
elapsed=1.435560e+01 cycle=90 time=7.567255e-01 dt=8.407797e-03
elapsed=1.451661e+01 cycle=91 time=7.651333e-01 dt=8.407797e-03
elapsed=1.468412e+01 cycle=92 time=7.735411e-01 dt=8.407797e-03
elapsed=1.485082e+01 cycle=93 time=7.819489e-01 dt=8.407798e-03
elapsed=1.501104e+01 cycle=94 time=7.903567e-01 dt=8.407800e-03
elapsed=1.516983e+01 cycle=95 time=7.987645e-01 dt=8.407801e-03
elapsed=1.533076e+01 cycle=96 time=8.071723e-01 dt=8.407803e-03
elapsed=1.549197e+01 cycle=97 time=8.155801e-01 dt=8.407806e-03
elapsed=1.565545e+01 cycle=98 time=8.239879e-01 dt=8.407808e-03
elapsed=1.581649e+01 cycle=99 time=8.323957e-01 dt=8.407812e-03
elapsed=1.597916e+01 cycle=100 time=8.408035e-01 dt=8.407815e-03
elapsed=1.614241e+01 cycle=101 time=8.492114e-01 dt=8.407819e-03
elapsed=1.630260e+01 cycle=102 time=8.576192e-01 dt=8.407823e-03
elapsed=1.646332e+01 cycle=103 time=8.660270e-01 dt=8.407828e-03
elapsed=1.662599e+01 cycle=104 time=8.744348e-01 dt=8.407834e-03
elapsed=1.678942e+01 cycle=105 time=8.828427e-01 dt=8.407839e-03
elapsed=1.695081e+01 cycle=106 time=8.912505e-01 dt=8.407845e-03
elapsed=1.711004e+01 cycle=107 time=8.996584e-01 dt=8.407852e-03
elapsed=1.726957e+01 cycle=108 time=9.080662e-01 dt=8.407859e-03
elapsed=1.742970e+01 cycle=109 time=9.164741e-01 dt=8.407867e-03
elapsed=1.759332e+01 cycle=110 time=9.248819e-01 dt=8.407875e-03
elapsed=1.775538e+01 cycle=111 time=9.332898e-01 dt=8.407883e-03
elapsed=1.791983e+01 cycle=112 time=9.416977e-01 dt=8.407892e-03
elapsed=1.808676e+01 cycle=113 time=9.501056e-01 dt=8.407901e-03
elapsed=1.825158e+01 cycle=114 time=9.585135e-01 dt=8.407911e-03
elapsed=1.840867e+01 cycle=115 time=9.669214e-01 dt=8.407922e-03
elapsed=1.856528e+01 cycle=116 time=9.753293e-01 dt=8.407933e-03
elapsed=1.872462e+01 cycle=117 time=9.837372e-01 dt=8.407944e-03
elapsed=1.888367e+01 cycle=118 time=9.921452e-01 dt=8.407956e-03
elapsed=1.905268e+01 cycle=119 time=1.000553e+00 dt=8.407969e-03
elapsed=1.921360e+01 cycle=120 time=1.008961e+00 dt=8.407982e-03
elapsed=1.938123e+01 cycle=121 time=1.017369e+00 dt=8.407996e-03
elapsed=1.954510e+01 cycle=122 time=1.025777e+00 dt=8.408010e-03
elapsed=1.970354e+01 cycle=123 time=1.034185e+00 dt=8.408025e-03
elapsed=1.986283e+01 cycle=124 time=1.042593e+00 dt=8.408040e-03
elapsed=2.002185e+01 cycle=125 time=1.051001e+00 dt=8.408056e-03
elapsed=2.018221e+01 cycle=126 time=1.059409e+00 dt=8.408072e-03
elapsed=2.034275e+01 cycle=127 time=1.067817e+00 dt=8.408089e-03
elapsed=2.050284e+01 cycle=128 time=1.076225e+00 dt=8.408107e-03
elapsed=2.066248e+01 cycle=129 time=1.084633e+00 dt=8.408126e-03
elapsed=2.082335e+01 cycle=130 time=1.093042e+00 dt=8.408145e-03
elapsed=2.098434e+01 cycle=131 time=1.101450e+00 dt=8.408164e-03
elapsed=2.115281e+01 cycle=132 time=1.109858e+00 dt=8.408184e-03
elapsed=2.131389e+01 cycle=133 time=1.118266e+00 dt=8.408205e-03
elapsed=2.147455e+01 cycle=134 time=1.126674e+00 dt=8.408227e-03
elapsed=2.163563e+01 cycle=135 time=1.135083e+00 dt=8.408249e-03
elapsed=2.179655e+01 cycle=136 time=1.143491e+00 dt=8.408272e-03
elapsed=2.195577e+01 cycle=137 time=1.151899e+00 dt=8.408296e-03
elapsed=2.211705e+01 cycle=138 time=1.160307e+00 dt=8.408320e-03
elapsed=2.228150e+01 cycle=139 time=1.168716e+00 dt=8.408345e-03
elapsed=2.244273e+01 cycle=140 time=1.177124e+00 dt=8.408371e-03
elapsed=2.260867e+01 cycle=141 time=1.185532e+00 dt=8.408397e-03
elapsed=2.277657e+01 cycle=142 time=1.193941e+00 dt=8.408424e-03
elapsed=2.293752e+01 cycle=143 time=1.202349e+00 dt=8.408452e-03
elapsed=2.309631e+01 cycle=144 time=1.210758e+00 dt=8.408481e-03
elapsed=2.325469e+01 cycle=145 time=1.219166e+00 dt=8.408510e-03
elapsed=2.341625e+01 cycle=146 time=1.227575e+00 dt=8.408540e-03
elapsed=2.357493e+01 cycle=147 time=1.235983e+00 dt=8.408571e-03
elapsed=2.373446e+01 cycle=148 time=1.244392e+00 dt=8.408603e-03
elapsed=2.389663e+01 cycle=149 time=1.252800e+00 dt=8.408635e-03
elapsed=2.405654e+01 cycle=150 time=1.261209e+00 dt=8.408668e-03
elapsed=2.421872e+01 cycle=151 time=1.269618e+00 dt=8.408702e-03
elapsed=2.437913e+01 cycle=152 time=1.278026e+00 dt=8.408737e-03
elapsed=2.453911e+01 cycle=153 time=1.286435e+00 dt=8.408773e-03
elapsed=2.471444e+01 cycle=154 time=1.294844e+00 dt=8.408810e-03
elapsed=2.487115e+01 cycle=155 time=1.303253e+00 dt=8.408847e-03
elapsed=2.502965e+01 cycle=156 time=1.311662e+00 dt=8.408885e-03
elapsed=2.519281e+01 cycle=157 time=1.320070e+00 dt=8.408924e-03
elapsed=2.535236e+01 cycle=158 time=1.328479e+00 dt=8.408964e-03
elapsed=2.551040e+01 cycle=159 time=1.336888e+00 dt=8.409005e-03
elapsed=2.566914e+01 cycle=160 time=1.345297e+00 dt=8.409047e-03
elapsed=2.582818e+01 cycle=161 time=1.353706e+00 dt=8.409089e-03
elapsed=2.598761e+01 cycle=162 time=1.362115e+00 dt=8.409133e-03
elapsed=2.614978e+01 cycle=163 time=1.370525e+00 dt=8.409177e-03
elapsed=2.630873e+01 cycle=164 time=1.378934e+00 dt=8.409222e-03
elapsed=2.646998e+01 cycle=165 time=1.387343e+00 dt=8.409268e-03
elapsed=2.662957e+01 cycle=166 time=1.395752e+00 dt=8.409316e-03
elapsed=2.679397e+01 cycle=167 time=1.404162e+00 dt=8.409364e-03
elapsed=2.695138e+01 cycle=168 time=1.412571e+00 dt=8.409413e-03
elapsed=2.711177e+01 cycle=169 time=1.420980e+00 dt=8.409463e-03
elapsed=2.727063e+01 cycle=170 time=1.429390e+00 dt=8.409514e-03
elapsed=2.742799e+01 cycle=171 time=1.437799e+00 dt=8.409566e-03
elapsed=2.758715e+01 cycle=172 time=1.446209e+00 dt=8.409619e-03
elapsed=2.774609e+01 cycle=173 time=1.454619e+00 dt=8.409673e-03
elapsed=2.790455e+01 cycle=174 time=1.463028e+00 dt=8.409728e-03
elapsed=2.806306e+01 cycle=175 time=1.471438e+00 dt=8.409784e-03
elapsed=2.822213e+01 cycle=176 time=1.479848e+00 dt=8.409841e-03
elapsed=2.838237e+01 cycle=177 time=1.488258e+00 dt=8.409899e-03
elapsed=2.854311e+01 cycle=178 time=1.496667e+00 dt=8.409958e-03
elapsed=2.870712e+01 cycle=179 time=1.505077e+00 dt=8.410018e-03
elapsed=2.887712e+01 cycle=180 time=1.513487e+00 dt=8.410079e-03
elapsed=2.903859e+01 cycle=181 time=1.521897e+00 dt=8.410141e-03
elapsed=2.919661e+01 cycle=182 time=1.530308e+00 dt=8.410205e-03
elapsed=2.935737e+01 cycle=183 time=1.538718e+00 dt=8.410269e-03
elapsed=2.951660e+01 cycle=184 time=1.547128e+00 dt=8.410335e-03
elapsed=2.967334e+01 cycle=185 time=1.555538e+00 dt=8.410401e-03
elapsed=2.983133e+01 cycle=186 time=1.563949e+00 dt=8.410469e-03
elapsed=2.998749e+01 cycle=187 time=1.572359e+00 dt=8.410538e-03
elapsed=3.014370e+01 cycle=188 time=1.580770e+00 dt=8.410608e-03
elapsed=3.030214e+01 cycle=189 time=1.589180e+00 dt=8.410679e-03
elapsed=3.046009e+01 cycle=190 time=1.597591e+00 dt=8.410751e-03
elapsed=3.062091e+01 cycle=191 time=1.606002e+00 dt=8.410825e-03
elapsed=3.078020e+01 cycle=192 time=1.614413e+00 dt=8.410899e-03
elapsed=3.093965e+01 cycle=193 time=1.622824e+00 dt=8.410975e-03
elapsed=3.110048e+01 cycle=194 time=1.631235e+00 dt=8.411052e-03
elapsed=3.126049e+01 cycle=195 time=1.639646e+00 dt=8.411130e-03
elapsed=3.142329e+01 cycle=196 time=1.648057e+00 dt=8.411210e-03
elapsed=3.158091e+01 cycle=197 time=1.656468e+00 dt=8.411290e-03
elapsed=3.174309e+01 cycle=198 time=1.664879e+00 dt=8.411372e-03
elapsed=3.190241e+01 cycle=199 time=1.673291e+00 dt=8.411455e-03
elapsed=3.207161e+01 cycle=200 time=1.681702e+00 dt=8.411539e-03
elapsed=3.223281e+01 cycle=201 time=1.690114e+00 dt=8.411625e-03
elapsed=3.239242e+01 cycle=202 time=1.698525e+00 dt=8.411711e-03
elapsed=3.255159e+01 cycle=203 time=1.706937e+00 dt=8.411799e-03
elapsed=3.271091e+01 cycle=204 time=1.715349e+00 dt=8.411889e-03
elapsed=3.286877e+01 cycle=205 time=1.723761e+00 dt=8.411979e-03
elapsed=3.302747e+01 cycle=206 time=1.732173e+00 dt=8.412071e-03
elapsed=3.318610e+01 cycle=207 time=1.740585e+00 dt=8.412164e-03
elapsed=3.334340e+01 cycle=208 time=1.748997e+00 dt=8.412258e-03
elapsed=3.350190e+01 cycle=209 time=1.757409e+00 dt=8.412354e-03
elapsed=3.366013e+01 cycle=210 time=1.765821e+00 dt=8.412451e-03
elapsed=3.381817e+01 cycle=211 time=1.774234e+00 dt=8.412549e-03
elapsed=3.397615e+01 cycle=212 time=1.782646e+00 dt=8.412649e-03
elapsed=3.413339e+01 cycle=213 time=1.791059e+00 dt=8.412750e-03
elapsed=3.429141e+01 cycle=214 time=1.799472e+00 dt=8.412852e-03
elapsed=3.445315e+01 cycle=215 time=1.807885e+00 dt=8.412956e-03
elapsed=3.461092e+01 cycle=216 time=1.816298e+00 dt=8.413061e-03
elapsed=3.476835e+01 cycle=217 time=1.824711e+00 dt=8.413167e-03
elapsed=3.492614e+01 cycle=218 time=1.833124e+00 dt=8.413275e-03
elapsed=3.508214e+01 cycle=219 time=1.841537e+00 dt=8.413384e-03
elapsed=3.523736e+01 cycle=220 time=1.849951e+00 dt=8.413495e-03
elapsed=3.539266e+01 cycle=221 time=1.858364e+00 dt=8.413607e-03
elapsed=3.554856e+01 cycle=222 time=1.866778e+00 dt=8.413720e-03
elapsed=3.570809e+01 cycle=223 time=1.875191e+00 dt=8.413835e-03
elapsed=3.586932e+01 cycle=224 time=1.883605e+00 dt=8.413951e-03
elapsed=3.603108e+01 cycle=225 time=1.892019e+00 dt=8.414068e-03
elapsed=3.619127e+01 cycle=226 time=1.900433e+00 dt=8.414187e-03
elapsed=3.634865e+01 cycle=227 time=1.908847e+00 dt=8.414308e-03
elapsed=3.650716e+01 cycle=228 time=1.917262e+00 dt=8.414430e-03
elapsed=3.666433e+01 cycle=229 time=1.925676e+00 dt=8.414553e-03
elapsed=3.682221e+01 cycle=230 time=1.934091e+00 dt=8.414678e-03
elapsed=3.698057e+01 cycle=231 time=1.942505e+00 dt=8.414804e-03
elapsed=3.713959e+01 cycle=232 time=1.950920e+00 dt=8.414932e-03
elapsed=3.729720e+01 cycle=233 time=1.959335e+00 dt=8.415061e-03
elapsed=3.745546e+01 cycle=234 time=1.967750e+00 dt=8.415191e-03
elapsed=3.761411e+01 cycle=235 time=1.976165e+00 dt=8.415323e-03
elapsed=3.777281e+01 cycle=236 time=1.984581e+00 dt=8.415457e-03
elapsed=3.793108e+01 cycle=237 time=1.992996e+00 dt=8.415592e-03
elapsed=3.808936e+01 cycle=238 time=2.001412e+00 dt=8.415729e-03
elapsed=3.824802e+01 cycle=239 time=2.009828e+00 dt=8.415867e-03
elapsed=3.840777e+01 cycle=240 time=2.018243e+00 dt=8.416007e-03
elapsed=3.856468e+01 cycle=241 time=2.026659e+00 dt=8.416148e-03
elapsed=3.872542e+01 cycle=242 time=2.035076e+00 dt=8.416290e-03
elapsed=3.888524e+01 cycle=243 time=2.043492e+00 dt=8.416435e-03
elapsed=3.904504e+01 cycle=244 time=2.051908e+00 dt=8.416580e-03
elapsed=3.920180e+01 cycle=245 time=2.060325e+00 dt=8.416727e-03
elapsed=3.936076e+01 cycle=246 time=2.068742e+00 dt=8.416876e-03
elapsed=3.952014e+01 cycle=247 time=2.077158e+00 dt=8.417027e-03
elapsed=3.968176e+01 cycle=248 time=2.085575e+00 dt=8.417179e-03
elapsed=3.983974e+01 cycle=249 time=2.093993e+00 dt=8.417332e-03
elapsed=4.000114e+01 cycle=250 time=2.102410e+00 dt=8.417487e-03
elapsed=4.015825e+01 cycle=251 time=2.110827e+00 dt=8.417644e-03
elapsed=4.031430e+01 cycle=252 time=2.119245e+00 dt=8.417802e-03
elapsed=4.046902e+01 cycle=253 time=2.127663e+00 dt=8.417962e-03
elapsed=4.062508e+01 cycle=254 time=2.136081e+00 dt=8.418123e-03
elapsed=4.078334e+01 cycle=255 time=2.144499e+00 dt=8.418286e-03
elapsed=4.094082e+01 cycle=256 time=2.152917e+00 dt=8.418450e-03
elapsed=4.109559e+01 cycle=257 time=2.161336e+00 dt=8.418616e-03
elapsed=4.125231e+01 cycle=258 time=2.169754e+00 dt=8.418784e-03
elapsed=4.140863e+01 cycle=259 time=2.178173e+00 dt=8.418953e-03
elapsed=4.156458e+01 cycle=260 time=2.186592e+00 dt=8.419124e-03
elapsed=4.172058e+01 cycle=261 time=2.195011e+00 dt=8.419297e-03
elapsed=4.187663e+01 cycle=262 time=2.203430e+00 dt=8.419471e-03
elapsed=4.203261e+01 cycle=263 time=2.211850e+00 dt=8.419647e-03
elapsed=4.219035e+01 cycle=264 time=2.220270e+00 dt=8.419824e-03
elapsed=4.234644e+01 cycle=265 time=2.228689e+00 dt=8.420003e-03
elapsed=4.250292e+01 cycle=266 time=2.237109e+00 dt=8.420184e-03
elapsed=4.265963e+01 cycle=267 time=2.245530e+00 dt=8.420366e-03
elapsed=4.281665e+01 cycle=268 time=2.253950e+00 dt=8.420550e-03
elapsed=4.297279e+01 cycle=269 time=2.262371e+00 dt=8.420735e-03
elapsed=4.312934e+01 cycle=270 time=2.270791e+00 dt=8.420923e-03
elapsed=4.328632e+01 cycle=271 time=2.279212e+00 dt=8.421111e-03
elapsed=4.344608e+01 cycle=272 time=2.287633e+00 dt=8.421302e-03
elapsed=4.360426e+01 cycle=273 time=2.296055e+00 dt=8.421494e-03
elapsed=4.376159e+01 cycle=274 time=2.304476e+00 dt=8.421688e-03
elapsed=4.392179e+01 cycle=275 time=2.312898e+00 dt=8.421883e-03
elapsed=4.408219e+01 cycle=276 time=2.321320e+00 dt=8.422080e-03
elapsed=4.424257e+01 cycle=277 time=2.329742e+00 dt=8.422279e-03
elapsed=4.440303e+01 cycle=278 time=2.338164e+00 dt=8.422479e-03
elapsed=4.456390e+01 cycle=279 time=2.346587e+00 dt=8.422681e-03
elapsed=4.472409e+01 cycle=280 time=2.355009e+00 dt=8.422885e-03
elapsed=4.488545e+01 cycle=281 time=2.363432e+00 dt=8.423090e-03
elapsed=4.504620e+01 cycle=282 time=2.371855e+00 dt=8.423297e-03
elapsed=4.520479e+01 cycle=283 time=2.380278e+00 dt=8.423506e-03
elapsed=4.539533e+01 cycle=284 time=2.388702e+00 dt=8.423716e-03
elapsed=4.555294e+01 cycle=285 time=2.397126e+00 dt=8.423928e-03
elapsed=4.571239e+01 cycle=286 time=2.405550e+00 dt=8.424142e-03
elapsed=4.587148e+01 cycle=287 time=2.413974e+00 dt=8.424357e-03
elapsed=4.603171e+01 cycle=288 time=2.422398e+00 dt=8.424574e-03
elapsed=4.619325e+01 cycle=289 time=2.430823e+00 dt=8.424793e-03
elapsed=4.635585e+01 cycle=290 time=2.439247e+00 dt=8.425013e-03
elapsed=4.652303e+01 cycle=291 time=2.447672e+00 dt=8.425235e-03
elapsed=4.668306e+01 cycle=292 time=2.456098e+00 dt=8.425459e-03
elapsed=4.685982e+01 cycle=293 time=2.464523e+00 dt=8.425684e-03
elapsed=4.702676e+01 cycle=294 time=2.472949e+00 dt=8.425912e-03
elapsed=4.718518e+01 cycle=295 time=2.481375e+00 dt=8.426140e-03
elapsed=4.734211e+01 cycle=296 time=2.489801e+00 dt=8.426371e-03
elapsed=4.750694e+01 cycle=297 time=2.498227e+00 dt=8.426603e-03
elapsed=4.766743e+01 cycle=298 time=2.506654e+00 dt=8.426837e-03
elapsed=4.782375e+01 cycle=299 time=2.515081e+00 dt=8.427072e-03
elapsed=4.797937e+01 cycle=300 time=2.523508e+00 dt=8.427309e-03
elapsed=4.813301e+01 cycle=301 time=2.531935e+00 dt=8.427548e-03
elapsed=4.828111e+01 cycle=302 time=2.540363e+00 dt=8.427789e-03
elapsed=4.842870e+01 cycle=303 time=2.548790e+00 dt=8.428031e-03
elapsed=4.857806e+01 cycle=304 time=2.557218e+00 dt=8.428275e-03
elapsed=4.872664e+01 cycle=305 time=2.565647e+00 dt=8.428520e-03
elapsed=4.887557e+01 cycle=306 time=2.574075e+00 dt=8.428767e-03
elapsed=4.902478e+01 cycle=307 time=2.582504e+00 dt=8.429016e-03
elapsed=4.917271e+01 cycle=308 time=2.590933e+00 dt=8.429267e-03
elapsed=4.931999e+01 cycle=309 time=2.599362e+00 dt=8.429519e-03
elapsed=4.946588e+01 cycle=310 time=2.607792e+00 dt=8.429773e-03
elapsed=4.961236e+01 cycle=311 time=2.616222e+00 dt=8.430028e-03
elapsed=4.976007e+01 cycle=312 time=2.624652e+00 dt=8.430285e-03
elapsed=4.990632e+01 cycle=313 time=2.633082e+00 dt=8.430544e-03
elapsed=5.005546e+01 cycle=314 time=2.641512e+00 dt=8.430805e-03
elapsed=5.020253e+01 cycle=315 time=2.649943e+00 dt=8.431067e-03
elapsed=5.035059e+01 cycle=316 time=2.658374e+00 dt=8.431331e-03
elapsed=5.049766e+01 cycle=317 time=2.666806e+00 dt=8.431596e-03
elapsed=5.064434e+01 cycle=318 time=2.675237e+00 dt=8.431864e-03
elapsed=5.079282e+01 cycle=319 time=2.683669e+00 dt=8.432132e-03
elapsed=5.094179e+01 cycle=320 time=2.692101e+00 dt=8.432403e-03
elapsed=5.108668e+01 cycle=321 time=2.700534e+00 dt=8.432675e-03
elapsed=5.123296e+01 cycle=322 time=2.708966e+00 dt=8.432949e-03
elapsed=5.138090e+01 cycle=323 time=2.717399e+00 dt=8.433224e-03
elapsed=5.152741e+01 cycle=324 time=2.725833e+00 dt=8.433501e-03
elapsed=5.167282e+01 cycle=325 time=2.734266e+00 dt=8.433780e-03
elapsed=5.181656e+01 cycle=326 time=2.742700e+00 dt=8.434061e-03
elapsed=5.196028e+01 cycle=327 time=2.751134e+00 dt=8.434343e-03
elapsed=5.210372e+01 cycle=328 time=2.759568e+00 dt=8.434626e-03
elapsed=5.224755e+01 cycle=329 time=2.768003e+00 dt=8.434911e-03
elapsed=5.239488e+01 cycle=330 time=2.776438e+00 dt=8.435198e-03
elapsed=5.253927e+01 cycle=331 time=2.784873e+00 dt=8.435487e-03
elapsed=5.268240e+01 cycle=332 time=2.793308e+00 dt=8.435777e-03
elapsed=5.282528e+01 cycle=333 time=2.801744e+00 dt=8.436069e-03
elapsed=5.296758e+01 cycle=334 time=2.810180e+00 dt=8.436362e-03
elapsed=5.311010e+01 cycle=335 time=2.818617e+00 dt=8.436657e-03
elapsed=5.325265e+01 cycle=336 time=2.827053e+00 dt=8.436954e-03
elapsed=5.339485e+01 cycle=337 time=2.835490e+00 dt=8.437252e-03
elapsed=5.353749e+01 cycle=338 time=2.843928e+00 dt=8.437552e-03
elapsed=5.368057e+01 cycle=339 time=2.852365e+00 dt=8.437853e-03
elapsed=5.382301e+01 cycle=340 time=2.860803e+00 dt=8.438156e-03
elapsed=5.396512e+01 cycle=341 time=2.869241e+00 dt=8.438461e-03
elapsed=5.410811e+01 cycle=342 time=2.877680e+00 dt=8.438767e-03
elapsed=5.425079e+01 cycle=343 time=2.886118e+00 dt=8.439075e-03
elapsed=5.439311e+01 cycle=344 time=2.894557e+00 dt=8.439384e-03
elapsed=5.453573e+01 cycle=345 time=2.902997e+00 dt=8.439695e-03
elapsed=5.467853e+01 cycle=346 time=2.911436e+00 dt=8.440007e-03
elapsed=5.482160e+01 cycle=347 time=2.919876e+00 dt=8.440321e-03
elapsed=5.496422e+01 cycle=348 time=2.928317e+00 dt=8.440637e-03
elapsed=5.510648e+01 cycle=349 time=2.936757e+00 dt=8.440954e-03
elapsed=5.524859e+01 cycle=350 time=2.945198e+00 dt=8.441273e-03
elapsed=5.539189e+01 cycle=351 time=2.953640e+00 dt=8.441593e-03
elapsed=5.553472e+01 cycle=352 time=2.962081e+00 dt=8.441915e-03
elapsed=5.567761e+01 cycle=353 time=2.970523e+00 dt=8.442238e-03
elapsed=5.582054e+01 cycle=354 time=2.978965e+00 dt=8.442563e-03
elapsed=5.596405e+01 cycle=355 time=2.987408e+00 dt=8.442889e-03
elapsed=5.610691e+01 cycle=356 time=2.995851e+00 dt=8.443217e-03
elapsed=5.624987e+01 cycle=357 time=3.004294e+00 dt=8.443547e-03
elapsed=5.639221e+01 cycle=358 time=3.012738e+00 dt=8.443877e-03
elapsed=5.653464e+01 cycle=359 time=3.021181e+00 dt=8.444210e-03
elapsed=5.667655e+01 cycle=360 time=3.029626e+00 dt=8.444544e-03
elapsed=5.681909e+01 cycle=361 time=3.038070e+00 dt=8.444879e-03
elapsed=5.696235e+01 cycle=362 time=3.046515e+00 dt=8.445216e-03
elapsed=5.710560e+01 cycle=363 time=3.054960e+00 dt=8.445555e-03
elapsed=5.724853e+01 cycle=364 time=3.063406e+00 dt=8.445894e-03
elapsed=5.739131e+01 cycle=365 time=3.071852e+00 dt=8.446236e-03
elapsed=5.753480e+01 cycle=366 time=3.080298e+00 dt=8.446579e-03
elapsed=5.767858e+01 cycle=367 time=3.088745e+00 dt=8.446923e-03
elapsed=5.782180e+01 cycle=368 time=3.097192e+00 dt=8.447269e-03
elapsed=5.796472e+01 cycle=369 time=3.105639e+00 dt=8.447616e-03
elapsed=5.810818e+01 cycle=370 time=3.114086e+00 dt=8.447964e-03
elapsed=5.825190e+01 cycle=371 time=3.122534e+00 dt=8.448314e-03
elapsed=5.839526e+01 cycle=372 time=3.130983e+00 dt=8.448666e-03
elapsed=5.853830e+01 cycle=373 time=3.139431e+00 dt=8.449019e-03
elapsed=5.868158e+01 cycle=374 time=3.147880e+00 dt=8.449373e-03
elapsed=5.882432e+01 cycle=375 time=3.156330e+00 dt=8.449729e-03
elapsed=5.896669e+01 cycle=376 time=3.164779e+00 dt=8.450086e-03
elapsed=5.910913e+01 cycle=377 time=3.173230e+00 dt=8.450445e-03
elapsed=5.925233e+01 cycle=378 time=3.181680e+00 dt=8.450805e-03
elapsed=5.939483e+01 cycle=379 time=3.190131e+00 dt=8.451166e-03
elapsed=5.953751e+01 cycle=380 time=3.198582e+00 dt=8.451529e-03
elapsed=5.968009e+01 cycle=381 time=3.207033e+00 dt=8.451893e-03
elapsed=5.982314e+01 cycle=382 time=3.215485e+00 dt=8.452258e-03
elapsed=5.996564e+01 cycle=383 time=3.223938e+00 dt=8.452625e-03
elapsed=6.010993e+01 cycle=384 time=3.232390e+00 dt=8.452993e-03
elapsed=6.025282e+01 cycle=385 time=3.240843e+00 dt=8.453363e-03
elapsed=6.039567e+01 cycle=386 time=3.249297e+00 dt=8.453733e-03
elapsed=6.053838e+01 cycle=387 time=3.257750e+00 dt=8.454106e-03
elapsed=6.068058e+01 cycle=388 time=3.266204e+00 dt=8.454479e-03
elapsed=6.082298e+01 cycle=389 time=3.274659e+00 dt=8.454854e-03
elapsed=6.096542e+01 cycle=390 time=3.283114e+00 dt=8.455230e-03
elapsed=6.110766e+01 cycle=391 time=3.291569e+00 dt=8.455608e-03
elapsed=6.125015e+01 cycle=392 time=3.300025e+00 dt=8.455986e-03
elapsed=6.139260e+01 cycle=393 time=3.308481e+00 dt=8.456366e-03
elapsed=6.153862e+01 cycle=394 time=3.316937e+00 dt=8.456748e-03
elapsed=6.168618e+01 cycle=395 time=3.325394e+00 dt=8.457130e-03
elapsed=6.182923e+01 cycle=396 time=3.333851e+00 dt=8.457514e-03
elapsed=6.197202e+01 cycle=397 time=3.342308e+00 dt=8.457899e-03
elapsed=6.211756e+01 cycle=398 time=3.350766e+00 dt=8.458285e-03
elapsed=6.226153e+01 cycle=399 time=3.359225e+00 dt=8.458673e-03
elapsed=6.240672e+01 cycle=400 time=3.367683e+00 dt=8.459062e-03
elapsed=6.254893e+01 cycle=401 time=3.376142e+00 dt=8.459452e-03
elapsed=6.269212e+01 cycle=402 time=3.384602e+00 dt=8.459843e-03
elapsed=6.283592e+01 cycle=403 time=3.393062e+00 dt=8.460235e-03
elapsed=6.297942e+01 cycle=404 time=3.401522e+00 dt=8.460629e-03
elapsed=6.312298e+01 cycle=405 time=3.409982e+00 dt=8.461024e-03
elapsed=6.326609e+01 cycle=406 time=3.418443e+00 dt=8.461420e-03
elapsed=6.340889e+01 cycle=407 time=3.426905e+00 dt=8.461817e-03
elapsed=6.355141e+01 cycle=408 time=3.435367e+00 dt=8.462216e-03
elapsed=6.369442e+01 cycle=409 time=3.443829e+00 dt=8.462615e-03
elapsed=6.383780e+01 cycle=410 time=3.452292e+00 dt=8.463016e-03
elapsed=6.398132e+01 cycle=411 time=3.460755e+00 dt=8.463418e-03
elapsed=6.412515e+01 cycle=412 time=3.469218e+00 dt=8.463821e-03
elapsed=6.427006e+01 cycle=413 time=3.477682e+00 dt=8.464225e-03
elapsed=6.441375e+01 cycle=414 time=3.486146e+00 dt=8.464630e-03
elapsed=6.455739e+01 cycle=415 time=3.494611e+00 dt=8.465037e-03
elapsed=6.470155e+01 cycle=416 time=3.503076e+00 dt=8.465444e-03
elapsed=6.484504e+01 cycle=417 time=3.511541e+00 dt=8.465853e-03
elapsed=6.498779e+01 cycle=418 time=3.520007e+00 dt=8.466262e-03
elapsed=6.513081e+01 cycle=419 time=3.528473e+00 dt=8.466673e-03
elapsed=6.527383e+01 cycle=420 time=3.536940e+00 dt=8.467085e-03
elapsed=6.541747e+01 cycle=421 time=3.545407e+00 dt=8.467498e-03
elapsed=6.556055e+01 cycle=422 time=3.553875e+00 dt=8.467912e-03
elapsed=6.570360e+01 cycle=423 time=3.562342e+00 dt=8.468326e-03
elapsed=6.584744e+01 cycle=424 time=3.570811e+00 dt=8.468742e-03
elapsed=6.599138e+01 cycle=425 time=3.579279e+00 dt=8.469159e-03
elapsed=6.613702e+01 cycle=426 time=3.587749e+00 dt=8.469577e-03
elapsed=6.628179e+01 cycle=427 time=3.596218e+00 dt=8.469997e-03
elapsed=6.642586e+01 cycle=428 time=3.604688e+00 dt=8.470417e-03
elapsed=6.656949e+01 cycle=429 time=3.613159e+00 dt=8.470838e-03
elapsed=6.671441e+01 cycle=430 time=3.621629e+00 dt=8.471260e-03
elapsed=6.685847e+01 cycle=431 time=3.630101e+00 dt=8.471683e-03
elapsed=6.700277e+01 cycle=432 time=3.638572e+00 dt=8.472106e-03
elapsed=6.714720e+01 cycle=433 time=3.647045e+00 dt=8.472531e-03
elapsed=6.729087e+01 cycle=434 time=3.655517e+00 dt=8.472957e-03
elapsed=6.743401e+01 cycle=435 time=3.663990e+00 dt=8.473384e-03
elapsed=6.757769e+01 cycle=436 time=3.672463e+00 dt=8.473812e-03
elapsed=6.772054e+01 cycle=437 time=3.680937e+00 dt=8.474240e-03
elapsed=6.786407e+01 cycle=438 time=3.689411e+00 dt=8.474670e-03
elapsed=6.800752e+01 cycle=439 time=3.697886e+00 dt=8.475100e-03
elapsed=6.815157e+01 cycle=440 time=3.706361e+00 dt=8.475531e-03
elapsed=6.829565e+01 cycle=441 time=3.714837e+00 dt=8.475964e-03
elapsed=6.843897e+01 cycle=442 time=3.723313e+00 dt=8.476397e-03
elapsed=6.858164e+01 cycle=443 time=3.731789e+00 dt=8.476831e-03
elapsed=6.872563e+01 cycle=444 time=3.740266e+00 dt=8.477265e-03
elapsed=6.886853e+01 cycle=445 time=3.748743e+00 dt=8.477701e-03
elapsed=6.901190e+01 cycle=446 time=3.757221e+00 dt=8.478137e-03
elapsed=6.915501e+01 cycle=447 time=3.765699e+00 dt=8.478575e-03
elapsed=6.930044e+01 cycle=448 time=3.774178e+00 dt=8.479013e-03
elapsed=6.944604e+01 cycle=449 time=3.782657e+00 dt=8.479451e-03
elapsed=6.958873e+01 cycle=450 time=3.791136e+00 dt=8.479891e-03
elapsed=6.973118e+01 cycle=451 time=3.799616e+00 dt=8.480331e-03
elapsed=6.987379e+01 cycle=452 time=3.808096e+00 dt=8.480773e-03
elapsed=7.001625e+01 cycle=453 time=3.816577e+00 dt=8.481215e-03
elapsed=7.015982e+01 cycle=454 time=3.825058e+00 dt=8.481657e-03
elapsed=7.030444e+01 cycle=455 time=3.833540e+00 dt=8.482101e-03
elapsed=7.044914e+01 cycle=456 time=3.842022e+00 dt=8.482545e-03
elapsed=7.059473e+01 cycle=457 time=3.850505e+00 dt=8.482990e-03
elapsed=7.073997e+01 cycle=458 time=3.858988e+00 dt=8.483435e-03
elapsed=7.088405e+01 cycle=459 time=3.867471e+00 dt=8.483882e-03
elapsed=7.102797e+01 cycle=460 time=3.875955e+00 dt=8.484328e-03
elapsed=7.117070e+01 cycle=461 time=3.884439e+00 dt=8.484776e-03
elapsed=7.131334e+01 cycle=462 time=3.892924e+00 dt=8.485224e-03
elapsed=7.145676e+01 cycle=463 time=3.901409e+00 dt=8.485673e-03
elapsed=7.160015e+01 cycle=464 time=3.909895e+00 dt=8.486123e-03
elapsed=7.174442e+01 cycle=465 time=3.918381e+00 dt=8.486573e-03
elapsed=7.188992e+01 cycle=466 time=3.926868e+00 dt=8.487024e-03
elapsed=7.203477e+01 cycle=467 time=3.935355e+00 dt=8.487476e-03
elapsed=7.217850e+01 cycle=468 time=3.943842e+00 dt=8.487928e-03
elapsed=7.232204e+01 cycle=469 time=3.952330e+00 dt=8.488380e-03
elapsed=7.246544e+01 cycle=470 time=3.960818e+00 dt=8.488834e-03
elapsed=7.261082e+01 cycle=471 time=3.969307e+00 dt=8.489287e-03
elapsed=7.275491e+01 cycle=472 time=3.977797e+00 dt=8.489742e-03
elapsed=7.289782e+01 cycle=473 time=3.986286e+00 dt=8.490197e-03
elapsed=7.304101e+01 cycle=474 time=3.994776e+00 dt=8.490652e-03
elapsed=7.318482e+01 cycle=475 time=4.003267e+00 dt=8.491108e-03
elapsed=7.332867e+01 cycle=476 time=4.011758e+00 dt=8.491565e-03
elapsed=7.347201e+01 cycle=477 time=4.020250e+00 dt=8.492022e-03
elapsed=7.361540e+01 cycle=478 time=4.028742e+00 dt=8.492479e-03
elapsed=7.375880e+01 cycle=479 time=4.037234e+00 dt=8.492937e-03
elapsed=7.390223e+01 cycle=480 time=4.045727e+00 dt=8.493396e-03
elapsed=7.404602e+01 cycle=481 time=4.054221e+00 dt=8.493854e-03
elapsed=7.418972e+01 cycle=482 time=4.062714e+00 dt=8.494314e-03
elapsed=7.433323e+01 cycle=483 time=4.071209e+00 dt=8.494774e-03
elapsed=7.447615e+01 cycle=484 time=4.079704e+00 dt=8.495234e-03
elapsed=7.461944e+01 cycle=485 time=4.088199e+00 dt=8.495694e-03
elapsed=7.476313e+01 cycle=486 time=4.096695e+00 dt=8.496155e-03
elapsed=7.490666e+01 cycle=487 time=4.105191e+00 dt=8.496617e-03
elapsed=7.505002e+01 cycle=488 time=4.113687e+00 dt=8.497079e-03
elapsed=7.519262e+01 cycle=489 time=4.122184e+00 dt=8.497541e-03
elapsed=7.533628e+01 cycle=490 time=4.130682e+00 dt=8.498003e-03
elapsed=7.547941e+01 cycle=491 time=4.139180e+00 dt=8.498466e-03
elapsed=7.562261e+01 cycle=492 time=4.147678e+00 dt=8.498929e-03
elapsed=7.576489e+01 cycle=493 time=4.156177e+00 dt=8.499393e-03
elapsed=7.590751e+01 cycle=494 time=4.164677e+00 dt=8.499856e-03
elapsed=7.604985e+01 cycle=495 time=4.173177e+00 dt=8.500321e-03
elapsed=7.619513e+01 cycle=496 time=4.181677e+00 dt=8.500785e-03
elapsed=7.633935e+01 cycle=497 time=4.190178e+00 dt=8.501249e-03
elapsed=7.648267e+01 cycle=498 time=4.198679e+00 dt=8.501714e-03
elapsed=7.662545e+01 cycle=499 time=4.207181e+00 dt=8.502179e-03
elapsed=7.676916e+01 cycle=500 time=4.215683e+00 dt=8.502645e-03
elapsed=7.691305e+01 cycle=501 time=4.224185e+00 dt=8.503110e-03
elapsed=7.705643e+01 cycle=502 time=4.232689e+00 dt=8.503576e-03
elapsed=7.719917e+01 cycle=503 time=4.241192e+00 dt=8.504042e-03
elapsed=7.734211e+01 cycle=504 time=4.249696e+00 dt=8.504508e-03
elapsed=7.748631e+01 cycle=505 time=4.258201e+00 dt=8.504974e-03
elapsed=7.762877e+01 cycle=506 time=4.266706e+00 dt=8.505441e-03
elapsed=7.777149e+01 cycle=507 time=4.275211e+00 dt=8.505907e-03
elapsed=7.791393e+01 cycle=508 time=4.283717e+00 dt=8.506374e-03
elapsed=7.805703e+01 cycle=509 time=4.292223e+00 dt=8.506841e-03
elapsed=7.820160e+01 cycle=510 time=4.300730e+00 dt=8.507308e-03
elapsed=7.834535e+01 cycle=511 time=4.309238e+00 dt=8.507775e-03
elapsed=7.848849e+01 cycle=512 time=4.317745e+00 dt=8.508242e-03
elapsed=7.863245e+01 cycle=513 time=4.326254e+00 dt=8.508709e-03
elapsed=7.878081e+01 cycle=514 time=4.334762e+00 dt=8.509176e-03
elapsed=7.892509e+01 cycle=515 time=4.343271e+00 dt=8.509643e-03
elapsed=7.906962e+01 cycle=516 time=4.351781e+00 dt=8.510110e-03
elapsed=7.921458e+01 cycle=517 time=4.360291e+00 dt=8.510577e-03
elapsed=7.935851e+01 cycle=518 time=4.368802e+00 dt=8.511044e-03
elapsed=7.950212e+01 cycle=519 time=4.377313e+00 dt=8.511511e-03
elapsed=7.964898e+01 cycle=520 time=4.385824e+00 dt=8.511978e-03
elapsed=7.979543e+01 cycle=521 time=4.394336e+00 dt=8.512445e-03
elapsed=7.994182e+01 cycle=522 time=4.402849e+00 dt=8.512912e-03
elapsed=8.008743e+01 cycle=523 time=4.411362e+00 dt=8.513379e-03
elapsed=8.023497e+01 cycle=524 time=4.419875e+00 dt=8.513846e-03
elapsed=8.038088e+01 cycle=525 time=4.428389e+00 dt=8.514312e-03
elapsed=8.052640e+01 cycle=526 time=4.436903e+00 dt=8.514779e-03
elapsed=8.067345e+01 cycle=527 time=4.445418e+00 dt=8.515245e-03
elapsed=8.082183e+01 cycle=528 time=4.453933e+00 dt=8.515711e-03
elapsed=8.097036e+01 cycle=529 time=4.462449e+00 dt=8.516177e-03
elapsed=8.112022e+01 cycle=530 time=4.470965e+00 dt=8.516643e-03
elapsed=8.127654e+01 cycle=531 time=4.479482e+00 dt=8.517108e-03
elapsed=8.142075e+01 cycle=532 time=4.487999e+00 dt=8.517574e-03
elapsed=8.156369e+01 cycle=533 time=4.496516e+00 dt=8.518039e-03
elapsed=8.170680e+01 cycle=534 time=4.505034e+00 dt=8.518503e-03
elapsed=8.184948e+01 cycle=535 time=4.513553e+00 dt=8.518968e-03
elapsed=8.199223e+01 cycle=536 time=4.522072e+00 dt=8.519432e-03
elapsed=8.213552e+01 cycle=537 time=4.530591e+00 dt=8.519896e-03
elapsed=8.227981e+01 cycle=538 time=4.539111e+00 dt=8.520359e-03
elapsed=8.242448e+01 cycle=539 time=4.547632e+00 dt=8.520823e-03
elapsed=8.256920e+01 cycle=540 time=4.556152e+00 dt=8.521285e-03
elapsed=8.271372e+01 cycle=541 time=4.564674e+00 dt=8.521748e-03
elapsed=8.285776e+01 cycle=542 time=4.573195e+00 dt=8.522210e-03
elapsed=8.300162e+01 cycle=543 time=4.581718e+00 dt=8.522671e-03
elapsed=8.314576e+01 cycle=544 time=4.590240e+00 dt=8.523132e-03
elapsed=8.328952e+01 cycle=545 time=4.598763e+00 dt=8.523593e-03
elapsed=8.343318e+01 cycle=546 time=4.607287e+00 dt=8.524053e-03
elapsed=8.357716e+01 cycle=547 time=4.615811e+00 dt=8.524513e-03
elapsed=8.372083e+01 cycle=548 time=4.624336e+00 dt=8.524972e-03
elapsed=8.386493e+01 cycle=549 time=4.632861e+00 dt=8.525431e-03
elapsed=8.400893e+01 cycle=550 time=4.641386e+00 dt=8.525889e-03
elapsed=8.415291e+01 cycle=551 time=4.649912e+00 dt=8.526346e-03
elapsed=8.429719e+01 cycle=552 time=4.658438e+00 dt=8.526803e-03
elapsed=8.444085e+01 cycle=553 time=4.666965e+00 dt=8.527259e-03
elapsed=8.458447e+01 cycle=554 time=4.675492e+00 dt=8.527715e-03
elapsed=8.472850e+01 cycle=555 time=4.684020e+00 dt=8.528170e-03
elapsed=8.487283e+01 cycle=556 time=4.692548e+00 dt=8.528624e-03
elapsed=8.501686e+01 cycle=557 time=4.701077e+00 dt=8.529078e-03
elapsed=8.516107e+01 cycle=558 time=4.709606e+00 dt=8.529531e-03
elapsed=8.530549e+01 cycle=559 time=4.718135e+00 dt=8.529983e-03
elapsed=8.544988e+01 cycle=560 time=4.726665e+00 dt=8.530434e-03
elapsed=8.559606e+01 cycle=561 time=4.735196e+00 dt=8.530885e-03
elapsed=8.574090e+01 cycle=562 time=4.743727e+00 dt=8.531334e-03
elapsed=8.588477e+01 cycle=563 time=4.752258e+00 dt=8.531783e-03
elapsed=8.602775e+01 cycle=564 time=4.760790e+00 dt=8.532231e-03
elapsed=8.617114e+01 cycle=565 time=4.769322e+00 dt=8.532678e-03
elapsed=8.631516e+01 cycle=566 time=4.777855e+00 dt=8.533125e-03
elapsed=8.645959e+01 cycle=567 time=4.786388e+00 dt=8.533570e-03
elapsed=8.660357e+01 cycle=568 time=4.794921e+00 dt=8.534014e-03
elapsed=8.674813e+01 cycle=569 time=4.803455e+00 dt=8.534458e-03
elapsed=8.689286e+01 cycle=570 time=4.811990e+00 dt=8.534900e-03
elapsed=8.703737e+01 cycle=571 time=4.820525e+00 dt=8.535342e-03
elapsed=8.718287e+01 cycle=572 time=4.829060e+00 dt=8.535782e-03
elapsed=8.732782e+01 cycle=573 time=4.837596e+00 dt=8.536221e-03
elapsed=8.747250e+01 cycle=574 time=4.846132e+00 dt=8.536659e-03
elapsed=8.761828e+01 cycle=575 time=4.854669e+00 dt=8.537096e-03
elapsed=8.776339e+01 cycle=576 time=4.863206e+00 dt=8.537532e-03
elapsed=8.791002e+01 cycle=577 time=4.871743e+00 dt=8.537967e-03
elapsed=8.805729e+01 cycle=578 time=4.880281e+00 dt=8.538400e-03
elapsed=8.820518e+01 cycle=579 time=4.888820e+00 dt=8.538832e-03
elapsed=8.835259e+01 cycle=580 time=4.897359e+00 dt=8.539263e-03
elapsed=8.850054e+01 cycle=581 time=4.905898e+00 dt=8.539693e-03
elapsed=8.865033e+01 cycle=582 time=4.914438e+00 dt=8.540121e-03
elapsed=8.879727e+01 cycle=583 time=4.922978e+00 dt=8.540548e-03
elapsed=8.894260e+01 cycle=584 time=4.931518e+00 dt=8.540973e-03
elapsed=8.908729e+01 cycle=585 time=4.940059e+00 dt=8.541397e-03
elapsed=8.923239e+01 cycle=586 time=4.948601e+00 dt=8.541820e-03
elapsed=8.937750e+01 cycle=587 time=4.957142e+00 dt=8.542241e-03
elapsed=8.952217e+01 cycle=588 time=4.965685e+00 dt=8.542661e-03
elapsed=8.966616e+01 cycle=589 time=4.974227e+00 dt=8.543079e-03
elapsed=8.981053e+01 cycle=590 time=4.982770e+00 dt=8.543495e-03
elapsed=8.995507e+01 cycle=591 time=4.991314e+00 dt=8.543910e-03
elapsed=9.009941e+01 cycle=592 time=4.999858e+00 dt=1.421176e-04
FO-GH puncture boundedness passed: rmin=4.330127e-01, state max=1.127182e+00, near RHS max=5.342260e-01, ADM adapter error=0.000000e+00
elapsed=9.027980e+01 cycle=593 time=5.000000e+00 dt=2.842352e-04

Terminating on time limit
time=5.000000e+00 cycle=593
tlim=5.000000e+00 nlim=-1

MeshBlock-cycles = 593
cpu time used  = 9.023158e+01
zone-cycles/cpu_second = 2.691883e+04
particle-updates/cpu_second = 0.000000e+00
