
Root grid = 6 x 6 x 6 MeshBlocks
Total number of MeshBlocks = 216
Number of logical  levels of refinement = 3 (4 levels total)
Number of physical levels of refinement = 0 (1 levels total)
Number of parallel ranks = 12
  Rank = 0: 18 MeshBlocks, cost = 18
  Rank = 1: 18 MeshBlocks, cost = 18
  Rank = 2: 18 MeshBlocks, cost = 18
  Rank = 3: 18 MeshBlocks, cost = 18
  Rank = 4: 18 MeshBlocks, cost = 18
  Rank = 5: 18 MeshBlocks, cost = 18
  Rank = 6: 18 MeshBlocks, cost = 18
  Rank = 7: 18 MeshBlocks, cost = 18
  Rank = 8: 18 MeshBlocks, cost = 18
  Rank = 9: 18 MeshBlocks, cost = 18
  Rank = 10: 18 MeshBlocks, cost = 18
  Rank = 11: 18 MeshBlocks, cost = 18
Load Balancing:
  Maximum normalized cost = 1, Average = 1
ref_gh reference allocation backend=analytic_radial_q generic_bytes=0 analytic_static_components=12 analytic_stage_components=8 analytic_static_bytes=23887872 analytic_stage_bytes=15925248
reference-GH puncture minimum cell-center radius = 0.0360844
reference-GH initial RHS sector decomposition passed: conditioned error=0, production rerun=0, file=refgh_relative_damped_n96_t5.ref_gh_rhs_sectors.tsv
reference-GH stationary initial RHS Linf = 3.1002e-13, component=10, radius=0.170528, coordinate reference Ricci Linf=1.37611e-08, frame reference Ricci Linf=2.77556e-16

Setup complete, executing task list(s)...

elapsed=2.386022e+01 cycle=0 time=0.000000e+00 dt=3.404497e-03
elapsed=2.548308e+01 cycle=10 time=3.404497e-02 dt=3.404497e-03
elapsed=2.743690e+01 cycle=20 time=6.808994e-02 dt=3.404497e-03
elapsed=2.937867e+01 cycle=30 time=1.021349e-01 dt=3.404497e-03
elapsed=3.113767e+01 cycle=40 time=1.361799e-01 dt=3.404497e-03
elapsed=3.315998e+01 cycle=50 time=1.702249e-01 dt=3.404497e-03
elapsed=3.515145e+01 cycle=60 time=2.042698e-01 dt=3.404497e-03
elapsed=3.685354e+01 cycle=70 time=2.383148e-01 dt=3.404497e-03
elapsed=3.892162e+01 cycle=80 time=2.723598e-01 dt=3.404497e-03
elapsed=4.101321e+01 cycle=90 time=3.064048e-01 dt=3.404497e-03
elapsed=4.325231e+01 cycle=100 time=3.404497e-01 dt=3.404497e-03
elapsed=4.519307e+01 cycle=110 time=3.744947e-01 dt=3.404497e-03
elapsed=4.735564e+01 cycle=120 time=4.085397e-01 dt=3.404497e-03
elapsed=5.706566e+01 cycle=130 time=4.425846e-01 dt=3.404497e-03
elapsed=5.914011e+01 cycle=140 time=4.766296e-01 dt=3.404497e-03
elapsed=6.168044e+01 cycle=150 time=5.106746e-01 dt=3.404497e-03
elapsed=6.387481e+01 cycle=160 time=5.447196e-01 dt=3.404497e-03
elapsed=6.570647e+01 cycle=170 time=5.787645e-01 dt=3.404497e-03
elapsed=6.788088e+01 cycle=180 time=6.128095e-01 dt=3.404497e-03
elapsed=7.013775e+01 cycle=190 time=6.468545e-01 dt=3.404497e-03
elapsed=7.212505e+01 cycle=200 time=6.808994e-01 dt=3.404497e-03
elapsed=7.374910e+01 cycle=210 time=7.149444e-01 dt=3.404497e-03
elapsed=7.573125e+01 cycle=220 time=7.489894e-01 dt=3.404497e-03
elapsed=7.759671e+01 cycle=230 time=7.830344e-01 dt=3.404497e-03
elapsed=7.921213e+01 cycle=240 time=8.170793e-01 dt=3.404497e-03
elapsed=8.107993e+01 cycle=250 time=8.511243e-01 dt=3.404497e-03
elapsed=8.294760e+01 cycle=260 time=8.851693e-01 dt=3.404497e-03
elapsed=8.460712e+01 cycle=270 time=9.192143e-01 dt=3.404497e-03
elapsed=8.647131e+01 cycle=280 time=9.532592e-01 dt=3.404497e-03
elapsed=8.834046e+01 cycle=290 time=9.873042e-01 dt=3.404497e-03
elapsed=9.032176e+01 cycle=300 time=1.021349e+00 dt=3.404497e-03
elapsed=9.193074e+01 cycle=310 time=1.055394e+00 dt=3.404497e-03
elapsed=9.386181e+01 cycle=320 time=1.089439e+00 dt=3.404497e-03
elapsed=9.597514e+01 cycle=330 time=1.123484e+00 dt=3.404497e-03
elapsed=9.769912e+01 cycle=340 time=1.157529e+00 dt=3.404497e-03
elapsed=9.979745e+01 cycle=350 time=1.191574e+00 dt=3.404497e-03
elapsed=1.019067e+02 cycle=360 time=1.225619e+00 dt=3.404497e-03
elapsed=1.036000e+02 cycle=370 time=1.259664e+00 dt=3.404497e-03
elapsed=1.056000e+02 cycle=380 time=1.293709e+00 dt=3.404497e-03
elapsed=1.077159e+02 cycle=390 time=1.327754e+00 dt=3.404497e-03
elapsed=1.097939e+02 cycle=400 time=1.361799e+00 dt=3.404497e-03
elapsed=1.114818e+02 cycle=410 time=1.395844e+00 dt=3.404497e-03
elapsed=1.134956e+02 cycle=420 time=1.429889e+00 dt=3.404497e-03
elapsed=1.158119e+02 cycle=430 time=1.463934e+00 dt=3.404497e-03
elapsed=1.177108e+02 cycle=440 time=1.497979e+00 dt=3.404497e-03
elapsed=1.198339e+02 cycle=450 time=1.532024e+00 dt=3.404497e-03
elapsed=1.219100e+02 cycle=460 time=1.566069e+00 dt=3.404497e-03
elapsed=1.238544e+02 cycle=470 time=1.600114e+00 dt=3.404497e-03
elapsed=1.254549e+02 cycle=480 time=1.634159e+00 dt=3.404497e-03
elapsed=1.273453e+02 cycle=490 time=1.668204e+00 dt=3.404497e-03
elapsed=1.292162e+02 cycle=500 time=1.702249e+00 dt=3.404497e-03
elapsed=1.310013e+02 cycle=510 time=1.736294e+00 dt=3.404497e-03
elapsed=1.330204e+02 cycle=520 time=1.770339e+00 dt=3.404497e-03
elapsed=1.350276e+02 cycle=530 time=1.804384e+00 dt=3.404497e-03
elapsed=1.366301e+02 cycle=540 time=1.838429e+00 dt=3.404497e-03
elapsed=1.385574e+02 cycle=550 time=1.872473e+00 dt=3.404497e-03
elapsed=1.404949e+02 cycle=560 time=1.906518e+00 dt=3.404497e-03
elapsed=1.423758e+02 cycle=570 time=1.940563e+00 dt=3.404497e-03
elapsed=1.441409e+02 cycle=580 time=1.974608e+00 dt=3.404497e-03
elapsed=1.460200e+02 cycle=590 time=2.008653e+00 dt=3.404497e-03
elapsed=1.481422e+02 cycle=600 time=2.042698e+00 dt=3.404497e-03
elapsed=1.498401e+02 cycle=610 time=2.076743e+00 dt=3.404497e-03
elapsed=1.518062e+02 cycle=620 time=2.110788e+00 dt=3.404497e-03
elapsed=1.537954e+02 cycle=630 time=2.144833e+00 dt=3.404497e-03
elapsed=1.554364e+02 cycle=640 time=2.178878e+00 dt=3.404497e-03
elapsed=1.573320e+02 cycle=650 time=2.212923e+00 dt=3.404497e-03
elapsed=1.593484e+02 cycle=660 time=2.246968e+00 dt=3.404497e-03
elapsed=1.612476e+02 cycle=670 time=2.281013e+00 dt=3.404497e-03
elapsed=1.628476e+02 cycle=680 time=2.315058e+00 dt=3.404497e-03
elapsed=1.648105e+02 cycle=690 time=2.349103e+00 dt=3.404497e-03
elapsed=1.668763e+02 cycle=700 time=2.383148e+00 dt=3.404497e-03
elapsed=1.685165e+02 cycle=710 time=2.417193e+00 dt=3.404497e-03
elapsed=1.707156e+02 cycle=720 time=2.451238e+00 dt=3.404497e-03
elapsed=1.728132e+02 cycle=730 time=2.485283e+00 dt=3.404497e-03
elapsed=1.744921e+02 cycle=740 time=2.519328e+00 dt=3.404497e-03
elapsed=1.765739e+02 cycle=750 time=2.553373e+00 dt=3.404497e-03
elapsed=1.785753e+02 cycle=760 time=2.587418e+00 dt=3.404497e-03
elapsed=1.806047e+02 cycle=770 time=2.621463e+00 dt=3.404497e-03
elapsed=1.822776e+02 cycle=780 time=2.655508e+00 dt=3.404497e-03
elapsed=1.841876e+02 cycle=790 time=2.689553e+00 dt=3.404497e-03
elapsed=1.860377e+02 cycle=800 time=2.723598e+00 dt=3.404497e-03
elapsed=1.877220e+02 cycle=810 time=2.757643e+00 dt=3.404497e-03
elapsed=1.896709e+02 cycle=820 time=2.791688e+00 dt=3.404497e-03
elapsed=1.919542e+02 cycle=830 time=2.825733e+00 dt=3.404497e-03
elapsed=1.937528e+02 cycle=840 time=2.859778e+00 dt=3.404497e-03
elapsed=1.958475e+02 cycle=850 time=2.893823e+00 dt=3.404497e-03
elapsed=1.982300e+02 cycle=860 time=2.927868e+00 dt=3.404497e-03
elapsed=2.001198e+02 cycle=870 time=2.961913e+00 dt=3.404497e-03
elapsed=2.017214e+02 cycle=880 time=2.995958e+00 dt=3.404497e-03
elapsed=2.037555e+02 cycle=890 time=3.030003e+00 dt=3.404497e-03
elapsed=2.059361e+02 cycle=900 time=3.064048e+00 dt=3.404497e-03
elapsed=2.078182e+02 cycle=910 time=3.098092e+00 dt=3.404497e-03
elapsed=2.100303e+02 cycle=920 time=3.132137e+00 dt=3.404497e-03
elapsed=2.122043e+02 cycle=930 time=3.166182e+00 dt=3.404497e-03
elapsed=2.142246e+02 cycle=940 time=3.200227e+00 dt=3.404497e-03
elapsed=2.159576e+02 cycle=950 time=3.234272e+00 dt=3.404497e-03
elapsed=2.178773e+02 cycle=960 time=3.268317e+00 dt=3.404497e-03
elapsed=2.197757e+02 cycle=970 time=3.302362e+00 dt=3.404497e-03
elapsed=2.213930e+02 cycle=980 time=3.336407e+00 dt=3.404497e-03
elapsed=2.232637e+02 cycle=990 time=3.370452e+00 dt=3.404497e-03
elapsed=2.251713e+02 cycle=1000 time=3.404497e+00 dt=3.404497e-03
elapsed=2.267730e+02 cycle=1010 time=3.438542e+00 dt=3.404497e-03
elapsed=2.287494e+02 cycle=1020 time=3.472587e+00 dt=3.404497e-03
elapsed=2.306560e+02 cycle=1030 time=3.506632e+00 dt=3.404497e-03
elapsed=2.328311e+02 cycle=1040 time=3.540677e+00 dt=3.404497e-03
elapsed=2.344503e+02 cycle=1050 time=3.574722e+00 dt=3.404497e-03
elapsed=2.365469e+02 cycle=1060 time=3.608767e+00 dt=3.404497e-03
elapsed=2.386630e+02 cycle=1070 time=3.642812e+00 dt=3.404497e-03
elapsed=2.403725e+02 cycle=1080 time=3.676857e+00 dt=3.404497e-03
elapsed=2.423016e+02 cycle=1090 time=3.710902e+00 dt=3.404497e-03
elapsed=2.441700e+02 cycle=1100 time=3.744947e+00 dt=3.404497e-03
elapsed=2.458162e+02 cycle=1110 time=3.778992e+00 dt=3.404497e-03
elapsed=2.476801e+02 cycle=1120 time=3.813037e+00 dt=3.404497e-03
elapsed=2.495471e+02 cycle=1130 time=3.847082e+00 dt=3.404497e-03
elapsed=2.514822e+02 cycle=1140 time=3.881127e+00 dt=3.404497e-03
elapsed=2.530841e+02 cycle=1150 time=3.915172e+00 dt=3.404497e-03
elapsed=2.549458e+02 cycle=1160 time=3.949217e+00 dt=3.404497e-03
elapsed=2.569659e+02 cycle=1170 time=3.983262e+00 dt=3.404497e-03
elapsed=2.585805e+02 cycle=1180 time=4.017307e+00 dt=3.404497e-03
elapsed=2.604383e+02 cycle=1190 time=4.051352e+00 dt=3.404497e-03
elapsed=2.624213e+02 cycle=1200 time=4.085397e+00 dt=3.404497e-03
elapsed=2.640230e+02 cycle=1210 time=4.119442e+00 dt=3.404497e-03
elapsed=2.658892e+02 cycle=1220 time=4.153487e+00 dt=3.404497e-03
elapsed=2.678447e+02 cycle=1230 time=4.187532e+00 dt=3.404497e-03
elapsed=2.697077e+02 cycle=1240 time=4.221577e+00 dt=3.404497e-03
elapsed=2.713258e+02 cycle=1250 time=4.255622e+00 dt=3.404497e-03
elapsed=2.732259e+02 cycle=1260 time=4.289667e+00 dt=3.404497e-03
elapsed=2.750820e+02 cycle=1270 time=4.323711e+00 dt=3.404497e-03
elapsed=2.766792e+02 cycle=1280 time=4.357756e+00 dt=3.404497e-03
elapsed=2.786668e+02 cycle=1290 time=4.391801e+00 dt=3.404497e-03
elapsed=2.805280e+02 cycle=1300 time=4.425846e+00 dt=3.404497e-03
elapsed=2.821425e+02 cycle=1310 time=4.459891e+00 dt=3.404497e-03
elapsed=2.840166e+02 cycle=1320 time=4.493936e+00 dt=3.404497e-03
elapsed=2.858762e+02 cycle=1330 time=4.527981e+00 dt=3.404497e-03
elapsed=2.880695e+02 cycle=1340 time=4.562026e+00 dt=3.404497e-03
elapsed=2.896697e+02 cycle=1350 time=4.596071e+00 dt=3.404497e-03
elapsed=2.915284e+02 cycle=1360 time=4.630116e+00 dt=3.404497e-03
elapsed=2.933899e+02 cycle=1370 time=4.664161e+00 dt=3.404497e-03
elapsed=2.950104e+02 cycle=1380 time=4.698206e+00 dt=3.404497e-03
elapsed=2.968778e+02 cycle=1390 time=4.732251e+00 dt=3.404497e-03
elapsed=2.987516e+02 cycle=1400 time=4.766296e+00 dt=3.404497e-03
elapsed=3.006231e+02 cycle=1410 time=4.800341e+00 dt=3.404497e-03
elapsed=3.022318e+02 cycle=1420 time=4.834386e+00 dt=3.404497e-03
elapsed=3.043808e+02 cycle=1430 time=4.868431e+00 dt=3.404497e-03
elapsed=3.065042e+02 cycle=1440 time=4.902476e+00 dt=3.404497e-03
elapsed=3.082380e+02 cycle=1450 time=4.936521e+00 dt=3.404497e-03
elapsed=3.101145e+02 cycle=1460 time=4.970566e+00 dt=3.404497e-03
reference-GH stationary trumpet: field Linf=3.457424e-12, physical metric Linf=1.958114e-10, lapse Linf=2.171041e-13, shift Linf=1.040789e-13, constraint Linf=1.390626e-11, RHS estimate=3.100197e-13

Terminating on time limit
time=5.000000e+00 cycle=1469
tlim=5.000000e+00 nlim=-1

MeshBlock-cycles = 317304
cpu time used  = 3.166560e+02
zone-cycles/cpu_second = 4.104382e+06
particle-updates/cpu_second = 0.000000e+00
real 341.64
user 0.00
sys 0.01
