{
  "checkpoint": "../runs/rate16-qualification/pcgh-l16-o6-rk3-core64-R8/rst/pcgh-l16-o6-rk3-core64-R8.00006.rst",
  "metadata": {
    "time": 6.0,
    "dt": 0.0024225647396684275,
    "cycle": 2325,
    "blocks": 344,
    "ng": 4,
    "counts": [
      8,
      8,
      8
    ],
    "root_level": 1,
    "geometry": [
      -8.0,
      -8.0,
      -8.0,
      8.0,
      8.0,
      8.0,
      1.0,
      1.0,
      1.0
    ],
    "mesh_counts": [
      16,
      16,
      16
    ]
  },
  "samples": 536,
  "spatial_order": 6,
  "scope": "Stratified native samples, FD frozen coefficients; not global or uniform puncture bounds",
  "minimum_energy_margin": {
    "block": 42,
    "level": 6,
    "x": -0.0078125,
    "y": -0.0078125,
    "z": -0.0234375,
    "r": 0.02591113117465156,
    "h": 0.015625,
    "w": 0.009832818067024029,
    "rho": 9.317408627911739,
    "alpha": 0.09161638389437611,
    "K": -0.03888675080922984,
    "product_derivative_defect": 0.18774640649907975,
    "half_ell_factorized": 0.08822399008260183,
    "half_ell_direct": 0.11233995886761301,
    "energy_rate_margin": 14.144434873066215,
    "frozen_spectral_abscissa": -15.032189136006282
  },
  "maximum_spectral_abscissa": {
    "block": 264,
    "level": 6,
    "x": -0.0078125,
    "y": 0.0078125,
    "z": 0.0078125,
    "r": 0.013531646934131853,
    "h": 0.015625,
    "w": 0.0037606372983208652,
    "rho": 8.313515918659537,
    "alpha": 0.031264118043895305,
    "K": -0.05676458789675851,
    "product_derivative_defect": 0.45549762720482945,
    "half_ell_factorized": 0.4245737044466768,
    "half_ell_direct": 0.030923922758152683,
    "energy_rate_margin": 14.927416582104938,
    "frozen_spectral_abscissa": -14.929984406127794
  },
  "maximum_product_defect": {
    "block": 190,
    "level": 6,
    "x": -0.0078125,
    "y": -0.0078125,
    "z": 0.0078125,
    "r": 0.013531646934131853,
    "h": 0.015625,
    "w": 0.003760637298320759,
    "rho": 8.313515918659498,
    "alpha": 0.03126411804389428,
    "K": -0.05676458789675766,
    "product_derivative_defect": 0.45549762720483167,
    "half_ell_factorized": 0.4245737044466805,
    "half_ell_direct": 0.030923922758151146,
    "energy_rate_margin": 14.927416582104978,
    "frozen_spectral_abscissa": -14.929984406127833
  }
}
