
Root grid = 2 x 2 x 2 MeshBlocks
Total number of MeshBlocks = 232
Number of logical  levels of refinement = 5 (6 levels total)
Number of physical levels of refinement = 4 (5 levels total)
  Physical level = 1 (logical level = 2): 56 MeshBlocks, cost = 56
  Physical level = 2 (logical level = 3): 56 MeshBlocks, cost = 56
  Physical level = 3 (logical level = 4): 56 MeshBlocks, cost = 56
  Physical level = 4 (logical level = 5): 64 MeshBlocks, cost = 64
Number of parallel ranks = 1
AssembleZ4cTasks
OnePuncture initialized.

Setup complete, executing task list(s)...

elapsed=1.146330e+00 cycle=0 time=0.000000e+00 dt=7.812500e-03
elapsed=2.147110e+00 cycle=1 time=7.812500e-03 dt=7.812500e-03
elapsed=3.098277e+00 cycle=2 time=1.562500e-02 dt=7.812500e-03
elapsed=4.027455e+00 cycle=3 time=2.343750e-02 dt=7.812500e-03
elapsed=4.978954e+00 cycle=4 time=3.125000e-02 dt=7.812500e-03
elapsed=5.897494e+00 cycle=5 time=3.906250e-02 dt=7.812500e-03
elapsed=6.844858e+00 cycle=6 time=4.687500e-02 dt=7.812500e-03
elapsed=7.766412e+00 cycle=7 time=5.468750e-02 dt=7.812500e-03
elapsed=8.663763e+00 cycle=8 time=6.250000e-02 dt=7.812500e-03
elapsed=9.555376e+00 cycle=9 time=7.031250e-02 dt=7.812500e-03
elapsed=1.046749e+01 cycle=10 time=7.812500e-02 dt=7.812500e-03
elapsed=1.147438e+01 cycle=11 time=8.593750e-02 dt=7.812500e-03
elapsed=1.243764e+01 cycle=12 time=9.375000e-02 dt=6.250000e-03
elapsed=1.352384e+01 cycle=13 time=1.000000e-01 dt=7.812500e-03

Terminating on time limit
time=1.000000e-01 cycle=13
tlim=1.000000e-01 nlim=-1

MeshBlock-cycles = 3016
cpu time used  = 1.237752e+01
zone-cycles/cpu_second = 1.247578e+05
particle-updates/cpu_second = 0.000000e+00
