### WARNING in /lus/flare/projects/CompactBinaryMerger/hzhu/refgh_standard_ordering_20260823T0525Z_6884b09/src/src/mesh/load_balance.cpp at line 83
Number of MeshBlocks cannot be divided evenly by number of MPI ranks. This will result in poor load balancing.

Root grid = 3 x 3 x 3 MeshBlocks
Total number of MeshBlocks = 34
Number of logical  levels of refinement = 3 (4 levels total)
Number of physical levels of refinement = 1 (2 levels total)
Number of parallel ranks = 12
  Rank = 0: 2 MeshBlocks, cost = 2
  Rank = 1: 2 MeshBlocks, cost = 2
  Rank = 2: 3 MeshBlocks, cost = 3
  Rank = 3: 3 MeshBlocks, cost = 3
  Rank = 4: 3 MeshBlocks, cost = 3
  Rank = 5: 3 MeshBlocks, cost = 3
  Rank = 6: 3 MeshBlocks, cost = 3
  Rank = 7: 3 MeshBlocks, cost = 3
  Rank = 8: 3 MeshBlocks, cost = 3
  Rank = 9: 3 MeshBlocks, cost = 3
  Rank = 10: 3 MeshBlocks, cost = 3
  Rank = 11: 3 MeshBlocks, cost = 3
Load Balancing:
  Maximum normalized cost = 1.5, Average = 1.41667
### WARNING in /lus/flare/projects/CompactBinaryMerger/hzhu/refgh_standard_ordering_20260823T0525Z_6884b09/src/src/parameter_input.cpp: input parameter <mesh_refinement>/num_levels = 2 was not used by the code (check for a typo)
### WARNING in /lus/flare/projects/CompactBinaryMerger/hzhu/refgh_standard_ordering_20260823T0525Z_6884b09/src/src/parameter_input.cpp: input parameter <mesh_refinement>/max_nmb_per_rank = 128 was not used by the code (check for a typo)
### WARNING in /lus/flare/projects/CompactBinaryMerger/hzhu/refgh_standard_ordering_20260823T0525Z_6884b09/src/src/parameter_input.cpp: input parameter <refined_region1>/level = 1 was not used by the code (check for a typo)
### WARNING in /lus/flare/projects/CompactBinaryMerger/hzhu/refgh_standard_ordering_20260823T0525Z_6884b09/src/src/parameter_input.cpp: input parameter <refined_region1>/x1min = -2.0 was not used by the code (check for a typo)
### WARNING in /lus/flare/projects/CompactBinaryMerger/hzhu/refgh_standard_ordering_20260823T0525Z_6884b09/src/src/parameter_input.cpp: input parameter <refined_region1>/x1max = 2.0 was not used by the code (check for a typo)
### WARNING in /lus/flare/projects/CompactBinaryMerger/hzhu/refgh_standard_ordering_20260823T0525Z_6884b09/src/src/parameter_input.cpp: input parameter <refined_region1>/x2min = -2.0 was not used by the code (check for a typo)
### WARNING in /lus/flare/projects/CompactBinaryMerger/hzhu/refgh_standard_ordering_20260823T0525Z_6884b09/src/src/parameter_input.cpp: input parameter <refined_region1>/x2max = 2.0 was not used by the code (check for a typo)
### WARNING in /lus/flare/projects/CompactBinaryMerger/hzhu/refgh_standard_ordering_20260823T0525Z_6884b09/src/src/parameter_input.cpp: input parameter <refined_region1>/x3min = -2.0 was not used by the code (check for a typo)
### WARNING in /lus/flare/projects/CompactBinaryMerger/hzhu/refgh_standard_ordering_20260823T0525Z_6884b09/src/src/parameter_input.cpp: input parameter <refined_region1>/x3max = 2.0 was not used by the code (check for a typo)
### WARNING in /lus/flare/projects/CompactBinaryMerger/hzhu/refgh_standard_ordering_20260823T0525Z_6884b09/src/src/parameter_input.cpp: input parameter <time>/start_time = 0 was not used by the code (check for a typo)

Setup complete, executing task list(s)...

elapsed=7.382168e+01 cycle=830 time=2.220694e+00 dt=2.663625e-03
elapsed=1.542434e+02 cycle=840 time=2.247327e+00 dt=2.662848e-03
elapsed=2.367413e+02 cycle=850 time=2.273952e+00 dt=2.662060e-03
elapsed=3.210990e+02 cycle=860 time=2.300569e+00 dt=2.661261e-03
elapsed=3.995826e+02 cycle=870 time=2.327178e+00 dt=2.660451e-03
elapsed=4.820748e+02 cycle=880 time=2.353778e+00 dt=2.659631e-03
elapsed=5.625377e+02 cycle=890 time=2.380371e+00 dt=2.658799e-03
elapsed=6.449840e+02 cycle=900 time=2.406955e+00 dt=2.657957e-03
elapsed=7.254159e+02 cycle=910 time=2.433531e+00 dt=2.657105e-03
elapsed=8.078281e+02 cycle=920 time=2.460098e+00 dt=2.656243e-03
elapsed=8.881914e+02 cycle=930 time=2.486657e+00 dt=2.655370e-03
elapsed=9.705473e+02 cycle=940 time=2.513206e+00 dt=2.654487e-03
elapsed=1.050883e+03 cycle=950 time=2.539747e+00 dt=2.653594e-03
elapsed=1.133282e+03 cycle=960 time=2.566279e+00 dt=2.652692e-03
elapsed=1.213683e+03 cycle=970 time=2.592802e+00 dt=2.651780e-03
elapsed=1.296091e+03 cycle=980 time=2.619316e+00 dt=2.650858e-03
elapsed=1.376529e+03 cycle=990 time=2.645820e+00 dt=2.649926e-03
elapsed=1.458963e+03 cycle=1000 time=2.672315e+00 dt=2.648986e-03
elapsed=1.539381e+03 cycle=1010 time=2.698801e+00 dt=2.648036e-03
elapsed=1.621745e+03 cycle=1020 time=2.725277e+00 dt=2.647077e-03
elapsed=1.705985e+03 cycle=1030 time=2.751743e+00 dt=2.646110e-03
elapsed=1.784380e+03 cycle=1040 time=2.778200e+00 dt=2.645133e-03
elapsed=1.866812e+03 cycle=1050 time=2.804647e+00 dt=2.644148e-03
elapsed=1.947153e+03 cycle=1060 time=2.831084e+00 dt=2.643155e-03
elapsed=2.029517e+03 cycle=1070 time=2.857511e+00 dt=2.642153e-03
elapsed=2.109938e+03 cycle=1080 time=2.883928e+00 dt=2.641143e-03
elapsed=2.192366e+03 cycle=1090 time=2.910335e+00 dt=2.640126e-03
elapsed=2.272760e+03 cycle=1100 time=2.936731e+00 dt=2.639100e-03
elapsed=2.355195e+03 cycle=1110 time=2.963118e+00 dt=2.638067e-03
elapsed=2.435587e+03 cycle=1120 time=2.989494e+00 dt=2.637026e-03
elapsed=2.525542e+03 cycle=1130 time=3.015859e+00 dt=2.635978e-03
elapsed=2.605925e+03 cycle=1140 time=3.042214e+00 dt=2.634923e-03
elapsed=2.688316e+03 cycle=1150 time=3.068559e+00 dt=2.633861e-03
elapsed=2.768670e+03 cycle=1160 time=3.094892e+00 dt=2.632792e-03
elapsed=2.851012e+03 cycle=1170 time=3.121216e+00 dt=2.631717e-03
elapsed=2.931351e+03 cycle=1180 time=3.147528e+00 dt=2.630635e-03
elapsed=3.013934e+03 cycle=1190 time=3.173829e+00 dt=2.629547e-03
elapsed=3.098363e+03 cycle=1200 time=3.200120e+00 dt=2.628452e-03
elapsed=3.176946e+03 cycle=1210 time=3.226399e+00 dt=2.627352e-03
elapsed=3.259422e+03 cycle=1220 time=3.252668e+00 dt=2.626246e-03
elapsed=3.339827e+03 cycle=1230 time=3.278925e+00 dt=2.625135e-03
elapsed=3.422356e+03 cycle=1240 time=3.305172e+00 dt=2.624018e-03
elapsed=3.502789e+03 cycle=1250 time=3.331407e+00 dt=2.622895e-03
elapsed=3.585299e+03 cycle=1260 time=3.357631e+00 dt=2.621768e-03
elapsed=3.665728e+03 cycle=1270 time=3.383843e+00 dt=2.620636e-03
elapsed=3.748179e+03 cycle=1280 time=3.410045e+00 dt=2.619499e-03
elapsed=3.828639e+03 cycle=1290 time=3.436234e+00 dt=2.618358e-03
elapsed=3.911011e+03 cycle=1300 time=3.462413e+00 dt=2.617213e-03
elapsed=3.991339e+03 cycle=1310 time=3.488580e+00 dt=2.616063e-03
elapsed=4.081165e+03 cycle=1320 time=3.514735e+00 dt=2.614910e-03
elapsed=4.161505e+03 cycle=1330 time=3.540879e+00 dt=2.613752e-03
elapsed=4.243896e+03 cycle=1340 time=3.567012e+00 dt=2.612592e-03
elapsed=4.324298e+03 cycle=1350 time=3.593132e+00 dt=2.611428e-03
elapsed=4.406692e+03 cycle=1360 time=3.619241e+00 dt=2.610261e-03
elapsed=4.487120e+03 cycle=1370 time=3.645339e+00 dt=2.609090e-03
elapsed=4.569608e+03 cycle=1380 time=3.671424e+00 dt=2.607918e-03
elapsed=4.650038e+03 cycle=1390 time=3.697498e+00 dt=2.606742e-03
elapsed=4.732501e+03 cycle=1400 time=3.723560e+00 dt=2.605564e-03
elapsed=4.812910e+03 cycle=1410 time=3.749611e+00 dt=2.604384e-03
elapsed=4.895329e+03 cycle=1420 time=3.775649e+00 dt=2.603202e-03
elapsed=4.979712e+03 cycle=1430 time=3.801676e+00 dt=2.602019e-03
elapsed=5.058174e+03 cycle=1440 time=3.827691e+00 dt=2.600833e-03
elapsed=5.140521e+03 cycle=1450 time=3.853694e+00 dt=2.599647e-03
elapsed=5.220968e+03 cycle=1460 time=3.879685e+00 dt=2.598459e-03
elapsed=5.303375e+03 cycle=1470 time=3.905664e+00 dt=2.597270e-03
elapsed=5.383807e+03 cycle=1480 time=3.931631e+00 dt=2.596081e-03
elapsed=5.466238e+03 cycle=1490 time=3.957587e+00 dt=2.594890e-03
elapsed=5.546652e+03 cycle=1500 time=3.983530e+00 dt=2.593700e-03
reference-GH controlled Schwarzschild final: time=4.000000e+00 state Linf=8.456780e+00 bad-state=0.000000e+00

Terminating on time limit
time=4.000000e+00 cycle=1507
tlim=4.000000e+00 nlim=-1

MeshBlock-cycles = 23324
cpu time used  = 5.611789e+03
zone-cycles/cpu_second = 1.089536e+06
particle-updates/cpu_second = 0.000000e+00
real 5616.87
user 0.04
sys 0.15
