
Root grid = 3 x 3 x 3 MeshBlocks
Total number of MeshBlocks = 384
Number of logical  levels of refinement = 6 (7 levels total)
Number of physical levels of refinement = 4 (5 levels total)
  Physical level = 1 (logical level = 3): 208 MeshBlocks, cost = 208
  Physical level = 2 (logical level = 4): 56 MeshBlocks, cost = 56
  Physical level = 3 (logical level = 5): 56 MeshBlocks, cost = 56
  Physical level = 4 (logical level = 6): 64 MeshBlocks, cost = 64
Number of parallel ranks = 1
AssembleZ4cTasks

Setup complete, executing task list(s)...

elapsed=1.634130e+00 cycle=49 time=2.500000e-01 dt=5.208333e-03
elapsed=3.398026e+00 cycle=50 time=2.552083e-01 dt=5.208333e-03
elapsed=5.196073e+00 cycle=51 time=2.604167e-01 dt=5.208333e-03
elapsed=6.891041e+00 cycle=52 time=2.656250e-01 dt=5.208333e-03
elapsed=8.712913e+00 cycle=53 time=2.708333e-01 dt=5.208333e-03
elapsed=1.046194e+01 cycle=54 time=2.760417e-01 dt=5.208333e-03
elapsed=1.224200e+01 cycle=55 time=2.812500e-01 dt=5.208333e-03
elapsed=1.394063e+01 cycle=56 time=2.864583e-01 dt=5.208333e-03
elapsed=1.566809e+01 cycle=57 time=2.916667e-01 dt=5.208333e-03
elapsed=1.732824e+01 cycle=58 time=2.968750e-01 dt=5.208333e-03
elapsed=1.907277e+01 cycle=59 time=3.020833e-01 dt=5.208333e-03
elapsed=2.075207e+01 cycle=60 time=3.072917e-01 dt=5.208333e-03
elapsed=2.250027e+01 cycle=61 time=3.125000e-01 dt=5.208333e-03
elapsed=2.427015e+01 cycle=62 time=3.177083e-01 dt=5.208333e-03
elapsed=2.598734e+01 cycle=63 time=3.229167e-01 dt=5.208333e-03
elapsed=2.771008e+01 cycle=64 time=3.281250e-01 dt=5.208333e-03
elapsed=2.940210e+01 cycle=65 time=3.333333e-01 dt=5.208333e-03
elapsed=3.110689e+01 cycle=66 time=3.385417e-01 dt=5.208333e-03
elapsed=3.281229e+01 cycle=67 time=3.437500e-01 dt=5.208333e-03
elapsed=3.462519e+01 cycle=68 time=3.489583e-01 dt=5.208333e-03
elapsed=3.639467e+01 cycle=69 time=3.541667e-01 dt=5.208333e-03
elapsed=3.816370e+01 cycle=70 time=3.593750e-01 dt=5.208333e-03
elapsed=3.989614e+01 cycle=71 time=3.645833e-01 dt=5.208333e-03
elapsed=4.168954e+01 cycle=72 time=3.697917e-01 dt=5.208333e-03
elapsed=4.339085e+01 cycle=73 time=3.750000e-01 dt=5.208333e-03
elapsed=4.513558e+01 cycle=74 time=3.802083e-01 dt=5.208333e-03
elapsed=4.682322e+01 cycle=75 time=3.854167e-01 dt=5.208333e-03
elapsed=4.860205e+01 cycle=76 time=3.906250e-01 dt=5.208333e-03
elapsed=5.024856e+01 cycle=77 time=3.958333e-01 dt=5.208333e-03
elapsed=5.199646e+01 cycle=78 time=4.010417e-01 dt=5.208333e-03
elapsed=5.372399e+01 cycle=79 time=4.062500e-01 dt=5.208333e-03
elapsed=5.555006e+01 cycle=80 time=4.114583e-01 dt=5.208333e-03
elapsed=5.726303e+01 cycle=81 time=4.166667e-01 dt=5.208333e-03
elapsed=5.899198e+01 cycle=82 time=4.218750e-01 dt=5.208333e-03
elapsed=6.074634e+01 cycle=83 time=4.270833e-01 dt=5.208333e-03
elapsed=6.247590e+01 cycle=84 time=4.322917e-01 dt=5.208333e-03
elapsed=6.422022e+01 cycle=85 time=4.375000e-01 dt=5.208333e-03
elapsed=6.594412e+01 cycle=86 time=4.427083e-01 dt=5.208333e-03
elapsed=6.770927e+01 cycle=87 time=4.479167e-01 dt=5.208333e-03
elapsed=6.949599e+01 cycle=88 time=4.531250e-01 dt=5.208333e-03
elapsed=7.123059e+01 cycle=89 time=4.583333e-01 dt=5.208333e-03
elapsed=7.298823e+01 cycle=90 time=4.635417e-01 dt=5.208333e-03
elapsed=7.475900e+01 cycle=91 time=4.687500e-01 dt=5.208333e-03
elapsed=7.643080e+01 cycle=92 time=4.739583e-01 dt=5.208333e-03
elapsed=7.812599e+01 cycle=93 time=4.791667e-01 dt=5.208333e-03
elapsed=7.981467e+01 cycle=94 time=4.843750e-01 dt=5.208333e-03
elapsed=8.153548e+01 cycle=95 time=4.895833e-01 dt=5.208333e-03
elapsed=8.324391e+01 cycle=96 time=4.947917e-01 dt=5.208333e-03
elapsed=8.498617e+01 cycle=97 time=5.000000e-01 dt=8.881784e-16
elapsed=8.694081e+01 cycle=98 time=5.000000e-01 dt=1.776357e-15

Terminating on time limit
time=5.000000e-01 cycle=98
tlim=5.000000e-01 nlim=-1

MeshBlock-cycles = 18816
cpu time used  = 8.530669e+01
zone-cycles/cpu_second = 1.129313e+05
particle-updates/cpu_second = 0.000000e+00
