
Root grid = 1 x 1 x 1 MeshBlocks
Total number of MeshBlocks = 1
Number of logical  levels of refinement = 0 (1 levels total)
Number of physical levels of refinement = 0 (1 levels total)
Number of parallel ranks = 1
reference-GH production cache oracle conditioned scaled Linf = 0, time=0

Setup complete, executing task list(s)...

elapsed=2.500500e+01 cycle=0 time=0.000000e+00 dt=1.250000e-02
reference-GH production cache oracle conditioned scaled Linf = 0.000000e+00, time=1.492180e-02
reference-GH production cache oracle conditioned scaled Linf = 0.000000e+00, time=5.392517e-03
reference-GH production cache oracle conditioned scaled Linf = 0.000000e+00, time=1.250000e-02
reference-GH production cache oracle conditioned scaled Linf = 0.000000e+00, time=1.250000e-02
reference-GH Minkowski evolution passed: max error = 1.665335e-15
elapsed=1.196227e+02 cycle=1 time=1.250000e-02 dt=1.248439e-02

Terminating on cycle limit
time=1.250000e-02 cycle=1
tlim=2.000000e-01 nlim=1

MeshBlock-cycles = 1
cpu time used  = 9.461767e+01
zone-cycles/cpu_second = 5.411252e+00
particle-updates/cpu_second = 0.000000e+00
