{
  "c_squared": 1.5543095902183304,
  "critical_areal_radius": 1.540569415042095,
  "critical_lapse": 0.1622776601683794,
  "interpolant_consistency_first_error": 2.842170943040401e-14,
  "interpolant_consistency_second_error": 2.842170943040401e-14,
  "interpolation_first_derivative_error": 9.049969662555668e-10,
  "interpolation_implicit_error": 5.042506645333956e-15,
  "interpolation_second_derivative_error": 2.5395706870767754e-07,
  "interpolation_value_error": 2.6254554086335702e-11,
  "lapse_monotone": true,
  "limiting_areal_radius": 1.312408289173401,
  "minimum_tabulated_lapse": 2.990845283343652e-05,
  "table_implicit_residual": 4.890129901810197e-15,
  "trumpet_principal_basis_condition": 1.000000000000001,
  "trumpet_principal_basis_residual": 1.1102230246251565e-16,
  "trumpet_principal_max_imaginary_eigenvalue": 0.0,
  "trumpet_principal_minimum_rank": 50.0,
  "trumpet_principal_symmetrizer_residual": 0.0
}
