
Root grid = 1 x 1 x 1 MeshBlocks
Total number of MeshBlocks = 1
Number of logical  levels of refinement = 0 (1 levels total)
Number of physical levels of refinement = 0 (1 levels total)
Number of parallel ranks = 1
Research qualification execution backend: Cuda
PC-GH ADM initialization: min unguarded w=1, division_floor=1e-14, guarded cells=0

Setup complete, executing task list(s)...

elapsed=5.832128e-01 cycle=0 time=0.000000e+00 dt=1.250000e-02
elapsed=1.697847e+00 cycle=1 time=1.250000e-02 dt=1.250000e-02
elapsed=2.776186e+00 cycle=2 time=2.500000e-02 dt=1.250000e-02
elapsed=3.796982e+00 cycle=3 time=3.750000e-02 dt=1.250000e-02
elapsed=4.846262e+00 cycle=4 time=5.000000e-02 dt=1.250000e-02
elapsed=5.989499e+00 cycle=5 time=6.250000e-02 dt=1.250000e-02
elapsed=7.097451e+00 cycle=6 time=7.500000e-02 dt=1.250000e-02
elapsed=8.046885e+00 cycle=7 time=8.750000e-02 dt=1.250000e-02
elapsed=9.185623e+00 cycle=8 time=1.000000e-01 dt=1.250000e-02
elapsed=1.029559e+01 cycle=9 time=1.125000e-01 dt=1.250000e-02
elapsed=1.147301e+01 cycle=10 time=1.250000e-01 dt=1.250000e-02
elapsed=1.258136e+01 cycle=11 time=1.375000e-01 dt=1.250000e-02
elapsed=1.373622e+01 cycle=12 time=1.500000e-01 dt=1.250000e-02
elapsed=1.487674e+01 cycle=13 time=1.625000e-01 dt=1.250000e-02
elapsed=1.608078e+01 cycle=14 time=1.750000e-01 dt=1.250000e-02
elapsed=1.729937e+01 cycle=15 time=1.875000e-01 dt=1.250000e-02
elapsed=1.846174e+01 cycle=16 time=2.000000e-01 dt=1.250000e-02
elapsed=1.958330e+01 cycle=17 time=2.125000e-01 dt=1.250000e-02
elapsed=2.094199e+01 cycle=18 time=2.250000e-01 dt=1.250000e-02
elapsed=2.208618e+01 cycle=19 time=2.375000e-01 dt=1.250000e-02
PASS: exact PC-GH Minkowski state, ADM round trip, RHS, and diagnostics
elapsed=2.316547e+01 cycle=20 time=2.500000e-01 dt=1.250000e-02

Terminating on time limit
time=2.500000e-01 cycle=20
tlim=2.500000e-01 nlim=-1

MeshBlock-cycles = 20
cpu time used  = 2.258228e+01
zone-cycles/cpu_second = 1.133632e+02
particle-updates/cpu_second = 0.000000e+00
