
Root grid = 2 x 2 x 2 MeshBlocks
Total number of MeshBlocks = 232
Number of logical  levels of refinement = 5 (6 levels total)
Number of physical levels of refinement = 4 (5 levels total)
  Physical level = 1 (logical level = 2): 56 MeshBlocks, cost = 56
  Physical level = 2 (logical level = 3): 56 MeshBlocks, cost = 56
  Physical level = 3 (logical level = 4): 56 MeshBlocks, cost = 56
  Physical level = 4 (logical level = 5): 64 MeshBlocks, cost = 64
Number of parallel ranks = 1
AssembleZ4cTasks

Setup complete, executing task list(s)...

elapsed=9.655011e-01 cycle=641 time=5.000000e+00 dt=7.812500e-03
elapsed=1.854542e+00 cycle=642 time=5.007812e+00 dt=7.812500e-03
elapsed=2.800281e+00 cycle=643 time=5.015625e+00 dt=7.812500e-03
elapsed=3.724614e+00 cycle=644 time=5.023438e+00 dt=7.812500e-03
elapsed=4.702777e+00 cycle=645 time=5.031250e+00 dt=7.812500e-03
elapsed=5.668966e+00 cycle=646 time=5.039062e+00 dt=7.812500e-03
elapsed=6.558832e+00 cycle=647 time=5.046875e+00 dt=7.812500e-03
elapsed=7.495479e+00 cycle=648 time=5.054688e+00 dt=7.812500e-03
elapsed=8.417169e+00 cycle=649 time=5.062500e+00 dt=7.812500e-03
elapsed=9.332472e+00 cycle=650 time=5.070312e+00 dt=7.812500e-03
elapsed=1.023871e+01 cycle=651 time=5.078125e+00 dt=7.812500e-03
elapsed=1.114518e+01 cycle=652 time=5.085938e+00 dt=7.812500e-03
elapsed=1.213299e+01 cycle=653 time=5.093750e+00 dt=7.812500e-03
elapsed=1.309751e+01 cycle=654 time=5.101562e+00 dt=7.812500e-03
elapsed=1.404777e+01 cycle=655 time=5.109375e+00 dt=7.812500e-03
elapsed=1.503334e+01 cycle=656 time=5.117188e+00 dt=7.812500e-03
elapsed=1.594606e+01 cycle=657 time=5.125000e+00 dt=7.812500e-03
elapsed=1.694593e+01 cycle=658 time=5.132812e+00 dt=7.812500e-03
elapsed=1.790367e+01 cycle=659 time=5.140625e+00 dt=7.812500e-03
elapsed=1.891828e+01 cycle=660 time=5.148438e+00 dt=7.812500e-03
elapsed=1.983504e+01 cycle=661 time=5.156250e+00 dt=7.812500e-03
elapsed=2.077935e+01 cycle=662 time=5.164062e+00 dt=7.812500e-03
elapsed=2.172677e+01 cycle=663 time=5.171875e+00 dt=7.812500e-03
elapsed=2.274841e+01 cycle=664 time=5.179688e+00 dt=7.812500e-03
elapsed=2.376887e+01 cycle=665 time=5.187500e+00 dt=7.812500e-03
elapsed=2.474334e+01 cycle=666 time=5.195312e+00 dt=7.812500e-03
elapsed=2.572173e+01 cycle=667 time=5.203125e+00 dt=7.812500e-03
elapsed=2.668057e+01 cycle=668 time=5.210938e+00 dt=7.812500e-03
elapsed=2.758168e+01 cycle=669 time=5.218750e+00 dt=7.812500e-03
elapsed=2.845312e+01 cycle=670 time=5.226562e+00 dt=7.812500e-03
elapsed=2.932633e+01 cycle=671 time=5.234375e+00 dt=7.812500e-03
elapsed=3.019573e+01 cycle=672 time=5.242188e+00 dt=7.812500e-03
elapsed=3.108470e+01 cycle=673 time=5.250000e+00 dt=7.812500e-03
elapsed=3.205028e+01 cycle=674 time=5.257812e+00 dt=7.812500e-03
elapsed=3.308119e+01 cycle=675 time=5.265625e+00 dt=7.812500e-03
elapsed=3.402908e+01 cycle=676 time=5.273438e+00 dt=7.812500e-03
elapsed=3.498326e+01 cycle=677 time=5.281250e+00 dt=7.812500e-03
elapsed=3.587922e+01 cycle=678 time=5.289062e+00 dt=7.812500e-03
elapsed=3.685649e+01 cycle=679 time=5.296875e+00 dt=7.812500e-03
elapsed=3.787038e+01 cycle=680 time=5.304688e+00 dt=7.812500e-03
elapsed=3.877337e+01 cycle=681 time=5.312500e+00 dt=7.812500e-03
elapsed=3.976335e+01 cycle=682 time=5.320312e+00 dt=7.812500e-03
elapsed=4.072276e+01 cycle=683 time=5.328125e+00 dt=7.812500e-03
elapsed=4.169895e+01 cycle=684 time=5.335938e+00 dt=7.812500e-03
elapsed=4.266413e+01 cycle=685 time=5.343750e+00 dt=7.812500e-03
elapsed=4.355828e+01 cycle=686 time=5.351562e+00 dt=7.812500e-03
elapsed=4.452021e+01 cycle=687 time=5.359375e+00 dt=7.812500e-03
elapsed=4.549695e+01 cycle=688 time=5.367188e+00 dt=7.812500e-03
elapsed=4.641632e+01 cycle=689 time=5.375000e+00 dt=7.812500e-03
elapsed=4.731777e+01 cycle=690 time=5.382812e+00 dt=7.812500e-03
elapsed=4.827244e+01 cycle=691 time=5.390625e+00 dt=7.812500e-03
elapsed=4.925490e+01 cycle=692 time=5.398438e+00 dt=7.812500e-03
elapsed=5.025703e+01 cycle=693 time=5.406250e+00 dt=7.812500e-03
elapsed=5.120060e+01 cycle=694 time=5.414062e+00 dt=7.812500e-03
elapsed=5.220385e+01 cycle=695 time=5.421875e+00 dt=7.812500e-03
elapsed=5.315889e+01 cycle=696 time=5.429688e+00 dt=7.812500e-03
elapsed=5.404618e+01 cycle=697 time=5.437500e+00 dt=7.812500e-03
elapsed=5.499540e+01 cycle=698 time=5.445312e+00 dt=7.812500e-03
elapsed=5.595111e+01 cycle=699 time=5.453125e+00 dt=7.812500e-03
elapsed=5.691191e+01 cycle=700 time=5.460938e+00 dt=7.812500e-03
elapsed=5.782949e+01 cycle=701 time=5.468750e+00 dt=7.812500e-03
elapsed=5.878577e+01 cycle=702 time=5.476562e+00 dt=7.812500e-03
elapsed=5.972073e+01 cycle=703 time=5.484375e+00 dt=7.812500e-03
elapsed=6.065876e+01 cycle=704 time=5.492188e+00 dt=7.812500e-03
elapsed=6.163059e+01 cycle=705 time=5.500000e+00 dt=7.812500e-03
elapsed=6.259048e+01 cycle=706 time=5.507812e+00 dt=7.812500e-03
elapsed=6.359222e+01 cycle=707 time=5.515625e+00 dt=7.812500e-03
elapsed=6.460522e+01 cycle=708 time=5.523438e+00 dt=7.812500e-03
elapsed=6.553516e+01 cycle=709 time=5.531250e+00 dt=7.812500e-03
elapsed=6.644400e+01 cycle=710 time=5.539062e+00 dt=7.812500e-03
elapsed=6.737309e+01 cycle=711 time=5.546875e+00 dt=7.812500e-03
elapsed=6.831965e+01 cycle=712 time=5.554688e+00 dt=7.812500e-03
elapsed=6.931221e+01 cycle=713 time=5.562500e+00 dt=7.812500e-03
elapsed=7.026193e+01 cycle=714 time=5.570312e+00 dt=7.812500e-03
elapsed=7.115350e+01 cycle=715 time=5.578125e+00 dt=7.812500e-03
elapsed=7.207087e+01 cycle=716 time=5.585938e+00 dt=7.812500e-03
elapsed=7.298218e+01 cycle=717 time=5.593750e+00 dt=7.812500e-03
elapsed=7.399741e+01 cycle=718 time=5.601562e+00 dt=7.812500e-03
elapsed=7.496614e+01 cycle=719 time=5.609375e+00 dt=7.812500e-03
elapsed=7.593196e+01 cycle=720 time=5.617188e+00 dt=7.812500e-03
elapsed=7.689269e+01 cycle=721 time=5.625000e+00 dt=7.812500e-03
elapsed=7.778281e+01 cycle=722 time=5.632812e+00 dt=7.812500e-03
elapsed=7.874108e+01 cycle=723 time=5.640625e+00 dt=7.812500e-03
elapsed=7.965711e+01 cycle=724 time=5.648438e+00 dt=7.812500e-03
elapsed=8.057185e+01 cycle=725 time=5.656250e+00 dt=7.812500e-03
elapsed=8.152109e+01 cycle=726 time=5.664062e+00 dt=7.812500e-03
elapsed=8.245587e+01 cycle=727 time=5.671875e+00 dt=7.812500e-03
elapsed=8.341042e+01 cycle=728 time=5.679688e+00 dt=7.812500e-03
elapsed=8.434430e+01 cycle=729 time=5.687500e+00 dt=7.812500e-03
elapsed=8.530051e+01 cycle=730 time=5.695312e+00 dt=7.812500e-03
elapsed=8.623906e+01 cycle=731 time=5.703125e+00 dt=7.812500e-03
elapsed=8.719835e+01 cycle=732 time=5.710938e+00 dt=7.812500e-03
elapsed=8.817121e+01 cycle=733 time=5.718750e+00 dt=7.812500e-03
elapsed=8.919211e+01 cycle=734 time=5.726562e+00 dt=7.812500e-03
elapsed=9.007875e+01 cycle=735 time=5.734375e+00 dt=7.812500e-03
elapsed=9.102309e+01 cycle=736 time=5.742188e+00 dt=7.812500e-03
elapsed=9.199234e+01 cycle=737 time=5.750000e+00 dt=7.812500e-03
elapsed=9.295934e+01 cycle=738 time=5.757812e+00 dt=7.812500e-03
elapsed=9.398488e+01 cycle=739 time=5.765625e+00 dt=7.812500e-03
elapsed=9.490423e+01 cycle=740 time=5.773438e+00 dt=7.812500e-03
elapsed=9.581840e+01 cycle=741 time=5.781250e+00 dt=7.812500e-03
elapsed=9.675476e+01 cycle=742 time=5.789062e+00 dt=7.812500e-03
elapsed=9.773501e+01 cycle=743 time=5.796875e+00 dt=7.812500e-03
elapsed=9.872259e+01 cycle=744 time=5.804688e+00 dt=7.812500e-03
elapsed=9.969229e+01 cycle=745 time=5.812500e+00 dt=7.812500e-03
elapsed=1.006581e+02 cycle=746 time=5.820312e+00 dt=7.812500e-03
elapsed=1.016164e+02 cycle=747 time=5.828125e+00 dt=7.812500e-03
elapsed=1.025595e+02 cycle=748 time=5.835938e+00 dt=7.812500e-03
elapsed=1.035110e+02 cycle=749 time=5.843750e+00 dt=7.812500e-03
elapsed=1.044624e+02 cycle=750 time=5.851562e+00 dt=7.812500e-03
elapsed=1.053834e+02 cycle=751 time=5.859375e+00 dt=7.812500e-03
elapsed=1.062736e+02 cycle=752 time=5.867188e+00 dt=7.812500e-03
elapsed=1.071546e+02 cycle=753 time=5.875000e+00 dt=7.812500e-03
elapsed=1.081323e+02 cycle=754 time=5.882812e+00 dt=7.812500e-03
elapsed=1.090972e+02 cycle=755 time=5.890625e+00 dt=7.812500e-03
elapsed=1.100740e+02 cycle=756 time=5.898438e+00 dt=7.812500e-03
elapsed=1.110160e+02 cycle=757 time=5.906250e+00 dt=7.812500e-03
elapsed=1.119134e+02 cycle=758 time=5.914062e+00 dt=7.812500e-03
elapsed=1.129283e+02 cycle=759 time=5.921875e+00 dt=7.812500e-03
elapsed=1.138794e+02 cycle=760 time=5.929688e+00 dt=7.812500e-03
elapsed=1.148122e+02 cycle=761 time=5.937500e+00 dt=7.812500e-03
elapsed=1.157613e+02 cycle=762 time=5.945312e+00 dt=7.812500e-03
elapsed=1.166920e+02 cycle=763 time=5.953125e+00 dt=7.812500e-03
elapsed=1.176495e+02 cycle=764 time=5.960938e+00 dt=7.812500e-03
elapsed=1.185668e+02 cycle=765 time=5.968750e+00 dt=7.812500e-03
elapsed=1.195024e+02 cycle=766 time=5.976562e+00 dt=7.812500e-03
elapsed=1.205110e+02 cycle=767 time=5.984375e+00 dt=7.812500e-03
elapsed=1.214479e+02 cycle=768 time=5.992188e+00 dt=7.812500e-03
elapsed=1.223756e+02 cycle=769 time=6.000000e+00 dt=7.812500e-03
elapsed=1.232883e+02 cycle=770 time=6.007812e+00 dt=7.812500e-03
elapsed=1.241997e+02 cycle=771 time=6.015625e+00 dt=7.812500e-03
elapsed=1.252030e+02 cycle=772 time=6.023438e+00 dt=7.812500e-03
elapsed=1.261826e+02 cycle=773 time=6.031250e+00 dt=7.812500e-03
elapsed=1.270748e+02 cycle=774 time=6.039062e+00 dt=7.812500e-03
elapsed=1.280744e+02 cycle=775 time=6.046875e+00 dt=7.812500e-03
elapsed=1.289771e+02 cycle=776 time=6.054688e+00 dt=7.812500e-03
elapsed=1.299445e+02 cycle=777 time=6.062500e+00 dt=7.812500e-03
elapsed=1.308866e+02 cycle=778 time=6.070312e+00 dt=7.812500e-03
elapsed=1.318830e+02 cycle=779 time=6.078125e+00 dt=7.812500e-03
elapsed=1.328683e+02 cycle=780 time=6.085938e+00 dt=7.812500e-03
elapsed=1.338097e+02 cycle=781 time=6.093750e+00 dt=7.812500e-03
elapsed=1.347178e+02 cycle=782 time=6.101562e+00 dt=7.812500e-03
elapsed=1.356590e+02 cycle=783 time=6.109375e+00 dt=7.812500e-03
elapsed=1.365918e+02 cycle=784 time=6.117188e+00 dt=7.812500e-03
elapsed=1.376243e+02 cycle=785 time=6.125000e+00 dt=7.812500e-03
elapsed=1.385534e+02 cycle=786 time=6.132812e+00 dt=7.812500e-03
elapsed=1.395321e+02 cycle=787 time=6.140625e+00 dt=7.812500e-03
elapsed=1.404704e+02 cycle=788 time=6.148438e+00 dt=7.812500e-03
elapsed=1.413670e+02 cycle=789 time=6.156250e+00 dt=7.812500e-03
elapsed=1.423544e+02 cycle=790 time=6.164062e+00 dt=7.812500e-03
elapsed=1.432873e+02 cycle=791 time=6.171875e+00 dt=7.812500e-03
elapsed=1.441760e+02 cycle=792 time=6.179688e+00 dt=7.812500e-03
elapsed=1.451753e+02 cycle=793 time=6.187500e+00 dt=7.812500e-03
elapsed=1.461426e+02 cycle=794 time=6.195312e+00 dt=7.812500e-03
elapsed=1.470656e+02 cycle=795 time=6.203125e+00 dt=7.812500e-03
elapsed=1.480333e+02 cycle=796 time=6.210938e+00 dt=7.812500e-03
elapsed=1.489609e+02 cycle=797 time=6.218750e+00 dt=7.812500e-03
elapsed=1.499793e+02 cycle=798 time=6.226562e+00 dt=7.812500e-03
elapsed=1.509571e+02 cycle=799 time=6.234375e+00 dt=7.812500e-03
elapsed=1.519334e+02 cycle=800 time=6.242188e+00 dt=7.812500e-03
elapsed=1.529540e+02 cycle=801 time=6.250000e+00 dt=7.812500e-03
elapsed=1.538467e+02 cycle=802 time=6.257812e+00 dt=7.812500e-03
elapsed=1.547407e+02 cycle=803 time=6.265625e+00 dt=7.812500e-03
elapsed=1.557717e+02 cycle=804 time=6.273438e+00 dt=7.812500e-03
elapsed=1.567491e+02 cycle=805 time=6.281250e+00 dt=7.812500e-03
elapsed=1.577413e+02 cycle=806 time=6.289062e+00 dt=7.812500e-03
elapsed=1.586281e+02 cycle=807 time=6.296875e+00 dt=7.812500e-03
elapsed=1.595184e+02 cycle=808 time=6.304688e+00 dt=7.812500e-03
elapsed=1.605126e+02 cycle=809 time=6.312500e+00 dt=7.812500e-03
elapsed=1.614138e+02 cycle=810 time=6.320312e+00 dt=7.812500e-03
elapsed=1.623818e+02 cycle=811 time=6.328125e+00 dt=7.812500e-03
elapsed=1.633047e+02 cycle=812 time=6.335938e+00 dt=7.812500e-03
elapsed=1.642807e+02 cycle=813 time=6.343750e+00 dt=7.812500e-03
elapsed=1.652953e+02 cycle=814 time=6.351562e+00 dt=7.812500e-03
elapsed=1.662014e+02 cycle=815 time=6.359375e+00 dt=7.812500e-03
elapsed=1.671677e+02 cycle=816 time=6.367188e+00 dt=7.812500e-03
elapsed=1.681434e+02 cycle=817 time=6.375000e+00 dt=7.812500e-03
elapsed=1.691057e+02 cycle=818 time=6.382812e+00 dt=7.812500e-03
elapsed=1.701436e+02 cycle=819 time=6.390625e+00 dt=7.812500e-03
elapsed=1.710784e+02 cycle=820 time=6.398438e+00 dt=7.812500e-03
elapsed=1.720587e+02 cycle=821 time=6.406250e+00 dt=7.812500e-03
elapsed=1.729595e+02 cycle=822 time=6.414062e+00 dt=7.812500e-03
elapsed=1.739183e+02 cycle=823 time=6.421875e+00 dt=7.812500e-03
elapsed=1.749534e+02 cycle=824 time=6.429688e+00 dt=7.812500e-03
elapsed=1.759532e+02 cycle=825 time=6.437500e+00 dt=7.812500e-03
elapsed=1.769731e+02 cycle=826 time=6.445312e+00 dt=7.812500e-03
elapsed=1.778514e+02 cycle=827 time=6.453125e+00 dt=7.812500e-03
elapsed=1.787715e+02 cycle=828 time=6.460938e+00 dt=7.812500e-03
elapsed=1.797245e+02 cycle=829 time=6.468750e+00 dt=7.812500e-03
elapsed=1.806188e+02 cycle=830 time=6.476562e+00 dt=7.812500e-03
elapsed=1.815620e+02 cycle=831 time=6.484375e+00 dt=7.812500e-03
elapsed=1.824995e+02 cycle=832 time=6.492188e+00 dt=7.812500e-03
elapsed=1.834793e+02 cycle=833 time=6.500000e+00 dt=7.812500e-03
elapsed=1.843960e+02 cycle=834 time=6.507812e+00 dt=7.812500e-03
elapsed=1.852888e+02 cycle=835 time=6.515625e+00 dt=7.812500e-03
elapsed=1.862346e+02 cycle=836 time=6.523438e+00 dt=7.812500e-03
elapsed=1.872076e+02 cycle=837 time=6.531250e+00 dt=7.812500e-03
elapsed=1.882427e+02 cycle=838 time=6.539062e+00 dt=7.812500e-03
elapsed=1.891924e+02 cycle=839 time=6.546875e+00 dt=7.812500e-03
elapsed=1.901129e+02 cycle=840 time=6.554688e+00 dt=7.812500e-03
elapsed=1.910469e+02 cycle=841 time=6.562500e+00 dt=7.812500e-03
elapsed=1.919518e+02 cycle=842 time=6.570312e+00 dt=7.812500e-03
elapsed=1.929020e+02 cycle=843 time=6.578125e+00 dt=7.812500e-03
elapsed=1.939708e+02 cycle=844 time=6.585938e+00 dt=7.812500e-03
elapsed=1.949641e+02 cycle=845 time=6.593750e+00 dt=7.812500e-03
elapsed=1.958894e+02 cycle=846 time=6.601562e+00 dt=7.812500e-03
elapsed=1.968796e+02 cycle=847 time=6.609375e+00 dt=7.812500e-03
elapsed=1.977762e+02 cycle=848 time=6.617188e+00 dt=7.812500e-03
elapsed=1.988438e+02 cycle=849 time=6.625000e+00 dt=7.812500e-03
elapsed=1.998241e+02 cycle=850 time=6.632812e+00 dt=7.812500e-03
elapsed=2.007572e+02 cycle=851 time=6.640625e+00 dt=7.812500e-03
elapsed=2.017109e+02 cycle=852 time=6.648438e+00 dt=7.812500e-03
elapsed=2.026927e+02 cycle=853 time=6.656250e+00 dt=7.812500e-03
elapsed=2.036710e+02 cycle=854 time=6.664062e+00 dt=7.812500e-03
elapsed=2.046883e+02 cycle=855 time=6.671875e+00 dt=7.812500e-03
elapsed=2.057703e+02 cycle=856 time=6.679688e+00 dt=7.812500e-03
elapsed=2.066712e+02 cycle=857 time=6.687500e+00 dt=7.812500e-03
elapsed=2.077005e+02 cycle=858 time=6.695312e+00 dt=7.812500e-03
elapsed=2.087661e+02 cycle=859 time=6.703125e+00 dt=7.812500e-03
elapsed=2.097959e+02 cycle=860 time=6.710938e+00 dt=7.812500e-03
elapsed=2.106961e+02 cycle=861 time=6.718750e+00 dt=7.812500e-03
elapsed=2.116368e+02 cycle=862 time=6.726562e+00 dt=7.812500e-03
elapsed=2.125508e+02 cycle=863 time=6.734375e+00 dt=7.812500e-03
elapsed=2.135813e+02 cycle=864 time=6.742188e+00 dt=7.812500e-03
elapsed=2.146019e+02 cycle=865 time=6.750000e+00 dt=7.812500e-03
elapsed=2.155545e+02 cycle=866 time=6.757812e+00 dt=7.812500e-03
elapsed=2.165661e+02 cycle=867 time=6.765625e+00 dt=7.812500e-03
elapsed=2.175694e+02 cycle=868 time=6.773438e+00 dt=7.812500e-03
elapsed=2.185824e+02 cycle=869 time=6.781250e+00 dt=7.812500e-03
elapsed=2.194946e+02 cycle=870 time=6.789062e+00 dt=7.812500e-03
elapsed=2.204604e+02 cycle=871 time=6.796875e+00 dt=7.812500e-03
elapsed=2.214404e+02 cycle=872 time=6.804688e+00 dt=7.812500e-03
elapsed=2.223929e+02 cycle=873 time=6.812500e+00 dt=7.812500e-03
elapsed=2.233779e+02 cycle=874 time=6.820312e+00 dt=7.812500e-03
elapsed=2.243417e+02 cycle=875 time=6.828125e+00 dt=7.812500e-03
elapsed=2.253914e+02 cycle=876 time=6.835938e+00 dt=7.812500e-03
elapsed=2.264339e+02 cycle=877 time=6.843750e+00 dt=7.812500e-03
elapsed=2.273258e+02 cycle=878 time=6.851562e+00 dt=7.812500e-03
elapsed=2.283240e+02 cycle=879 time=6.859375e+00 dt=7.812500e-03
elapsed=2.292611e+02 cycle=880 time=6.867188e+00 dt=7.812500e-03
elapsed=2.302946e+02 cycle=881 time=6.875000e+00 dt=7.812500e-03
elapsed=2.312961e+02 cycle=882 time=6.882812e+00 dt=7.812500e-03
elapsed=2.323197e+02 cycle=883 time=6.890625e+00 dt=7.812500e-03
elapsed=2.334058e+02 cycle=884 time=6.898438e+00 dt=7.812500e-03
elapsed=2.343631e+02 cycle=885 time=6.906250e+00 dt=7.812500e-03
elapsed=2.353083e+02 cycle=886 time=6.914062e+00 dt=7.812500e-03
elapsed=2.363141e+02 cycle=887 time=6.921875e+00 dt=7.812500e-03
elapsed=2.372729e+02 cycle=888 time=6.929688e+00 dt=7.812500e-03
elapsed=2.382880e+02 cycle=889 time=6.937500e+00 dt=7.812500e-03
elapsed=2.392627e+02 cycle=890 time=6.945312e+00 dt=7.812500e-03
elapsed=2.402550e+02 cycle=891 time=6.953125e+00 dt=7.812500e-03
elapsed=2.411837e+02 cycle=892 time=6.960938e+00 dt=7.812500e-03
elapsed=2.421640e+02 cycle=893 time=6.968750e+00 dt=7.812500e-03
elapsed=2.431517e+02 cycle=894 time=6.976562e+00 dt=7.812500e-03
elapsed=2.441990e+02 cycle=895 time=6.984375e+00 dt=7.812500e-03
elapsed=2.451624e+02 cycle=896 time=6.992188e+00 dt=7.812500e-03
elapsed=2.460906e+02 cycle=897 time=7.000000e+00 dt=7.812500e-03
elapsed=2.470230e+02 cycle=898 time=7.007812e+00 dt=7.812500e-03
elapsed=2.480101e+02 cycle=899 time=7.015625e+00 dt=7.812500e-03
elapsed=2.489669e+02 cycle=900 time=7.023438e+00 dt=7.812500e-03
elapsed=2.499095e+02 cycle=901 time=7.031250e+00 dt=7.812500e-03
elapsed=2.508465e+02 cycle=902 time=7.039062e+00 dt=7.812500e-03
elapsed=2.518246e+02 cycle=903 time=7.046875e+00 dt=7.812500e-03
elapsed=2.528440e+02 cycle=904 time=7.054688e+00 dt=7.812500e-03
elapsed=2.537947e+02 cycle=905 time=7.062500e+00 dt=7.812500e-03
elapsed=2.548477e+02 cycle=906 time=7.070312e+00 dt=7.812500e-03
elapsed=2.558489e+02 cycle=907 time=7.078125e+00 dt=7.812500e-03
elapsed=2.568249e+02 cycle=908 time=7.085938e+00 dt=7.812500e-03
elapsed=2.578319e+02 cycle=909 time=7.093750e+00 dt=7.812500e-03
elapsed=2.587951e+02 cycle=910 time=7.101562e+00 dt=7.812500e-03
elapsed=2.598124e+02 cycle=911 time=7.109375e+00 dt=7.812500e-03
elapsed=2.607525e+02 cycle=912 time=7.117188e+00 dt=7.812500e-03
elapsed=2.617386e+02 cycle=913 time=7.125000e+00 dt=7.812500e-03
elapsed=2.627587e+02 cycle=914 time=7.132812e+00 dt=7.812500e-03
elapsed=2.636852e+02 cycle=915 time=7.140625e+00 dt=7.812500e-03
elapsed=2.646528e+02 cycle=916 time=7.148438e+00 dt=7.812500e-03
elapsed=2.655524e+02 cycle=917 time=7.156250e+00 dt=7.812500e-03
elapsed=2.664953e+02 cycle=918 time=7.164062e+00 dt=7.812500e-03
elapsed=2.674511e+02 cycle=919 time=7.171875e+00 dt=7.812500e-03
elapsed=2.684016e+02 cycle=920 time=7.179688e+00 dt=7.812500e-03
elapsed=2.693245e+02 cycle=921 time=7.187500e+00 dt=7.812500e-03
elapsed=2.703023e+02 cycle=922 time=7.195312e+00 dt=7.812500e-03
elapsed=2.712727e+02 cycle=923 time=7.203125e+00 dt=7.812500e-03
elapsed=2.722326e+02 cycle=924 time=7.210938e+00 dt=7.812500e-03
elapsed=2.731922e+02 cycle=925 time=7.218750e+00 dt=7.812500e-03
elapsed=2.741806e+02 cycle=926 time=7.226562e+00 dt=7.812500e-03
elapsed=2.751690e+02 cycle=927 time=7.234375e+00 dt=7.812500e-03
elapsed=2.761195e+02 cycle=928 time=7.242188e+00 dt=7.812500e-03
elapsed=2.770671e+02 cycle=929 time=7.250000e+00 dt=7.812500e-03
elapsed=2.779566e+02 cycle=930 time=7.257812e+00 dt=7.812500e-03
elapsed=2.789090e+02 cycle=931 time=7.265625e+00 dt=7.812500e-03
elapsed=2.799118e+02 cycle=932 time=7.273438e+00 dt=7.812500e-03
elapsed=2.809161e+02 cycle=933 time=7.281250e+00 dt=7.812500e-03
elapsed=2.819613e+02 cycle=934 time=7.289062e+00 dt=7.812500e-03
elapsed=2.829120e+02 cycle=935 time=7.296875e+00 dt=7.812500e-03
elapsed=2.838821e+02 cycle=936 time=7.304688e+00 dt=7.812500e-03
elapsed=2.848802e+02 cycle=937 time=7.312500e+00 dt=7.812500e-03
elapsed=2.858803e+02 cycle=938 time=7.320312e+00 dt=7.812500e-03
elapsed=2.868692e+02 cycle=939 time=7.328125e+00 dt=7.812500e-03
elapsed=2.877853e+02 cycle=940 time=7.335938e+00 dt=7.812500e-03
elapsed=2.887045e+02 cycle=941 time=7.343750e+00 dt=7.812500e-03
elapsed=2.896602e+02 cycle=942 time=7.351562e+00 dt=7.812500e-03
elapsed=2.905636e+02 cycle=943 time=7.359375e+00 dt=7.812500e-03
elapsed=2.915219e+02 cycle=944 time=7.367188e+00 dt=7.812500e-03
elapsed=2.924792e+02 cycle=945 time=7.375000e+00 dt=7.812500e-03
elapsed=2.933874e+02 cycle=946 time=7.382812e+00 dt=7.812500e-03
elapsed=2.943278e+02 cycle=947 time=7.390625e+00 dt=7.812500e-03
elapsed=2.953505e+02 cycle=948 time=7.398438e+00 dt=7.812500e-03
elapsed=2.963514e+02 cycle=949 time=7.406250e+00 dt=7.812500e-03
elapsed=2.972875e+02 cycle=950 time=7.414062e+00 dt=7.812500e-03
elapsed=2.982195e+02 cycle=951 time=7.421875e+00 dt=7.812500e-03
elapsed=2.992193e+02 cycle=952 time=7.429688e+00 dt=7.812500e-03
elapsed=3.001969e+02 cycle=953 time=7.437500e+00 dt=7.812500e-03
elapsed=3.011553e+02 cycle=954 time=7.445312e+00 dt=7.812500e-03
elapsed=3.021138e+02 cycle=955 time=7.453125e+00 dt=7.812500e-03
elapsed=3.030108e+02 cycle=956 time=7.460938e+00 dt=7.812500e-03
elapsed=3.039265e+02 cycle=957 time=7.468750e+00 dt=7.812500e-03
elapsed=3.049667e+02 cycle=958 time=7.476562e+00 dt=7.812500e-03
elapsed=3.059803e+02 cycle=959 time=7.484375e+00 dt=7.812500e-03
elapsed=3.070066e+02 cycle=960 time=7.492188e+00 dt=7.812500e-03
elapsed=3.080554e+02 cycle=961 time=7.500000e+00 dt=7.812500e-03
elapsed=3.089718e+02 cycle=962 time=7.507812e+00 dt=7.812500e-03
elapsed=3.099839e+02 cycle=963 time=7.515625e+00 dt=7.812500e-03
elapsed=3.109442e+02 cycle=964 time=7.523438e+00 dt=7.812500e-03
elapsed=3.119729e+02 cycle=965 time=7.531250e+00 dt=7.812500e-03
elapsed=3.129715e+02 cycle=966 time=7.539062e+00 dt=7.812500e-03
elapsed=3.138706e+02 cycle=967 time=7.546875e+00 dt=7.812500e-03
elapsed=3.147617e+02 cycle=968 time=7.554688e+00 dt=7.812500e-03
elapsed=3.156886e+02 cycle=969 time=7.562500e+00 dt=7.812500e-03
elapsed=3.167337e+02 cycle=970 time=7.570312e+00 dt=7.812500e-03
elapsed=3.177363e+02 cycle=971 time=7.578125e+00 dt=7.812500e-03
elapsed=3.187113e+02 cycle=972 time=7.585938e+00 dt=7.812500e-03
elapsed=3.196192e+02 cycle=973 time=7.593750e+00 dt=7.812500e-03
elapsed=3.206310e+02 cycle=974 time=7.601562e+00 dt=7.812500e-03
elapsed=3.215844e+02 cycle=975 time=7.609375e+00 dt=7.812500e-03
elapsed=3.226631e+02 cycle=976 time=7.617188e+00 dt=7.812500e-03
elapsed=3.236879e+02 cycle=977 time=7.625000e+00 dt=7.812500e-03
elapsed=3.246721e+02 cycle=978 time=7.632812e+00 dt=7.812500e-03
elapsed=3.256013e+02 cycle=979 time=7.640625e+00 dt=7.812500e-03
elapsed=3.266023e+02 cycle=980 time=7.648438e+00 dt=7.812500e-03
elapsed=3.275177e+02 cycle=981 time=7.656250e+00 dt=7.812500e-03
elapsed=3.285151e+02 cycle=982 time=7.664062e+00 dt=7.812500e-03
elapsed=3.294859e+02 cycle=983 time=7.671875e+00 dt=7.812500e-03
elapsed=3.304754e+02 cycle=984 time=7.679688e+00 dt=7.812500e-03
elapsed=3.314834e+02 cycle=985 time=7.687500e+00 dt=7.812500e-03
elapsed=3.323853e+02 cycle=986 time=7.695312e+00 dt=7.812500e-03
elapsed=3.332860e+02 cycle=987 time=7.703125e+00 dt=7.812500e-03
elapsed=3.342570e+02 cycle=988 time=7.710938e+00 dt=7.812500e-03
elapsed=3.351753e+02 cycle=989 time=7.718750e+00 dt=7.812500e-03
elapsed=3.361233e+02 cycle=990 time=7.726562e+00 dt=7.812500e-03
elapsed=3.370987e+02 cycle=991 time=7.734375e+00 dt=7.812500e-03
elapsed=3.380694e+02 cycle=992 time=7.742188e+00 dt=7.812500e-03
elapsed=3.389924e+02 cycle=993 time=7.750000e+00 dt=7.812500e-03
elapsed=3.398875e+02 cycle=994 time=7.757812e+00 dt=7.812500e-03
elapsed=3.408384e+02 cycle=995 time=7.765625e+00 dt=7.812500e-03
elapsed=3.417355e+02 cycle=996 time=7.773438e+00 dt=7.812500e-03
elapsed=3.426381e+02 cycle=997 time=7.781250e+00 dt=7.812500e-03
elapsed=3.436423e+02 cycle=998 time=7.789062e+00 dt=7.812500e-03
elapsed=3.445991e+02 cycle=999 time=7.796875e+00 dt=7.812500e-03
elapsed=3.456033e+02 cycle=1000 time=7.804688e+00 dt=7.812500e-03
elapsed=3.465690e+02 cycle=1001 time=7.812500e+00 dt=7.812500e-03
elapsed=3.474676e+02 cycle=1002 time=7.820312e+00 dt=7.812500e-03
elapsed=3.484993e+02 cycle=1003 time=7.828125e+00 dt=7.812500e-03
elapsed=3.493982e+02 cycle=1004 time=7.835938e+00 dt=7.812500e-03
elapsed=3.504470e+02 cycle=1005 time=7.843750e+00 dt=7.812500e-03
elapsed=3.514274e+02 cycle=1006 time=7.851562e+00 dt=7.812500e-03
elapsed=3.524183e+02 cycle=1007 time=7.859375e+00 dt=7.812500e-03
elapsed=3.534535e+02 cycle=1008 time=7.867188e+00 dt=7.812500e-03
elapsed=3.543617e+02 cycle=1009 time=7.875000e+00 dt=7.812500e-03
elapsed=3.553266e+02 cycle=1010 time=7.882812e+00 dt=7.812500e-03
elapsed=3.562918e+02 cycle=1011 time=7.890625e+00 dt=7.812500e-03
elapsed=3.572264e+02 cycle=1012 time=7.898438e+00 dt=7.812500e-03
elapsed=3.582269e+02 cycle=1013 time=7.906250e+00 dt=7.812500e-03
elapsed=3.592364e+02 cycle=1014 time=7.914062e+00 dt=7.812500e-03
elapsed=3.601618e+02 cycle=1015 time=7.921875e+00 dt=7.812500e-03
elapsed=3.610913e+02 cycle=1016 time=7.929688e+00 dt=7.812500e-03
elapsed=3.619720e+02 cycle=1017 time=7.937500e+00 dt=7.812500e-03
elapsed=3.628720e+02 cycle=1018 time=7.945312e+00 dt=7.812500e-03
elapsed=3.638504e+02 cycle=1019 time=7.953125e+00 dt=7.812500e-03
elapsed=3.648134e+02 cycle=1020 time=7.960938e+00 dt=7.812500e-03
elapsed=3.657996e+02 cycle=1021 time=7.968750e+00 dt=7.812500e-03
elapsed=3.667303e+02 cycle=1022 time=7.976562e+00 dt=7.812500e-03
elapsed=3.677536e+02 cycle=1023 time=7.984375e+00 dt=7.812500e-03
elapsed=3.687128e+02 cycle=1024 time=7.992188e+00 dt=7.812500e-03
elapsed=3.696953e+02 cycle=1025 time=8.000000e+00 dt=7.812500e-03
elapsed=3.706361e+02 cycle=1026 time=8.007812e+00 dt=7.812500e-03
elapsed=3.715378e+02 cycle=1027 time=8.015625e+00 dt=7.812500e-03
elapsed=3.724820e+02 cycle=1028 time=8.023438e+00 dt=7.812500e-03
elapsed=3.735054e+02 cycle=1029 time=8.031250e+00 dt=7.812500e-03
elapsed=3.744484e+02 cycle=1030 time=8.039062e+00 dt=7.812500e-03
elapsed=3.753898e+02 cycle=1031 time=8.046875e+00 dt=7.812500e-03
elapsed=3.763204e+02 cycle=1032 time=8.054688e+00 dt=7.812500e-03
elapsed=3.773709e+02 cycle=1033 time=8.062500e+00 dt=7.812500e-03
elapsed=3.783733e+02 cycle=1034 time=8.070312e+00 dt=7.812500e-03
elapsed=3.792719e+02 cycle=1035 time=8.078125e+00 dt=7.812500e-03
elapsed=3.801823e+02 cycle=1036 time=8.085938e+00 dt=7.812500e-03
elapsed=3.811400e+02 cycle=1037 time=8.093750e+00 dt=7.812500e-03
elapsed=3.821527e+02 cycle=1038 time=8.101562e+00 dt=7.812500e-03
elapsed=3.831430e+02 cycle=1039 time=8.109375e+00 dt=7.812500e-03
elapsed=3.840525e+02 cycle=1040 time=8.117188e+00 dt=7.812500e-03
elapsed=3.850672e+02 cycle=1041 time=8.125000e+00 dt=7.812500e-03
elapsed=3.860115e+02 cycle=1042 time=8.132812e+00 dt=7.812500e-03
elapsed=3.870153e+02 cycle=1043 time=8.140625e+00 dt=7.812500e-03
elapsed=3.880047e+02 cycle=1044 time=8.148438e+00 dt=7.812500e-03
elapsed=3.890067e+02 cycle=1045 time=8.156250e+00 dt=7.812500e-03
elapsed=3.900528e+02 cycle=1046 time=8.164062e+00 dt=7.812500e-03
elapsed=3.909918e+02 cycle=1047 time=8.171875e+00 dt=7.812500e-03
elapsed=3.919354e+02 cycle=1048 time=8.179688e+00 dt=7.812500e-03
elapsed=3.929430e+02 cycle=1049 time=8.187500e+00 dt=7.812500e-03
elapsed=3.938358e+02 cycle=1050 time=8.195312e+00 dt=7.812500e-03
elapsed=3.947571e+02 cycle=1051 time=8.203125e+00 dt=7.812500e-03
elapsed=3.957450e+02 cycle=1052 time=8.210938e+00 dt=7.812500e-03
elapsed=3.967428e+02 cycle=1053 time=8.218750e+00 dt=7.812500e-03
elapsed=3.978196e+02 cycle=1054 time=8.226562e+00 dt=7.812500e-03
elapsed=3.988493e+02 cycle=1055 time=8.234375e+00 dt=7.812500e-03
elapsed=3.999042e+02 cycle=1056 time=8.242188e+00 dt=7.812500e-03
elapsed=4.008026e+02 cycle=1057 time=8.250000e+00 dt=7.812500e-03
elapsed=4.016969e+02 cycle=1058 time=8.257812e+00 dt=7.812500e-03
elapsed=4.027136e+02 cycle=1059 time=8.265625e+00 dt=7.812500e-03
elapsed=4.037452e+02 cycle=1060 time=8.273438e+00 dt=7.812500e-03
elapsed=4.047832e+02 cycle=1061 time=8.281250e+00 dt=7.812500e-03
elapsed=4.056754e+02 cycle=1062 time=8.289062e+00 dt=7.812500e-03
elapsed=4.066265e+02 cycle=1063 time=8.296875e+00 dt=7.812500e-03
elapsed=4.076372e+02 cycle=1064 time=8.304688e+00 dt=7.812500e-03
elapsed=4.086308e+02 cycle=1065 time=8.312500e+00 dt=7.812500e-03
elapsed=4.096403e+02 cycle=1066 time=8.320312e+00 dt=7.812500e-03
elapsed=4.105354e+02 cycle=1067 time=8.328125e+00 dt=7.812500e-03
elapsed=4.114605e+02 cycle=1068 time=8.335938e+00 dt=7.812500e-03
elapsed=4.124747e+02 cycle=1069 time=8.343750e+00 dt=7.812500e-03
elapsed=4.135249e+02 cycle=1070 time=8.351562e+00 dt=7.812500e-03
elapsed=4.145706e+02 cycle=1071 time=8.359375e+00 dt=7.812500e-03
elapsed=4.155781e+02 cycle=1072 time=8.367188e+00 dt=7.812500e-03
elapsed=4.165231e+02 cycle=1073 time=8.375000e+00 dt=7.812500e-03
elapsed=4.175557e+02 cycle=1074 time=8.382812e+00 dt=7.812500e-03
elapsed=4.185471e+02 cycle=1075 time=8.390625e+00 dt=7.812500e-03
elapsed=4.195378e+02 cycle=1076 time=8.398438e+00 dt=7.812500e-03
elapsed=4.204417e+02 cycle=1077 time=8.406250e+00 dt=7.812500e-03
elapsed=4.213401e+02 cycle=1078 time=8.414062e+00 dt=7.812500e-03
elapsed=4.223737e+02 cycle=1079 time=8.421875e+00 dt=7.812500e-03
elapsed=4.233765e+02 cycle=1080 time=8.429688e+00 dt=7.812500e-03
elapsed=4.243800e+02 cycle=1081 time=8.437500e+00 dt=7.812500e-03
elapsed=4.253642e+02 cycle=1082 time=8.445312e+00 dt=7.812500e-03
elapsed=4.263257e+02 cycle=1083 time=8.453125e+00 dt=7.812500e-03
elapsed=4.272618e+02 cycle=1084 time=8.460938e+00 dt=7.812500e-03
elapsed=4.282138e+02 cycle=1085 time=8.468750e+00 dt=7.812500e-03
elapsed=4.292847e+02 cycle=1086 time=8.476562e+00 dt=7.812500e-03
elapsed=4.302265e+02 cycle=1087 time=8.484375e+00 dt=7.812500e-03
elapsed=4.312324e+02 cycle=1088 time=8.492188e+00 dt=7.812500e-03
elapsed=4.322671e+02 cycle=1089 time=8.500000e+00 dt=7.812500e-03
elapsed=4.332427e+02 cycle=1090 time=8.507812e+00 dt=7.812500e-03
elapsed=4.342986e+02 cycle=1091 time=8.515625e+00 dt=7.812500e-03
elapsed=4.353061e+02 cycle=1092 time=8.523438e+00 dt=7.812500e-03
elapsed=4.362194e+02 cycle=1093 time=8.531250e+00 dt=7.812500e-03
elapsed=4.372041e+02 cycle=1094 time=8.539062e+00 dt=7.812500e-03
elapsed=4.382089e+02 cycle=1095 time=8.546875e+00 dt=7.812500e-03
elapsed=4.392278e+02 cycle=1096 time=8.554688e+00 dt=7.812500e-03
elapsed=4.402374e+02 cycle=1097 time=8.562500e+00 dt=7.812500e-03
elapsed=4.411916e+02 cycle=1098 time=8.570312e+00 dt=7.812500e-03
elapsed=4.422297e+02 cycle=1099 time=8.578125e+00 dt=7.812500e-03
elapsed=4.431787e+02 cycle=1100 time=8.585938e+00 dt=7.812500e-03
elapsed=4.441655e+02 cycle=1101 time=8.593750e+00 dt=7.812500e-03
elapsed=4.451328e+02 cycle=1102 time=8.601562e+00 dt=7.812500e-03
elapsed=4.461483e+02 cycle=1103 time=8.609375e+00 dt=7.812500e-03
elapsed=4.470648e+02 cycle=1104 time=8.617188e+00 dt=7.812500e-03
elapsed=4.479848e+02 cycle=1105 time=8.625000e+00 dt=7.812500e-03
elapsed=4.490076e+02 cycle=1106 time=8.632812e+00 dt=7.812500e-03
elapsed=4.500357e+02 cycle=1107 time=8.640625e+00 dt=7.812500e-03
elapsed=4.510408e+02 cycle=1108 time=8.648438e+00 dt=7.812500e-03
elapsed=4.520100e+02 cycle=1109 time=8.656250e+00 dt=7.812500e-03
elapsed=4.529729e+02 cycle=1110 time=8.664062e+00 dt=7.812500e-03
elapsed=4.539816e+02 cycle=1111 time=8.671875e+00 dt=7.812500e-03
elapsed=4.548836e+02 cycle=1112 time=8.679688e+00 dt=7.812500e-03
elapsed=4.557909e+02 cycle=1113 time=8.687500e+00 dt=7.812500e-03
elapsed=4.567109e+02 cycle=1114 time=8.695312e+00 dt=7.812500e-03
elapsed=4.577055e+02 cycle=1115 time=8.703125e+00 dt=7.812500e-03
elapsed=4.586188e+02 cycle=1116 time=8.710938e+00 dt=7.812500e-03
elapsed=4.595561e+02 cycle=1117 time=8.718750e+00 dt=7.812500e-03
elapsed=4.604646e+02 cycle=1118 time=8.726562e+00 dt=7.812500e-03
elapsed=4.614744e+02 cycle=1119 time=8.734375e+00 dt=7.812500e-03
elapsed=4.624484e+02 cycle=1120 time=8.742188e+00 dt=7.812500e-03
elapsed=4.634739e+02 cycle=1121 time=8.750000e+00 dt=7.812500e-03
elapsed=4.644156e+02 cycle=1122 time=8.757812e+00 dt=7.812500e-03
elapsed=4.653257e+02 cycle=1123 time=8.765625e+00 dt=7.812500e-03
elapsed=4.662474e+02 cycle=1124 time=8.773438e+00 dt=7.812500e-03
elapsed=4.672799e+02 cycle=1125 time=8.781250e+00 dt=7.812500e-03
elapsed=4.683352e+02 cycle=1126 time=8.789062e+00 dt=7.812500e-03
elapsed=4.693178e+02 cycle=1127 time=8.796875e+00 dt=7.812500e-03
elapsed=4.702828e+02 cycle=1128 time=8.804688e+00 dt=7.812500e-03
elapsed=4.712263e+02 cycle=1129 time=8.812500e+00 dt=7.812500e-03
elapsed=4.721900e+02 cycle=1130 time=8.820312e+00 dt=7.812500e-03
elapsed=4.731305e+02 cycle=1131 time=8.828125e+00 dt=7.812500e-03
elapsed=4.740800e+02 cycle=1132 time=8.835938e+00 dt=7.812500e-03
elapsed=4.749938e+02 cycle=1133 time=8.843750e+00 dt=7.812500e-03
elapsed=4.760341e+02 cycle=1134 time=8.851562e+00 dt=7.812500e-03
elapsed=4.769745e+02 cycle=1135 time=8.859375e+00 dt=7.812500e-03
elapsed=4.779461e+02 cycle=1136 time=8.867188e+00 dt=7.812500e-03
elapsed=4.789244e+02 cycle=1137 time=8.875000e+00 dt=7.812500e-03
elapsed=4.798777e+02 cycle=1138 time=8.882812e+00 dt=7.812500e-03
elapsed=4.807922e+02 cycle=1139 time=8.890625e+00 dt=7.812500e-03
elapsed=4.817770e+02 cycle=1140 time=8.898438e+00 dt=7.812500e-03
elapsed=4.828385e+02 cycle=1141 time=8.906250e+00 dt=7.812500e-03
elapsed=4.838071e+02 cycle=1142 time=8.914062e+00 dt=7.812500e-03
elapsed=4.847581e+02 cycle=1143 time=8.921875e+00 dt=7.812500e-03
elapsed=4.858248e+02 cycle=1144 time=8.929688e+00 dt=7.812500e-03
elapsed=4.867288e+02 cycle=1145 time=8.937500e+00 dt=7.812500e-03
elapsed=4.876679e+02 cycle=1146 time=8.945312e+00 dt=7.812500e-03
elapsed=4.885944e+02 cycle=1147 time=8.953125e+00 dt=7.812500e-03
elapsed=4.895445e+02 cycle=1148 time=8.960938e+00 dt=7.812500e-03
elapsed=4.905313e+02 cycle=1149 time=8.968750e+00 dt=7.812500e-03
elapsed=4.914844e+02 cycle=1150 time=8.976562e+00 dt=7.812500e-03
elapsed=4.924216e+02 cycle=1151 time=8.984375e+00 dt=7.812500e-03
elapsed=4.934584e+02 cycle=1152 time=8.992188e+00 dt=7.812500e-03
elapsed=4.945018e+02 cycle=1153 time=9.000000e+00 dt=7.812500e-03
elapsed=4.955657e+02 cycle=1154 time=9.007812e+00 dt=7.812500e-03
elapsed=4.965866e+02 cycle=1155 time=9.015625e+00 dt=7.812500e-03
elapsed=4.976793e+02 cycle=1156 time=9.023438e+00 dt=7.812500e-03
elapsed=4.987087e+02 cycle=1157 time=9.031250e+00 dt=7.812500e-03
elapsed=4.997690e+02 cycle=1158 time=9.039062e+00 dt=7.812500e-03
elapsed=5.009812e+02 cycle=1159 time=9.046875e+00 dt=7.812500e-03
elapsed=5.020625e+02 cycle=1160 time=9.054688e+00 dt=7.812500e-03
elapsed=5.030758e+02 cycle=1161 time=9.062500e+00 dt=7.812500e-03
elapsed=5.041307e+02 cycle=1162 time=9.070312e+00 dt=7.812500e-03
elapsed=5.051758e+02 cycle=1163 time=9.078125e+00 dt=7.812500e-03
elapsed=5.062146e+02 cycle=1164 time=9.085938e+00 dt=7.812500e-03
elapsed=5.071844e+02 cycle=1165 time=9.093750e+00 dt=7.812500e-03
elapsed=5.082917e+02 cycle=1166 time=9.101562e+00 dt=7.812500e-03
elapsed=5.092957e+02 cycle=1167 time=9.109375e+00 dt=7.812500e-03
elapsed=5.103596e+02 cycle=1168 time=9.117188e+00 dt=7.812500e-03
elapsed=5.113841e+02 cycle=1169 time=9.125000e+00 dt=7.812500e-03
elapsed=5.124129e+02 cycle=1170 time=9.132812e+00 dt=7.812500e-03
elapsed=5.134490e+02 cycle=1171 time=9.140625e+00 dt=7.812500e-03
elapsed=5.144526e+02 cycle=1172 time=9.148438e+00 dt=7.812500e-03
elapsed=5.155193e+02 cycle=1173 time=9.156250e+00 dt=7.812500e-03
elapsed=5.165206e+02 cycle=1174 time=9.164062e+00 dt=7.812500e-03
elapsed=5.174958e+02 cycle=1175 time=9.171875e+00 dt=7.812500e-03
elapsed=5.184805e+02 cycle=1176 time=9.179688e+00 dt=7.812500e-03
elapsed=5.195423e+02 cycle=1177 time=9.187500e+00 dt=7.812500e-03
elapsed=5.204454e+02 cycle=1178 time=9.195312e+00 dt=7.812500e-03
elapsed=5.214631e+02 cycle=1179 time=9.203125e+00 dt=7.812500e-03
elapsed=5.225094e+02 cycle=1180 time=9.210938e+00 dt=7.812500e-03
elapsed=5.235739e+02 cycle=1181 time=9.218750e+00 dt=7.812500e-03
elapsed=5.246823e+02 cycle=1182 time=9.226562e+00 dt=7.812500e-03
elapsed=5.257354e+02 cycle=1183 time=9.234375e+00 dt=7.812500e-03
elapsed=5.267663e+02 cycle=1184 time=9.242188e+00 dt=7.812500e-03
elapsed=5.277651e+02 cycle=1185 time=9.250000e+00 dt=7.812500e-03
elapsed=5.287711e+02 cycle=1186 time=9.257812e+00 dt=7.812500e-03
elapsed=5.297124e+02 cycle=1187 time=9.265625e+00 dt=7.812500e-03
elapsed=5.306274e+02 cycle=1188 time=9.273438e+00 dt=7.812500e-03
elapsed=5.316628e+02 cycle=1189 time=9.281250e+00 dt=7.812500e-03
elapsed=5.326364e+02 cycle=1190 time=9.289062e+00 dt=7.812500e-03
elapsed=5.336532e+02 cycle=1191 time=9.296875e+00 dt=7.812500e-03
elapsed=5.345731e+02 cycle=1192 time=9.304688e+00 dt=7.812500e-03
elapsed=5.355081e+02 cycle=1193 time=9.312500e+00 dt=7.812500e-03
elapsed=5.364625e+02 cycle=1194 time=9.320312e+00 dt=7.812500e-03
elapsed=5.373773e+02 cycle=1195 time=9.328125e+00 dt=7.812500e-03
elapsed=5.383968e+02 cycle=1196 time=9.335938e+00 dt=7.812500e-03
elapsed=5.393667e+02 cycle=1197 time=9.343750e+00 dt=7.812500e-03
elapsed=5.403356e+02 cycle=1198 time=9.351562e+00 dt=7.812500e-03
elapsed=5.414121e+02 cycle=1199 time=9.359375e+00 dt=7.812500e-03
elapsed=5.424093e+02 cycle=1200 time=9.367188e+00 dt=7.812500e-03
elapsed=5.434129e+02 cycle=1201 time=9.375000e+00 dt=7.812500e-03
elapsed=5.443939e+02 cycle=1202 time=9.382812e+00 dt=7.812500e-03
elapsed=5.453925e+02 cycle=1203 time=9.390625e+00 dt=7.812500e-03
elapsed=5.463689e+02 cycle=1204 time=9.398438e+00 dt=7.812500e-03
elapsed=5.473051e+02 cycle=1205 time=9.406250e+00 dt=7.812500e-03
elapsed=5.482679e+02 cycle=1206 time=9.414062e+00 dt=7.812500e-03
elapsed=5.492538e+02 cycle=1207 time=9.421875e+00 dt=7.812500e-03
elapsed=5.502365e+02 cycle=1208 time=9.429688e+00 dt=7.812500e-03
elapsed=5.512527e+02 cycle=1209 time=9.437500e+00 dt=7.812500e-03
elapsed=5.522598e+02 cycle=1210 time=9.445312e+00 dt=7.812500e-03
elapsed=5.532906e+02 cycle=1211 time=9.453125e+00 dt=7.812500e-03
elapsed=5.542374e+02 cycle=1212 time=9.460938e+00 dt=7.812500e-03
elapsed=5.551587e+02 cycle=1213 time=9.468750e+00 dt=7.812500e-03
elapsed=5.561338e+02 cycle=1214 time=9.476562e+00 dt=7.812500e-03
elapsed=5.571221e+02 cycle=1215 time=9.484375e+00 dt=7.812500e-03
elapsed=5.581927e+02 cycle=1216 time=9.492188e+00 dt=7.812500e-03
elapsed=5.591060e+02 cycle=1217 time=9.500000e+00 dt=7.812500e-03
elapsed=5.601636e+02 cycle=1218 time=9.507812e+00 dt=7.812500e-03
elapsed=5.611836e+02 cycle=1219 time=9.515625e+00 dt=7.812500e-03
elapsed=5.621574e+02 cycle=1220 time=9.523438e+00 dt=7.812500e-03
elapsed=5.632046e+02 cycle=1221 time=9.531250e+00 dt=7.812500e-03
elapsed=5.641514e+02 cycle=1222 time=9.539062e+00 dt=7.812500e-03
elapsed=5.651082e+02 cycle=1223 time=9.546875e+00 dt=7.812500e-03
elapsed=5.661692e+02 cycle=1224 time=9.554688e+00 dt=7.812500e-03
elapsed=5.671967e+02 cycle=1225 time=9.562500e+00 dt=7.812500e-03
elapsed=5.683058e+02 cycle=1226 time=9.570312e+00 dt=7.812500e-03
elapsed=5.692313e+02 cycle=1227 time=9.578125e+00 dt=7.812500e-03
elapsed=5.702119e+02 cycle=1228 time=9.585938e+00 dt=7.812500e-03
elapsed=5.712403e+02 cycle=1229 time=9.593750e+00 dt=7.812500e-03
elapsed=5.722983e+02 cycle=1230 time=9.601562e+00 dt=7.812500e-03
elapsed=5.733413e+02 cycle=1231 time=9.609375e+00 dt=7.812500e-03
elapsed=5.742566e+02 cycle=1232 time=9.617188e+00 dt=7.812500e-03
elapsed=5.752201e+02 cycle=1233 time=9.625000e+00 dt=7.812500e-03
elapsed=5.761962e+02 cycle=1234 time=9.632812e+00 dt=7.812500e-03
elapsed=5.771854e+02 cycle=1235 time=9.640625e+00 dt=7.812500e-03
elapsed=5.781577e+02 cycle=1236 time=9.648438e+00 dt=7.812500e-03
elapsed=5.791833e+02 cycle=1237 time=9.656250e+00 dt=7.812500e-03
elapsed=5.801893e+02 cycle=1238 time=9.664062e+00 dt=7.812500e-03
elapsed=5.812366e+02 cycle=1239 time=9.671875e+00 dt=7.812500e-03
elapsed=5.822365e+02 cycle=1240 time=9.679688e+00 dt=7.812500e-03
elapsed=5.832395e+02 cycle=1241 time=9.687500e+00 dt=7.812500e-03
elapsed=5.841412e+02 cycle=1242 time=9.695312e+00 dt=7.812500e-03
elapsed=5.850833e+02 cycle=1243 time=9.703125e+00 dt=7.812500e-03
elapsed=5.861175e+02 cycle=1244 time=9.710938e+00 dt=7.812500e-03
elapsed=5.870789e+02 cycle=1245 time=9.718750e+00 dt=7.812500e-03
elapsed=5.880971e+02 cycle=1246 time=9.726562e+00 dt=7.812500e-03
elapsed=5.890422e+02 cycle=1247 time=9.734375e+00 dt=7.812500e-03
elapsed=5.899793e+02 cycle=1248 time=9.742188e+00 dt=7.812500e-03
elapsed=5.909271e+02 cycle=1249 time=9.750000e+00 dt=7.812500e-03
elapsed=5.918958e+02 cycle=1250 time=9.757812e+00 dt=7.812500e-03
elapsed=5.928464e+02 cycle=1251 time=9.765625e+00 dt=7.812500e-03
elapsed=5.938901e+02 cycle=1252 time=9.773438e+00 dt=7.812500e-03
elapsed=5.949260e+02 cycle=1253 time=9.781250e+00 dt=7.812500e-03
elapsed=5.959944e+02 cycle=1254 time=9.789062e+00 dt=7.812500e-03
elapsed=5.970006e+02 cycle=1255 time=9.796875e+00 dt=7.812500e-03
elapsed=5.979797e+02 cycle=1256 time=9.804688e+00 dt=7.812500e-03
elapsed=5.991116e+02 cycle=1257 time=9.812500e+00 dt=7.812500e-03
elapsed=6.000163e+02 cycle=1258 time=9.820312e+00 dt=7.812500e-03
elapsed=6.009894e+02 cycle=1259 time=9.828125e+00 dt=7.812500e-03
elapsed=6.019540e+02 cycle=1260 time=9.835938e+00 dt=7.812500e-03
elapsed=6.029389e+02 cycle=1261 time=9.843750e+00 dt=7.812500e-03
elapsed=6.039207e+02 cycle=1262 time=9.851562e+00 dt=7.812500e-03
elapsed=6.048336e+02 cycle=1263 time=9.859375e+00 dt=7.812500e-03
elapsed=6.057776e+02 cycle=1264 time=9.867188e+00 dt=7.812500e-03
elapsed=6.066776e+02 cycle=1265 time=9.875000e+00 dt=7.812500e-03
elapsed=6.076794e+02 cycle=1266 time=9.882812e+00 dt=7.812500e-03
elapsed=6.087519e+02 cycle=1267 time=9.890625e+00 dt=7.812500e-03
elapsed=6.097471e+02 cycle=1268 time=9.898438e+00 dt=7.812500e-03
elapsed=6.107422e+02 cycle=1269 time=9.906250e+00 dt=7.812500e-03
elapsed=6.116785e+02 cycle=1270 time=9.914062e+00 dt=7.812500e-03
elapsed=6.126459e+02 cycle=1271 time=9.921875e+00 dt=7.812500e-03
elapsed=6.136628e+02 cycle=1272 time=9.929688e+00 dt=7.812500e-03
elapsed=6.145797e+02 cycle=1273 time=9.937500e+00 dt=7.812500e-03
elapsed=6.155479e+02 cycle=1274 time=9.945312e+00 dt=7.812500e-03
elapsed=6.164435e+02 cycle=1275 time=9.953125e+00 dt=7.812500e-03
elapsed=6.174494e+02 cycle=1276 time=9.960938e+00 dt=7.812500e-03
elapsed=6.183912e+02 cycle=1277 time=9.968750e+00 dt=7.812500e-03
elapsed=6.194340e+02 cycle=1278 time=9.976562e+00 dt=7.812500e-03
elapsed=6.205231e+02 cycle=1279 time=9.984375e+00 dt=7.812500e-03
elapsed=6.214658e+02 cycle=1280 time=9.992188e+00 dt=7.812500e-03
elapsed=6.226853e+02 cycle=1281 time=1.000000e+01 dt=7.812500e-03

Terminating on time limit
time=1.000000e+01 cycle=1281
tlim=1.000000e+01 nlim=-1

MeshBlock-cycles = 148480
cpu time used  = 6.217198e+02
zone-cycles/cpu_second = 1.222766e+05
particle-updates/cpu_second = 0.000000e+00
