### WARNING in /lus/flare/projects/CompactBinaryMerger/hzhu/refgh_feedback_continuation_20260823_2466879e_v1/src/src/mesh/load_balance.cpp at line 83
Number of MeshBlocks cannot be divided evenly by number of MPI ranks. This will result in poor load balancing.

Root grid = 3 x 3 x 3 MeshBlocks
Total number of MeshBlocks = 328
Number of logical  levels of refinement = 5 (6 levels total)
Number of physical levels of refinement = 3 (4 levels total)
  Physical level = 1 (logical level = 3): 208 MeshBlocks, cost = 208
  Physical level = 2 (logical level = 4): 56 MeshBlocks, cost = 56
  Physical level = 3 (logical level = 5): 64 MeshBlocks, cost = 64
Number of parallel ranks = 96
  Rank = 0: 3 MeshBlocks, cost = 3
  Rank = 1: 3 MeshBlocks, cost = 3
  Rank = 2: 3 MeshBlocks, cost = 3
  Rank = 3: 3 MeshBlocks, cost = 3
  Rank = 4: 3 MeshBlocks, cost = 3
  Rank = 5: 3 MeshBlocks, cost = 3
  Rank = 6: 3 MeshBlocks, cost = 3
  Rank = 7: 3 MeshBlocks, cost = 3
  Rank = 8: 3 MeshBlocks, cost = 3
  Rank = 9: 3 MeshBlocks, cost = 3
  Rank = 10: 3 MeshBlocks, cost = 3
  Rank = 11: 3 MeshBlocks, cost = 3
  Rank = 12: 3 MeshBlocks, cost = 3
  Rank = 13: 3 MeshBlocks, cost = 3
  Rank = 14: 3 MeshBlocks, cost = 3
  Rank = 15: 3 MeshBlocks, cost = 3
  Rank = 16: 3 MeshBlocks, cost = 3
  Rank = 17: 3 MeshBlocks, cost = 3
  Rank = 18: 3 MeshBlocks, cost = 3
  Rank = 19: 3 MeshBlocks, cost = 3
  Rank = 20: 3 MeshBlocks, cost = 3
  Rank = 21: 3 MeshBlocks, cost = 3
  Rank = 22: 3 MeshBlocks, cost = 3
  Rank = 23: 3 MeshBlocks, cost = 3
  Rank = 24: 3 MeshBlocks, cost = 3
  Rank = 25: 3 MeshBlocks, cost = 3
  Rank = 26: 3 MeshBlocks, cost = 3
  Rank = 27: 3 MeshBlocks, cost = 3
  Rank = 28: 3 MeshBlocks, cost = 3
  Rank = 29: 3 MeshBlocks, cost = 3
  Rank = 30: 3 MeshBlocks, cost = 3
  Rank = 31: 3 MeshBlocks, cost = 3
  Rank = 32: 3 MeshBlocks, cost = 3
  Rank = 33: 3 MeshBlocks, cost = 3
  Rank = 34: 3 MeshBlocks, cost = 3
  Rank = 35: 3 MeshBlocks, cost = 3
  Rank = 36: 3 MeshBlocks, cost = 3
  Rank = 37: 3 MeshBlocks, cost = 3
  Rank = 38: 3 MeshBlocks, cost = 3
  Rank = 39: 3 MeshBlocks, cost = 3
  Rank = 40: 3 MeshBlocks, cost = 3
  Rank = 41: 3 MeshBlocks, cost = 3
  Rank = 42: 3 MeshBlocks, cost = 3
  Rank = 43: 3 MeshBlocks, cost = 3
  Rank = 44: 3 MeshBlocks, cost = 3
  Rank = 45: 3 MeshBlocks, cost = 3
  Rank = 46: 3 MeshBlocks, cost = 3
  Rank = 47: 3 MeshBlocks, cost = 3
  Rank = 48: 3 MeshBlocks, cost = 3
  Rank = 49: 3 MeshBlocks, cost = 3
  Rank = 50: 3 MeshBlocks, cost = 3
  Rank = 51: 3 MeshBlocks, cost = 3
  Rank = 52: 3 MeshBlocks, cost = 3
  Rank = 53: 3 MeshBlocks, cost = 3
  Rank = 54: 3 MeshBlocks, cost = 3
  Rank = 55: 3 MeshBlocks, cost = 3
  Rank = 56: 4 MeshBlocks, cost = 4
  Rank = 57: 4 MeshBlocks, cost = 4
  Rank = 58: 4 MeshBlocks, cost = 4
  Rank = 59: 4 MeshBlocks, cost = 4
  Rank = 60: 4 MeshBlocks, cost = 4
  Rank = 61: 4 MeshBlocks, cost = 4
  Rank = 62: 4 MeshBlocks, cost = 4
  Rank = 63: 4 MeshBlocks, cost = 4
  Rank = 64: 4 MeshBlocks, cost = 4
  Rank = 65: 4 MeshBlocks, cost = 4
  Rank = 66: 4 MeshBlocks, cost = 4
  Rank = 67: 4 MeshBlocks, cost = 4
  Rank = 68: 4 MeshBlocks, cost = 4
  Rank = 69: 4 MeshBlocks, cost = 4
  Rank = 70: 4 MeshBlocks, cost = 4
  Rank = 71: 4 MeshBlocks, cost = 4
  Rank = 72: 4 MeshBlocks, cost = 4
  Rank = 73: 4 MeshBlocks, cost = 4
  Rank = 74: 4 MeshBlocks, cost = 4
  Rank = 75: 4 MeshBlocks, cost = 4
  Rank = 76: 4 MeshBlocks, cost = 4
  Rank = 77: 4 MeshBlocks, cost = 4
  Rank = 78: 4 MeshBlocks, cost = 4
  Rank = 79: 4 MeshBlocks, cost = 4
  Rank = 80: 4 MeshBlocks, cost = 4
  Rank = 81: 4 MeshBlocks, cost = 4
  Rank = 82: 4 MeshBlocks, cost = 4
  Rank = 83: 4 MeshBlocks, cost = 4
  Rank = 84: 4 MeshBlocks, cost = 4
  Rank = 85: 4 MeshBlocks, cost = 4
  Rank = 86: 4 MeshBlocks, cost = 4
  Rank = 87: 4 MeshBlocks, cost = 4
  Rank = 88: 4 MeshBlocks, cost = 4
  Rank = 89: 4 MeshBlocks, cost = 4
  Rank = 90: 4 MeshBlocks, cost = 4
  Rank = 91: 4 MeshBlocks, cost = 4
  Rank = 92: 4 MeshBlocks, cost = 4
  Rank = 93: 4 MeshBlocks, cost = 4
  Rank = 94: 4 MeshBlocks, cost = 4
  Rank = 95: 4 MeshBlocks, cost = 4
Load Balancing:
  Maximum normalized cost = 1.33333, Average = 1.13889
### WARNING in /lus/flare/projects/CompactBinaryMerger/hzhu/refgh_feedback_continuation_20260823_2466879e_v1/src/src/parameter_input.cpp: input parameter <mesh_refinement>/num_levels = 4 was not used by the code (check for a typo)
### WARNING in /lus/flare/projects/CompactBinaryMerger/hzhu/refgh_feedback_continuation_20260823_2466879e_v1/src/src/parameter_input.cpp: input parameter <mesh_refinement>/max_nmb_per_rank = 128 was not used by the code (check for a typo)
### WARNING in /lus/flare/projects/CompactBinaryMerger/hzhu/refgh_feedback_continuation_20260823_2466879e_v1/src/src/parameter_input.cpp: input parameter <refined_region1>/level = 1 was not used by the code (check for a typo)
### WARNING in /lus/flare/projects/CompactBinaryMerger/hzhu/refgh_feedback_continuation_20260823_2466879e_v1/src/src/parameter_input.cpp: input parameter <refined_region1>/x1min = -12.0 was not used by the code (check for a typo)
### WARNING in /lus/flare/projects/CompactBinaryMerger/hzhu/refgh_feedback_continuation_20260823_2466879e_v1/src/src/parameter_input.cpp: input parameter <refined_region1>/x1max = 12.0 was not used by the code (check for a typo)
### WARNING in /lus/flare/projects/CompactBinaryMerger/hzhu/refgh_feedback_continuation_20260823_2466879e_v1/src/src/parameter_input.cpp: input parameter <refined_region1>/x2min = -12.0 was not used by the code (check for a typo)
### WARNING in /lus/flare/projects/CompactBinaryMerger/hzhu/refgh_feedback_continuation_20260823_2466879e_v1/src/src/parameter_input.cpp: input parameter <refined_region1>/x2max = 12.0 was not used by the code (check for a typo)
### WARNING in /lus/flare/projects/CompactBinaryMerger/hzhu/refgh_feedback_continuation_20260823_2466879e_v1/src/src/parameter_input.cpp: input parameter <refined_region1>/x3min = -12.0 was not used by the code (check for a typo)
### WARNING in /lus/flare/projects/CompactBinaryMerger/hzhu/refgh_feedback_continuation_20260823_2466879e_v1/src/src/parameter_input.cpp: input parameter <refined_region1>/x3max = 12.0 was not used by the code (check for a typo)
### WARNING in /lus/flare/projects/CompactBinaryMerger/hzhu/refgh_feedback_continuation_20260823_2466879e_v1/src/src/parameter_input.cpp: input parameter <refined_region2>/level = 2 was not used by the code (check for a typo)
### WARNING in /lus/flare/projects/CompactBinaryMerger/hzhu/refgh_feedback_continuation_20260823_2466879e_v1/src/src/parameter_input.cpp: input parameter <refined_region2>/x1min = -4.0 was not used by the code (check for a typo)
### WARNING in /lus/flare/projects/CompactBinaryMerger/hzhu/refgh_feedback_continuation_20260823_2466879e_v1/src/src/parameter_input.cpp: input parameter <refined_region2>/x1max = 4.0 was not used by the code (check for a typo)
### WARNING in /lus/flare/projects/CompactBinaryMerger/hzhu/refgh_feedback_continuation_20260823_2466879e_v1/src/src/parameter_input.cpp: input parameter <refined_region2>/x2min = -4.0 was not used by the code (check for a typo)
### WARNING in /lus/flare/projects/CompactBinaryMerger/hzhu/refgh_feedback_continuation_20260823_2466879e_v1/src/src/parameter_input.cpp: input parameter <refined_region2>/x2max = 4.0 was not used by the code (check for a typo)
### WARNING in /lus/flare/projects/CompactBinaryMerger/hzhu/refgh_feedback_continuation_20260823_2466879e_v1/src/src/parameter_input.cpp: input parameter <refined_region2>/x3min = -4.0 was not used by the code (check for a typo)
### WARNING in /lus/flare/projects/CompactBinaryMerger/hzhu/refgh_feedback_continuation_20260823_2466879e_v1/src/src/parameter_input.cpp: input parameter <refined_region2>/x3max = 4.0 was not used by the code (check for a typo)
### WARNING in /lus/flare/projects/CompactBinaryMerger/hzhu/refgh_feedback_continuation_20260823_2466879e_v1/src/src/parameter_input.cpp: input parameter <refined_region3>/level = 3 was not used by the code (check for a typo)
### WARNING in /lus/flare/projects/CompactBinaryMerger/hzhu/refgh_feedback_continuation_20260823_2466879e_v1/src/src/parameter_input.cpp: input parameter <refined_region3>/x1min = -2.0 was not used by the code (check for a typo)
### WARNING in /lus/flare/projects/CompactBinaryMerger/hzhu/refgh_feedback_continuation_20260823_2466879e_v1/src/src/parameter_input.cpp: input parameter <refined_region3>/x1max = 2.0 was not used by the code (check for a typo)
### WARNING in /lus/flare/projects/CompactBinaryMerger/hzhu/refgh_feedback_continuation_20260823_2466879e_v1/src/src/parameter_input.cpp: input parameter <refined_region3>/x2min = -2.0 was not used by the code (check for a typo)
### WARNING in /lus/flare/projects/CompactBinaryMerger/hzhu/refgh_feedback_continuation_20260823_2466879e_v1/src/src/parameter_input.cpp: input parameter <refined_region3>/x2max = 2.0 was not used by the code (check for a typo)
### WARNING in /lus/flare/projects/CompactBinaryMerger/hzhu/refgh_feedback_continuation_20260823_2466879e_v1/src/src/parameter_input.cpp: input parameter <refined_region3>/x3min = -2.0 was not used by the code (check for a typo)
### WARNING in /lus/flare/projects/CompactBinaryMerger/hzhu/refgh_feedback_continuation_20260823_2466879e_v1/src/src/parameter_input.cpp: input parameter <refined_region3>/x3max = 2.0 was not used by the code (check for a typo)
### WARNING in /lus/flare/projects/CompactBinaryMerger/hzhu/refgh_feedback_continuation_20260823_2466879e_v1/src/src/parameter_input.cpp: input parameter <time>/start_time = 0 was not used by the code (check for a typo)

Setup complete, executing task list(s)...

elapsed=3.244061e+01 cycle=1100 time=3.013319e+00 dt=2.724178e-03
elapsed=8.795408e+01 cycle=1110 time=3.040560e+00 dt=2.723827e-03
elapsed=1.444255e+02 cycle=1120 time=3.067796e+00 dt=2.723497e-03
elapsed=2.000029e+02 cycle=1130 time=3.095030e+00 dt=2.723186e-03
elapsed=2.563468e+02 cycle=1140 time=3.122261e+00 dt=2.722894e-03
elapsed=3.117667e+02 cycle=1150 time=3.149488e+00 dt=2.722618e-03
elapsed=3.680700e+02 cycle=1160 time=3.176713e+00 dt=2.722358e-03
elapsed=4.243857e+02 cycle=1170 time=3.203936e+00 dt=2.722113e-03
elapsed=4.798327e+02 cycle=1180 time=3.231156e+00 dt=2.721881e-03
elapsed=5.361383e+02 cycle=1190 time=3.258374e+00 dt=2.721663e-03
elapsed=5.915713e+02 cycle=1200 time=3.285589e+00 dt=2.721457e-03
elapsed=6.479110e+02 cycle=1210 time=3.312803e+00 dt=2.721262e-03
elapsed=7.033527e+02 cycle=1220 time=3.340015e+00 dt=2.721078e-03
elapsed=7.596274e+02 cycle=1230 time=3.367225e+00 dt=2.720904e-03
elapsed=8.151020e+02 cycle=1240 time=3.394433e+00 dt=2.720739e-03
elapsed=8.714372e+02 cycle=1250 time=3.421640e+00 dt=2.720583e-03
elapsed=9.268982e+02 cycle=1260 time=3.448845e+00 dt=2.720435e-03
elapsed=9.832755e+02 cycle=1270 time=3.476049e+00 dt=2.720295e-03
reference-GH controlled Schwarzschild final: time=3.500000e+00 state Linf=2.065830e+01 bad-state=0.000000e+00

Terminating on time limit
time=3.500000e+00 cycle=1279
tlim=3.500000e+00 nlim=-1

MeshBlock-cycles = 60352
cpu time used  = 1.052399e+03
zone-cycles/cpu_second = 6.342128e+06
particle-updates/cpu_second = 0.000000e+00
real 1059.62
user 0.02
sys 0.04
