
Root grid = 1 x 1 x 1 MeshBlocks
Total number of MeshBlocks = 1
Number of logical  levels of refinement = 0 (1 levels total)
Number of physical levels of refinement = 0 (1 levels total)
Number of parallel ranks = 1
ref_gh reference allocation backend=generic_cache_oracle generic_bytes=129503232 analytic_static_components=0 analytic_stage_components=0 analytic_static_bytes=0 analytic_stage_bytes=0
reference-GH inverse-coframe derivative identity passed: max error = 2.77556e-17
reference-GH improved gauge-driver frame and physical-target algebra passed: max error = 5.55112e-17, source error = 1.38778e-16, target error = 1.38778e-17
reference-GH gamma2 characteristic, symmetrizer, reduction, and curl algebra passed: max error = 3.33067e-16
reference-GH combined Einstein/gauge characteristic and inverse oracle passed: max error = 1.66533e-16
reference-GH mixed-time jet algebra passed: max error = 2.22045e-16
reference-GH Phi-ordering algebra maximum error = 6.93889e-16
reference-GH flat covariant source unit passed: samples = 1000, max error = 6.93889e-17
reference-GH nonflat covariant source unit passed: samples = 128, max error = 3.88578e-16
reference-GH dynamic spatial oracle passed: frame-coordinate curvature Linf=8.67502e-18, coordinate curvature Linf=2.55872e-17, source Linf=4.44089e-16, spin scale=2.08311e-17, dt spatial frame scale=0.0714141
reference-GH q-controlled trumpet provider passed: q=1 identity=4.44089e-16 profile=1.11022e-16
reference-GH analytic radial-q coefficient oracle passed: samples=216 max error=8.88178e-15
reference-GH expanded analytic radial-q coefficient oracle passed: samples=2160 conditioned error=1.48837e-13 near-r<=0.125=1.48837e-13 gaussian-r=3=5.55112e-17 far-r=5=1.79054e-16
reference-GH generated analytic radial-q geometry oracle passed: samples=2376 conditioned error=2.33147e-15 category=16
reference-GH generated analytic radial-q moving gauge oracle passed: samples=2160 Hhat=1.16535e-15 dHhat=1.07001e-15 theta=7.08259e-16 dtTheta=3.54866e-17 motion=1.24829e-14
reference-GH compact analytic radial-q boundary projection oracle passed: samples=2160 metric=4.56474e-14 gauge=9.21858e-16 subtracted-gauge=7.11991e-16
reference-GH all-61 analytic radial-q RHS oracle passed: samples=4320 error=2.84217e-14 compatible+standard Phi
reference-GH q-controlled trumpet reprojection passed: metric=4.44089e-16 derivative=9.85933e-16 min-nontrivial-Pi=0.125187
reference-GH q-controlled gauge reprojection passed: Hhat=1.11022e-16 theta=2.22045e-16 subtraction=2.22045e-16
reference-GH q-controller manufactured histories passed: critical-error=1.02522e-15 restart-exact=1 varying-lag=0.0129417 prescribed-error=1.13496e-08
### WARNING in /home/hzhu/Desktop/research/gr/athenak-ref-gh-staged-rhs-performance-20260828/src/parameter_input.cpp: input parameter <job>/basename = ref_gh_q_controlled_reference was not used by the code (check for a typo)
reference-GH production cache oracle conditioned scaled Linf = 1.63758e-14, time=0

Setup complete, executing task list(s)...

reference-GH Minkowski evolution passed: max error = 0
elapsed=9.231229e+00 cycle=0 time=0.000000e+00 dt=1.570646e-02

Terminating on cycle limit
time=0.000000e+00 cycle=0
tlim=0.000000e+00 nlim=0

MeshBlock-cycles = 0
cpu time used  = 1.335487e-03
zone-cycles/cpu_second = 0.000000e+00
particle-updates/cpu_second = 0.000000e+00
