
Root grid = 2 x 2 x 1 MeshBlocks
Total number of MeshBlocks = 4
Number of logical  levels of refinement = 1 (2 levels total)
Number of physical levels of refinement = 0 (1 levels total)
Number of parallel ranks = 2
  Rank = 0: 2 MeshBlocks, cost = 2
  Rank = 1: 2 MeshBlocks, cost = 2
Load Balancing:
  Maximum normalized cost = 1, Average = 1

Setup complete, executing task list(s)...

elapsed=1.373948e-01 cycle=0 time=0.000000e+00 dt=1.000000e-04
### FATAL ERROR: intrinsic_clean: cannot exclusively create stage dump intrinsic-stage-r1-g2-c0-s1-pre-rk.dat
Kokkos::Cuda ERROR: Failed to call Kokkos::Cuda::finalize()### FATAL ERROR: intrinsic_clean: cannot exclusively create stage dump intrinsic-stage-r0-g0-c0-s1-pre-rk.dat

Kokkos::Cuda ERROR: Failed to call Kokkos::Cuda::finalize()
--------------------------------------------------------------------------
Primary job  terminated normally, but 1 process returned
a non-zero exit code. Per user-direction, the job has been aborted.
--------------------------------------------------------------------------
--------------------------------------------------------------------------
mpiexec detected that one or more processes exited with non-zero status, thus causing
the job to be terminated. The first process to do so was:

  Process name: [[53020,1],1]
  Exit code:    1
--------------------------------------------------------------------------
