
Root grid = 2 x 2 x 2 MeshBlocks
Total number of MeshBlocks = 456
Number of logical  levels of refinement = 9 (10 levels total)
Number of physical levels of refinement = 8 (9 levels total)
  Physical level = 1 (logical level = 2): 56 MeshBlocks, cost = 56
  Physical level = 2 (logical level = 3): 56 MeshBlocks, cost = 56
  Physical level = 3 (logical level = 4): 56 MeshBlocks, cost = 56
  Physical level = 4 (logical level = 5): 56 MeshBlocks, cost = 56
  Physical level = 5 (logical level = 6): 56 MeshBlocks, cost = 56
  Physical level = 6 (logical level = 7): 56 MeshBlocks, cost = 56
  Physical level = 7 (logical level = 8): 56 MeshBlocks, cost = 56
  Physical level = 8 (logical level = 9): 64 MeshBlocks, cost = 64
Number of parallel ranks = 1
Research qualification execution backend: Cuda

Setup complete, executing task list(s)...

elapsed=6.698735e-01 cycle=8053 time=5.367967e+00 dt=6.131133e-04
elapsed=1.320538e+00 cycle=8054 time=5.368580e+00 dt=6.128217e-04
elapsed=1.950718e+00 cycle=8055 time=5.369193e+00 dt=6.125659e-04
elapsed=2.628905e+00 cycle=8056 time=5.369806e+00 dt=6.123089e-04
elapsed=3.306235e+00 cycle=8057 time=5.370418e+00 dt=6.120499e-04
elapsed=3.984752e+00 cycle=8058 time=5.371030e+00 dt=6.117882e-04
elapsed=4.651985e+00 cycle=8059 time=5.371642e+00 dt=6.115234e-04
elapsed=5.300162e+00 cycle=8060 time=5.372253e+00 dt=6.112548e-04
elapsed=5.945997e+00 cycle=8061 time=5.372865e+00 dt=6.109820e-04
elapsed=6.610005e+00 cycle=8062 time=5.373476e+00 dt=6.107047e-04
elapsed=7.280390e+00 cycle=8063 time=5.374086e+00 dt=6.104228e-04
elapsed=7.953450e+00 cycle=8064 time=5.374697e+00 dt=6.101361e-04
elapsed=8.611771e+00 cycle=8065 time=5.375307e+00 dt=6.098448e-04
elapsed=9.276552e+00 cycle=8066 time=5.375917e+00 dt=6.095492e-04
elapsed=9.922677e+00 cycle=8067 time=5.376526e+00 dt=6.092494e-04
elapsed=1.058747e+01 cycle=8068 time=5.377135e+00 dt=6.089458e-04
elapsed=1.126172e+01 cycle=8069 time=5.377744e+00 dt=6.086387e-04
elapsed=1.195055e+01 cycle=8070 time=5.378353e+00 dt=6.083284e-04
elapsed=1.262370e+01 cycle=8071 time=5.378961e+00 dt=6.080152e-04
elapsed=1.327575e+01 cycle=8072 time=5.379569e+00 dt=6.076991e-04
elapsed=1.392316e+01 cycle=8073 time=5.380177e+00 dt=6.073803e-04
elapsed=1.459139e+01 cycle=8074 time=5.380784e+00 dt=6.070587e-04
elapsed=1.529163e+01 cycle=8075 time=5.381392e+00 dt=6.067343e-04
elapsed=1.597071e+01 cycle=8076 time=5.381998e+00 dt=6.064067e-04
elapsed=1.664648e+01 cycle=8077 time=5.382605e+00 dt=6.060759e-04
elapsed=1.739924e+01 cycle=8078 time=5.383211e+00 dt=6.057416e-04
elapsed=1.805648e+01 cycle=8079 time=5.383816e+00 dt=6.054034e-04
elapsed=2.039564e+01 cycle=8080 time=5.384422e+00 dt=6.050612e-04
elapsed=2.107537e+01 cycle=8081 time=5.385027e+00 dt=6.047146e-04
elapsed=2.177356e+01 cycle=8082 time=5.385632e+00 dt=6.043635e-04
elapsed=2.258125e+01 cycle=8083 time=5.386236e+00 dt=6.040077e-04
elapsed=2.325257e+01 cycle=8084 time=5.386840e+00 dt=6.036471e-04
elapsed=2.390530e+01 cycle=8085 time=5.387444e+00 dt=6.032817e-04
elapsed=2.455892e+01 cycle=8086 time=5.388047e+00 dt=6.029113e-04
elapsed=2.522757e+01 cycle=8087 time=5.388650e+00 dt=6.025361e-04
elapsed=2.591283e+01 cycle=8088 time=5.389252e+00 dt=6.021560e-04
elapsed=2.661609e+01 cycle=8089 time=5.389855e+00 dt=6.017711e-04
elapsed=2.728510e+01 cycle=8090 time=5.390456e+00 dt=6.013815e-04
elapsed=2.794754e+01 cycle=8091 time=5.391058e+00 dt=6.009871e-04
elapsed=2.860128e+01 cycle=8092 time=5.391659e+00 dt=6.005881e-04
elapsed=2.927509e+01 cycle=8093 time=5.392259e+00 dt=6.001843e-04
elapsed=2.995565e+01 cycle=8094 time=5.392859e+00 dt=5.997758e-04
elapsed=3.064503e+01 cycle=8095 time=5.393459e+00 dt=5.993625e-04
elapsed=3.130617e+01 cycle=8096 time=5.394059e+00 dt=5.989444e-04
elapsed=3.195535e+01 cycle=8097 time=5.394658e+00 dt=5.985211e-04
elapsed=3.260582e+01 cycle=8098 time=5.395256e+00 dt=5.980928e-04
elapsed=3.327839e+01 cycle=8099 time=5.395854e+00 dt=5.976590e-04
elapsed=3.395770e+01 cycle=8100 time=5.396452e+00 dt=5.972198e-04
elapsed=3.463525e+01 cycle=8101 time=5.397049e+00 dt=5.967749e-04
elapsed=3.529840e+01 cycle=8102 time=5.397646e+00 dt=5.963240e-04
elapsed=3.595208e+01 cycle=8103 time=5.398242e+00 dt=5.958671e-04
elapsed=3.660221e+01 cycle=8104 time=5.398838e+00 dt=5.954040e-04
elapsed=3.727261e+01 cycle=8105 time=5.399433e+00 dt=5.949344e-04
elapsed=3.795023e+01 cycle=8106 time=5.400028e+00 dt=5.944583e-04
elapsed=3.863516e+01 cycle=8107 time=5.400623e+00 dt=5.939755e-04
elapsed=3.939541e+01 cycle=8108 time=5.401217e+00 dt=5.934859e-04
elapsed=4.004607e+01 cycle=8109 time=5.401810e+00 dt=5.929894e-04
elapsed=4.069394e+01 cycle=8110 time=5.402403e+00 dt=5.924859e-04
elapsed=4.136121e+01 cycle=8111 time=5.402996e+00 dt=5.919753e-04
elapsed=4.203411e+01 cycle=8112 time=5.403588e+00 dt=5.914575e-04
elapsed=4.270508e+01 cycle=8113 time=5.404179e+00 dt=5.909324e-04
elapsed=4.337284e+01 cycle=8114 time=5.404770e+00 dt=5.903999e-04
elapsed=4.402219e+01 cycle=8115 time=5.405361e+00 dt=5.898599e-04
elapsed=4.466684e+01 cycle=8116 time=5.405950e+00 dt=5.893123e-04
elapsed=4.532237e+01 cycle=8117 time=5.406540e+00 dt=5.887569e-04
elapsed=4.598900e+01 cycle=8118 time=5.407128e+00 dt=5.881936e-04
elapsed=4.665839e+01 cycle=8119 time=5.407717e+00 dt=5.876222e-04
elapsed=4.732341e+01 cycle=8120 time=5.408304e+00 dt=5.870425e-04
elapsed=4.797378e+01 cycle=8121 time=5.408891e+00 dt=5.864544e-04
elapsed=4.862663e+01 cycle=8122 time=5.409478e+00 dt=5.858575e-04
elapsed=4.931343e+01 cycle=8123 time=5.410064e+00 dt=5.852517e-04
elapsed=5.108476e+01 cycle=8124 time=5.410649e+00 dt=5.846367e-04
elapsed=5.175787e+01 cycle=8125 time=5.411233e+00 dt=5.840123e-04
elapsed=5.242910e+01 cycle=8126 time=5.411818e+00 dt=5.833784e-04
elapsed=5.308175e+01 cycle=8127 time=5.412401e+00 dt=5.827346e-04
elapsed=5.373571e+01 cycle=8128 time=5.412984e+00 dt=5.820808e-04
elapsed=5.438641e+01 cycle=8129 time=5.413566e+00 dt=5.814167e-04
elapsed=5.507113e+01 cycle=8130 time=5.414147e+00 dt=5.807421e-04
elapsed=5.577178e+01 cycle=8131 time=5.414728e+00 dt=5.800568e-04
elapsed=5.644524e+01 cycle=8132 time=5.415308e+00 dt=5.793606e-04
elapsed=5.709665e+01 cycle=8133 time=5.415887e+00 dt=5.786532e-04
elapsed=5.775406e+01 cycle=8134 time=5.416466e+00 dt=5.779345e-04
elapsed=5.843423e+01 cycle=8135 time=5.417044e+00 dt=5.772041e-04
elapsed=5.913434e+01 cycle=8136 time=5.417621e+00 dt=5.764619e-04
elapsed=5.982698e+01 cycle=8137 time=5.418198e+00 dt=5.757075e-04
elapsed=6.050474e+01 cycle=8138 time=5.418773e+00 dt=5.749408e-04
elapsed=6.116191e+01 cycle=8139 time=5.419348e+00 dt=5.741613e-04
elapsed=6.180799e+01 cycle=8140 time=5.419922e+00 dt=5.733687e-04
elapsed=6.245622e+01 cycle=8141 time=5.420496e+00 dt=5.725628e-04
elapsed=6.324957e+01 cycle=8142 time=5.421068e+00 dt=5.717432e-04
elapsed=6.393850e+01 cycle=8143 time=5.421640e+00 dt=5.709094e-04
elapsed=6.462448e+01 cycle=8144 time=5.422211e+00 dt=5.700612e-04
elapsed=6.528331e+01 cycle=8145 time=5.422781e+00 dt=5.691982e-04
elapsed=6.593084e+01 cycle=8146 time=5.423350e+00 dt=5.683200e-04
elapsed=6.657525e+01 cycle=8147 time=5.423919e+00 dt=5.674261e-04
elapsed=6.725407e+01 cycle=8148 time=5.424486e+00 dt=5.665161e-04
elapsed=6.793127e+01 cycle=8149 time=5.425052e+00 dt=5.655897e-04
elapsed=6.860670e+01 cycle=8150 time=5.425618e+00 dt=5.646464e-04
elapsed=6.937549e+01 cycle=8151 time=5.426183e+00 dt=5.636858e-04
elapsed=7.002201e+01 cycle=8152 time=5.426746e+00 dt=5.627074e-04
elapsed=7.067366e+01 cycle=8153 time=5.427309e+00 dt=5.617109e-04
elapsed=7.135296e+01 cycle=8154 time=5.427871e+00 dt=5.606956e-04
elapsed=7.203077e+01 cycle=8155 time=5.428431e+00 dt=5.596612e-04
elapsed=7.270896e+01 cycle=8156 time=5.428991e+00 dt=5.586072e-04
elapsed=7.337702e+01 cycle=8157 time=5.429550e+00 dt=5.575329e-04
elapsed=7.402402e+01 cycle=8158 time=5.430107e+00 dt=5.564380e-04
elapsed=7.468194e+01 cycle=8159 time=5.430664e+00 dt=5.553218e-04
elapsed=7.535100e+01 cycle=8160 time=5.431219e+00 dt=5.541837e-04
elapsed=7.602588e+01 cycle=8161 time=5.431773e+00 dt=5.530231e-04
elapsed=7.670854e+01 cycle=8162 time=5.432326e+00 dt=5.518394e-04
elapsed=7.737724e+01 cycle=8163 time=5.432878e+00 dt=5.506318e-04
elapsed=7.802781e+01 cycle=8164 time=5.433429e+00 dt=5.493998e-04
elapsed=7.868102e+01 cycle=8165 time=5.433978e+00 dt=5.481425e-04
elapsed=7.936336e+01 cycle=8166 time=5.434526e+00 dt=5.468593e-04
elapsed=8.004450e+01 cycle=8167 time=5.435073e+00 dt=5.455492e-04
elapsed=8.073066e+01 cycle=8168 time=5.435619e+00 dt=5.442116e-04
elapsed=8.140166e+01 cycle=8169 time=5.436163e+00 dt=5.428456e-04
elapsed=8.205397e+01 cycle=8170 time=5.436706e+00 dt=5.414503e-04
elapsed=8.270940e+01 cycle=8171 time=5.437247e+00 dt=5.400247e-04
elapsed=8.337620e+01 cycle=8172 time=5.437787e+00 dt=5.385681e-04
elapsed=8.409175e+01 cycle=8173 time=5.438326e+00 dt=5.370794e-04
elapsed=8.477206e+01 cycle=8174 time=5.438863e+00 dt=5.355577e-04
elapsed=8.552591e+01 cycle=8175 time=5.439398e+00 dt=5.340019e-04
elapsed=8.616808e+01 cycle=8176 time=5.439932e+00 dt=5.324109e-04
elapsed=8.681415e+01 cycle=8177 time=5.440465e+00 dt=5.307836e-04
elapsed=8.747076e+01 cycle=8178 time=5.440996e+00 dt=5.291190e-04
elapsed=8.815358e+01 cycle=8179 time=5.441525e+00 dt=5.274157e-04
elapsed=8.882867e+01 cycle=8180 time=5.442052e+00 dt=5.256726e-04
elapsed=8.950841e+01 cycle=8181 time=5.442578e+00 dt=5.238883e-04
elapsed=9.017050e+01 cycle=8182 time=5.443102e+00 dt=5.220615e-04
elapsed=9.082960e+01 cycle=8183 time=5.443624e+00 dt=5.201909e-04
elapsed=9.147921e+01 cycle=8184 time=5.444144e+00 dt=5.182748e-04
elapsed=9.217459e+01 cycle=8185 time=5.444662e+00 dt=5.163118e-04
elapsed=9.287456e+01 cycle=8186 time=5.445179e+00 dt=5.143003e-04
elapsed=9.356490e+01 cycle=8187 time=5.445693e+00 dt=5.122386e-04
elapsed=9.422023e+01 cycle=8188 time=5.446205e+00 dt=5.101250e-04
elapsed=9.486528e+01 cycle=8189 time=5.446715e+00 dt=5.079577e-04
elapsed=9.561233e+01 cycle=8190 time=5.447223e+00 dt=5.057348e-04
elapsed=9.629876e+01 cycle=8191 time=5.447729e+00 dt=5.034544e-04
elapsed=9.697666e+01 cycle=8192 time=5.448232e+00 dt=5.011145e-04
elapsed=9.765806e+01 cycle=8193 time=5.448733e+00 dt=4.987130e-04
elapsed=9.831557e+01 cycle=8194 time=5.449232e+00 dt=4.962477e-04
elapsed=9.897064e+01 cycle=8195 time=5.449728e+00 dt=4.937164e-04
elapsed=9.961912e+01 cycle=8196 time=5.450222e+00 dt=4.911169e-04
elapsed=1.002859e+02 cycle=8197 time=5.450713e+00 dt=4.884466e-04
elapsed=1.009545e+02 cycle=8198 time=5.451202e+00 dt=4.857031e-04
elapsed=1.016332e+02 cycle=8199 time=5.451687e+00 dt=4.828840e-04
elapsed=1.023121e+02 cycle=8200 time=5.452170e+00 dt=4.799864e-04
elapsed=1.029645e+02 cycle=8201 time=5.452650e+00 dt=4.770079e-04
elapsed=1.036076e+02 cycle=8202 time=5.453127e+00 dt=4.739454e-04
elapsed=1.042823e+02 cycle=8203 time=5.453601e+00 dt=4.707962e-04
elapsed=1.049741e+02 cycle=8204 time=5.454072e+00 dt=4.675573e-04
elapsed=1.056619e+02 cycle=8205 time=5.454540e+00 dt=4.642256e-04
elapsed=1.063368e+02 cycle=8206 time=5.455004e+00 dt=4.607982e-04
elapsed=1.069914e+02 cycle=8207 time=5.455465e+00 dt=4.572719e-04
elapsed=1.076449e+02 cycle=8208 time=5.455922e+00 dt=4.536433e-04
elapsed=1.083056e+02 cycle=8209 time=5.456376e+00 dt=4.499095e-04
elapsed=1.089810e+02 cycle=8210 time=5.456825e+00 dt=4.460670e-04
elapsed=1.096594e+02 cycle=8211 time=5.457272e+00 dt=4.421127e-04
elapsed=1.104279e+02 cycle=8212 time=5.457714e+00 dt=4.380434e-04
elapsed=1.110802e+02 cycle=8213 time=5.458152e+00 dt=4.338558e-04
elapsed=1.117389e+02 cycle=8214 time=5.458586e+00 dt=4.295469e-04
elapsed=1.124102e+02 cycle=8215 time=5.459015e+00 dt=4.251137e-04
elapsed=1.131116e+02 cycle=8216 time=5.459440e+00 dt=4.205534e-04
elapsed=1.138041e+02 cycle=8217 time=5.459861e+00 dt=4.158633e-04
elapsed=1.144802e+02 cycle=8218 time=5.460277e+00 dt=4.110409e-04
elapsed=1.151415e+02 cycle=8219 time=5.460688e+00 dt=4.060843e-04
elapsed=1.157930e+02 cycle=8220 time=5.461094e+00 dt=4.009914e-04
elapsed=1.164499e+02 cycle=8221 time=5.461495e+00 dt=3.957610e-04
elapsed=1.171242e+02 cycle=8222 time=5.461890e+00 dt=3.903920e-04
elapsed=1.177954e+02 cycle=8223 time=5.462281e+00 dt=3.848841e-04
elapsed=1.184793e+02 cycle=8224 time=5.462666e+00 dt=3.792375e-04
### FATAL ERROR: PC-GH strict diagnostic failed at t=5.462666e+00 during post-RK update on rank 0: state pcgh_rho=-9.892196e-02 at (m,k,j,i)=(50,4,4,11)
Kokkos::Cuda ERROR: Failed to call Kokkos::Cuda::finalize()
