AthenaK Kokkos default execution space: Cuda

Root grid = 4 x 8 x 1 MeshBlocks
Total number of MeshBlocks = 32
Number of logical  levels of refinement = 3 (4 levels total)
Number of physical levels of refinement = 0 (1 levels total)
Number of parallel ranks = 1
AssembleZ4cTasks
Direct global Brill coefficient import: radial_points=128 angular_points=32 adm_mass=2.6606354586228815 min_psi4=1.2508593099257228 lapse=psi^-2 min_lapse=0.31260438298701243 max_lapse=0.89411991335365681
Converted imported ADM data to Z4c proper_box_C_rms=9.1989478020873627e-06 proper_box_H_rms=9.1761024807172038e-06 proper_box_M_rms=0 proper_box_Z_rms=3.2395367296246831e-07 coordinate_support_H_rms=3.4438285062437475e-09 coordinate_support_M_rms=0
Initialized Z4c from IrisK data mode=direct_global_coefficients path=/pscratch/sd/h/hzhu/z4c-vc-cartoon-axis-boundary-20260823/authority/brill_global_128x32_origin_control.coefficients bytes=95927

Setup complete, executing task list(s)...

elapsed=1.383452e+00 cycle=0 time=0.000000e+00 dt=5.404204e-03
elapsed=1.422765e+00 cycle=1 time=5.404204e-03 dt=5.397361e-03
elapsed=1.509080e+00 cycle=2 time=1.080156e-02 dt=5.390863e-03
elapsed=1.541129e+00 cycle=3 time=1.619243e-02 dt=5.383171e-03
elapsed=1.566028e+00 cycle=4 time=2.157560e-02 dt=5.373531e-03
elapsed=1.604328e+00 cycle=5 time=2.694913e-02 dt=5.364295e-03
elapsed=1.626798e+00 cycle=6 time=3.231342e-02 dt=5.355457e-03
elapsed=1.647634e+00 cycle=7 time=3.766888e-02 dt=5.347010e-03
elapsed=1.691626e+00 cycle=8 time=4.301589e-02 dt=5.337628e-03
elapsed=1.712598e+00 cycle=9 time=4.835352e-02 dt=5.326611e-03
elapsed=1.810429e+00 cycle=10 time=5.368013e-02 dt=5.316048e-03
elapsed=1.835507e+00 cycle=11 time=5.899618e-02 dt=5.305929e-03
elapsed=1.859764e+00 cycle=12 time=6.430211e-02 dt=5.296249e-03
elapsed=1.895079e+00 cycle=13 time=6.959836e-02 dt=5.287000e-03
elapsed=1.920579e+00 cycle=14 time=7.488535e-02 dt=5.277642e-03
elapsed=1.944109e+00 cycle=15 time=8.016300e-02 dt=5.266478e-03
elapsed=1.990267e+00 cycle=16 time=8.542948e-02 dt=5.255798e-03
elapsed=2.032611e+00 cycle=17 time=9.068527e-02 dt=5.245595e-03
elapsed=2.109348e+00 cycle=18 time=9.593087e-02 dt=5.235861e-03
elapsed=2.130284e+00 cycle=19 time=1.011667e-01 dt=5.226588e-03
elapsed=2.167943e+00 cycle=20 time=1.063933e-01 dt=5.217770e-03
elapsed=2.191343e+00 cycle=21 time=1.116111e-01 dt=5.209401e-03
elapsed=2.213608e+00 cycle=22 time=1.168205e-01 dt=5.201472e-03
elapsed=2.234803e+00 cycle=23 time=1.220220e-01 dt=5.192013e-03
elapsed=2.283242e+00 cycle=24 time=1.272140e-01 dt=5.182846e-03
elapsed=2.311714e+00 cycle=25 time=1.323968e-01 dt=5.174155e-03
elapsed=2.399807e+00 cycle=26 time=1.375710e-01 dt=5.165933e-03
elapsed=2.421333e+00 cycle=27 time=1.427369e-01 dt=5.158170e-03
elapsed=2.457974e+00 cycle=28 time=1.478951e-01 dt=5.150861e-03
elapsed=2.483239e+00 cycle=29 time=1.530459e-01 dt=5.143999e-03
elapsed=2.505980e+00 cycle=30 time=1.581899e-01 dt=5.137575e-03
elapsed=2.529017e+00 cycle=31 time=1.633275e-01 dt=5.131584e-03
elapsed=2.573849e+00 cycle=32 time=1.684591e-01 dt=5.126019e-03
elapsed=2.632768e+00 cycle=33 time=1.735851e-01 dt=5.120872e-03
elapsed=2.700387e+00 cycle=34 time=1.787060e-01 dt=5.115389e-03
elapsed=2.721248e+00 cycle=35 time=1.838214e-01 dt=5.109458e-03
elapsed=2.764376e+00 cycle=36 time=1.889308e-01 dt=5.103963e-03
elapsed=2.785438e+00 cycle=37 time=1.940348e-01 dt=5.098895e-03
elapsed=2.822382e+00 cycle=38 time=1.991337e-01 dt=5.094249e-03
elapsed=3.164233e+00 cycle=39 time=2.042279e-01 dt=5.090018e-03
elapsed=3.259510e+00 cycle=40 time=2.093180e-01 dt=5.086195e-03
elapsed=3.284122e+00 cycle=41 time=2.144042e-01 dt=5.082773e-03
elapsed=3.305134e+00 cycle=42 time=2.194869e-01 dt=5.079747e-03
elapsed=3.340854e+00 cycle=43 time=2.245667e-01 dt=5.077110e-03
elapsed=3.366351e+00 cycle=44 time=2.296438e-01 dt=5.074856e-03
elapsed=3.392008e+00 cycle=45 time=2.347186e-01 dt=5.072979e-03
elapsed=3.425587e+00 cycle=46 time=2.397916e-01 dt=5.071474e-03
elapsed=3.459171e+00 cycle=47 time=2.448631e-01 dt=5.070333e-03
elapsed=3.544480e+00 cycle=48 time=2.499334e-01 dt=5.069553e-03
elapsed=3.565381e+00 cycle=49 time=2.550030e-01 dt=5.068313e-03
elapsed=3.604794e+00 cycle=50 time=2.600713e-01 dt=5.066953e-03
elapsed=3.627644e+00 cycle=51 time=2.651382e-01 dt=5.065957e-03
elapsed=3.651787e+00 cycle=52 time=2.702042e-01 dt=5.065320e-03
elapsed=3.690445e+00 cycle=53 time=2.752695e-01 dt=5.065037e-03
elapsed=3.711423e+00 cycle=54 time=2.803346e-01 dt=5.065102e-03
elapsed=3.796520e+00 cycle=55 time=2.853997e-01 dt=5.065509e-03
elapsed=3.830917e+00 cycle=56 time=2.904652e-01 dt=5.066254e-03
elapsed=3.852640e+00 cycle=57 time=2.955314e-01 dt=5.067331e-03
elapsed=3.890699e+00 cycle=58 time=3.005988e-01 dt=5.068735e-03
elapsed=3.914014e+00 cycle=59 time=3.056675e-01 dt=5.070461e-03
elapsed=3.940983e+00 cycle=60 time=3.107380e-01 dt=5.072504e-03
elapsed=3.980726e+00 cycle=61 time=3.158105e-01 dt=5.074859e-03
elapsed=4.016356e+00 cycle=62 time=3.208853e-01 dt=5.077521e-03
elapsed=4.096501e+00 cycle=63 time=3.259628e-01 dt=5.080486e-03
elapsed=4.120816e+00 cycle=64 time=3.310433e-01 dt=5.083747e-03
elapsed=4.158641e+00 cycle=65 time=3.361271e-01 dt=5.086795e-03
elapsed=4.179452e+00 cycle=66 time=3.412139e-01 dt=5.089486e-03
elapsed=4.201688e+00 cycle=67 time=3.463033e-01 dt=5.092478e-03
elapsed=4.233708e+00 cycle=68 time=3.513958e-01 dt=5.095766e-03
elapsed=4.269097e+00 cycle=69 time=3.564916e-01 dt=5.099347e-03
elapsed=4.321856e+00 cycle=70 time=3.615909e-01 dt=5.103216e-03
elapsed=4.383147e+00 cycle=71 time=3.666942e-01 dt=5.107368e-03
elapsed=4.406993e+00 cycle=72 time=3.718015e-01 dt=5.111800e-03
elapsed=4.444054e+00 cycle=73 time=3.769133e-01 dt=5.116506e-03
elapsed=4.464591e+00 cycle=74 time=3.820298e-01 dt=5.121483e-03
elapsed=4.487393e+00 cycle=75 time=3.871513e-01 dt=5.126726e-03
elapsed=4.512784e+00 cycle=76 time=3.922780e-01 dt=5.132232e-03
elapsed=4.549078e+00 cycle=77 time=3.974103e-01 dt=5.137994e-03
elapsed=4.853969e+00 cycle=78 time=4.025483e-01 dt=5.144010e-03
elapsed=4.953034e+00 cycle=79 time=4.076923e-01 dt=5.150275e-03
elapsed=4.977439e+00 cycle=80 time=4.128426e-01 dt=5.156539e-03
elapsed=5.006238e+00 cycle=81 time=4.179991e-01 dt=5.162185e-03
elapsed=5.032717e+00 cycle=82 time=4.231613e-01 dt=5.168086e-03
elapsed=5.055115e+00 cycle=83 time=4.283294e-01 dt=5.174240e-03
elapsed=5.079016e+00 cycle=84 time=4.335036e-01 dt=5.180642e-03
elapsed=5.118207e+00 cycle=85 time=4.386842e-01 dt=5.187288e-03
elapsed=5.170313e+00 cycle=86 time=4.438715e-01 dt=5.194175e-03
elapsed=5.239166e+00 cycle=87 time=4.490657e-01 dt=5.201299e-03
elapsed=5.269691e+00 cycle=88 time=4.542670e-01 dt=5.208655e-03
elapsed=5.305011e+00 cycle=89 time=4.594757e-01 dt=5.216239e-03
elapsed=5.325565e+00 cycle=90 time=4.646919e-01 dt=5.224048e-03
elapsed=5.346544e+00 cycle=91 time=4.699159e-01 dt=5.232077e-03
elapsed=5.389091e+00 cycle=92 time=4.751480e-01 dt=5.240321e-03
elapsed=5.409563e+00 cycle=93 time=4.803883e-01 dt=5.248778e-03
elapsed=5.486864e+00 cycle=94 time=4.856371e-01 dt=5.256551e-03
elapsed=5.528609e+00 cycle=95 time=4.908937e-01 dt=5.264344e-03
elapsed=5.552617e+00 cycle=96 time=4.961580e-01 dt=5.272361e-03
elapsed=5.593841e+00 cycle=97 time=5.014304e-01 dt=5.280597e-03
elapsed=5.615931e+00 cycle=98 time=5.067110e-01 dt=5.289049e-03
elapsed=5.636344e+00 cycle=99 time=5.120000e-01 dt=5.297713e-03
elapsed=5.677800e+00 cycle=100 time=5.172977e-01 dt=5.306585e-03
elapsed=5.699606e+00 cycle=101 time=5.226043e-01 dt=5.315660e-03
elapsed=5.784543e+00 cycle=102 time=5.279200e-01 dt=5.324936e-03
elapsed=5.818336e+00 cycle=103 time=5.332449e-01 dt=5.334407e-03
elapsed=5.842387e+00 cycle=104 time=5.385793e-01 dt=5.344069e-03
elapsed=5.881514e+00 cycle=105 time=5.439234e-01 dt=5.353731e-03
elapsed=5.909907e+00 cycle=106 time=5.492771e-01 dt=5.362662e-03
elapsed=5.930514e+00 cycle=107 time=5.546398e-01 dt=5.371799e-03
elapsed=5.965089e+00 cycle=108 time=5.600116e-01 dt=5.381139e-03
elapsed=5.995939e+00 cycle=109 time=5.653927e-01 dt=5.390676e-03
elapsed=6.016512e+00 cycle=110 time=5.707834e-01 dt=5.400408e-03
elapsed=6.077775e+00 cycle=111 time=5.761838e-01 dt=5.410330e-03
elapsed=6.140573e+00 cycle=112 time=5.815941e-01 dt=5.420438e-03
elapsed=6.161401e+00 cycle=113 time=5.870146e-01 dt=5.430728e-03
elapsed=6.197889e+00 cycle=114 time=5.924453e-01 dt=5.441195e-03
elapsed=6.218331e+00 cycle=115 time=5.978865e-01 dt=5.451836e-03
elapsed=6.493784e+00 cycle=116 time=6.033383e-01 dt=5.461549e-03
elapsed=6.515185e+00 cycle=117 time=6.087999e-01 dt=5.471410e-03
elapsed=6.535637e+00 cycle=118 time=6.142713e-01 dt=5.481461e-03
elapsed=6.556719e+00 cycle=119 time=6.197528e-01 dt=5.491698e-03
elapsed=6.586037e+00 cycle=120 time=6.252445e-01 dt=5.502118e-03
elapsed=6.606464e+00 cycle=121 time=6.307466e-01 dt=5.512716e-03
elapsed=6.626766e+00 cycle=122 time=6.362593e-01 dt=5.523488e-03
elapsed=6.647543e+00 cycle=123 time=6.417828e-01 dt=5.534429e-03
elapsed=6.684272e+00 cycle=124 time=6.473172e-01 dt=5.545534e-03
elapsed=6.704836e+00 cycle=125 time=6.528627e-01 dt=5.555822e-03
elapsed=6.799131e+00 cycle=126 time=6.584186e-01 dt=5.566073e-03
elapsed=6.823520e+00 cycle=127 time=6.639846e-01 dt=5.576508e-03
elapsed=6.847943e+00 cycle=128 time=6.695611e-01 dt=5.587123e-03
elapsed=6.884695e+00 cycle=129 time=6.751483e-01 dt=5.597913e-03
elapsed=6.912945e+00 cycle=130 time=6.807462e-01 dt=5.608875e-03
elapsed=6.935007e+00 cycle=131 time=6.863551e-01 dt=5.620004e-03
elapsed=6.976840e+00 cycle=132 time=6.919751e-01 dt=5.631295e-03
elapsed=7.030722e+00 cycle=133 time=6.976063e-01 dt=5.642223e-03
elapsed=7.110757e+00 cycle=134 time=7.032486e-01 dt=5.652572e-03
elapsed=7.131174e+00 cycle=135 time=7.089011e-01 dt=5.663104e-03
elapsed=7.168922e+00 cycle=136 time=7.145642e-01 dt=5.673814e-03
elapsed=7.196049e+00 cycle=137 time=7.202381e-01 dt=5.684698e-03
elapsed=7.218242e+00 cycle=138 time=7.259228e-01 dt=5.695752e-03
elapsed=7.264694e+00 cycle=139 time=7.316185e-01 dt=5.706971e-03
elapsed=7.288618e+00 cycle=140 time=7.373255e-01 dt=5.718351e-03
elapsed=7.379433e+00 cycle=141 time=7.430438e-01 dt=5.729243e-03
elapsed=7.403832e+00 cycle=142 time=7.487731e-01 dt=5.739605e-03
elapsed=7.424224e+00 cycle=143 time=7.545127e-01 dt=5.750148e-03
elapsed=7.465893e+00 cycle=144 time=7.602628e-01 dt=5.760869e-03
elapsed=7.488203e+00 cycle=145 time=7.660237e-01 dt=5.771764e-03
elapsed=7.508725e+00 cycle=146 time=7.717955e-01 dt=5.782827e-03
elapsed=7.549310e+00 cycle=147 time=7.775783e-01 dt=5.794054e-03
elapsed=7.596505e+00 cycle=148 time=7.833723e-01 dt=5.805441e-03
elapsed=7.673925e+00 cycle=149 time=7.891778e-01 dt=5.815793e-03
elapsed=7.694532e+00 cycle=150 time=7.949936e-01 dt=5.826097e-03
elapsed=8.037961e+00 cycle=151 time=8.008197e-01 dt=5.836583e-03
elapsed=8.065171e+00 cycle=152 time=8.066563e-01 dt=5.847246e-03
elapsed=8.104204e+00 cycle=153 time=8.125035e-01 dt=5.858082e-03
elapsed=8.136755e+00 cycle=154 time=8.183616e-01 dt=5.869086e-03
elapsed=8.220458e+00 cycle=155 time=8.242307e-01 dt=5.880253e-03
elapsed=8.249333e+00 cycle=156 time=8.301109e-01 dt=5.891032e-03
elapsed=8.287815e+00 cycle=157 time=8.360020e-01 dt=5.901036e-03
elapsed=8.308094e+00 cycle=158 time=8.419030e-01 dt=5.911227e-03
elapsed=8.330071e+00 cycle=159 time=8.478142e-01 dt=5.921600e-03
elapsed=8.373388e+00 cycle=160 time=8.537358e-01 dt=5.932149e-03
elapsed=8.393837e+00 cycle=161 time=8.596680e-01 dt=5.942871e-03
elapsed=8.487727e+00 cycle=162 time=8.656108e-01 dt=5.953761e-03
elapsed=8.513120e+00 cycle=163 time=8.715646e-01 dt=5.964813e-03
elapsed=8.536782e+00 cycle=164 time=8.775294e-01 dt=5.974507e-03
elapsed=8.574342e+00 cycle=165 time=8.835039e-01 dt=5.984355e-03
elapsed=8.599677e+00 cycle=166 time=8.894883e-01 dt=5.994389e-03
elapsed=8.625220e+00 cycle=167 time=8.954827e-01 dt=6.004605e-03
elapsed=8.663248e+00 cycle=168 time=9.014873e-01 dt=6.014997e-03
elapsed=8.722078e+00 cycle=169 time=9.075023e-01 dt=6.025561e-03
elapsed=8.782206e+00 cycle=170 time=9.135278e-01 dt=6.036292e-03
elapsed=8.802620e+00 cycle=171 time=9.195641e-01 dt=6.046189e-03
elapsed=8.841167e+00 cycle=172 time=9.256103e-01 dt=6.055657e-03
elapsed=8.864141e+00 cycle=173 time=9.316660e-01 dt=6.065314e-03
elapsed=8.886087e+00 cycle=174 time=9.377313e-01 dt=6.075158e-03
elapsed=8.923056e+00 cycle=175 time=9.438064e-01 dt=6.085184e-03
elapsed=8.950102e+00 cycle=176 time=9.498916e-01 dt=6.095385e-03
elapsed=9.020486e+00 cycle=177 time=9.559870e-01 dt=6.105758e-03
elapsed=9.077663e+00 cycle=178 time=9.620928e-01 dt=6.115873e-03
elapsed=9.098055e+00 cycle=179 time=9.682086e-01 dt=6.124932e-03
elapsed=9.136475e+00 cycle=180 time=9.743336e-01 dt=6.134186e-03
elapsed=9.157673e+00 cycle=181 time=9.804678e-01 dt=6.143631e-03
elapsed=9.179040e+00 cycle=182 time=9.866114e-01 dt=6.153260e-03
elapsed=9.213020e+00 cycle=183 time=9.927647e-01 dt=6.163071e-03
elapsed=9.242167e+00 cycle=184 time=9.989277e-01 dt=6.173057e-03
elapsed=9.538691e+00 cycle=185 time=1.005101e+00 dt=6.183214e-03
elapsed=9.633729e+00 cycle=186 time=1.011284e+00 dt=6.192071e-03
elapsed=9.654237e+00 cycle=187 time=1.017476e+00 dt=6.200901e-03
elapsed=9.681377e+00 cycle=188 time=1.023677e+00 dt=6.209926e-03
elapsed=9.713244e+00 cycle=189 time=1.029887e+00 dt=6.219139e-03
elapsed=9.735325e+00 cycle=190 time=1.036106e+00 dt=6.228538e-03
elapsed=9.756829e+00 cycle=191 time=1.042335e+00 dt=6.238116e-03
elapsed=9.799443e+00 cycle=192 time=1.048573e+00 dt=6.247870e-03
elapsed=9.851083e+00 cycle=193 time=1.054821e+00 dt=6.257027e-03
elapsed=9.925295e+00 cycle=194 time=1.061078e+00 dt=6.265421e-03
elapsed=9.945823e+00 cycle=195 time=1.067343e+00 dt=6.274011e-03
elapsed=9.985792e+00 cycle=196 time=1.073617e+00 dt=6.282795e-03
elapsed=1.000634e+01 cycle=197 time=1.079900e+00 dt=6.291768e-03
elapsed=1.002853e+01 cycle=198 time=1.086192e+00 dt=6.300923e-03
elapsed=1.006346e+01 cycle=199 time=1.092493e+00 dt=6.310258e-03
elapsed=1.009149e+01 cycle=200 time=1.098803e+00 dt=6.319766e-03
elapsed=1.017284e+01 cycle=201 time=1.105123e+00 dt=6.327753e-03
elapsed=1.021223e+01 cycle=202 time=1.111450e+00 dt=6.335903e-03
elapsed=1.023289e+01 cycle=203 time=1.117786e+00 dt=6.344248e-03
elapsed=1.027727e+01 cycle=204 time=1.124130e+00 dt=6.352785e-03
elapsed=1.029946e+01 cycle=205 time=1.130483e+00 dt=6.361509e-03
elapsed=1.031987e+01 cycle=206 time=1.136845e+00 dt=6.370415e-03
elapsed=1.036030e+01 cycle=207 time=1.143215e+00 dt=6.379498e-03
elapsed=1.038685e+01 cycle=208 time=1.149595e+00 dt=6.387940e-03
elapsed=1.048209e+01 cycle=209 time=1.155983e+00 dt=6.395646e-03
elapsed=1.050298e+01 cycle=210 time=1.162378e+00 dt=6.403549e-03
elapsed=1.052339e+01 cycle=211 time=1.168782e+00 dt=6.411647e-03
elapsed=1.056539e+01 cycle=212 time=1.175193e+00 dt=6.419934e-03
elapsed=1.059155e+01 cycle=213 time=1.181613e+00 dt=6.428406e-03
elapsed=1.061197e+01 cycle=214 time=1.188042e+00 dt=6.437058e-03
elapsed=1.065321e+01 cycle=215 time=1.194479e+00 dt=6.445885e-03
elapsed=1.098024e+01 cycle=216 time=1.200925e+00 dt=6.453308e-03
elapsed=1.105813e+01 cycle=217 time=1.207378e+00 dt=6.460769e-03
elapsed=1.107884e+01 cycle=218 time=1.213839e+00 dt=6.468427e-03
elapsed=1.111460e+01 cycle=219 time=1.220307e+00 dt=6.476277e-03
elapsed=1.113828e+01 cycle=220 time=1.226783e+00 dt=6.484314e-03
elapsed=1.116068e+01 cycle=221 time=1.233268e+00 dt=6.492533e-03
elapsed=1.119760e+01 cycle=222 time=1.239760e+00 dt=6.500929e-03
elapsed=1.121806e+01 cycle=223 time=1.246261e+00 dt=6.508968e-03
elapsed=1.130077e+01 cycle=224 time=1.252770e+00 dt=6.515991e-03
elapsed=1.134017e+01 cycle=225 time=1.259286e+00 dt=6.523212e-03
elapsed=1.136482e+01 cycle=226 time=1.265809e+00 dt=6.530626e-03
elapsed=1.140145e+01 cycle=227 time=1.272340e+00 dt=6.538230e-03
elapsed=1.142534e+01 cycle=228 time=1.278878e+00 dt=6.546017e-03
elapsed=1.144622e+01 cycle=229 time=1.285424e+00 dt=6.553984e-03
elapsed=1.148718e+01 cycle=230 time=1.291978e+00 dt=6.562125e-03
elapsed=1.150827e+01 cycle=231 time=1.298540e+00 dt=6.569304e-03
elapsed=1.160521e+01 cycle=232 time=1.305110e+00 dt=6.576093e-03
elapsed=1.162834e+01 cycle=233 time=1.311686e+00 dt=6.583077e-03
elapsed=1.164897e+01 cycle=234 time=1.318269e+00 dt=6.590251e-03
elapsed=1.168802e+01 cycle=235 time=1.324859e+00 dt=6.597611e-03
elapsed=1.171241e+01 cycle=236 time=1.331457e+00 dt=6.605152e-03
elapsed=1.173283e+01 cycle=237 time=1.338062e+00 dt=6.612868e-03
elapsed=1.177612e+01 cycle=238 time=1.344675e+00 dt=6.620755e-03
elapsed=1.182139e+01 cycle=239 time=1.351296e+00 dt=6.627163e-03
elapsed=1.190026e+01 cycle=240 time=1.357923e+00 dt=6.633723e-03
elapsed=1.192533e+01 cycle=241 time=1.364556e+00 dt=6.640475e-03
elapsed=1.196509e+01 cycle=242 time=1.371197e+00 dt=6.647413e-03
elapsed=1.198547e+01 cycle=243 time=1.377844e+00 dt=6.654533e-03
elapsed=1.201059e+01 cycle=244 time=1.384499e+00 dt=6.661830e-03
elapsed=1.205251e+01 cycle=245 time=1.391161e+00 dt=6.669299e-03
elapsed=1.207432e+01 cycle=246 time=1.397830e+00 dt=6.676513e-03
elapsed=1.237552e+01 cycle=247 time=1.404506e+00 dt=6.682658e-03
elapsed=1.246530e+01 cycle=248 time=1.411189e+00 dt=6.688995e-03
elapsed=1.248588e+01 cycle=249 time=1.417878e+00 dt=6.695519e-03
elapsed=1.251977e+01 cycle=250 time=1.424574e+00 dt=6.702226e-03
elapsed=1.254015e+01 cycle=251 time=1.431276e+00 dt=6.709111e-03
elapsed=1.256797e+01 cycle=252 time=1.437985e+00 dt=6.716169e-03
elapsed=1.261163e+01 cycle=253 time=1.444701e+00 dt=6.723394e-03
elapsed=1.263192e+01 cycle=254 time=1.451425e+00 dt=6.729970e-03
elapsed=1.272252e+01 cycle=255 time=1.458155e+00 dt=6.735902e-03
elapsed=1.275494e+01 cycle=256 time=1.464890e+00 dt=6.742021e-03
elapsed=1.277649e+01 cycle=257 time=1.471632e+00 dt=6.748324e-03
elapsed=1.281268e+01 cycle=258 time=1.478381e+00 dt=6.754805e-03
elapsed=1.283365e+01 cycle=259 time=1.485136e+00 dt=6.761460e-03
elapsed=1.285898e+01 cycle=260 time=1.491897e+00 dt=6.768283e-03
elapsed=1.289778e+01 cycle=261 time=1.498665e+00 dt=6.775269e-03
elapsed=1.294950e+01 cycle=262 time=1.505441e+00 dt=6.781281e-03
elapsed=1.301946e+01 cycle=263 time=1.512222e+00 dt=6.787006e-03
elapsed=1.304354e+01 cycle=264 time=1.519009e+00 dt=6.792915e-03
elapsed=1.308164e+01 cycle=265 time=1.525802e+00 dt=6.799002e-03
elapsed=1.310197e+01 cycle=266 time=1.532601e+00 dt=6.805262e-03
elapsed=1.312401e+01 cycle=267 time=1.539406e+00 dt=6.811692e-03
elapsed=1.315196e+01 cycle=268 time=1.546218e+00 dt=6.818285e-03
elapsed=1.318626e+01 cycle=269 time=1.553036e+00 dt=6.825037e-03
elapsed=1.323556e+01 cycle=270 time=1.559861e+00 dt=6.830553e-03
elapsed=1.331117e+01 cycle=271 time=1.566692e+00 dt=6.836078e-03
elapsed=1.333488e+01 cycle=272 time=1.573528e+00 dt=6.841782e-03
elapsed=1.337043e+01 cycle=273 time=1.580369e+00 dt=6.847660e-03
elapsed=1.339080e+01 cycle=274 time=1.587217e+00 dt=6.853706e-03
elapsed=1.341179e+01 cycle=275 time=1.594071e+00 dt=6.859916e-03
elapsed=1.374188e+01 cycle=276 time=1.600931e+00 dt=6.866285e-03
elapsed=1.377365e+01 cycle=277 time=1.607797e+00 dt=6.872734e-03
elapsed=1.382192e+01 cycle=278 time=1.614670e+00 dt=6.877889e-03
elapsed=1.389191e+01 cycle=279 time=1.621548e+00 dt=6.883222e-03
elapsed=1.392239e+01 cycle=280 time=1.628431e+00 dt=6.888728e-03
elapsed=1.395896e+01 cycle=281 time=1.635320e+00 dt=6.894402e-03
elapsed=1.398139e+01 cycle=282 time=1.642214e+00 dt=6.900239e-03
elapsed=1.400217e+01 cycle=283 time=1.649114e+00 dt=6.906235e-03
elapsed=1.404519e+01 cycle=284 time=1.656020e+00 dt=6.912385e-03
elapsed=1.406681e+01 cycle=285 time=1.662933e+00 dt=6.918414e-03
elapsed=1.416149e+01 cycle=286 time=1.669851e+00 dt=6.923388e-03
elapsed=1.418273e+01 cycle=287 time=1.676775e+00 dt=6.928534e-03
elapsed=1.420940e+01 cycle=288 time=1.683703e+00 dt=6.933848e-03
elapsed=1.424774e+01 cycle=289 time=1.690637e+00 dt=6.939324e-03
elapsed=1.427250e+01 cycle=290 time=1.697576e+00 dt=6.944959e-03
elapsed=1.429833e+01 cycle=291 time=1.704521e+00 dt=6.950747e-03
elapsed=1.433653e+01 cycle=292 time=1.711472e+00 dt=6.956682e-03
elapsed=1.439874e+01 cycle=293 time=1.718429e+00 dt=6.962341e-03
elapsed=1.445967e+01 cycle=294 time=1.725391e+00 dt=6.967140e-03
elapsed=1.448034e+01 cycle=295 time=1.732358e+00 dt=6.972106e-03
elapsed=1.451987e+01 cycle=296 time=1.739330e+00 dt=6.977234e-03
elapsed=1.454024e+01 cycle=297 time=1.746308e+00 dt=6.982519e-03
elapsed=1.456314e+01 cycle=298 time=1.753290e+00 dt=6.987957e-03
elapsed=1.460465e+01 cycle=299 time=1.760278e+00 dt=6.993542e-03
elapsed=1.462832e+01 cycle=300 time=1.767272e+00 dt=6.999268e-03
elapsed=1.471786e+01 cycle=301 time=1.774271e+00 dt=7.004601e-03
elapsed=1.474565e+01 cycle=302 time=1.781275e+00 dt=7.009232e-03
elapsed=1.476698e+01 cycle=303 time=1.788285e+00 dt=7.014024e-03
elapsed=1.480561e+01 cycle=304 time=1.795299e+00 dt=7.018973e-03
elapsed=1.509781e+01 cycle=305 time=1.802318e+00 dt=7.024073e-03
elapsed=1.512060e+01 cycle=306 time=1.809342e+00 dt=7.029319e-03
elapsed=1.514279e+01 cycle=307 time=1.816371e+00 dt=7.034706e-03
elapsed=1.518853e+01 cycle=308 time=1.823406e+00 dt=7.040229e-03
elapsed=1.520907e+01 cycle=309 time=1.830446e+00 dt=7.045275e-03
elapsed=1.530401e+01 cycle=310 time=1.837491e+00 dt=7.049745e-03
elapsed=1.532850e+01 cycle=311 time=1.844541e+00 dt=7.054369e-03
elapsed=1.535349e+01 cycle=312 time=1.851595e+00 dt=7.059143e-03
elapsed=1.538915e+01 cycle=313 time=1.858655e+00 dt=7.064064e-03
elapsed=1.541158e+01 cycle=314 time=1.865719e+00 dt=7.069124e-03
elapsed=1.543231e+01 cycle=315 time=1.872788e+00 dt=7.074319e-03
elapsed=1.547459e+01 cycle=316 time=1.879862e+00 dt=7.079644e-03
elapsed=1.549519e+01 cycle=317 time=1.886942e+00 dt=7.084439e-03
elapsed=1.559649e+01 cycle=318 time=1.894026e+00 dt=7.088753e-03
elapsed=1.561698e+01 cycle=319 time=1.901115e+00 dt=7.093215e-03
elapsed=1.564423e+01 cycle=320 time=1.908208e+00 dt=7.097821e-03
elapsed=1.567575e+01 cycle=321 time=1.915306e+00 dt=7.102567e-03
elapsed=1.569778e+01 cycle=322 time=1.922409e+00 dt=7.107447e-03
elapsed=1.571840e+01 cycle=323 time=1.929516e+00 dt=7.109700e-03
elapsed=1.576135e+01 cycle=324 time=1.936626e+00 dt=7.110207e-03
elapsed=1.579000e+01 cycle=325 time=1.943736e+00 dt=7.110756e-03
elapsed=1.588132e+01 cycle=326 time=1.950847e+00 dt=7.110663e-03
elapsed=1.590734e+01 cycle=327 time=1.957957e+00 dt=7.110296e-03
elapsed=1.594927e+01 cycle=328 time=1.965068e+00 dt=7.109972e-03
elapsed=1.597005e+01 cycle=329 time=1.972178e+00 dt=7.109689e-03
elapsed=1.599198e+01 cycle=330 time=1.979287e+00 dt=7.109450e-03
elapsed=1.603045e+01 cycle=331 time=1.986397e+00 dt=7.109253e-03
elapsed=1.605426e+01 cycle=332 time=1.993506e+00 dt=7.109099e-03
elapsed=1.636088e+01 cycle=333 time=2.000615e+00 dt=7.108987e-03
elapsed=1.644993e+01 cycle=334 time=2.007724e+00 dt=7.108919e-03
elapsed=1.647030e+01 cycle=335 time=2.014833e+00 dt=7.108894e-03
elapsed=1.650541e+01 cycle=336 time=2.021942e+00 dt=7.108912e-03
elapsed=1.652842e+01 cycle=337 time=2.029051e+00 dt=7.108973e-03
elapsed=1.654922e+01 cycle=338 time=2.036160e+00 dt=7.109078e-03
elapsed=1.658359e+01 cycle=339 time=2.043269e+00 dt=7.109188e-03
elapsed=1.661742e+01 cycle=340 time=2.050378e+00 dt=7.109291e-03
elapsed=1.668186e+01 cycle=341 time=2.057487e+00 dt=7.109438e-03
elapsed=1.673242e+01 cycle=342 time=2.064597e+00 dt=7.109338e-03
elapsed=1.675440e+01 cycle=343 time=2.071706e+00 dt=7.108650e-03
elapsed=1.679522e+01 cycle=344 time=2.078815e+00 dt=7.108004e-03
elapsed=1.681588e+01 cycle=345 time=2.085923e+00 dt=7.107402e-03
elapsed=1.683768e+01 cycle=346 time=2.093030e+00 dt=7.106842e-03
elapsed=1.687719e+01 cycle=347 time=2.100137e+00 dt=7.106325e-03
elapsed=1.690743e+01 cycle=348 time=2.107243e+00 dt=7.105852e-03
elapsed=1.700273e+01 cycle=349 time=2.114349e+00 dt=7.105421e-03
elapsed=1.702334e+01 cycle=350 time=2.121455e+00 dt=7.105034e-03
elapsed=1.704400e+01 cycle=351 time=2.128560e+00 dt=7.104690e-03
elapsed=1.708267e+01 cycle=352 time=2.135664e+00 dt=7.104389e-03
elapsed=1.710414e+01 cycle=353 time=2.142769e+00 dt=7.104132e-03
elapsed=1.712468e+01 cycle=354 time=2.149873e+00 dt=7.103919e-03
elapsed=1.716367e+01 cycle=355 time=2.156977e+00 dt=7.103714e-03
elapsed=1.718762e+01 cycle=356 time=2.164080e+00 dt=7.103500e-03
elapsed=1.728238e+01 cycle=357 time=2.171184e+00 dt=7.103329e-03
elapsed=1.730284e+01 cycle=358 time=2.178287e+00 dt=7.103201e-03
elapsed=1.732342e+01 cycle=359 time=2.185390e+00 dt=7.103117e-03
elapsed=1.736211e+01 cycle=360 time=2.192494e+00 dt=7.102726e-03
elapsed=1.738305e+01 cycle=361 time=2.199596e+00 dt=7.101877e-03
elapsed=1.770254e+01 cycle=362 time=2.206698e+00 dt=7.101070e-03
elapsed=1.773324e+01 cycle=363 time=2.213799e+00 dt=7.100307e-03
elapsed=1.782034e+01 cycle=364 time=2.220900e+00 dt=7.099586e-03
elapsed=1.785346e+01 cycle=365 time=2.227999e+00 dt=7.098908e-03
elapsed=1.787533e+01 cycle=366 time=2.235098e+00 dt=7.098274e-03
elapsed=1.791509e+01 cycle=367 time=2.242196e+00 dt=7.097682e-03
elapsed=1.793936e+01 cycle=368 time=2.249294e+00 dt=7.097134e-03
elapsed=1.796150e+01 cycle=369 time=2.256391e+00 dt=7.096271e-03
elapsed=1.800147e+01 cycle=370 time=2.263487e+00 dt=7.095252e-03
elapsed=1.802478e+01 cycle=371 time=2.270583e+00 dt=7.094280e-03
elapsed=1.812362e+01 cycle=372 time=2.277677e+00 dt=7.092503e-03
elapsed=1.814414e+01 cycle=373 time=2.284769e+00 dt=7.090513e-03
elapsed=1.816822e+01 cycle=374 time=2.291860e+00 dt=7.088569e-03
elapsed=1.820321e+01 cycle=375 time=2.298949e+00 dt=7.086625e-03
elapsed=1.822750e+01 cycle=376 time=2.306035e+00 dt=7.084701e-03
elapsed=1.827485e+01 cycle=377 time=2.313120e+00 dt=7.082824e-03
elapsed=1.829762e+01 cycle=378 time=2.320203e+00 dt=7.080993e-03
elapsed=1.835725e+01 cycle=379 time=2.327284e+00 dt=7.079207e-03
elapsed=1.841308e+01 cycle=380 time=2.334363e+00 dt=7.077468e-03
elapsed=1.843353e+01 cycle=381 time=2.341440e+00 dt=7.075774e-03
elapsed=1.847234e+01 cycle=382 time=2.348516e+00 dt=7.074126e-03
elapsed=1.849469e+01 cycle=383 time=2.355590e+00 dt=7.072524e-03
elapsed=1.851867e+01 cycle=384 time=2.362663e+00 dt=7.070968e-03
elapsed=1.856003e+01 cycle=385 time=2.369734e+00 dt=7.069458e-03
elapsed=1.861610e+01 cycle=386 time=2.376803e+00 dt=7.067993e-03
elapsed=1.867884e+01 cycle=387 time=2.383871e+00 dt=7.066575e-03
elapsed=1.870254e+01 cycle=388 time=2.390938e+00 dt=7.065202e-03
elapsed=1.874126e+01 cycle=389 time=2.398003e+00 dt=7.063876e-03
elapsed=1.904156e+01 cycle=390 time=2.405067e+00 dt=7.062595e-03
elapsed=1.906584e+01 cycle=391 time=2.412129e+00 dt=7.061359e-03
elapsed=1.909197e+01 cycle=392 time=2.419191e+00 dt=7.060170e-03
elapsed=1.913101e+01 cycle=393 time=2.426251e+00 dt=7.059026e-03
elapsed=1.915684e+01 cycle=394 time=2.433310e+00 dt=7.057234e-03
elapsed=1.925573e+01 cycle=395 time=2.440367e+00 dt=7.055080e-03
elapsed=1.928091e+01 cycle=396 time=2.447422e+00 dt=7.052972e-03
elapsed=1.931750e+01 cycle=397 time=2.454475e+00 dt=7.050909e-03
elapsed=1.933803e+01 cycle=398 time=2.461526e+00 dt=7.048891e-03
elapsed=1.936027e+01 cycle=399 time=2.468575e+00 dt=7.046918e-03
elapsed=1.939735e+01 cycle=400 time=2.475622e+00 dt=7.044990e-03
elapsed=1.942098e+01 cycle=401 time=2.482667e+00 dt=7.043107e-03
elapsed=1.948208e+01 cycle=402 time=2.489710e+00 dt=7.041269e-03
elapsed=1.953630e+01 cycle=403 time=2.496751e+00 dt=7.039477e-03
elapsed=1.956135e+01 cycle=404 time=2.503791e+00 dt=7.037729e-03
elapsed=1.959834e+01 cycle=405 time=2.510829e+00 dt=7.036027e-03
elapsed=1.961893e+01 cycle=406 time=2.517865e+00 dt=7.034369e-03
elapsed=1.964093e+01 cycle=407 time=2.524899e+00 dt=7.032757e-03
elapsed=1.968496e+01 cycle=408 time=2.531932e+00 dt=7.031189e-03
elapsed=1.970544e+01 cycle=409 time=2.538963e+00 dt=7.029666e-03
elapsed=1.978999e+01 cycle=410 time=2.545993e+00 dt=7.028189e-03
elapsed=1.982426e+01 cycle=411 time=2.553021e+00 dt=7.026756e-03
elapsed=1.984809e+01 cycle=412 time=2.560048e+00 dt=7.025368e-03
elapsed=1.988693e+01 cycle=413 time=2.567073e+00 dt=7.024024e-03
elapsed=1.991127e+01 cycle=414 time=2.574097e+00 dt=7.022726e-03
elapsed=1.993412e+01 cycle=415 time=2.581120e+00 dt=7.021472e-03
elapsed=1.997787e+01 cycle=416 time=2.588141e+00 dt=7.020263e-03
elapsed=2.002910e+01 cycle=417 time=2.595161e+00 dt=7.018758e-03
elapsed=2.034078e+01 cycle=418 time=2.602180e+00 dt=7.016606e-03
elapsed=2.038308e+01 cycle=419 time=2.609197e+00 dt=7.014497e-03
elapsed=2.040663e+01 cycle=420 time=2.616211e+00 dt=7.012433e-03
elapsed=2.044230e+01 cycle=421 time=2.623224e+00 dt=7.010413e-03
elapsed=2.046549e+01 cycle=422 time=2.630234e+00 dt=7.008436e-03
elapsed=2.048645e+01 cycle=423 time=2.637243e+00 dt=7.006504e-03
elapsed=2.052879e+01 cycle=424 time=2.644249e+00 dt=7.004615e-03
elapsed=2.054922e+01 cycle=425 time=2.651254e+00 dt=7.002770e-03
elapsed=2.063872e+01 cycle=426 time=2.658256e+00 dt=7.000969e-03
elapsed=2.066616e+01 cycle=427 time=2.665257e+00 dt=6.999212e-03
elapsed=2.068976e+01 cycle=428 time=2.672257e+00 dt=6.997498e-03
elapsed=2.072571e+01 cycle=429 time=2.679254e+00 dt=6.995828e-03
elapsed=2.074779e+01 cycle=430 time=2.686250e+00 dt=6.994202e-03
elapsed=2.077406e+01 cycle=431 time=2.693244e+00 dt=6.992619e-03
elapsed=2.081924e+01 cycle=432 time=2.700237e+00 dt=6.991080e-03
elapsed=2.085861e+01 cycle=433 time=2.707228e+00 dt=6.989585e-03
elapsed=2.093764e+01 cycle=434 time=2.714217e+00 dt=6.988133e-03
elapsed=2.096080e+01 cycle=435 time=2.721206e+00 dt=6.986724e-03
elapsed=2.099948e+01 cycle=436 time=2.728192e+00 dt=6.985359e-03
elapsed=2.101994e+01 cycle=437 time=2.735178e+00 dt=6.984037e-03
elapsed=2.104231e+01 cycle=438 time=2.742162e+00 dt=6.982758e-03
elapsed=2.107290e+01 cycle=439 time=2.749144e+00 dt=6.981523e-03
elapsed=2.110717e+01 cycle=440 time=2.756126e+00 dt=6.980330e-03
elapsed=2.116944e+01 cycle=441 time=2.763106e+00 dt=6.979181e-03
elapsed=2.122615e+01 cycle=442 time=2.770085e+00 dt=6.977257e-03
elapsed=2.125583e+01 cycle=443 time=2.777063e+00 dt=6.975220e-03
elapsed=2.129677e+01 cycle=444 time=2.784038e+00 dt=6.973225e-03
elapsed=2.131866e+01 cycle=445 time=2.791011e+00 dt=6.971272e-03
elapsed=2.133909e+01 cycle=446 time=2.797982e+00 dt=6.969362e-03
elapsed=2.168239e+01 cycle=447 time=2.804952e+00 dt=6.967494e-03
elapsed=2.178710e+01 cycle=448 time=2.811919e+00 dt=6.965668e-03
elapsed=2.180761e+01 cycle=449 time=2.818885e+00 dt=6.963884e-03
elapsed=2.183031e+01 cycle=450 time=2.825849e+00 dt=6.962143e-03
elapsed=2.186617e+01 cycle=451 time=2.832811e+00 dt=6.960444e-03
elapsed=2.189124e+01 cycle=452 time=2.839771e+00 dt=6.958786e-03
elapsed=2.192388e+01 cycle=453 time=2.846730e+00 dt=6.957171e-03
elapsed=2.195973e+01 cycle=454 time=2.853687e+00 dt=6.955598e-03
elapsed=2.199499e+01 cycle=455 time=2.860643e+00 dt=6.954067e-03
elapsed=2.207710e+01 cycle=456 time=2.867597e+00 dt=6.952577e-03
elapsed=2.209760e+01 cycle=457 time=2.874550e+00 dt=6.951130e-03
elapsed=2.212891e+01 cycle=458 time=2.881501e+00 dt=6.949724e-03
elapsed=2.215247e+01 cycle=459 time=2.888450e+00 dt=6.948361e-03
elapsed=2.217847e+01 cycle=460 time=2.895399e+00 dt=6.947038e-03
elapsed=2.220422e+01 cycle=461 time=2.902346e+00 dt=6.945758e-03
elapsed=2.224611e+01 cycle=462 time=2.909292e+00 dt=6.944519e-03
elapsed=2.234068e+01 cycle=463 time=2.916236e+00 dt=6.943322e-03
elapsed=2.236926e+01 cycle=464 time=2.923179e+00 dt=6.942166e-03
elapsed=2.239566e+01 cycle=465 time=2.930122e+00 dt=6.941051e-03
elapsed=2.242640e+01 cycle=466 time=2.937063e+00 dt=6.939978e-03
elapsed=2.244863e+01 cycle=467 time=2.944003e+00 dt=6.938586e-03
elapsed=2.247315e+01 cycle=468 time=2.950941e+00 dt=6.936670e-03
elapsed=2.251271e+01 cycle=469 time=2.957878e+00 dt=6.934794e-03
elapsed=2.254994e+01 cycle=470 time=2.964813e+00 dt=6.932958e-03
elapsed=2.262822e+01 cycle=471 time=2.971746e+00 dt=6.931164e-03
elapsed=2.265390e+01 cycle=472 time=2.978677e+00 dt=6.929409e-03
elapsed=2.269137e+01 cycle=473 time=2.985606e+00 dt=6.927695e-03
elapsed=2.271173e+01 cycle=474 time=2.992534e+00 dt=6.926022e-03
elapsed=2.273352e+01 cycle=475 time=2.999460e+00 dt=6.924389e-03
elapsed=2.303417e+01 cycle=476 time=3.006384e+00 dt=6.922796e-03
elapsed=2.306717e+01 cycle=477 time=3.013307e+00 dt=6.921243e-03
elapsed=2.311287e+01 cycle=478 time=3.020228e+00 dt=6.919731e-03
elapsed=2.319738e+01 cycle=479 time=3.027148e+00 dt=6.918259e-03
elapsed=2.322107e+01 cycle=480 time=3.034066e+00 dt=6.916827e-03
elapsed=2.325424e+01 cycle=481 time=3.040983e+00 dt=6.915435e-03
elapsed=2.328163e+01 cycle=482 time=3.047899e+00 dt=6.914083e-03
elapsed=2.330240e+01 cycle=483 time=3.054813e+00 dt=6.912771e-03
elapsed=2.332585e+01 cycle=484 time=3.061725e+00 dt=6.911499e-03
elapsed=2.336669e+01 cycle=485 time=3.068637e+00 dt=6.910267e-03
elapsed=2.341844e+01 cycle=486 time=3.075547e+00 dt=6.909075e-03
elapsed=2.348667e+01 cycle=487 time=3.082456e+00 dt=6.907922e-03
elapsed=2.351034e+01 cycle=488 time=3.089364e+00 dt=6.906810e-03
elapsed=2.354870e+01 cycle=489 time=3.096271e+00 dt=6.905737e-03
elapsed=2.357130e+01 cycle=490 time=3.103177e+00 dt=6.904703e-03
elapsed=2.359746e+01 cycle=491 time=3.110082e+00 dt=6.903710e-03
elapsed=2.363981e+01 cycle=492 time=3.116985e+00 dt=6.902755e-03
elapsed=2.366140e+01 cycle=493 time=3.123888e+00 dt=6.901628e-03
elapsed=2.375718e+01 cycle=494 time=3.130790e+00 dt=6.899866e-03
elapsed=2.378182e+01 cycle=495 time=3.137689e+00 dt=6.898142e-03
elapsed=2.380564e+01 cycle=496 time=3.144588e+00 dt=6.896457e-03
elapsed=2.384058e+01 cycle=497 time=3.151484e+00 dt=6.894811e-03
elapsed=2.386539e+01 cycle=498 time=3.158379e+00 dt=6.893203e-03
elapsed=2.388682e+01 cycle=499 time=3.165272e+00 dt=6.891634e-03
elapsed=2.393216e+01 cycle=500 time=3.172164e+00 dt=6.890103e-03
elapsed=2.399639e+01 cycle=501 time=3.179054e+00 dt=6.888611e-03
elapsed=2.405148e+01 cycle=502 time=3.185942e+00 dt=6.887158e-03
elapsed=2.407356e+01 cycle=503 time=3.192830e+00 dt=6.885742e-03
elapsed=2.411202e+01 cycle=504 time=3.199715e+00 dt=6.884365e-03
elapsed=2.440936e+01 cycle=505 time=3.206600e+00 dt=6.883027e-03
elapsed=2.443164e+01 cycle=506 time=3.213483e+00 dt=6.881726e-03
elapsed=2.445236e+01 cycle=507 time=3.220364e+00 dt=6.880464e-03
elapsed=2.449623e+01 cycle=508 time=3.227245e+00 dt=6.879240e-03
elapsed=2.452420e+01 cycle=509 time=3.234124e+00 dt=6.878055e-03
elapsed=2.461185e+01 cycle=510 time=3.241002e+00 dt=6.876907e-03
elapsed=2.463233e+01 cycle=511 time=3.247879e+00 dt=6.875797e-03
elapsed=2.465744e+01 cycle=512 time=3.254755e+00 dt=6.874726e-03
elapsed=2.469132e+01 cycle=513 time=3.261630e+00 dt=6.873692e-03
elapsed=2.471343e+01 cycle=514 time=3.268503e+00 dt=6.872696e-03
elapsed=2.473395e+01 cycle=515 time=3.275376e+00 dt=6.871739e-03
elapsed=2.477954e+01 cycle=516 time=3.282248e+00 dt=6.870818e-03
elapsed=2.479993e+01 cycle=517 time=3.289119e+00 dt=6.869936e-03
elapsed=2.489630e+01 cycle=518 time=3.295989e+00 dt=6.869092e-03
elapsed=2.492381e+01 cycle=519 time=3.302858e+00 dt=6.868285e-03
elapsed=2.496485e+01 cycle=520 time=3.309726e+00 dt=6.866965e-03
elapsed=2.498580e+01 cycle=521 time=3.316593e+00 dt=6.865377e-03
elapsed=2.500685e+01 cycle=522 time=3.323458e+00 dt=6.863827e-03
elapsed=2.504466e+01 cycle=523 time=3.330322e+00 dt=6.862313e-03
elapsed=2.507151e+01 cycle=524 time=3.337184e+00 dt=6.860836e-03
elapsed=2.514823e+01 cycle=525 time=3.344045e+00 dt=6.859396e-03
elapsed=2.518659e+01 cycle=526 time=3.350905e+00 dt=6.857993e-03
elapsed=2.520730e+01 cycle=527 time=3.357763e+00 dt=6.856626e-03
elapsed=2.533078e+01 cycle=528 time=3.364619e+00 dt=6.855296e-03
elapsed=2.535211e+01 cycle=529 time=3.371475e+00 dt=6.854003e-03
elapsed=2.542923e+01 cycle=530 time=3.378329e+00 dt=6.852746e-03
elapsed=2.546871e+01 cycle=531 time=3.385181e+00 dt=6.851526e-03
elapsed=2.549284e+01 cycle=532 time=3.392033e+00 dt=6.850342e-03
elapsed=2.553209e+01 cycle=533 time=3.398883e+00 dt=6.849195e-03
elapsed=2.585638e+01 cycle=534 time=3.405732e+00 dt=6.848084e-03
elapsed=2.588647e+01 cycle=535 time=3.412580e+00 dt=6.847010e-03
elapsed=2.592152e+01 cycle=536 time=3.419427e+00 dt=6.845972e-03
elapsed=2.598521e+01 cycle=537 time=3.426273e+00 dt=6.844970e-03
elapsed=2.604610e+01 cycle=538 time=3.433118e+00 dt=6.844004e-03
elapsed=2.606673e+01 cycle=539 time=3.439962e+00 dt=6.843075e-03
elapsed=2.609207e+01 cycle=540 time=3.446805e+00 dt=6.842182e-03
elapsed=2.612725e+01 cycle=541 time=3.453648e+00 dt=6.841325e-03
elapsed=2.614970e+01 cycle=542 time=3.460489e+00 dt=6.840504e-03
elapsed=2.617161e+01 cycle=543 time=3.467329e+00 dt=6.839720e-03
elapsed=2.621573e+01 cycle=544 time=3.474169e+00 dt=6.838971e-03
elapsed=2.624389e+01 cycle=545 time=3.481008e+00 dt=6.838259e-03
elapsed=2.633429e+01 cycle=546 time=3.487846e+00 dt=6.837582e-03
elapsed=2.636059e+01 cycle=547 time=3.494684e+00 dt=6.836265e-03
elapsed=2.638450e+01 cycle=548 time=3.501520e+00 dt=6.834831e-03
elapsed=2.642149e+01 cycle=549 time=3.508355e+00 dt=6.833431e-03
elapsed=2.644276e+01 cycle=550 time=3.515189e+00 dt=6.832067e-03
elapsed=2.646612e+01 cycle=551 time=3.522021e+00 dt=6.830737e-03
elapsed=2.650922e+01 cycle=552 time=3.528851e+00 dt=6.829443e-03
elapsed=2.652994e+01 cycle=553 time=3.535681e+00 dt=6.828184e-03
elapsed=2.663371e+01 cycle=554 time=3.542509e+00 dt=6.826960e-03
elapsed=2.665718e+01 cycle=555 time=3.549336e+00 dt=6.825770e-03
elapsed=2.668117e+01 cycle=556 time=3.556162e+00 dt=6.824616e-03
elapsed=2.671790e+01 cycle=557 time=3.562986e+00 dt=6.823497e-03
elapsed=2.673964e+01 cycle=558 time=3.569810e+00 dt=6.822412e-03
elapsed=2.676289e+01 cycle=559 time=3.576632e+00 dt=6.821362e-03
elapsed=2.680455e+01 cycle=560 time=3.583454e+00 dt=6.820348e-03
elapsed=2.682505e+01 cycle=561 time=3.590274e+00 dt=6.819368e-03
elapsed=2.689305e+01 cycle=562 time=3.597093e+00 dt=6.818422e-03
elapsed=2.713737e+01 cycle=563 time=3.603912e+00 dt=6.817512e-03
elapsed=2.722734e+01 cycle=564 time=3.610729e+00 dt=6.816636e-03
elapsed=2.725074e+01 cycle=565 time=3.617546e+00 dt=6.815795e-03
elapsed=2.727122e+01 cycle=566 time=3.624362e+00 dt=6.814988e-03
elapsed=2.730805e+01 cycle=567 time=3.631177e+00 dt=6.814217e-03
elapsed=2.733203e+01 cycle=568 time=3.637991e+00 dt=6.813479e-03
elapsed=2.735280e+01 cycle=569 time=3.644804e+00 dt=6.812777e-03
elapsed=2.738409e+01 cycle=570 time=3.651617e+00 dt=6.812108e-03
elapsed=2.741196e+01 cycle=571 time=3.658429e+00 dt=6.811475e-03
elapsed=2.747148e+01 cycle=572 time=3.665241e+00 dt=6.810876e-03
elapsed=2.753492e+01 cycle=573 time=3.672052e+00 dt=6.810311e-03
elapsed=2.755554e+01 cycle=574 time=3.678862e+00 dt=6.809049e-03
elapsed=2.757660e+01 cycle=575 time=3.685671e+00 dt=6.807744e-03
elapsed=2.761593e+01 cycle=576 time=3.692479e+00 dt=6.806474e-03
elapsed=2.764827e+01 cycle=577 time=3.699285e+00 dt=6.805237e-03
elapsed=2.768343e+01 cycle=578 time=3.706090e+00 dt=6.804033e-03
elapsed=2.771018e+01 cycle=579 time=3.712894e+00 dt=6.802864e-03
elapsed=2.777230e+01 cycle=580 time=3.719697e+00 dt=6.801727e-03
elapsed=2.783343e+01 cycle=581 time=3.726499e+00 dt=6.800624e-03
elapsed=2.785388e+01 cycle=582 time=3.733300e+00 dt=6.799555e-03
elapsed=2.787532e+01 cycle=583 time=3.740099e+00 dt=6.798519e-03
elapsed=2.791627e+01 cycle=584 time=3.746898e+00 dt=6.797517e-03
elapsed=2.794144e+01 cycle=585 time=3.753695e+00 dt=6.796548e-03
elapsed=2.797677e+01 cycle=586 time=3.760492e+00 dt=6.795612e-03
elapsed=2.801120e+01 cycle=587 time=3.767287e+00 dt=6.794710e-03
elapsed=2.806511e+01 cycle=588 time=3.774082e+00 dt=6.793841e-03
elapsed=2.813349e+01 cycle=589 time=3.780876e+00 dt=6.793005e-03
elapsed=2.815515e+01 cycle=590 time=3.787669e+00 dt=6.792203e-03
elapsed=2.817680e+01 cycle=591 time=3.794461e+00 dt=6.791434e-03
elapsed=2.850113e+01 cycle=592 time=3.801253e+00 dt=6.790698e-03
elapsed=2.853291e+01 cycle=593 time=3.808043e+00 dt=6.789996e-03
elapsed=2.855426e+01 cycle=594 time=3.814833e+00 dt=6.789327e-03
elapsed=2.859349e+01 cycle=595 time=3.821623e+00 dt=6.788691e-03
elapsed=2.861761e+01 cycle=596 time=3.828411e+00 dt=6.788088e-03
elapsed=2.870899e+01 cycle=597 time=3.835199e+00 dt=6.787518e-03
elapsed=2.874160e+01 cycle=598 time=3.841987e+00 dt=6.786981e-03
elapsed=2.876255e+01 cycle=599 time=3.848774e+00 dt=6.786478e-03
elapsed=2.880196e+01 cycle=600 time=3.855560e+00 dt=6.785995e-03
elapsed=2.882264e+01 cycle=601 time=3.862346e+00 dt=6.784769e-03
elapsed=2.884383e+01 cycle=602 time=3.869131e+00 dt=6.783575e-03
elapsed=2.887206e+01 cycle=603 time=3.875915e+00 dt=6.782414e-03
elapsed=2.891030e+01 cycle=604 time=3.882697e+00 dt=6.781284e-03
elapsed=2.896301e+01 cycle=605 time=3.889478e+00 dt=6.780187e-03
elapsed=2.903075e+01 cycle=606 time=3.896259e+00 dt=6.779123e-03
elapsed=2.905132e+01 cycle=607 time=3.903038e+00 dt=6.778090e-03
elapsed=2.907511e+01 cycle=608 time=3.909816e+00 dt=6.777090e-03
elapsed=2.911148e+01 cycle=609 time=3.916593e+00 dt=6.776122e-03
elapsed=2.913359e+01 cycle=610 time=3.923369e+00 dt=6.775186e-03
elapsed=2.915415e+01 cycle=611 time=3.930144e+00 dt=6.774282e-03
elapsed=2.919684e+01 cycle=612 time=3.936918e+00 dt=6.773410e-03
elapsed=2.921766e+01 cycle=613 time=3.943692e+00 dt=6.772570e-03
elapsed=2.930395e+01 cycle=614 time=3.950464e+00 dt=6.771763e-03
elapsed=2.934128e+01 cycle=615 time=3.957236e+00 dt=6.770987e-03
elapsed=2.936504e+01 cycle=616 time=3.964007e+00 dt=6.770244e-03
elapsed=2.939259e+01 cycle=617 time=3.970777e+00 dt=6.769533e-03
elapsed=2.942435e+01 cycle=618 time=3.977547e+00 dt=6.768854e-03
elapsed=2.944558e+01 cycle=619 time=3.984316e+00 dt=6.768207e-03
elapsed=2.947041e+01 cycle=620 time=3.991084e+00 dt=6.767591e-03
elapsed=2.951235e+01 cycle=621 time=3.997852e+00 dt=6.767008e-03
elapsed=2.984656e+01 cycle=622 time=4.004619e+00 dt=6.766457e-03
elapsed=2.991653e+01 cycle=623 time=4.011385e+00 dt=6.765938e-03
elapsed=2.994066e+01 cycle=624 time=4.018151e+00 dt=6.765451e-03
elapsed=2.998420e+01 cycle=625 time=4.024916e+00 dt=6.764996e-03
elapsed=3.000663e+01 cycle=626 time=4.031681e+00 dt=6.764572e-03
elapsed=3.002713e+01 cycle=627 time=4.038446e+00 dt=6.764028e-03
elapsed=3.007211e+01 cycle=628 time=4.045210e+00 dt=6.762896e-03
elapsed=3.009329e+01 cycle=629 time=4.051973e+00 dt=6.761796e-03
elapsed=3.018896e+01 cycle=630 time=4.058735e+00 dt=6.760726e-03
elapsed=3.021470e+01 cycle=631 time=4.065495e+00 dt=6.759688e-03
elapsed=3.023942e+01 cycle=632 time=4.072255e+00 dt=6.758681e-03
elapsed=3.027726e+01 cycle=633 time=4.079014e+00 dt=6.757705e-03
elapsed=3.029943e+01 cycle=634 time=4.085772e+00 dt=6.756760e-03
elapsed=3.032518e+01 cycle=635 time=4.092528e+00 dt=6.755846e-03
elapsed=3.036889e+01 cycle=636 time=4.099284e+00 dt=6.754963e-03
elapsed=3.040600e+01 cycle=637 time=4.106039e+00 dt=6.754111e-03
elapsed=3.048975e+01 cycle=638 time=4.112793e+00 dt=6.753290e-03
elapsed=3.051139e+01 cycle=639 time=4.119547e+00 dt=6.752500e-03
elapsed=3.053537e+01 cycle=640 time=4.126299e+00 dt=6.751742e-03
elapsed=3.057177e+01 cycle=641 time=4.133051e+00 dt=6.751014e-03
elapsed=3.059407e+01 cycle=642 time=4.139802e+00 dt=6.750317e-03
elapsed=3.061455e+01 cycle=643 time=4.146552e+00 dt=6.749652e-03
elapsed=3.066373e+01 cycle=644 time=4.153302e+00 dt=6.749017e-03
elapsed=3.069921e+01 cycle=645 time=4.160051e+00 dt=6.748413e-03
elapsed=3.078246e+01 cycle=646 time=4.166799e+00 dt=6.747840e-03
elapsed=3.080438e+01 cycle=647 time=4.173547e+00 dt=6.747299e-03
elapsed=3.082864e+01 cycle=648 time=4.180294e+00 dt=6.746788e-03
elapsed=3.086589e+01 cycle=649 time=4.187041e+00 dt=6.746308e-03
elapsed=3.088802e+01 cycle=650 time=4.193787e+00 dt=6.745859e-03
elapsed=3.118953e+01 cycle=651 time=4.200533e+00 dt=6.745441e-03
elapsed=3.123480e+01 cycle=652 time=4.207279e+00 dt=6.745055e-03
elapsed=3.127194e+01 cycle=653 time=4.214024e+00 dt=6.744699e-03
elapsed=3.135499e+01 cycle=654 time=4.220768e+00 dt=6.744011e-03
elapsed=3.138100e+01 cycle=655 time=4.227512e+00 dt=6.742959e-03
elapsed=3.140487e+01 cycle=656 time=4.234255e+00 dt=6.741938e-03
elapsed=3.144528e+01 cycle=657 time=4.240997e+00 dt=6.740947e-03
elapsed=3.146924e+01 cycle=658 time=4.247738e+00 dt=6.739986e-03
elapsed=3.149315e+01 cycle=659 time=4.254478e+00 dt=6.739055e-03
elapsed=3.153495e+01 cycle=660 time=4.261217e+00 dt=6.738154e-03
elapsed=3.159551e+01 cycle=661 time=4.267956e+00 dt=6.737283e-03
elapsed=3.165743e+01 cycle=662 time=4.274693e+00 dt=6.736443e-03
elapsed=3.167797e+01 cycle=663 time=4.281429e+00 dt=6.735632e-03
elapsed=3.171797e+01 cycle=664 time=4.288165e+00 dt=6.734851e-03
elapsed=3.173918e+01 cycle=665 time=4.294900e+00 dt=6.734101e-03
elapsed=3.176033e+01 cycle=666 time=4.301634e+00 dt=6.733381e-03
elapsed=3.179930e+01 cycle=667 time=4.308367e+00 dt=6.732690e-03
elapsed=3.183129e+01 cycle=668 time=4.315100e+00 dt=6.732030e-03
elapsed=3.192164e+01 cycle=669 time=4.321832e+00 dt=6.731400e-03
elapsed=3.194213e+01 cycle=670 time=4.328563e+00 dt=6.730800e-03
elapsed=3.196368e+01 cycle=671 time=4.335294e+00 dt=6.730230e-03
elapsed=3.200522e+01 cycle=672 time=4.342024e+00 dt=6.729691e-03
elapsed=3.202738e+01 cycle=673 time=4.348754e+00 dt=6.729181e-03
elapsed=3.205295e+01 cycle=674 time=4.355483e+00 dt=6.728701e-03
elapsed=3.208826e+01 cycle=675 time=4.362212e+00 dt=6.728252e-03
elapsed=3.214200e+01 cycle=676 time=4.368940e+00 dt=6.727832e-03
elapsed=3.221085e+01 cycle=677 time=4.375668e+00 dt=6.727443e-03
elapsed=3.223133e+01 cycle=678 time=4.382395e+00 dt=6.727084e-03
elapsed=3.226699e+01 cycle=679 time=4.389123e+00 dt=6.726755e-03
elapsed=3.229342e+01 cycle=680 time=4.395849e+00 dt=6.726456e-03
elapsed=3.261269e+01 cycle=681 time=4.402576e+00 dt=6.725544e-03
elapsed=3.266013e+01 cycle=682 time=4.409301e+00 dt=6.724562e-03
elapsed=3.268116e+01 cycle=683 time=4.416026e+00 dt=6.723608e-03
elapsed=3.278277e+01 cycle=684 time=4.422749e+00 dt=6.722684e-03
elapsed=3.280665e+01 cycle=685 time=4.429472e+00 dt=6.721789e-03
elapsed=3.282768e+01 cycle=686 time=4.436194e+00 dt=6.720924e-03
elapsed=3.286437e+01 cycle=687 time=4.442915e+00 dt=6.720088e-03
elapsed=3.289015e+01 cycle=688 time=4.449635e+00 dt=6.719280e-03
elapsed=3.291068e+01 cycle=689 time=4.456354e+00 dt=6.718503e-03
elapsed=3.295052e+01 cycle=690 time=4.463073e+00 dt=6.717754e-03
elapsed=3.297185e+01 cycle=691 time=4.469790e+00 dt=6.717035e-03
elapsed=3.307132e+01 cycle=692 time=4.476508e+00 dt=6.716345e-03
elapsed=3.309497e+01 cycle=693 time=4.483224e+00 dt=6.715684e-03
elapsed=3.311567e+01 cycle=694 time=4.489940e+00 dt=6.715053e-03
elapsed=3.315064e+01 cycle=695 time=4.496655e+00 dt=6.714450e-03
elapsed=3.317874e+01 cycle=696 time=4.503369e+00 dt=6.713878e-03
elapsed=3.319918e+01 cycle=697 time=4.510083e+00 dt=6.713334e-03
elapsed=3.323931e+01 cycle=698 time=4.516796e+00 dt=6.712820e-03
elapsed=3.326087e+01 cycle=699 time=4.523509e+00 dt=6.712335e-03
elapsed=3.335700e+01 cycle=700 time=4.530221e+00 dt=6.711879e-03
elapsed=3.338270e+01 cycle=701 time=4.536933e+00 dt=6.711453e-03
elapsed=3.341682e+01 cycle=702 time=4.543645e+00 dt=6.711056e-03
elapsed=3.344310e+01 cycle=703 time=4.550356e+00 dt=6.710688e-03
elapsed=3.346888e+01 cycle=704 time=4.557067e+00 dt=6.710350e-03
elapsed=3.349159e+01 cycle=705 time=4.563777e+00 dt=6.710041e-03
elapsed=3.352924e+01 cycle=706 time=4.570487e+00 dt=6.709761e-03
elapsed=3.358526e+01 cycle=707 time=4.577197e+00 dt=6.709254e-03
elapsed=3.365977e+01 cycle=708 time=4.583906e+00 dt=6.708303e-03
elapsed=3.368107e+01 cycle=709 time=4.590614e+00 dt=6.707380e-03
elapsed=3.371617e+01 cycle=710 time=4.597322e+00 dt=6.706486e-03
elapsed=3.404831e+01 cycle=711 time=4.604028e+00 dt=6.705620e-03
elapsed=3.407442e+01 cycle=712 time=4.610734e+00 dt=6.704783e-03
elapsed=3.411273e+01 cycle=713 time=4.617438e+00 dt=6.703974e-03
elapsed=3.414683e+01 cycle=714 time=4.624142e+00 dt=6.703194e-03
elapsed=3.423384e+01 cycle=715 time=4.630846e+00 dt=6.702443e-03
elapsed=3.425799e+01 cycle=716 time=4.637548e+00 dt=6.701720e-03
elapsed=3.427882e+01 cycle=717 time=4.644250e+00 dt=6.701025e-03
elapsed=3.432150e+01 cycle=718 time=4.650951e+00 dt=6.700359e-03
elapsed=3.434337e+01 cycle=719 time=4.657651e+00 dt=6.699722e-03
elapsed=3.436730e+01 cycle=720 time=4.664351e+00 dt=6.699113e-03
elapsed=3.441112e+01 cycle=721 time=4.671050e+00 dt=6.698533e-03
elapsed=3.444586e+01 cycle=722 time=4.677749e+00 dt=6.697981e-03
elapsed=3.453320e+01 cycle=723 time=4.684447e+00 dt=6.697458e-03
elapsed=3.455816e+01 cycle=724 time=4.691144e+00 dt=6.696963e-03
elapsed=3.457914e+01 cycle=725 time=4.697841e+00 dt=6.696498e-03
elapsed=3.461560e+01 cycle=726 time=4.704537e+00 dt=6.696061e-03
elapsed=3.463806e+01 cycle=727 time=4.711234e+00 dt=6.695652e-03
elapsed=3.467356e+01 cycle=728 time=4.717929e+00 dt=6.695272e-03
elapsed=3.471063e+01 cycle=729 time=4.724624e+00 dt=6.694921e-03
elapsed=3.475821e+01 cycle=730 time=4.731319e+00 dt=6.694598e-03
elapsed=3.483371e+01 cycle=731 time=4.738014e+00 dt=6.694305e-03
elapsed=3.485793e+01 cycle=732 time=4.744708e+00 dt=6.694040e-03
elapsed=3.489404e+01 cycle=733 time=4.751402e+00 dt=6.693803e-03
elapsed=3.491474e+01 cycle=734 time=4.758096e+00 dt=6.692925e-03
elapsed=3.493705e+01 cycle=735 time=4.764789e+00 dt=6.692027e-03
elapsed=3.497300e+01 cycle=736 time=4.771481e+00 dt=6.691157e-03
elapsed=3.500306e+01 cycle=737 time=4.778172e+00 dt=6.690315e-03
elapsed=3.507198e+01 cycle=738 time=4.784863e+00 dt=6.689501e-03
elapsed=3.512547e+01 cycle=739 time=4.791552e+00 dt=6.688715e-03
elapsed=3.515014e+01 cycle=740 time=4.798241e+00 dt=6.687957e-03
elapsed=3.547755e+01 cycle=741 time=4.804929e+00 dt=6.687226e-03
elapsed=3.549912e+01 cycle=742 time=4.811616e+00 dt=6.686524e-03
elapsed=3.552148e+01 cycle=743 time=4.818302e+00 dt=6.685849e-03
elapsed=3.556358e+01 cycle=744 time=4.824988e+00 dt=6.685203e-03
elapsed=3.558461e+01 cycle=745 time=4.831674e+00 dt=6.684584e-03
elapsed=3.564870e+01 cycle=746 time=4.838358e+00 dt=6.683993e-03
elapsed=3.570764e+01 cycle=747 time=4.845042e+00 dt=6.683430e-03
elapsed=3.573136e+01 cycle=748 time=4.851726e+00 dt=6.682895e-03
elapsed=3.577026e+01 cycle=749 time=4.858408e+00 dt=6.682389e-03
elapsed=3.579088e+01 cycle=750 time=4.865091e+00 dt=6.681910e-03
elapsed=3.581350e+01 cycle=751 time=4.871773e+00 dt=6.681459e-03
elapsed=3.584615e+01 cycle=752 time=4.878454e+00 dt=6.681036e-03
elapsed=3.588018e+01 cycle=753 time=4.885135e+00 dt=6.680641e-03
elapsed=3.593004e+01 cycle=754 time=4.891816e+00 dt=6.680275e-03
elapsed=3.600609e+01 cycle=755 time=4.898496e+00 dt=6.679936e-03
elapsed=3.603056e+01 cycle=756 time=4.905176e+00 dt=6.679626e-03
elapsed=3.606997e+01 cycle=757 time=4.911856e+00 dt=6.679343e-03
elapsed=3.609057e+01 cycle=758 time=4.918535e+00 dt=6.679089e-03
elapsed=3.611292e+01 cycle=759 time=4.925214e+00 dt=6.678863e-03
elapsed=3.615609e+01 cycle=760 time=4.931893e+00 dt=6.678238e-03
elapsed=3.617670e+01 cycle=761 time=4.938571e+00 dt=6.677362e-03
elapsed=3.626178e+01 cycle=762 time=4.945249e+00 dt=6.676512e-03
elapsed=3.629671e+01 cycle=763 time=4.951925e+00 dt=6.675690e-03
elapsed=3.633098e+01 cycle=764 time=4.958601e+00 dt=6.674895e-03
elapsed=3.636391e+01 cycle=765 time=4.965276e+00 dt=6.674128e-03
elapsed=3.638612e+01 cycle=766 time=4.971950e+00 dt=6.673387e-03
elapsed=3.640680e+01 cycle=767 time=4.978623e+00 dt=6.672674e-03
elapsed=3.645029e+01 cycle=768 time=4.985296e+00 dt=6.671989e-03
elapsed=3.647120e+01 cycle=769 time=4.991968e+00 dt=6.671330e-03
elapsed=3.655429e+01 cycle=770 time=4.998639e+00 dt=1.360807e-03
output wall time = 7.925085e+00
elapsed=3.684379e+01 cycle=771 time=5.000000e+00 dt=2.721613e-03

Terminating on time limit
time=5.000000e+00 cycle=771
tlim=5.000000e+00 nlim=-1 nmb_total_limit=-1

MeshBlock-cycles = 24672
cpu time used  = 3.546036e+01
zone-cycles/cpu_second = 2.849844e+06
particle-updates/cpu_second = 0.000000e+00
