
Root grid = 1 x 1 x 1 MeshBlocks
Total number of MeshBlocks = 64
Number of logical  levels of refinement = 2 (3 levels total)
Number of physical levels of refinement = 2 (3 levels total)
  Physical level = 2 (logical level = 2): 64 MeshBlocks, cost = 64
Number of parallel ranks = 1
AssembleZ4cTasks
OnePuncture initialized.
### WARNING in /Users/hz0693/research/gauge_exploration/athenak-telegrapher/src/parameter_input.cpp: input parameter <bhahaha>/bah_num_horizons = 1 was not used by the code (check for a typo)
### WARNING in /Users/hz0693/research/gauge_exploration/athenak-telegrapher/src/parameter_input.cpp: input parameter <bhahaha>/bah_mass_0 = 1.0 was not used by the code (check for a typo)
### WARNING in /Users/hz0693/research/gauge_exploration/athenak-telegrapher/src/parameter_input.cpp: input parameter <bhahaha>/bah_dt = 0.01 was not used by the code (check for a typo)
### WARNING in /Users/hz0693/research/gauge_exploration/athenak-telegrapher/src/parameter_input.cpp: input parameter <bhahaha>/bah_max_itr = 20000 was not used by the code (check for a typo)
### WARNING in /Users/hz0693/research/gauge_exploration/athenak-telegrapher/src/parameter_input.cpp: input parameter <bhahaha>/bah_Theta_Linf_tol = 1e-2 was not used by the code (check for a typo)
### WARNING in /Users/hz0693/research/gauge_exploration/athenak-telegrapher/src/parameter_input.cpp: input parameter <bhahaha>/bah_Theta_L2_tol = 1e-3 was not used by the code (check for a typo)
### WARNING in /Users/hz0693/research/gauge_exploration/athenak-telegrapher/src/parameter_input.cpp: input parameter <bhahaha>/bah_Nr_interp = 256 was not used by the code (check for a typo)
### WARNING in /Users/hz0693/research/gauge_exploration/athenak-telegrapher/src/parameter_input.cpp: input parameter <bhahaha>/bah_max_search_radius = 2.0 was not used by the code (check for a typo)
### WARNING in /Users/hz0693/research/gauge_exploration/athenak-telegrapher/src/parameter_input.cpp: input parameter <bhahaha>/bah_interp_half_width = 4 was not used by the code (check for a typo)
### WARNING in /Users/hz0693/research/gauge_exploration/athenak-telegrapher/src/parameter_input.cpp: input parameter <bhahaha>/bah_num_resolutions_multigrid = 1 was not used by the code (check for a typo)
### WARNING in /Users/hz0693/research/gauge_exploration/athenak-telegrapher/src/parameter_input.cpp: input parameter <bhahaha>/bah_Ntheta_array_multigrid_0 = 32 was not used by the code (check for a typo)
### WARNING in /Users/hz0693/research/gauge_exploration/athenak-telegrapher/src/parameter_input.cpp: input parameter <bhahaha>/bah_Nphi_array_multigrid_0 = 64 was not used by the code (check for a typo)
### WARNING in /Users/hz0693/research/gauge_exploration/athenak-telegrapher/src/parameter_input.cpp: input parameter <bhahaha>/bah_output_shape_every = 50 was not used by the code (check for a typo)
### WARNING in /Users/hz0693/research/gauge_exploration/athenak-telegrapher/src/parameter_input.cpp: input parameter <bhahaha>/bah_verbosity = 0 was not used by the code (check for a typo)
### WARNING in /Users/hz0693/research/gauge_exploration/athenak-telegrapher/src/parameter_input.cpp: input parameter <bhahaha>/bah_initial_dt = 0.0 was not used by the code (check for a typo)
### WARNING in /Users/hz0693/research/gauge_exploration/athenak-telegrapher/src/parameter_input.cpp: input parameter <bhahaha>/bah_cold_start_each_find = false was not used by the code (check for a typo)
### WARNING in /Users/hz0693/research/gauge_exploration/athenak-telegrapher/src/parameter_input.cpp: input parameter <bhahaha>/bah_retry_cold_on_failure = true was not used by the code (check for a typo)

Setup complete, executing task list(s)...

elapsed=2.153071e-01 cycle=0 time=0.000000e+00 dt=2.500000e-02

Terminating on cycle limit
time=0.000000e+00 cycle=0
tlim=2.000000e+01 nlim=0

Current number of MeshBlocks = 64
0 MeshBlocks created, 0 deleted by AMR

MeshBlock-cycles = 0
cpu time used  = 6.449170e-04
zone-cycles/cpu_second = 0.000000e+00
particle-updates/cpu_second = 0.000000e+00
