	Command being timed: "/home/hzhu/Desktop/research/gr/collapse/athenak_horizon_audit_20260808/worktrees/z4c_vc_boundary_convergence_ko_20260824/candidate/build/boundary-ko-host/src/athena -i /home/hzhu/Desktop/research/gr/collapse/athenak_horizon_audit_20260808/worktrees/z4c_vc_boundary_convergence_ko_20260824/candidate/docs/investigations/z4c_vc_boundary_convergence_ko_20260824/brill_vc_rout16_ko.athinput -t 00:10:00 time/nlim=0 time/tlim=0.0 mesh_refinement/amr_history_mode=off mesh_refinement/amr_history_file=UNUSED job/basename=n256_rout16_init problem/constraint_summary_file=n256_rout16_init-constraints.dat"
	User time (seconds): 7.50
	System time (seconds): 4.96
	Percent of CPU this job got: 209%
	Elapsed (wall clock) time (h:mm:ss or m:ss): 0:05.95
	Average shared text size (kbytes): 0
	Average unshared data size (kbytes): 0
	Average stack size (kbytes): 0
	Average total size (kbytes): 0
	Maximum resident set size (kbytes): 12966492
	Average resident set size (kbytes): 0
	Major (requiring I/O) page faults: 0
	Minor (reclaiming a frame) page faults: 3464293
	Voluntary context switches: 237
	Involuntary context switches: 70
	Swaps: 0
	File system inputs: 288
	File system outputs: 68528
	Socket messages sent: 0
	Socket messages received: 0
	Signals delivered: 0
	Page size (bytes): 4096
	Exit status: 0
