
Root grid = 2 x 2 x 2 MeshBlocks
Total number of MeshBlocks = 232
Number of logical  levels of refinement = 5 (6 levels total)
Number of physical levels of refinement = 4 (5 levels total)
  Physical level = 1 (logical level = 2): 56 MeshBlocks, cost = 56
  Physical level = 2 (logical level = 3): 56 MeshBlocks, cost = 56
  Physical level = 3 (logical level = 4): 56 MeshBlocks, cost = 56
  Physical level = 4 (logical level = 5): 64 MeshBlocks, cost = 64
Number of parallel ranks = 1
AssembleZ4cTasks

Setup complete, executing task list(s)...

elapsed=9.539470e-01 cycle=257 time=2.000000e+00 dt=7.812500e-03
elapsed=1.980888e+00 cycle=258 time=2.007812e+00 dt=7.812500e-03
elapsed=2.977597e+00 cycle=259 time=2.015625e+00 dt=7.812500e-03
elapsed=3.910528e+00 cycle=260 time=2.023438e+00 dt=7.812500e-03
elapsed=4.920915e+00 cycle=261 time=2.031250e+00 dt=7.812500e-03
elapsed=5.928582e+00 cycle=262 time=2.039062e+00 dt=7.812500e-03
elapsed=6.892022e+00 cycle=263 time=2.046875e+00 dt=7.812500e-03
elapsed=7.889558e+00 cycle=264 time=2.054688e+00 dt=7.812500e-03
elapsed=8.832093e+00 cycle=265 time=2.062500e+00 dt=7.812500e-03
elapsed=9.723589e+00 cycle=266 time=2.070312e+00 dt=7.812500e-03
elapsed=1.069623e+01 cycle=267 time=2.078125e+00 dt=7.812500e-03
elapsed=1.166553e+01 cycle=268 time=2.085938e+00 dt=7.812500e-03
elapsed=1.264910e+01 cycle=269 time=2.093750e+00 dt=7.812500e-03
elapsed=1.364900e+01 cycle=270 time=2.101562e+00 dt=7.812500e-03
elapsed=1.464553e+01 cycle=271 time=2.109375e+00 dt=7.812500e-03
elapsed=1.564485e+01 cycle=272 time=2.117188e+00 dt=7.812500e-03
elapsed=1.667195e+01 cycle=273 time=2.125000e+00 dt=7.812500e-03
elapsed=1.767958e+01 cycle=274 time=2.132812e+00 dt=7.812500e-03
elapsed=1.868141e+01 cycle=275 time=2.140625e+00 dt=7.812500e-03
elapsed=1.965444e+01 cycle=276 time=2.148438e+00 dt=7.812500e-03
elapsed=2.070856e+01 cycle=277 time=2.156250e+00 dt=7.812500e-03
elapsed=2.168359e+01 cycle=278 time=2.164062e+00 dt=7.812500e-03
elapsed=2.268212e+01 cycle=279 time=2.171875e+00 dt=7.812500e-03
elapsed=2.366632e+01 cycle=280 time=2.179688e+00 dt=7.812500e-03
elapsed=2.467750e+01 cycle=281 time=2.187500e+00 dt=7.812500e-03
elapsed=2.565919e+01 cycle=282 time=2.195312e+00 dt=7.812500e-03
elapsed=2.665139e+01 cycle=283 time=2.203125e+00 dt=7.812500e-03
elapsed=2.768422e+01 cycle=284 time=2.210938e+00 dt=7.812500e-03
elapsed=2.871411e+01 cycle=285 time=2.218750e+00 dt=7.812500e-03
elapsed=2.971395e+01 cycle=286 time=2.226562e+00 dt=7.812500e-03
elapsed=3.071979e+01 cycle=287 time=2.234375e+00 dt=7.812500e-03
elapsed=3.168571e+01 cycle=288 time=2.242188e+00 dt=7.812500e-03
elapsed=3.272593e+01 cycle=289 time=2.250000e+00 dt=7.812500e-03
elapsed=3.369668e+01 cycle=290 time=2.257812e+00 dt=7.812500e-03
elapsed=3.467185e+01 cycle=291 time=2.265625e+00 dt=7.812500e-03
elapsed=3.569430e+01 cycle=292 time=2.273438e+00 dt=7.812500e-03
elapsed=3.668585e+01 cycle=293 time=2.281250e+00 dt=7.812500e-03
elapsed=3.773718e+01 cycle=294 time=2.289062e+00 dt=7.812500e-03
elapsed=3.868765e+01 cycle=295 time=2.296875e+00 dt=7.812500e-03
elapsed=3.965278e+01 cycle=296 time=2.304688e+00 dt=7.812500e-03
elapsed=4.065205e+01 cycle=297 time=2.312500e+00 dt=7.812500e-03
elapsed=4.162549e+01 cycle=298 time=2.320312e+00 dt=7.812500e-03
elapsed=4.265960e+01 cycle=299 time=2.328125e+00 dt=7.812500e-03
elapsed=4.368538e+01 cycle=300 time=2.335938e+00 dt=7.812500e-03
elapsed=4.466872e+01 cycle=301 time=2.343750e+00 dt=7.812500e-03
elapsed=4.567225e+01 cycle=302 time=2.351562e+00 dt=7.812500e-03
elapsed=4.664589e+01 cycle=303 time=2.359375e+00 dt=7.812500e-03
elapsed=4.772189e+01 cycle=304 time=2.367188e+00 dt=7.812500e-03
elapsed=4.874903e+01 cycle=305 time=2.375000e+00 dt=7.812500e-03
elapsed=4.974074e+01 cycle=306 time=2.382812e+00 dt=7.812500e-03
elapsed=5.075341e+01 cycle=307 time=2.390625e+00 dt=7.812500e-03
elapsed=5.173609e+01 cycle=308 time=2.398438e+00 dt=7.812500e-03
elapsed=5.271813e+01 cycle=309 time=2.406250e+00 dt=7.812500e-03
elapsed=5.372424e+01 cycle=310 time=2.414062e+00 dt=7.812500e-03
elapsed=5.479686e+01 cycle=311 time=2.421875e+00 dt=7.812500e-03
elapsed=5.574316e+01 cycle=312 time=2.429688e+00 dt=7.812500e-03
elapsed=5.666449e+01 cycle=313 time=2.437500e+00 dt=7.812500e-03
elapsed=5.767473e+01 cycle=314 time=2.445312e+00 dt=7.812500e-03
elapsed=5.866771e+01 cycle=315 time=2.453125e+00 dt=7.812500e-03
elapsed=5.966920e+01 cycle=316 time=2.460938e+00 dt=7.812500e-03
elapsed=6.060447e+01 cycle=317 time=2.468750e+00 dt=7.812500e-03
elapsed=6.157925e+01 cycle=318 time=2.476562e+00 dt=7.812500e-03
elapsed=6.261544e+01 cycle=319 time=2.484375e+00 dt=7.812500e-03
elapsed=6.361339e+01 cycle=320 time=2.492188e+00 dt=7.812500e-03
elapsed=6.458783e+01 cycle=321 time=2.500000e+00 dt=7.812500e-03
elapsed=6.557523e+01 cycle=322 time=2.507812e+00 dt=7.812500e-03
elapsed=6.661354e+01 cycle=323 time=2.515625e+00 dt=7.812500e-03
elapsed=6.768974e+01 cycle=324 time=2.523438e+00 dt=7.812500e-03
elapsed=6.862767e+01 cycle=325 time=2.531250e+00 dt=7.812500e-03
elapsed=6.962031e+01 cycle=326 time=2.539062e+00 dt=7.812500e-03
elapsed=7.057152e+01 cycle=327 time=2.546875e+00 dt=7.812500e-03
elapsed=7.152355e+01 cycle=328 time=2.554688e+00 dt=7.812500e-03
elapsed=7.258656e+01 cycle=329 time=2.562500e+00 dt=7.812500e-03
elapsed=7.358549e+01 cycle=330 time=2.570312e+00 dt=7.812500e-03
elapsed=7.454330e+01 cycle=331 time=2.578125e+00 dt=7.812500e-03
elapsed=7.550310e+01 cycle=332 time=2.585938e+00 dt=7.812500e-03
elapsed=7.649383e+01 cycle=333 time=2.593750e+00 dt=7.812500e-03
elapsed=7.750255e+01 cycle=334 time=2.601562e+00 dt=7.812500e-03
elapsed=7.847522e+01 cycle=335 time=2.609375e+00 dt=7.812500e-03
elapsed=7.945791e+01 cycle=336 time=2.617188e+00 dt=7.812500e-03
elapsed=8.043486e+01 cycle=337 time=2.625000e+00 dt=7.812500e-03
elapsed=8.138411e+01 cycle=338 time=2.632812e+00 dt=7.812500e-03
elapsed=8.239598e+01 cycle=339 time=2.640625e+00 dt=7.812500e-03
elapsed=8.339003e+01 cycle=340 time=2.648438e+00 dt=7.812500e-03
elapsed=8.442811e+01 cycle=341 time=2.656250e+00 dt=7.812500e-03
elapsed=8.536798e+01 cycle=342 time=2.664062e+00 dt=7.812500e-03
elapsed=8.630766e+01 cycle=343 time=2.671875e+00 dt=7.812500e-03
elapsed=8.730214e+01 cycle=344 time=2.679688e+00 dt=7.812500e-03
elapsed=8.823496e+01 cycle=345 time=2.687500e+00 dt=7.812500e-03
elapsed=8.918356e+01 cycle=346 time=2.695312e+00 dt=7.812500e-03
elapsed=9.015038e+01 cycle=347 time=2.703125e+00 dt=7.812500e-03
elapsed=9.114972e+01 cycle=348 time=2.710938e+00 dt=7.812500e-03
elapsed=9.214638e+01 cycle=349 time=2.718750e+00 dt=7.812500e-03
elapsed=9.309840e+01 cycle=350 time=2.726562e+00 dt=7.812500e-03
elapsed=9.411470e+01 cycle=351 time=2.734375e+00 dt=7.812500e-03
elapsed=9.503746e+01 cycle=352 time=2.742188e+00 dt=7.812500e-03
elapsed=9.598064e+01 cycle=353 time=2.750000e+00 dt=7.812500e-03
elapsed=9.701534e+01 cycle=354 time=2.757812e+00 dt=7.812500e-03
elapsed=9.800137e+01 cycle=355 time=2.765625e+00 dt=7.812500e-03
elapsed=9.904929e+01 cycle=356 time=2.773438e+00 dt=7.812500e-03
elapsed=1.000430e+02 cycle=357 time=2.781250e+00 dt=7.812500e-03
elapsed=1.009791e+02 cycle=358 time=2.789062e+00 dt=7.812500e-03
elapsed=1.019760e+02 cycle=359 time=2.796875e+00 dt=7.812500e-03
elapsed=1.030633e+02 cycle=360 time=2.804688e+00 dt=7.812500e-03
elapsed=1.040463e+02 cycle=361 time=2.812500e+00 dt=7.812500e-03
elapsed=1.050906e+02 cycle=362 time=2.820312e+00 dt=7.812500e-03
elapsed=1.061204e+02 cycle=363 time=2.828125e+00 dt=7.812500e-03
elapsed=1.071591e+02 cycle=364 time=2.835938e+00 dt=7.812500e-03
elapsed=1.082990e+02 cycle=365 time=2.843750e+00 dt=7.812500e-03
elapsed=1.092782e+02 cycle=366 time=2.851562e+00 dt=7.812500e-03
elapsed=1.102567e+02 cycle=367 time=2.859375e+00 dt=7.812500e-03
elapsed=1.112764e+02 cycle=368 time=2.867188e+00 dt=7.812500e-03
elapsed=1.122975e+02 cycle=369 time=2.875000e+00 dt=7.812500e-03
elapsed=1.132552e+02 cycle=370 time=2.882812e+00 dt=7.812500e-03
elapsed=1.141850e+02 cycle=371 time=2.890625e+00 dt=7.812500e-03
elapsed=1.151239e+02 cycle=372 time=2.898438e+00 dt=7.812500e-03
elapsed=1.160991e+02 cycle=373 time=2.906250e+00 dt=7.812500e-03
elapsed=1.171259e+02 cycle=374 time=2.914062e+00 dt=7.812500e-03
elapsed=1.181361e+02 cycle=375 time=2.921875e+00 dt=7.812500e-03
elapsed=1.191319e+02 cycle=376 time=2.929688e+00 dt=7.812500e-03
elapsed=1.201408e+02 cycle=377 time=2.937500e+00 dt=7.812500e-03
elapsed=1.211382e+02 cycle=378 time=2.945312e+00 dt=7.812500e-03
elapsed=1.221641e+02 cycle=379 time=2.953125e+00 dt=7.812500e-03
elapsed=1.232048e+02 cycle=380 time=2.960938e+00 dt=7.812500e-03
elapsed=1.241791e+02 cycle=381 time=2.968750e+00 dt=7.812500e-03
elapsed=1.251971e+02 cycle=382 time=2.976562e+00 dt=7.812500e-03
elapsed=1.262737e+02 cycle=383 time=2.984375e+00 dt=7.812500e-03
elapsed=1.272576e+02 cycle=384 time=2.992188e+00 dt=7.812500e-03
elapsed=1.282078e+02 cycle=385 time=3.000000e+00 dt=7.812500e-03
elapsed=1.291593e+02 cycle=386 time=3.007812e+00 dt=7.812500e-03
elapsed=1.301006e+02 cycle=387 time=3.015625e+00 dt=7.812500e-03
elapsed=1.310684e+02 cycle=388 time=3.023438e+00 dt=7.812500e-03
elapsed=1.320294e+02 cycle=389 time=3.031250e+00 dt=7.812500e-03
elapsed=1.329939e+02 cycle=390 time=3.039062e+00 dt=7.812500e-03
elapsed=1.339788e+02 cycle=391 time=3.046875e+00 dt=7.812500e-03
elapsed=1.349562e+02 cycle=392 time=3.054688e+00 dt=7.812500e-03
elapsed=1.359607e+02 cycle=393 time=3.062500e+00 dt=7.812500e-03
elapsed=1.368887e+02 cycle=394 time=3.070312e+00 dt=7.812500e-03
elapsed=1.378600e+02 cycle=395 time=3.078125e+00 dt=7.812500e-03
elapsed=1.390052e+02 cycle=396 time=3.085938e+00 dt=7.812500e-03
elapsed=1.400620e+02 cycle=397 time=3.093750e+00 dt=7.812500e-03
elapsed=1.411638e+02 cycle=398 time=3.101562e+00 dt=7.812500e-03
elapsed=1.421711e+02 cycle=399 time=3.109375e+00 dt=7.812500e-03
elapsed=1.431388e+02 cycle=400 time=3.117188e+00 dt=7.812500e-03
elapsed=1.441659e+02 cycle=401 time=3.125000e+00 dt=7.812500e-03
elapsed=1.451325e+02 cycle=402 time=3.132812e+00 dt=7.812500e-03
elapsed=1.461424e+02 cycle=403 time=3.140625e+00 dt=7.812500e-03
elapsed=1.470695e+02 cycle=404 time=3.148438e+00 dt=7.812500e-03
elapsed=1.480165e+02 cycle=405 time=3.156250e+00 dt=7.812500e-03
elapsed=1.490643e+02 cycle=406 time=3.164062e+00 dt=7.812500e-03
elapsed=1.501065e+02 cycle=407 time=3.171875e+00 dt=7.812500e-03
elapsed=1.511729e+02 cycle=408 time=3.179688e+00 dt=7.812500e-03
elapsed=1.522117e+02 cycle=409 time=3.187500e+00 dt=7.812500e-03
elapsed=1.532661e+02 cycle=410 time=3.195312e+00 dt=7.812500e-03
elapsed=1.542546e+02 cycle=411 time=3.203125e+00 dt=7.812500e-03
elapsed=1.552166e+02 cycle=412 time=3.210938e+00 dt=7.812500e-03
elapsed=1.562530e+02 cycle=413 time=3.218750e+00 dt=7.812500e-03
elapsed=1.572563e+02 cycle=414 time=3.226562e+00 dt=7.812500e-03
elapsed=1.582332e+02 cycle=415 time=3.234375e+00 dt=7.812500e-03
elapsed=1.592048e+02 cycle=416 time=3.242188e+00 dt=7.812500e-03
elapsed=1.601728e+02 cycle=417 time=3.250000e+00 dt=7.812500e-03
elapsed=1.612026e+02 cycle=418 time=3.257812e+00 dt=7.812500e-03
elapsed=1.621742e+02 cycle=419 time=3.265625e+00 dt=7.812500e-03
elapsed=1.632525e+02 cycle=420 time=3.273438e+00 dt=7.812500e-03
elapsed=1.642696e+02 cycle=421 time=3.281250e+00 dt=7.812500e-03
elapsed=1.653487e+02 cycle=422 time=3.289062e+00 dt=7.812500e-03
elapsed=1.663924e+02 cycle=423 time=3.296875e+00 dt=7.812500e-03
elapsed=1.673496e+02 cycle=424 time=3.304688e+00 dt=7.812500e-03
elapsed=1.683549e+02 cycle=425 time=3.312500e+00 dt=7.812500e-03
elapsed=1.693761e+02 cycle=426 time=3.320312e+00 dt=7.812500e-03
elapsed=1.704274e+02 cycle=427 time=3.328125e+00 dt=7.812500e-03
elapsed=1.714123e+02 cycle=428 time=3.335938e+00 dt=7.812500e-03
elapsed=1.723918e+02 cycle=429 time=3.343750e+00 dt=7.812500e-03
elapsed=1.734459e+02 cycle=430 time=3.351562e+00 dt=7.812500e-03
elapsed=1.744038e+02 cycle=431 time=3.359375e+00 dt=7.812500e-03
elapsed=1.753418e+02 cycle=432 time=3.367188e+00 dt=7.812500e-03
elapsed=1.763735e+02 cycle=433 time=3.375000e+00 dt=7.812500e-03
elapsed=1.773988e+02 cycle=434 time=3.382812e+00 dt=7.812500e-03
elapsed=1.783954e+02 cycle=435 time=3.390625e+00 dt=7.812500e-03
elapsed=1.794232e+02 cycle=436 time=3.398438e+00 dt=7.812500e-03
elapsed=1.804576e+02 cycle=437 time=3.406250e+00 dt=7.812500e-03
elapsed=1.814481e+02 cycle=438 time=3.414062e+00 dt=7.812500e-03
elapsed=1.824366e+02 cycle=439 time=3.421875e+00 dt=7.812500e-03
elapsed=1.834438e+02 cycle=440 time=3.429688e+00 dt=7.812500e-03
elapsed=1.843855e+02 cycle=441 time=3.437500e+00 dt=7.812500e-03
elapsed=1.854241e+02 cycle=442 time=3.445312e+00 dt=7.812500e-03
elapsed=1.864311e+02 cycle=443 time=3.453125e+00 dt=7.812500e-03
elapsed=1.874548e+02 cycle=444 time=3.460938e+00 dt=7.812500e-03
elapsed=1.884533e+02 cycle=445 time=3.468750e+00 dt=7.812500e-03
elapsed=1.894328e+02 cycle=446 time=3.476562e+00 dt=7.812500e-03
elapsed=1.904892e+02 cycle=447 time=3.484375e+00 dt=7.812500e-03
elapsed=1.914966e+02 cycle=448 time=3.492188e+00 dt=7.812500e-03
elapsed=1.926015e+02 cycle=449 time=3.500000e+00 dt=7.812500e-03
elapsed=1.936334e+02 cycle=450 time=3.507812e+00 dt=7.812500e-03
elapsed=1.946338e+02 cycle=451 time=3.515625e+00 dt=7.812500e-03
elapsed=1.955951e+02 cycle=452 time=3.523438e+00 dt=7.812500e-03
elapsed=1.966766e+02 cycle=453 time=3.531250e+00 dt=7.812500e-03
elapsed=1.977016e+02 cycle=454 time=3.539062e+00 dt=7.812500e-03
elapsed=1.987263e+02 cycle=455 time=3.546875e+00 dt=7.812500e-03
elapsed=1.998018e+02 cycle=456 time=3.554688e+00 dt=7.812500e-03
elapsed=2.008736e+02 cycle=457 time=3.562500e+00 dt=7.812500e-03
elapsed=2.018753e+02 cycle=458 time=3.570312e+00 dt=7.812500e-03
elapsed=2.029235e+02 cycle=459 time=3.578125e+00 dt=7.812500e-03
elapsed=2.038663e+02 cycle=460 time=3.585938e+00 dt=7.812500e-03
elapsed=2.048221e+02 cycle=461 time=3.593750e+00 dt=7.812500e-03
elapsed=2.058211e+02 cycle=462 time=3.601562e+00 dt=7.812500e-03
elapsed=2.067700e+02 cycle=463 time=3.609375e+00 dt=7.812500e-03
elapsed=2.078398e+02 cycle=464 time=3.617188e+00 dt=7.812500e-03
elapsed=2.088114e+02 cycle=465 time=3.625000e+00 dt=7.812500e-03
elapsed=2.097409e+02 cycle=466 time=3.632812e+00 dt=7.812500e-03
elapsed=2.106969e+02 cycle=467 time=3.640625e+00 dt=7.812500e-03
elapsed=2.116784e+02 cycle=468 time=3.648438e+00 dt=7.812500e-03
elapsed=2.127200e+02 cycle=469 time=3.656250e+00 dt=7.812500e-03
elapsed=2.136756e+02 cycle=470 time=3.664062e+00 dt=7.812500e-03
elapsed=2.145819e+02 cycle=471 time=3.671875e+00 dt=7.812500e-03
elapsed=2.155271e+02 cycle=472 time=3.679688e+00 dt=7.812500e-03
elapsed=2.165588e+02 cycle=473 time=3.687500e+00 dt=7.812500e-03
elapsed=2.175776e+02 cycle=474 time=3.695312e+00 dt=7.812500e-03
elapsed=2.185821e+02 cycle=475 time=3.703125e+00 dt=7.812500e-03
elapsed=2.195346e+02 cycle=476 time=3.710938e+00 dt=7.812500e-03
elapsed=2.204619e+02 cycle=477 time=3.718750e+00 dt=7.812500e-03
elapsed=2.214543e+02 cycle=478 time=3.726562e+00 dt=7.812500e-03
elapsed=2.224508e+02 cycle=479 time=3.734375e+00 dt=7.812500e-03
elapsed=2.234254e+02 cycle=480 time=3.742188e+00 dt=7.812500e-03
elapsed=2.243526e+02 cycle=481 time=3.750000e+00 dt=7.812500e-03
elapsed=2.253780e+02 cycle=482 time=3.757812e+00 dt=7.812500e-03
elapsed=2.263457e+02 cycle=483 time=3.765625e+00 dt=7.812500e-03
elapsed=2.273698e+02 cycle=484 time=3.773438e+00 dt=7.812500e-03
elapsed=2.283309e+02 cycle=485 time=3.781250e+00 dt=7.812500e-03
elapsed=2.293292e+02 cycle=486 time=3.789062e+00 dt=7.812500e-03
elapsed=2.303826e+02 cycle=487 time=3.796875e+00 dt=7.812500e-03
elapsed=2.314612e+02 cycle=488 time=3.804688e+00 dt=7.812500e-03
elapsed=2.325157e+02 cycle=489 time=3.812500e+00 dt=7.812500e-03
elapsed=2.335197e+02 cycle=490 time=3.820312e+00 dt=7.812500e-03
elapsed=2.345266e+02 cycle=491 time=3.828125e+00 dt=7.812500e-03
elapsed=2.355169e+02 cycle=492 time=3.835938e+00 dt=7.812500e-03
elapsed=2.364713e+02 cycle=493 time=3.843750e+00 dt=7.812500e-03
elapsed=2.374893e+02 cycle=494 time=3.851562e+00 dt=7.812500e-03
elapsed=2.384569e+02 cycle=495 time=3.859375e+00 dt=7.812500e-03
elapsed=2.394700e+02 cycle=496 time=3.867188e+00 dt=7.812500e-03
elapsed=2.404637e+02 cycle=497 time=3.875000e+00 dt=7.812500e-03
elapsed=2.414569e+02 cycle=498 time=3.882812e+00 dt=7.812500e-03
elapsed=2.424687e+02 cycle=499 time=3.890625e+00 dt=7.812500e-03
elapsed=2.434781e+02 cycle=500 time=3.898438e+00 dt=7.812500e-03
elapsed=2.445177e+02 cycle=501 time=3.906250e+00 dt=7.812500e-03
elapsed=2.455555e+02 cycle=502 time=3.914062e+00 dt=7.812500e-03
elapsed=2.465931e+02 cycle=503 time=3.921875e+00 dt=7.812500e-03
elapsed=2.475765e+02 cycle=504 time=3.929688e+00 dt=7.812500e-03
elapsed=2.485659e+02 cycle=505 time=3.937500e+00 dt=7.812500e-03
elapsed=2.495263e+02 cycle=506 time=3.945312e+00 dt=7.812500e-03
elapsed=2.505154e+02 cycle=507 time=3.953125e+00 dt=7.812500e-03
elapsed=2.514261e+02 cycle=508 time=3.960938e+00 dt=7.812500e-03
elapsed=2.524496e+02 cycle=509 time=3.968750e+00 dt=7.812500e-03
elapsed=2.534053e+02 cycle=510 time=3.976562e+00 dt=7.812500e-03
elapsed=2.543533e+02 cycle=511 time=3.984375e+00 dt=7.812500e-03
elapsed=2.553756e+02 cycle=512 time=3.992188e+00 dt=7.812500e-03
elapsed=2.563142e+02 cycle=513 time=4.000000e+00 dt=7.812500e-03
elapsed=2.573028e+02 cycle=514 time=4.007812e+00 dt=7.812500e-03
elapsed=2.582262e+02 cycle=515 time=4.015625e+00 dt=7.812500e-03
elapsed=2.591954e+02 cycle=516 time=4.023438e+00 dt=7.812500e-03
elapsed=2.601929e+02 cycle=517 time=4.031250e+00 dt=7.812500e-03
elapsed=2.612208e+02 cycle=518 time=4.039062e+00 dt=7.812500e-03
elapsed=2.622822e+02 cycle=519 time=4.046875e+00 dt=7.812500e-03
elapsed=2.632979e+02 cycle=520 time=4.054688e+00 dt=7.812500e-03
elapsed=2.642330e+02 cycle=521 time=4.062500e+00 dt=7.812500e-03
elapsed=2.652491e+02 cycle=522 time=4.070312e+00 dt=7.812500e-03
elapsed=2.662745e+02 cycle=523 time=4.078125e+00 dt=7.812500e-03
elapsed=2.673226e+02 cycle=524 time=4.085938e+00 dt=7.812500e-03
elapsed=2.683216e+02 cycle=525 time=4.093750e+00 dt=7.812500e-03
elapsed=2.692950e+02 cycle=526 time=4.101562e+00 dt=7.812500e-03
elapsed=2.703048e+02 cycle=527 time=4.109375e+00 dt=7.812500e-03
elapsed=2.713421e+02 cycle=528 time=4.117188e+00 dt=7.812500e-03
elapsed=2.723999e+02 cycle=529 time=4.125000e+00 dt=7.812500e-03
elapsed=2.734048e+02 cycle=530 time=4.132812e+00 dt=7.812500e-03
elapsed=2.744651e+02 cycle=531 time=4.140625e+00 dt=7.812500e-03
elapsed=2.754977e+02 cycle=532 time=4.148438e+00 dt=7.812500e-03
elapsed=2.765151e+02 cycle=533 time=4.156250e+00 dt=7.812500e-03
elapsed=2.775879e+02 cycle=534 time=4.164062e+00 dt=7.812500e-03
elapsed=2.786093e+02 cycle=535 time=4.171875e+00 dt=7.812500e-03
elapsed=2.795854e+02 cycle=536 time=4.179688e+00 dt=7.812500e-03
elapsed=2.805976e+02 cycle=537 time=4.187500e+00 dt=7.812500e-03
elapsed=2.816382e+02 cycle=538 time=4.195312e+00 dt=7.812500e-03
elapsed=2.827432e+02 cycle=539 time=4.203125e+00 dt=7.812500e-03
elapsed=2.837248e+02 cycle=540 time=4.210938e+00 dt=7.812500e-03
elapsed=2.847335e+02 cycle=541 time=4.218750e+00 dt=7.812500e-03
elapsed=2.857130e+02 cycle=542 time=4.226562e+00 dt=7.812500e-03
elapsed=2.866898e+02 cycle=543 time=4.234375e+00 dt=7.812500e-03
elapsed=2.876969e+02 cycle=544 time=4.242188e+00 dt=7.812500e-03
elapsed=2.886684e+02 cycle=545 time=4.250000e+00 dt=7.812500e-03
elapsed=2.896670e+02 cycle=546 time=4.257812e+00 dt=7.812500e-03
elapsed=2.906733e+02 cycle=547 time=4.265625e+00 dt=7.812500e-03
elapsed=2.916155e+02 cycle=548 time=4.273438e+00 dt=7.812500e-03
elapsed=2.925953e+02 cycle=549 time=4.281250e+00 dt=7.812500e-03
elapsed=2.936262e+02 cycle=550 time=4.289062e+00 dt=7.812500e-03
elapsed=2.946065e+02 cycle=551 time=4.296875e+00 dt=7.812500e-03
elapsed=2.956794e+02 cycle=552 time=4.304688e+00 dt=7.812500e-03
elapsed=2.966762e+02 cycle=553 time=4.312500e+00 dt=7.812500e-03
elapsed=2.976239e+02 cycle=554 time=4.320312e+00 dt=7.812500e-03
elapsed=2.985876e+02 cycle=555 time=4.328125e+00 dt=7.812500e-03
elapsed=2.995550e+02 cycle=556 time=4.335938e+00 dt=7.812500e-03
elapsed=3.005998e+02 cycle=557 time=4.343750e+00 dt=7.812500e-03
elapsed=3.015829e+02 cycle=558 time=4.351562e+00 dt=7.812500e-03
elapsed=3.025494e+02 cycle=559 time=4.359375e+00 dt=7.812500e-03
elapsed=3.035438e+02 cycle=560 time=4.367188e+00 dt=7.812500e-03
elapsed=3.045528e+02 cycle=561 time=4.375000e+00 dt=7.812500e-03
elapsed=3.055745e+02 cycle=562 time=4.382812e+00 dt=7.812500e-03
elapsed=3.065746e+02 cycle=563 time=4.390625e+00 dt=7.812500e-03
elapsed=3.075567e+02 cycle=564 time=4.398438e+00 dt=7.812500e-03
elapsed=3.085600e+02 cycle=565 time=4.406250e+00 dt=7.812500e-03
elapsed=3.094921e+02 cycle=566 time=4.414062e+00 dt=7.812500e-03
elapsed=3.105071e+02 cycle=567 time=4.421875e+00 dt=7.812500e-03
elapsed=3.114509e+02 cycle=568 time=4.429688e+00 dt=7.812500e-03
elapsed=3.123870e+02 cycle=569 time=4.437500e+00 dt=7.812500e-03
elapsed=3.133155e+02 cycle=570 time=4.445312e+00 dt=7.812500e-03
elapsed=3.142269e+02 cycle=571 time=4.453125e+00 dt=7.812500e-03
elapsed=3.152373e+02 cycle=572 time=4.460938e+00 dt=7.812500e-03
elapsed=3.161847e+02 cycle=573 time=4.468750e+00 dt=7.812500e-03
elapsed=3.171845e+02 cycle=574 time=4.476562e+00 dt=7.812500e-03
elapsed=3.180855e+02 cycle=575 time=4.484375e+00 dt=7.812500e-03
elapsed=3.190889e+02 cycle=576 time=4.492188e+00 dt=7.812500e-03
elapsed=3.200952e+02 cycle=577 time=4.500000e+00 dt=7.812500e-03
elapsed=3.211256e+02 cycle=578 time=4.507812e+00 dt=7.812500e-03
elapsed=3.220614e+02 cycle=579 time=4.515625e+00 dt=7.812500e-03
elapsed=3.230194e+02 cycle=580 time=4.523438e+00 dt=7.812500e-03
elapsed=3.240453e+02 cycle=581 time=4.531250e+00 dt=7.812500e-03
elapsed=3.249998e+02 cycle=582 time=4.539062e+00 dt=7.812500e-03
elapsed=3.259787e+02 cycle=583 time=4.546875e+00 dt=7.812500e-03
elapsed=3.269545e+02 cycle=584 time=4.554688e+00 dt=7.812500e-03
elapsed=3.279320e+02 cycle=585 time=4.562500e+00 dt=7.812500e-03
elapsed=3.289954e+02 cycle=586 time=4.570312e+00 dt=7.812500e-03
elapsed=3.299568e+02 cycle=587 time=4.578125e+00 dt=7.812500e-03
elapsed=3.309995e+02 cycle=588 time=4.585938e+00 dt=7.812500e-03
elapsed=3.319663e+02 cycle=589 time=4.593750e+00 dt=7.812500e-03
elapsed=3.330324e+02 cycle=590 time=4.601562e+00 dt=7.812500e-03
elapsed=3.340198e+02 cycle=591 time=4.609375e+00 dt=7.812500e-03
elapsed=3.350294e+02 cycle=592 time=4.617188e+00 dt=7.812500e-03
elapsed=3.360530e+02 cycle=593 time=4.625000e+00 dt=7.812500e-03
elapsed=3.370359e+02 cycle=594 time=4.632812e+00 dt=7.812500e-03
elapsed=3.379635e+02 cycle=595 time=4.640625e+00 dt=7.812500e-03
elapsed=3.389296e+02 cycle=596 time=4.648438e+00 dt=7.812500e-03
elapsed=3.399951e+02 cycle=597 time=4.656250e+00 dt=7.812500e-03
elapsed=3.410353e+02 cycle=598 time=4.664062e+00 dt=7.812500e-03
elapsed=3.420507e+02 cycle=599 time=4.671875e+00 dt=7.812500e-03
elapsed=3.430565e+02 cycle=600 time=4.679688e+00 dt=7.812500e-03
elapsed=3.440434e+02 cycle=601 time=4.687500e+00 dt=7.812500e-03
elapsed=3.450594e+02 cycle=602 time=4.695312e+00 dt=7.812500e-03
elapsed=3.460788e+02 cycle=603 time=4.703125e+00 dt=7.812500e-03
elapsed=3.470817e+02 cycle=604 time=4.710938e+00 dt=7.812500e-03
elapsed=3.481343e+02 cycle=605 time=4.718750e+00 dt=7.812500e-03
elapsed=3.491303e+02 cycle=606 time=4.726562e+00 dt=7.812500e-03
elapsed=3.500961e+02 cycle=607 time=4.734375e+00 dt=7.812500e-03
elapsed=3.510776e+02 cycle=608 time=4.742188e+00 dt=7.812500e-03
elapsed=3.520799e+02 cycle=609 time=4.750000e+00 dt=7.812500e-03
elapsed=3.531201e+02 cycle=610 time=4.757812e+00 dt=7.812500e-03
elapsed=3.541192e+02 cycle=611 time=4.765625e+00 dt=7.812500e-03
elapsed=3.551320e+02 cycle=612 time=4.773438e+00 dt=7.812500e-03
elapsed=3.560887e+02 cycle=613 time=4.781250e+00 dt=7.812500e-03
elapsed=3.571500e+02 cycle=614 time=4.789062e+00 dt=7.812500e-03
elapsed=3.581612e+02 cycle=615 time=4.796875e+00 dt=7.812500e-03
elapsed=3.591462e+02 cycle=616 time=4.804688e+00 dt=7.812500e-03
elapsed=3.601786e+02 cycle=617 time=4.812500e+00 dt=7.812500e-03
elapsed=3.611356e+02 cycle=618 time=4.820312e+00 dt=7.812500e-03
elapsed=3.621680e+02 cycle=619 time=4.828125e+00 dt=7.812500e-03
elapsed=3.632144e+02 cycle=620 time=4.835938e+00 dt=7.812500e-03
elapsed=3.642110e+02 cycle=621 time=4.843750e+00 dt=7.812500e-03
elapsed=3.651867e+02 cycle=622 time=4.851562e+00 dt=7.812500e-03
elapsed=3.661820e+02 cycle=623 time=4.859375e+00 dt=7.812500e-03
elapsed=3.671921e+02 cycle=624 time=4.867188e+00 dt=7.812500e-03
elapsed=3.682037e+02 cycle=625 time=4.875000e+00 dt=7.812500e-03
elapsed=3.691931e+02 cycle=626 time=4.882812e+00 dt=7.812500e-03
elapsed=3.702178e+02 cycle=627 time=4.890625e+00 dt=7.812500e-03
elapsed=3.712258e+02 cycle=628 time=4.898438e+00 dt=7.812500e-03
elapsed=3.721494e+02 cycle=629 time=4.906250e+00 dt=7.812500e-03
elapsed=3.730460e+02 cycle=630 time=4.914062e+00 dt=7.812500e-03
elapsed=3.740748e+02 cycle=631 time=4.921875e+00 dt=7.812500e-03
elapsed=3.751242e+02 cycle=632 time=4.929688e+00 dt=7.812500e-03
elapsed=3.761625e+02 cycle=633 time=4.937500e+00 dt=7.812500e-03
elapsed=3.772074e+02 cycle=634 time=4.945312e+00 dt=7.812500e-03
elapsed=3.781731e+02 cycle=635 time=4.953125e+00 dt=7.812500e-03
elapsed=3.791020e+02 cycle=636 time=4.960938e+00 dt=7.812500e-03
elapsed=3.800548e+02 cycle=637 time=4.968750e+00 dt=7.812500e-03
elapsed=3.811170e+02 cycle=638 time=4.976562e+00 dt=7.812500e-03
elapsed=3.821147e+02 cycle=639 time=4.984375e+00 dt=7.812500e-03
elapsed=3.830615e+02 cycle=640 time=4.992188e+00 dt=7.812500e-03
elapsed=3.841928e+02 cycle=641 time=5.000000e+00 dt=7.812500e-03

Terminating on time limit
time=5.000000e+00 cycle=641
tlim=5.000000e+00 nlim=-1

MeshBlock-cycles = 89088
cpu time used  = 3.832389e+02
zone-cycles/cpu_second = 1.190199e+05
particle-updates/cpu_second = 0.000000e+00
