### WARNING in /lus/flare/projects/CompactBinaryMerger/hzhu/refgh_transition_path_20260823T0225Z_dc7a408/src/src/mesh/load_balance.cpp at line 83
Number of MeshBlocks cannot be divided evenly by number of MPI ranks. This will result in poor load balancing.

Root grid = 3 x 3 x 3 MeshBlocks
Total number of MeshBlocks = 34
Number of logical  levels of refinement = 3 (4 levels total)
Number of physical levels of refinement = 1 (2 levels total)
Number of parallel ranks = 12
  Rank = 0: 2 MeshBlocks, cost = 2
  Rank = 1: 2 MeshBlocks, cost = 2
  Rank = 2: 3 MeshBlocks, cost = 3
  Rank = 3: 3 MeshBlocks, cost = 3
  Rank = 4: 3 MeshBlocks, cost = 3
  Rank = 5: 3 MeshBlocks, cost = 3
  Rank = 6: 3 MeshBlocks, cost = 3
  Rank = 7: 3 MeshBlocks, cost = 3
  Rank = 8: 3 MeshBlocks, cost = 3
  Rank = 9: 3 MeshBlocks, cost = 3
  Rank = 10: 3 MeshBlocks, cost = 3
  Rank = 11: 3 MeshBlocks, cost = 3
Load Balancing:
  Maximum normalized cost = 1.5, Average = 1.41667
### WARNING in /lus/flare/projects/CompactBinaryMerger/hzhu/refgh_transition_path_20260823T0225Z_dc7a408/src/src/parameter_input.cpp: input parameter <mesh_refinement>/num_levels = 2 was not used by the code (check for a typo)
### WARNING in /lus/flare/projects/CompactBinaryMerger/hzhu/refgh_transition_path_20260823T0225Z_dc7a408/src/src/parameter_input.cpp: input parameter <mesh_refinement>/max_nmb_per_rank = 128 was not used by the code (check for a typo)
### WARNING in /lus/flare/projects/CompactBinaryMerger/hzhu/refgh_transition_path_20260823T0225Z_dc7a408/src/src/parameter_input.cpp: input parameter <refined_region1>/level = 1 was not used by the code (check for a typo)
### WARNING in /lus/flare/projects/CompactBinaryMerger/hzhu/refgh_transition_path_20260823T0225Z_dc7a408/src/src/parameter_input.cpp: input parameter <refined_region1>/x1min = -2.0 was not used by the code (check for a typo)
### WARNING in /lus/flare/projects/CompactBinaryMerger/hzhu/refgh_transition_path_20260823T0225Z_dc7a408/src/src/parameter_input.cpp: input parameter <refined_region1>/x1max = 2.0 was not used by the code (check for a typo)
### WARNING in /lus/flare/projects/CompactBinaryMerger/hzhu/refgh_transition_path_20260823T0225Z_dc7a408/src/src/parameter_input.cpp: input parameter <refined_region1>/x2min = -2.0 was not used by the code (check for a typo)
### WARNING in /lus/flare/projects/CompactBinaryMerger/hzhu/refgh_transition_path_20260823T0225Z_dc7a408/src/src/parameter_input.cpp: input parameter <refined_region1>/x2max = 2.0 was not used by the code (check for a typo)
### WARNING in /lus/flare/projects/CompactBinaryMerger/hzhu/refgh_transition_path_20260823T0225Z_dc7a408/src/src/parameter_input.cpp: input parameter <refined_region1>/x3min = -2.0 was not used by the code (check for a typo)
### WARNING in /lus/flare/projects/CompactBinaryMerger/hzhu/refgh_transition_path_20260823T0225Z_dc7a408/src/src/parameter_input.cpp: input parameter <refined_region1>/x3max = 2.0 was not used by the code (check for a typo)
### WARNING in /lus/flare/projects/CompactBinaryMerger/hzhu/refgh_transition_path_20260823T0225Z_dc7a408/src/src/parameter_input.cpp: input parameter <time>/start_time = 0 was not used by the code (check for a typo)

Setup complete, executing task list(s)...

elapsed=2.299304e+01 cycle=620 time=2.219585e+00 dt=3.579738e-03
elapsed=6.127078e+01 cycle=630 time=2.255380e+00 dt=3.579256e-03
elapsed=9.880100e+01 cycle=640 time=2.291171e+00 dt=3.578762e-03
elapsed=1.368929e+02 cycle=650 time=2.326956e+00 dt=3.578256e-03
elapsed=1.750529e+02 cycle=660 time=2.362736e+00 dt=3.577737e-03
elapsed=2.127431e+02 cycle=670 time=2.398511e+00 dt=3.577206e-03
elapsed=2.508754e+02 cycle=680 time=2.434281e+00 dt=3.576663e-03
elapsed=2.889805e+02 cycle=690 time=2.470045e+00 dt=3.576106e-03
elapsed=3.271414e+02 cycle=700 time=2.505804e+00 dt=3.575537e-03
elapsed=3.647347e+02 cycle=710 time=2.541556e+00 dt=3.574955e-03
elapsed=4.029759e+02 cycle=720 time=2.577303e+00 dt=3.574360e-03
elapsed=4.412132e+02 cycle=730 time=2.613044e+00 dt=3.573752e-03
elapsed=4.787724e+02 cycle=740 time=2.648779e+00 dt=3.573131e-03
elapsed=5.169372e+02 cycle=750 time=2.684507e+00 dt=3.572496e-03
elapsed=5.550847e+02 cycle=760 time=2.720229e+00 dt=3.571848e-03
elapsed=5.932404e+02 cycle=770 time=2.755945e+00 dt=3.571186e-03
elapsed=6.309258e+02 cycle=780 time=2.791654e+00 dt=3.570510e-03
elapsed=6.691951e+02 cycle=790 time=2.827356e+00 dt=3.569821e-03
elapsed=7.074171e+02 cycle=800 time=2.863051e+00 dt=3.569118e-03
elapsed=7.449930e+02 cycle=810 time=2.898739e+00 dt=3.568401e-03
elapsed=7.831561e+02 cycle=820 time=2.934419e+00 dt=3.567670e-03
elapsed=8.213688e+02 cycle=830 time=2.970093e+00 dt=3.566925e-03
elapsed=8.634436e+02 cycle=840 time=3.005759e+00 dt=3.566166e-03
elapsed=9.011208e+02 cycle=850 time=3.041417e+00 dt=3.565392e-03
elapsed=9.394009e+02 cycle=860 time=3.077067e+00 dt=3.564604e-03
elapsed=9.775891e+02 cycle=870 time=3.112710e+00 dt=3.563802e-03
elapsed=1.015153e+03 cycle=880 time=3.148344e+00 dt=3.562985e-03
elapsed=1.053290e+03 cycle=890 time=3.183970e+00 dt=3.562153e-03
elapsed=1.091457e+03 cycle=900 time=3.219588e+00 dt=3.561307e-03
elapsed=1.129690e+03 cycle=910 time=3.255197e+00 dt=3.560446e-03
elapsed=1.167113e+03 cycle=920 time=3.290798e+00 dt=3.559570e-03
elapsed=1.205266e+03 cycle=930 time=3.326389e+00 dt=3.558679e-03
elapsed=1.243442e+03 cycle=940 time=3.361972e+00 dt=3.557774e-03
elapsed=1.281027e+03 cycle=950 time=3.397546e+00 dt=3.556853e-03
elapsed=1.319259e+03 cycle=960 time=3.433110e+00 dt=3.555917e-03
elapsed=1.357457e+03 cycle=970 time=3.468665e+00 dt=3.554966e-03
elapsed=1.399500e+03 cycle=980 time=3.504210e+00 dt=3.554000e-03
elapsed=1.437134e+03 cycle=990 time=3.539746e+00 dt=3.553019e-03
elapsed=1.475422e+03 cycle=1000 time=3.575272e+00 dt=3.552022e-03
elapsed=1.513665e+03 cycle=1010 time=3.610787e+00 dt=3.551011e-03
elapsed=1.551342e+03 cycle=1020 time=3.646293e+00 dt=3.549984e-03
elapsed=1.589623e+03 cycle=1030 time=3.681788e+00 dt=3.548941e-03
elapsed=1.627858e+03 cycle=1040 time=3.717273e+00 dt=3.547884e-03
elapsed=1.667024e+03 cycle=1050 time=3.752747e+00 dt=3.546811e-03
elapsed=1.703836e+03 cycle=1060 time=3.788210e+00 dt=3.545722e-03
elapsed=1.742089e+03 cycle=1070 time=3.823662e+00 dt=3.544619e-03
elapsed=1.780360e+03 cycle=1080 time=3.859103e+00 dt=3.543500e-03
elapsed=1.818054e+03 cycle=1090 time=3.894533e+00 dt=3.542366e-03
elapsed=1.856192e+03 cycle=1100 time=3.929952e+00 dt=3.541216e-03
elapsed=1.894350e+03 cycle=1110 time=3.965359e+00 dt=3.540052e-03
reference-GH controlled Schwarzschild final: time=4.000000e+00 state Linf=2.259429e+00 bad-state=0.000000e+00
elapsed=1.937688e+03 cycle=1120 time=4.000000e+00 dt=3.538897e-03

Terminating on time limit
time=4.000000e+00 cycle=1120
tlim=4.000000e+00 nlim=-1

MeshBlock-cycles = 17204
cpu time used  = 1.936393e+03
zone-cycles/cpu_second = 9.825613e+05
particle-updates/cpu_second = 0.000000e+00
real 1938.75
user 0.01
sys 0.06
