### WARNING in /lus/flare/projects/CompactBinaryMerger/hzhu/refgh_feedback_continuation_20260823_2466879e_v1/src/src/mesh/load_balance.cpp at line 83
Number of MeshBlocks cannot be divided evenly by number of MPI ranks. This will result in poor load balancing.

Root grid = 3 x 3 x 3 MeshBlocks
Total number of MeshBlocks = 328
Number of logical  levels of refinement = 5 (6 levels total)
Number of physical levels of refinement = 3 (4 levels total)
  Physical level = 1 (logical level = 3): 208 MeshBlocks, cost = 208
  Physical level = 2 (logical level = 4): 56 MeshBlocks, cost = 56
  Physical level = 3 (logical level = 5): 64 MeshBlocks, cost = 64
Number of parallel ranks = 96
  Rank = 0: 3 MeshBlocks, cost = 3
  Rank = 1: 3 MeshBlocks, cost = 3
  Rank = 2: 3 MeshBlocks, cost = 3
  Rank = 3: 3 MeshBlocks, cost = 3
  Rank = 4: 3 MeshBlocks, cost = 3
  Rank = 5: 3 MeshBlocks, cost = 3
  Rank = 6: 3 MeshBlocks, cost = 3
  Rank = 7: 3 MeshBlocks, cost = 3
  Rank = 8: 3 MeshBlocks, cost = 3
  Rank = 9: 3 MeshBlocks, cost = 3
  Rank = 10: 3 MeshBlocks, cost = 3
  Rank = 11: 3 MeshBlocks, cost = 3
  Rank = 12: 3 MeshBlocks, cost = 3
  Rank = 13: 3 MeshBlocks, cost = 3
  Rank = 14: 3 MeshBlocks, cost = 3
  Rank = 15: 3 MeshBlocks, cost = 3
  Rank = 16: 3 MeshBlocks, cost = 3
  Rank = 17: 3 MeshBlocks, cost = 3
  Rank = 18: 3 MeshBlocks, cost = 3
  Rank = 19: 3 MeshBlocks, cost = 3
  Rank = 20: 3 MeshBlocks, cost = 3
  Rank = 21: 3 MeshBlocks, cost = 3
  Rank = 22: 3 MeshBlocks, cost = 3
  Rank = 23: 3 MeshBlocks, cost = 3
  Rank = 24: 3 MeshBlocks, cost = 3
  Rank = 25: 3 MeshBlocks, cost = 3
  Rank = 26: 3 MeshBlocks, cost = 3
  Rank = 27: 3 MeshBlocks, cost = 3
  Rank = 28: 3 MeshBlocks, cost = 3
  Rank = 29: 3 MeshBlocks, cost = 3
  Rank = 30: 3 MeshBlocks, cost = 3
  Rank = 31: 3 MeshBlocks, cost = 3
  Rank = 32: 3 MeshBlocks, cost = 3
  Rank = 33: 3 MeshBlocks, cost = 3
  Rank = 34: 3 MeshBlocks, cost = 3
  Rank = 35: 3 MeshBlocks, cost = 3
  Rank = 36: 3 MeshBlocks, cost = 3
  Rank = 37: 3 MeshBlocks, cost = 3
  Rank = 38: 3 MeshBlocks, cost = 3
  Rank = 39: 3 MeshBlocks, cost = 3
  Rank = 40: 3 MeshBlocks, cost = 3
  Rank = 41: 3 MeshBlocks, cost = 3
  Rank = 42: 3 MeshBlocks, cost = 3
  Rank = 43: 3 MeshBlocks, cost = 3
  Rank = 44: 3 MeshBlocks, cost = 3
  Rank = 45: 3 MeshBlocks, cost = 3
  Rank = 46: 3 MeshBlocks, cost = 3
  Rank = 47: 3 MeshBlocks, cost = 3
  Rank = 48: 3 MeshBlocks, cost = 3
  Rank = 49: 3 MeshBlocks, cost = 3
  Rank = 50: 3 MeshBlocks, cost = 3
  Rank = 51: 3 MeshBlocks, cost = 3
  Rank = 52: 3 MeshBlocks, cost = 3
  Rank = 53: 3 MeshBlocks, cost = 3
  Rank = 54: 3 MeshBlocks, cost = 3
  Rank = 55: 3 MeshBlocks, cost = 3
  Rank = 56: 4 MeshBlocks, cost = 4
  Rank = 57: 4 MeshBlocks, cost = 4
  Rank = 58: 4 MeshBlocks, cost = 4
  Rank = 59: 4 MeshBlocks, cost = 4
  Rank = 60: 4 MeshBlocks, cost = 4
  Rank = 61: 4 MeshBlocks, cost = 4
  Rank = 62: 4 MeshBlocks, cost = 4
  Rank = 63: 4 MeshBlocks, cost = 4
  Rank = 64: 4 MeshBlocks, cost = 4
  Rank = 65: 4 MeshBlocks, cost = 4
  Rank = 66: 4 MeshBlocks, cost = 4
  Rank = 67: 4 MeshBlocks, cost = 4
  Rank = 68: 4 MeshBlocks, cost = 4
  Rank = 69: 4 MeshBlocks, cost = 4
  Rank = 70: 4 MeshBlocks, cost = 4
  Rank = 71: 4 MeshBlocks, cost = 4
  Rank = 72: 4 MeshBlocks, cost = 4
  Rank = 73: 4 MeshBlocks, cost = 4
  Rank = 74: 4 MeshBlocks, cost = 4
  Rank = 75: 4 MeshBlocks, cost = 4
  Rank = 76: 4 MeshBlocks, cost = 4
  Rank = 77: 4 MeshBlocks, cost = 4
  Rank = 78: 4 MeshBlocks, cost = 4
  Rank = 79: 4 MeshBlocks, cost = 4
  Rank = 80: 4 MeshBlocks, cost = 4
  Rank = 81: 4 MeshBlocks, cost = 4
  Rank = 82: 4 MeshBlocks, cost = 4
  Rank = 83: 4 MeshBlocks, cost = 4
  Rank = 84: 4 MeshBlocks, cost = 4
  Rank = 85: 4 MeshBlocks, cost = 4
  Rank = 86: 4 MeshBlocks, cost = 4
  Rank = 87: 4 MeshBlocks, cost = 4
  Rank = 88: 4 MeshBlocks, cost = 4
  Rank = 89: 4 MeshBlocks, cost = 4
  Rank = 90: 4 MeshBlocks, cost = 4
  Rank = 91: 4 MeshBlocks, cost = 4
  Rank = 92: 4 MeshBlocks, cost = 4
  Rank = 93: 4 MeshBlocks, cost = 4
  Rank = 94: 4 MeshBlocks, cost = 4
  Rank = 95: 4 MeshBlocks, cost = 4
Load Balancing:
  Maximum normalized cost = 1.33333, Average = 1.13889
### WARNING in /lus/flare/projects/CompactBinaryMerger/hzhu/refgh_feedback_continuation_20260823_2466879e_v1/src/src/parameter_input.cpp: input parameter <mesh_refinement>/num_levels = 4 was not used by the code (check for a typo)
### WARNING in /lus/flare/projects/CompactBinaryMerger/hzhu/refgh_feedback_continuation_20260823_2466879e_v1/src/src/parameter_input.cpp: input parameter <mesh_refinement>/max_nmb_per_rank = 128 was not used by the code (check for a typo)
### WARNING in /lus/flare/projects/CompactBinaryMerger/hzhu/refgh_feedback_continuation_20260823_2466879e_v1/src/src/parameter_input.cpp: input parameter <refined_region1>/level = 1 was not used by the code (check for a typo)
### WARNING in /lus/flare/projects/CompactBinaryMerger/hzhu/refgh_feedback_continuation_20260823_2466879e_v1/src/src/parameter_input.cpp: input parameter <refined_region1>/x1min = -12.0 was not used by the code (check for a typo)
### WARNING in /lus/flare/projects/CompactBinaryMerger/hzhu/refgh_feedback_continuation_20260823_2466879e_v1/src/src/parameter_input.cpp: input parameter <refined_region1>/x1max = 12.0 was not used by the code (check for a typo)
### WARNING in /lus/flare/projects/CompactBinaryMerger/hzhu/refgh_feedback_continuation_20260823_2466879e_v1/src/src/parameter_input.cpp: input parameter <refined_region1>/x2min = -12.0 was not used by the code (check for a typo)
### WARNING in /lus/flare/projects/CompactBinaryMerger/hzhu/refgh_feedback_continuation_20260823_2466879e_v1/src/src/parameter_input.cpp: input parameter <refined_region1>/x2max = 12.0 was not used by the code (check for a typo)
### WARNING in /lus/flare/projects/CompactBinaryMerger/hzhu/refgh_feedback_continuation_20260823_2466879e_v1/src/src/parameter_input.cpp: input parameter <refined_region1>/x3min = -12.0 was not used by the code (check for a typo)
### WARNING in /lus/flare/projects/CompactBinaryMerger/hzhu/refgh_feedback_continuation_20260823_2466879e_v1/src/src/parameter_input.cpp: input parameter <refined_region1>/x3max = 12.0 was not used by the code (check for a typo)
### WARNING in /lus/flare/projects/CompactBinaryMerger/hzhu/refgh_feedback_continuation_20260823_2466879e_v1/src/src/parameter_input.cpp: input parameter <refined_region2>/level = 2 was not used by the code (check for a typo)
### WARNING in /lus/flare/projects/CompactBinaryMerger/hzhu/refgh_feedback_continuation_20260823_2466879e_v1/src/src/parameter_input.cpp: input parameter <refined_region2>/x1min = -4.0 was not used by the code (check for a typo)
### WARNING in /lus/flare/projects/CompactBinaryMerger/hzhu/refgh_feedback_continuation_20260823_2466879e_v1/src/src/parameter_input.cpp: input parameter <refined_region2>/x1max = 4.0 was not used by the code (check for a typo)
### WARNING in /lus/flare/projects/CompactBinaryMerger/hzhu/refgh_feedback_continuation_20260823_2466879e_v1/src/src/parameter_input.cpp: input parameter <refined_region2>/x2min = -4.0 was not used by the code (check for a typo)
### WARNING in /lus/flare/projects/CompactBinaryMerger/hzhu/refgh_feedback_continuation_20260823_2466879e_v1/src/src/parameter_input.cpp: input parameter <refined_region2>/x2max = 4.0 was not used by the code (check for a typo)
### WARNING in /lus/flare/projects/CompactBinaryMerger/hzhu/refgh_feedback_continuation_20260823_2466879e_v1/src/src/parameter_input.cpp: input parameter <refined_region2>/x3min = -4.0 was not used by the code (check for a typo)
### WARNING in /lus/flare/projects/CompactBinaryMerger/hzhu/refgh_feedback_continuation_20260823_2466879e_v1/src/src/parameter_input.cpp: input parameter <refined_region2>/x3max = 4.0 was not used by the code (check for a typo)
### WARNING in /lus/flare/projects/CompactBinaryMerger/hzhu/refgh_feedback_continuation_20260823_2466879e_v1/src/src/parameter_input.cpp: input parameter <refined_region3>/level = 3 was not used by the code (check for a typo)
### WARNING in /lus/flare/projects/CompactBinaryMerger/hzhu/refgh_feedback_continuation_20260823_2466879e_v1/src/src/parameter_input.cpp: input parameter <refined_region3>/x1min = -2.0 was not used by the code (check for a typo)
### WARNING in /lus/flare/projects/CompactBinaryMerger/hzhu/refgh_feedback_continuation_20260823_2466879e_v1/src/src/parameter_input.cpp: input parameter <refined_region3>/x1max = 2.0 was not used by the code (check for a typo)
### WARNING in /lus/flare/projects/CompactBinaryMerger/hzhu/refgh_feedback_continuation_20260823_2466879e_v1/src/src/parameter_input.cpp: input parameter <refined_region3>/x2min = -2.0 was not used by the code (check for a typo)
### WARNING in /lus/flare/projects/CompactBinaryMerger/hzhu/refgh_feedback_continuation_20260823_2466879e_v1/src/src/parameter_input.cpp: input parameter <refined_region3>/x2max = 2.0 was not used by the code (check for a typo)
### WARNING in /lus/flare/projects/CompactBinaryMerger/hzhu/refgh_feedback_continuation_20260823_2466879e_v1/src/src/parameter_input.cpp: input parameter <refined_region3>/x3min = -2.0 was not used by the code (check for a typo)
### WARNING in /lus/flare/projects/CompactBinaryMerger/hzhu/refgh_feedback_continuation_20260823_2466879e_v1/src/src/parameter_input.cpp: input parameter <refined_region3>/x3max = 2.0 was not used by the code (check for a typo)
### WARNING in /lus/flare/projects/CompactBinaryMerger/hzhu/refgh_feedback_continuation_20260823_2466879e_v1/src/src/parameter_input.cpp: input parameter <time>/start_time = 0 was not used by the code (check for a typo)

Setup complete, executing task list(s)...

elapsed=2.878448e+01 cycle=550 time=1.511007e+00 dt=2.751645e-03
elapsed=8.426242e+01 cycle=560 time=1.538522e+00 dt=2.751309e-03
elapsed=1.406534e+02 cycle=570 time=1.566033e+00 dt=2.750962e-03
elapsed=1.962023e+02 cycle=580 time=1.593541e+00 dt=2.750603e-03
elapsed=2.525222e+02 cycle=590 time=1.621046e+00 dt=2.750233e-03
elapsed=3.079851e+02 cycle=600 time=1.648546e+00 dt=2.749852e-03
elapsed=3.642655e+02 cycle=610 time=1.676043e+00 dt=2.749460e-03
elapsed=4.205268e+02 cycle=620 time=1.703536e+00 dt=2.749057e-03
elapsed=4.759369e+02 cycle=630 time=1.731025e+00 dt=2.748644e-03
elapsed=5.322391e+02 cycle=640 time=1.758509e+00 dt=2.748220e-03
elapsed=5.876908e+02 cycle=650 time=1.785989e+00 dt=2.747787e-03
elapsed=6.440068e+02 cycle=660 time=1.813465e+00 dt=2.747343e-03
elapsed=6.994702e+02 cycle=670 time=1.840937e+00 dt=2.746890e-03
elapsed=7.557905e+02 cycle=680 time=1.868404e+00 dt=2.746428e-03
elapsed=8.112395e+02 cycle=690 time=1.895866e+00 dt=2.745956e-03
elapsed=8.675065e+02 cycle=700 time=1.923323e+00 dt=2.745476e-03
elapsed=9.250687e+02 cycle=710 time=1.950776e+00 dt=2.744988e-03
elapsed=9.792088e+02 cycle=720 time=1.978223e+00 dt=2.744492e-03
reference-GH controlled Schwarzschild final: time=2.000000e+00 state Linf=3.668211e+00 bad-state=0.000000e+00

Terminating on time limit
time=2.000000e+00 cycle=728
tlim=2.000000e+00 nlim=-1

MeshBlock-cycles = 59696
cpu time used  = 1.140940e+03
zone-cycles/cpu_second = 5.786368e+06
particle-updates/cpu_second = 0.000000e+00
real 1150.12
user 0.02
sys 0.04
