Kokkos::OpenMP::initialize WARNING: OMP_PROC_BIND environment variable not set
  In general, for best performance with OpenMP 4.0 or better set OMP_PROC_BIND=spread and OMP_PLACES=threads
  For best performance with OpenMP 3.1 set OMP_PROC_BIND=true
  For unit testing set OMP_PROC_BIND=false

MPI detected: For OpenMP binding to work as intended, MPI ranks must be bound to exclusive CPU sets.

AthenaK Kokkos default execution space: Cuda

Root grid = 2 x 4 x 1 MeshBlocks
Total number of MeshBlocks = 74
Number of logical  levels of refinement = 22 (23 levels total)
Number of physical levels of refinement = 20 (21 levels total)
  Physical level = 1 (logical level = 3): 22 MeshBlocks, cost = 22
  Physical level = 2 (logical level = 4): 36 MeshBlocks, cost = 36
  Physical level = 3 (logical level = 5): 16 MeshBlocks, cost = 16
Number of parallel ranks = 1
AssembleZ4cTasks

Setup complete, executing task list(s)...

elapsed=2.574719e-01 cycle=4096 time=9.351563e+00 dt=2.343750e-03
elapsed=4.102856e-01 cycle=4097 time=9.353906e+00 dt=2.343750e-03
elapsed=5.525587e-01 cycle=4098 time=9.356250e+00 dt=2.343750e-03
elapsed=6.959807e-01 cycle=4099 time=9.358594e+00 dt=2.343750e-03
elapsed=8.335380e-01 cycle=4100 time=9.360938e+00 dt=2.343750e-03
elapsed=9.728645e-01 cycle=4101 time=9.363281e+00 dt=2.343750e-03
elapsed=1.102521e+00 cycle=4102 time=9.365625e+00 dt=2.343750e-03
elapsed=1.231952e+00 cycle=4103 time=9.367969e+00 dt=2.343750e-03
elapsed=1.376201e+00 cycle=4104 time=9.370313e+00 dt=2.343750e-03
elapsed=1.505733e+00 cycle=4105 time=9.372656e+00 dt=2.343750e-03
elapsed=1.643227e+00 cycle=4106 time=9.375000e+00 dt=2.343750e-03
elapsed=1.775130e+00 cycle=4107 time=9.377344e+00 dt=2.343750e-03
elapsed=1.909814e+00 cycle=4108 time=9.379688e+00 dt=2.343750e-03
elapsed=2.051280e+00 cycle=4109 time=9.382031e+00 dt=2.343750e-03
elapsed=2.185981e+00 cycle=4110 time=9.384375e+00 dt=2.343750e-03
elapsed=2.316511e+00 cycle=4111 time=9.386719e+00 dt=2.343750e-03
elapsed=2.460099e+00 cycle=4112 time=9.389063e+00 dt=2.343750e-03
elapsed=2.590404e+00 cycle=4113 time=9.391406e+00 dt=2.343750e-03
elapsed=2.720628e+00 cycle=4114 time=9.393750e+00 dt=2.343750e-03
elapsed=2.858599e+00 cycle=4115 time=9.396094e+00 dt=2.343750e-03
elapsed=2.995002e+00 cycle=4116 time=9.398438e+00 dt=2.343750e-03
elapsed=3.125478e+00 cycle=4117 time=9.400781e+00 dt=2.343750e-03
elapsed=3.264360e+00 cycle=4118 time=9.403125e+00 dt=2.343750e-03
elapsed=3.395102e+00 cycle=4119 time=9.405469e+00 dt=2.343750e-03
elapsed=3.545078e+00 cycle=4120 time=9.407813e+00 dt=2.343750e-03
elapsed=3.679112e+00 cycle=4121 time=9.410156e+00 dt=2.343750e-03
elapsed=3.811190e+00 cycle=4122 time=9.412500e+00 dt=2.343750e-03
elapsed=3.953049e+00 cycle=4123 time=9.414844e+00 dt=2.343750e-03
elapsed=4.092512e+00 cycle=4124 time=9.417187e+00 dt=2.343750e-03
elapsed=4.223630e+00 cycle=4125 time=9.419531e+00 dt=2.343750e-03
elapsed=4.359488e+00 cycle=4126 time=9.421875e+00 dt=2.343750e-03
elapsed=4.497122e+00 cycle=4127 time=9.424219e+00 dt=2.343750e-03
elapsed=4.633121e+00 cycle=4128 time=9.426562e+00 dt=2.343750e-03
elapsed=4.776698e+00 cycle=4129 time=9.428906e+00 dt=2.343750e-03
elapsed=4.907571e+00 cycle=4130 time=9.431250e+00 dt=2.343750e-03
elapsed=5.061778e+00 cycle=4131 time=9.433594e+00 dt=2.343750e-03
elapsed=5.204385e+00 cycle=4132 time=9.435937e+00 dt=2.343750e-03
elapsed=5.335502e+00 cycle=4133 time=9.438281e+00 dt=2.343750e-03
elapsed=5.471794e+00 cycle=4134 time=9.440625e+00 dt=2.343750e-03
elapsed=5.609157e+00 cycle=4135 time=9.442969e+00 dt=2.343750e-03
elapsed=5.745481e+00 cycle=4136 time=9.445312e+00 dt=2.343750e-03
elapsed=5.881406e+00 cycle=4137 time=9.447656e+00 dt=2.343750e-03
elapsed=6.022514e+00 cycle=4138 time=9.450000e+00 dt=2.343750e-03
elapsed=6.153178e+00 cycle=4139 time=9.452344e+00 dt=2.343750e-03
elapsed=6.295021e+00 cycle=4140 time=9.454687e+00 dt=2.343750e-03
elapsed=6.433047e+00 cycle=4141 time=9.457031e+00 dt=2.343750e-03
elapsed=6.564134e+00 cycle=4142 time=9.459375e+00 dt=2.343750e-03
elapsed=6.705578e+00 cycle=4143 time=9.461719e+00 dt=2.343750e-03
elapsed=6.841790e+00 cycle=4144 time=9.464062e+00 dt=2.343750e-03
elapsed=6.972822e+00 cycle=4145 time=9.466406e+00 dt=2.343750e-03
elapsed=7.117479e+00 cycle=4146 time=9.468750e+00 dt=2.343750e-03
elapsed=7.249263e+00 cycle=4147 time=9.471094e+00 dt=2.343750e-03
elapsed=7.388879e+00 cycle=4148 time=9.473437e+00 dt=2.343750e-03
elapsed=7.527898e+00 cycle=4149 time=9.475781e+00 dt=2.343750e-03
elapsed=7.660297e+00 cycle=4150 time=9.478125e+00 dt=2.343750e-03
elapsed=7.799227e+00 cycle=4151 time=9.480469e+00 dt=2.343750e-03
elapsed=7.940138e+00 cycle=4152 time=9.482812e+00 dt=2.343750e-03
elapsed=8.071015e+00 cycle=4153 time=9.485156e+00 dt=2.343750e-03
elapsed=8.214286e+00 cycle=4154 time=9.487500e+00 dt=2.343750e-03
elapsed=8.345168e+00 cycle=4155 time=9.489844e+00 dt=2.343750e-03
elapsed=8.486894e+00 cycle=4156 time=9.492187e+00 dt=2.343750e-03
elapsed=8.628200e+00 cycle=4157 time=9.494531e+00 dt=2.343750e-03
elapsed=8.758879e+00 cycle=4158 time=9.496875e+00 dt=2.343750e-03
elapsed=8.889575e+00 cycle=4159 time=9.499219e+00 dt=2.343750e-03
elapsed=9.042472e+00 cycle=4160 time=9.501562e+00 dt=2.343750e-03
elapsed=9.173702e+00 cycle=4161 time=9.503906e+00 dt=2.343750e-03
elapsed=9.304986e+00 cycle=4162 time=9.506250e+00 dt=2.343750e-03
elapsed=9.451263e+00 cycle=4163 time=9.508594e+00 dt=2.343750e-03
elapsed=9.587708e+00 cycle=4164 time=9.510937e+00 dt=2.343750e-03
elapsed=9.723966e+00 cycle=4165 time=9.513281e+00 dt=2.343750e-03
elapsed=9.862755e+00 cycle=4166 time=9.515625e+00 dt=2.343750e-03
elapsed=9.994735e+00 cycle=4167 time=9.517969e+00 dt=2.343750e-03
elapsed=1.014221e+01 cycle=4168 time=9.520312e+00 dt=2.343750e-03
elapsed=1.027332e+01 cycle=4169 time=9.522656e+00 dt=2.343750e-03
elapsed=1.040409e+01 cycle=4170 time=9.525000e+00 dt=2.343750e-03
elapsed=1.055060e+01 cycle=4171 time=9.527344e+00 dt=2.343750e-03
elapsed=1.068727e+01 cycle=4172 time=9.529687e+00 dt=2.343750e-03
elapsed=1.083173e+01 cycle=4173 time=9.532031e+00 dt=2.343750e-03
elapsed=1.096297e+01 cycle=4174 time=9.534375e+00 dt=2.343750e-03
elapsed=1.109420e+01 cycle=4175 time=9.536719e+00 dt=2.343750e-03
elapsed=1.124071e+01 cycle=4176 time=9.539062e+00 dt=2.343750e-03
elapsed=1.137290e+01 cycle=4177 time=9.541406e+00 dt=2.343750e-03
elapsed=1.150375e+01 cycle=4178 time=9.543750e+00 dt=2.343750e-03
elapsed=1.164322e+01 cycle=4179 time=9.546094e+00 dt=2.343750e-03
elapsed=1.178230e+01 cycle=4180 time=9.548437e+00 dt=2.343750e-03
elapsed=1.192033e+01 cycle=4181 time=9.550781e+00 dt=2.343750e-03
elapsed=1.205571e+01 cycle=4182 time=9.553125e+00 dt=2.343750e-03
elapsed=1.218638e+01 cycle=4183 time=9.555469e+00 dt=2.343750e-03
elapsed=1.232817e+01 cycle=4184 time=9.557812e+00 dt=2.343750e-03
elapsed=1.246752e+01 cycle=4185 time=9.560156e+00 dt=2.343750e-03
elapsed=1.259875e+01 cycle=4186 time=9.562500e+00 dt=2.343750e-03
elapsed=1.274114e+01 cycle=4187 time=9.564844e+00 dt=2.343750e-03
elapsed=1.287899e+01 cycle=4188 time=9.567187e+00 dt=2.343750e-03
elapsed=1.300954e+01 cycle=4189 time=9.569531e+00 dt=2.343750e-03
elapsed=1.315056e+01 cycle=4190 time=9.571875e+00 dt=2.343750e-03
elapsed=1.328372e+01 cycle=4191 time=9.574219e+00 dt=2.343750e-03
elapsed=1.341961e+01 cycle=4192 time=9.576562e+00 dt=2.343750e-03
elapsed=1.355959e+01 cycle=4193 time=9.578906e+00 dt=2.343750e-03
elapsed=1.369350e+01 cycle=4194 time=9.581250e+00 dt=2.343750e-03
elapsed=1.383185e+01 cycle=4195 time=9.583594e+00 dt=2.343750e-03
elapsed=1.397412e+01 cycle=4196 time=9.585937e+00 dt=2.343750e-03
elapsed=1.410699e+01 cycle=4197 time=9.588281e+00 dt=2.343750e-03
elapsed=1.424533e+01 cycle=4198 time=9.590625e+00 dt=2.343750e-03
elapsed=1.437626e+01 cycle=4199 time=9.592969e+00 dt=2.343750e-03
elapsed=1.451282e+01 cycle=4200 time=9.595312e+00 dt=2.343750e-03
elapsed=1.465125e+01 cycle=4201 time=9.597656e+00 dt=2.343750e-03
elapsed=1.478230e+01 cycle=4202 time=9.600000e+00 dt=2.343750e-03
elapsed=1.492101e+01 cycle=4203 time=9.602344e+00 dt=2.343750e-03
elapsed=1.506171e+01 cycle=4204 time=9.604687e+00 dt=2.343750e-03
elapsed=1.519290e+01 cycle=4205 time=9.607031e+00 dt=2.343750e-03
elapsed=1.534142e+01 cycle=4206 time=9.609375e+00 dt=2.343750e-03
elapsed=1.548163e+01 cycle=4207 time=9.611719e+00 dt=2.343750e-03
elapsed=1.561817e+01 cycle=4208 time=9.614062e+00 dt=2.343750e-03
elapsed=1.576400e+01 cycle=4209 time=9.616406e+00 dt=2.343750e-03
elapsed=1.589966e+01 cycle=4210 time=9.618750e+00 dt=2.343750e-03
elapsed=1.603388e+01 cycle=4211 time=9.621094e+00 dt=2.343750e-03
elapsed=1.617530e+01 cycle=4212 time=9.623437e+00 dt=2.343750e-03
elapsed=1.631315e+01 cycle=4213 time=9.625781e+00 dt=2.343750e-03
elapsed=1.644401e+01 cycle=4214 time=9.628125e+00 dt=2.343750e-03
elapsed=1.658025e+01 cycle=4215 time=9.630469e+00 dt=2.343750e-03
elapsed=1.672393e+01 cycle=4216 time=9.632812e+00 dt=2.343750e-03
elapsed=1.685489e+01 cycle=4217 time=9.635156e+00 dt=2.343750e-03
elapsed=1.699581e+01 cycle=4218 time=9.637500e+00 dt=2.343750e-03
elapsed=1.712681e+01 cycle=4219 time=9.639844e+00 dt=2.343750e-03
elapsed=1.726877e+01 cycle=4220 time=9.642187e+00 dt=2.343750e-03
elapsed=1.740753e+01 cycle=4221 time=9.644531e+00 dt=2.343750e-03
elapsed=1.753888e+01 cycle=4222 time=9.646875e+00 dt=2.343750e-03
elapsed=1.767571e+01 cycle=4223 time=9.649219e+00 dt=2.343750e-03
elapsed=1.782015e+01 cycle=4224 time=9.651562e+00 dt=2.343750e-03
elapsed=1.795120e+01 cycle=4225 time=9.653906e+00 dt=2.343750e-03
elapsed=1.809180e+01 cycle=4226 time=9.656250e+00 dt=2.343750e-03
elapsed=1.822316e+01 cycle=4227 time=9.658594e+00 dt=2.343750e-03
elapsed=1.835991e+01 cycle=4228 time=9.660937e+00 dt=2.343750e-03
elapsed=1.850465e+01 cycle=4229 time=9.663281e+00 dt=2.343750e-03
elapsed=1.863596e+01 cycle=4230 time=9.665625e+00 dt=2.343750e-03
elapsed=1.876695e+01 cycle=4231 time=9.667969e+00 dt=2.343750e-03
elapsed=1.891920e+01 cycle=4232 time=9.670312e+00 dt=2.343750e-03
elapsed=1.905030e+01 cycle=4233 time=9.672656e+00 dt=2.343750e-03
elapsed=1.918169e+01 cycle=4234 time=9.675000e+00 dt=2.343750e-03
elapsed=1.932554e+01 cycle=4235 time=9.677344e+00 dt=2.343750e-03
elapsed=1.946754e+01 cycle=4236 time=9.679687e+00 dt=2.343750e-03
elapsed=1.959896e+01 cycle=4237 time=9.682031e+00 dt=2.343750e-03
elapsed=1.973976e+01 cycle=4238 time=9.684375e+00 dt=2.343750e-03
elapsed=1.987101e+01 cycle=4239 time=9.686719e+00 dt=2.343750e-03
elapsed=2.001363e+01 cycle=4240 time=9.689062e+00 dt=2.343750e-03
elapsed=2.014973e+01 cycle=4241 time=9.691406e+00 dt=2.343750e-03
elapsed=2.028098e+01 cycle=4242 time=9.693750e+00 dt=2.343750e-03
elapsed=2.042013e+01 cycle=4243 time=9.696094e+00 dt=2.343750e-03
elapsed=2.056130e+01 cycle=4244 time=9.698437e+00 dt=2.343750e-03
elapsed=2.069263e+01 cycle=4245 time=9.700781e+00 dt=2.343750e-03
elapsed=2.083103e+01 cycle=4246 time=9.703125e+00 dt=2.343750e-03
elapsed=2.096969e+01 cycle=4247 time=9.705469e+00 dt=2.343750e-03
elapsed=2.110649e+01 cycle=4248 time=9.707812e+00 dt=2.343750e-03
elapsed=2.125033e+01 cycle=4249 time=9.710156e+00 dt=2.343750e-03
elapsed=2.138172e+01 cycle=4250 time=9.712500e+00 dt=2.343750e-03
elapsed=2.152559e+01 cycle=4251 time=9.714844e+00 dt=2.343750e-03
elapsed=2.166511e+01 cycle=4252 time=9.717187e+00 dt=2.343750e-03
elapsed=2.179713e+01 cycle=4253 time=9.719531e+00 dt=2.343750e-03
elapsed=2.193804e+01 cycle=4254 time=9.721875e+00 dt=2.343750e-03
elapsed=2.207191e+01 cycle=4255 time=9.724219e+00 dt=2.343750e-03
elapsed=2.221408e+01 cycle=4256 time=9.726562e+00 dt=2.343750e-03
elapsed=2.235002e+01 cycle=4257 time=9.728906e+00 dt=2.343750e-03
elapsed=2.248137e+01 cycle=4258 time=9.731250e+00 dt=2.343750e-03
elapsed=2.262593e+01 cycle=4259 time=9.733594e+00 dt=2.343750e-03
elapsed=2.276244e+01 cycle=4260 time=9.735937e+00 dt=2.343750e-03
CARTOON_AMR_TRANSACTION cycle=4261 requested_refine=4 requested_derefine_leaves=0 accepted_derefine_parents=0 created_leaves=12 deleted_leaves=0 mirror_mismatches=0
AMR_Z4C_CHI_PROLONGATION cycle=4261 transfer=high_order local_fallback_groups=0 global_fallback_groups=0 global_high_order_groups=16384
AMR_HISTORY_REPLAY event=10 time_hex=0x1.379ffffffffe4p+3 requested_leaves=86 accepted_leaves=86 max_level=6 checksum=2fc5e59309ccc39c exact_match=true shadow_refine=2 shadow_derefine=32
elapsed=2.291323e+01 cycle=4261 time=9.738281e+00 dt=1.171875e-03
elapsed=2.313150e+01 cycle=4262 time=9.739453e+00 dt=1.171875e-03
elapsed=2.331410e+01 cycle=4263 time=9.740625e+00 dt=1.171875e-03
elapsed=2.352995e+01 cycle=4264 time=9.741797e+00 dt=1.171875e-03
elapsed=2.371253e+01 cycle=4265 time=9.742969e+00 dt=1.171875e-03
elapsed=2.392068e+01 cycle=4266 time=9.744141e+00 dt=1.171875e-03
elapsed=2.411818e+01 cycle=4267 time=9.745312e+00 dt=1.171875e-03
elapsed=2.432759e+01 cycle=4268 time=9.746484e+00 dt=1.171875e-03
elapsed=2.451196e+01 cycle=4269 time=9.747656e+00 dt=1.171875e-03
elapsed=2.472702e+01 cycle=4270 time=9.748828e+00 dt=1.171875e-03
elapsed=2.490985e+01 cycle=4271 time=9.750000e+00 dt=1.171875e-03
elapsed=2.513591e+01 cycle=4272 time=9.751172e+00 dt=1.171875e-03
elapsed=2.535285e+01 cycle=4273 time=9.752344e+00 dt=1.171875e-03
elapsed=2.553705e+01 cycle=4274 time=9.753516e+00 dt=1.171875e-03
elapsed=2.575657e+01 cycle=4275 time=9.754687e+00 dt=1.171875e-03
elapsed=2.594930e+01 cycle=4276 time=9.755859e+00 dt=1.171875e-03
elapsed=2.616748e+01 cycle=4277 time=9.757031e+00 dt=1.171875e-03
elapsed=2.635087e+01 cycle=4278 time=9.758203e+00 dt=1.171875e-03
elapsed=2.657213e+01 cycle=4279 time=9.759375e+00 dt=1.171875e-03
elapsed=2.676182e+01 cycle=4280 time=9.760547e+00 dt=1.171875e-03
elapsed=2.696730e+01 cycle=4281 time=9.761719e+00 dt=1.171875e-03
elapsed=2.715017e+01 cycle=4282 time=9.762891e+00 dt=1.171875e-03
elapsed=2.736330e+01 cycle=4283 time=9.764062e+00 dt=1.171875e-03
elapsed=2.755231e+01 cycle=4284 time=9.765234e+00 dt=1.171875e-03
elapsed=2.776957e+01 cycle=4285 time=9.766406e+00 dt=1.171875e-03
elapsed=2.795314e+01 cycle=4286 time=9.767578e+00 dt=1.171875e-03
elapsed=2.817556e+01 cycle=4287 time=9.768750e+00 dt=1.171875e-03
elapsed=2.838730e+01 cycle=4288 time=9.769922e+00 dt=1.171875e-03
elapsed=2.857949e+01 cycle=4289 time=9.771094e+00 dt=1.171875e-03
elapsed=2.878904e+01 cycle=4290 time=9.772266e+00 dt=1.171875e-03
elapsed=2.899447e+01 cycle=4291 time=9.773437e+00 dt=1.171875e-03
elapsed=2.921034e+01 cycle=4292 time=9.774609e+00 dt=1.171875e-03
elapsed=2.940143e+01 cycle=4293 time=9.775781e+00 dt=1.171875e-03
elapsed=2.961738e+01 cycle=4294 time=9.776953e+00 dt=1.171875e-03
elapsed=2.981101e+01 cycle=4295 time=9.778125e+00 dt=1.171875e-03
elapsed=3.003454e+01 cycle=4296 time=9.779297e+00 dt=1.171875e-03
elapsed=3.023867e+01 cycle=4297 time=9.780469e+00 dt=1.171875e-03
elapsed=3.042725e+01 cycle=4298 time=9.781641e+00 dt=1.171875e-03
elapsed=3.062836e+01 cycle=4299 time=9.782812e+00 dt=1.171875e-03
elapsed=3.082496e+01 cycle=4300 time=9.783984e+00 dt=1.171875e-03
elapsed=3.102422e+01 cycle=4301 time=9.785156e+00 dt=1.171875e-03
elapsed=3.122201e+01 cycle=4302 time=9.786328e+00 dt=1.171875e-03
elapsed=3.143626e+01 cycle=4303 time=9.787500e+00 dt=1.171875e-03
elapsed=3.162569e+01 cycle=4304 time=9.788672e+00 dt=1.171875e-03
elapsed=3.183851e+01 cycle=4305 time=9.789844e+00 dt=1.171875e-03
elapsed=3.202189e+01 cycle=4306 time=9.791016e+00 dt=1.171875e-03
elapsed=3.222996e+01 cycle=4307 time=9.792187e+00 dt=1.171875e-03
elapsed=3.243762e+01 cycle=4308 time=9.793359e+00 dt=1.171875e-03
elapsed=3.263117e+01 cycle=4309 time=9.794531e+00 dt=1.171875e-03
elapsed=3.282345e+01 cycle=4310 time=9.795703e+00 dt=1.171875e-03
elapsed=3.303147e+01 cycle=4311 time=9.796875e+00 dt=1.171875e-03
elapsed=3.322101e+01 cycle=4312 time=9.798047e+00 dt=1.171875e-03
elapsed=3.344113e+01 cycle=4313 time=9.799219e+00 dt=1.171875e-03
elapsed=3.362439e+01 cycle=4314 time=9.800391e+00 dt=1.171875e-03
elapsed=3.383973e+01 cycle=4315 time=9.801562e+00 dt=1.171875e-03
elapsed=3.402871e+01 cycle=4316 time=9.802734e+00 dt=1.171875e-03
elapsed=3.425327e+01 cycle=4317 time=9.803906e+00 dt=1.171875e-03
elapsed=3.446238e+01 cycle=4318 time=9.805078e+00 dt=1.171875e-03
elapsed=3.464995e+01 cycle=4319 time=9.806250e+00 dt=1.171875e-03
elapsed=3.487724e+01 cycle=4320 time=9.807422e+00 dt=1.171875e-03
elapsed=3.506103e+01 cycle=4321 time=9.808594e+00 dt=1.171875e-03
elapsed=3.527140e+01 cycle=4322 time=9.809766e+00 dt=1.171875e-03
elapsed=3.545642e+01 cycle=4323 time=9.810937e+00 dt=1.171875e-03
elapsed=3.567683e+01 cycle=4324 time=9.812109e+00 dt=1.171875e-03
elapsed=3.587234e+01 cycle=4325 time=9.813281e+00 dt=1.171875e-03
elapsed=3.609090e+01 cycle=4326 time=9.814453e+00 dt=1.171875e-03
elapsed=3.627385e+01 cycle=4327 time=9.815625e+00 dt=1.171875e-03
elapsed=3.648974e+01 cycle=4328 time=9.816797e+00 dt=1.171875e-03
elapsed=3.667324e+01 cycle=4329 time=9.817969e+00 dt=1.171875e-03
elapsed=3.689697e+01 cycle=4330 time=9.819141e+00 dt=1.171875e-03
elapsed=3.708014e+01 cycle=4331 time=9.820312e+00 dt=1.171875e-03
elapsed=3.730569e+01 cycle=4332 time=9.821484e+00 dt=1.171875e-03
elapsed=3.751542e+01 cycle=4333 time=9.822656e+00 dt=1.171875e-03
elapsed=3.770315e+01 cycle=4334 time=9.823828e+00 dt=1.171875e-03
elapsed=3.791561e+01 cycle=4335 time=9.825000e+00 dt=1.171875e-03
AMR_HISTORY_TIMESTEP_CLIP event=11 time_hex=0x1.3a70000000002p+3 candidate_dt_hex=0x1.3333333333333p-10 applied_dt_hex=0x1.33333332e8p-10 target_time_hex=0x1.3a79999999976p+3
elapsed=3.810509e+01 cycle=4336 time=9.826172e+00 dt=1.171875e-03
CARTOON_AMR_TRANSACTION cycle=4337 requested_refine=4 requested_derefine_leaves=0 accepted_derefine_parents=0 created_leaves=12 deleted_leaves=0 mirror_mismatches=0
AMR_Z4C_CHI_PROLONGATION cycle=4337 transfer=high_order local_fallback_groups=0 global_fallback_groups=0 global_high_order_groups=16384
AMR_HISTORY_REPLAY event=11 time_hex=0x1.3a79999999976p+3 requested_leaves=98 accepted_leaves=98 max_level=7 checksum=cf359244e1483352 exact_match=true shadow_refine=0 shadow_derefine=40
elapsed=3.833286e+01 cycle=4337 time=9.827344e+00 dt=5.859375e-04
elapsed=3.858369e+01 cycle=4338 time=9.827930e+00 dt=5.859375e-04
elapsed=3.882439e+01 cycle=4339 time=9.828516e+00 dt=5.859375e-04
elapsed=3.909516e+01 cycle=4340 time=9.829102e+00 dt=5.859375e-04
elapsed=3.932650e+01 cycle=4341 time=9.829687e+00 dt=5.859375e-04
elapsed=3.958826e+01 cycle=4342 time=9.830273e+00 dt=5.859375e-04
elapsed=3.984932e+01 cycle=4343 time=9.830859e+00 dt=5.859375e-04
elapsed=4.009793e+01 cycle=4344 time=9.831445e+00 dt=5.859375e-04
elapsed=4.035848e+01 cycle=4345 time=9.832031e+00 dt=5.859375e-04
elapsed=4.062122e+01 cycle=4346 time=9.832617e+00 dt=5.859375e-04
elapsed=4.085667e+01 cycle=4347 time=9.833203e+00 dt=5.859375e-04
elapsed=4.112424e+01 cycle=4348 time=9.833789e+00 dt=5.859375e-04
elapsed=4.135715e+01 cycle=4349 time=9.834375e+00 dt=5.859375e-04
elapsed=4.161232e+01 cycle=4350 time=9.834961e+00 dt=5.859375e-04
elapsed=4.186762e+01 cycle=4351 time=9.835547e+00 dt=5.859375e-04
elapsed=4.212256e+01 cycle=4352 time=9.836133e+00 dt=5.859375e-04
elapsed=4.236100e+01 cycle=4353 time=9.836719e+00 dt=5.859375e-04
elapsed=4.261405e+01 cycle=4354 time=9.837305e+00 dt=5.859375e-04
elapsed=4.284694e+01 cycle=4355 time=9.837891e+00 dt=5.859375e-04
elapsed=4.311036e+01 cycle=4356 time=9.838477e+00 dt=5.859375e-04
elapsed=4.337418e+01 cycle=4357 time=9.839062e+00 dt=5.859375e-04
elapsed=4.361373e+01 cycle=4358 time=9.839648e+00 dt=5.859375e-04
elapsed=4.387156e+01 cycle=4359 time=9.840234e+00 dt=5.859375e-04
elapsed=4.413244e+01 cycle=4360 time=9.840820e+00 dt=5.859375e-04
elapsed=4.436476e+01 cycle=4361 time=9.841406e+00 dt=5.859375e-04
elapsed=4.462161e+01 cycle=4362 time=9.841992e+00 dt=5.859375e-04
elapsed=4.488690e+01 cycle=4363 time=9.842578e+00 dt=5.859375e-04
elapsed=4.513011e+01 cycle=4364 time=9.843164e+00 dt=5.859375e-04
elapsed=4.538194e+01 cycle=4365 time=9.843750e+00 dt=5.859375e-04
elapsed=4.563968e+01 cycle=4366 time=9.844336e+00 dt=5.859375e-04
elapsed=4.587358e+01 cycle=4367 time=9.844922e+00 dt=5.859375e-04
elapsed=4.615397e+01 cycle=4368 time=9.845508e+00 dt=5.859375e-04
elapsed=4.639914e+01 cycle=4369 time=9.846094e+00 dt=5.859375e-04
elapsed=4.664324e+01 cycle=4370 time=9.846680e+00 dt=5.859375e-04
elapsed=4.690393e+01 cycle=4371 time=9.847266e+00 dt=5.859375e-04
elapsed=4.715610e+01 cycle=4372 time=9.847852e+00 dt=5.859375e-04
elapsed=4.739912e+01 cycle=4373 time=9.848437e+00 dt=5.859375e-04
elapsed=4.766268e+01 cycle=4374 time=9.849023e+00 dt=5.859375e-04
elapsed=4.791650e+01 cycle=4375 time=9.849609e+00 dt=5.859375e-04
elapsed=4.815959e+01 cycle=4376 time=9.850195e+00 dt=5.859375e-04
elapsed=4.841329e+01 cycle=4377 time=9.850781e+00 dt=5.859375e-04
elapsed=4.867122e+01 cycle=4378 time=9.851367e+00 dt=5.859375e-04
elapsed=4.890931e+01 cycle=4379 time=9.851953e+00 dt=5.859375e-04
elapsed=4.917974e+01 cycle=4380 time=9.852539e+00 dt=5.859375e-04
elapsed=4.944704e+01 cycle=4381 time=9.853125e+00 dt=5.859375e-04
elapsed=4.969143e+01 cycle=4382 time=9.853711e+00 dt=5.859375e-04
elapsed=4.994264e+01 cycle=4383 time=9.854297e+00 dt=5.859375e-04
elapsed=5.020358e+01 cycle=4384 time=9.854883e+00 dt=5.859375e-04
elapsed=5.043670e+01 cycle=4385 time=9.855469e+00 dt=5.859375e-04
elapsed=5.069298e+01 cycle=4386 time=9.856055e+00 dt=5.859375e-04
elapsed=5.095564e+01 cycle=4387 time=9.856641e+00 dt=5.859375e-04
elapsed=5.121555e+01 cycle=4388 time=9.857227e+00 dt=5.859375e-04
elapsed=5.145561e+01 cycle=4389 time=9.857812e+00 dt=5.859375e-04
elapsed=5.171040e+01 cycle=4390 time=9.858398e+00 dt=5.859375e-04
elapsed=5.196560e+01 cycle=4391 time=9.858984e+00 dt=5.859375e-04
elapsed=5.221299e+01 cycle=4392 time=9.859570e+00 dt=5.859375e-04
elapsed=5.247510e+01 cycle=4393 time=9.860156e+00 dt=5.859375e-04
elapsed=5.270821e+01 cycle=4394 time=9.860742e+00 dt=5.859375e-04
elapsed=5.296209e+01 cycle=4395 time=9.861328e+00 dt=5.859375e-04
elapsed=5.322808e+01 cycle=4396 time=9.861914e+00 dt=5.859375e-04
elapsed=5.346470e+01 cycle=4397 time=9.862500e+00 dt=5.859375e-04
elapsed=5.372517e+01 cycle=4398 time=9.863086e+00 dt=5.859375e-04
elapsed=5.397522e+01 cycle=4399 time=9.863672e+00 dt=5.859375e-04
elapsed=5.421469e+01 cycle=4400 time=9.864258e+00 dt=5.859375e-04
elapsed=5.447478e+01 cycle=4401 time=9.864844e+00 dt=5.859375e-04
elapsed=5.473284e+01 cycle=4402 time=9.865430e+00 dt=5.859375e-04
elapsed=5.496962e+01 cycle=4403 time=9.866016e+00 dt=5.859375e-04
elapsed=5.523159e+01 cycle=4404 time=9.866602e+00 dt=5.859375e-04
elapsed=5.549310e+01 cycle=4405 time=9.867187e+00 dt=5.859375e-04
elapsed=5.573167e+01 cycle=4406 time=9.867773e+00 dt=5.859375e-04
elapsed=5.598747e+01 cycle=4407 time=9.868359e+00 dt=5.859375e-04
elapsed=5.625522e+01 cycle=4408 time=9.868945e+00 dt=5.859375e-04
elapsed=5.651199e+01 cycle=4409 time=9.869531e+00 dt=5.859375e-04
elapsed=5.675292e+01 cycle=4410 time=9.870117e+00 dt=5.859375e-04
elapsed=5.700696e+01 cycle=4411 time=9.870703e+00 dt=5.859375e-04
elapsed=5.725201e+01 cycle=4412 time=9.871289e+00 dt=5.859375e-04
elapsed=5.750957e+01 cycle=4413 time=9.871875e+00 dt=5.859375e-04
elapsed=5.777119e+01 cycle=4414 time=9.872461e+00 dt=5.859375e-04
elapsed=5.803139e+01 cycle=4415 time=9.873047e+00 dt=5.859375e-04
elapsed=5.827870e+01 cycle=4416 time=9.873633e+00 dt=5.859375e-04
elapsed=5.854617e+01 cycle=4417 time=9.874219e+00 dt=5.859375e-04
elapsed=5.877806e+01 cycle=4418 time=9.874805e+00 dt=5.859375e-04
elapsed=5.907074e+01 cycle=4419 time=9.875391e+00 dt=5.859375e-04
elapsed=5.933570e+01 cycle=4420 time=9.875977e+00 dt=5.859375e-04
elapsed=5.960085e+01 cycle=4421 time=9.876562e+00 dt=5.859375e-04
elapsed=5.984339e+01 cycle=4422 time=9.877148e+00 dt=5.859375e-04
elapsed=6.009799e+01 cycle=4423 time=9.877734e+00 dt=5.859375e-04
elapsed=6.036648e+01 cycle=4424 time=9.878320e+00 dt=5.859375e-04
elapsed=6.059959e+01 cycle=4425 time=9.878906e+00 dt=5.859375e-04
elapsed=6.085468e+01 cycle=4426 time=9.879492e+00 dt=5.859375e-04
elapsed=6.111356e+01 cycle=4427 time=9.880078e+00 dt=5.859375e-04
elapsed=6.135400e+01 cycle=4428 time=9.880664e+00 dt=5.859375e-04
elapsed=6.161061e+01 cycle=4429 time=9.881250e+00 dt=5.859375e-04
elapsed=6.186616e+01 cycle=4430 time=9.881836e+00 dt=5.859375e-04
elapsed=6.210353e+01 cycle=4431 time=9.882422e+00 dt=5.859375e-04
elapsed=6.237201e+01 cycle=4432 time=9.883008e+00 dt=5.859375e-04
elapsed=6.263036e+01 cycle=4433 time=9.883594e+00 dt=5.859375e-04
elapsed=6.286164e+01 cycle=4434 time=9.884180e+00 dt=5.859375e-04
elapsed=6.312206e+01 cycle=4435 time=9.884766e+00 dt=5.859375e-04
elapsed=6.339367e+01 cycle=4436 time=9.885352e+00 dt=5.859375e-04
elapsed=6.363307e+01 cycle=4437 time=9.885937e+00 dt=5.859375e-04
elapsed=6.389587e+01 cycle=4438 time=9.886523e+00 dt=5.859375e-04
elapsed=6.415597e+01 cycle=4439 time=9.887109e+00 dt=5.859375e-04
elapsed=6.441418e+01 cycle=4440 time=9.887695e+00 dt=5.859375e-04
elapsed=6.467550e+01 cycle=4441 time=9.888281e+00 dt=5.859375e-04
elapsed=6.493446e+01 cycle=4442 time=9.888867e+00 dt=5.859375e-04
elapsed=6.517380e+01 cycle=4443 time=9.889453e+00 dt=5.859375e-04
elapsed=6.544316e+01 cycle=4444 time=9.890039e+00 dt=5.859375e-04
elapsed=6.570879e+01 cycle=4445 time=9.890625e+00 dt=5.859375e-04
elapsed=6.594257e+01 cycle=4446 time=9.891211e+00 dt=5.859375e-04
elapsed=6.620899e+01 cycle=4447 time=9.891797e+00 dt=5.859375e-04
elapsed=6.648611e+01 cycle=4448 time=9.892383e+00 dt=5.859375e-04
elapsed=6.675029e+01 cycle=4449 time=9.892969e+00 dt=5.859375e-04
elapsed=6.699153e+01 cycle=4450 time=9.893555e+00 dt=5.859375e-04
elapsed=6.724572e+01 cycle=4451 time=9.894141e+00 dt=5.859375e-04
elapsed=6.750886e+01 cycle=4452 time=9.894727e+00 dt=5.859375e-04
elapsed=6.774326e+01 cycle=4453 time=9.895312e+00 dt=5.859375e-04
elapsed=6.800648e+01 cycle=4454 time=9.895898e+00 dt=5.859375e-04
elapsed=6.826358e+01 cycle=4455 time=9.896484e+00 dt=5.859375e-04
elapsed=6.850726e+01 cycle=4456 time=9.897070e+00 dt=5.859375e-04
elapsed=6.876985e+01 cycle=4457 time=9.897656e+00 dt=5.859375e-04
elapsed=6.901288e+01 cycle=4458 time=9.898242e+00 dt=5.859375e-04
elapsed=6.927530e+01 cycle=4459 time=9.898828e+00 dt=5.859375e-04
elapsed=6.954562e+01 cycle=4460 time=9.899414e+00 dt=5.859375e-04
elapsed=6.981506e+01 cycle=4461 time=9.900000e+00 dt=5.859375e-04
elapsed=7.004974e+01 cycle=4462 time=9.900586e+00 dt=5.859375e-04
elapsed=7.030751e+01 cycle=4463 time=9.901172e+00 dt=5.859375e-04
elapsed=7.057410e+01 cycle=4464 time=9.901758e+00 dt=5.859375e-04
elapsed=7.083524e+01 cycle=4465 time=9.902344e+00 dt=5.859375e-04
elapsed=7.107441e+01 cycle=4466 time=9.902930e+00 dt=5.859375e-04
elapsed=7.133416e+01 cycle=4467 time=9.903516e+00 dt=5.859375e-04
elapsed=7.160125e+01 cycle=4468 time=9.904102e+00 dt=5.859375e-04
elapsed=7.183774e+01 cycle=4469 time=9.904687e+00 dt=5.859375e-04
elapsed=7.209223e+01 cycle=4470 time=9.905273e+00 dt=5.859375e-04
elapsed=7.234311e+01 cycle=4471 time=9.905859e+00 dt=5.859375e-04
elapsed=7.258720e+01 cycle=4472 time=9.906445e+00 dt=5.859375e-04
elapsed=7.284798e+01 cycle=4473 time=9.907031e+00 dt=5.859375e-04
elapsed=7.308194e+01 cycle=4474 time=9.907617e+00 dt=5.859375e-04
elapsed=7.335019e+01 cycle=4475 time=9.908203e+00 dt=5.859375e-04
elapsed=7.361278e+01 cycle=4476 time=9.908789e+00 dt=5.859375e-04
elapsed=7.387820e+01 cycle=4477 time=9.909375e+00 dt=5.859375e-04
elapsed=7.411228e+01 cycle=4478 time=9.909961e+00 dt=5.859375e-04
elapsed=7.438555e+01 cycle=4479 time=9.910547e+00 dt=5.859375e-04
elapsed=7.466240e+01 cycle=4480 time=9.911133e+00 dt=5.859375e-04
elapsed=7.490986e+01 cycle=4481 time=9.911719e+00 dt=5.859375e-04
elapsed=7.515878e+01 cycle=4482 time=9.912305e+00 dt=5.859375e-04
elapsed=7.541517e+01 cycle=4483 time=9.912891e+00 dt=5.859375e-04
elapsed=7.567114e+01 cycle=4484 time=9.913477e+00 dt=5.859375e-04
elapsed=7.592271e+01 cycle=4485 time=9.914062e+00 dt=5.859375e-04
elapsed=7.619221e+01 cycle=4486 time=9.914648e+00 dt=5.859375e-04
elapsed=7.644081e+01 cycle=4487 time=9.915234e+00 dt=5.859375e-04
elapsed=7.668634e+01 cycle=4488 time=9.915820e+00 dt=5.859375e-04
elapsed=7.694687e+01 cycle=4489 time=9.916406e+00 dt=5.859375e-04
elapsed=7.718033e+01 cycle=4490 time=9.916992e+00 dt=5.859375e-04
elapsed=7.743977e+01 cycle=4491 time=9.917578e+00 dt=5.859375e-04
elapsed=7.770548e+01 cycle=4492 time=9.918164e+00 dt=5.859375e-04
elapsed=7.796844e+01 cycle=4493 time=9.918750e+00 dt=5.859375e-04
elapsed=7.820131e+01 cycle=4494 time=9.919336e+00 dt=5.859375e-04
elapsed=7.846420e+01 cycle=4495 time=9.919922e+00 dt=5.859375e-04
elapsed=7.872272e+01 cycle=4496 time=9.920508e+00 dt=5.859375e-04
elapsed=7.895861e+01 cycle=4497 time=9.921094e+00 dt=5.859375e-04
elapsed=7.922637e+01 cycle=4498 time=9.921680e+00 dt=5.859375e-04
elapsed=7.949128e+01 cycle=4499 time=9.922266e+00 dt=5.859375e-04
elapsed=7.974349e+01 cycle=4500 time=9.922852e+00 dt=5.859375e-04
elapsed=7.999615e+01 cycle=4501 time=9.923437e+00 dt=5.859375e-04
elapsed=8.026128e+01 cycle=4502 time=9.924023e+00 dt=5.859375e-04
elapsed=8.051450e+01 cycle=4503 time=9.924609e+00 dt=5.859375e-04
elapsed=8.076400e+01 cycle=4504 time=9.925195e+00 dt=5.859375e-04
elapsed=8.102056e+01 cycle=4505 time=9.925781e+00 dt=5.859375e-04
elapsed=8.125482e+01 cycle=4506 time=9.926367e+00 dt=5.859375e-04
elapsed=8.151939e+01 cycle=4507 time=9.926953e+00 dt=5.859375e-04
elapsed=8.178416e+01 cycle=4508 time=9.927539e+00 dt=5.859375e-04
elapsed=8.204854e+01 cycle=4509 time=9.928125e+00 dt=5.859375e-04
elapsed=8.228333e+01 cycle=4510 time=9.928711e+00 dt=5.859375e-04
elapsed=8.254757e+01 cycle=4511 time=9.929297e+00 dt=5.859375e-04
elapsed=8.281314e+01 cycle=4512 time=9.929883e+00 dt=5.859375e-04
elapsed=8.304771e+01 cycle=4513 time=9.930469e+00 dt=5.859375e-04
elapsed=8.330587e+01 cycle=4514 time=9.931055e+00 dt=5.859375e-04
elapsed=8.355615e+01 cycle=4515 time=9.931641e+00 dt=5.859375e-04
elapsed=8.380286e+01 cycle=4516 time=9.932227e+00 dt=5.859375e-04
elapsed=8.406468e+01 cycle=4517 time=9.932813e+00 dt=5.859375e-04
elapsed=8.433397e+01 cycle=4518 time=9.933398e+00 dt=5.859375e-04
elapsed=8.456813e+01 cycle=4519 time=9.933984e+00 dt=5.859375e-04
elapsed=8.483413e+01 cycle=4520 time=9.934570e+00 dt=5.859375e-04
elapsed=8.510098e+01 cycle=4521 time=9.935156e+00 dt=5.859375e-04
elapsed=8.533940e+01 cycle=4522 time=9.935742e+00 dt=5.859375e-04
elapsed=8.559856e+01 cycle=4523 time=9.936328e+00 dt=5.859375e-04
elapsed=8.587416e+01 cycle=4524 time=9.936914e+00 dt=5.859375e-04
elapsed=8.610916e+01 cycle=4525 time=9.937500e+00 dt=5.859375e-04
elapsed=8.637906e+01 cycle=4526 time=9.938086e+00 dt=5.859375e-04
elapsed=8.662547e+01 cycle=4527 time=9.938672e+00 dt=5.859375e-04
elapsed=8.687953e+01 cycle=4528 time=9.939258e+00 dt=5.859375e-04
elapsed=8.714285e+01 cycle=4529 time=9.939844e+00 dt=5.859375e-04
elapsed=8.740401e+01 cycle=4530 time=9.940430e+00 dt=5.859375e-04
elapsed=8.763930e+01 cycle=4531 time=9.941016e+00 dt=5.859375e-04
elapsed=8.790380e+01 cycle=4532 time=9.941602e+00 dt=5.859375e-04
elapsed=8.816039e+01 cycle=4533 time=9.942188e+00 dt=5.859375e-04
elapsed=8.840768e+01 cycle=4534 time=9.942773e+00 dt=5.859375e-04
elapsed=8.866655e+01 cycle=4535 time=9.943359e+00 dt=5.859375e-04
elapsed=8.897126e+01 cycle=4536 time=9.943945e+00 dt=5.859375e-04
elapsed=8.921142e+01 cycle=4537 time=9.944531e+00 dt=5.859375e-04
elapsed=8.948530e+01 cycle=4538 time=9.945117e+00 dt=5.859375e-04
elapsed=8.971887e+01 cycle=4539 time=9.945703e+00 dt=5.859375e-04
elapsed=9.000722e+01 cycle=4540 time=9.946289e+00 dt=5.859375e-04
elapsed=9.026075e+01 cycle=4541 time=9.946875e+00 dt=5.859375e-04
elapsed=9.052818e+01 cycle=4542 time=9.947461e+00 dt=5.859375e-04
elapsed=9.076241e+01 cycle=4543 time=9.948047e+00 dt=5.859375e-04
elapsed=9.103494e+01 cycle=4544 time=9.948633e+00 dt=5.859375e-04
elapsed=9.130027e+01 cycle=4545 time=9.949219e+00 dt=5.859375e-04
elapsed=9.156567e+01 cycle=4546 time=9.949805e+00 dt=5.859375e-04
elapsed=9.180063e+01 cycle=4547 time=9.950391e+00 dt=5.859375e-04
elapsed=9.206939e+01 cycle=4548 time=9.950977e+00 dt=5.859375e-04
elapsed=9.230836e+01 cycle=4549 time=9.951563e+00 dt=5.859375e-04
elapsed=9.257465e+01 cycle=4550 time=9.952148e+00 dt=5.859375e-04
elapsed=9.283104e+01 cycle=4551 time=9.952734e+00 dt=5.859375e-04
elapsed=9.308413e+01 cycle=4552 time=9.953320e+00 dt=5.859375e-04
elapsed=9.332813e+01 cycle=4553 time=9.953906e+00 dt=5.859375e-04
elapsed=9.358864e+01 cycle=4554 time=9.954492e+00 dt=5.859375e-04
elapsed=9.383520e+01 cycle=4555 time=9.955078e+00 dt=5.859375e-04
elapsed=9.408996e+01 cycle=4556 time=9.955664e+00 dt=5.859375e-04
elapsed=9.435448e+01 cycle=4557 time=9.956250e+00 dt=5.859375e-04
elapsed=9.462327e+01 cycle=4558 time=9.956836e+00 dt=5.859375e-04
elapsed=9.485608e+01 cycle=4559 time=9.957422e+00 dt=5.859375e-04
elapsed=9.512795e+01 cycle=4560 time=9.958008e+00 dt=5.859375e-04
elapsed=9.540401e+01 cycle=4561 time=9.958594e+00 dt=5.859375e-04
elapsed=9.566889e+01 cycle=4562 time=9.959180e+00 dt=5.859375e-04
elapsed=9.590182e+01 cycle=4563 time=9.959766e+00 dt=5.859375e-04
elapsed=9.617597e+01 cycle=4564 time=9.960352e+00 dt=5.859375e-04
elapsed=9.641492e+01 cycle=4565 time=9.960938e+00 dt=5.859375e-04
elapsed=9.666979e+01 cycle=4566 time=9.961523e+00 dt=5.859375e-04
elapsed=9.693936e+01 cycle=4567 time=9.962109e+00 dt=5.859375e-04
elapsed=9.720049e+01 cycle=4568 time=9.962695e+00 dt=5.859375e-04
elapsed=9.743644e+01 cycle=4569 time=9.963281e+00 dt=5.859375e-04
elapsed=9.769957e+01 cycle=4570 time=9.963867e+00 dt=5.859375e-04
elapsed=9.795856e+01 cycle=4571 time=9.964453e+00 dt=5.859375e-04
elapsed=9.821153e+01 cycle=4572 time=9.965039e+00 dt=5.859375e-04
elapsed=9.846665e+01 cycle=4573 time=9.965625e+00 dt=5.859375e-04
elapsed=9.872891e+01 cycle=4574 time=9.966211e+00 dt=5.859375e-04
elapsed=9.896162e+01 cycle=4575 time=9.966797e+00 dt=5.859375e-04
elapsed=9.923579e+01 cycle=4576 time=9.967383e+00 dt=5.859375e-04
elapsed=9.950476e+01 cycle=4577 time=9.967969e+00 dt=5.859375e-04
elapsed=9.976858e+01 cycle=4578 time=9.968555e+00 dt=5.859375e-04
elapsed=1.000084e+02 cycle=4579 time=9.969141e+00 dt=5.859375e-04
elapsed=1.002753e+02 cycle=4580 time=9.969727e+00 dt=5.859375e-04
elapsed=1.005114e+02 cycle=4581 time=9.970313e+00 dt=5.859375e-04
elapsed=1.007779e+02 cycle=4582 time=9.970898e+00 dt=5.859375e-04
elapsed=1.010335e+02 cycle=4583 time=9.971484e+00 dt=5.859375e-04
elapsed=1.012818e+02 cycle=4584 time=9.972070e+00 dt=5.859375e-04
elapsed=1.015293e+02 cycle=4585 time=9.972656e+00 dt=5.859375e-04
elapsed=1.017904e+02 cycle=4586 time=9.973242e+00 dt=5.859375e-04
elapsed=1.020232e+02 cycle=4587 time=9.973828e+00 dt=5.859375e-04
elapsed=1.022948e+02 cycle=4588 time=9.974414e+00 dt=5.859375e-04
elapsed=1.025541e+02 cycle=4589 time=9.975000e+00 dt=5.859375e-04
elapsed=1.028086e+02 cycle=4590 time=9.975586e+00 dt=5.859375e-04
elapsed=1.030538e+02 cycle=4591 time=9.976172e+00 dt=5.859375e-04
elapsed=1.033268e+02 cycle=4592 time=9.976758e+00 dt=5.859375e-04
elapsed=1.035600e+02 cycle=4593 time=9.977344e+00 dt=5.859375e-04
elapsed=1.038329e+02 cycle=4594 time=9.977930e+00 dt=5.859375e-04
elapsed=1.040797e+02 cycle=4595 time=9.978516e+00 dt=5.859375e-04
elapsed=1.043336e+02 cycle=4596 time=9.979102e+00 dt=5.859375e-04
elapsed=1.045955e+02 cycle=4597 time=9.979688e+00 dt=5.859375e-04
elapsed=1.048598e+02 cycle=4598 time=9.980273e+00 dt=5.859375e-04
elapsed=1.051075e+02 cycle=4599 time=9.980859e+00 dt=5.859375e-04
elapsed=1.053839e+02 cycle=4600 time=9.981445e+00 dt=5.859375e-04
elapsed=1.056380e+02 cycle=4601 time=9.982031e+00 dt=5.859375e-04
elapsed=1.058794e+02 cycle=4602 time=9.982617e+00 dt=5.859375e-04
elapsed=1.061446e+02 cycle=4603 time=9.983203e+00 dt=5.859375e-04
elapsed=1.064144e+02 cycle=4604 time=9.983789e+00 dt=5.859375e-04
elapsed=1.066475e+02 cycle=4605 time=9.984375e+00 dt=5.859375e-04
elapsed=1.069102e+02 cycle=4606 time=9.984961e+00 dt=5.859375e-04
elapsed=1.071488e+02 cycle=4607 time=9.985547e+00 dt=5.859375e-04
elapsed=1.074162e+02 cycle=4608 time=9.986133e+00 dt=5.859375e-04
elapsed=1.076787e+02 cycle=4609 time=9.986719e+00 dt=5.859375e-04
elapsed=1.079362e+02 cycle=4610 time=9.987305e+00 dt=5.859375e-04
elapsed=1.081750e+02 cycle=4611 time=9.987891e+00 dt=5.859375e-04
elapsed=1.084434e+02 cycle=4612 time=9.988477e+00 dt=5.859375e-04
elapsed=1.087109e+02 cycle=4613 time=9.989063e+00 dt=5.859375e-04
elapsed=1.089456e+02 cycle=4614 time=9.989648e+00 dt=5.859375e-04
elapsed=1.092069e+02 cycle=4615 time=9.990234e+00 dt=5.859375e-04
elapsed=1.094698e+02 cycle=4616 time=9.990820e+00 dt=5.859375e-04
elapsed=1.097141e+02 cycle=4617 time=9.991406e+00 dt=5.859375e-04
elapsed=1.099773e+02 cycle=4618 time=9.991992e+00 dt=5.859375e-04
elapsed=1.102107e+02 cycle=4619 time=9.992578e+00 dt=5.859375e-04
elapsed=1.104741e+02 cycle=4620 time=9.993164e+00 dt=5.859375e-04
elapsed=1.107361e+02 cycle=4621 time=9.993750e+00 dt=5.859375e-04
elapsed=1.109695e+02 cycle=4622 time=9.994336e+00 dt=5.859375e-04
elapsed=1.112311e+02 cycle=4623 time=9.994922e+00 dt=5.859375e-04
elapsed=1.115147e+02 cycle=4624 time=9.995508e+00 dt=5.859375e-04
elapsed=1.117592e+02 cycle=4625 time=9.996094e+00 dt=5.859375e-04
elapsed=1.120009e+02 cycle=4626 time=9.996680e+00 dt=5.859375e-04
elapsed=1.122596e+02 cycle=4627 time=9.997266e+00 dt=5.859375e-04
elapsed=1.125170e+02 cycle=4628 time=9.997852e+00 dt=5.859375e-04
elapsed=1.127606e+02 cycle=4629 time=9.998438e+00 dt=5.859375e-04
elapsed=1.130337e+02 cycle=4630 time=9.999023e+00 dt=5.859375e-04
elapsed=1.132908e+02 cycle=4631 time=9.999609e+00 dt=5.859375e-04
elapsed=1.135410e+02 cycle=4632 time=1.000020e+01 dt=5.859375e-04
elapsed=1.138056e+02 cycle=4633 time=1.000078e+01 dt=5.859375e-04
elapsed=1.140639e+02 cycle=4634 time=1.000137e+01 dt=5.859375e-04
elapsed=1.143049e+02 cycle=4635 time=1.000195e+01 dt=5.859375e-04
elapsed=1.145766e+02 cycle=4636 time=1.000254e+01 dt=5.859375e-04
elapsed=1.148301e+02 cycle=4637 time=1.000313e+01 dt=5.859375e-04
elapsed=1.150691e+02 cycle=4638 time=1.000371e+01 dt=5.859375e-04
elapsed=1.153327e+02 cycle=4639 time=1.000430e+01 dt=5.859375e-04
elapsed=1.156016e+02 cycle=4640 time=1.000488e+01 dt=5.859375e-04
elapsed=1.158643e+02 cycle=4641 time=1.000547e+01 dt=5.859375e-04
elapsed=1.161154e+02 cycle=4642 time=1.000605e+01 dt=5.859375e-04
elapsed=1.163755e+02 cycle=4643 time=1.000664e+01 dt=5.859375e-04
elapsed=1.166154e+02 cycle=4644 time=1.000723e+01 dt=5.859375e-04
elapsed=1.168697e+02 cycle=4645 time=1.000781e+01 dt=5.859375e-04
elapsed=1.171215e+02 cycle=4646 time=1.000840e+01 dt=5.859375e-04
elapsed=1.173601e+02 cycle=4647 time=1.000898e+01 dt=5.859375e-04
elapsed=1.176267e+02 cycle=4648 time=1.000957e+01 dt=5.859375e-04
elapsed=1.178892e+02 cycle=4649 time=1.001016e+01 dt=5.859375e-04
elapsed=1.181253e+02 cycle=4650 time=1.001074e+01 dt=5.859375e-04
elapsed=1.183910e+02 cycle=4651 time=1.001133e+01 dt=5.859375e-04
elapsed=1.186309e+02 cycle=4652 time=1.001191e+01 dt=5.859375e-04
elapsed=1.189123e+02 cycle=4653 time=1.001250e+01 dt=5.859375e-04
elapsed=1.191685e+02 cycle=4654 time=1.001309e+01 dt=5.859375e-04
elapsed=1.194227e+02 cycle=4655 time=1.001367e+01 dt=5.859375e-04
elapsed=1.196851e+02 cycle=4656 time=1.001426e+01 dt=5.859375e-04
elapsed=1.199572e+02 cycle=4657 time=1.001484e+01 dt=5.859375e-04
elapsed=1.202099e+02 cycle=4658 time=1.001543e+01 dt=5.859375e-04
elapsed=1.204564e+02 cycle=4659 time=1.001602e+01 dt=5.859375e-04
elapsed=1.207288e+02 cycle=4660 time=1.001660e+01 dt=5.859375e-04
elapsed=1.209772e+02 cycle=4661 time=1.001719e+01 dt=5.859375e-04
elapsed=1.212251e+02 cycle=4662 time=1.001777e+01 dt=5.859375e-04
elapsed=1.214900e+02 cycle=4663 time=1.001836e+01 dt=5.859375e-04
elapsed=1.217535e+02 cycle=4664 time=1.001895e+01 dt=5.859375e-04
elapsed=1.219910e+02 cycle=4665 time=1.001953e+01 dt=5.859375e-04
elapsed=1.222701e+02 cycle=4666 time=1.002012e+01 dt=5.859375e-04
elapsed=1.225262e+02 cycle=4667 time=1.002070e+01 dt=5.859375e-04
elapsed=1.227668e+02 cycle=4668 time=1.002129e+01 dt=5.859375e-04
elapsed=1.230202e+02 cycle=4669 time=1.002188e+01 dt=5.859375e-04
elapsed=1.232586e+02 cycle=4670 time=1.002246e+01 dt=5.859375e-04
elapsed=1.235124e+02 cycle=4671 time=1.002305e+01 dt=5.859375e-04
elapsed=1.237773e+02 cycle=4672 time=1.002363e+01 dt=5.859375e-04
elapsed=1.240354e+02 cycle=4673 time=1.002422e+01 dt=5.859375e-04
elapsed=1.242754e+02 cycle=4674 time=1.002480e+01 dt=5.859375e-04
elapsed=1.245490e+02 cycle=4675 time=1.002539e+01 dt=5.859375e-04
elapsed=1.247889e+02 cycle=4676 time=1.002598e+01 dt=5.859375e-04
elapsed=1.250537e+02 cycle=4677 time=1.002656e+01 dt=5.859375e-04
elapsed=1.253109e+02 cycle=4678 time=1.002715e+01 dt=5.859375e-04
elapsed=1.255676e+02 cycle=4679 time=1.002773e+01 dt=5.859375e-04
elapsed=1.258070e+02 cycle=4680 time=1.002832e+01 dt=5.859375e-04
elapsed=1.260794e+02 cycle=4681 time=1.002891e+01 dt=5.859375e-04
elapsed=1.263463e+02 cycle=4682 time=1.002949e+01 dt=5.859375e-04
elapsed=1.265802e+02 cycle=4683 time=1.003008e+01 dt=5.859375e-04
elapsed=1.268499e+02 cycle=4684 time=1.003066e+01 dt=5.859375e-04
elapsed=1.271133e+02 cycle=4685 time=1.003125e+01 dt=5.859375e-04
elapsed=1.273477e+02 cycle=4686 time=1.003184e+01 dt=5.859375e-04
elapsed=1.276252e+02 cycle=4687 time=1.003242e+01 dt=5.859375e-04
elapsed=1.278767e+02 cycle=4688 time=1.003301e+01 dt=5.859375e-04
elapsed=1.281220e+02 cycle=4689 time=1.003359e+01 dt=5.859375e-04
elapsed=1.283778e+02 cycle=4690 time=1.003418e+01 dt=5.859375e-04
elapsed=1.286296e+02 cycle=4691 time=1.003477e+01 dt=5.859375e-04
elapsed=1.288750e+02 cycle=4692 time=1.003535e+01 dt=5.859375e-04
elapsed=1.291411e+02 cycle=4693 time=1.003594e+01 dt=5.859375e-04
elapsed=1.293994e+02 cycle=4694 time=1.003652e+01 dt=5.859375e-04
elapsed=1.296397e+02 cycle=4695 time=1.003711e+01 dt=5.859375e-04
elapsed=1.299014e+02 cycle=4696 time=1.003770e+01 dt=5.859375e-04
elapsed=1.301545e+02 cycle=4697 time=1.003828e+01 dt=5.859375e-04
elapsed=1.303892e+02 cycle=4698 time=1.003887e+01 dt=5.859375e-04
elapsed=1.306531e+02 cycle=4699 time=1.003945e+01 dt=5.859375e-04
elapsed=1.308936e+02 cycle=4700 time=1.004004e+01 dt=5.859375e-04
elapsed=1.311563e+02 cycle=4701 time=1.004063e+01 dt=5.859375e-04
elapsed=1.314246e+02 cycle=4702 time=1.004121e+01 dt=5.859375e-04
elapsed=1.316694e+02 cycle=4703 time=1.004180e+01 dt=5.859375e-04
elapsed=1.319210e+02 cycle=4704 time=1.004238e+01 dt=5.859375e-04
elapsed=1.321763e+02 cycle=4705 time=1.004297e+01 dt=5.859375e-04
elapsed=1.324271e+02 cycle=4706 time=1.004355e+01 dt=5.859375e-04
elapsed=1.326654e+02 cycle=4707 time=1.004414e+01 dt=5.859375e-04
elapsed=1.329362e+02 cycle=4708 time=1.004473e+01 dt=5.859375e-04
elapsed=1.331801e+02 cycle=4709 time=1.004531e+01 dt=5.859375e-04
elapsed=1.334265e+02 cycle=4710 time=1.004590e+01 dt=5.859375e-04
elapsed=1.336815e+02 cycle=4711 time=1.004648e+01 dt=5.859375e-04
elapsed=1.339236e+02 cycle=4712 time=1.004707e+01 dt=5.859375e-04
elapsed=1.341813e+02 cycle=4713 time=1.004766e+01 dt=5.859375e-04
elapsed=1.344424e+02 cycle=4714 time=1.004824e+01 dt=5.859375e-04
elapsed=1.346759e+02 cycle=4715 time=1.004883e+01 dt=5.859375e-04
elapsed=1.349563e+02 cycle=4716 time=1.004941e+01 dt=5.859375e-04
elapsed=1.352117e+02 cycle=4717 time=1.005000e+01 dt=5.859375e-04
elapsed=1.354495e+02 cycle=4718 time=1.005059e+01 dt=5.859375e-04
elapsed=1.357066e+02 cycle=4719 time=1.005117e+01 dt=5.859375e-04
elapsed=1.359873e+02 cycle=4720 time=1.005176e+01 dt=5.859375e-04
elapsed=1.362262e+02 cycle=4721 time=1.005234e+01 dt=5.859375e-04
elapsed=1.364869e+02 cycle=4722 time=1.005293e+01 dt=5.859375e-04
elapsed=1.367440e+02 cycle=4723 time=1.005352e+01 dt=5.859375e-04
elapsed=1.369841e+02 cycle=4724 time=1.005410e+01 dt=5.859375e-04
elapsed=1.372389e+02 cycle=4725 time=1.005469e+01 dt=5.859375e-04
elapsed=1.374952e+02 cycle=4726 time=1.005527e+01 dt=5.859375e-04
elapsed=1.377291e+02 cycle=4727 time=1.005586e+01 dt=5.859375e-04
elapsed=1.379956e+02 cycle=4728 time=1.005645e+01 dt=5.859375e-04
elapsed=1.382603e+02 cycle=4729 time=1.005703e+01 dt=5.859375e-04
elapsed=1.385014e+02 cycle=4730 time=1.005762e+01 dt=5.859375e-04
elapsed=1.387723e+02 cycle=4731 time=1.005820e+01 dt=5.859375e-04
elapsed=1.390359e+02 cycle=4732 time=1.005879e+01 dt=5.859375e-04
elapsed=1.392701e+02 cycle=4733 time=1.005938e+01 dt=5.859375e-04
elapsed=1.395308e+02 cycle=4734 time=1.005996e+01 dt=5.859375e-04
elapsed=1.397971e+02 cycle=4735 time=1.006055e+01 dt=5.859375e-04
elapsed=1.400546e+02 cycle=4736 time=1.006113e+01 dt=5.859375e-04
elapsed=1.403115e+02 cycle=4737 time=1.006172e+01 dt=5.859375e-04
elapsed=1.405656e+02 cycle=4738 time=1.006230e+01 dt=5.859375e-04
elapsed=1.407997e+02 cycle=4739 time=1.006289e+01 dt=5.859375e-04
elapsed=1.410682e+02 cycle=4740 time=1.006348e+01 dt=5.859375e-04
elapsed=1.413326e+02 cycle=4741 time=1.006406e+01 dt=5.859375e-04
elapsed=1.415725e+02 cycle=4742 time=1.006465e+01 dt=5.859375e-04
elapsed=1.418255e+02 cycle=4743 time=1.006523e+01 dt=5.859375e-04
elapsed=1.420910e+02 cycle=4744 time=1.006582e+01 dt=5.859375e-04
elapsed=1.423246e+02 cycle=4745 time=1.006641e+01 dt=5.859375e-04
elapsed=1.425901e+02 cycle=4746 time=1.006699e+01 dt=5.859375e-04
elapsed=1.428474e+02 cycle=4747 time=1.006758e+01 dt=5.859375e-04
elapsed=1.431021e+02 cycle=4748 time=1.006816e+01 dt=5.859375e-04
elapsed=1.433616e+02 cycle=4749 time=1.006875e+01 dt=5.859375e-04
elapsed=1.436157e+02 cycle=4750 time=1.006934e+01 dt=5.859375e-04
elapsed=1.438552e+02 cycle=4751 time=1.006992e+01 dt=5.859375e-04
elapsed=1.441186e+02 cycle=4752 time=1.007051e+01 dt=5.859375e-04
elapsed=1.443783e+02 cycle=4753 time=1.007109e+01 dt=5.859375e-04
elapsed=1.446291e+02 cycle=4754 time=1.007168e+01 dt=5.859375e-04
elapsed=1.448813e+02 cycle=4755 time=1.007227e+01 dt=5.859375e-04
elapsed=1.451688e+02 cycle=4756 time=1.007285e+01 dt=5.859375e-04
elapsed=1.454030e+02 cycle=4757 time=1.007344e+01 dt=5.859375e-04
elapsed=1.456571e+02 cycle=4758 time=1.007402e+01 dt=5.859375e-04
elapsed=1.459050e+02 cycle=4759 time=1.007461e+01 dt=5.859375e-04
elapsed=1.461550e+02 cycle=4760 time=1.007520e+01 dt=5.859375e-04
elapsed=1.464143e+02 cycle=4761 time=1.007578e+01 dt=5.859375e-04
elapsed=1.466825e+02 cycle=4762 time=1.007637e+01 dt=5.859375e-04
elapsed=1.469166e+02 cycle=4763 time=1.007695e+01 dt=5.859375e-04
elapsed=1.471951e+02 cycle=4764 time=1.007754e+01 dt=5.859375e-04
elapsed=1.474289e+02 cycle=4765 time=1.007813e+01 dt=5.859375e-04
elapsed=1.476863e+02 cycle=4766 time=1.007871e+01 dt=5.859375e-04
elapsed=1.479419e+02 cycle=4767 time=1.007930e+01 dt=5.859375e-04
elapsed=1.481888e+02 cycle=4768 time=1.007988e+01 dt=5.859375e-04
elapsed=1.484380e+02 cycle=4769 time=1.008047e+01 dt=5.859375e-04
elapsed=1.486927e+02 cycle=4770 time=1.008105e+01 dt=5.859375e-04
elapsed=1.489465e+02 cycle=4771 time=1.008164e+01 dt=5.859375e-04
elapsed=1.492116e+02 cycle=4772 time=1.008223e+01 dt=5.859375e-04
elapsed=1.494811e+02 cycle=4773 time=1.008281e+01 dt=5.859375e-04
elapsed=1.497313e+02 cycle=4774 time=1.008340e+01 dt=5.859375e-04
elapsed=1.499939e+02 cycle=4775 time=1.008398e+01 dt=5.859375e-04
elapsed=1.502782e+02 cycle=4776 time=1.008457e+01 dt=5.859375e-04
elapsed=1.505119e+02 cycle=4777 time=1.008516e+01 dt=5.859375e-04
elapsed=1.507693e+02 cycle=4778 time=1.008574e+01 dt=5.859375e-04
elapsed=1.510283e+02 cycle=4779 time=1.008633e+01 dt=5.859375e-04
elapsed=1.513032e+02 cycle=4780 time=1.008691e+01 dt=5.859375e-04
elapsed=1.515373e+02 cycle=4781 time=1.008750e+01 dt=5.859375e-04
elapsed=1.518059e+02 cycle=4782 time=1.008809e+01 dt=5.859375e-04
elapsed=1.520430e+02 cycle=4783 time=1.008867e+01 dt=5.859375e-04
elapsed=1.523071e+02 cycle=4784 time=1.008926e+01 dt=5.859375e-04
elapsed=1.525654e+02 cycle=4785 time=1.008984e+01 dt=5.859375e-04
elapsed=1.528143e+02 cycle=4786 time=1.009043e+01 dt=5.859375e-04
elapsed=1.530531e+02 cycle=4787 time=1.009102e+01 dt=5.859375e-04
elapsed=1.533341e+02 cycle=4788 time=1.009160e+01 dt=5.859375e-04
elapsed=1.535789e+02 cycle=4789 time=1.009219e+01 dt=5.859375e-04
elapsed=1.538226e+02 cycle=4790 time=1.009277e+01 dt=5.859375e-04
elapsed=1.540780e+02 cycle=4791 time=1.009336e+01 dt=5.859375e-04
elapsed=1.543470e+02 cycle=4792 time=1.009395e+01 dt=5.859375e-04
elapsed=1.545808e+02 cycle=4793 time=1.009453e+01 dt=5.859375e-04
elapsed=1.548349e+02 cycle=4794 time=1.009512e+01 dt=5.859375e-04
elapsed=1.550908e+02 cycle=4795 time=1.009570e+01 dt=5.859375e-04
elapsed=1.553317e+02 cycle=4796 time=1.009629e+01 dt=5.859375e-04
elapsed=1.555931e+02 cycle=4797 time=1.009688e+01 dt=5.859375e-04
elapsed=1.558511e+02 cycle=4798 time=1.009746e+01 dt=5.859375e-04
elapsed=1.560914e+02 cycle=4799 time=1.009805e+01 dt=5.859375e-04
elapsed=1.563569e+02 cycle=4800 time=1.009863e+01 dt=5.859375e-04
elapsed=1.566062e+02 cycle=4801 time=1.009922e+01 dt=5.859375e-04
elapsed=1.568483e+02 cycle=4802 time=1.009980e+01 dt=5.859375e-04
elapsed=1.571113e+02 cycle=4803 time=1.010039e+01 dt=5.859375e-04
elapsed=1.573787e+02 cycle=4804 time=1.010098e+01 dt=5.859375e-04
elapsed=1.576157e+02 cycle=4805 time=1.010156e+01 dt=5.859375e-04
elapsed=1.578892e+02 cycle=4806 time=1.010215e+01 dt=5.859375e-04
elapsed=1.581508e+02 cycle=4807 time=1.010273e+01 dt=5.859375e-04
elapsed=1.584091e+02 cycle=4808 time=1.010332e+01 dt=5.859375e-04
elapsed=1.586500e+02 cycle=4809 time=1.010391e+01 dt=5.859375e-04
elapsed=1.589143e+02 cycle=4810 time=1.010449e+01 dt=5.859375e-04
elapsed=1.591914e+02 cycle=4811 time=1.010508e+01 dt=5.859375e-04
elapsed=1.594327e+02 cycle=4812 time=1.010566e+01 dt=5.859375e-04
elapsed=1.596998e+02 cycle=4813 time=1.010625e+01 dt=5.859375e-04
elapsed=1.599726e+02 cycle=4814 time=1.010684e+01 dt=5.859375e-04
elapsed=1.602071e+02 cycle=4815 time=1.010742e+01 dt=5.859375e-04
elapsed=1.604715e+02 cycle=4816 time=1.010801e+01 dt=5.859375e-04
elapsed=1.607274e+02 cycle=4817 time=1.010859e+01 dt=5.859375e-04
elapsed=1.609677e+02 cycle=4818 time=1.010918e+01 dt=5.859375e-04
elapsed=1.612267e+02 cycle=4819 time=1.010977e+01 dt=5.859375e-04
elapsed=1.614953e+02 cycle=4820 time=1.011035e+01 dt=5.859375e-04
elapsed=1.617297e+02 cycle=4821 time=1.011094e+01 dt=5.859375e-04
elapsed=1.620001e+02 cycle=4822 time=1.011152e+01 dt=5.859375e-04
elapsed=1.622698e+02 cycle=4823 time=1.011211e+01 dt=5.859375e-04
elapsed=1.625293e+02 cycle=4824 time=1.011270e+01 dt=5.859375e-04
elapsed=1.627669e+02 cycle=4825 time=1.011328e+01 dt=5.859375e-04
elapsed=1.630285e+02 cycle=4826 time=1.011387e+01 dt=5.859375e-04
elapsed=1.632976e+02 cycle=4827 time=1.011445e+01 dt=5.859375e-04
elapsed=1.635388e+02 cycle=4828 time=1.011504e+01 dt=5.859375e-04
elapsed=1.638021e+02 cycle=4829 time=1.011563e+01 dt=5.859375e-04
elapsed=1.640588e+02 cycle=4830 time=1.011621e+01 dt=5.859375e-04
elapsed=1.642936e+02 cycle=4831 time=1.011680e+01 dt=5.859375e-04
elapsed=1.645592e+02 cycle=4832 time=1.011738e+01 dt=5.859375e-04
elapsed=1.648117e+02 cycle=4833 time=1.011797e+01 dt=5.859375e-04
elapsed=1.650540e+02 cycle=4834 time=1.011855e+01 dt=5.859375e-04
elapsed=1.653195e+02 cycle=4835 time=1.011914e+01 dt=5.859375e-04
elapsed=1.655952e+02 cycle=4836 time=1.011973e+01 dt=5.859375e-04
elapsed=1.658371e+02 cycle=4837 time=1.012031e+01 dt=5.859375e-04
elapsed=1.661135e+02 cycle=4838 time=1.012090e+01 dt=5.859375e-04
elapsed=1.663736e+02 cycle=4839 time=1.012148e+01 dt=5.859375e-04
elapsed=1.666311e+02 cycle=4840 time=1.012207e+01 dt=5.859375e-04
elapsed=1.668688e+02 cycle=4841 time=1.012266e+01 dt=5.859375e-04
elapsed=1.671313e+02 cycle=4842 time=1.012324e+01 dt=5.859375e-04
elapsed=1.674010e+02 cycle=4843 time=1.012383e+01 dt=5.859375e-04
elapsed=1.676429e+02 cycle=4844 time=1.012441e+01 dt=5.859375e-04
elapsed=1.679033e+02 cycle=4845 time=1.012500e+01 dt=5.859375e-04
elapsed=1.681616e+02 cycle=4846 time=1.012559e+01 dt=5.859375e-04
elapsed=1.683966e+02 cycle=4847 time=1.012617e+01 dt=5.859375e-04
elapsed=1.686641e+02 cycle=4848 time=1.012676e+01 dt=5.859375e-04
elapsed=1.689223e+02 cycle=4849 time=1.012734e+01 dt=5.859375e-04
elapsed=1.691643e+02 cycle=4850 time=1.012793e+01 dt=5.859375e-04
elapsed=1.694200e+02 cycle=4851 time=1.012852e+01 dt=5.859375e-04
elapsed=1.696858e+02 cycle=4852 time=1.012910e+01 dt=5.859375e-04
elapsed=1.699280e+02 cycle=4853 time=1.012969e+01 dt=5.859375e-04
elapsed=1.701859e+02 cycle=4854 time=1.013027e+01 dt=5.859375e-04
elapsed=1.704457e+02 cycle=4855 time=1.013086e+01 dt=5.859375e-04
elapsed=1.706905e+02 cycle=4856 time=1.013145e+01 dt=5.859375e-04
elapsed=1.709437e+02 cycle=4857 time=1.013203e+01 dt=5.859375e-04
elapsed=1.712023e+02 cycle=4858 time=1.013262e+01 dt=5.859375e-04
elapsed=1.714650e+02 cycle=4859 time=1.013320e+01 dt=5.859375e-04
elapsed=1.717222e+02 cycle=4860 time=1.013379e+01 dt=5.859375e-04
elapsed=1.719823e+02 cycle=4861 time=1.013438e+01 dt=5.859375e-04
elapsed=1.722288e+02 cycle=4862 time=1.013496e+01 dt=5.859375e-04
elapsed=1.724752e+02 cycle=4863 time=1.013555e+01 dt=5.859375e-04
elapsed=1.727503e+02 cycle=4864 time=1.013613e+01 dt=5.859375e-04
elapsed=1.729848e+02 cycle=4865 time=1.013672e+01 dt=5.859375e-04
elapsed=1.732507e+02 cycle=4866 time=1.013730e+01 dt=5.859375e-04
elapsed=1.735127e+02 cycle=4867 time=1.013789e+01 dt=5.859375e-04
elapsed=1.737886e+02 cycle=4868 time=1.013848e+01 dt=5.859375e-04
elapsed=1.740231e+02 cycle=4869 time=1.013906e+01 dt=5.859375e-04
elapsed=1.742840e+02 cycle=4870 time=1.013965e+01 dt=5.859375e-04
elapsed=1.745558e+02 cycle=4871 time=1.014023e+01 dt=5.859375e-04
elapsed=1.747972e+02 cycle=4872 time=1.014082e+01 dt=5.859375e-04
elapsed=1.750682e+02 cycle=4873 time=1.014141e+01 dt=5.859375e-04
elapsed=1.753317e+02 cycle=4874 time=1.014199e+01 dt=5.859375e-04
elapsed=1.755728e+02 cycle=4875 time=1.014258e+01 dt=5.859375e-04
elapsed=1.758367e+02 cycle=4876 time=1.014316e+01 dt=5.859375e-04
elapsed=1.760821e+02 cycle=4877 time=1.014375e+01 dt=5.859375e-04
elapsed=1.763368e+02 cycle=4878 time=1.014434e+01 dt=5.859375e-04
elapsed=1.765926e+02 cycle=4879 time=1.014492e+01 dt=5.859375e-04
elapsed=1.768635e+02 cycle=4880 time=1.014551e+01 dt=5.859375e-04
elapsed=1.770981e+02 cycle=4881 time=1.014609e+01 dt=5.859375e-04
elapsed=1.773565e+02 cycle=4882 time=1.014668e+01 dt=5.859375e-04
elapsed=1.776137e+02 cycle=4883 time=1.014727e+01 dt=5.859375e-04
elapsed=1.778749e+02 cycle=4884 time=1.014785e+01 dt=5.859375e-04
elapsed=1.781306e+02 cycle=4885 time=1.014844e+01 dt=5.859375e-04
elapsed=1.783933e+02 cycle=4886 time=1.014902e+01 dt=5.859375e-04
elapsed=1.786531e+02 cycle=4887 time=1.014961e+01 dt=5.859375e-04
elapsed=1.789183e+02 cycle=4888 time=1.015020e+01 dt=5.859375e-04
elapsed=1.791971e+02 cycle=4889 time=1.015078e+01 dt=5.859375e-04
elapsed=1.794512e+02 cycle=4890 time=1.015137e+01 dt=5.859375e-04
elapsed=1.796906e+02 cycle=4891 time=1.015195e+01 dt=5.859375e-04
elapsed=1.799667e+02 cycle=4892 time=1.015254e+01 dt=5.859375e-04
elapsed=1.802153e+02 cycle=4893 time=1.015313e+01 dt=5.859375e-04
elapsed=1.804574e+02 cycle=4894 time=1.015371e+01 dt=5.859375e-04
elapsed=1.807160e+02 cycle=4895 time=1.015430e+01 dt=5.859375e-04
elapsed=1.809854e+02 cycle=4896 time=1.015488e+01 dt=5.859375e-04
elapsed=1.812202e+02 cycle=4897 time=1.015547e+01 dt=5.859375e-04
elapsed=1.814954e+02 cycle=4898 time=1.015605e+01 dt=5.859375e-04
elapsed=1.817537e+02 cycle=4899 time=1.015664e+01 dt=5.859375e-04
elapsed=1.820078e+02 cycle=4900 time=1.015723e+01 dt=5.859375e-04
elapsed=1.822486e+02 cycle=4901 time=1.015781e+01 dt=5.859375e-04
elapsed=1.825060e+02 cycle=4902 time=1.015840e+01 dt=5.859375e-04
elapsed=1.827768e+02 cycle=4903 time=1.015898e+01 dt=5.859375e-04
elapsed=1.830181e+02 cycle=4904 time=1.015957e+01 dt=5.859375e-04
elapsed=1.832859e+02 cycle=4905 time=1.016016e+01 dt=5.859375e-04
elapsed=1.835451e+02 cycle=4906 time=1.016074e+01 dt=5.859375e-04
elapsed=1.837796e+02 cycle=4907 time=1.016133e+01 dt=5.859375e-04
elapsed=1.840419e+02 cycle=4908 time=1.016191e+01 dt=5.859375e-04
elapsed=1.842875e+02 cycle=4909 time=1.016250e+01 dt=5.859375e-04
elapsed=1.845345e+02 cycle=4910 time=1.016309e+01 dt=5.859375e-04
elapsed=1.847916e+02 cycle=4911 time=1.016367e+01 dt=5.859375e-04
elapsed=1.850485e+02 cycle=4912 time=1.016426e+01 dt=5.859375e-04
elapsed=1.852934e+02 cycle=4913 time=1.016484e+01 dt=5.859375e-04
elapsed=1.855507e+02 cycle=4914 time=1.016543e+01 dt=5.859375e-04
elapsed=1.858232e+02 cycle=4915 time=1.016602e+01 dt=5.859375e-04
elapsed=1.860653e+02 cycle=4916 time=1.016660e+01 dt=5.859375e-04
elapsed=1.863204e+02 cycle=4917 time=1.016719e+01 dt=5.859375e-04
elapsed=1.865666e+02 cycle=4918 time=1.016777e+01 dt=5.859375e-04
elapsed=1.868150e+02 cycle=4919 time=1.016836e+01 dt=5.859375e-04
elapsed=1.870759e+02 cycle=4920 time=1.016895e+01 dt=5.859375e-04
elapsed=1.873111e+02 cycle=4921 time=1.016953e+01 dt=5.859375e-04
elapsed=1.875679e+02 cycle=4922 time=1.017012e+01 dt=5.859375e-04
elapsed=1.878233e+02 cycle=4923 time=1.017070e+01 dt=5.859375e-04
elapsed=1.880646e+02 cycle=4924 time=1.017129e+01 dt=5.859375e-04
elapsed=1.883242e+02 cycle=4925 time=1.017188e+01 dt=5.859375e-04
elapsed=1.885822e+02 cycle=4926 time=1.017246e+01 dt=5.859375e-04
elapsed=1.888222e+02 cycle=4927 time=1.017305e+01 dt=5.859375e-04
elapsed=1.891151e+02 cycle=4928 time=1.017363e+01 dt=5.859375e-04
elapsed=1.893706e+02 cycle=4929 time=1.017422e+01 dt=5.859375e-04
elapsed=1.896072e+02 cycle=4930 time=1.017480e+01 dt=5.859375e-04
elapsed=1.898784e+02 cycle=4931 time=1.017539e+01 dt=5.859375e-04
elapsed=1.901415e+02 cycle=4932 time=1.017598e+01 dt=5.859375e-04
elapsed=1.903768e+02 cycle=4933 time=1.017656e+01 dt=5.859375e-04
elapsed=1.906355e+02 cycle=4934 time=1.017715e+01 dt=5.859375e-04
elapsed=1.908936e+02 cycle=4935 time=1.017773e+01 dt=5.859375e-04
elapsed=1.911347e+02 cycle=4936 time=1.017832e+01 dt=5.859375e-04
elapsed=1.913976e+02 cycle=4937 time=1.017891e+01 dt=5.859375e-04
elapsed=1.916494e+02 cycle=4938 time=1.017949e+01 dt=5.859375e-04
elapsed=1.918917e+02 cycle=4939 time=1.018008e+01 dt=5.859375e-04
elapsed=1.921689e+02 cycle=4940 time=1.018066e+01 dt=5.859375e-04
elapsed=1.924261e+02 cycle=4941 time=1.018125e+01 dt=5.859375e-04
elapsed=1.926642e+02 cycle=4942 time=1.018184e+01 dt=5.859375e-04
elapsed=1.929299e+02 cycle=4943 time=1.018242e+01 dt=5.859375e-04
elapsed=1.931774e+02 cycle=4944 time=1.018301e+01 dt=5.859375e-04
elapsed=1.934281e+02 cycle=4945 time=1.018359e+01 dt=5.859375e-04
elapsed=1.936816e+02 cycle=4946 time=1.018418e+01 dt=5.859375e-04
elapsed=1.939345e+02 cycle=4947 time=1.018477e+01 dt=5.859375e-04
elapsed=1.941848e+02 cycle=4948 time=1.018535e+01 dt=5.859375e-04
elapsed=1.944474e+02 cycle=4949 time=1.018594e+01 dt=5.859375e-04
elapsed=1.946828e+02 cycle=4950 time=1.018652e+01 dt=5.859375e-04
elapsed=1.949387e+02 cycle=4951 time=1.018711e+01 dt=5.859375e-04
elapsed=1.952281e+02 cycle=4952 time=1.018770e+01 dt=5.859375e-04
elapsed=1.954684e+02 cycle=4953 time=1.018828e+01 dt=5.859375e-04
elapsed=1.957215e+02 cycle=4954 time=1.018887e+01 dt=5.859375e-04
elapsed=1.959887e+02 cycle=4955 time=1.018945e+01 dt=5.859375e-04
elapsed=1.962303e+02 cycle=4956 time=1.019004e+01 dt=5.859375e-04
elapsed=1.964888e+02 cycle=4957 time=1.019063e+01 dt=5.859375e-04
elapsed=1.967446e+02 cycle=4958 time=1.019121e+01 dt=5.859375e-04
elapsed=1.969867e+02 cycle=4959 time=1.019180e+01 dt=5.859375e-04
elapsed=1.972541e+02 cycle=4960 time=1.019238e+01 dt=5.859375e-04
elapsed=1.975190e+02 cycle=4961 time=1.019297e+01 dt=5.859375e-04
elapsed=1.977588e+02 cycle=4962 time=1.019355e+01 dt=5.859375e-04
elapsed=1.980149e+02 cycle=4963 time=1.019414e+01 dt=5.859375e-04
elapsed=1.982951e+02 cycle=4964 time=1.019473e+01 dt=5.859375e-04
elapsed=1.985488e+02 cycle=4965 time=1.019531e+01 dt=5.859375e-04
elapsed=1.987872e+02 cycle=4966 time=1.019590e+01 dt=5.859375e-04
elapsed=1.990479e+02 cycle=4967 time=1.019648e+01 dt=5.859375e-04
elapsed=1.993238e+02 cycle=4968 time=1.019707e+01 dt=5.859375e-04
elapsed=1.995634e+02 cycle=4969 time=1.019766e+01 dt=5.859375e-04
elapsed=1.998213e+02 cycle=4970 time=1.019824e+01 dt=5.859375e-04
elapsed=2.000859e+02 cycle=4971 time=1.019883e+01 dt=5.859375e-04
elapsed=2.003274e+02 cycle=4972 time=1.019941e+01 dt=5.859375e-04
elapsed=2.005876e+02 cycle=4973 time=1.020000e+01 dt=5.859375e-04
elapsed=2.008329e+02 cycle=4974 time=1.020059e+01 dt=5.859375e-04
elapsed=2.010789e+02 cycle=4975 time=1.020117e+01 dt=5.859375e-04
elapsed=2.013569e+02 cycle=4976 time=1.020176e+01 dt=5.859375e-04
elapsed=2.016077e+02 cycle=4977 time=1.020234e+01 dt=5.859375e-04
elapsed=2.018477e+02 cycle=4978 time=1.020293e+01 dt=5.859375e-04
elapsed=2.021039e+02 cycle=4979 time=1.020352e+01 dt=5.859375e-04
elapsed=2.023692e+02 cycle=4980 time=1.020410e+01 dt=5.859375e-04
elapsed=2.026044e+02 cycle=4981 time=1.020469e+01 dt=5.859375e-04
elapsed=2.028727e+02 cycle=4982 time=1.020527e+01 dt=5.859375e-04
elapsed=2.031306e+02 cycle=4983 time=1.020586e+01 dt=5.859375e-04
elapsed=2.033765e+02 cycle=4984 time=1.020645e+01 dt=5.859375e-04
elapsed=2.036338e+02 cycle=4985 time=1.020703e+01 dt=5.859375e-04
elapsed=2.038691e+02 cycle=4986 time=1.020762e+01 dt=5.859375e-04
elapsed=2.041317e+02 cycle=4987 time=1.020820e+01 dt=5.859375e-04
elapsed=2.043965e+02 cycle=4988 time=1.020879e+01 dt=5.859375e-04
elapsed=2.046499e+02 cycle=4989 time=1.020938e+01 dt=5.859375e-04
elapsed=2.048910e+02 cycle=4990 time=1.020996e+01 dt=5.859375e-04
elapsed=2.051587e+02 cycle=4991 time=1.021055e+01 dt=5.859375e-04
elapsed=2.054441e+02 cycle=4992 time=1.021113e+01 dt=5.859375e-04
elapsed=2.056788e+02 cycle=4993 time=1.021172e+01 dt=5.859375e-04
elapsed=2.059353e+02 cycle=4994 time=1.021230e+01 dt=5.859375e-04
elapsed=2.061879e+02 cycle=4995 time=1.021289e+01 dt=5.859375e-04
elapsed=2.064394e+02 cycle=4996 time=1.021348e+01 dt=5.859375e-04
elapsed=2.067024e+02 cycle=4997 time=1.021406e+01 dt=5.859375e-04
elapsed=2.069378e+02 cycle=4998 time=1.021465e+01 dt=5.859375e-04
elapsed=2.071960e+02 cycle=4999 time=1.021523e+01 dt=5.859375e-04
elapsed=2.074609e+02 cycle=5000 time=1.021582e+01 dt=5.859375e-04
elapsed=2.077040e+02 cycle=5001 time=1.021641e+01 dt=5.859375e-04
elapsed=2.079586e+02 cycle=5002 time=1.021699e+01 dt=5.859375e-04
elapsed=2.082228e+02 cycle=5003 time=1.021758e+01 dt=5.859375e-04
elapsed=2.084932e+02 cycle=5004 time=1.021816e+01 dt=5.859375e-04
elapsed=2.087417e+02 cycle=5005 time=1.021875e+01 dt=5.859375e-04
elapsed=2.090435e+02 cycle=5006 time=1.021934e+01 dt=5.859375e-04
elapsed=2.093050e+02 cycle=5007 time=1.021992e+01 dt=5.859375e-04
elapsed=2.095554e+02 cycle=5008 time=1.022051e+01 dt=5.859375e-04
elapsed=2.098161e+02 cycle=5009 time=1.022109e+01 dt=5.859375e-04
elapsed=2.100556e+02 cycle=5010 time=1.022168e+01 dt=5.859375e-04
elapsed=2.103105e+02 cycle=5011 time=1.022227e+01 dt=5.859375e-04
elapsed=2.105739e+02 cycle=5012 time=1.022285e+01 dt=5.859375e-04
elapsed=2.108309e+02 cycle=5013 time=1.022344e+01 dt=5.859375e-04
elapsed=2.110705e+02 cycle=5014 time=1.022402e+01 dt=5.859375e-04
elapsed=2.113282e+02 cycle=5015 time=1.022461e+01 dt=5.859375e-04
elapsed=2.115896e+02 cycle=5016 time=1.022520e+01 dt=5.859375e-04
elapsed=2.118301e+02 cycle=5017 time=1.022578e+01 dt=5.859375e-04
elapsed=2.121003e+02 cycle=5018 time=1.022637e+01 dt=5.859375e-04
elapsed=2.123580e+02 cycle=5019 time=1.022695e+01 dt=5.859375e-04
elapsed=2.126109e+02 cycle=5020 time=1.022754e+01 dt=5.859375e-04
elapsed=2.128576e+02 cycle=5021 time=1.022813e+01 dt=5.859375e-04
elapsed=2.131245e+02 cycle=5022 time=1.022871e+01 dt=5.859375e-04
elapsed=2.133812e+02 cycle=5023 time=1.022930e+01 dt=5.859375e-04
elapsed=2.136355e+02 cycle=5024 time=1.022988e+01 dt=5.859375e-04
elapsed=2.138901e+02 cycle=5025 time=1.023047e+01 dt=5.859375e-04
elapsed=2.141245e+02 cycle=5026 time=1.023105e+01 dt=5.859375e-04
elapsed=2.143836e+02 cycle=5027 time=1.023164e+01 dt=5.859375e-04
elapsed=2.146478e+02 cycle=5028 time=1.023223e+01 dt=5.859375e-04
elapsed=2.148836e+02 cycle=5029 time=1.023281e+01 dt=5.859375e-04
elapsed=2.151399e+02 cycle=5030 time=1.023340e+01 dt=5.859375e-04
elapsed=2.153982e+02 cycle=5031 time=1.023398e+01 dt=5.859375e-04
elapsed=2.156655e+02 cycle=5032 time=1.023457e+01 dt=5.859375e-04
elapsed=2.159212e+02 cycle=5033 time=1.023516e+01 dt=5.859375e-04
elapsed=2.161802e+02 cycle=5034 time=1.023574e+01 dt=5.859375e-04
elapsed=2.164159e+02 cycle=5035 time=1.023633e+01 dt=5.859375e-04
elapsed=2.166911e+02 cycle=5036 time=1.023691e+01 dt=5.859375e-04
elapsed=2.169531e+02 cycle=5037 time=1.023750e+01 dt=5.859375e-04
elapsed=2.171901e+02 cycle=5038 time=1.023809e+01 dt=5.859375e-04
elapsed=2.174475e+02 cycle=5039 time=1.023867e+01 dt=5.859375e-04
elapsed=2.177117e+02 cycle=5040 time=1.023926e+01 dt=5.859375e-04
elapsed=2.179478e+02 cycle=5041 time=1.023984e+01 dt=5.859375e-04
elapsed=2.182079e+02 cycle=5042 time=1.024043e+01 dt=5.859375e-04
elapsed=2.184643e+02 cycle=5043 time=1.024102e+01 dt=5.859375e-04
elapsed=2.187189e+02 cycle=5044 time=1.024160e+01 dt=5.859375e-04
elapsed=2.189832e+02 cycle=5045 time=1.024219e+01 dt=5.859375e-04
elapsed=2.192426e+02 cycle=5046 time=1.024277e+01 dt=5.859375e-04
elapsed=2.194832e+02 cycle=5047 time=1.024336e+01 dt=5.859375e-04
elapsed=2.197509e+02 cycle=5048 time=1.024395e+01 dt=5.859375e-04
elapsed=2.200189e+02 cycle=5049 time=1.024453e+01 dt=5.859375e-04
elapsed=2.202774e+02 cycle=5050 time=1.024512e+01 dt=5.859375e-04
elapsed=2.205128e+02 cycle=5051 time=1.024570e+01 dt=5.859375e-04
elapsed=2.207774e+02 cycle=5052 time=1.024629e+01 dt=5.859375e-04
elapsed=2.210265e+02 cycle=5053 time=1.024688e+01 dt=5.859375e-04
elapsed=2.212713e+02 cycle=5054 time=1.024746e+01 dt=5.859375e-04
elapsed=2.215313e+02 cycle=5055 time=1.024805e+01 dt=5.859375e-04
elapsed=2.217967e+02 cycle=5056 time=1.024863e+01 dt=5.859375e-04
elapsed=2.220315e+02 cycle=5057 time=1.024922e+01 dt=5.859375e-04
elapsed=2.222968e+02 cycle=5058 time=1.024980e+01 dt=5.859375e-04
elapsed=2.225328e+02 cycle=5059 time=1.025039e+01 dt=5.859375e-04
elapsed=2.228011e+02 cycle=5060 time=1.025098e+01 dt=5.859375e-04
elapsed=2.230624e+02 cycle=5061 time=1.025156e+01 dt=5.859375e-04
elapsed=2.233315e+02 cycle=5062 time=1.025215e+01 dt=5.859375e-04
elapsed=2.235678e+02 cycle=5063 time=1.025273e+01 dt=5.859375e-04
elapsed=2.238401e+02 cycle=5064 time=1.025332e+01 dt=5.859375e-04
elapsed=2.240825e+02 cycle=5065 time=1.025391e+01 dt=5.859375e-04
elapsed=2.243384e+02 cycle=5066 time=1.025449e+01 dt=5.859375e-04
elapsed=2.245948e+02 cycle=5067 time=1.025508e+01 dt=5.859375e-04
elapsed=2.248509e+02 cycle=5068 time=1.025566e+01 dt=5.859375e-04
elapsed=2.250932e+02 cycle=5069 time=1.025625e+01 dt=5.859375e-04
elapsed=2.253588e+02 cycle=5070 time=1.025684e+01 dt=5.859375e-04
elapsed=2.255945e+02 cycle=5071 time=1.025742e+01 dt=5.859375e-04
elapsed=2.258837e+02 cycle=5072 time=1.025801e+01 dt=5.859375e-04
elapsed=2.261605e+02 cycle=5073 time=1.025859e+01 dt=5.859375e-04
elapsed=2.264275e+02 cycle=5074 time=1.025918e+01 dt=5.859375e-04
elapsed=2.266636e+02 cycle=5075 time=1.025977e+01 dt=5.859375e-04
elapsed=2.269351e+02 cycle=5076 time=1.026035e+01 dt=5.859375e-04
elapsed=2.271759e+02 cycle=5077 time=1.026094e+01 dt=5.859375e-04
elapsed=2.274286e+02 cycle=5078 time=1.026152e+01 dt=5.859375e-04
elapsed=2.276842e+02 cycle=5079 time=1.026211e+01 dt=5.859375e-04
elapsed=2.279364e+02 cycle=5080 time=1.026270e+01 dt=5.859375e-04
elapsed=2.281881e+02 cycle=5081 time=1.026328e+01 dt=5.859375e-04
elapsed=2.284597e+02 cycle=5082 time=1.026387e+01 dt=5.859375e-04
elapsed=2.287098e+02 cycle=5083 time=1.026445e+01 dt=5.859375e-04
elapsed=2.289610e+02 cycle=5084 time=1.026504e+01 dt=5.859375e-04
elapsed=2.292197e+02 cycle=5085 time=1.026563e+01 dt=5.859375e-04
elapsed=2.294710e+02 cycle=5086 time=1.026621e+01 dt=5.859375e-04
elapsed=2.297197e+02 cycle=5087 time=1.026680e+01 dt=5.859375e-04
elapsed=2.300080e+02 cycle=5088 time=1.026738e+01 dt=5.859375e-04
elapsed=2.302443e+02 cycle=5089 time=1.026797e+01 dt=5.859375e-04
elapsed=2.305028e+02 cycle=5090 time=1.026855e+01 dt=5.859375e-04
elapsed=2.307609e+02 cycle=5091 time=1.026914e+01 dt=5.859375e-04
elapsed=2.310133e+02 cycle=5092 time=1.026973e+01 dt=5.859375e-04
elapsed=2.312601e+02 cycle=5093 time=1.027031e+01 dt=5.859375e-04
elapsed=2.315182e+02 cycle=5094 time=1.027090e+01 dt=5.859375e-04
elapsed=2.317556e+02 cycle=5095 time=1.027148e+01 dt=5.859375e-04
elapsed=2.320208e+02 cycle=5096 time=1.027207e+01 dt=5.859375e-04
elapsed=2.322846e+02 cycle=5097 time=1.027266e+01 dt=5.859375e-04
elapsed=2.325207e+02 cycle=5098 time=1.027324e+01 dt=5.859375e-04
elapsed=2.327869e+02 cycle=5099 time=1.027383e+01 dt=5.859375e-04
elapsed=2.330582e+02 cycle=5100 time=1.027441e+01 dt=5.859375e-04
elapsed=2.332952e+02 cycle=5101 time=1.027500e+01 dt=5.859375e-04
elapsed=2.335577e+02 cycle=5102 time=1.027559e+01 dt=5.859375e-04
elapsed=2.338070e+02 cycle=5103 time=1.027617e+01 dt=5.859375e-04
elapsed=2.340607e+02 cycle=5104 time=1.027676e+01 dt=5.859375e-04
elapsed=2.343188e+02 cycle=5105 time=1.027734e+01 dt=5.859375e-04
elapsed=2.345774e+02 cycle=5106 time=1.027793e+01 dt=5.859375e-04
elapsed=2.348172e+02 cycle=5107 time=1.027852e+01 dt=5.859375e-04
elapsed=2.350848e+02 cycle=5108 time=1.027910e+01 dt=5.859375e-04
elapsed=2.353613e+02 cycle=5109 time=1.027969e+01 dt=5.859375e-04
elapsed=2.355978e+02 cycle=5110 time=1.028027e+01 dt=5.859375e-04
elapsed=2.358641e+02 cycle=5111 time=1.028086e+01 dt=5.859375e-04
elapsed=2.361458e+02 cycle=5112 time=1.028145e+01 dt=5.859375e-04
elapsed=2.363831e+02 cycle=5113 time=1.028203e+01 dt=5.859375e-04
elapsed=2.366430e+02 cycle=5114 time=1.028262e+01 dt=5.859375e-04
elapsed=2.368855e+02 cycle=5115 time=1.028320e+01 dt=5.859375e-04
elapsed=2.371471e+02 cycle=5116 time=1.028379e+01 dt=5.859375e-04
elapsed=2.374098e+02 cycle=5117 time=1.028438e+01 dt=5.859375e-04
elapsed=2.376665e+02 cycle=5118 time=1.028496e+01 dt=5.859375e-04
elapsed=2.379076e+02 cycle=5119 time=1.028555e+01 dt=5.859375e-04
elapsed=2.381739e+02 cycle=5120 time=1.028613e+01 dt=5.859375e-04
elapsed=2.384425e+02 cycle=5121 time=1.028672e+01 dt=5.859375e-04
elapsed=2.386797e+02 cycle=5122 time=1.028730e+01 dt=5.859375e-04
elapsed=2.389627e+02 cycle=5123 time=1.028789e+01 dt=5.859375e-04
elapsed=2.392275e+02 cycle=5124 time=1.028848e+01 dt=5.859375e-04
elapsed=2.394698e+02 cycle=5125 time=1.028906e+01 dt=5.859375e-04
elapsed=2.397261e+02 cycle=5126 time=1.028965e+01 dt=5.859375e-04
elapsed=2.399735e+02 cycle=5127 time=1.029023e+01 dt=5.859375e-04
elapsed=2.402392e+02 cycle=5128 time=1.029082e+01 dt=5.859375e-04
elapsed=2.405010e+02 cycle=5129 time=1.029141e+01 dt=5.859375e-04
elapsed=2.407544e+02 cycle=5130 time=1.029199e+01 dt=5.859375e-04
elapsed=2.409979e+02 cycle=5131 time=1.029258e+01 dt=5.859375e-04
elapsed=2.412636e+02 cycle=5132 time=1.029316e+01 dt=5.859375e-04
elapsed=2.415255e+02 cycle=5133 time=1.029375e+01 dt=5.859375e-04
elapsed=2.417622e+02 cycle=5134 time=1.029434e+01 dt=5.859375e-04
elapsed=2.420323e+02 cycle=5135 time=1.029492e+01 dt=5.859375e-04
elapsed=2.422917e+02 cycle=5136 time=1.029551e+01 dt=5.859375e-04
elapsed=2.425377e+02 cycle=5137 time=1.029609e+01 dt=5.859375e-04
elapsed=2.427958e+02 cycle=5138 time=1.029668e+01 dt=5.859375e-04
elapsed=2.430328e+02 cycle=5139 time=1.029727e+01 dt=5.859375e-04
elapsed=2.432979e+02 cycle=5140 time=1.029785e+01 dt=5.859375e-04
elapsed=2.435541e+02 cycle=5141 time=1.029844e+01 dt=5.859375e-04
elapsed=2.437906e+02 cycle=5142 time=1.029902e+01 dt=5.859375e-04
elapsed=2.440517e+02 cycle=5143 time=1.029961e+01 dt=5.859375e-04
elapsed=2.443175e+02 cycle=5144 time=1.030020e+01 dt=5.859375e-04
elapsed=2.445741e+02 cycle=5145 time=1.030078e+01 dt=5.859375e-04
elapsed=2.448247e+02 cycle=5146 time=1.030137e+01 dt=5.859375e-04
elapsed=2.450882e+02 cycle=5147 time=1.030195e+01 dt=5.859375e-04
elapsed=2.453385e+02 cycle=5148 time=1.030254e+01 dt=5.859375e-04
elapsed=2.456071e+02 cycle=5149 time=1.030313e+01 dt=5.859375e-04
elapsed=2.458684e+02 cycle=5150 time=1.030371e+01 dt=5.859375e-04
elapsed=2.461059e+02 cycle=5151 time=1.030430e+01 dt=5.859375e-04
elapsed=2.463679e+02 cycle=5152 time=1.030488e+01 dt=5.859375e-04
elapsed=2.466310e+02 cycle=5153 time=1.030547e+01 dt=5.859375e-04
elapsed=2.468679e+02 cycle=5154 time=1.030605e+01 dt=5.859375e-04
elapsed=2.471293e+02 cycle=5155 time=1.030664e+01 dt=5.859375e-04
elapsed=2.473985e+02 cycle=5156 time=1.030723e+01 dt=5.859375e-04
elapsed=2.476424e+02 cycle=5157 time=1.030781e+01 dt=5.859375e-04
elapsed=2.479042e+02 cycle=5158 time=1.030840e+01 dt=5.859375e-04
elapsed=2.481717e+02 cycle=5159 time=1.030898e+01 dt=5.859375e-04
elapsed=2.484154e+02 cycle=5160 time=1.030957e+01 dt=5.859375e-04
elapsed=2.486809e+02 cycle=5161 time=1.031016e+01 dt=5.859375e-04
elapsed=2.489417e+02 cycle=5162 time=1.031074e+01 dt=5.859375e-04
elapsed=2.491829e+02 cycle=5163 time=1.031133e+01 dt=5.859375e-04
elapsed=2.494492e+02 cycle=5164 time=1.031191e+01 dt=5.859375e-04
elapsed=2.497108e+02 cycle=5165 time=1.031250e+01 dt=5.859375e-04
elapsed=2.499518e+02 cycle=5166 time=1.031309e+01 dt=5.859375e-04
elapsed=2.502143e+02 cycle=5167 time=1.031367e+01 dt=5.859375e-04
elapsed=2.504721e+02 cycle=5168 time=1.031426e+01 dt=5.859375e-04
elapsed=2.507164e+02 cycle=5169 time=1.031484e+01 dt=5.859375e-04
elapsed=2.509900e+02 cycle=5170 time=1.031543e+01 dt=5.859375e-04
elapsed=2.512537e+02 cycle=5171 time=1.031602e+01 dt=5.859375e-04
elapsed=2.514975e+02 cycle=5172 time=1.031660e+01 dt=5.859375e-04
elapsed=2.517647e+02 cycle=5173 time=1.031719e+01 dt=5.859375e-04
elapsed=2.520186e+02 cycle=5174 time=1.031777e+01 dt=5.859375e-04
elapsed=2.522617e+02 cycle=5175 time=1.031836e+01 dt=5.859375e-04
elapsed=2.525294e+02 cycle=5176 time=1.031895e+01 dt=5.859375e-04
elapsed=2.527889e+02 cycle=5177 time=1.031953e+01 dt=5.859375e-04
elapsed=2.530253e+02 cycle=5178 time=1.032012e+01 dt=5.859375e-04
elapsed=2.532842e+02 cycle=5179 time=1.032070e+01 dt=5.859375e-04
elapsed=2.535338e+02 cycle=5180 time=1.032129e+01 dt=5.859375e-04
elapsed=2.537858e+02 cycle=5181 time=1.032188e+01 dt=5.859375e-04
elapsed=2.540455e+02 cycle=5182 time=1.032246e+01 dt=5.859375e-04
elapsed=2.543111e+02 cycle=5183 time=1.032305e+01 dt=5.859375e-04
elapsed=2.545613e+02 cycle=5184 time=1.032363e+01 dt=5.859375e-04
elapsed=2.548253e+02 cycle=5185 time=1.032422e+01 dt=5.859375e-04
elapsed=2.550618e+02 cycle=5186 time=1.032480e+01 dt=5.859375e-04
elapsed=2.553268e+02 cycle=5187 time=1.032539e+01 dt=5.859375e-04
elapsed=2.555908e+02 cycle=5188 time=1.032598e+01 dt=5.859375e-04
elapsed=2.558535e+02 cycle=5189 time=1.032656e+01 dt=5.859375e-04
elapsed=2.560977e+02 cycle=5190 time=1.032715e+01 dt=5.859375e-04
elapsed=2.563552e+02 cycle=5191 time=1.032773e+01 dt=5.859375e-04
elapsed=2.565991e+02 cycle=5192 time=1.032832e+01 dt=5.859375e-04
elapsed=2.568654e+02 cycle=5193 time=1.032891e+01 dt=5.859375e-04
elapsed=2.571327e+02 cycle=5194 time=1.032949e+01 dt=5.859375e-04
elapsed=2.573825e+02 cycle=5195 time=1.033008e+01 dt=5.859375e-04
elapsed=2.576456e+02 cycle=5196 time=1.033066e+01 dt=5.859375e-04
elapsed=2.579092e+02 cycle=5197 time=1.033125e+01 dt=5.859375e-04
elapsed=2.581467e+02 cycle=5198 time=1.033184e+01 dt=5.859375e-04
elapsed=2.584048e+02 cycle=5199 time=1.033242e+01 dt=5.859375e-04
elapsed=2.586703e+02 cycle=5200 time=1.033301e+01 dt=5.859375e-04
elapsed=2.589137e+02 cycle=5201 time=1.033359e+01 dt=5.859375e-04
elapsed=2.591743e+02 cycle=5202 time=1.033418e+01 dt=5.859375e-04
elapsed=2.594329e+02 cycle=5203 time=1.033477e+01 dt=5.859375e-04
elapsed=2.596767e+02 cycle=5204 time=1.033535e+01 dt=5.859375e-04
elapsed=2.599354e+02 cycle=5205 time=1.033594e+01 dt=5.859375e-04
elapsed=2.602050e+02 cycle=5206 time=1.033652e+01 dt=5.859375e-04
elapsed=2.604435e+02 cycle=5207 time=1.033711e+01 dt=5.859375e-04
elapsed=2.607132e+02 cycle=5208 time=1.033770e+01 dt=5.859375e-04
elapsed=2.609857e+02 cycle=5209 time=1.033828e+01 dt=5.859375e-04
elapsed=2.612442e+02 cycle=5210 time=1.033887e+01 dt=5.859375e-04
elapsed=2.615065e+02 cycle=5211 time=1.033945e+01 dt=5.859375e-04
elapsed=2.617699e+02 cycle=5212 time=1.034004e+01 dt=5.859375e-04
elapsed=2.620136e+02 cycle=5213 time=1.034063e+01 dt=5.859375e-04
elapsed=2.622695e+02 cycle=5214 time=1.034121e+01 dt=5.859375e-04
elapsed=2.625272e+02 cycle=5215 time=1.034180e+01 dt=5.859375e-04
elapsed=2.627697e+02 cycle=5216 time=1.034238e+01 dt=5.859375e-04
elapsed=2.630320e+02 cycle=5217 time=1.034297e+01 dt=5.859375e-04
elapsed=2.633032e+02 cycle=5218 time=1.034355e+01 dt=5.859375e-04
elapsed=2.635410e+02 cycle=5219 time=1.034414e+01 dt=5.859375e-04
elapsed=2.638113e+02 cycle=5220 time=1.034473e+01 dt=5.859375e-04
elapsed=2.640786e+02 cycle=5221 time=1.034531e+01 dt=5.859375e-04
elapsed=2.643244e+02 cycle=5222 time=1.034590e+01 dt=5.859375e-04
elapsed=2.645807e+02 cycle=5223 time=1.034648e+01 dt=5.859375e-04
elapsed=2.648363e+02 cycle=5224 time=1.034707e+01 dt=5.859375e-04
elapsed=2.650791e+02 cycle=5225 time=1.034766e+01 dt=5.859375e-04
elapsed=2.653381e+02 cycle=5226 time=1.034824e+01 dt=5.859375e-04
elapsed=2.655970e+02 cycle=5227 time=1.034883e+01 dt=5.859375e-04
elapsed=2.658434e+02 cycle=5228 time=1.034941e+01 dt=5.859375e-04
elapsed=2.661159e+02 cycle=5229 time=1.035000e+01 dt=5.859375e-04
elapsed=2.663834e+02 cycle=5230 time=1.035059e+01 dt=5.859375e-04
elapsed=2.666393e+02 cycle=5231 time=1.035117e+01 dt=5.859375e-04
elapsed=2.668878e+02 cycle=5232 time=1.035176e+01 dt=5.859375e-04
elapsed=2.671733e+02 cycle=5233 time=1.035234e+01 dt=5.859375e-04
elapsed=2.675406e+02 cycle=5234 time=1.035293e+01 dt=5.859375e-04
elapsed=2.677925e+02 cycle=5235 time=1.035352e+01 dt=5.859375e-04
elapsed=2.680350e+02 cycle=5236 time=1.035410e+01 dt=5.859375e-04
elapsed=2.683053e+02 cycle=5237 time=1.035469e+01 dt=5.859375e-04
elapsed=2.685632e+02 cycle=5238 time=1.035527e+01 dt=5.859375e-04
elapsed=2.688035e+02 cycle=5239 time=1.035586e+01 dt=5.859375e-04
elapsed=2.691047e+02 cycle=5240 time=1.035645e+01 dt=5.859375e-04
elapsed=2.693683e+02 cycle=5241 time=1.035703e+01 dt=5.859375e-04
elapsed=2.696266e+02 cycle=5242 time=1.035762e+01 dt=5.859375e-04
elapsed=2.698690e+02 cycle=5243 time=1.035820e+01 dt=5.859375e-04
elapsed=2.701388e+02 cycle=5244 time=1.035879e+01 dt=5.859375e-04
elapsed=2.703977e+02 cycle=5245 time=1.035938e+01 dt=5.859375e-04
elapsed=2.706336e+02 cycle=5246 time=1.035996e+01 dt=5.859375e-04
elapsed=2.708919e+02 cycle=5247 time=1.036055e+01 dt=5.859375e-04
elapsed=2.711397e+02 cycle=5248 time=1.036113e+01 dt=5.859375e-04
elapsed=2.713927e+02 cycle=5249 time=1.036172e+01 dt=5.859375e-04
elapsed=2.716619e+02 cycle=5250 time=1.036230e+01 dt=5.859375e-04
elapsed=2.719183e+02 cycle=5251 time=1.036289e+01 dt=5.859375e-04
elapsed=2.721606e+02 cycle=5252 time=1.036348e+01 dt=5.859375e-04
elapsed=2.724168e+02 cycle=5253 time=1.036406e+01 dt=5.859375e-04
elapsed=2.726715e+02 cycle=5254 time=1.036465e+01 dt=5.859375e-04
elapsed=2.729101e+02 cycle=5255 time=1.036523e+01 dt=5.859375e-04
elapsed=2.731773e+02 cycle=5256 time=1.036582e+01 dt=5.859375e-04
elapsed=2.734440e+02 cycle=5257 time=1.036641e+01 dt=5.859375e-04
elapsed=2.736796e+02 cycle=5258 time=1.036699e+01 dt=5.859375e-04
elapsed=2.739450e+02 cycle=5259 time=1.036758e+01 dt=5.859375e-04
elapsed=2.741965e+02 cycle=5260 time=1.036816e+01 dt=5.859375e-04
elapsed=2.744483e+02 cycle=5261 time=1.036875e+01 dt=5.859375e-04
elapsed=2.747010e+02 cycle=5262 time=1.036934e+01 dt=5.859375e-04
elapsed=2.749648e+02 cycle=5263 time=1.036992e+01 dt=5.859375e-04
elapsed=2.752090e+02 cycle=5264 time=1.037051e+01 dt=5.859375e-04
elapsed=2.754782e+02 cycle=5265 time=1.037109e+01 dt=5.859375e-04
elapsed=2.757262e+02 cycle=5266 time=1.037168e+01 dt=5.859375e-04
elapsed=2.759707e+02 cycle=5267 time=1.037227e+01 dt=5.859375e-04
elapsed=2.762332e+02 cycle=5268 time=1.037285e+01 dt=5.859375e-04
elapsed=2.764876e+02 cycle=5269 time=1.037344e+01 dt=5.859375e-04
elapsed=2.767292e+02 cycle=5270 time=1.037402e+01 dt=5.859375e-04
elapsed=2.769916e+02 cycle=5271 time=1.037461e+01 dt=5.859375e-04
elapsed=2.772515e+02 cycle=5272 time=1.037520e+01 dt=5.859375e-04
elapsed=2.774914e+02 cycle=5273 time=1.037578e+01 dt=5.859375e-04
elapsed=2.777494e+02 cycle=5274 time=1.037637e+01 dt=5.859375e-04
elapsed=2.780184e+02 cycle=5275 time=1.037695e+01 dt=5.859375e-04
elapsed=2.782607e+02 cycle=5276 time=1.037754e+01 dt=5.859375e-04
elapsed=2.785295e+02 cycle=5277 time=1.037813e+01 dt=5.859375e-04
elapsed=2.787867e+02 cycle=5278 time=1.037871e+01 dt=5.859375e-04
elapsed=2.790598e+02 cycle=5279 time=1.037930e+01 dt=5.859375e-04
elapsed=2.793025e+02 cycle=5280 time=1.037988e+01 dt=5.859375e-04
elapsed=2.795665e+02 cycle=5281 time=1.038047e+01 dt=5.859375e-04
elapsed=2.798233e+02 cycle=5282 time=1.038105e+01 dt=5.859375e-04
elapsed=2.800689e+02 cycle=5283 time=1.038164e+01 dt=5.859375e-04
elapsed=2.803308e+02 cycle=5284 time=1.038223e+01 dt=5.859375e-04
elapsed=2.805905e+02 cycle=5285 time=1.038281e+01 dt=5.859375e-04
elapsed=2.808304e+02 cycle=5286 time=1.038340e+01 dt=5.859375e-04
elapsed=2.810898e+02 cycle=5287 time=1.038398e+01 dt=5.859375e-04
elapsed=2.813322e+02 cycle=5288 time=1.038457e+01 dt=5.859375e-04
elapsed=2.816023e+02 cycle=5289 time=1.038516e+01 dt=5.859375e-04
elapsed=2.818700e+02 cycle=5290 time=1.038574e+01 dt=5.859375e-04
elapsed=2.821275e+02 cycle=5291 time=1.038633e+01 dt=5.859375e-04
elapsed=2.823782e+02 cycle=5292 time=1.038691e+01 dt=5.859375e-04
elapsed=2.826448e+02 cycle=5293 time=1.038750e+01 dt=5.859375e-04
elapsed=2.828883e+02 cycle=5294 time=1.038809e+01 dt=5.859375e-04
elapsed=2.831512e+02 cycle=5295 time=1.038867e+01 dt=5.859375e-04
elapsed=2.834128e+02 cycle=5296 time=1.038926e+01 dt=5.859375e-04
elapsed=2.836626e+02 cycle=5297 time=1.038984e+01 dt=5.859375e-04
elapsed=2.839040e+02 cycle=5298 time=1.039043e+01 dt=5.859375e-04
elapsed=2.841735e+02 cycle=5299 time=1.039102e+01 dt=5.859375e-04
elapsed=2.844316e+02 cycle=5300 time=1.039160e+01 dt=5.859375e-04
elapsed=2.846769e+02 cycle=5301 time=1.039219e+01 dt=5.859375e-04
elapsed=2.849340e+02 cycle=5302 time=1.039277e+01 dt=5.859375e-04
elapsed=2.852078e+02 cycle=5303 time=1.039336e+01 dt=5.859375e-04
elapsed=2.854535e+02 cycle=5304 time=1.039395e+01 dt=5.859375e-04
elapsed=2.857264e+02 cycle=5305 time=1.039453e+01 dt=5.859375e-04
elapsed=2.859913e+02 cycle=5306 time=1.039512e+01 dt=5.859375e-04
elapsed=2.862571e+02 cycle=5307 time=1.039570e+01 dt=5.859375e-04
elapsed=2.864999e+02 cycle=5308 time=1.039629e+01 dt=5.859375e-04
elapsed=2.867590e+02 cycle=5309 time=1.039688e+01 dt=5.859375e-04
elapsed=2.870007e+02 cycle=5310 time=1.039746e+01 dt=5.859375e-04
elapsed=2.872566e+02 cycle=5311 time=1.039805e+01 dt=5.859375e-04
elapsed=2.875216e+02 cycle=5312 time=1.039863e+01 dt=5.859375e-04
elapsed=2.877724e+02 cycle=5313 time=1.039922e+01 dt=5.859375e-04
elapsed=2.880137e+02 cycle=5314 time=1.039980e+01 dt=5.859375e-04
elapsed=2.882753e+02 cycle=5315 time=1.040039e+01 dt=5.859375e-04
elapsed=2.885178e+02 cycle=5316 time=1.040098e+01 dt=5.859375e-04
elapsed=2.887819e+02 cycle=5317 time=1.040156e+01 dt=5.859375e-04
elapsed=2.890530e+02 cycle=5318 time=1.040215e+01 dt=5.859375e-04
elapsed=2.892996e+02 cycle=5319 time=1.040273e+01 dt=5.859375e-04
elapsed=2.895611e+02 cycle=5320 time=1.040332e+01 dt=5.859375e-04
elapsed=2.898316e+02 cycle=5321 time=1.040391e+01 dt=5.859375e-04
elapsed=2.900691e+02 cycle=5322 time=1.040449e+01 dt=5.859375e-04
elapsed=2.903264e+02 cycle=5323 time=1.040508e+01 dt=5.859375e-04
elapsed=2.905977e+02 cycle=5324 time=1.040566e+01 dt=5.859375e-04
elapsed=2.908422e+02 cycle=5325 time=1.040625e+01 dt=5.859375e-04
elapsed=2.910928e+02 cycle=5326 time=1.040684e+01 dt=5.859375e-04
elapsed=2.913617e+02 cycle=5327 time=1.040742e+01 dt=5.859375e-04
elapsed=2.916245e+02 cycle=5328 time=1.040801e+01 dt=5.859375e-04
elapsed=2.918667e+02 cycle=5329 time=1.040859e+01 dt=5.859375e-04
elapsed=2.921272e+02 cycle=5330 time=1.040918e+01 dt=5.859375e-04
elapsed=2.923851e+02 cycle=5331 time=1.040977e+01 dt=5.859375e-04
elapsed=2.926314e+02 cycle=5332 time=1.041035e+01 dt=5.859375e-04
elapsed=2.928908e+02 cycle=5333 time=1.041094e+01 dt=5.859375e-04
elapsed=2.931597e+02 cycle=5334 time=1.041152e+01 dt=5.859375e-04
elapsed=2.933954e+02 cycle=5335 time=1.041211e+01 dt=5.859375e-04
elapsed=2.936782e+02 cycle=5336 time=1.041270e+01 dt=5.859375e-04
elapsed=2.939353e+02 cycle=5337 time=1.041328e+01 dt=5.859375e-04
elapsed=2.941768e+02 cycle=5338 time=1.041387e+01 dt=5.859375e-04
elapsed=2.944348e+02 cycle=5339 time=1.041445e+01 dt=5.859375e-04
elapsed=2.946951e+02 cycle=5340 time=1.041504e+01 dt=5.859375e-04
elapsed=2.949349e+02 cycle=5341 time=1.041563e+01 dt=5.859375e-04
elapsed=2.952012e+02 cycle=5342 time=1.041621e+01 dt=5.859375e-04
elapsed=2.954675e+02 cycle=5343 time=1.041680e+01 dt=5.859375e-04
elapsed=2.957106e+02 cycle=5344 time=1.041738e+01 dt=5.859375e-04
elapsed=2.959709e+02 cycle=5345 time=1.041797e+01 dt=5.859375e-04
elapsed=2.962372e+02 cycle=5346 time=1.041855e+01 dt=5.859375e-04
elapsed=2.964862e+02 cycle=5347 time=1.041914e+01 dt=5.859375e-04
elapsed=2.967385e+02 cycle=5348 time=1.041973e+01 dt=5.859375e-04
elapsed=2.970062e+02 cycle=5349 time=1.042031e+01 dt=5.859375e-04
elapsed=2.972434e+02 cycle=5350 time=1.042090e+01 dt=5.859375e-04
elapsed=2.975086e+02 cycle=5351 time=1.042148e+01 dt=5.859375e-04
elapsed=2.977687e+02 cycle=5352 time=1.042207e+01 dt=5.859375e-04
elapsed=2.980090e+02 cycle=5353 time=1.042266e+01 dt=5.859375e-04
elapsed=2.982776e+02 cycle=5354 time=1.042324e+01 dt=5.859375e-04
elapsed=2.985362e+02 cycle=5355 time=1.042383e+01 dt=5.859375e-04
elapsed=2.987786e+02 cycle=5356 time=1.042441e+01 dt=5.859375e-04
elapsed=2.990775e+02 cycle=5357 time=1.042500e+01 dt=5.859375e-04
elapsed=2.993418e+02 cycle=5358 time=1.042559e+01 dt=5.859375e-04
elapsed=2.996114e+02 cycle=5359 time=1.042617e+01 dt=5.859375e-04
elapsed=2.998757e+02 cycle=5360 time=1.042676e+01 dt=5.859375e-04
elapsed=3.001432e+02 cycle=5361 time=1.042734e+01 dt=5.859375e-04
elapsed=3.004061e+02 cycle=5362 time=1.042793e+01 dt=5.859375e-04
elapsed=3.006715e+02 cycle=5363 time=1.042852e+01 dt=5.859375e-04
elapsed=3.009294e+02 cycle=5364 time=1.042910e+01 dt=5.859375e-04
elapsed=3.011766e+02 cycle=5365 time=1.042969e+01 dt=5.859375e-04
elapsed=3.014324e+02 cycle=5366 time=1.043027e+01 dt=5.859375e-04
elapsed=3.016998e+02 cycle=5367 time=1.043086e+01 dt=5.859375e-04
elapsed=3.019421e+02 cycle=5368 time=1.043145e+01 dt=5.859375e-04
elapsed=3.022044e+02 cycle=5369 time=1.043203e+01 dt=5.859375e-04
elapsed=3.024576e+02 cycle=5370 time=1.043262e+01 dt=5.859375e-04
elapsed=3.027003e+02 cycle=5371 time=1.043320e+01 dt=5.859375e-04
elapsed=3.029656e+02 cycle=5372 time=1.043379e+01 dt=5.859375e-04
elapsed=3.032279e+02 cycle=5373 time=1.043438e+01 dt=5.859375e-04
elapsed=3.034634e+02 cycle=5374 time=1.043496e+01 dt=5.859375e-04
elapsed=3.037256e+02 cycle=5375 time=1.043555e+01 dt=5.859375e-04
elapsed=3.039756e+02 cycle=5376 time=1.043613e+01 dt=5.859375e-04
elapsed=3.042462e+02 cycle=5377 time=1.043672e+01 dt=5.859375e-04
elapsed=3.045182e+02 cycle=5378 time=1.043730e+01 dt=5.859375e-04
elapsed=3.047806e+02 cycle=5379 time=1.043789e+01 dt=5.859375e-04
elapsed=3.050250e+02 cycle=5380 time=1.043848e+01 dt=5.859375e-04
elapsed=3.052821e+02 cycle=5381 time=1.043906e+01 dt=5.859375e-04
elapsed=3.055518e+02 cycle=5382 time=1.043965e+01 dt=5.859375e-04
elapsed=3.058036e+02 cycle=5383 time=1.044023e+01 dt=5.859375e-04
elapsed=3.060606e+02 cycle=5384 time=1.044082e+01 dt=5.859375e-04
elapsed=3.063219e+02 cycle=5385 time=1.044141e+01 dt=5.859375e-04
elapsed=3.065741e+02 cycle=5386 time=1.044199e+01 dt=5.859375e-04
elapsed=3.068162e+02 cycle=5387 time=1.044258e+01 dt=5.859375e-04
elapsed=3.070850e+02 cycle=5388 time=1.044316e+01 dt=5.859375e-04
elapsed=3.073524e+02 cycle=5389 time=1.044375e+01 dt=5.859375e-04
elapsed=3.075894e+02 cycle=5390 time=1.044434e+01 dt=5.859375e-04
elapsed=3.078545e+02 cycle=5391 time=1.044492e+01 dt=5.859375e-04
elapsed=3.081187e+02 cycle=5392 time=1.044551e+01 dt=5.859375e-04
elapsed=3.083697e+02 cycle=5393 time=1.044609e+01 dt=5.859375e-04
elapsed=3.086329e+02 cycle=5394 time=1.044668e+01 dt=5.859375e-04
elapsed=3.088984e+02 cycle=5395 time=1.044727e+01 dt=5.859375e-04
elapsed=3.091409e+02 cycle=5396 time=1.044785e+01 dt=5.859375e-04
elapsed=3.094084e+02 cycle=5397 time=1.044844e+01 dt=5.859375e-04
elapsed=3.096668e+02 cycle=5398 time=1.044902e+01 dt=5.859375e-04
elapsed=3.099096e+02 cycle=5399 time=1.044961e+01 dt=5.859375e-04
elapsed=3.101767e+02 cycle=5400 time=1.045020e+01 dt=5.859375e-04
elapsed=3.104382e+02 cycle=5401 time=1.045078e+01 dt=5.859375e-04
elapsed=3.106754e+02 cycle=5402 time=1.045137e+01 dt=5.859375e-04
elapsed=3.109381e+02 cycle=5403 time=1.045195e+01 dt=5.859375e-04
elapsed=3.111867e+02 cycle=5404 time=1.045254e+01 dt=5.859375e-04
elapsed=3.114457e+02 cycle=5405 time=1.045313e+01 dt=5.859375e-04
elapsed=3.117095e+02 cycle=5406 time=1.045371e+01 dt=5.859375e-04
elapsed=3.119687e+02 cycle=5407 time=1.045430e+01 dt=5.859375e-04
elapsed=3.122113e+02 cycle=5408 time=1.045488e+01 dt=5.859375e-04
elapsed=3.124742e+02 cycle=5409 time=1.045547e+01 dt=5.859375e-04
elapsed=3.127384e+02 cycle=5410 time=1.045605e+01 dt=5.859375e-04
elapsed=3.129879e+02 cycle=5411 time=1.045664e+01 dt=5.859375e-04
elapsed=3.132417e+02 cycle=5412 time=1.045723e+01 dt=5.859375e-04
elapsed=3.135127e+02 cycle=5413 time=1.045781e+01 dt=5.859375e-04
elapsed=3.137706e+02 cycle=5414 time=1.045840e+01 dt=5.859375e-04
elapsed=3.140131e+02 cycle=5415 time=1.045898e+01 dt=5.859375e-04
elapsed=3.142859e+02 cycle=5416 time=1.045957e+01 dt=5.859375e-04
elapsed=3.145527e+02 cycle=5417 time=1.046016e+01 dt=5.859375e-04
elapsed=3.147889e+02 cycle=5418 time=1.046074e+01 dt=5.859375e-04
elapsed=3.150458e+02 cycle=5419 time=1.046133e+01 dt=5.859375e-04
elapsed=3.153173e+02 cycle=5420 time=1.046191e+01 dt=5.859375e-04
elapsed=3.155716e+02 cycle=5421 time=1.046250e+01 dt=5.859375e-04
elapsed=3.158235e+02 cycle=5422 time=1.046309e+01 dt=5.859375e-04
elapsed=3.161041e+02 cycle=5423 time=1.046367e+01 dt=5.859375e-04
elapsed=3.163469e+02 cycle=5424 time=1.046426e+01 dt=5.859375e-04
elapsed=3.166140e+02 cycle=5425 time=1.046484e+01 dt=5.859375e-04
elapsed=3.168821e+02 cycle=5426 time=1.046543e+01 dt=5.859375e-04
elapsed=3.171190e+02 cycle=5427 time=1.046602e+01 dt=5.859375e-04
elapsed=3.173896e+02 cycle=5428 time=1.046660e+01 dt=5.859375e-04
elapsed=3.176521e+02 cycle=5429 time=1.046719e+01 dt=5.859375e-04
elapsed=3.178883e+02 cycle=5430 time=1.046777e+01 dt=5.859375e-04
elapsed=3.181526e+02 cycle=5431 time=1.046836e+01 dt=5.859375e-04
elapsed=3.184291e+02 cycle=5432 time=1.046895e+01 dt=5.859375e-04
elapsed=3.186864e+02 cycle=5433 time=1.046953e+01 dt=5.859375e-04
elapsed=3.189368e+02 cycle=5434 time=1.047012e+01 dt=5.859375e-04
elapsed=3.192023e+02 cycle=5435 time=1.047070e+01 dt=5.859375e-04
elapsed=3.194562e+02 cycle=5436 time=1.047129e+01 dt=5.859375e-04
elapsed=3.197071e+02 cycle=5437 time=1.047188e+01 dt=5.859375e-04
elapsed=3.199787e+02 cycle=5438 time=1.047246e+01 dt=5.859375e-04
elapsed=3.202424e+02 cycle=5439 time=1.047305e+01 dt=5.859375e-04
elapsed=3.204899e+02 cycle=5440 time=1.047363e+01 dt=5.859375e-04
elapsed=3.207469e+02 cycle=5441 time=1.047422e+01 dt=5.859375e-04
elapsed=3.210078e+02 cycle=5442 time=1.047480e+01 dt=5.859375e-04
elapsed=3.212448e+02 cycle=5443 time=1.047539e+01 dt=5.859375e-04
elapsed=3.215181e+02 cycle=5444 time=1.047598e+01 dt=5.859375e-04
elapsed=3.217764e+02 cycle=5445 time=1.047656e+01 dt=5.859375e-04
elapsed=3.220183e+02 cycle=5446 time=1.047715e+01 dt=5.859375e-04
elapsed=3.222743e+02 cycle=5447 time=1.047773e+01 dt=5.859375e-04
elapsed=3.225365e+02 cycle=5448 time=1.047832e+01 dt=5.859375e-04
elapsed=3.227938e+02 cycle=5449 time=1.047891e+01 dt=5.859375e-04
elapsed=3.230357e+02 cycle=5450 time=1.047949e+01 dt=5.859375e-04
elapsed=3.232998e+02 cycle=5451 time=1.048008e+01 dt=5.859375e-04
elapsed=3.235431e+02 cycle=5452 time=1.048066e+01 dt=5.859375e-04
elapsed=3.238053e+02 cycle=5453 time=1.048125e+01 dt=5.859375e-04
elapsed=3.240677e+02 cycle=5454 time=1.048184e+01 dt=5.859375e-04
elapsed=3.243182e+02 cycle=5455 time=1.048242e+01 dt=5.859375e-04
elapsed=3.245842e+02 cycle=5456 time=1.048301e+01 dt=5.859375e-04
elapsed=3.248428e+02 cycle=5457 time=1.048359e+01 dt=5.859375e-04
elapsed=3.250802e+02 cycle=5458 time=1.048418e+01 dt=5.859375e-04
elapsed=3.253504e+02 cycle=5459 time=1.048477e+01 dt=5.859375e-04
elapsed=3.256124e+02 cycle=5460 time=1.048535e+01 dt=5.859375e-04
elapsed=3.258615e+02 cycle=5461 time=1.048594e+01 dt=5.859375e-04
elapsed=3.261361e+02 cycle=5462 time=1.048652e+01 dt=5.859375e-04
elapsed=3.264057e+02 cycle=5463 time=1.048711e+01 dt=5.859375e-04
elapsed=3.266484e+02 cycle=5464 time=1.048770e+01 dt=5.859375e-04
elapsed=3.269167e+02 cycle=5465 time=1.048828e+01 dt=5.859375e-04
elapsed=3.271857e+02 cycle=5466 time=1.048887e+01 dt=5.859375e-04
elapsed=3.274244e+02 cycle=5467 time=1.048945e+01 dt=5.859375e-04
elapsed=3.276895e+02 cycle=5468 time=1.049004e+01 dt=5.859375e-04
elapsed=3.279485e+02 cycle=5469 time=1.049063e+01 dt=5.859375e-04
elapsed=3.281885e+02 cycle=5470 time=1.049121e+01 dt=5.859375e-04
elapsed=3.284537e+02 cycle=5471 time=1.049180e+01 dt=5.859375e-04
elapsed=3.287102e+02 cycle=5472 time=1.049238e+01 dt=5.859375e-04
elapsed=3.289770e+02 cycle=5473 time=1.049297e+01 dt=5.859375e-04
elapsed=3.292430e+02 cycle=5474 time=1.049355e+01 dt=5.859375e-04
elapsed=3.295051e+02 cycle=5475 time=1.049414e+01 dt=5.859375e-04
elapsed=3.297486e+02 cycle=5476 time=1.049473e+01 dt=5.859375e-04
elapsed=3.300164e+02 cycle=5477 time=1.049531e+01 dt=5.859375e-04
elapsed=3.302834e+02 cycle=5478 time=1.049590e+01 dt=5.859375e-04
elapsed=3.305205e+02 cycle=5479 time=1.049648e+01 dt=5.859375e-04
elapsed=3.307880e+02 cycle=5480 time=1.049707e+01 dt=5.859375e-04
elapsed=3.310422e+02 cycle=5481 time=1.049766e+01 dt=5.859375e-04
elapsed=3.312808e+02 cycle=5482 time=1.049824e+01 dt=5.859375e-04
elapsed=3.315497e+02 cycle=5483 time=1.049883e+01 dt=5.859375e-04
elapsed=3.318228e+02 cycle=5484 time=1.049941e+01 dt=5.859375e-04
elapsed=3.320752e+02 cycle=5485 time=1.050000e+01 dt=5.859375e-04
elapsed=3.323178e+02 cycle=5486 time=1.050059e+01 dt=5.859375e-04
elapsed=3.325857e+02 cycle=5487 time=1.050117e+01 dt=5.859375e-04
elapsed=3.328442e+02 cycle=5488 time=1.050176e+01 dt=5.859375e-04
elapsed=3.330865e+02 cycle=5489 time=1.050234e+01 dt=5.859375e-04
elapsed=3.333457e+02 cycle=5490 time=1.050293e+01 dt=5.859375e-04
elapsed=3.336092e+02 cycle=5491 time=1.050352e+01 dt=5.859375e-04
elapsed=3.338525e+02 cycle=5492 time=1.050410e+01 dt=5.859375e-04
elapsed=3.341152e+02 cycle=5493 time=1.050469e+01 dt=5.859375e-04
elapsed=3.343826e+02 cycle=5494 time=1.050527e+01 dt=5.859375e-04
elapsed=3.346197e+02 cycle=5495 time=1.050586e+01 dt=5.859375e-04
elapsed=3.348888e+02 cycle=5496 time=1.050645e+01 dt=5.859375e-04
elapsed=3.351508e+02 cycle=5497 time=1.050703e+01 dt=5.859375e-04
elapsed=3.353981e+02 cycle=5498 time=1.050762e+01 dt=5.859375e-04
elapsed=3.356585e+02 cycle=5499 time=1.050820e+01 dt=5.859375e-04
elapsed=3.359319e+02 cycle=5500 time=1.050879e+01 dt=5.859375e-04
elapsed=3.361938e+02 cycle=5501 time=1.050938e+01 dt=5.859375e-04
elapsed=3.364355e+02 cycle=5502 time=1.050996e+01 dt=5.859375e-04
elapsed=3.367031e+02 cycle=5503 time=1.051055e+01 dt=5.859375e-04
elapsed=3.369733e+02 cycle=5504 time=1.051113e+01 dt=5.859375e-04
elapsed=3.372188e+02 cycle=5505 time=1.051172e+01 dt=5.859375e-04
elapsed=3.374798e+02 cycle=5506 time=1.051230e+01 dt=5.859375e-04
elapsed=3.377533e+02 cycle=5507 time=1.051289e+01 dt=5.859375e-04
elapsed=3.379966e+02 cycle=5508 time=1.051348e+01 dt=5.859375e-04
elapsed=3.382670e+02 cycle=5509 time=1.051406e+01 dt=5.859375e-04
elapsed=3.385269e+02 cycle=5510 time=1.051465e+01 dt=5.859375e-04
elapsed=3.387633e+02 cycle=5511 time=1.051523e+01 dt=5.859375e-04
elapsed=3.390383e+02 cycle=5512 time=1.051582e+01 dt=5.859375e-04
elapsed=3.393026e+02 cycle=5513 time=1.051641e+01 dt=5.859375e-04
elapsed=3.395812e+02 cycle=5514 time=1.051699e+01 dt=5.859375e-04
elapsed=3.398188e+02 cycle=5515 time=1.051758e+01 dt=5.859375e-04
elapsed=3.401186e+02 cycle=5516 time=1.051816e+01 dt=5.859375e-04
elapsed=3.403857e+02 cycle=5517 time=1.051875e+01 dt=5.859375e-04
elapsed=3.406447e+02 cycle=5518 time=1.051934e+01 dt=5.859375e-04
elapsed=3.408871e+02 cycle=5519 time=1.051992e+01 dt=5.859375e-04
elapsed=3.411582e+02 cycle=5520 time=1.052051e+01 dt=5.859375e-04
elapsed=3.414199e+02 cycle=5521 time=1.052109e+01 dt=5.859375e-04
elapsed=3.416568e+02 cycle=5522 time=1.052168e+01 dt=5.859375e-04
elapsed=3.419201e+02 cycle=5523 time=1.052227e+01 dt=5.859375e-04
elapsed=3.421928e+02 cycle=5524 time=1.052285e+01 dt=5.859375e-04
elapsed=3.424301e+02 cycle=5525 time=1.052344e+01 dt=5.859375e-04
elapsed=3.426904e+02 cycle=5526 time=1.052402e+01 dt=5.859375e-04
elapsed=3.429291e+02 cycle=5527 time=1.052461e+01 dt=5.859375e-04
elapsed=3.431945e+02 cycle=5528 time=1.052520e+01 dt=5.859375e-04
elapsed=3.434591e+02 cycle=5529 time=1.052578e+01 dt=5.859375e-04
elapsed=3.437131e+02 cycle=5530 time=1.052637e+01 dt=5.859375e-04
elapsed=3.439626e+02 cycle=5531 time=1.052695e+01 dt=5.859375e-04
elapsed=3.442447e+02 cycle=5532 time=1.052754e+01 dt=5.859375e-04
elapsed=3.445066e+02 cycle=5533 time=1.052813e+01 dt=5.859375e-04
elapsed=3.447431e+02 cycle=5534 time=1.052871e+01 dt=5.859375e-04
elapsed=3.450156e+02 cycle=5535 time=1.052930e+01 dt=5.859375e-04
elapsed=3.452905e+02 cycle=5536 time=1.052988e+01 dt=5.859375e-04
elapsed=3.455269e+02 cycle=5537 time=1.053047e+01 dt=5.859375e-04
elapsed=3.458021e+02 cycle=5538 time=1.053105e+01 dt=5.859375e-04
elapsed=3.460650e+02 cycle=5539 time=1.053164e+01 dt=5.859375e-04
elapsed=3.463150e+02 cycle=5540 time=1.053223e+01 dt=5.859375e-04
elapsed=3.465768e+02 cycle=5541 time=1.053281e+01 dt=5.859375e-04
elapsed=3.468541e+02 cycle=5542 time=1.053340e+01 dt=5.859375e-04
elapsed=3.470912e+02 cycle=5543 time=1.053398e+01 dt=5.859375e-04
elapsed=3.473584e+02 cycle=5544 time=1.053457e+01 dt=5.859375e-04
elapsed=3.476222e+02 cycle=5545 time=1.053516e+01 dt=5.859375e-04
elapsed=3.478765e+02 cycle=5546 time=1.053574e+01 dt=5.859375e-04
### FATAL ERROR: chi parent provenance diagnostic: active fine chi first became invalid immediately after RK update
Kokkos::Cuda ERROR: Failed to call Kokkos::Cuda::finalize()
