Kokkos::OpenMP::initialize WARNING: OMP_PROC_BIND environment variable not set
  In general, for best performance with OpenMP 4.0 or better set OMP_PROC_BIND=spread and OMP_PLACES=threads
  For best performance with OpenMP 3.1 set OMP_PROC_BIND=true
  For unit testing set OMP_PROC_BIND=false

MPI detected: For OpenMP binding to work as intended, MPI ranks must be bound to exclusive CPU sets.

AthenaK Kokkos default execution space: Cuda

Root grid = 2 x 4 x 1 MeshBlocks
Total number of MeshBlocks = 74
Number of logical  levels of refinement = 22 (23 levels total)
Number of physical levels of refinement = 20 (21 levels total)
  Physical level = 1 (logical level = 3): 22 MeshBlocks, cost = 22
  Physical level = 2 (logical level = 4): 36 MeshBlocks, cost = 36
  Physical level = 3 (logical level = 5): 16 MeshBlocks, cost = 16
Number of parallel ranks = 1
AssembleZ4cTasks

Setup complete, executing task list(s)...

elapsed=2.856356e-01 cycle=4096 time=9.351563e+00 dt=2.343750e-03
elapsed=3.272256e-01 cycle=4097 time=9.353906e+00 dt=2.343750e-03
elapsed=3.569815e-01 cycle=4098 time=9.356250e+00 dt=2.343750e-03
elapsed=3.866502e-01 cycle=4099 time=9.358594e+00 dt=2.343750e-03
elapsed=4.260877e-01 cycle=4100 time=9.360938e+00 dt=2.343750e-03
elapsed=4.559433e-01 cycle=4101 time=9.363281e+00 dt=2.343750e-03
elapsed=4.858799e-01 cycle=4102 time=9.365625e+00 dt=2.343750e-03
elapsed=5.156422e-01 cycle=4103 time=9.367969e+00 dt=2.343750e-03
elapsed=5.502457e-01 cycle=4104 time=9.370313e+00 dt=2.343750e-03
elapsed=5.797256e-01 cycle=4105 time=9.372656e+00 dt=2.343750e-03
elapsed=6.093005e-01 cycle=4106 time=9.375000e+00 dt=2.343750e-03
elapsed=6.389252e-01 cycle=4107 time=9.377344e+00 dt=2.343750e-03
elapsed=6.736654e-01 cycle=4108 time=9.379688e+00 dt=2.343750e-03
elapsed=7.035450e-01 cycle=4109 time=9.382031e+00 dt=2.343750e-03
elapsed=7.331621e-01 cycle=4110 time=9.384375e+00 dt=2.343750e-03
elapsed=7.629324e-01 cycle=4111 time=9.386719e+00 dt=2.343750e-03
elapsed=7.974383e-01 cycle=4112 time=9.389063e+00 dt=2.343750e-03
elapsed=8.271280e-01 cycle=4113 time=9.391406e+00 dt=2.343750e-03
elapsed=8.567779e-01 cycle=4114 time=9.393750e+00 dt=2.343750e-03
elapsed=8.866859e-01 cycle=4115 time=9.396094e+00 dt=2.343750e-03
elapsed=9.218502e-01 cycle=4116 time=9.398438e+00 dt=2.343750e-03
elapsed=9.516133e-01 cycle=4117 time=9.400781e+00 dt=2.343750e-03
elapsed=9.813184e-01 cycle=4118 time=9.403125e+00 dt=2.343750e-03
elapsed=1.010947e+00 cycle=4119 time=9.405469e+00 dt=2.343750e-03
elapsed=1.045758e+00 cycle=4120 time=9.407813e+00 dt=2.343750e-03
elapsed=1.075646e+00 cycle=4121 time=9.410156e+00 dt=2.343750e-03
elapsed=1.105374e+00 cycle=4122 time=9.412500e+00 dt=2.343750e-03
elapsed=1.135089e+00 cycle=4123 time=9.414844e+00 dt=2.343750e-03
elapsed=1.170451e+00 cycle=4124 time=9.417187e+00 dt=2.343750e-03
elapsed=1.200399e+00 cycle=4125 time=9.419531e+00 dt=2.343750e-03
elapsed=1.230212e+00 cycle=4126 time=9.421875e+00 dt=2.343750e-03
elapsed=1.259982e+00 cycle=4127 time=9.424219e+00 dt=2.343750e-03
elapsed=1.294993e+00 cycle=4128 time=9.426562e+00 dt=2.343750e-03
elapsed=1.324626e+00 cycle=4129 time=9.428906e+00 dt=2.343750e-03
elapsed=1.354524e+00 cycle=4130 time=9.431250e+00 dt=2.343750e-03
elapsed=1.384190e+00 cycle=4131 time=9.433594e+00 dt=2.343750e-03
elapsed=1.419177e+00 cycle=4132 time=9.435937e+00 dt=2.343750e-03
elapsed=1.448782e+00 cycle=4133 time=9.438281e+00 dt=2.343750e-03
elapsed=1.478635e+00 cycle=4134 time=9.440625e+00 dt=2.343750e-03
elapsed=1.508334e+00 cycle=4135 time=9.442969e+00 dt=2.343750e-03
elapsed=1.543149e+00 cycle=4136 time=9.445312e+00 dt=2.343750e-03
elapsed=1.572750e+00 cycle=4137 time=9.447656e+00 dt=2.343750e-03
elapsed=1.602626e+00 cycle=4138 time=9.450000e+00 dt=2.343750e-03
elapsed=1.632525e+00 cycle=4139 time=9.452344e+00 dt=2.343750e-03
elapsed=1.668093e+00 cycle=4140 time=9.454687e+00 dt=2.343750e-03
elapsed=1.697786e+00 cycle=4141 time=9.457031e+00 dt=2.343750e-03
elapsed=1.727622e+00 cycle=4142 time=9.459375e+00 dt=2.343750e-03
elapsed=1.757254e+00 cycle=4143 time=9.461719e+00 dt=2.343750e-03
elapsed=1.793329e+00 cycle=4144 time=9.464062e+00 dt=2.343750e-03
elapsed=1.823251e+00 cycle=4145 time=9.466406e+00 dt=2.343750e-03
elapsed=1.852905e+00 cycle=4146 time=9.468750e+00 dt=2.343750e-03
elapsed=1.882757e+00 cycle=4147 time=9.471094e+00 dt=2.343750e-03
elapsed=1.918005e+00 cycle=4148 time=9.473437e+00 dt=2.343750e-03
elapsed=1.947727e+00 cycle=4149 time=9.475781e+00 dt=2.343750e-03
elapsed=1.977416e+00 cycle=4150 time=9.478125e+00 dt=2.343750e-03
elapsed=2.007395e+00 cycle=4151 time=9.480469e+00 dt=2.343750e-03
elapsed=2.042626e+00 cycle=4152 time=9.482812e+00 dt=2.343750e-03
elapsed=2.072564e+00 cycle=4153 time=9.485156e+00 dt=2.343750e-03
elapsed=2.102275e+00 cycle=4154 time=9.487500e+00 dt=2.343750e-03
elapsed=2.132041e+00 cycle=4155 time=9.489844e+00 dt=2.343750e-03
elapsed=2.166911e+00 cycle=4156 time=9.492187e+00 dt=2.343750e-03
elapsed=2.196486e+00 cycle=4157 time=9.494531e+00 dt=2.343750e-03
elapsed=2.226289e+00 cycle=4158 time=9.496875e+00 dt=2.343750e-03
elapsed=2.256291e+00 cycle=4159 time=9.499219e+00 dt=2.343750e-03
elapsed=2.291099e+00 cycle=4160 time=9.501562e+00 dt=2.343750e-03
elapsed=2.320645e+00 cycle=4161 time=9.503906e+00 dt=2.343750e-03
elapsed=2.350603e+00 cycle=4162 time=9.506250e+00 dt=2.343750e-03
elapsed=2.380193e+00 cycle=4163 time=9.508594e+00 dt=2.343750e-03
elapsed=2.415113e+00 cycle=4164 time=9.510937e+00 dt=2.343750e-03
elapsed=2.445032e+00 cycle=4165 time=9.513281e+00 dt=2.343750e-03
elapsed=2.474963e+00 cycle=4166 time=9.515625e+00 dt=2.343750e-03
elapsed=2.504657e+00 cycle=4167 time=9.517969e+00 dt=2.343750e-03
elapsed=2.539678e+00 cycle=4168 time=9.520312e+00 dt=2.343750e-03
elapsed=2.569453e+00 cycle=4169 time=9.522656e+00 dt=2.343750e-03
elapsed=2.599371e+00 cycle=4170 time=9.525000e+00 dt=2.343750e-03
elapsed=2.629060e+00 cycle=4171 time=9.527344e+00 dt=2.343750e-03
elapsed=2.664250e+00 cycle=4172 time=9.529687e+00 dt=2.343750e-03
elapsed=2.693907e+00 cycle=4173 time=9.532031e+00 dt=2.343750e-03
elapsed=2.723509e+00 cycle=4174 time=9.534375e+00 dt=2.343750e-03
elapsed=2.753206e+00 cycle=4175 time=9.536719e+00 dt=2.343750e-03
elapsed=2.788765e+00 cycle=4176 time=9.539062e+00 dt=2.343750e-03
elapsed=2.818795e+00 cycle=4177 time=9.541406e+00 dt=2.343750e-03
elapsed=2.848670e+00 cycle=4178 time=9.543750e+00 dt=2.343750e-03
elapsed=2.878158e+00 cycle=4179 time=9.546094e+00 dt=2.343750e-03
elapsed=2.913641e+00 cycle=4180 time=9.548437e+00 dt=2.343750e-03
elapsed=2.943504e+00 cycle=4181 time=9.550781e+00 dt=2.343750e-03
elapsed=2.973171e+00 cycle=4182 time=9.553125e+00 dt=2.343750e-03
elapsed=3.002790e+00 cycle=4183 time=9.555469e+00 dt=2.343750e-03
elapsed=3.038089e+00 cycle=4184 time=9.557812e+00 dt=2.343750e-03
elapsed=3.067849e+00 cycle=4185 time=9.560156e+00 dt=2.343750e-03
elapsed=3.097430e+00 cycle=4186 time=9.562500e+00 dt=2.343750e-03
elapsed=3.127140e+00 cycle=4187 time=9.564844e+00 dt=2.343750e-03
elapsed=3.162101e+00 cycle=4188 time=9.567187e+00 dt=2.343750e-03
elapsed=3.191940e+00 cycle=4189 time=9.569531e+00 dt=2.343750e-03
elapsed=3.221813e+00 cycle=4190 time=9.571875e+00 dt=2.343750e-03
elapsed=3.251751e+00 cycle=4191 time=9.574219e+00 dt=2.343750e-03
elapsed=3.287213e+00 cycle=4192 time=9.576562e+00 dt=2.343750e-03
elapsed=3.317064e+00 cycle=4193 time=9.578906e+00 dt=2.343750e-03
elapsed=3.346906e+00 cycle=4194 time=9.581250e+00 dt=2.343750e-03
elapsed=3.376559e+00 cycle=4195 time=9.583594e+00 dt=2.343750e-03
elapsed=3.411776e+00 cycle=4196 time=9.585937e+00 dt=2.343750e-03
elapsed=3.441591e+00 cycle=4197 time=9.588281e+00 dt=2.343750e-03
elapsed=3.471319e+00 cycle=4198 time=9.590625e+00 dt=2.343750e-03
elapsed=3.501170e+00 cycle=4199 time=9.592969e+00 dt=2.343750e-03
elapsed=3.536336e+00 cycle=4200 time=9.595312e+00 dt=2.343750e-03
elapsed=3.566187e+00 cycle=4201 time=9.597656e+00 dt=2.343750e-03
elapsed=3.595821e+00 cycle=4202 time=9.600000e+00 dt=2.343750e-03
elapsed=3.625715e+00 cycle=4203 time=9.602344e+00 dt=2.343750e-03
elapsed=3.660576e+00 cycle=4204 time=9.604687e+00 dt=2.343750e-03
elapsed=3.690453e+00 cycle=4205 time=9.607031e+00 dt=2.343750e-03
elapsed=3.720378e+00 cycle=4206 time=9.609375e+00 dt=2.343750e-03
elapsed=3.750208e+00 cycle=4207 time=9.611719e+00 dt=2.343750e-03
elapsed=3.785230e+00 cycle=4208 time=9.614062e+00 dt=2.343750e-03
elapsed=3.815009e+00 cycle=4209 time=9.616406e+00 dt=2.343750e-03
elapsed=3.844591e+00 cycle=4210 time=9.618750e+00 dt=2.343750e-03
elapsed=3.874503e+00 cycle=4211 time=9.621094e+00 dt=2.343750e-03
elapsed=3.909559e+00 cycle=4212 time=9.623437e+00 dt=2.343750e-03
elapsed=3.939287e+00 cycle=4213 time=9.625781e+00 dt=2.343750e-03
elapsed=3.969181e+00 cycle=4214 time=9.628125e+00 dt=2.343750e-03
elapsed=3.999044e+00 cycle=4215 time=9.630469e+00 dt=2.343750e-03
elapsed=4.034196e+00 cycle=4216 time=9.632812e+00 dt=2.343750e-03
elapsed=4.064050e+00 cycle=4217 time=9.635156e+00 dt=2.343750e-03
elapsed=4.093855e+00 cycle=4218 time=9.637500e+00 dt=2.343750e-03
elapsed=4.123492e+00 cycle=4219 time=9.639844e+00 dt=2.343750e-03
elapsed=4.158472e+00 cycle=4220 time=9.642187e+00 dt=2.343750e-03
elapsed=4.188277e+00 cycle=4221 time=9.644531e+00 dt=2.343750e-03
elapsed=4.218035e+00 cycle=4222 time=9.646875e+00 dt=2.343750e-03
elapsed=4.247791e+00 cycle=4223 time=9.649219e+00 dt=2.343750e-03
elapsed=4.282812e+00 cycle=4224 time=9.651562e+00 dt=2.343750e-03
elapsed=4.312635e+00 cycle=4225 time=9.653906e+00 dt=2.343750e-03
elapsed=4.342449e+00 cycle=4226 time=9.656250e+00 dt=2.343750e-03
elapsed=4.372206e+00 cycle=4227 time=9.658594e+00 dt=2.343750e-03
elapsed=4.407336e+00 cycle=4228 time=9.660937e+00 dt=2.343750e-03
elapsed=4.437175e+00 cycle=4229 time=9.663281e+00 dt=2.343750e-03
elapsed=4.466704e+00 cycle=4230 time=9.665625e+00 dt=2.343750e-03
elapsed=4.496391e+00 cycle=4231 time=9.667969e+00 dt=2.343750e-03
elapsed=4.531498e+00 cycle=4232 time=9.670312e+00 dt=2.343750e-03
elapsed=4.561261e+00 cycle=4233 time=9.672656e+00 dt=2.343750e-03
elapsed=4.591125e+00 cycle=4234 time=9.675000e+00 dt=2.343750e-03
elapsed=4.620993e+00 cycle=4235 time=9.677344e+00 dt=2.343750e-03
elapsed=4.656272e+00 cycle=4236 time=9.679687e+00 dt=2.343750e-03
elapsed=4.686270e+00 cycle=4237 time=9.682031e+00 dt=2.343750e-03
elapsed=4.715946e+00 cycle=4238 time=9.684375e+00 dt=2.343750e-03
elapsed=4.745823e+00 cycle=4239 time=9.686719e+00 dt=2.343750e-03
elapsed=4.780634e+00 cycle=4240 time=9.689062e+00 dt=2.343750e-03
elapsed=4.810729e+00 cycle=4241 time=9.691406e+00 dt=2.343750e-03
elapsed=4.840567e+00 cycle=4242 time=9.693750e+00 dt=2.343750e-03
elapsed=4.870456e+00 cycle=4243 time=9.696094e+00 dt=2.343750e-03
elapsed=4.905646e+00 cycle=4244 time=9.698437e+00 dt=2.343750e-03
elapsed=4.935387e+00 cycle=4245 time=9.700781e+00 dt=2.343750e-03
elapsed=4.965249e+00 cycle=4246 time=9.703125e+00 dt=2.343750e-03
elapsed=4.994914e+00 cycle=4247 time=9.705469e+00 dt=2.343750e-03
elapsed=5.030061e+00 cycle=4248 time=9.707812e+00 dt=2.343750e-03
elapsed=5.060108e+00 cycle=4249 time=9.710156e+00 dt=2.343750e-03
elapsed=5.089886e+00 cycle=4250 time=9.712500e+00 dt=2.343750e-03
elapsed=5.119773e+00 cycle=4251 time=9.714844e+00 dt=2.343750e-03
elapsed=5.154715e+00 cycle=4252 time=9.717187e+00 dt=2.343750e-03
elapsed=5.184272e+00 cycle=4253 time=9.719531e+00 dt=2.343750e-03
elapsed=5.213807e+00 cycle=4254 time=9.721875e+00 dt=2.343750e-03
elapsed=5.243556e+00 cycle=4255 time=9.724219e+00 dt=2.343750e-03
elapsed=5.278361e+00 cycle=4256 time=9.726562e+00 dt=2.343750e-03
elapsed=5.307951e+00 cycle=4257 time=9.728906e+00 dt=2.343750e-03
elapsed=5.337673e+00 cycle=4258 time=9.731250e+00 dt=2.343750e-03
elapsed=5.367212e+00 cycle=4259 time=9.733594e+00 dt=2.343750e-03
elapsed=5.402324e+00 cycle=4260 time=9.735937e+00 dt=2.343750e-03
CARTOON_AMR_TRANSACTION cycle=4261 requested_refine=4 requested_derefine_leaves=0 accepted_derefine_parents=0 created_leaves=12 deleted_leaves=0 mirror_mismatches=0
AMR_Z4C_CHI_PROLONGATION cycle=4261 transfer=high_order local_fallback_groups=0 global_fallback_groups=0 global_high_order_groups=16384
AMR_HISTORY_REPLAY event=10 time_hex=0x1.379ffffffffe4p+3 requested_leaves=86 accepted_leaves=86 max_level=6 checksum=2fc5e59309ccc39c exact_match=true shadow_refine=2 shadow_derefine=32
elapsed=5.451735e+00 cycle=4261 time=9.738281e+00 dt=1.171875e-03
elapsed=5.487824e+00 cycle=4262 time=9.739453e+00 dt=1.171875e-03
elapsed=5.523151e+00 cycle=4263 time=9.740625e+00 dt=1.171875e-03
elapsed=5.563872e+00 cycle=4264 time=9.741797e+00 dt=1.171875e-03
elapsed=5.599792e+00 cycle=4265 time=9.742969e+00 dt=1.171875e-03
elapsed=5.635618e+00 cycle=4266 time=9.744141e+00 dt=1.171875e-03
elapsed=5.671803e+00 cycle=4267 time=9.745312e+00 dt=1.171875e-03
elapsed=5.712966e+00 cycle=4268 time=9.746484e+00 dt=1.171875e-03
elapsed=5.748515e+00 cycle=4269 time=9.747656e+00 dt=1.171875e-03
elapsed=5.783914e+00 cycle=4270 time=9.748828e+00 dt=1.171875e-03
elapsed=5.819445e+00 cycle=4271 time=9.750000e+00 dt=1.171875e-03
elapsed=5.861362e+00 cycle=4272 time=9.751172e+00 dt=1.171875e-03
elapsed=5.896712e+00 cycle=4273 time=9.752344e+00 dt=1.171875e-03
elapsed=5.931767e+00 cycle=4274 time=9.753516e+00 dt=1.171875e-03
elapsed=5.966620e+00 cycle=4275 time=9.754687e+00 dt=1.171875e-03
elapsed=6.008259e+00 cycle=4276 time=9.755859e+00 dt=1.171875e-03
elapsed=6.043896e+00 cycle=4277 time=9.757031e+00 dt=1.171875e-03
elapsed=6.079100e+00 cycle=4278 time=9.758203e+00 dt=1.171875e-03
elapsed=6.114675e+00 cycle=4279 time=9.759375e+00 dt=1.171875e-03
elapsed=6.155748e+00 cycle=4280 time=9.760547e+00 dt=1.171875e-03
elapsed=6.191824e+00 cycle=4281 time=9.761719e+00 dt=1.171875e-03
elapsed=6.227326e+00 cycle=4282 time=9.762891e+00 dt=1.171875e-03
elapsed=6.263438e+00 cycle=4283 time=9.764062e+00 dt=1.171875e-03
elapsed=6.304355e+00 cycle=4284 time=9.765234e+00 dt=1.171875e-03
elapsed=6.339877e+00 cycle=4285 time=9.766406e+00 dt=1.171875e-03
elapsed=6.374860e+00 cycle=4286 time=9.767578e+00 dt=1.171875e-03
elapsed=6.410371e+00 cycle=4287 time=9.768750e+00 dt=1.171875e-03
elapsed=6.451292e+00 cycle=4288 time=9.769922e+00 dt=1.171875e-03
elapsed=6.486970e+00 cycle=4289 time=9.771094e+00 dt=1.171875e-03
elapsed=6.522595e+00 cycle=4290 time=9.772266e+00 dt=1.171875e-03
elapsed=6.557725e+00 cycle=4291 time=9.773437e+00 dt=1.171875e-03
elapsed=6.599068e+00 cycle=4292 time=9.774609e+00 dt=1.171875e-03
elapsed=6.634277e+00 cycle=4293 time=9.775781e+00 dt=1.171875e-03
elapsed=6.670008e+00 cycle=4294 time=9.776953e+00 dt=1.171875e-03
elapsed=6.705373e+00 cycle=4295 time=9.778125e+00 dt=1.171875e-03
elapsed=6.746413e+00 cycle=4296 time=9.779297e+00 dt=1.171875e-03
elapsed=6.781697e+00 cycle=4297 time=9.780469e+00 dt=1.171875e-03
elapsed=6.817373e+00 cycle=4298 time=9.781641e+00 dt=1.171875e-03
elapsed=6.852538e+00 cycle=4299 time=9.782812e+00 dt=1.171875e-03
elapsed=6.893574e+00 cycle=4300 time=9.783984e+00 dt=1.171875e-03
elapsed=6.929076e+00 cycle=4301 time=9.785156e+00 dt=1.171875e-03
elapsed=6.964429e+00 cycle=4302 time=9.786328e+00 dt=1.171875e-03
elapsed=7.000094e+00 cycle=4303 time=9.787500e+00 dt=1.171875e-03
elapsed=7.041238e+00 cycle=4304 time=9.788672e+00 dt=1.171875e-03
elapsed=7.076270e+00 cycle=4305 time=9.789844e+00 dt=1.171875e-03
elapsed=7.111552e+00 cycle=4306 time=9.791016e+00 dt=1.171875e-03
elapsed=7.146825e+00 cycle=4307 time=9.792187e+00 dt=1.171875e-03
elapsed=7.188350e+00 cycle=4308 time=9.793359e+00 dt=1.171875e-03
elapsed=7.224147e+00 cycle=4309 time=9.794531e+00 dt=1.171875e-03
elapsed=7.259371e+00 cycle=4310 time=9.795703e+00 dt=1.171875e-03
elapsed=7.294927e+00 cycle=4311 time=9.796875e+00 dt=1.171875e-03
elapsed=7.335961e+00 cycle=4312 time=9.798047e+00 dt=1.171875e-03
elapsed=7.371332e+00 cycle=4313 time=9.799219e+00 dt=1.171875e-03
elapsed=7.406632e+00 cycle=4314 time=9.800391e+00 dt=1.171875e-03
elapsed=7.442005e+00 cycle=4315 time=9.801562e+00 dt=1.171875e-03
elapsed=7.483591e+00 cycle=4316 time=9.802734e+00 dt=1.171875e-03
elapsed=7.518901e+00 cycle=4317 time=9.803906e+00 dt=1.171875e-03
elapsed=7.554790e+00 cycle=4318 time=9.805078e+00 dt=1.171875e-03
elapsed=7.589759e+00 cycle=4319 time=9.806250e+00 dt=1.171875e-03
elapsed=7.630954e+00 cycle=4320 time=9.807422e+00 dt=1.171875e-03
elapsed=7.666426e+00 cycle=4321 time=9.808594e+00 dt=1.171875e-03
elapsed=7.701482e+00 cycle=4322 time=9.809766e+00 dt=1.171875e-03
elapsed=7.736679e+00 cycle=4323 time=9.810937e+00 dt=1.171875e-03
elapsed=7.778213e+00 cycle=4324 time=9.812109e+00 dt=1.171875e-03
elapsed=7.813947e+00 cycle=4325 time=9.813281e+00 dt=1.171875e-03
elapsed=7.849175e+00 cycle=4326 time=9.814453e+00 dt=1.171875e-03
elapsed=7.884628e+00 cycle=4327 time=9.815625e+00 dt=1.171875e-03
elapsed=7.925820e+00 cycle=4328 time=9.816797e+00 dt=1.171875e-03
elapsed=7.960847e+00 cycle=4329 time=9.817969e+00 dt=1.171875e-03
elapsed=7.996153e+00 cycle=4330 time=9.819141e+00 dt=1.171875e-03
elapsed=8.031690e+00 cycle=4331 time=9.820312e+00 dt=1.171875e-03
elapsed=8.073185e+00 cycle=4332 time=9.821484e+00 dt=1.171875e-03
elapsed=8.108656e+00 cycle=4333 time=9.822656e+00 dt=1.171875e-03
elapsed=8.144485e+00 cycle=4334 time=9.823828e+00 dt=1.171875e-03
elapsed=8.179995e+00 cycle=4335 time=9.825000e+00 dt=1.171875e-03
AMR_HISTORY_TIMESTEP_CLIP event=11 time_hex=0x1.3a70000000002p+3 candidate_dt_hex=0x1.3333333333333p-10 applied_dt_hex=0x1.33333332e8p-10 target_time_hex=0x1.3a79999999976p+3
elapsed=8.221303e+00 cycle=4336 time=9.826172e+00 dt=1.171875e-03
CARTOON_AMR_TRANSACTION cycle=4337 requested_refine=4 requested_derefine_leaves=0 accepted_derefine_parents=0 created_leaves=12 deleted_leaves=0 mirror_mismatches=0
AMR_Z4C_CHI_PROLONGATION cycle=4337 transfer=high_order local_fallback_groups=0 global_fallback_groups=0 global_high_order_groups=16384
AMR_HISTORY_REPLAY event=11 time_hex=0x1.3a79999999976p+3 requested_leaves=98 accepted_leaves=98 max_level=7 checksum=cf359244e1483352 exact_match=true shadow_refine=0 shadow_derefine=40
elapsed=8.274898e+00 cycle=4337 time=9.827344e+00 dt=5.859375e-04
elapsed=8.318411e+00 cycle=4338 time=9.827930e+00 dt=5.859375e-04
elapsed=8.362750e+00 cycle=4339 time=9.828516e+00 dt=5.859375e-04
elapsed=8.413255e+00 cycle=4340 time=9.829102e+00 dt=5.859375e-04
elapsed=8.457270e+00 cycle=4341 time=9.829687e+00 dt=5.859375e-04
elapsed=8.501612e+00 cycle=4342 time=9.830273e+00 dt=5.859375e-04
elapsed=8.545347e+00 cycle=4343 time=9.830859e+00 dt=5.859375e-04
elapsed=8.595430e+00 cycle=4344 time=9.831445e+00 dt=5.859375e-04
elapsed=8.639175e+00 cycle=4345 time=9.832031e+00 dt=5.859375e-04
elapsed=8.683363e+00 cycle=4346 time=9.832617e+00 dt=5.859375e-04
elapsed=8.727723e+00 cycle=4347 time=9.833203e+00 dt=5.859375e-04
elapsed=8.778433e+00 cycle=4348 time=9.833789e+00 dt=5.859375e-04
elapsed=8.821796e+00 cycle=4349 time=9.834375e+00 dt=5.859375e-04
elapsed=8.866579e+00 cycle=4350 time=9.834961e+00 dt=5.859375e-04
elapsed=8.910254e+00 cycle=4351 time=9.835547e+00 dt=5.859375e-04
elapsed=8.961055e+00 cycle=4352 time=9.836133e+00 dt=5.859375e-04
elapsed=9.004530e+00 cycle=4353 time=9.836719e+00 dt=5.859375e-04
elapsed=9.048635e+00 cycle=4354 time=9.837305e+00 dt=5.859375e-04
elapsed=9.092845e+00 cycle=4355 time=9.837891e+00 dt=5.859375e-04
elapsed=9.143244e+00 cycle=4356 time=9.838477e+00 dt=5.859375e-04
elapsed=9.186715e+00 cycle=4357 time=9.839062e+00 dt=5.859375e-04
elapsed=9.230917e+00 cycle=4358 time=9.839648e+00 dt=5.859375e-04
elapsed=9.275095e+00 cycle=4359 time=9.840234e+00 dt=5.859375e-04
elapsed=9.325334e+00 cycle=4360 time=9.840820e+00 dt=5.859375e-04
elapsed=9.369995e+00 cycle=4361 time=9.841406e+00 dt=5.859375e-04
elapsed=9.414664e+00 cycle=4362 time=9.841992e+00 dt=5.859375e-04
elapsed=9.458007e+00 cycle=4363 time=9.842578e+00 dt=5.859375e-04
elapsed=9.507434e+00 cycle=4364 time=9.843164e+00 dt=5.859375e-04
elapsed=9.551511e+00 cycle=4365 time=9.843750e+00 dt=5.859375e-04
elapsed=9.595075e+00 cycle=4366 time=9.844336e+00 dt=5.859375e-04
elapsed=9.639339e+00 cycle=4367 time=9.844922e+00 dt=5.859375e-04
elapsed=9.689726e+00 cycle=4368 time=9.845508e+00 dt=5.859375e-04
elapsed=9.733352e+00 cycle=4369 time=9.846094e+00 dt=5.859375e-04
elapsed=9.777904e+00 cycle=4370 time=9.846680e+00 dt=5.859375e-04
elapsed=9.821478e+00 cycle=4371 time=9.847266e+00 dt=5.859375e-04
elapsed=9.872331e+00 cycle=4372 time=9.847852e+00 dt=5.859375e-04
elapsed=9.915567e+00 cycle=4373 time=9.848437e+00 dt=5.859375e-04
elapsed=9.959771e+00 cycle=4374 time=9.849023e+00 dt=5.859375e-04
elapsed=1.000369e+01 cycle=4375 time=9.849609e+00 dt=5.859375e-04
elapsed=1.005402e+01 cycle=4376 time=9.850195e+00 dt=5.859375e-04
elapsed=1.009738e+01 cycle=4377 time=9.850781e+00 dt=5.859375e-04
elapsed=1.014174e+01 cycle=4378 time=9.851367e+00 dt=5.859375e-04
elapsed=1.018531e+01 cycle=4379 time=9.851953e+00 dt=5.859375e-04
elapsed=1.023591e+01 cycle=4380 time=9.852539e+00 dt=5.859375e-04
elapsed=1.027935e+01 cycle=4381 time=9.853125e+00 dt=5.859375e-04
elapsed=1.032340e+01 cycle=4382 time=9.853711e+00 dt=5.859375e-04
elapsed=1.036675e+01 cycle=4383 time=9.854297e+00 dt=5.859375e-04
elapsed=1.041761e+01 cycle=4384 time=9.854883e+00 dt=5.859375e-04
elapsed=1.046136e+01 cycle=4385 time=9.855469e+00 dt=5.859375e-04
elapsed=1.050510e+01 cycle=4386 time=9.856055e+00 dt=5.859375e-04
elapsed=1.054896e+01 cycle=4387 time=9.856641e+00 dt=5.859375e-04
elapsed=1.059928e+01 cycle=4388 time=9.857227e+00 dt=5.859375e-04
elapsed=1.064420e+01 cycle=4389 time=9.857812e+00 dt=5.859375e-04
elapsed=1.068794e+01 cycle=4390 time=9.858398e+00 dt=5.859375e-04
elapsed=1.073187e+01 cycle=4391 time=9.858984e+00 dt=5.859375e-04
elapsed=1.078257e+01 cycle=4392 time=9.859570e+00 dt=5.859375e-04
elapsed=1.082654e+01 cycle=4393 time=9.860156e+00 dt=5.859375e-04
elapsed=1.086987e+01 cycle=4394 time=9.860742e+00 dt=5.859375e-04
elapsed=1.091386e+01 cycle=4395 time=9.861328e+00 dt=5.859375e-04
elapsed=1.096453e+01 cycle=4396 time=9.861914e+00 dt=5.859375e-04
elapsed=1.100914e+01 cycle=4397 time=9.862500e+00 dt=5.859375e-04
elapsed=1.105309e+01 cycle=4398 time=9.863086e+00 dt=5.859375e-04
elapsed=1.109714e+01 cycle=4399 time=9.863672e+00 dt=5.859375e-04
elapsed=1.114680e+01 cycle=4400 time=9.864258e+00 dt=5.859375e-04
elapsed=1.119085e+01 cycle=4401 time=9.864844e+00 dt=5.859375e-04
elapsed=1.123490e+01 cycle=4402 time=9.865430e+00 dt=5.859375e-04
elapsed=1.127871e+01 cycle=4403 time=9.866016e+00 dt=5.859375e-04
elapsed=1.132895e+01 cycle=4404 time=9.866602e+00 dt=5.859375e-04
elapsed=1.137301e+01 cycle=4405 time=9.867187e+00 dt=5.859375e-04
elapsed=1.141695e+01 cycle=4406 time=9.867773e+00 dt=5.859375e-04
elapsed=1.146097e+01 cycle=4407 time=9.868359e+00 dt=5.859375e-04
elapsed=1.151104e+01 cycle=4408 time=9.868945e+00 dt=5.859375e-04
elapsed=1.155522e+01 cycle=4409 time=9.869531e+00 dt=5.859375e-04
elapsed=1.159881e+01 cycle=4410 time=9.870117e+00 dt=5.859375e-04
elapsed=1.164256e+01 cycle=4411 time=9.870703e+00 dt=5.859375e-04
elapsed=1.169290e+01 cycle=4412 time=9.871289e+00 dt=5.859375e-04
elapsed=1.173619e+01 cycle=4413 time=9.871875e+00 dt=5.859375e-04
elapsed=1.178026e+01 cycle=4414 time=9.872461e+00 dt=5.859375e-04
elapsed=1.182361e+01 cycle=4415 time=9.873047e+00 dt=5.859375e-04
elapsed=1.187349e+01 cycle=4416 time=9.873633e+00 dt=5.859375e-04
elapsed=1.191738e+01 cycle=4417 time=9.874219e+00 dt=5.859375e-04
elapsed=1.196112e+01 cycle=4418 time=9.874805e+00 dt=5.859375e-04
elapsed=1.200504e+01 cycle=4419 time=9.875391e+00 dt=5.859375e-04
elapsed=1.205566e+01 cycle=4420 time=9.875977e+00 dt=5.859375e-04
elapsed=1.210032e+01 cycle=4421 time=9.876562e+00 dt=5.859375e-04
elapsed=1.214380e+01 cycle=4422 time=9.877148e+00 dt=5.859375e-04
elapsed=1.218768e+01 cycle=4423 time=9.877734e+00 dt=5.859375e-04
elapsed=1.223883e+01 cycle=4424 time=9.878320e+00 dt=5.859375e-04
elapsed=1.228319e+01 cycle=4425 time=9.878906e+00 dt=5.859375e-04
elapsed=1.232684e+01 cycle=4426 time=9.879492e+00 dt=5.859375e-04
elapsed=1.237138e+01 cycle=4427 time=9.880078e+00 dt=5.859375e-04
elapsed=1.242165e+01 cycle=4428 time=9.880664e+00 dt=5.859375e-04
elapsed=1.246522e+01 cycle=4429 time=9.881250e+00 dt=5.859375e-04
elapsed=1.250932e+01 cycle=4430 time=9.881836e+00 dt=5.859375e-04
elapsed=1.255368e+01 cycle=4431 time=9.882422e+00 dt=5.859375e-04
elapsed=1.260440e+01 cycle=4432 time=9.883008e+00 dt=5.859375e-04
elapsed=1.264797e+01 cycle=4433 time=9.883594e+00 dt=5.859375e-04
elapsed=1.269233e+01 cycle=4434 time=9.884180e+00 dt=5.859375e-04
elapsed=1.273616e+01 cycle=4435 time=9.884766e+00 dt=5.859375e-04
elapsed=1.278590e+01 cycle=4436 time=9.885352e+00 dt=5.859375e-04
elapsed=1.283018e+01 cycle=4437 time=9.885937e+00 dt=5.859375e-04
elapsed=1.287439e+01 cycle=4438 time=9.886523e+00 dt=5.859375e-04
elapsed=1.291771e+01 cycle=4439 time=9.887109e+00 dt=5.859375e-04
elapsed=1.296843e+01 cycle=4440 time=9.887695e+00 dt=5.859375e-04
elapsed=1.301163e+01 cycle=4441 time=9.888281e+00 dt=5.859375e-04
elapsed=1.305588e+01 cycle=4442 time=9.888867e+00 dt=5.859375e-04
elapsed=1.309993e+01 cycle=4443 time=9.889453e+00 dt=5.859375e-04
elapsed=1.314992e+01 cycle=4444 time=9.890039e+00 dt=5.859375e-04
elapsed=1.319374e+01 cycle=4445 time=9.890625e+00 dt=5.859375e-04
elapsed=1.323691e+01 cycle=4446 time=9.891211e+00 dt=5.859375e-04
elapsed=1.328024e+01 cycle=4447 time=9.891797e+00 dt=5.859375e-04
elapsed=1.333028e+01 cycle=4448 time=9.892383e+00 dt=5.859375e-04
elapsed=1.337391e+01 cycle=4449 time=9.892969e+00 dt=5.859375e-04
elapsed=1.341787e+01 cycle=4450 time=9.893555e+00 dt=5.859375e-04
elapsed=1.346137e+01 cycle=4451 time=9.894141e+00 dt=5.859375e-04
elapsed=1.351181e+01 cycle=4452 time=9.894727e+00 dt=5.859375e-04
elapsed=1.355567e+01 cycle=4453 time=9.895312e+00 dt=5.859375e-04
elapsed=1.359913e+01 cycle=4454 time=9.895898e+00 dt=5.859375e-04
elapsed=1.364372e+01 cycle=4455 time=9.896484e+00 dt=5.859375e-04
elapsed=1.369395e+01 cycle=4456 time=9.897070e+00 dt=5.859375e-04
elapsed=1.373756e+01 cycle=4457 time=9.897656e+00 dt=5.859375e-04
elapsed=1.378106e+01 cycle=4458 time=9.898242e+00 dt=5.859375e-04
elapsed=1.382486e+01 cycle=4459 time=9.898828e+00 dt=5.859375e-04
elapsed=1.387548e+01 cycle=4460 time=9.899414e+00 dt=5.859375e-04
elapsed=1.391973e+01 cycle=4461 time=9.900000e+00 dt=5.859375e-04
elapsed=1.396337e+01 cycle=4462 time=9.900586e+00 dt=5.859375e-04
elapsed=1.400709e+01 cycle=4463 time=9.901172e+00 dt=5.859375e-04
elapsed=1.405721e+01 cycle=4464 time=9.901758e+00 dt=5.859375e-04
elapsed=1.410141e+01 cycle=4465 time=9.902344e+00 dt=5.859375e-04
elapsed=1.414486e+01 cycle=4466 time=9.902930e+00 dt=5.859375e-04
elapsed=1.418886e+01 cycle=4467 time=9.903516e+00 dt=5.859375e-04
elapsed=1.423843e+01 cycle=4468 time=9.904102e+00 dt=5.859375e-04
elapsed=1.428221e+01 cycle=4469 time=9.904687e+00 dt=5.859375e-04
elapsed=1.432612e+01 cycle=4470 time=9.905273e+00 dt=5.859375e-04
elapsed=1.436979e+01 cycle=4471 time=9.905859e+00 dt=5.859375e-04
elapsed=1.441961e+01 cycle=4472 time=9.906445e+00 dt=5.859375e-04
elapsed=1.446345e+01 cycle=4473 time=9.907031e+00 dt=5.859375e-04
elapsed=1.450699e+01 cycle=4474 time=9.907617e+00 dt=5.859375e-04
elapsed=1.455046e+01 cycle=4475 time=9.908203e+00 dt=5.859375e-04
elapsed=1.460026e+01 cycle=4476 time=9.908789e+00 dt=5.859375e-04
elapsed=1.464435e+01 cycle=4477 time=9.909375e+00 dt=5.859375e-04
elapsed=1.468809e+01 cycle=4478 time=9.909961e+00 dt=5.859375e-04
elapsed=1.473281e+01 cycle=4479 time=9.910547e+00 dt=5.859375e-04
elapsed=1.478319e+01 cycle=4480 time=9.911133e+00 dt=5.859375e-04
elapsed=1.482664e+01 cycle=4481 time=9.911719e+00 dt=5.859375e-04
elapsed=1.487098e+01 cycle=4482 time=9.912305e+00 dt=5.859375e-04
elapsed=1.491454e+01 cycle=4483 time=9.912891e+00 dt=5.859375e-04
elapsed=1.496472e+01 cycle=4484 time=9.913477e+00 dt=5.859375e-04
elapsed=1.500810e+01 cycle=4485 time=9.914062e+00 dt=5.859375e-04
elapsed=1.505174e+01 cycle=4486 time=9.914648e+00 dt=5.859375e-04
elapsed=1.509543e+01 cycle=4487 time=9.915234e+00 dt=5.859375e-04
elapsed=1.514625e+01 cycle=4488 time=9.915820e+00 dt=5.859375e-04
elapsed=1.519003e+01 cycle=4489 time=9.916406e+00 dt=5.859375e-04
elapsed=1.523328e+01 cycle=4490 time=9.916992e+00 dt=5.859375e-04
elapsed=1.527759e+01 cycle=4491 time=9.917578e+00 dt=5.859375e-04
elapsed=1.532835e+01 cycle=4492 time=9.918164e+00 dt=5.859375e-04
elapsed=1.537275e+01 cycle=4493 time=9.918750e+00 dt=5.859375e-04
elapsed=1.541673e+01 cycle=4494 time=9.919336e+00 dt=5.859375e-04
elapsed=1.546059e+01 cycle=4495 time=9.919922e+00 dt=5.859375e-04
elapsed=1.551074e+01 cycle=4496 time=9.920508e+00 dt=5.859375e-04
elapsed=1.555461e+01 cycle=4497 time=9.921094e+00 dt=5.859375e-04
elapsed=1.559875e+01 cycle=4498 time=9.921680e+00 dt=5.859375e-04
elapsed=1.564343e+01 cycle=4499 time=9.922266e+00 dt=5.859375e-04
elapsed=1.569350e+01 cycle=4500 time=9.922852e+00 dt=5.859375e-04
elapsed=1.573663e+01 cycle=4501 time=9.923437e+00 dt=5.859375e-04
elapsed=1.578042e+01 cycle=4502 time=9.924023e+00 dt=5.859375e-04
elapsed=1.582422e+01 cycle=4503 time=9.924609e+00 dt=5.859375e-04
elapsed=1.587512e+01 cycle=4504 time=9.925195e+00 dt=5.859375e-04
elapsed=1.591872e+01 cycle=4505 time=9.925781e+00 dt=5.859375e-04
elapsed=1.596288e+01 cycle=4506 time=9.926367e+00 dt=5.859375e-04
elapsed=1.600625e+01 cycle=4507 time=9.926953e+00 dt=5.859375e-04
elapsed=1.605650e+01 cycle=4508 time=9.927539e+00 dt=5.859375e-04
elapsed=1.610086e+01 cycle=4509 time=9.928125e+00 dt=5.859375e-04
elapsed=1.614479e+01 cycle=4510 time=9.928711e+00 dt=5.859375e-04
elapsed=1.618953e+01 cycle=4511 time=9.929297e+00 dt=5.859375e-04
elapsed=1.624060e+01 cycle=4512 time=9.929883e+00 dt=5.859375e-04
elapsed=1.628415e+01 cycle=4513 time=9.930469e+00 dt=5.859375e-04
elapsed=1.632757e+01 cycle=4514 time=9.931055e+00 dt=5.859375e-04
elapsed=1.637217e+01 cycle=4515 time=9.931641e+00 dt=5.859375e-04
elapsed=1.642290e+01 cycle=4516 time=9.932227e+00 dt=5.859375e-04
elapsed=1.646704e+01 cycle=4517 time=9.932813e+00 dt=5.859375e-04
elapsed=1.651086e+01 cycle=4518 time=9.933398e+00 dt=5.859375e-04
elapsed=1.655436e+01 cycle=4519 time=9.933984e+00 dt=5.859375e-04
elapsed=1.660464e+01 cycle=4520 time=9.934570e+00 dt=5.859375e-04
elapsed=1.664778e+01 cycle=4521 time=9.935156e+00 dt=5.859375e-04
elapsed=1.669209e+01 cycle=4522 time=9.935742e+00 dt=5.859375e-04
elapsed=1.673602e+01 cycle=4523 time=9.936328e+00 dt=5.859375e-04
elapsed=1.678641e+01 cycle=4524 time=9.936914e+00 dt=5.859375e-04
elapsed=1.683059e+01 cycle=4525 time=9.937500e+00 dt=5.859375e-04
elapsed=1.687458e+01 cycle=4526 time=9.938086e+00 dt=5.859375e-04
elapsed=1.691864e+01 cycle=4527 time=9.938672e+00 dt=5.859375e-04
elapsed=1.696857e+01 cycle=4528 time=9.939258e+00 dt=5.859375e-04
elapsed=1.701271e+01 cycle=4529 time=9.939844e+00 dt=5.859375e-04
elapsed=1.705679e+01 cycle=4530 time=9.940430e+00 dt=5.859375e-04
elapsed=1.710047e+01 cycle=4531 time=9.941016e+00 dt=5.859375e-04
elapsed=1.714983e+01 cycle=4532 time=9.941602e+00 dt=5.859375e-04
elapsed=1.719375e+01 cycle=4533 time=9.942188e+00 dt=5.859375e-04
elapsed=1.723764e+01 cycle=4534 time=9.942773e+00 dt=5.859375e-04
elapsed=1.728189e+01 cycle=4535 time=9.943359e+00 dt=5.859375e-04
elapsed=1.733267e+01 cycle=4536 time=9.943945e+00 dt=5.859375e-04
elapsed=1.737644e+01 cycle=4537 time=9.944531e+00 dt=5.859375e-04
elapsed=1.742065e+01 cycle=4538 time=9.945117e+00 dt=5.859375e-04
elapsed=1.746432e+01 cycle=4539 time=9.945703e+00 dt=5.859375e-04
elapsed=1.751502e+01 cycle=4540 time=9.946289e+00 dt=5.859375e-04
elapsed=1.755849e+01 cycle=4541 time=9.946875e+00 dt=5.859375e-04
elapsed=1.760256e+01 cycle=4542 time=9.947461e+00 dt=5.859375e-04
elapsed=1.764606e+01 cycle=4543 time=9.948047e+00 dt=5.859375e-04
elapsed=1.769583e+01 cycle=4544 time=9.948633e+00 dt=5.859375e-04
elapsed=1.773981e+01 cycle=4545 time=9.949219e+00 dt=5.859375e-04
elapsed=1.778319e+01 cycle=4546 time=9.949805e+00 dt=5.859375e-04
elapsed=1.782661e+01 cycle=4547 time=9.950391e+00 dt=5.859375e-04
elapsed=1.787669e+01 cycle=4548 time=9.950977e+00 dt=5.859375e-04
elapsed=1.792101e+01 cycle=4549 time=9.951563e+00 dt=5.859375e-04
elapsed=1.796466e+01 cycle=4550 time=9.952148e+00 dt=5.859375e-04
elapsed=1.800836e+01 cycle=4551 time=9.952734e+00 dt=5.859375e-04
elapsed=1.805878e+01 cycle=4552 time=9.953320e+00 dt=5.859375e-04
elapsed=1.810213e+01 cycle=4553 time=9.953906e+00 dt=5.859375e-04
elapsed=1.814562e+01 cycle=4554 time=9.954492e+00 dt=5.859375e-04
elapsed=1.818967e+01 cycle=4555 time=9.955078e+00 dt=5.859375e-04
elapsed=1.823973e+01 cycle=4556 time=9.955664e+00 dt=5.859375e-04
elapsed=1.828306e+01 cycle=4557 time=9.956250e+00 dt=5.859375e-04
elapsed=1.832681e+01 cycle=4558 time=9.956836e+00 dt=5.859375e-04
elapsed=1.837044e+01 cycle=4559 time=9.957422e+00 dt=5.859375e-04
elapsed=1.842098e+01 cycle=4560 time=9.958008e+00 dt=5.859375e-04
elapsed=1.846498e+01 cycle=4561 time=9.958594e+00 dt=5.859375e-04
elapsed=1.850917e+01 cycle=4562 time=9.959180e+00 dt=5.859375e-04
elapsed=1.855307e+01 cycle=4563 time=9.959766e+00 dt=5.859375e-04
elapsed=1.860389e+01 cycle=4564 time=9.960352e+00 dt=5.859375e-04
elapsed=1.864773e+01 cycle=4565 time=9.960938e+00 dt=5.859375e-04
elapsed=1.869188e+01 cycle=4566 time=9.961523e+00 dt=5.859375e-04
elapsed=1.873521e+01 cycle=4567 time=9.962109e+00 dt=5.859375e-04
elapsed=1.878583e+01 cycle=4568 time=9.962695e+00 dt=5.859375e-04
elapsed=1.882939e+01 cycle=4569 time=9.963281e+00 dt=5.859375e-04
elapsed=1.887392e+01 cycle=4570 time=9.963867e+00 dt=5.859375e-04
elapsed=1.891779e+01 cycle=4571 time=9.964453e+00 dt=5.859375e-04
elapsed=1.896760e+01 cycle=4572 time=9.965039e+00 dt=5.859375e-04
elapsed=1.901154e+01 cycle=4573 time=9.965625e+00 dt=5.859375e-04
elapsed=1.905479e+01 cycle=4574 time=9.966211e+00 dt=5.859375e-04
elapsed=1.909838e+01 cycle=4575 time=9.966797e+00 dt=5.859375e-04
elapsed=1.914837e+01 cycle=4576 time=9.967383e+00 dt=5.859375e-04
elapsed=1.919245e+01 cycle=4577 time=9.967969e+00 dt=5.859375e-04
elapsed=1.923705e+01 cycle=4578 time=9.968555e+00 dt=5.859375e-04
elapsed=1.928051e+01 cycle=4579 time=9.969141e+00 dt=5.859375e-04
elapsed=1.933069e+01 cycle=4580 time=9.969727e+00 dt=5.859375e-04
elapsed=1.937455e+01 cycle=4581 time=9.970313e+00 dt=5.859375e-04
elapsed=1.941852e+01 cycle=4582 time=9.970898e+00 dt=5.859375e-04
elapsed=1.946284e+01 cycle=4583 time=9.971484e+00 dt=5.859375e-04
elapsed=1.951402e+01 cycle=4584 time=9.972070e+00 dt=5.859375e-04
elapsed=1.955753e+01 cycle=4585 time=9.972656e+00 dt=5.859375e-04
elapsed=1.960161e+01 cycle=4586 time=9.973242e+00 dt=5.859375e-04
elapsed=1.964531e+01 cycle=4587 time=9.973828e+00 dt=5.859375e-04
elapsed=1.969558e+01 cycle=4588 time=9.974414e+00 dt=5.859375e-04
elapsed=1.973912e+01 cycle=4589 time=9.975000e+00 dt=5.859375e-04
elapsed=1.978286e+01 cycle=4590 time=9.975586e+00 dt=5.859375e-04
elapsed=1.982659e+01 cycle=4591 time=9.976172e+00 dt=5.859375e-04
elapsed=1.987764e+01 cycle=4592 time=9.976758e+00 dt=5.859375e-04
elapsed=1.992228e+01 cycle=4593 time=9.977344e+00 dt=5.859375e-04
elapsed=1.996589e+01 cycle=4594 time=9.977930e+00 dt=5.859375e-04
elapsed=2.001035e+01 cycle=4595 time=9.978516e+00 dt=5.859375e-04
elapsed=2.006048e+01 cycle=4596 time=9.979102e+00 dt=5.859375e-04
elapsed=2.010415e+01 cycle=4597 time=9.979688e+00 dt=5.859375e-04
elapsed=2.014692e+01 cycle=4598 time=9.980273e+00 dt=5.859375e-04
elapsed=2.019096e+01 cycle=4599 time=9.980859e+00 dt=5.859375e-04
elapsed=2.024138e+01 cycle=4600 time=9.981445e+00 dt=5.859375e-04
elapsed=2.028541e+01 cycle=4601 time=9.982031e+00 dt=5.859375e-04
elapsed=2.032914e+01 cycle=4602 time=9.982617e+00 dt=5.859375e-04
elapsed=2.037265e+01 cycle=4603 time=9.983203e+00 dt=5.859375e-04
elapsed=2.042287e+01 cycle=4604 time=9.983789e+00 dt=5.859375e-04
elapsed=2.046731e+01 cycle=4605 time=9.984375e+00 dt=5.859375e-04
elapsed=2.051088e+01 cycle=4606 time=9.984961e+00 dt=5.859375e-04
elapsed=2.055433e+01 cycle=4607 time=9.985547e+00 dt=5.859375e-04
elapsed=2.060444e+01 cycle=4608 time=9.986133e+00 dt=5.859375e-04
elapsed=2.064821e+01 cycle=4609 time=9.986719e+00 dt=5.859375e-04
elapsed=2.069209e+01 cycle=4610 time=9.987305e+00 dt=5.859375e-04
elapsed=2.073590e+01 cycle=4611 time=9.987891e+00 dt=5.859375e-04
elapsed=2.078658e+01 cycle=4612 time=9.988477e+00 dt=5.859375e-04
elapsed=2.083084e+01 cycle=4613 time=9.989063e+00 dt=5.859375e-04
elapsed=2.087524e+01 cycle=4614 time=9.989648e+00 dt=5.859375e-04
elapsed=2.091906e+01 cycle=4615 time=9.990234e+00 dt=5.859375e-04
elapsed=2.096863e+01 cycle=4616 time=9.990820e+00 dt=5.859375e-04
elapsed=2.101240e+01 cycle=4617 time=9.991406e+00 dt=5.859375e-04
elapsed=2.105579e+01 cycle=4618 time=9.991992e+00 dt=5.859375e-04
elapsed=2.110025e+01 cycle=4619 time=9.992578e+00 dt=5.859375e-04
elapsed=2.115121e+01 cycle=4620 time=9.993164e+00 dt=5.859375e-04
elapsed=2.119479e+01 cycle=4621 time=9.993750e+00 dt=5.859375e-04
elapsed=2.123922e+01 cycle=4622 time=9.994336e+00 dt=5.859375e-04
elapsed=2.128359e+01 cycle=4623 time=9.994922e+00 dt=5.859375e-04
elapsed=2.133375e+01 cycle=4624 time=9.995508e+00 dt=5.859375e-04
elapsed=2.137777e+01 cycle=4625 time=9.996094e+00 dt=5.859375e-04
elapsed=2.142154e+01 cycle=4626 time=9.996680e+00 dt=5.859375e-04
elapsed=2.146571e+01 cycle=4627 time=9.997266e+00 dt=5.859375e-04
elapsed=2.151633e+01 cycle=4628 time=9.997852e+00 dt=5.859375e-04
elapsed=2.156056e+01 cycle=4629 time=9.998438e+00 dt=5.859375e-04
elapsed=2.160423e+01 cycle=4630 time=9.999023e+00 dt=5.859375e-04
elapsed=2.164729e+01 cycle=4631 time=9.999609e+00 dt=5.859375e-04
elapsed=2.169787e+01 cycle=4632 time=1.000020e+01 dt=5.859375e-04
elapsed=2.174198e+01 cycle=4633 time=1.000078e+01 dt=5.859375e-04
elapsed=2.178609e+01 cycle=4634 time=1.000137e+01 dt=5.859375e-04
elapsed=2.183065e+01 cycle=4635 time=1.000195e+01 dt=5.859375e-04
elapsed=2.188088e+01 cycle=4636 time=1.000254e+01 dt=5.859375e-04
elapsed=2.192445e+01 cycle=4637 time=1.000313e+01 dt=5.859375e-04
elapsed=2.196831e+01 cycle=4638 time=1.000371e+01 dt=5.859375e-04
elapsed=2.201225e+01 cycle=4639 time=1.000430e+01 dt=5.859375e-04
elapsed=2.206239e+01 cycle=4640 time=1.000488e+01 dt=5.859375e-04
elapsed=2.210711e+01 cycle=4641 time=1.000547e+01 dt=5.859375e-04
elapsed=2.215097e+01 cycle=4642 time=1.000605e+01 dt=5.859375e-04
elapsed=2.219430e+01 cycle=4643 time=1.000664e+01 dt=5.859375e-04
elapsed=2.224488e+01 cycle=4644 time=1.000723e+01 dt=5.859375e-04
elapsed=2.228936e+01 cycle=4645 time=1.000781e+01 dt=5.859375e-04
elapsed=2.233317e+01 cycle=4646 time=1.000840e+01 dt=5.859375e-04
elapsed=2.237659e+01 cycle=4647 time=1.000898e+01 dt=5.859375e-04
elapsed=2.242641e+01 cycle=4648 time=1.000957e+01 dt=5.859375e-04
elapsed=2.246975e+01 cycle=4649 time=1.001016e+01 dt=5.859375e-04
elapsed=2.251349e+01 cycle=4650 time=1.001074e+01 dt=5.859375e-04
elapsed=2.255714e+01 cycle=4651 time=1.001133e+01 dt=5.859375e-04
elapsed=2.260706e+01 cycle=4652 time=1.001191e+01 dt=5.859375e-04
elapsed=2.265056e+01 cycle=4653 time=1.001250e+01 dt=5.859375e-04
elapsed=2.269435e+01 cycle=4654 time=1.001309e+01 dt=5.859375e-04
elapsed=2.273863e+01 cycle=4655 time=1.001367e+01 dt=5.859375e-04
elapsed=2.278882e+01 cycle=4656 time=1.001426e+01 dt=5.859375e-04
elapsed=2.283343e+01 cycle=4657 time=1.001484e+01 dt=5.859375e-04
elapsed=2.287717e+01 cycle=4658 time=1.001543e+01 dt=5.859375e-04
elapsed=2.292101e+01 cycle=4659 time=1.001602e+01 dt=5.859375e-04
elapsed=2.297181e+01 cycle=4660 time=1.001660e+01 dt=5.859375e-04
elapsed=2.301589e+01 cycle=4661 time=1.001719e+01 dt=5.859375e-04
elapsed=2.305943e+01 cycle=4662 time=1.001777e+01 dt=5.859375e-04
elapsed=2.310356e+01 cycle=4663 time=1.001836e+01 dt=5.859375e-04
elapsed=2.315416e+01 cycle=4664 time=1.001895e+01 dt=5.859375e-04
elapsed=2.319832e+01 cycle=4665 time=1.001953e+01 dt=5.859375e-04
elapsed=2.324208e+01 cycle=4666 time=1.002012e+01 dt=5.859375e-04
elapsed=2.328585e+01 cycle=4667 time=1.002070e+01 dt=5.859375e-04
elapsed=2.333634e+01 cycle=4668 time=1.002129e+01 dt=5.859375e-04
elapsed=2.338060e+01 cycle=4669 time=1.002188e+01 dt=5.859375e-04
elapsed=2.342473e+01 cycle=4670 time=1.002246e+01 dt=5.859375e-04
elapsed=2.346867e+01 cycle=4671 time=1.002305e+01 dt=5.859375e-04
elapsed=2.351926e+01 cycle=4672 time=1.002363e+01 dt=5.859375e-04
elapsed=2.356387e+01 cycle=4673 time=1.002422e+01 dt=5.859375e-04
elapsed=2.360793e+01 cycle=4674 time=1.002480e+01 dt=5.859375e-04
elapsed=2.365261e+01 cycle=4675 time=1.002539e+01 dt=5.859375e-04
elapsed=2.370325e+01 cycle=4676 time=1.002598e+01 dt=5.859375e-04
elapsed=2.374786e+01 cycle=4677 time=1.002656e+01 dt=5.859375e-04
elapsed=2.379107e+01 cycle=4678 time=1.002715e+01 dt=5.859375e-04
elapsed=2.383474e+01 cycle=4679 time=1.002773e+01 dt=5.859375e-04
elapsed=2.388515e+01 cycle=4680 time=1.002832e+01 dt=5.859375e-04
elapsed=2.392849e+01 cycle=4681 time=1.002891e+01 dt=5.859375e-04
elapsed=2.397169e+01 cycle=4682 time=1.002949e+01 dt=5.859375e-04
elapsed=2.401601e+01 cycle=4683 time=1.003008e+01 dt=5.859375e-04
elapsed=2.406650e+01 cycle=4684 time=1.003066e+01 dt=5.859375e-04
elapsed=2.411038e+01 cycle=4685 time=1.003125e+01 dt=5.859375e-04
elapsed=2.415421e+01 cycle=4686 time=1.003184e+01 dt=5.859375e-04
elapsed=2.419766e+01 cycle=4687 time=1.003242e+01 dt=5.859375e-04
elapsed=2.424868e+01 cycle=4688 time=1.003301e+01 dt=5.859375e-04
elapsed=2.429305e+01 cycle=4689 time=1.003359e+01 dt=5.859375e-04
elapsed=2.433743e+01 cycle=4690 time=1.003418e+01 dt=5.859375e-04
elapsed=2.438213e+01 cycle=4691 time=1.003477e+01 dt=5.859375e-04
elapsed=2.443302e+01 cycle=4692 time=1.003535e+01 dt=5.859375e-04
elapsed=2.447636e+01 cycle=4693 time=1.003594e+01 dt=5.859375e-04
elapsed=2.452089e+01 cycle=4694 time=1.003652e+01 dt=5.859375e-04
elapsed=2.456481e+01 cycle=4695 time=1.003711e+01 dt=5.859375e-04
elapsed=2.461553e+01 cycle=4696 time=1.003770e+01 dt=5.859375e-04
elapsed=2.465873e+01 cycle=4697 time=1.003828e+01 dt=5.859375e-04
elapsed=2.470203e+01 cycle=4698 time=1.003887e+01 dt=5.859375e-04
elapsed=2.474607e+01 cycle=4699 time=1.003945e+01 dt=5.859375e-04
elapsed=2.479611e+01 cycle=4700 time=1.004004e+01 dt=5.859375e-04
elapsed=2.484024e+01 cycle=4701 time=1.004063e+01 dt=5.859375e-04
elapsed=2.488430e+01 cycle=4702 time=1.004121e+01 dt=5.859375e-04
elapsed=2.492805e+01 cycle=4703 time=1.004180e+01 dt=5.859375e-04
elapsed=2.497762e+01 cycle=4704 time=1.004238e+01 dt=5.859375e-04
elapsed=2.502198e+01 cycle=4705 time=1.004297e+01 dt=5.859375e-04
elapsed=2.506552e+01 cycle=4706 time=1.004355e+01 dt=5.859375e-04
elapsed=2.510905e+01 cycle=4707 time=1.004414e+01 dt=5.859375e-04
elapsed=2.515964e+01 cycle=4708 time=1.004473e+01 dt=5.859375e-04
elapsed=2.520382e+01 cycle=4709 time=1.004531e+01 dt=5.859375e-04
elapsed=2.524704e+01 cycle=4710 time=1.004590e+01 dt=5.859375e-04
elapsed=2.529052e+01 cycle=4711 time=1.004648e+01 dt=5.859375e-04
elapsed=2.534077e+01 cycle=4712 time=1.004707e+01 dt=5.859375e-04
elapsed=2.538467e+01 cycle=4713 time=1.004766e+01 dt=5.859375e-04
elapsed=2.542861e+01 cycle=4714 time=1.004824e+01 dt=5.859375e-04
elapsed=2.547289e+01 cycle=4715 time=1.004883e+01 dt=5.859375e-04
elapsed=2.552370e+01 cycle=4716 time=1.004941e+01 dt=5.859375e-04
elapsed=2.556687e+01 cycle=4717 time=1.005000e+01 dt=5.859375e-04
elapsed=2.561096e+01 cycle=4718 time=1.005059e+01 dt=5.859375e-04
elapsed=2.565491e+01 cycle=4719 time=1.005117e+01 dt=5.859375e-04
elapsed=2.570501e+01 cycle=4720 time=1.005176e+01 dt=5.859375e-04
elapsed=2.574855e+01 cycle=4721 time=1.005234e+01 dt=5.859375e-04
elapsed=2.579253e+01 cycle=4722 time=1.005293e+01 dt=5.859375e-04
elapsed=2.583715e+01 cycle=4723 time=1.005352e+01 dt=5.859375e-04
elapsed=2.588766e+01 cycle=4724 time=1.005410e+01 dt=5.859375e-04
elapsed=2.593159e+01 cycle=4725 time=1.005469e+01 dt=5.859375e-04
elapsed=2.597558e+01 cycle=4726 time=1.005527e+01 dt=5.859375e-04
elapsed=2.601924e+01 cycle=4727 time=1.005586e+01 dt=5.859375e-04
elapsed=2.606969e+01 cycle=4728 time=1.005645e+01 dt=5.859375e-04
elapsed=2.611419e+01 cycle=4729 time=1.005703e+01 dt=5.859375e-04
elapsed=2.615792e+01 cycle=4730 time=1.005762e+01 dt=5.859375e-04
elapsed=2.620147e+01 cycle=4731 time=1.005820e+01 dt=5.859375e-04
elapsed=2.625176e+01 cycle=4732 time=1.005879e+01 dt=5.859375e-04
elapsed=2.629564e+01 cycle=4733 time=1.005938e+01 dt=5.859375e-04
elapsed=2.633940e+01 cycle=4734 time=1.005996e+01 dt=5.859375e-04
elapsed=2.638389e+01 cycle=4735 time=1.006055e+01 dt=5.859375e-04
elapsed=2.643425e+01 cycle=4736 time=1.006113e+01 dt=5.859375e-04
elapsed=2.647786e+01 cycle=4737 time=1.006172e+01 dt=5.859375e-04
elapsed=2.652082e+01 cycle=4738 time=1.006230e+01 dt=5.859375e-04
elapsed=2.656460e+01 cycle=4739 time=1.006289e+01 dt=5.859375e-04
elapsed=2.661469e+01 cycle=4740 time=1.006348e+01 dt=5.859375e-04
elapsed=2.665893e+01 cycle=4741 time=1.006406e+01 dt=5.859375e-04
elapsed=2.670225e+01 cycle=4742 time=1.006465e+01 dt=5.859375e-04
elapsed=2.674570e+01 cycle=4743 time=1.006523e+01 dt=5.859375e-04
elapsed=2.679569e+01 cycle=4744 time=1.006582e+01 dt=5.859375e-04
elapsed=2.683962e+01 cycle=4745 time=1.006641e+01 dt=5.859375e-04
elapsed=2.688340e+01 cycle=4746 time=1.006699e+01 dt=5.859375e-04
elapsed=2.692737e+01 cycle=4747 time=1.006758e+01 dt=5.859375e-04
elapsed=2.697703e+01 cycle=4748 time=1.006816e+01 dt=5.859375e-04
elapsed=2.702086e+01 cycle=4749 time=1.006875e+01 dt=5.859375e-04
elapsed=2.706473e+01 cycle=4750 time=1.006934e+01 dt=5.859375e-04
elapsed=2.710859e+01 cycle=4751 time=1.006992e+01 dt=5.859375e-04
elapsed=2.715840e+01 cycle=4752 time=1.007051e+01 dt=5.859375e-04
elapsed=2.720241e+01 cycle=4753 time=1.007109e+01 dt=5.859375e-04
elapsed=2.724630e+01 cycle=4754 time=1.007168e+01 dt=5.859375e-04
elapsed=2.729002e+01 cycle=4755 time=1.007227e+01 dt=5.859375e-04
elapsed=2.733986e+01 cycle=4756 time=1.007285e+01 dt=5.859375e-04
elapsed=2.738378e+01 cycle=4757 time=1.007344e+01 dt=5.859375e-04
elapsed=2.742731e+01 cycle=4758 time=1.007402e+01 dt=5.859375e-04
elapsed=2.747097e+01 cycle=4759 time=1.007461e+01 dt=5.859375e-04
elapsed=2.752106e+01 cycle=4760 time=1.007520e+01 dt=5.859375e-04
elapsed=2.756494e+01 cycle=4761 time=1.007578e+01 dt=5.859375e-04
elapsed=2.760840e+01 cycle=4762 time=1.007637e+01 dt=5.859375e-04
elapsed=2.765223e+01 cycle=4763 time=1.007695e+01 dt=5.859375e-04
elapsed=2.770229e+01 cycle=4764 time=1.007754e+01 dt=5.859375e-04
elapsed=2.774607e+01 cycle=4765 time=1.007813e+01 dt=5.859375e-04
elapsed=2.779069e+01 cycle=4766 time=1.007871e+01 dt=5.859375e-04
elapsed=2.783425e+01 cycle=4767 time=1.007930e+01 dt=5.859375e-04
elapsed=2.788382e+01 cycle=4768 time=1.007988e+01 dt=5.859375e-04
elapsed=2.792826e+01 cycle=4769 time=1.008047e+01 dt=5.859375e-04
elapsed=2.797196e+01 cycle=4770 time=1.008105e+01 dt=5.859375e-04
elapsed=2.801529e+01 cycle=4771 time=1.008164e+01 dt=5.859375e-04
elapsed=2.806604e+01 cycle=4772 time=1.008223e+01 dt=5.859375e-04
elapsed=2.810939e+01 cycle=4773 time=1.008281e+01 dt=5.859375e-04
elapsed=2.815297e+01 cycle=4774 time=1.008340e+01 dt=5.859375e-04
elapsed=2.819696e+01 cycle=4775 time=1.008398e+01 dt=5.859375e-04
elapsed=2.824698e+01 cycle=4776 time=1.008457e+01 dt=5.859375e-04
elapsed=2.829071e+01 cycle=4777 time=1.008516e+01 dt=5.859375e-04
elapsed=2.833457e+01 cycle=4778 time=1.008574e+01 dt=5.859375e-04
elapsed=2.837885e+01 cycle=4779 time=1.008633e+01 dt=5.859375e-04
elapsed=2.842964e+01 cycle=4780 time=1.008691e+01 dt=5.859375e-04
elapsed=2.847338e+01 cycle=4781 time=1.008750e+01 dt=5.859375e-04
elapsed=2.851748e+01 cycle=4782 time=1.008809e+01 dt=5.859375e-04
elapsed=2.856171e+01 cycle=4783 time=1.008867e+01 dt=5.859375e-04
elapsed=2.861163e+01 cycle=4784 time=1.008926e+01 dt=5.859375e-04
elapsed=2.865558e+01 cycle=4785 time=1.008984e+01 dt=5.859375e-04
elapsed=2.869973e+01 cycle=4786 time=1.009043e+01 dt=5.859375e-04
elapsed=2.874367e+01 cycle=4787 time=1.009102e+01 dt=5.859375e-04
elapsed=2.879425e+01 cycle=4788 time=1.009160e+01 dt=5.859375e-04
elapsed=2.883850e+01 cycle=4789 time=1.009219e+01 dt=5.859375e-04
elapsed=2.888291e+01 cycle=4790 time=1.009277e+01 dt=5.859375e-04
elapsed=2.892674e+01 cycle=4791 time=1.009336e+01 dt=5.859375e-04
elapsed=2.897730e+01 cycle=4792 time=1.009395e+01 dt=5.859375e-04
elapsed=2.902023e+01 cycle=4793 time=1.009453e+01 dt=5.859375e-04
elapsed=2.906388e+01 cycle=4794 time=1.009512e+01 dt=5.859375e-04
elapsed=2.910777e+01 cycle=4795 time=1.009570e+01 dt=5.859375e-04
elapsed=2.915739e+01 cycle=4796 time=1.009629e+01 dt=5.859375e-04
elapsed=2.920160e+01 cycle=4797 time=1.009688e+01 dt=5.859375e-04
elapsed=2.924569e+01 cycle=4798 time=1.009746e+01 dt=5.859375e-04
elapsed=2.928914e+01 cycle=4799 time=1.009805e+01 dt=5.859375e-04
elapsed=2.933867e+01 cycle=4800 time=1.009863e+01 dt=5.859375e-04
elapsed=2.938264e+01 cycle=4801 time=1.009922e+01 dt=5.859375e-04
elapsed=2.942622e+01 cycle=4802 time=1.009980e+01 dt=5.859375e-04
elapsed=2.947031e+01 cycle=4803 time=1.010039e+01 dt=5.859375e-04
elapsed=2.951976e+01 cycle=4804 time=1.010098e+01 dt=5.859375e-04
elapsed=2.956341e+01 cycle=4805 time=1.010156e+01 dt=5.859375e-04
elapsed=2.960725e+01 cycle=4806 time=1.010215e+01 dt=5.859375e-04
elapsed=2.965091e+01 cycle=4807 time=1.010273e+01 dt=5.859375e-04
elapsed=2.970128e+01 cycle=4808 time=1.010332e+01 dt=5.859375e-04
elapsed=2.974498e+01 cycle=4809 time=1.010391e+01 dt=5.859375e-04
elapsed=2.978880e+01 cycle=4810 time=1.010449e+01 dt=5.859375e-04
elapsed=2.983283e+01 cycle=4811 time=1.010508e+01 dt=5.859375e-04
elapsed=2.988276e+01 cycle=4812 time=1.010566e+01 dt=5.859375e-04
elapsed=2.992642e+01 cycle=4813 time=1.010625e+01 dt=5.859375e-04
elapsed=2.997032e+01 cycle=4814 time=1.010684e+01 dt=5.859375e-04
elapsed=3.001431e+01 cycle=4815 time=1.010742e+01 dt=5.859375e-04
elapsed=3.006495e+01 cycle=4816 time=1.010801e+01 dt=5.859375e-04
elapsed=3.010908e+01 cycle=4817 time=1.010859e+01 dt=5.859375e-04
elapsed=3.015288e+01 cycle=4818 time=1.010918e+01 dt=5.859375e-04
elapsed=3.019676e+01 cycle=4819 time=1.010977e+01 dt=5.859375e-04
elapsed=3.024679e+01 cycle=4820 time=1.011035e+01 dt=5.859375e-04
elapsed=3.029102e+01 cycle=4821 time=1.011094e+01 dt=5.859375e-04
elapsed=3.033509e+01 cycle=4822 time=1.011152e+01 dt=5.859375e-04
elapsed=3.037927e+01 cycle=4823 time=1.011211e+01 dt=5.859375e-04
elapsed=3.042986e+01 cycle=4824 time=1.011270e+01 dt=5.859375e-04
elapsed=3.047395e+01 cycle=4825 time=1.011328e+01 dt=5.859375e-04
elapsed=3.051774e+01 cycle=4826 time=1.011387e+01 dt=5.859375e-04
elapsed=3.056174e+01 cycle=4827 time=1.011445e+01 dt=5.859375e-04
elapsed=3.061204e+01 cycle=4828 time=1.011504e+01 dt=5.859375e-04
elapsed=3.065540e+01 cycle=4829 time=1.011563e+01 dt=5.859375e-04
elapsed=3.069912e+01 cycle=4830 time=1.011621e+01 dt=5.859375e-04
elapsed=3.074230e+01 cycle=4831 time=1.011680e+01 dt=5.859375e-04
elapsed=3.079239e+01 cycle=4832 time=1.011738e+01 dt=5.859375e-04
elapsed=3.083615e+01 cycle=4833 time=1.011797e+01 dt=5.859375e-04
elapsed=3.088013e+01 cycle=4834 time=1.011855e+01 dt=5.859375e-04
elapsed=3.092417e+01 cycle=4835 time=1.011914e+01 dt=5.859375e-04
elapsed=3.097465e+01 cycle=4836 time=1.011973e+01 dt=5.859375e-04
elapsed=3.101913e+01 cycle=4837 time=1.012031e+01 dt=5.859375e-04
elapsed=3.106335e+01 cycle=4838 time=1.012090e+01 dt=5.859375e-04
elapsed=3.110739e+01 cycle=4839 time=1.012148e+01 dt=5.859375e-04
elapsed=3.115730e+01 cycle=4840 time=1.012207e+01 dt=5.859375e-04
elapsed=3.120078e+01 cycle=4841 time=1.012266e+01 dt=5.859375e-04
elapsed=3.124470e+01 cycle=4842 time=1.012324e+01 dt=5.859375e-04
elapsed=3.128876e+01 cycle=4843 time=1.012383e+01 dt=5.859375e-04
elapsed=3.133900e+01 cycle=4844 time=1.012441e+01 dt=5.859375e-04
elapsed=3.138229e+01 cycle=4845 time=1.012500e+01 dt=5.859375e-04
elapsed=3.142588e+01 cycle=4846 time=1.012559e+01 dt=5.859375e-04
elapsed=3.147016e+01 cycle=4847 time=1.012617e+01 dt=5.859375e-04
elapsed=3.152034e+01 cycle=4848 time=1.012676e+01 dt=5.859375e-04
elapsed=3.156487e+01 cycle=4849 time=1.012734e+01 dt=5.859375e-04
elapsed=3.160928e+01 cycle=4850 time=1.012793e+01 dt=5.859375e-04
elapsed=3.165304e+01 cycle=4851 time=1.012852e+01 dt=5.859375e-04
elapsed=3.170373e+01 cycle=4852 time=1.012910e+01 dt=5.859375e-04
elapsed=3.174756e+01 cycle=4853 time=1.012969e+01 dt=5.859375e-04
elapsed=3.179098e+01 cycle=4854 time=1.013027e+01 dt=5.859375e-04
elapsed=3.183463e+01 cycle=4855 time=1.013086e+01 dt=5.859375e-04
elapsed=3.188437e+01 cycle=4856 time=1.013145e+01 dt=5.859375e-04
elapsed=3.192859e+01 cycle=4857 time=1.013203e+01 dt=5.859375e-04
elapsed=3.197245e+01 cycle=4858 time=1.013262e+01 dt=5.859375e-04
elapsed=3.201586e+01 cycle=4859 time=1.013320e+01 dt=5.859375e-04
elapsed=3.206559e+01 cycle=4860 time=1.013379e+01 dt=5.859375e-04
elapsed=3.210971e+01 cycle=4861 time=1.013438e+01 dt=5.859375e-04
elapsed=3.215373e+01 cycle=4862 time=1.013496e+01 dt=5.859375e-04
elapsed=3.219735e+01 cycle=4863 time=1.013555e+01 dt=5.859375e-04
elapsed=3.224796e+01 cycle=4864 time=1.013613e+01 dt=5.859375e-04
elapsed=3.229207e+01 cycle=4865 time=1.013672e+01 dt=5.859375e-04
elapsed=3.233547e+01 cycle=4866 time=1.013730e+01 dt=5.859375e-04
elapsed=3.237969e+01 cycle=4867 time=1.013789e+01 dt=5.859375e-04
elapsed=3.243011e+01 cycle=4868 time=1.013848e+01 dt=5.859375e-04
elapsed=3.247350e+01 cycle=4869 time=1.013906e+01 dt=5.859375e-04
elapsed=3.251716e+01 cycle=4870 time=1.013965e+01 dt=5.859375e-04
elapsed=3.256181e+01 cycle=4871 time=1.014023e+01 dt=5.859375e-04
elapsed=3.261178e+01 cycle=4872 time=1.014082e+01 dt=5.859375e-04
elapsed=3.265600e+01 cycle=4873 time=1.014141e+01 dt=5.859375e-04
elapsed=3.270017e+01 cycle=4874 time=1.014199e+01 dt=5.859375e-04
elapsed=3.274329e+01 cycle=4875 time=1.014258e+01 dt=5.859375e-04
elapsed=3.279395e+01 cycle=4876 time=1.014316e+01 dt=5.859375e-04
elapsed=3.283752e+01 cycle=4877 time=1.014375e+01 dt=5.859375e-04
elapsed=3.288133e+01 cycle=4878 time=1.014434e+01 dt=5.859375e-04
elapsed=3.292551e+01 cycle=4879 time=1.014492e+01 dt=5.859375e-04
elapsed=3.297569e+01 cycle=4880 time=1.014551e+01 dt=5.859375e-04
elapsed=3.301981e+01 cycle=4881 time=1.014609e+01 dt=5.859375e-04
elapsed=3.306330e+01 cycle=4882 time=1.014668e+01 dt=5.859375e-04
elapsed=3.310760e+01 cycle=4883 time=1.014727e+01 dt=5.859375e-04
elapsed=3.315732e+01 cycle=4884 time=1.014785e+01 dt=5.859375e-04
elapsed=3.320114e+01 cycle=4885 time=1.014844e+01 dt=5.859375e-04
elapsed=3.324552e+01 cycle=4886 time=1.014902e+01 dt=5.859375e-04
elapsed=3.328965e+01 cycle=4887 time=1.014961e+01 dt=5.859375e-04
elapsed=3.333958e+01 cycle=4888 time=1.015020e+01 dt=5.859375e-04
elapsed=3.338342e+01 cycle=4889 time=1.015078e+01 dt=5.859375e-04
elapsed=3.342757e+01 cycle=4890 time=1.015137e+01 dt=5.859375e-04
elapsed=3.347107e+01 cycle=4891 time=1.015195e+01 dt=5.859375e-04
elapsed=3.352086e+01 cycle=4892 time=1.015254e+01 dt=5.859375e-04
elapsed=3.356399e+01 cycle=4893 time=1.015313e+01 dt=5.859375e-04
elapsed=3.360812e+01 cycle=4894 time=1.015371e+01 dt=5.859375e-04
elapsed=3.365192e+01 cycle=4895 time=1.015430e+01 dt=5.859375e-04
elapsed=3.370291e+01 cycle=4896 time=1.015488e+01 dt=5.859375e-04
elapsed=3.374663e+01 cycle=4897 time=1.015547e+01 dt=5.859375e-04
elapsed=3.379017e+01 cycle=4898 time=1.015605e+01 dt=5.859375e-04
elapsed=3.383310e+01 cycle=4899 time=1.015664e+01 dt=5.859375e-04
elapsed=3.388360e+01 cycle=4900 time=1.015723e+01 dt=5.859375e-04
elapsed=3.392684e+01 cycle=4901 time=1.015781e+01 dt=5.859375e-04
elapsed=3.397113e+01 cycle=4902 time=1.015840e+01 dt=5.859375e-04
elapsed=3.401554e+01 cycle=4903 time=1.015898e+01 dt=5.859375e-04
elapsed=3.406533e+01 cycle=4904 time=1.015957e+01 dt=5.859375e-04
elapsed=3.410971e+01 cycle=4905 time=1.016016e+01 dt=5.859375e-04
elapsed=3.415351e+01 cycle=4906 time=1.016074e+01 dt=5.859375e-04
elapsed=3.419727e+01 cycle=4907 time=1.016133e+01 dt=5.859375e-04
elapsed=3.424745e+01 cycle=4908 time=1.016191e+01 dt=5.859375e-04
elapsed=3.429152e+01 cycle=4909 time=1.016250e+01 dt=5.859375e-04
elapsed=3.433560e+01 cycle=4910 time=1.016309e+01 dt=5.859375e-04
elapsed=3.437923e+01 cycle=4911 time=1.016367e+01 dt=5.859375e-04
elapsed=3.442918e+01 cycle=4912 time=1.016426e+01 dt=5.859375e-04
elapsed=3.447278e+01 cycle=4913 time=1.016484e+01 dt=5.859375e-04
elapsed=3.451641e+01 cycle=4914 time=1.016543e+01 dt=5.859375e-04
elapsed=3.456030e+01 cycle=4915 time=1.016602e+01 dt=5.859375e-04
elapsed=3.461083e+01 cycle=4916 time=1.016660e+01 dt=5.859375e-04
elapsed=3.465492e+01 cycle=4917 time=1.016719e+01 dt=5.859375e-04
elapsed=3.469896e+01 cycle=4918 time=1.016777e+01 dt=5.859375e-04
elapsed=3.474240e+01 cycle=4919 time=1.016836e+01 dt=5.859375e-04
elapsed=3.479251e+01 cycle=4920 time=1.016895e+01 dt=5.859375e-04
elapsed=3.483651e+01 cycle=4921 time=1.016953e+01 dt=5.859375e-04
elapsed=3.488112e+01 cycle=4922 time=1.017012e+01 dt=5.859375e-04
elapsed=3.492494e+01 cycle=4923 time=1.017070e+01 dt=5.859375e-04
elapsed=3.497544e+01 cycle=4924 time=1.017129e+01 dt=5.859375e-04
elapsed=3.501914e+01 cycle=4925 time=1.017188e+01 dt=5.859375e-04
elapsed=3.506304e+01 cycle=4926 time=1.017246e+01 dt=5.859375e-04
elapsed=3.510739e+01 cycle=4927 time=1.017305e+01 dt=5.859375e-04
elapsed=3.515794e+01 cycle=4928 time=1.017363e+01 dt=5.859375e-04
elapsed=3.520135e+01 cycle=4929 time=1.017422e+01 dt=5.859375e-04
elapsed=3.524454e+01 cycle=4930 time=1.017480e+01 dt=5.859375e-04
elapsed=3.528841e+01 cycle=4931 time=1.017539e+01 dt=5.859375e-04
elapsed=3.533773e+01 cycle=4932 time=1.017598e+01 dt=5.859375e-04
elapsed=3.538154e+01 cycle=4933 time=1.017656e+01 dt=5.859375e-04
elapsed=3.542505e+01 cycle=4934 time=1.017715e+01 dt=5.859375e-04
elapsed=3.546879e+01 cycle=4935 time=1.017773e+01 dt=5.859375e-04
elapsed=3.551903e+01 cycle=4936 time=1.017832e+01 dt=5.859375e-04
elapsed=3.556220e+01 cycle=4937 time=1.017891e+01 dt=5.859375e-04
elapsed=3.560667e+01 cycle=4938 time=1.017949e+01 dt=5.859375e-04
elapsed=3.565038e+01 cycle=4939 time=1.018008e+01 dt=5.859375e-04
elapsed=3.570133e+01 cycle=4940 time=1.018066e+01 dt=5.859375e-04
elapsed=3.574528e+01 cycle=4941 time=1.018125e+01 dt=5.859375e-04
elapsed=3.578990e+01 cycle=4942 time=1.018184e+01 dt=5.859375e-04
elapsed=3.583366e+01 cycle=4943 time=1.018242e+01 dt=5.859375e-04
elapsed=3.588427e+01 cycle=4944 time=1.018301e+01 dt=5.859375e-04
elapsed=3.592815e+01 cycle=4945 time=1.018359e+01 dt=5.859375e-04
elapsed=3.597231e+01 cycle=4946 time=1.018418e+01 dt=5.859375e-04
elapsed=3.601608e+01 cycle=4947 time=1.018477e+01 dt=5.859375e-04
elapsed=3.606634e+01 cycle=4948 time=1.018535e+01 dt=5.859375e-04
elapsed=3.611039e+01 cycle=4949 time=1.018594e+01 dt=5.859375e-04
elapsed=3.615471e+01 cycle=4950 time=1.018652e+01 dt=5.859375e-04
elapsed=3.619852e+01 cycle=4951 time=1.018711e+01 dt=5.859375e-04
elapsed=3.624928e+01 cycle=4952 time=1.018770e+01 dt=5.859375e-04
elapsed=3.629277e+01 cycle=4953 time=1.018828e+01 dt=5.859375e-04
elapsed=3.633662e+01 cycle=4954 time=1.018887e+01 dt=5.859375e-04
elapsed=3.638000e+01 cycle=4955 time=1.018945e+01 dt=5.859375e-04
elapsed=3.643047e+01 cycle=4956 time=1.019004e+01 dt=5.859375e-04
elapsed=3.647394e+01 cycle=4957 time=1.019063e+01 dt=5.859375e-04
elapsed=3.651771e+01 cycle=4958 time=1.019121e+01 dt=5.859375e-04
elapsed=3.656117e+01 cycle=4959 time=1.019180e+01 dt=5.859375e-04
elapsed=3.661204e+01 cycle=4960 time=1.019238e+01 dt=5.859375e-04
elapsed=3.665585e+01 cycle=4961 time=1.019297e+01 dt=5.859375e-04
elapsed=3.670004e+01 cycle=4962 time=1.019355e+01 dt=5.859375e-04
elapsed=3.674471e+01 cycle=4963 time=1.019414e+01 dt=5.859375e-04
elapsed=3.679493e+01 cycle=4964 time=1.019473e+01 dt=5.859375e-04
elapsed=3.683862e+01 cycle=4965 time=1.019531e+01 dt=5.859375e-04
elapsed=3.688145e+01 cycle=4966 time=1.019590e+01 dt=5.859375e-04
elapsed=3.692516e+01 cycle=4967 time=1.019648e+01 dt=5.859375e-04
elapsed=3.697485e+01 cycle=4968 time=1.019707e+01 dt=5.859375e-04
elapsed=3.701893e+01 cycle=4969 time=1.019766e+01 dt=5.859375e-04
elapsed=3.706383e+01 cycle=4970 time=1.019824e+01 dt=5.859375e-04
elapsed=3.710741e+01 cycle=4971 time=1.019883e+01 dt=5.859375e-04
elapsed=3.715762e+01 cycle=4972 time=1.019941e+01 dt=5.859375e-04
elapsed=3.720209e+01 cycle=4973 time=1.020000e+01 dt=5.859375e-04
elapsed=3.724631e+01 cycle=4974 time=1.020059e+01 dt=5.859375e-04
elapsed=3.728961e+01 cycle=4975 time=1.020117e+01 dt=5.859375e-04
elapsed=3.733959e+01 cycle=4976 time=1.020176e+01 dt=5.859375e-04
elapsed=3.738366e+01 cycle=4977 time=1.020234e+01 dt=5.859375e-04
elapsed=3.742811e+01 cycle=4978 time=1.020293e+01 dt=5.859375e-04
elapsed=3.747238e+01 cycle=4979 time=1.020352e+01 dt=5.859375e-04
elapsed=3.752282e+01 cycle=4980 time=1.020410e+01 dt=5.859375e-04
elapsed=3.756669e+01 cycle=4981 time=1.020469e+01 dt=5.859375e-04
elapsed=3.760986e+01 cycle=4982 time=1.020527e+01 dt=5.859375e-04
elapsed=3.765395e+01 cycle=4983 time=1.020586e+01 dt=5.859375e-04
elapsed=3.770387e+01 cycle=4984 time=1.020645e+01 dt=5.859375e-04
elapsed=3.774704e+01 cycle=4985 time=1.020703e+01 dt=5.859375e-04
elapsed=3.779047e+01 cycle=4986 time=1.020762e+01 dt=5.859375e-04
elapsed=3.783401e+01 cycle=4987 time=1.020820e+01 dt=5.859375e-04
elapsed=3.788376e+01 cycle=4988 time=1.020879e+01 dt=5.859375e-04
elapsed=3.792787e+01 cycle=4989 time=1.020938e+01 dt=5.859375e-04
elapsed=3.797171e+01 cycle=4990 time=1.020996e+01 dt=5.859375e-04
elapsed=3.801531e+01 cycle=4991 time=1.021055e+01 dt=5.859375e-04
elapsed=3.806620e+01 cycle=4992 time=1.021113e+01 dt=5.859375e-04
elapsed=3.810959e+01 cycle=4993 time=1.021172e+01 dt=5.859375e-04
elapsed=3.815399e+01 cycle=4994 time=1.021230e+01 dt=5.859375e-04
elapsed=3.819875e+01 cycle=4995 time=1.021289e+01 dt=5.859375e-04
elapsed=3.824891e+01 cycle=4996 time=1.021348e+01 dt=5.859375e-04
elapsed=3.829359e+01 cycle=4997 time=1.021406e+01 dt=5.859375e-04
elapsed=3.833733e+01 cycle=4998 time=1.021465e+01 dt=5.859375e-04
elapsed=3.838131e+01 cycle=4999 time=1.021523e+01 dt=5.859375e-04
elapsed=3.843161e+01 cycle=5000 time=1.021582e+01 dt=5.859375e-04
elapsed=3.847597e+01 cycle=5001 time=1.021641e+01 dt=5.859375e-04
elapsed=3.851970e+01 cycle=5002 time=1.021699e+01 dt=5.859375e-04
elapsed=3.856420e+01 cycle=5003 time=1.021758e+01 dt=5.859375e-04
elapsed=3.861436e+01 cycle=5004 time=1.021816e+01 dt=5.859375e-04
elapsed=3.865800e+01 cycle=5005 time=1.021875e+01 dt=5.859375e-04
elapsed=3.870160e+01 cycle=5006 time=1.021934e+01 dt=5.859375e-04
elapsed=3.874564e+01 cycle=5007 time=1.021992e+01 dt=5.859375e-04
elapsed=3.879597e+01 cycle=5008 time=1.022051e+01 dt=5.859375e-04
elapsed=3.883945e+01 cycle=5009 time=1.022109e+01 dt=5.859375e-04
elapsed=3.888329e+01 cycle=5010 time=1.022168e+01 dt=5.859375e-04
elapsed=3.892718e+01 cycle=5011 time=1.022227e+01 dt=5.859375e-04
elapsed=3.897750e+01 cycle=5012 time=1.022285e+01 dt=5.859375e-04
elapsed=3.902137e+01 cycle=5013 time=1.022344e+01 dt=5.859375e-04
elapsed=3.906480e+01 cycle=5014 time=1.022402e+01 dt=5.859375e-04
elapsed=3.910899e+01 cycle=5015 time=1.022461e+01 dt=5.859375e-04
elapsed=3.915892e+01 cycle=5016 time=1.022520e+01 dt=5.859375e-04
elapsed=3.920269e+01 cycle=5017 time=1.022578e+01 dt=5.859375e-04
elapsed=3.924669e+01 cycle=5018 time=1.022637e+01 dt=5.859375e-04
elapsed=3.929039e+01 cycle=5019 time=1.022695e+01 dt=5.859375e-04
elapsed=3.934047e+01 cycle=5020 time=1.022754e+01 dt=5.859375e-04
elapsed=3.938447e+01 cycle=5021 time=1.022813e+01 dt=5.859375e-04
elapsed=3.942826e+01 cycle=5022 time=1.022871e+01 dt=5.859375e-04
elapsed=3.947205e+01 cycle=5023 time=1.022930e+01 dt=5.859375e-04
elapsed=3.952192e+01 cycle=5024 time=1.022988e+01 dt=5.859375e-04
elapsed=3.956552e+01 cycle=5025 time=1.023047e+01 dt=5.859375e-04
elapsed=3.960892e+01 cycle=5026 time=1.023105e+01 dt=5.859375e-04
elapsed=3.965207e+01 cycle=5027 time=1.023164e+01 dt=5.859375e-04
elapsed=3.970183e+01 cycle=5028 time=1.023223e+01 dt=5.859375e-04
elapsed=3.974570e+01 cycle=5029 time=1.023281e+01 dt=5.859375e-04
elapsed=3.978977e+01 cycle=5030 time=1.023340e+01 dt=5.859375e-04
elapsed=3.983396e+01 cycle=5031 time=1.023398e+01 dt=5.859375e-04
elapsed=3.988430e+01 cycle=5032 time=1.023457e+01 dt=5.859375e-04
elapsed=3.992766e+01 cycle=5033 time=1.023516e+01 dt=5.859375e-04
elapsed=3.997174e+01 cycle=5034 time=1.023574e+01 dt=5.859375e-04
elapsed=4.001507e+01 cycle=5035 time=1.023633e+01 dt=5.859375e-04
elapsed=4.006521e+01 cycle=5036 time=1.023691e+01 dt=5.859375e-04
elapsed=4.010903e+01 cycle=5037 time=1.023750e+01 dt=5.859375e-04
elapsed=4.015281e+01 cycle=5038 time=1.023809e+01 dt=5.859375e-04
elapsed=4.019693e+01 cycle=5039 time=1.023867e+01 dt=5.859375e-04
elapsed=4.024716e+01 cycle=5040 time=1.023926e+01 dt=5.859375e-04
elapsed=4.029095e+01 cycle=5041 time=1.023984e+01 dt=5.859375e-04
elapsed=4.033470e+01 cycle=5042 time=1.024043e+01 dt=5.859375e-04
elapsed=4.037846e+01 cycle=5043 time=1.024102e+01 dt=5.859375e-04
elapsed=4.042899e+01 cycle=5044 time=1.024160e+01 dt=5.859375e-04
elapsed=4.047246e+01 cycle=5045 time=1.024219e+01 dt=5.859375e-04
elapsed=4.051672e+01 cycle=5046 time=1.024277e+01 dt=5.859375e-04
elapsed=4.056062e+01 cycle=5047 time=1.024336e+01 dt=5.859375e-04
elapsed=4.061144e+01 cycle=5048 time=1.024395e+01 dt=5.859375e-04
elapsed=4.065566e+01 cycle=5049 time=1.024453e+01 dt=5.859375e-04
elapsed=4.069923e+01 cycle=5050 time=1.024512e+01 dt=5.859375e-04
elapsed=4.074290e+01 cycle=5051 time=1.024570e+01 dt=5.859375e-04
elapsed=4.079332e+01 cycle=5052 time=1.024629e+01 dt=5.859375e-04
elapsed=4.083683e+01 cycle=5053 time=1.024688e+01 dt=5.859375e-04
elapsed=4.088056e+01 cycle=5054 time=1.024746e+01 dt=5.859375e-04
elapsed=4.092382e+01 cycle=5055 time=1.024805e+01 dt=5.859375e-04
elapsed=4.097358e+01 cycle=5056 time=1.024863e+01 dt=5.859375e-04
elapsed=4.101728e+01 cycle=5057 time=1.024922e+01 dt=5.859375e-04
elapsed=4.106167e+01 cycle=5058 time=1.024980e+01 dt=5.859375e-04
elapsed=4.110606e+01 cycle=5059 time=1.025039e+01 dt=5.859375e-04
elapsed=4.115656e+01 cycle=5060 time=1.025098e+01 dt=5.859375e-04
elapsed=4.120046e+01 cycle=5061 time=1.025156e+01 dt=5.859375e-04
elapsed=4.124399e+01 cycle=5062 time=1.025215e+01 dt=5.859375e-04
elapsed=4.128694e+01 cycle=5063 time=1.025273e+01 dt=5.859375e-04
elapsed=4.133726e+01 cycle=5064 time=1.025332e+01 dt=5.859375e-04
elapsed=4.138057e+01 cycle=5065 time=1.025391e+01 dt=5.859375e-04
elapsed=4.142467e+01 cycle=5066 time=1.025449e+01 dt=5.859375e-04
elapsed=4.146846e+01 cycle=5067 time=1.025508e+01 dt=5.859375e-04
elapsed=4.151869e+01 cycle=5068 time=1.025566e+01 dt=5.859375e-04
elapsed=4.156254e+01 cycle=5069 time=1.025625e+01 dt=5.859375e-04
elapsed=4.160631e+01 cycle=5070 time=1.025684e+01 dt=5.859375e-04
elapsed=4.165020e+01 cycle=5071 time=1.025742e+01 dt=5.859375e-04
elapsed=4.170074e+01 cycle=5072 time=1.025801e+01 dt=5.859375e-04
elapsed=4.174462e+01 cycle=5073 time=1.025859e+01 dt=5.859375e-04
elapsed=4.178870e+01 cycle=5074 time=1.025918e+01 dt=5.859375e-04
elapsed=4.183320e+01 cycle=5075 time=1.025977e+01 dt=5.859375e-04
elapsed=4.188364e+01 cycle=5076 time=1.026035e+01 dt=5.859375e-04
elapsed=4.192699e+01 cycle=5077 time=1.026094e+01 dt=5.859375e-04
elapsed=4.197055e+01 cycle=5078 time=1.026152e+01 dt=5.859375e-04
elapsed=4.201445e+01 cycle=5079 time=1.026211e+01 dt=5.859375e-04
elapsed=4.206447e+01 cycle=5080 time=1.026270e+01 dt=5.859375e-04
elapsed=4.210852e+01 cycle=5081 time=1.026328e+01 dt=5.859375e-04
elapsed=4.215278e+01 cycle=5082 time=1.026387e+01 dt=5.859375e-04
elapsed=4.219621e+01 cycle=5083 time=1.026445e+01 dt=5.859375e-04
elapsed=4.224608e+01 cycle=5084 time=1.026504e+01 dt=5.859375e-04
elapsed=4.229004e+01 cycle=5085 time=1.026563e+01 dt=5.859375e-04
elapsed=4.233423e+01 cycle=5086 time=1.026621e+01 dt=5.859375e-04
elapsed=4.237823e+01 cycle=5087 time=1.026680e+01 dt=5.859375e-04
elapsed=4.242809e+01 cycle=5088 time=1.026738e+01 dt=5.859375e-04
elapsed=4.247222e+01 cycle=5089 time=1.026797e+01 dt=5.859375e-04
elapsed=4.251567e+01 cycle=5090 time=1.026855e+01 dt=5.859375e-04
elapsed=4.255966e+01 cycle=5091 time=1.026914e+01 dt=5.859375e-04
elapsed=4.260999e+01 cycle=5092 time=1.026973e+01 dt=5.859375e-04
elapsed=4.265379e+01 cycle=5093 time=1.027031e+01 dt=5.859375e-04
elapsed=4.269834e+01 cycle=5094 time=1.027090e+01 dt=5.859375e-04
elapsed=4.274233e+01 cycle=5095 time=1.027148e+01 dt=5.859375e-04
elapsed=4.279264e+01 cycle=5096 time=1.027207e+01 dt=5.859375e-04
elapsed=4.283639e+01 cycle=5097 time=1.027266e+01 dt=5.859375e-04
elapsed=4.288032e+01 cycle=5098 time=1.027324e+01 dt=5.859375e-04
elapsed=4.292508e+01 cycle=5099 time=1.027383e+01 dt=5.859375e-04
elapsed=4.297487e+01 cycle=5100 time=1.027441e+01 dt=5.859375e-04
elapsed=4.301870e+01 cycle=5101 time=1.027500e+01 dt=5.859375e-04
elapsed=4.306253e+01 cycle=5102 time=1.027559e+01 dt=5.859375e-04
elapsed=4.310615e+01 cycle=5103 time=1.027617e+01 dt=5.859375e-04
elapsed=4.315668e+01 cycle=5104 time=1.027676e+01 dt=5.859375e-04
elapsed=4.320048e+01 cycle=5105 time=1.027734e+01 dt=5.859375e-04
elapsed=4.324431e+01 cycle=5106 time=1.027793e+01 dt=5.859375e-04
elapsed=4.328739e+01 cycle=5107 time=1.027852e+01 dt=5.859375e-04
elapsed=4.333741e+01 cycle=5108 time=1.027910e+01 dt=5.859375e-04
elapsed=4.338076e+01 cycle=5109 time=1.027969e+01 dt=5.859375e-04
elapsed=4.342412e+01 cycle=5110 time=1.028027e+01 dt=5.859375e-04
elapsed=4.346813e+01 cycle=5111 time=1.028086e+01 dt=5.859375e-04
elapsed=4.351779e+01 cycle=5112 time=1.028145e+01 dt=5.859375e-04
elapsed=4.356130e+01 cycle=5113 time=1.028203e+01 dt=5.859375e-04
elapsed=4.360486e+01 cycle=5114 time=1.028262e+01 dt=5.859375e-04
elapsed=4.364868e+01 cycle=5115 time=1.028320e+01 dt=5.859375e-04
elapsed=4.369932e+01 cycle=5116 time=1.028379e+01 dt=5.859375e-04
elapsed=4.374244e+01 cycle=5117 time=1.028438e+01 dt=5.859375e-04
elapsed=4.378727e+01 cycle=5118 time=1.028496e+01 dt=5.859375e-04
elapsed=4.383080e+01 cycle=5119 time=1.028555e+01 dt=5.859375e-04
elapsed=4.388147e+01 cycle=5120 time=1.028613e+01 dt=5.859375e-04
elapsed=4.392549e+01 cycle=5121 time=1.028672e+01 dt=5.859375e-04
elapsed=4.396954e+01 cycle=5122 time=1.028730e+01 dt=5.859375e-04
elapsed=4.401353e+01 cycle=5123 time=1.028789e+01 dt=5.859375e-04
elapsed=4.406363e+01 cycle=5124 time=1.028848e+01 dt=5.859375e-04
elapsed=4.410793e+01 cycle=5125 time=1.028906e+01 dt=5.859375e-04
elapsed=4.415205e+01 cycle=5126 time=1.028965e+01 dt=5.859375e-04
elapsed=4.419585e+01 cycle=5127 time=1.029023e+01 dt=5.859375e-04
elapsed=4.424617e+01 cycle=5128 time=1.029082e+01 dt=5.859375e-04
elapsed=4.428945e+01 cycle=5129 time=1.029141e+01 dt=5.859375e-04
elapsed=4.433336e+01 cycle=5130 time=1.029199e+01 dt=5.859375e-04
elapsed=4.437760e+01 cycle=5131 time=1.029258e+01 dt=5.859375e-04
elapsed=4.442796e+01 cycle=5132 time=1.029316e+01 dt=5.859375e-04
elapsed=4.447226e+01 cycle=5133 time=1.029375e+01 dt=5.859375e-04
elapsed=4.451636e+01 cycle=5134 time=1.029434e+01 dt=5.859375e-04
elapsed=4.456028e+01 cycle=5135 time=1.029492e+01 dt=5.859375e-04
elapsed=4.461065e+01 cycle=5136 time=1.029551e+01 dt=5.859375e-04
elapsed=4.465500e+01 cycle=5137 time=1.029609e+01 dt=5.859375e-04
elapsed=4.469924e+01 cycle=5138 time=1.029668e+01 dt=5.859375e-04
elapsed=4.474259e+01 cycle=5139 time=1.029727e+01 dt=5.859375e-04
elapsed=4.479300e+01 cycle=5140 time=1.029785e+01 dt=5.859375e-04
elapsed=4.483648e+01 cycle=5141 time=1.029844e+01 dt=5.859375e-04
elapsed=4.488054e+01 cycle=5142 time=1.029902e+01 dt=5.859375e-04
elapsed=4.492392e+01 cycle=5143 time=1.029961e+01 dt=5.859375e-04
elapsed=4.497457e+01 cycle=5144 time=1.030020e+01 dt=5.859375e-04
elapsed=4.501834e+01 cycle=5145 time=1.030078e+01 dt=5.859375e-04
elapsed=4.506226e+01 cycle=5146 time=1.030137e+01 dt=5.859375e-04
elapsed=4.510679e+01 cycle=5147 time=1.030195e+01 dt=5.859375e-04
elapsed=4.515710e+01 cycle=5148 time=1.030254e+01 dt=5.859375e-04
elapsed=4.520153e+01 cycle=5149 time=1.030313e+01 dt=5.859375e-04
elapsed=4.524562e+01 cycle=5150 time=1.030371e+01 dt=5.859375e-04
elapsed=4.528926e+01 cycle=5151 time=1.030430e+01 dt=5.859375e-04
elapsed=4.533954e+01 cycle=5152 time=1.030488e+01 dt=5.859375e-04
elapsed=4.538335e+01 cycle=5153 time=1.030547e+01 dt=5.859375e-04
elapsed=4.542726e+01 cycle=5154 time=1.030605e+01 dt=5.859375e-04
elapsed=4.547069e+01 cycle=5155 time=1.030664e+01 dt=5.859375e-04
elapsed=4.552091e+01 cycle=5156 time=1.030723e+01 dt=5.859375e-04
elapsed=4.556512e+01 cycle=5157 time=1.030781e+01 dt=5.859375e-04
elapsed=4.560902e+01 cycle=5158 time=1.030840e+01 dt=5.859375e-04
elapsed=4.565242e+01 cycle=5159 time=1.030898e+01 dt=5.859375e-04
elapsed=4.570286e+01 cycle=5160 time=1.030957e+01 dt=5.859375e-04
elapsed=4.574642e+01 cycle=5161 time=1.031016e+01 dt=5.859375e-04
elapsed=4.579039e+01 cycle=5162 time=1.031074e+01 dt=5.859375e-04
elapsed=4.583427e+01 cycle=5163 time=1.031133e+01 dt=5.859375e-04
elapsed=4.588465e+01 cycle=5164 time=1.031191e+01 dt=5.859375e-04
elapsed=4.592839e+01 cycle=5165 time=1.031250e+01 dt=5.859375e-04
elapsed=4.597204e+01 cycle=5166 time=1.031309e+01 dt=5.859375e-04
elapsed=4.601544e+01 cycle=5167 time=1.031367e+01 dt=5.859375e-04
elapsed=4.606612e+01 cycle=5168 time=1.031426e+01 dt=5.859375e-04
elapsed=4.610926e+01 cycle=5169 time=1.031484e+01 dt=5.859375e-04
elapsed=4.615314e+01 cycle=5170 time=1.031543e+01 dt=5.859375e-04
elapsed=4.619696e+01 cycle=5171 time=1.031602e+01 dt=5.859375e-04
elapsed=4.624717e+01 cycle=5172 time=1.031660e+01 dt=5.859375e-04
elapsed=4.629141e+01 cycle=5173 time=1.031719e+01 dt=5.859375e-04
elapsed=4.633494e+01 cycle=5174 time=1.031777e+01 dt=5.859375e-04
elapsed=4.637941e+01 cycle=5175 time=1.031836e+01 dt=5.859375e-04
elapsed=4.642994e+01 cycle=5176 time=1.031895e+01 dt=5.859375e-04
elapsed=4.647415e+01 cycle=5177 time=1.031953e+01 dt=5.859375e-04
elapsed=4.651844e+01 cycle=5178 time=1.032012e+01 dt=5.859375e-04
elapsed=4.656244e+01 cycle=5179 time=1.032070e+01 dt=5.859375e-04
elapsed=4.661271e+01 cycle=5180 time=1.032129e+01 dt=5.859375e-04
elapsed=4.665620e+01 cycle=5181 time=1.032188e+01 dt=5.859375e-04
elapsed=4.670057e+01 cycle=5182 time=1.032246e+01 dt=5.859375e-04
elapsed=4.674477e+01 cycle=5183 time=1.032305e+01 dt=5.859375e-04
elapsed=4.679478e+01 cycle=5184 time=1.032363e+01 dt=5.859375e-04
elapsed=4.683895e+01 cycle=5185 time=1.032422e+01 dt=5.859375e-04
elapsed=4.688266e+01 cycle=5186 time=1.032480e+01 dt=5.859375e-04
elapsed=4.692605e+01 cycle=5187 time=1.032539e+01 dt=5.859375e-04
elapsed=4.697657e+01 cycle=5188 time=1.032598e+01 dt=5.859375e-04
elapsed=4.701977e+01 cycle=5189 time=1.032656e+01 dt=5.859375e-04
elapsed=4.706368e+01 cycle=5190 time=1.032715e+01 dt=5.859375e-04
elapsed=4.710735e+01 cycle=5191 time=1.032773e+01 dt=5.859375e-04
elapsed=4.715699e+01 cycle=5192 time=1.032832e+01 dt=5.859375e-04
elapsed=4.720098e+01 cycle=5193 time=1.032891e+01 dt=5.859375e-04
elapsed=4.724502e+01 cycle=5194 time=1.032949e+01 dt=5.859375e-04
elapsed=4.728880e+01 cycle=5195 time=1.033008e+01 dt=5.859375e-04
elapsed=4.733868e+01 cycle=5196 time=1.033066e+01 dt=5.859375e-04
elapsed=4.738274e+01 cycle=5197 time=1.033125e+01 dt=5.859375e-04
elapsed=4.742644e+01 cycle=5198 time=1.033184e+01 dt=5.859375e-04
elapsed=4.746978e+01 cycle=5199 time=1.033242e+01 dt=5.859375e-04
elapsed=4.751966e+01 cycle=5200 time=1.033301e+01 dt=5.859375e-04
elapsed=4.756403e+01 cycle=5201 time=1.033359e+01 dt=5.859375e-04
elapsed=4.760706e+01 cycle=5202 time=1.033418e+01 dt=5.859375e-04
elapsed=4.765162e+01 cycle=5203 time=1.033477e+01 dt=5.859375e-04
elapsed=4.770158e+01 cycle=5204 time=1.033535e+01 dt=5.859375e-04
elapsed=4.774506e+01 cycle=5205 time=1.033594e+01 dt=5.859375e-04
elapsed=4.778946e+01 cycle=5206 time=1.033652e+01 dt=5.859375e-04
elapsed=4.783307e+01 cycle=5207 time=1.033711e+01 dt=5.859375e-04
elapsed=4.788323e+01 cycle=5208 time=1.033770e+01 dt=5.859375e-04
elapsed=4.792686e+01 cycle=5209 time=1.033828e+01 dt=5.859375e-04
elapsed=4.797078e+01 cycle=5210 time=1.033887e+01 dt=5.859375e-04
elapsed=4.801457e+01 cycle=5211 time=1.033945e+01 dt=5.859375e-04
elapsed=4.806417e+01 cycle=5212 time=1.034004e+01 dt=5.859375e-04
elapsed=4.810758e+01 cycle=5213 time=1.034063e+01 dt=5.859375e-04
elapsed=4.815214e+01 cycle=5214 time=1.034121e+01 dt=5.859375e-04
elapsed=4.819636e+01 cycle=5215 time=1.034180e+01 dt=5.859375e-04
elapsed=4.824622e+01 cycle=5216 time=1.034238e+01 dt=5.859375e-04
elapsed=4.829019e+01 cycle=5217 time=1.034297e+01 dt=5.859375e-04
elapsed=4.833415e+01 cycle=5218 time=1.034355e+01 dt=5.859375e-04
elapsed=4.837821e+01 cycle=5219 time=1.034414e+01 dt=5.859375e-04
elapsed=4.842877e+01 cycle=5220 time=1.034473e+01 dt=5.859375e-04
elapsed=4.847185e+01 cycle=5221 time=1.034531e+01 dt=5.859375e-04
elapsed=4.851617e+01 cycle=5222 time=1.034590e+01 dt=5.859375e-04
elapsed=4.856058e+01 cycle=5223 time=1.034648e+01 dt=5.859375e-04
elapsed=4.861056e+01 cycle=5224 time=1.034707e+01 dt=5.859375e-04
elapsed=4.865479e+01 cycle=5225 time=1.034766e+01 dt=5.859375e-04
elapsed=4.869930e+01 cycle=5226 time=1.034824e+01 dt=5.859375e-04
elapsed=4.874344e+01 cycle=5227 time=1.034883e+01 dt=5.859375e-04
elapsed=4.879373e+01 cycle=5228 time=1.034941e+01 dt=5.859375e-04
elapsed=4.883783e+01 cycle=5229 time=1.035000e+01 dt=5.859375e-04
elapsed=4.888197e+01 cycle=5230 time=1.035059e+01 dt=5.859375e-04
elapsed=4.892584e+01 cycle=5231 time=1.035117e+01 dt=5.859375e-04
elapsed=4.897621e+01 cycle=5232 time=1.035176e+01 dt=5.859375e-04
elapsed=4.902003e+01 cycle=5233 time=1.035234e+01 dt=5.859375e-04
elapsed=4.906362e+01 cycle=5234 time=1.035293e+01 dt=5.859375e-04
elapsed=4.910731e+01 cycle=5235 time=1.035352e+01 dt=5.859375e-04
elapsed=4.915812e+01 cycle=5236 time=1.035410e+01 dt=5.859375e-04
elapsed=4.920192e+01 cycle=5237 time=1.035469e+01 dt=5.859375e-04
elapsed=4.924549e+01 cycle=5238 time=1.035527e+01 dt=5.859375e-04
elapsed=4.928952e+01 cycle=5239 time=1.035586e+01 dt=5.859375e-04
elapsed=4.933963e+01 cycle=5240 time=1.035645e+01 dt=5.859375e-04
elapsed=4.938360e+01 cycle=5241 time=1.035703e+01 dt=5.859375e-04
elapsed=4.942667e+01 cycle=5242 time=1.035762e+01 dt=5.859375e-04
elapsed=4.947063e+01 cycle=5243 time=1.035820e+01 dt=5.859375e-04
elapsed=4.952110e+01 cycle=5244 time=1.035879e+01 dt=5.859375e-04
elapsed=4.956500e+01 cycle=5245 time=1.035938e+01 dt=5.859375e-04
elapsed=4.960914e+01 cycle=5246 time=1.035996e+01 dt=5.859375e-04
elapsed=4.965284e+01 cycle=5247 time=1.036055e+01 dt=5.859375e-04
elapsed=4.970273e+01 cycle=5248 time=1.036113e+01 dt=5.859375e-04
elapsed=4.974617e+01 cycle=5249 time=1.036172e+01 dt=5.859375e-04
elapsed=4.978957e+01 cycle=5250 time=1.036230e+01 dt=5.859375e-04
elapsed=4.983352e+01 cycle=5251 time=1.036289e+01 dt=5.859375e-04
elapsed=4.988364e+01 cycle=5252 time=1.036348e+01 dt=5.859375e-04
elapsed=4.992739e+01 cycle=5253 time=1.036406e+01 dt=5.859375e-04
elapsed=4.997111e+01 cycle=5254 time=1.036465e+01 dt=5.859375e-04
elapsed=5.001473e+01 cycle=5255 time=1.036523e+01 dt=5.859375e-04
elapsed=5.006475e+01 cycle=5256 time=1.036582e+01 dt=5.859375e-04
elapsed=5.010856e+01 cycle=5257 time=1.036641e+01 dt=5.859375e-04
elapsed=5.015233e+01 cycle=5258 time=1.036699e+01 dt=5.859375e-04
elapsed=5.019649e+01 cycle=5259 time=1.036758e+01 dt=5.859375e-04
elapsed=5.024637e+01 cycle=5260 time=1.036816e+01 dt=5.859375e-04
elapsed=5.029031e+01 cycle=5261 time=1.036875e+01 dt=5.859375e-04
elapsed=5.033400e+01 cycle=5262 time=1.036934e+01 dt=5.859375e-04
elapsed=5.037741e+01 cycle=5263 time=1.036992e+01 dt=5.859375e-04
elapsed=5.042808e+01 cycle=5264 time=1.037051e+01 dt=5.859375e-04
elapsed=5.047235e+01 cycle=5265 time=1.037109e+01 dt=5.859375e-04
elapsed=5.051645e+01 cycle=5266 time=1.037168e+01 dt=5.859375e-04
elapsed=5.056038e+01 cycle=5267 time=1.037227e+01 dt=5.859375e-04
elapsed=5.061068e+01 cycle=5268 time=1.037285e+01 dt=5.859375e-04
elapsed=5.065428e+01 cycle=5269 time=1.037344e+01 dt=5.859375e-04
elapsed=5.069797e+01 cycle=5270 time=1.037402e+01 dt=5.859375e-04
elapsed=5.074163e+01 cycle=5271 time=1.037461e+01 dt=5.859375e-04
elapsed=5.079148e+01 cycle=5272 time=1.037520e+01 dt=5.859375e-04
elapsed=5.083610e+01 cycle=5273 time=1.037578e+01 dt=5.859375e-04
elapsed=5.088038e+01 cycle=5274 time=1.037637e+01 dt=5.859375e-04
elapsed=5.092461e+01 cycle=5275 time=1.037695e+01 dt=5.859375e-04
elapsed=5.097471e+01 cycle=5276 time=1.037754e+01 dt=5.859375e-04
elapsed=5.101903e+01 cycle=5277 time=1.037813e+01 dt=5.859375e-04
elapsed=5.106215e+01 cycle=5278 time=1.037871e+01 dt=5.859375e-04
elapsed=5.110590e+01 cycle=5279 time=1.037930e+01 dt=5.859375e-04
elapsed=5.115637e+01 cycle=5280 time=1.037988e+01 dt=5.859375e-04
elapsed=5.120064e+01 cycle=5281 time=1.038047e+01 dt=5.859375e-04
elapsed=5.124417e+01 cycle=5282 time=1.038105e+01 dt=5.859375e-04
elapsed=5.128743e+01 cycle=5283 time=1.038164e+01 dt=5.859375e-04
elapsed=5.133744e+01 cycle=5284 time=1.038223e+01 dt=5.859375e-04
elapsed=5.138168e+01 cycle=5285 time=1.038281e+01 dt=5.859375e-04
elapsed=5.142618e+01 cycle=5286 time=1.038340e+01 dt=5.859375e-04
elapsed=5.147016e+01 cycle=5287 time=1.038398e+01 dt=5.859375e-04
elapsed=5.151971e+01 cycle=5288 time=1.038457e+01 dt=5.859375e-04
elapsed=5.156312e+01 cycle=5289 time=1.038516e+01 dt=5.859375e-04
elapsed=5.160726e+01 cycle=5290 time=1.038574e+01 dt=5.859375e-04
elapsed=5.165151e+01 cycle=5291 time=1.038633e+01 dt=5.859375e-04
elapsed=5.170118e+01 cycle=5292 time=1.038691e+01 dt=5.859375e-04
elapsed=5.174507e+01 cycle=5293 time=1.038750e+01 dt=5.859375e-04
elapsed=5.178866e+01 cycle=5294 time=1.038809e+01 dt=5.859375e-04
elapsed=5.183218e+01 cycle=5295 time=1.038867e+01 dt=5.859375e-04
elapsed=5.188297e+01 cycle=5296 time=1.038926e+01 dt=5.859375e-04
elapsed=5.192684e+01 cycle=5297 time=1.038984e+01 dt=5.859375e-04
elapsed=5.197055e+01 cycle=5298 time=1.039043e+01 dt=5.859375e-04
elapsed=5.201511e+01 cycle=5299 time=1.039102e+01 dt=5.859375e-04
elapsed=5.206532e+01 cycle=5300 time=1.039160e+01 dt=5.859375e-04
elapsed=5.210952e+01 cycle=5301 time=1.039219e+01 dt=5.859375e-04
elapsed=5.215356e+01 cycle=5302 time=1.039277e+01 dt=5.859375e-04
elapsed=5.219760e+01 cycle=5303 time=1.039336e+01 dt=5.859375e-04
elapsed=5.224814e+01 cycle=5304 time=1.039395e+01 dt=5.859375e-04
elapsed=5.229224e+01 cycle=5305 time=1.039453e+01 dt=5.859375e-04
elapsed=5.233604e+01 cycle=5306 time=1.039512e+01 dt=5.859375e-04
elapsed=5.237970e+01 cycle=5307 time=1.039570e+01 dt=5.859375e-04
elapsed=5.242973e+01 cycle=5308 time=1.039629e+01 dt=5.859375e-04
elapsed=5.247382e+01 cycle=5309 time=1.039688e+01 dt=5.859375e-04
elapsed=5.251777e+01 cycle=5310 time=1.039746e+01 dt=5.859375e-04
elapsed=5.256135e+01 cycle=5311 time=1.039805e+01 dt=5.859375e-04
elapsed=5.261169e+01 cycle=5312 time=1.039863e+01 dt=5.859375e-04
elapsed=5.265608e+01 cycle=5313 time=1.039922e+01 dt=5.859375e-04
elapsed=5.269953e+01 cycle=5314 time=1.039980e+01 dt=5.859375e-04
elapsed=5.274292e+01 cycle=5315 time=1.040039e+01 dt=5.859375e-04
elapsed=5.279284e+01 cycle=5316 time=1.040098e+01 dt=5.859375e-04
elapsed=5.283593e+01 cycle=5317 time=1.040156e+01 dt=5.859375e-04
elapsed=5.287968e+01 cycle=5318 time=1.040215e+01 dt=5.859375e-04
elapsed=5.292320e+01 cycle=5319 time=1.040273e+01 dt=5.859375e-04
elapsed=5.297367e+01 cycle=5320 time=1.040332e+01 dt=5.859375e-04
elapsed=5.301727e+01 cycle=5321 time=1.040391e+01 dt=5.859375e-04
elapsed=5.306079e+01 cycle=5322 time=1.040449e+01 dt=5.859375e-04
elapsed=5.310470e+01 cycle=5323 time=1.040508e+01 dt=5.859375e-04
elapsed=5.315496e+01 cycle=5324 time=1.040566e+01 dt=5.859375e-04
elapsed=5.319889e+01 cycle=5325 time=1.040625e+01 dt=5.859375e-04
elapsed=5.324223e+01 cycle=5326 time=1.040684e+01 dt=5.859375e-04
elapsed=5.328574e+01 cycle=5327 time=1.040742e+01 dt=5.859375e-04
elapsed=5.333568e+01 cycle=5328 time=1.040801e+01 dt=5.859375e-04
elapsed=5.337959e+01 cycle=5329 time=1.040859e+01 dt=5.859375e-04
elapsed=5.342329e+01 cycle=5330 time=1.040918e+01 dt=5.859375e-04
elapsed=5.346701e+01 cycle=5331 time=1.040977e+01 dt=5.859375e-04
elapsed=5.351773e+01 cycle=5332 time=1.041035e+01 dt=5.859375e-04
elapsed=5.356152e+01 cycle=5333 time=1.041094e+01 dt=5.859375e-04
elapsed=5.360448e+01 cycle=5334 time=1.041152e+01 dt=5.859375e-04
elapsed=5.364785e+01 cycle=5335 time=1.041211e+01 dt=5.859375e-04
elapsed=5.369789e+01 cycle=5336 time=1.041270e+01 dt=5.859375e-04
elapsed=5.374153e+01 cycle=5337 time=1.041328e+01 dt=5.859375e-04
elapsed=5.378504e+01 cycle=5338 time=1.041387e+01 dt=5.859375e-04
elapsed=5.382905e+01 cycle=5339 time=1.041445e+01 dt=5.859375e-04
elapsed=5.387932e+01 cycle=5340 time=1.041504e+01 dt=5.859375e-04
elapsed=5.392355e+01 cycle=5341 time=1.041563e+01 dt=5.859375e-04
elapsed=5.396736e+01 cycle=5342 time=1.041621e+01 dt=5.859375e-04
elapsed=5.401196e+01 cycle=5343 time=1.041680e+01 dt=5.859375e-04
elapsed=5.406209e+01 cycle=5344 time=1.041738e+01 dt=5.859375e-04
elapsed=5.410524e+01 cycle=5345 time=1.041797e+01 dt=5.859375e-04
elapsed=5.414967e+01 cycle=5346 time=1.041855e+01 dt=5.859375e-04
elapsed=5.419397e+01 cycle=5347 time=1.041914e+01 dt=5.859375e-04
elapsed=5.424422e+01 cycle=5348 time=1.041973e+01 dt=5.859375e-04
elapsed=5.428791e+01 cycle=5349 time=1.042031e+01 dt=5.859375e-04
elapsed=5.433204e+01 cycle=5350 time=1.042090e+01 dt=5.859375e-04
elapsed=5.437554e+01 cycle=5351 time=1.042148e+01 dt=5.859375e-04
elapsed=5.442546e+01 cycle=5352 time=1.042207e+01 dt=5.859375e-04
elapsed=5.446950e+01 cycle=5353 time=1.042266e+01 dt=5.859375e-04
elapsed=5.451307e+01 cycle=5354 time=1.042324e+01 dt=5.859375e-04
elapsed=5.455691e+01 cycle=5355 time=1.042383e+01 dt=5.859375e-04
elapsed=5.460737e+01 cycle=5356 time=1.042441e+01 dt=5.859375e-04
elapsed=5.465162e+01 cycle=5357 time=1.042500e+01 dt=5.859375e-04
elapsed=5.469556e+01 cycle=5358 time=1.042559e+01 dt=5.859375e-04
elapsed=5.473904e+01 cycle=5359 time=1.042617e+01 dt=5.859375e-04
elapsed=5.478880e+01 cycle=5360 time=1.042676e+01 dt=5.859375e-04
elapsed=5.483332e+01 cycle=5361 time=1.042734e+01 dt=5.859375e-04
elapsed=5.487690e+01 cycle=5362 time=1.042793e+01 dt=5.859375e-04
elapsed=5.491993e+01 cycle=5363 time=1.042852e+01 dt=5.859375e-04
elapsed=5.497014e+01 cycle=5364 time=1.042910e+01 dt=5.859375e-04
elapsed=5.501358e+01 cycle=5365 time=1.042969e+01 dt=5.859375e-04
elapsed=5.505786e+01 cycle=5366 time=1.043027e+01 dt=5.859375e-04
elapsed=5.510104e+01 cycle=5367 time=1.043086e+01 dt=5.859375e-04
elapsed=5.515121e+01 cycle=5368 time=1.043145e+01 dt=5.859375e-04
elapsed=5.519436e+01 cycle=5369 time=1.043203e+01 dt=5.859375e-04
elapsed=5.523773e+01 cycle=5370 time=1.043262e+01 dt=5.859375e-04
elapsed=5.528151e+01 cycle=5371 time=1.043320e+01 dt=5.859375e-04
elapsed=5.533067e+01 cycle=5372 time=1.043379e+01 dt=5.859375e-04
elapsed=5.537523e+01 cycle=5373 time=1.043438e+01 dt=5.859375e-04
elapsed=5.541912e+01 cycle=5374 time=1.043496e+01 dt=5.859375e-04
elapsed=5.546263e+01 cycle=5375 time=1.043555e+01 dt=5.859375e-04
elapsed=5.551332e+01 cycle=5376 time=1.043613e+01 dt=5.859375e-04
elapsed=5.555670e+01 cycle=5377 time=1.043672e+01 dt=5.859375e-04
elapsed=5.560039e+01 cycle=5378 time=1.043730e+01 dt=5.859375e-04
elapsed=5.564424e+01 cycle=5379 time=1.043789e+01 dt=5.859375e-04
elapsed=5.569410e+01 cycle=5380 time=1.043848e+01 dt=5.859375e-04
elapsed=5.573791e+01 cycle=5381 time=1.043906e+01 dt=5.859375e-04
elapsed=5.578198e+01 cycle=5382 time=1.043965e+01 dt=5.859375e-04
elapsed=5.582560e+01 cycle=5383 time=1.044023e+01 dt=5.859375e-04
elapsed=5.587566e+01 cycle=5384 time=1.044082e+01 dt=5.859375e-04
elapsed=5.591908e+01 cycle=5385 time=1.044141e+01 dt=5.859375e-04
elapsed=5.596258e+01 cycle=5386 time=1.044199e+01 dt=5.859375e-04
elapsed=5.600637e+01 cycle=5387 time=1.044258e+01 dt=5.859375e-04
elapsed=5.605566e+01 cycle=5388 time=1.044316e+01 dt=5.859375e-04
elapsed=5.609932e+01 cycle=5389 time=1.044375e+01 dt=5.859375e-04
elapsed=5.614295e+01 cycle=5390 time=1.044434e+01 dt=5.859375e-04
elapsed=5.618680e+01 cycle=5391 time=1.044492e+01 dt=5.859375e-04
elapsed=5.623652e+01 cycle=5392 time=1.044551e+01 dt=5.859375e-04
elapsed=5.628046e+01 cycle=5393 time=1.044609e+01 dt=5.859375e-04
elapsed=5.632451e+01 cycle=5394 time=1.044668e+01 dt=5.859375e-04
elapsed=5.636805e+01 cycle=5395 time=1.044727e+01 dt=5.859375e-04
elapsed=5.641819e+01 cycle=5396 time=1.044785e+01 dt=5.859375e-04
elapsed=5.646253e+01 cycle=5397 time=1.044844e+01 dt=5.859375e-04
elapsed=5.650708e+01 cycle=5398 time=1.044902e+01 dt=5.859375e-04
elapsed=5.655118e+01 cycle=5399 time=1.044961e+01 dt=5.859375e-04
elapsed=5.660077e+01 cycle=5400 time=1.045020e+01 dt=5.859375e-04
elapsed=5.664439e+01 cycle=5401 time=1.045078e+01 dt=5.859375e-04
elapsed=5.668851e+01 cycle=5402 time=1.045137e+01 dt=5.859375e-04
elapsed=5.673187e+01 cycle=5403 time=1.045195e+01 dt=5.859375e-04
elapsed=5.678174e+01 cycle=5404 time=1.045254e+01 dt=5.859375e-04
elapsed=5.682553e+01 cycle=5405 time=1.045313e+01 dt=5.859375e-04
elapsed=5.686935e+01 cycle=5406 time=1.045371e+01 dt=5.859375e-04
elapsed=5.691338e+01 cycle=5407 time=1.045430e+01 dt=5.859375e-04
elapsed=5.696426e+01 cycle=5408 time=1.045488e+01 dt=5.859375e-04
elapsed=5.700776e+01 cycle=5409 time=1.045547e+01 dt=5.859375e-04
elapsed=5.705192e+01 cycle=5410 time=1.045605e+01 dt=5.859375e-04
elapsed=5.709534e+01 cycle=5411 time=1.045664e+01 dt=5.859375e-04
elapsed=5.714542e+01 cycle=5412 time=1.045723e+01 dt=5.859375e-04
elapsed=5.718961e+01 cycle=5413 time=1.045781e+01 dt=5.859375e-04
elapsed=5.723380e+01 cycle=5414 time=1.045840e+01 dt=5.859375e-04
elapsed=5.727785e+01 cycle=5415 time=1.045898e+01 dt=5.859375e-04
elapsed=5.732717e+01 cycle=5416 time=1.045957e+01 dt=5.859375e-04
elapsed=5.737079e+01 cycle=5417 time=1.046016e+01 dt=5.859375e-04
elapsed=5.741526e+01 cycle=5418 time=1.046074e+01 dt=5.859375e-04
elapsed=5.745969e+01 cycle=5419 time=1.046133e+01 dt=5.859375e-04
elapsed=5.750982e+01 cycle=5420 time=1.046191e+01 dt=5.859375e-04
elapsed=5.755449e+01 cycle=5421 time=1.046250e+01 dt=5.859375e-04
elapsed=5.759840e+01 cycle=5422 time=1.046309e+01 dt=5.859375e-04
elapsed=5.764238e+01 cycle=5423 time=1.046367e+01 dt=5.859375e-04
elapsed=5.769237e+01 cycle=5424 time=1.046426e+01 dt=5.859375e-04
elapsed=5.773609e+01 cycle=5425 time=1.046484e+01 dt=5.859375e-04
elapsed=5.777976e+01 cycle=5426 time=1.046543e+01 dt=5.859375e-04
elapsed=5.782343e+01 cycle=5427 time=1.046602e+01 dt=5.859375e-04
elapsed=5.787369e+01 cycle=5428 time=1.046660e+01 dt=5.859375e-04
elapsed=5.791730e+01 cycle=5429 time=1.046719e+01 dt=5.859375e-04
elapsed=5.796092e+01 cycle=5430 time=1.046777e+01 dt=5.859375e-04
elapsed=5.800433e+01 cycle=5431 time=1.046836e+01 dt=5.859375e-04
elapsed=5.805405e+01 cycle=5432 time=1.046895e+01 dt=5.859375e-04
elapsed=5.809767e+01 cycle=5433 time=1.046953e+01 dt=5.859375e-04
elapsed=5.814126e+01 cycle=5434 time=1.047012e+01 dt=5.859375e-04
elapsed=5.818502e+01 cycle=5435 time=1.047070e+01 dt=5.859375e-04
elapsed=5.823540e+01 cycle=5436 time=1.047129e+01 dt=5.859375e-04
elapsed=5.827914e+01 cycle=5437 time=1.047188e+01 dt=5.859375e-04
elapsed=5.832185e+01 cycle=5438 time=1.047246e+01 dt=5.859375e-04
elapsed=5.836486e+01 cycle=5439 time=1.047305e+01 dt=5.859375e-04
elapsed=5.841549e+01 cycle=5440 time=1.047363e+01 dt=5.859375e-04
elapsed=5.845870e+01 cycle=5441 time=1.047422e+01 dt=5.859375e-04
elapsed=5.850298e+01 cycle=5442 time=1.047480e+01 dt=5.859375e-04
elapsed=5.854686e+01 cycle=5443 time=1.047539e+01 dt=5.859375e-04
elapsed=5.859760e+01 cycle=5444 time=1.047598e+01 dt=5.859375e-04
elapsed=5.864228e+01 cycle=5445 time=1.047656e+01 dt=5.859375e-04
elapsed=5.868590e+01 cycle=5446 time=1.047715e+01 dt=5.859375e-04
elapsed=5.873012e+01 cycle=5447 time=1.047773e+01 dt=5.859375e-04
elapsed=5.878027e+01 cycle=5448 time=1.047832e+01 dt=5.859375e-04
elapsed=5.882355e+01 cycle=5449 time=1.047891e+01 dt=5.859375e-04
elapsed=5.886757e+01 cycle=5450 time=1.047949e+01 dt=5.859375e-04
elapsed=5.891107e+01 cycle=5451 time=1.048008e+01 dt=5.859375e-04
elapsed=5.896154e+01 cycle=5452 time=1.048066e+01 dt=5.859375e-04
elapsed=5.900491e+01 cycle=5453 time=1.048125e+01 dt=5.859375e-04
elapsed=5.904866e+01 cycle=5454 time=1.048184e+01 dt=5.859375e-04
elapsed=5.909234e+01 cycle=5455 time=1.048242e+01 dt=5.859375e-04
elapsed=5.914210e+01 cycle=5456 time=1.048301e+01 dt=5.859375e-04
elapsed=5.918605e+01 cycle=5457 time=1.048359e+01 dt=5.859375e-04
elapsed=5.923057e+01 cycle=5458 time=1.048418e+01 dt=5.859375e-04
elapsed=5.927480e+01 cycle=5459 time=1.048477e+01 dt=5.859375e-04
elapsed=5.932560e+01 cycle=5460 time=1.048535e+01 dt=5.859375e-04
elapsed=5.936907e+01 cycle=5461 time=1.048594e+01 dt=5.859375e-04
elapsed=5.941336e+01 cycle=5462 time=1.048652e+01 dt=5.859375e-04
elapsed=5.945751e+01 cycle=5463 time=1.048711e+01 dt=5.859375e-04
elapsed=5.950725e+01 cycle=5464 time=1.048770e+01 dt=5.859375e-04
elapsed=5.955118e+01 cycle=5465 time=1.048828e+01 dt=5.859375e-04
elapsed=5.959520e+01 cycle=5466 time=1.048887e+01 dt=5.859375e-04
elapsed=5.963927e+01 cycle=5467 time=1.048945e+01 dt=5.859375e-04
elapsed=5.968955e+01 cycle=5468 time=1.049004e+01 dt=5.859375e-04
elapsed=5.973329e+01 cycle=5469 time=1.049063e+01 dt=5.859375e-04
elapsed=5.977718e+01 cycle=5470 time=1.049121e+01 dt=5.859375e-04
elapsed=5.982017e+01 cycle=5471 time=1.049180e+01 dt=5.859375e-04
elapsed=5.987021e+01 cycle=5472 time=1.049238e+01 dt=5.859375e-04
elapsed=5.991458e+01 cycle=5473 time=1.049297e+01 dt=5.859375e-04
elapsed=5.995867e+01 cycle=5474 time=1.049355e+01 dt=5.859375e-04
elapsed=6.000282e+01 cycle=5475 time=1.049414e+01 dt=5.859375e-04
elapsed=6.005355e+01 cycle=5476 time=1.049473e+01 dt=5.859375e-04
elapsed=6.009746e+01 cycle=5477 time=1.049531e+01 dt=5.859375e-04
elapsed=6.014138e+01 cycle=5478 time=1.049590e+01 dt=5.859375e-04
elapsed=6.018541e+01 cycle=5479 time=1.049648e+01 dt=5.859375e-04
elapsed=6.023498e+01 cycle=5480 time=1.049707e+01 dt=5.859375e-04
elapsed=6.027936e+01 cycle=5481 time=1.049766e+01 dt=5.859375e-04
elapsed=6.032341e+01 cycle=5482 time=1.049824e+01 dt=5.859375e-04
elapsed=6.036684e+01 cycle=5483 time=1.049883e+01 dt=5.859375e-04
elapsed=6.041680e+01 cycle=5484 time=1.049941e+01 dt=5.859375e-04
elapsed=6.047322e+01 cycle=5485 time=1.050000e+01 dt=5.859375e-04
elapsed=6.071985e+01 cycle=5486 time=1.050059e+01 dt=5.859375e-04
elapsed=6.098062e+01 cycle=5487 time=1.050117e+01 dt=5.859375e-04
elapsed=6.124538e+01 cycle=5488 time=1.050176e+01 dt=5.859375e-04
elapsed=6.147686e+01 cycle=5489 time=1.050234e+01 dt=5.859375e-04
elapsed=6.172972e+01 cycle=5490 time=1.050293e+01 dt=5.859375e-04
elapsed=6.197755e+01 cycle=5491 time=1.050352e+01 dt=5.859375e-04
elapsed=6.222661e+01 cycle=5492 time=1.050410e+01 dt=5.859375e-04
elapsed=6.248715e+01 cycle=5493 time=1.050469e+01 dt=5.859375e-04
elapsed=6.274081e+01 cycle=5494 time=1.050527e+01 dt=5.859375e-04
elapsed=6.298042e+01 cycle=5495 time=1.050586e+01 dt=5.859375e-04
elapsed=6.325505e+01 cycle=5496 time=1.050645e+01 dt=5.859375e-04
elapsed=6.350834e+01 cycle=5497 time=1.050703e+01 dt=5.859375e-04
elapsed=6.374606e+01 cycle=5498 time=1.050762e+01 dt=5.859375e-04
elapsed=6.399274e+01 cycle=5499 time=1.050820e+01 dt=5.859375e-04
elapsed=6.425646e+01 cycle=5500 time=1.050879e+01 dt=5.859375e-04
elapsed=6.448724e+01 cycle=5501 time=1.050938e+01 dt=5.859375e-04
elapsed=6.474047e+01 cycle=5502 time=1.050996e+01 dt=5.859375e-04
elapsed=6.497708e+01 cycle=5503 time=1.051055e+01 dt=5.859375e-04
elapsed=6.523883e+01 cycle=5504 time=1.051113e+01 dt=5.859375e-04
elapsed=6.549788e+01 cycle=5505 time=1.051172e+01 dt=5.859375e-04
elapsed=6.574381e+01 cycle=5506 time=1.051230e+01 dt=5.859375e-04
elapsed=6.598970e+01 cycle=5507 time=1.051289e+01 dt=5.859375e-04
elapsed=6.625760e+01 cycle=5508 time=1.051348e+01 dt=5.859375e-04
elapsed=6.649451e+01 cycle=5509 time=1.051406e+01 dt=5.859375e-04
elapsed=6.675429e+01 cycle=5510 time=1.051465e+01 dt=5.859375e-04
elapsed=6.701555e+01 cycle=5511 time=1.051523e+01 dt=5.859375e-04
elapsed=6.729632e+01 cycle=5512 time=1.051582e+01 dt=5.859375e-04
elapsed=6.752854e+01 cycle=5513 time=1.051641e+01 dt=5.859375e-04
elapsed=6.780062e+01 cycle=5514 time=1.051699e+01 dt=5.859375e-04
elapsed=6.803214e+01 cycle=5515 time=1.051758e+01 dt=5.859375e-04
elapsed=6.829399e+01 cycle=5516 time=1.051816e+01 dt=5.859375e-04
elapsed=6.855257e+01 cycle=5517 time=1.051875e+01 dt=5.859375e-04
elapsed=6.881324e+01 cycle=5518 time=1.051934e+01 dt=5.859375e-04
elapsed=6.905873e+01 cycle=5519 time=1.051992e+01 dt=5.859375e-04
elapsed=6.933477e+01 cycle=5520 time=1.052051e+01 dt=5.859375e-04
elapsed=6.956782e+01 cycle=5521 time=1.052109e+01 dt=5.859375e-04
elapsed=6.982419e+01 cycle=5522 time=1.052168e+01 dt=5.859375e-04
elapsed=7.009372e+01 cycle=5523 time=1.052227e+01 dt=5.859375e-04
elapsed=7.035438e+01 cycle=5524 time=1.052285e+01 dt=5.859375e-04
elapsed=7.059261e+01 cycle=5525 time=1.052344e+01 dt=5.859375e-04
elapsed=7.085783e+01 cycle=5526 time=1.052402e+01 dt=5.859375e-04
elapsed=7.109048e+01 cycle=5527 time=1.052461e+01 dt=5.859375e-04
elapsed=7.135685e+01 cycle=5528 time=1.052520e+01 dt=5.859375e-04
elapsed=7.161296e+01 cycle=5529 time=1.052578e+01 dt=5.859375e-04
elapsed=7.185052e+01 cycle=5530 time=1.052637e+01 dt=5.859375e-04
elapsed=7.210370e+01 cycle=5531 time=1.052695e+01 dt=5.859375e-04
elapsed=7.237781e+01 cycle=5532 time=1.052754e+01 dt=5.859375e-04
elapsed=7.261108e+01 cycle=5533 time=1.052813e+01 dt=5.859375e-04
elapsed=7.288411e+01 cycle=5534 time=1.052871e+01 dt=5.859375e-04
elapsed=7.314738e+01 cycle=5535 time=1.052930e+01 dt=5.859375e-04
elapsed=7.341903e+01 cycle=5536 time=1.052988e+01 dt=5.859375e-04
elapsed=7.365170e+01 cycle=5537 time=1.053047e+01 dt=5.859375e-04
elapsed=7.391264e+01 cycle=5538 time=1.053105e+01 dt=5.859375e-04
elapsed=7.417723e+01 cycle=5539 time=1.053164e+01 dt=5.859375e-04
elapsed=7.442542e+01 cycle=5540 time=1.053223e+01 dt=5.859375e-04
elapsed=7.467803e+01 cycle=5541 time=1.053281e+01 dt=5.859375e-04
elapsed=7.493559e+01 cycle=5542 time=1.053340e+01 dt=5.859375e-04
elapsed=7.516833e+01 cycle=5543 time=1.053398e+01 dt=5.859375e-04
elapsed=7.544017e+01 cycle=5544 time=1.053457e+01 dt=5.859375e-04
elapsed=7.568597e+01 cycle=5545 time=1.053516e+01 dt=5.859375e-04
elapsed=7.593119e+01 cycle=5546 time=1.053574e+01 dt=5.859375e-04
### FATAL ERROR: chi parent provenance diagnostic: active fine chi first became invalid immediately after RK update
Kokkos::Cuda ERROR: Failed to call Kokkos::Cuda::finalize()
