### WARNING in /lus/flare/projects/CompactBinaryMerger/hzhu/refgh_standard_ordering_20260823T0525Z_6884b09/src/src/mesh/load_balance.cpp at line 83
Number of MeshBlocks cannot be divided evenly by number of MPI ranks. This will result in poor load balancing.

Root grid = 3 x 3 x 3 MeshBlocks
Total number of MeshBlocks = 34
Number of logical  levels of refinement = 3 (4 levels total)
Number of physical levels of refinement = 1 (2 levels total)
Number of parallel ranks = 12
  Rank = 0: 2 MeshBlocks, cost = 2
  Rank = 1: 2 MeshBlocks, cost = 2
  Rank = 2: 3 MeshBlocks, cost = 3
  Rank = 3: 3 MeshBlocks, cost = 3
  Rank = 4: 3 MeshBlocks, cost = 3
  Rank = 5: 3 MeshBlocks, cost = 3
  Rank = 6: 3 MeshBlocks, cost = 3
  Rank = 7: 3 MeshBlocks, cost = 3
  Rank = 8: 3 MeshBlocks, cost = 3
  Rank = 9: 3 MeshBlocks, cost = 3
  Rank = 10: 3 MeshBlocks, cost = 3
  Rank = 11: 3 MeshBlocks, cost = 3
Load Balancing:
  Maximum normalized cost = 1.5, Average = 1.41667
reference-GH puncture vertex audit passed; minimum cell radius=0.0360844, wormhole match state=0, G=0, lapse=1.91962e-14, shift=0
### WARNING in /lus/flare/projects/CompactBinaryMerger/hzhu/refgh_standard_ordering_20260823T0525Z_6884b09/src/src/parameter_input.cpp: input parameter <mesh_refinement>/num_levels = 2 was not used by the code (check for a typo)
### WARNING in /lus/flare/projects/CompactBinaryMerger/hzhu/refgh_standard_ordering_20260823T0525Z_6884b09/src/src/parameter_input.cpp: input parameter <mesh_refinement>/max_nmb_per_rank = 128 was not used by the code (check for a typo)

Setup complete, executing task list(s)...

elapsed=6.059061e+00 cycle=0 time=0.000000e+00 dt=3.591537e-03
elapsed=4.373093e+01 cycle=10 time=3.591536e-02 dt=3.591535e-03
elapsed=8.273351e+01 cycle=20 time=7.183069e-02 dt=3.591529e-03
elapsed=1.217623e+02 cycle=30 time=1.077459e-01 dt=3.591519e-03
elapsed=1.602560e+02 cycle=40 time=1.436611e-01 dt=3.591502e-03
elapsed=1.992735e+02 cycle=50 time=1.795760e-01 dt=3.591477e-03
elapsed=2.383213e+02 cycle=60 time=2.154906e-01 dt=3.591445e-03
elapsed=2.782515e+02 cycle=70 time=2.514049e-01 dt=3.591403e-03
elapsed=3.158576e+02 cycle=80 time=2.873187e-01 dt=3.591351e-03
elapsed=3.549184e+02 cycle=90 time=3.232319e-01 dt=3.591287e-03
elapsed=3.939625e+02 cycle=100 time=3.591445e-01 dt=3.591211e-03
elapsed=4.324441e+02 cycle=110 time=3.950562e-01 dt=3.591123e-03
elapsed=4.714917e+02 cycle=120 time=4.309670e-01 dt=3.591020e-03
elapsed=5.105310e+02 cycle=130 time=4.668766e-01 dt=3.590902e-03
elapsed=5.547237e+02 cycle=140 time=5.027851e-01 dt=3.590769e-03
elapsed=5.922856e+02 cycle=150 time=5.386921e-01 dt=3.590619e-03
elapsed=6.313397e+02 cycle=160 time=5.745975e-01 dt=3.590452e-03
elapsed=6.703881e+02 cycle=170 time=6.105012e-01 dt=3.590267e-03
elapsed=7.088692e+02 cycle=180 time=6.464030e-01 dt=3.590063e-03
elapsed=7.479144e+02 cycle=190 time=6.823026e-01 dt=3.589840e-03
elapsed=7.869673e+02 cycle=200 time=7.182000e-01 dt=3.589596e-03
elapsed=8.260100e+02 cycle=210 time=7.540948e-01 dt=3.589333e-03
elapsed=8.645161e+02 cycle=220 time=7.899868e-01 dt=3.589047e-03
elapsed=9.035476e+02 cycle=230 time=8.258759e-01 dt=3.588740e-03
elapsed=9.425679e+02 cycle=240 time=8.617619e-01 dt=3.588410e-03
elapsed=9.810848e+02 cycle=250 time=8.976444e-01 dt=3.588058e-03
elapsed=1.020127e+03 cycle=260 time=9.335233e-01 dt=3.587681e-03
elapsed=1.059168e+03 cycle=270 time=9.693983e-01 dt=3.587281e-03
elapsed=1.102387e+03 cycle=280 time=1.005269e+00 dt=3.586856e-03
elapsed=1.140858e+03 cycle=290 time=1.041136e+00 dt=3.586406e-03
elapsed=1.179891e+03 cycle=300 time=1.076998e+00 dt=3.585931e-03
elapsed=1.218971e+03 cycle=310 time=1.112855e+00 dt=3.585431e-03
elapsed=1.257486e+03 cycle=320 time=1.148707e+00 dt=3.584904e-03
elapsed=1.296513e+03 cycle=330 time=1.184553e+00 dt=3.584350e-03
elapsed=1.335540e+03 cycle=340 time=1.220394e+00 dt=3.583770e-03
elapsed=1.374576e+03 cycle=350 time=1.256229e+00 dt=3.583163e-03
elapsed=1.413069e+03 cycle=360 time=1.292058e+00 dt=3.582528e-03
elapsed=1.452140e+03 cycle=370 time=1.327880e+00 dt=3.581866e-03
elapsed=1.491181e+03 cycle=380 time=1.363696e+00 dt=3.581176e-03
elapsed=1.529653e+03 cycle=390 time=1.399504e+00 dt=3.580457e-03
elapsed=1.568664e+03 cycle=400 time=1.435306e+00 dt=3.579711e-03
elapsed=1.607683e+03 cycle=410 time=1.471099e+00 dt=3.578936e-03
elapsed=1.650724e+03 cycle=420 time=1.506885e+00 dt=3.578133e-03
elapsed=1.689233e+03 cycle=430 time=1.542663e+00 dt=3.577301e-03
elapsed=1.728254e+03 cycle=440 time=1.578432e+00 dt=3.576441e-03
elapsed=1.767284e+03 cycle=450 time=1.614192e+00 dt=3.575552e-03
elapsed=1.805770e+03 cycle=460 time=1.649944e+00 dt=3.574634e-03
elapsed=1.844805e+03 cycle=470 time=1.685686e+00 dt=3.573687e-03
elapsed=1.883854e+03 cycle=480 time=1.721418e+00 dt=3.572711e-03
elapsed=1.922887e+03 cycle=490 time=1.757141e+00 dt=3.571706e-03
elapsed=1.961354e+03 cycle=500 time=1.792853e+00 dt=3.570673e-03
elapsed=2.000381e+03 cycle=510 time=1.828555e+00 dt=3.569611e-03
elapsed=2.039390e+03 cycle=520 time=1.864247e+00 dt=3.568520e-03
elapsed=2.077866e+03 cycle=530 time=1.899927e+00 dt=3.567401e-03
elapsed=2.116913e+03 cycle=540 time=1.935596e+00 dt=3.566253e-03
elapsed=2.155953e+03 cycle=550 time=1.971253e+00 dt=3.565077e-03
elapsed=2.198926e+03 cycle=560 time=2.006898e+00 dt=3.563873e-03
elapsed=2.237388e+03 cycle=570 time=2.042532e+00 dt=3.562641e-03
elapsed=2.276431e+03 cycle=580 time=2.078152e+00 dt=3.561381e-03
elapsed=2.315446e+03 cycle=590 time=2.113760e+00 dt=3.560093e-03
elapsed=2.353932e+03 cycle=600 time=2.149355e+00 dt=3.558778e-03
elapsed=2.392949e+03 cycle=610 time=2.184937e+00 dt=3.557436e-03
reference-GH controlled Schwarzschild final: time=2.200000e+00 state Linf=1.524354e+00 bad-state=0.000000e+00

Terminating on time limit
time=2.200000e+00 cycle=615
tlim=2.200000e+00 nlim=-1

MeshBlock-cycles = 20910
cpu time used  = 2.412353e+03
zone-cycles/cpu_second = 9.585987e+05
particle-updates/cpu_second = 0.000000e+00
real 2419.44
user 0.02
sys 0.07
