
Root grid = 1 x 1 x 1 MeshBlocks
Total number of MeshBlocks = 1
Number of logical  levels of refinement = 0 (1 levels total)
Number of physical levels of refinement = 0 (1 levels total)
Number of parallel ranks = 1
ref_gh reference allocation backend=analytic_radial_q generic_bytes=0 analytic_static_components=12 analytic_stage_components=8 analytic_static_bytes=1327104 analytic_stage_bytes=884736
reference-GH puncture minimum cell-center radius = 0.216506
reference-GH stationary physical-target audit: |F-H_constraint|_Linf=3.09475e-15, |tildeGamma|_Linf=3.33067e-16, |stored_Hhat_A|_Linf=0, |stored_theta_A|_Linf=0
reference-GH initial RHS sector decomposition passed: conditioned error=9.86076e-32, production rerun=0, file=phase5_exact_init.ref_gh_rhs_sectors.tsv
reference-GH stationary initial RHS Linf = 5.80111e-14, component=10, radius=1.55624, coordinate reference Ricci Linf=8.01492e-12, frame reference Ricci Linf=1.66533e-16

Setup complete, executing task list(s)...

reference-GH stationary trumpet: field Linf=0, physical metric Linf=2.22045e-16, lapse Linf=1.11022e-16, shift Linf=3.33067e-16, constraint Linf=3.88578e-16, RHS estimate=5.80111e-14
elapsed=6.234922e+00 cycle=0 time=0.000000e+00 dt=2.090302e-02

Terminating on cycle limit
time=0.000000e+00 cycle=0
tlim=0.000000e+00 nlim=0

MeshBlock-cycles = 0
cpu time used  = 2.280590e+00
zone-cycles/cpu_second = 0.000000e+00
particle-updates/cpu_second = 0.000000e+00
