
Root grid = 3 x 3 x 3 MeshBlocks
Total number of MeshBlocks = 384
Number of logical  levels of refinement = 6 (7 levels total)
Number of physical levels of refinement = 4 (5 levels total)
  Physical level = 1 (logical level = 3): 208 MeshBlocks, cost = 208
  Physical level = 2 (logical level = 4): 56 MeshBlocks, cost = 56
  Physical level = 3 (logical level = 5): 56 MeshBlocks, cost = 56
  Physical level = 4 (logical level = 6): 64 MeshBlocks, cost = 64
Number of parallel ranks = 1
AssembleZ4cTasks

Setup complete, executing task list(s)...

elapsed=1.590108e+00 cycle=20 time=1.000000e-01 dt=5.208333e-03
elapsed=3.316456e+00 cycle=21 time=1.052083e-01 dt=5.208333e-03
elapsed=5.092424e+00 cycle=22 time=1.104167e-01 dt=5.208333e-03
elapsed=6.739412e+00 cycle=23 time=1.156250e-01 dt=5.208333e-03
elapsed=8.574138e+00 cycle=24 time=1.208333e-01 dt=5.208333e-03
elapsed=1.032413e+01 cycle=25 time=1.260417e-01 dt=5.208333e-03
elapsed=1.202869e+01 cycle=26 time=1.312500e-01 dt=5.208333e-03
elapsed=1.379877e+01 cycle=27 time=1.364583e-01 dt=5.208333e-03
elapsed=1.563102e+01 cycle=28 time=1.416667e-01 dt=5.208333e-03
elapsed=1.738092e+01 cycle=29 time=1.468750e-01 dt=5.208333e-03
elapsed=1.914220e+01 cycle=30 time=1.520833e-01 dt=5.208333e-03
elapsed=2.079173e+01 cycle=31 time=1.572917e-01 dt=5.208333e-03
elapsed=2.251256e+01 cycle=32 time=1.625000e-01 dt=5.208333e-03
elapsed=2.426231e+01 cycle=33 time=1.677083e-01 dt=5.208333e-03
elapsed=2.600079e+01 cycle=34 time=1.729167e-01 dt=5.208333e-03
elapsed=2.768935e+01 cycle=35 time=1.781250e-01 dt=5.208333e-03
elapsed=2.937180e+01 cycle=36 time=1.833333e-01 dt=5.208333e-03
elapsed=3.109354e+01 cycle=37 time=1.885417e-01 dt=5.208333e-03
elapsed=3.278108e+01 cycle=38 time=1.937500e-01 dt=5.208333e-03
elapsed=3.446738e+01 cycle=39 time=1.989583e-01 dt=5.208333e-03
elapsed=3.617526e+01 cycle=40 time=2.041667e-01 dt=5.208333e-03
elapsed=3.792433e+01 cycle=41 time=2.093750e-01 dt=5.208333e-03
elapsed=3.963750e+01 cycle=42 time=2.145833e-01 dt=5.208333e-03
elapsed=4.130107e+01 cycle=43 time=2.197917e-01 dt=5.208333e-03
elapsed=4.305107e+01 cycle=44 time=2.250000e-01 dt=5.208333e-03
elapsed=4.473104e+01 cycle=45 time=2.302083e-01 dt=5.208333e-03
elapsed=4.640667e+01 cycle=46 time=2.354167e-01 dt=5.208333e-03
elapsed=4.817201e+01 cycle=47 time=2.406250e-01 dt=5.208333e-03
elapsed=4.995679e+01 cycle=48 time=2.458333e-01 dt=4.166667e-03
elapsed=5.203012e+01 cycle=49 time=2.500000e-01 dt=5.208333e-03

Terminating on time limit
time=2.500000e-01 cycle=49
tlim=2.500000e-01 nlim=-1

MeshBlock-cycles = 11136
cpu time used  = 5.044003e+01
zone-cycles/cpu_second = 1.130378e+05
particle-updates/cpu_second = 0.000000e+00
