{
  "status": "PASS",
  "records": [
    {
      "operation": 13,
      "stage": 0,
      "cycle": 0,
      "max_primary_delta": 0.0,
      "max_delta": 0.0
    },
    {
      "operation": 11,
      "stage": 0,
      "cycle": 0,
      "max_primary_delta": 0.0,
      "max_delta": 2.649006936768966
    },
    {
      "operation": 13,
      "stage": 1,
      "cycle": 0,
      "max_primary_delta": 0.0,
      "max_delta": 0.0
    },
    {
      "operation": 11,
      "stage": 1,
      "cycle": 0,
      "max_primary_delta": 0.0,
      "max_delta": 2.6524854307418937
    },
    {
      "operation": 13,
      "stage": 2,
      "cycle": 0,
      "max_primary_delta": 0.0,
      "max_delta": 0.0
    },
    {
      "operation": 11,
      "stage": 2,
      "cycle": 0,
      "max_primary_delta": 0.0,
      "max_delta": 2.6507557508916277
    },
    {
      "operation": 13,
      "stage": 3,
      "cycle": 0,
      "max_primary_delta": 0.0,
      "max_delta": 0.0
    },
    {
      "operation": 11,
      "stage": 3,
      "cycle": 0,
      "max_primary_delta": 0.0,
      "max_delta": 2.6524978642021955
    },
    {
      "operation": 13,
      "stage": 3,
      "cycle": 0,
      "max_primary_delta": 0.0,
      "max_delta": 0.0
    },
    {
      "operation": 12,
      "stage": 3,
      "cycle": 0,
      "max_primary_delta": 0.0,
      "max_delta": 2.6525247583539815
    }
  ]
}
