{
  "probes": [
    {
      "analytic_frame_ricci_linf": 2.7254067548942317e-16,
      "delta_linf": 0.0,
      "dx": 0.0625,
      "frame_ricci_linf": 6.539944107097906e-11,
      "pi_rhs_linf": 1.5302824113825777e-17,
      "q_linf": 0.0,
      "radius": 0.05412658773652741,
      "raw_pi_rhs_linf": 3.67209827323755e-12,
      "raw_riemann_minus_analytic_linf": 4.257239005767133e-11,
      "raw_source_linf": 1.3079888214195812e-10,
      "resolution": 64,
      "sectors": {
        "curvature_sector": 5.450813509788463e-16,
        "damping_sector": 0.0,
        "delta_sector": 0.0,
        "frame_correction": 0.0,
        "qq_sector": 0.0
      },
      "source_linf": 5.450813509788463e-16
    },
    {
      "analytic_frame_ricci_linf": 0.0,
      "delta_linf": 0.0,
      "dx": 0.041666666666666664,
      "frame_ricci_linf": 2.5423327332241286e-10,
      "pi_rhs_linf": 0.0,
      "q_linf": 0.0,
      "radius": 0.03608439182435161,
      "raw_pi_rhs_linf": 9.249619773162793e-12,
      "raw_riemann_minus_analytic_linf": 2.0295776170797808e-10,
      "raw_source_linf": 5.084665466448257e-10,
      "resolution": 96,
      "sectors": {
        "curvature_sector": 0.0,
        "damping_sector": 0.0,
        "delta_sector": 0.0,
        "frame_correction": 0.0,
        "qq_sector": 0.0
      },
      "source_linf": 0.0
    },
    {
      "analytic_frame_ricci_linf": 2.8400847815517164e-16,
      "delta_linf": 0.0,
      "dx": 0.03125,
      "frame_ricci_linf": 6.875886089315953e-10,
      "pi_rhs_linf": 7.580293712729771e-18,
      "q_linf": 0.0,
      "radius": 0.027063293868263706,
      "raw_pi_rhs_linf": 9.285261555858498e-12,
      "raw_riemann_minus_analytic_linf": 4.812544251997508e-10,
      "raw_source_linf": 6.957759431731674e-10,
      "resolution": 128,
      "sectors": {
        "curvature_sector": 5.680169563103433e-16,
        "damping_sector": 0.0,
        "delta_sector": 0.0,
        "frame_correction": 0.0,
        "qq_sector": 0.0
      },
      "source_linf": 5.680169563103433e-16
    }
  ],
  "table": "src/ref_gh/trumpet_table_generated.hpp"
}
