Preserved intermediate negative gates from the Phase-6 local integration.

1. Direct Kref compared without operation conditioning

Command:
./build_fully_subtracted_serial/src/athena -i tst/inputs/ref_gh_q_controlled_reference.athinput

Failure:
### FATAL ERROR: generated analytic radial-q moving gauge oracle failed: Hhat=1.16535e-15 dHhat=1.07001e-15 Kref=8.36709e-09 theta=7.0813e-16 dtTheta=3.54775e-17 motion=1.24829e-14 r>=0.2=3.78054e-12 worst=8.36709e-09 location=17960 tolerance=5.68434e-14

Diagnosis and correction:
The generated expression is CSE-cancelled, while the generic reference oracle
constructs Kref through a long tensor contraction.  The comparison omitted the
operation-conditioning normalization already used for Href, dHref, theta_ref,
and dtTheta_ref.  The numerical tolerance remained 256*epsilon.  Adding the
sum-of-absolute-terms condition reduced the conditioned error to 1.15471e-15.

2. Physical residual-target candidate after removing a tautological overwrite

Command:
./build_fully_subtracted_serial/src/athena -i tst/inputs/ref_gh_q_controlled_reference.athinput

Failure:
### FATAL ERROR: fully subtracted physical gauge target oracle failed: error=6.02413e-10 matched_exact=1 matched_max=0 matched_failure_location=0 physical_error=6.02413e-10 raw_delta_error=1.3918e-06 source_error=6.96333e-09 compact_source_error=3.05105e-12 raw_driver_error=1.05256 location=137110 tolerance=2.27374e-13

Diagnosis and correction:
The residual routine had overwritten its independently evaluated physical
candidate with the legacy full target, making the old reported physical error
identically zero.  Removing that overwrite exposed association loss at the
near-puncture r=0.08M sample.  Neither binary64 path is an unconditioned truth
there.  The exact matched residual remains bitwise zero at all radii.  The
unchanged 1024*epsilon comparison remains a hard gate for perturbed samples in
the established conditioned region r>=0.8M; the all-radius 6.02413e-10 value is
preserved as a diagnostic.
