PASS: regular production principal coefficients have finite w=0 limits
PASS: exact parameterized similarity P_damped=(I-S) P_base (I+S)
PASS: S^2=0, so the characteristic basis stays complete wherever the base is complete
PASS: arbitrary constant shift adds beta.n times the identity
PASS: arbitrary algebraically allowed Atilde/Q backgrounds and intrinsic trace preservation
Group-inverse denominator: -2*rho**3*w**7*(rho**2*switch*w**4 - 4)/3
Nonzero shear entries (regular tangent indices):
6 0 -gamma/(2*w)
6 16 -gamma/(2*rho)
7 0 -gamma*(rho*w + 6)/(3*rho*w**2)
7 1 -(4*A0*rho*w + 2*A3*rho*w + 3*gamma)/(6*rho*w)
7 2 -2*A1/3
7 3 -2*A2/3
7 4 -(A0 + 2*A3)/3
7 5 -2*A4/3
7 16 -gamma/(3*rho)
10 0 gamma*(rho*w + 6)/(6*rho*w**2)
10 1 -(2*A0 + A3)/3
10 2 -2*A1/3
10 3 -2*A2/3
10 4 -(2*A0*rho*w + 4*A3*rho*w + 3*gamma)/(6*rho*w)
10 5 -2*A4/3
10 16 gamma/(6*rho)
11 5 -gamma/(2*rho*w)
13 1 (2*Q1_0 + Q1_3)/2
13 2 Q1_1
13 3 Q1_2
13 4 (Q1_0 + 2*Q1_3)/2
13 5 Q1_4
14 1 -(2*Q2_0 + Q2_3)/2
14 2 -Q2_1
14 3 -Q2_2
14 4 -(Q2_0 + 2*Q2_3)/2
14 5 -Q2_4
15 0 4*gamma/(rho*w**2)
15 1 (4*A0*rho*w + 2*A3*rho*w + 3*gamma)/(3*rho*w)
15 2 4*A1/3
15 3 4*A2/3
15 4 2*(A0 + 2*A3)/3
15 5 4*A4/3
20 1 w*(2*Q0_0 + Q0_3)/(2*(rho**2*switch*w**4 - 4))
20 2 Q0_1*w/(rho**2*switch*w**4 - 4)
20 3 Q0_2*w/(rho**2*switch*w**4 - 4)
20 4 w*(Q0_0 + 2*Q0_3)/(2*(rho**2*switch*w**4 - 4))
20 5 Q0_4*w/(rho**2*switch*w**4 - 4)
20 17 gamma*w/(rho**2*switch*w**4 - 4)
23 1 -(2*Q0_0 + Q0_3)*(rho**2*switch*w**4 - 2)/(rho**2*switch*w**4 - 4)
23 2 -2*Q0_1*(rho**2*switch*w**4 - 2)/(rho**2*switch*w**4 - 4)
23 3 -2*Q0_2*(rho**2*switch*w**4 - 2)/(rho**2*switch*w**4 - 4)
23 4 -(Q0_0 + 2*Q0_3)*(rho**2*switch*w**4 - 2)/(rho**2*switch*w**4 - 4)
23 5 -2*Q0_4*(rho**2*switch*w**4 - 2)/(rho**2*switch*w**4 - 4)
23 17 -4*gamma/(rho**2*switch*w**4 - 4)
24 18 gamma
25 19 gamma
26 1 (2*Q0_0 + Q0_3)/(rho**2*switch*w**4 - 4)
26 2 2*Q0_1/(rho**2*switch*w**4 - 4)
26 3 2*Q0_2/(rho**2*switch*w**4 - 4)
26 4 (Q0_0 + 2*Q0_3)/(rho**2*switch*w**4 - 4)
26 5 2*Q0_4/(rho**2*switch*w**4 - 4)
26 17 2*gamma/(rho**2*switch*w**4 - 4)
41 0 -gamma*(rho*w + 6)/(2*w)
41 16 -gamma*w/2
42 2 gamma
43 3 gamma
