AthenaK Kokkos default execution space: SYCL

Root grid = 2 x 4 x 1 MeshBlocks
Total number of MeshBlocks = 8
Number of logical  levels of refinement = 3 (4 levels total)
Number of physical levels of refinement = 1 (2 levels total)
Number of parallel ranks = 1
AssembleZ4cTasks
Initialized arXiv:1001.4077 Kerr puncture: M=1 chi=0.5 z_h=0 horizon_radius=0.466506 initial_gauge=precollapsed

Setup complete, executing task list(s)...

elapsed=8.001786e-02 cycle=0 time=0.000000e+00 dt=2.094913e-02
CARTOON_AMR_TRANSACTION cycle=1 requested_refine=2 requested_derefine_leaves=0 accepted_derefine_parents=0 created_leaves=6 deleted_leaves=0 mirror_mismatches=0
AMR_Z4C_CHI_PROLONGATION cycle=1 transfer=high_order local_fallback_groups=2 global_fallback_groups=2 global_high_order_groups=510
output wall time = 2.071524e-02
elapsed=6.154234e-01 cycle=1 time=2.094913e-02 dt=2.094913e-02

Terminating on user stopping condition: completed requested zero-PDE Z4c AMR-jump diagnostic at target cycle 1 after T5 and before the next RHS
time=2.094913e-02 cycle=1
tlim=1.000000e-01 nlim=4 nmb_total_limit=-1

Current number of MeshBlocks = 14
6 MeshBlocks created, 0 deleted by AMR

MeshBlock-cycles = 8
cpu time used  = 5.354055e-01
zone-cycles/cpu_second = 3.825138e+03
particle-updates/cpu_second = 0.000000e+00
