
Root grid = 1 x 1 x 1 MeshBlocks
Total number of MeshBlocks = 176
Number of logical  levels of refinement = 4 (5 levels total)
Number of physical levels of refinement = 4 (5 levels total)
  Physical level = 2 (logical level = 2): 56 MeshBlocks, cost = 56
  Physical level = 3 (logical level = 3): 56 MeshBlocks, cost = 56
  Physical level = 4 (logical level = 4): 96 MeshBlocks, cost = 64
Number of parallel ranks = 1
AssembleZ4cTasks

Setup complete, executing task list(s)...

elapsed=7.588618e-01 cycle=65 time=1.000000e+00 dt=1.562500e-02
elapsed=1.505147e+00 cycle=66 time=1.015625e+00 dt=1.562500e-02
elapsed=2.264381e+00 cycle=67 time=1.031250e+00 dt=1.562500e-02
elapsed=2.978916e+00 cycle=68 time=1.046875e+00 dt=1.562500e-02
elapsed=3.753146e+00 cycle=69 time=1.062500e+00 dt=1.562500e-02
elapsed=4.527110e+00 cycle=70 time=1.078125e+00 dt=1.562500e-02
elapsed=5.246244e+00 cycle=71 time=1.093750e+00 dt=1.562500e-02
elapsed=6.092261e+00 cycle=72 time=1.109375e+00 dt=1.562500e-02
elapsed=6.849689e+00 cycle=73 time=1.125000e+00 dt=1.562500e-02
elapsed=7.589861e+00 cycle=74 time=1.140625e+00 dt=1.562500e-02
elapsed=8.373117e+00 cycle=75 time=1.156250e+00 dt=1.562500e-02
elapsed=9.125328e+00 cycle=76 time=1.171875e+00 dt=1.562500e-02
elapsed=9.848421e+00 cycle=77 time=1.187500e+00 dt=1.562500e-02
elapsed=1.068480e+01 cycle=78 time=1.203125e+00 dt=1.562500e-02
elapsed=1.154359e+01 cycle=79 time=1.218750e+00 dt=1.562500e-02
elapsed=1.232785e+01 cycle=80 time=1.234375e+00 dt=1.562500e-02
elapsed=1.314536e+01 cycle=81 time=1.250000e+00 dt=1.562500e-02
elapsed=1.395401e+01 cycle=82 time=1.265625e+00 dt=1.562500e-02
elapsed=1.474735e+01 cycle=83 time=1.281250e+00 dt=1.562500e-02
elapsed=1.560631e+01 cycle=84 time=1.296875e+00 dt=1.562500e-02
elapsed=1.628179e+01 cycle=85 time=1.312500e+00 dt=1.562500e-02
elapsed=1.699744e+01 cycle=86 time=1.328125e+00 dt=1.562500e-02
elapsed=1.781431e+01 cycle=87 time=1.343750e+00 dt=1.562500e-02
elapsed=1.860004e+01 cycle=88 time=1.359375e+00 dt=1.562500e-02
elapsed=1.935129e+01 cycle=89 time=1.375000e+00 dt=1.562500e-02
elapsed=2.013413e+01 cycle=90 time=1.390625e+00 dt=1.562500e-02
elapsed=2.082628e+01 cycle=91 time=1.406250e+00 dt=1.562500e-02
elapsed=2.160926e+01 cycle=92 time=1.421875e+00 dt=1.562500e-02
elapsed=2.237904e+01 cycle=93 time=1.437500e+00 dt=1.562500e-02
elapsed=2.308016e+01 cycle=94 time=1.453125e+00 dt=1.562500e-02
elapsed=2.390498e+01 cycle=95 time=1.468750e+00 dt=1.562500e-02
elapsed=2.459403e+01 cycle=96 time=1.484375e+00 dt=1.562500e-02
elapsed=2.542320e+01 cycle=97 time=1.500000e+00 dt=1.562500e-02
elapsed=2.625044e+01 cycle=98 time=1.515625e+00 dt=1.562500e-02
elapsed=2.702355e+01 cycle=99 time=1.531250e+00 dt=1.562500e-02
elapsed=2.779925e+01 cycle=100 time=1.546875e+00 dt=1.562500e-02
elapsed=2.857953e+01 cycle=101 time=1.562500e+00 dt=1.562500e-02
elapsed=2.934024e+01 cycle=102 time=1.578125e+00 dt=1.562500e-02
elapsed=3.007490e+01 cycle=103 time=1.593750e+00 dt=1.562500e-02
elapsed=3.086368e+01 cycle=104 time=1.609375e+00 dt=1.562500e-02
elapsed=3.169790e+01 cycle=105 time=1.625000e+00 dt=1.562500e-02
elapsed=3.243651e+01 cycle=106 time=1.640625e+00 dt=1.562500e-02
elapsed=3.316217e+01 cycle=107 time=1.656250e+00 dt=1.562500e-02
elapsed=3.398373e+01 cycle=108 time=1.671875e+00 dt=1.562500e-02
elapsed=3.466304e+01 cycle=109 time=1.687500e+00 dt=1.562500e-02
elapsed=3.550084e+01 cycle=110 time=1.703125e+00 dt=1.562500e-02
elapsed=3.628601e+01 cycle=111 time=1.718750e+00 dt=1.562500e-02
elapsed=3.709498e+01 cycle=112 time=1.734375e+00 dt=1.562500e-02
elapsed=3.786362e+01 cycle=113 time=1.750000e+00 dt=1.562500e-02
elapsed=3.866557e+01 cycle=114 time=1.765625e+00 dt=1.562500e-02
elapsed=3.946499e+01 cycle=115 time=1.781250e+00 dt=1.562500e-02
elapsed=4.021374e+01 cycle=116 time=1.796875e+00 dt=1.562500e-02
elapsed=4.100485e+01 cycle=117 time=1.812500e+00 dt=1.562500e-02
elapsed=4.176323e+01 cycle=118 time=1.828125e+00 dt=1.562500e-02
elapsed=4.246735e+01 cycle=119 time=1.843750e+00 dt=1.562500e-02
elapsed=4.329734e+01 cycle=120 time=1.859375e+00 dt=1.562500e-02
elapsed=4.404626e+01 cycle=121 time=1.875000e+00 dt=1.562500e-02
elapsed=4.481929e+01 cycle=122 time=1.890625e+00 dt=1.562500e-02
elapsed=4.561530e+01 cycle=123 time=1.906250e+00 dt=1.562500e-02
elapsed=4.635782e+01 cycle=124 time=1.921875e+00 dt=1.562500e-02
elapsed=4.720792e+01 cycle=125 time=1.937500e+00 dt=1.562500e-02
elapsed=4.806640e+01 cycle=126 time=1.953125e+00 dt=1.562500e-02
elapsed=4.882205e+01 cycle=127 time=1.968750e+00 dt=1.562500e-02
elapsed=4.956461e+01 cycle=128 time=1.984375e+00 dt=1.562500e-02
elapsed=5.051613e+01 cycle=129 time=2.000000e+00 dt=1.562500e-02

Terminating on time limit
time=2.000000e+00 cycle=129
tlim=2.000000e+00 nlim=-1

MeshBlock-cycles = 11264
cpu time used  = 4.975729e+01
zone-cycles/cpu_second = 1.159060e+05
particle-updates/cpu_second = 0.000000e+00
