AthenaK Kokkos default execution space: Cuda

Root grid = 4 x 8 x 1 MeshBlocks
Total number of MeshBlocks = 44
Number of logical  levels of refinement = 23 (24 levels total)
Number of physical levels of refinement = 20 (21 levels total)
  Physical level = 0 (logical level = 3): 28 MeshBlocks, cost = 28
  Physical level = 1 (logical level = 4): 16 MeshBlocks, cost = 16
Number of parallel ranks = 1
AssembleZ4cTasks

Setup complete, executing task list(s)...

elapsed=1.537159e-01 cycle=1520 time=9.500000e+00 dt=6.193180e-03
CARTOON_AMR_TRANSACTION cycle=1521 requested_refine=0 requested_derefine_leaves=6 accepted_derefine_parents=0 created_leaves=0 deleted_leaves=0 mirror_mismatches=0
CARTOON_AMR_TRANSACTION cycle=1522 requested_refine=0 requested_derefine_leaves=6 accepted_derefine_parents=0 created_leaves=0 deleted_leaves=0 mirror_mismatches=0
CARTOON_AMR_TRANSACTION cycle=1523 requested_refine=0 requested_derefine_leaves=6 accepted_derefine_parents=0 created_leaves=0 deleted_leaves=0 mirror_mismatches=0
CARTOON_AMR_TRANSACTION cycle=1524 requested_refine=0 requested_derefine_leaves=6 accepted_derefine_parents=0 created_leaves=0 deleted_leaves=0 mirror_mismatches=0
elapsed=2.795256e-01 cycle=1524 time=9.524765e+00 dt=6.188372e-03
CARTOON_AMR_TRANSACTION cycle=1525 requested_refine=0 requested_derefine_leaves=6 accepted_derefine_parents=0 created_leaves=0 deleted_leaves=0 mirror_mismatches=0
CARTOON_AMR_TRANSACTION cycle=1526 requested_refine=0 requested_derefine_leaves=6 accepted_derefine_parents=0 created_leaves=0 deleted_leaves=0 mirror_mismatches=0
CARTOON_AMR_TRANSACTION cycle=1527 requested_refine=0 requested_derefine_leaves=6 accepted_derefine_parents=0 created_leaves=0 deleted_leaves=0 mirror_mismatches=0
CARTOON_AMR_TRANSACTION cycle=1528 requested_refine=0 requested_derefine_leaves=6 accepted_derefine_parents=0 created_leaves=0 deleted_leaves=0 mirror_mismatches=0
elapsed=3.670265e-01 cycle=1528 time=9.549512e+00 dt=6.183842e-03
CARTOON_AMR_TRANSACTION cycle=1529 requested_refine=0 requested_derefine_leaves=6 accepted_derefine_parents=0 created_leaves=0 deleted_leaves=0 mirror_mismatches=0
CARTOON_AMR_TRANSACTION cycle=1530 requested_refine=0 requested_derefine_leaves=6 accepted_derefine_parents=0 created_leaves=0 deleted_leaves=0 mirror_mismatches=0
CARTOON_AMR_TRANSACTION cycle=1531 requested_refine=0 requested_derefine_leaves=6 accepted_derefine_parents=0 created_leaves=0 deleted_leaves=0 mirror_mismatches=0
CARTOON_AMR_TRANSACTION cycle=1532 requested_refine=0 requested_derefine_leaves=8 accepted_derefine_parents=0 created_leaves=0 deleted_leaves=0 mirror_mismatches=0
elapsed=4.523343e-01 cycle=1532 time=9.574241e+00 dt=6.179591e-03
CARTOON_AMR_TRANSACTION cycle=1533 requested_refine=0 requested_derefine_leaves=8 accepted_derefine_parents=0 created_leaves=0 deleted_leaves=0 mirror_mismatches=0
CARTOON_AMR_TRANSACTION cycle=1534 requested_refine=0 requested_derefine_leaves=8 accepted_derefine_parents=0 created_leaves=0 deleted_leaves=0 mirror_mismatches=0
CARTOON_AMR_TRANSACTION cycle=1535 requested_refine=0 requested_derefine_leaves=8 accepted_derefine_parents=0 created_leaves=0 deleted_leaves=0 mirror_mismatches=0
CARTOON_AMR_TRANSACTION cycle=1536 requested_refine=0 requested_derefine_leaves=8 accepted_derefine_parents=0 created_leaves=0 deleted_leaves=0 mirror_mismatches=0
elapsed=5.729107e-01 cycle=1536 time=9.598952e+00 dt=6.174219e-03
CARTOON_AMR_TRANSACTION cycle=1537 requested_refine=0 requested_derefine_leaves=8 accepted_derefine_parents=0 created_leaves=0 deleted_leaves=0 mirror_mismatches=0
CARTOON_AMR_TRANSACTION cycle=1538 requested_refine=0 requested_derefine_leaves=8 accepted_derefine_parents=0 created_leaves=0 deleted_leaves=0 mirror_mismatches=0
CARTOON_AMR_TRANSACTION cycle=1539 requested_refine=0 requested_derefine_leaves=8 accepted_derefine_parents=0 created_leaves=0 deleted_leaves=0 mirror_mismatches=0
CARTOON_AMR_TRANSACTION cycle=1540 requested_refine=0 requested_derefine_leaves=8 accepted_derefine_parents=0 created_leaves=0 deleted_leaves=0 mirror_mismatches=0
elapsed=7.348210e-01 cycle=1540 time=9.623640e+00 dt=6.168474e-03
CARTOON_AMR_TRANSACTION cycle=1541 requested_refine=0 requested_derefine_leaves=8 accepted_derefine_parents=0 created_leaves=0 deleted_leaves=0 mirror_mismatches=0
CARTOON_AMR_TRANSACTION cycle=1542 requested_refine=0 requested_derefine_leaves=8 accepted_derefine_parents=0 created_leaves=0 deleted_leaves=0 mirror_mismatches=0
CARTOON_AMR_TRANSACTION cycle=1543 requested_refine=0 requested_derefine_leaves=8 accepted_derefine_parents=0 created_leaves=0 deleted_leaves=0 mirror_mismatches=0
CARTOON_AMR_TRANSACTION cycle=1544 requested_refine=0 requested_derefine_leaves=8 accepted_derefine_parents=0 created_leaves=0 deleted_leaves=0 mirror_mismatches=0
elapsed=8.198375e-01 cycle=1544 time=9.648306e+00 dt=6.162997e-03
CARTOON_AMR_TRANSACTION cycle=1545 requested_refine=0 requested_derefine_leaves=8 accepted_derefine_parents=0 created_leaves=0 deleted_leaves=0 mirror_mismatches=0
CARTOON_AMR_TRANSACTION cycle=1546 requested_refine=0 requested_derefine_leaves=8 accepted_derefine_parents=0 created_leaves=0 deleted_leaves=0 mirror_mismatches=0
CARTOON_AMR_TRANSACTION cycle=1547 requested_refine=0 requested_derefine_leaves=8 accepted_derefine_parents=0 created_leaves=0 deleted_leaves=0 mirror_mismatches=0
CARTOON_AMR_TRANSACTION cycle=1548 requested_refine=0 requested_derefine_leaves=8 accepted_derefine_parents=0 created_leaves=0 deleted_leaves=0 mirror_mismatches=0
elapsed=9.053180e-01 cycle=1548 time=9.672950e+00 dt=6.157788e-03
CARTOON_AMR_TRANSACTION cycle=1549 requested_refine=0 requested_derefine_leaves=8 accepted_derefine_parents=0 created_leaves=0 deleted_leaves=0 mirror_mismatches=0
CARTOON_AMR_TRANSACTION cycle=1550 requested_refine=0 requested_derefine_leaves=8 accepted_derefine_parents=0 created_leaves=0 deleted_leaves=0 mirror_mismatches=0
CARTOON_AMR_TRANSACTION cycle=1551 requested_refine=0 requested_derefine_leaves=8 accepted_derefine_parents=0 created_leaves=0 deleted_leaves=0 mirror_mismatches=0
CARTOON_AMR_TRANSACTION cycle=1552 requested_refine=0 requested_derefine_leaves=8 accepted_derefine_parents=0 created_leaves=0 deleted_leaves=0 mirror_mismatches=0
elapsed=1.016886e+00 cycle=1552 time=9.697574e+00 dt=6.152850e-03
CARTOON_AMR_TRANSACTION cycle=1553 requested_refine=0 requested_derefine_leaves=8 accepted_derefine_parents=0 created_leaves=0 deleted_leaves=0 mirror_mismatches=0
CARTOON_AMR_TRANSACTION cycle=1554 requested_refine=0 requested_derefine_leaves=8 accepted_derefine_parents=0 created_leaves=0 deleted_leaves=0 mirror_mismatches=0
CARTOON_AMR_TRANSACTION cycle=1555 requested_refine=0 requested_derefine_leaves=8 accepted_derefine_parents=0 created_leaves=0 deleted_leaves=0 mirror_mismatches=0
CARTOON_AMR_TRANSACTION cycle=1556 requested_refine=0 requested_derefine_leaves=8 accepted_derefine_parents=0 created_leaves=0 deleted_leaves=0 mirror_mismatches=0
elapsed=1.183681e+00 cycle=1556 time=9.722178e+00 dt=6.148184e-03
CARTOON_AMR_TRANSACTION cycle=1557 requested_refine=0 requested_derefine_leaves=8 accepted_derefine_parents=0 created_leaves=0 deleted_leaves=0 mirror_mismatches=0
CARTOON_AMR_TRANSACTION cycle=1558 requested_refine=0 requested_derefine_leaves=8 accepted_derefine_parents=0 created_leaves=0 deleted_leaves=0 mirror_mismatches=0
CARTOON_AMR_TRANSACTION cycle=1559 requested_refine=0 requested_derefine_leaves=8 accepted_derefine_parents=0 created_leaves=0 deleted_leaves=0 mirror_mismatches=0
CARTOON_AMR_TRANSACTION cycle=1560 requested_refine=0 requested_derefine_leaves=8 accepted_derefine_parents=0 created_leaves=0 deleted_leaves=0 mirror_mismatches=0
elapsed=1.268868e+00 cycle=1560 time=9.746764e+00 dt=6.143129e-03
CARTOON_AMR_TRANSACTION cycle=1561 requested_refine=0 requested_derefine_leaves=8 accepted_derefine_parents=0 created_leaves=0 deleted_leaves=0 mirror_mismatches=0
CARTOON_AMR_TRANSACTION cycle=1562 requested_refine=0 requested_derefine_leaves=8 accepted_derefine_parents=0 created_leaves=0 deleted_leaves=0 mirror_mismatches=0
CARTOON_AMR_TRANSACTION cycle=1563 requested_refine=0 requested_derefine_leaves=8 accepted_derefine_parents=0 created_leaves=0 deleted_leaves=0 mirror_mismatches=0
CARTOON_AMR_TRANSACTION cycle=1564 requested_refine=0 requested_derefine_leaves=8 accepted_derefine_parents=0 created_leaves=0 deleted_leaves=0 mirror_mismatches=0
elapsed=1.550035e+00 cycle=1564 time=9.771327e+00 dt=6.136984e-03
CARTOON_AMR_TRANSACTION cycle=1565 requested_refine=0 requested_derefine_leaves=8 accepted_derefine_parents=0 created_leaves=0 deleted_leaves=0 mirror_mismatches=0
CARTOON_AMR_TRANSACTION cycle=1566 requested_refine=0 requested_derefine_leaves=8 accepted_derefine_parents=0 created_leaves=0 deleted_leaves=0 mirror_mismatches=0
CARTOON_AMR_TRANSACTION cycle=1567 requested_refine=0 requested_derefine_leaves=8 accepted_derefine_parents=0 created_leaves=0 deleted_leaves=0 mirror_mismatches=0
CARTOON_AMR_TRANSACTION cycle=1568 requested_refine=0 requested_derefine_leaves=8 accepted_derefine_parents=0 created_leaves=0 deleted_leaves=0 mirror_mismatches=0
elapsed=1.674680e+00 cycle=1568 time=9.795866e+00 dt=6.131098e-03
CARTOON_AMR_TRANSACTION cycle=1569 requested_refine=0 requested_derefine_leaves=8 accepted_derefine_parents=0 created_leaves=0 deleted_leaves=0 mirror_mismatches=0
CARTOON_AMR_TRANSACTION cycle=1570 requested_refine=0 requested_derefine_leaves=8 accepted_derefine_parents=0 created_leaves=0 deleted_leaves=0 mirror_mismatches=0
CARTOON_AMR_TRANSACTION cycle=1571 requested_refine=0 requested_derefine_leaves=8 accepted_derefine_parents=0 created_leaves=0 deleted_leaves=0 mirror_mismatches=0
CARTOON_AMR_TRANSACTION cycle=1572 requested_refine=0 requested_derefine_leaves=8 accepted_derefine_parents=0 created_leaves=0 deleted_leaves=0 mirror_mismatches=0
elapsed=1.759813e+00 cycle=1572 time=9.820382e+00 dt=6.125473e-03
CARTOON_AMR_TRANSACTION cycle=1573 requested_refine=0 requested_derefine_leaves=8 accepted_derefine_parents=0 created_leaves=0 deleted_leaves=0 mirror_mismatches=0
CARTOON_AMR_TRANSACTION cycle=1574 requested_refine=0 requested_derefine_leaves=8 accepted_derefine_parents=0 created_leaves=0 deleted_leaves=0 mirror_mismatches=0
CARTOON_AMR_TRANSACTION cycle=1575 requested_refine=0 requested_derefine_leaves=8 accepted_derefine_parents=0 created_leaves=0 deleted_leaves=0 mirror_mismatches=0
CARTOON_AMR_TRANSACTION cycle=1576 requested_refine=0 requested_derefine_leaves=8 accepted_derefine_parents=0 created_leaves=0 deleted_leaves=0 mirror_mismatches=0
elapsed=1.845367e+00 cycle=1576 time=9.844876e+00 dt=6.120111e-03
CARTOON_AMR_TRANSACTION cycle=1577 requested_refine=0 requested_derefine_leaves=8 accepted_derefine_parents=0 created_leaves=0 deleted_leaves=0 mirror_mismatches=0
CARTOON_AMR_TRANSACTION cycle=1578 requested_refine=0 requested_derefine_leaves=8 accepted_derefine_parents=0 created_leaves=0 deleted_leaves=0 mirror_mismatches=0
CARTOON_AMR_TRANSACTION cycle=1579 requested_refine=0 requested_derefine_leaves=8 accepted_derefine_parents=0 created_leaves=0 deleted_leaves=0 mirror_mismatches=0
CARTOON_AMR_TRANSACTION cycle=1580 requested_refine=0 requested_derefine_leaves=8 accepted_derefine_parents=0 created_leaves=0 deleted_leaves=0 mirror_mismatches=0
elapsed=1.984238e+00 cycle=1580 time=9.869348e+00 dt=6.115014e-03
CARTOON_AMR_TRANSACTION cycle=1581 requested_refine=0 requested_derefine_leaves=8 accepted_derefine_parents=0 created_leaves=0 deleted_leaves=0 mirror_mismatches=0
CARTOON_AMR_TRANSACTION cycle=1582 requested_refine=0 requested_derefine_leaves=8 accepted_derefine_parents=0 created_leaves=0 deleted_leaves=0 mirror_mismatches=0
CARTOON_AMR_TRANSACTION cycle=1583 requested_refine=0 requested_derefine_leaves=8 accepted_derefine_parents=0 created_leaves=0 deleted_leaves=0 mirror_mismatches=0
CARTOON_AMR_TRANSACTION cycle=1584 requested_refine=0 requested_derefine_leaves=8 accepted_derefine_parents=0 created_leaves=0 deleted_leaves=0 mirror_mismatches=0
elapsed=2.126571e+00 cycle=1584 time=9.893801e+00 dt=6.110184e-03
CARTOON_AMR_TRANSACTION cycle=1585 requested_refine=0 requested_derefine_leaves=8 accepted_derefine_parents=0 created_leaves=0 deleted_leaves=0 mirror_mismatches=0
CARTOON_AMR_TRANSACTION cycle=1586 requested_refine=0 requested_derefine_leaves=8 accepted_derefine_parents=0 created_leaves=0 deleted_leaves=0 mirror_mismatches=0
CARTOON_AMR_TRANSACTION cycle=1587 requested_refine=0 requested_derefine_leaves=8 accepted_derefine_parents=0 created_leaves=0 deleted_leaves=0 mirror_mismatches=0
CARTOON_AMR_TRANSACTION cycle=1588 requested_refine=0 requested_derefine_leaves=8 accepted_derefine_parents=0 created_leaves=0 deleted_leaves=0 mirror_mismatches=0
elapsed=2.211674e+00 cycle=1588 time=9.918232e+00 dt=6.103645e-03
CARTOON_AMR_TRANSACTION cycle=1589 requested_refine=0 requested_derefine_leaves=8 accepted_derefine_parents=0 created_leaves=0 deleted_leaves=0 mirror_mismatches=0
CARTOON_AMR_TRANSACTION cycle=1590 requested_refine=0 requested_derefine_leaves=8 accepted_derefine_parents=0 created_leaves=0 deleted_leaves=0 mirror_mismatches=0
CARTOON_AMR_TRANSACTION cycle=1591 requested_refine=0 requested_derefine_leaves=8 accepted_derefine_parents=0 created_leaves=0 deleted_leaves=0 mirror_mismatches=0
CARTOON_AMR_TRANSACTION cycle=1592 requested_refine=0 requested_derefine_leaves=8 accepted_derefine_parents=0 created_leaves=0 deleted_leaves=0 mirror_mismatches=0
elapsed=2.298519e+00 cycle=1592 time=9.942637e+00 dt=6.097334e-03
CARTOON_AMR_TRANSACTION cycle=1593 requested_refine=0 requested_derefine_leaves=8 accepted_derefine_parents=0 created_leaves=0 deleted_leaves=0 mirror_mismatches=0
CARTOON_AMR_TRANSACTION cycle=1594 requested_refine=0 requested_derefine_leaves=8 accepted_derefine_parents=0 created_leaves=0 deleted_leaves=0 mirror_mismatches=0
CARTOON_AMR_TRANSACTION cycle=1595 requested_refine=0 requested_derefine_leaves=8 accepted_derefine_parents=0 created_leaves=0 deleted_leaves=0 mirror_mismatches=0
CARTOON_AMR_TRANSACTION cycle=1596 requested_refine=0 requested_derefine_leaves=8 accepted_derefine_parents=0 created_leaves=0 deleted_leaves=0 mirror_mismatches=0
elapsed=2.395113e+00 cycle=1596 time=9.967017e+00 dt=6.091277e-03
CARTOON_AMR_TRANSACTION cycle=1597 requested_refine=0 requested_derefine_leaves=8 accepted_derefine_parents=0 created_leaves=0 deleted_leaves=0 mirror_mismatches=0
CARTOON_AMR_TRANSACTION cycle=1598 requested_refine=0 requested_derefine_leaves=8 accepted_derefine_parents=0 created_leaves=0 deleted_leaves=0 mirror_mismatches=0
CARTOON_AMR_TRANSACTION cycle=1599 requested_refine=0 requested_derefine_leaves=8 accepted_derefine_parents=0 created_leaves=0 deleted_leaves=0 mirror_mismatches=0
CARTOON_AMR_TRANSACTION cycle=1600 requested_refine=0 requested_derefine_leaves=8 accepted_derefine_parents=0 created_leaves=0 deleted_leaves=0 mirror_mismatches=0
elapsed=2.580467e+00 cycle=1600 time=9.991373e+00 dt=6.085475e-03
CARTOON_AMR_TRANSACTION cycle=1601 requested_refine=0 requested_derefine_leaves=8 accepted_derefine_parents=0 created_leaves=0 deleted_leaves=0 mirror_mismatches=0
CARTOON_AMR_TRANSACTION cycle=1602 requested_refine=0 requested_derefine_leaves=8 accepted_derefine_parents=0 created_leaves=0 deleted_leaves=0 mirror_mismatches=0
CARTOON_AMR_TRANSACTION cycle=1603 requested_refine=0 requested_derefine_leaves=8 accepted_derefine_parents=0 created_leaves=0 deleted_leaves=0 mirror_mismatches=0
CARTOON_AMR_TRANSACTION cycle=1604 requested_refine=0 requested_derefine_leaves=8 accepted_derefine_parents=0 created_leaves=0 deleted_leaves=0 mirror_mismatches=0
elapsed=2.811138e+00 cycle=1604 time=1.001571e+01 dt=6.079930e-03
CARTOON_AMR_TRANSACTION cycle=1605 requested_refine=0 requested_derefine_leaves=8 accepted_derefine_parents=0 created_leaves=0 deleted_leaves=0 mirror_mismatches=0
CARTOON_AMR_TRANSACTION cycle=1606 requested_refine=0 requested_derefine_leaves=8 accepted_derefine_parents=0 created_leaves=0 deleted_leaves=0 mirror_mismatches=0
CARTOON_AMR_TRANSACTION cycle=1607 requested_refine=0 requested_derefine_leaves=8 accepted_derefine_parents=0 created_leaves=0 deleted_leaves=0 mirror_mismatches=0
CARTOON_AMR_TRANSACTION cycle=1608 requested_refine=0 requested_derefine_leaves=8 accepted_derefine_parents=0 created_leaves=0 deleted_leaves=0 mirror_mismatches=0
elapsed=3.000400e+00 cycle=1608 time=1.004002e+01 dt=6.074644e-03
CARTOON_AMR_TRANSACTION cycle=1609 requested_refine=0 requested_derefine_leaves=8 accepted_derefine_parents=0 created_leaves=0 deleted_leaves=0 mirror_mismatches=0
CARTOON_AMR_TRANSACTION cycle=1610 requested_refine=0 requested_derefine_leaves=8 accepted_derefine_parents=0 created_leaves=0 deleted_leaves=0 mirror_mismatches=0
CARTOON_AMR_TRANSACTION cycle=1611 requested_refine=0 requested_derefine_leaves=8 accepted_derefine_parents=0 created_leaves=0 deleted_leaves=0 mirror_mismatches=0
CARTOON_AMR_TRANSACTION cycle=1612 requested_refine=0 requested_derefine_leaves=8 accepted_derefine_parents=0 created_leaves=0 deleted_leaves=0 mirror_mismatches=0
elapsed=3.089510e+00 cycle=1612 time=1.006431e+01 dt=6.068280e-03
CARTOON_AMR_TRANSACTION cycle=1613 requested_refine=0 requested_derefine_leaves=8 accepted_derefine_parents=0 created_leaves=0 deleted_leaves=0 mirror_mismatches=0
CARTOON_AMR_TRANSACTION cycle=1614 requested_refine=0 requested_derefine_leaves=8 accepted_derefine_parents=0 created_leaves=0 deleted_leaves=0 mirror_mismatches=0
CARTOON_AMR_TRANSACTION cycle=1615 requested_refine=0 requested_derefine_leaves=8 accepted_derefine_parents=0 created_leaves=0 deleted_leaves=0 mirror_mismatches=0
CARTOON_AMR_TRANSACTION cycle=1616 requested_refine=0 requested_derefine_leaves=8 accepted_derefine_parents=0 created_leaves=0 deleted_leaves=0 mirror_mismatches=0
elapsed=3.186226e+00 cycle=1616 time=1.008857e+01 dt=6.061527e-03
CARTOON_AMR_TRANSACTION cycle=1617 requested_refine=0 requested_derefine_leaves=8 accepted_derefine_parents=0 created_leaves=0 deleted_leaves=0 mirror_mismatches=0
CARTOON_AMR_TRANSACTION cycle=1618 requested_refine=0 requested_derefine_leaves=8 accepted_derefine_parents=0 created_leaves=0 deleted_leaves=0 mirror_mismatches=0
CARTOON_AMR_TRANSACTION cycle=1619 requested_refine=0 requested_derefine_leaves=8 accepted_derefine_parents=0 created_leaves=0 deleted_leaves=0 mirror_mismatches=0
CARTOON_AMR_TRANSACTION cycle=1620 requested_refine=0 requested_derefine_leaves=8 accepted_derefine_parents=0 created_leaves=0 deleted_leaves=0 mirror_mismatches=0
elapsed=3.271759e+00 cycle=1620 time=1.011281e+01 dt=6.055020e-03
CARTOON_AMR_TRANSACTION cycle=1621 requested_refine=0 requested_derefine_leaves=8 accepted_derefine_parents=0 created_leaves=0 deleted_leaves=0 mirror_mismatches=0
CARTOON_AMR_TRANSACTION cycle=1622 requested_refine=0 requested_derefine_leaves=8 accepted_derefine_parents=0 created_leaves=0 deleted_leaves=0 mirror_mismatches=0
CARTOON_AMR_TRANSACTION cycle=1623 requested_refine=0 requested_derefine_leaves=8 accepted_derefine_parents=0 created_leaves=0 deleted_leaves=0 mirror_mismatches=0
CARTOON_AMR_TRANSACTION cycle=1624 requested_refine=0 requested_derefine_leaves=8 accepted_derefine_parents=0 created_leaves=0 deleted_leaves=0 mirror_mismatches=0
elapsed=3.437717e+00 cycle=1624 time=1.013702e+01 dt=6.048760e-03
CARTOON_AMR_TRANSACTION cycle=1625 requested_refine=0 requested_derefine_leaves=8 accepted_derefine_parents=0 created_leaves=0 deleted_leaves=0 mirror_mismatches=0
CARTOON_AMR_TRANSACTION cycle=1626 requested_refine=0 requested_derefine_leaves=8 accepted_derefine_parents=0 created_leaves=0 deleted_leaves=0 mirror_mismatches=0
CARTOON_AMR_TRANSACTION cycle=1627 requested_refine=0 requested_derefine_leaves=8 accepted_derefine_parents=0 created_leaves=0 deleted_leaves=0 mirror_mismatches=0
CARTOON_AMR_TRANSACTION cycle=1628 requested_refine=0 requested_derefine_leaves=8 accepted_derefine_parents=0 created_leaves=0 deleted_leaves=0 mirror_mismatches=0
elapsed=3.544652e+00 cycle=1628 time=1.016120e+01 dt=6.042749e-03
CARTOON_AMR_TRANSACTION cycle=1629 requested_refine=0 requested_derefine_leaves=8 accepted_derefine_parents=0 created_leaves=0 deleted_leaves=0 mirror_mismatches=0
CARTOON_AMR_TRANSACTION cycle=1630 requested_refine=0 requested_derefine_leaves=8 accepted_derefine_parents=0 created_leaves=0 deleted_leaves=0 mirror_mismatches=0
CARTOON_AMR_TRANSACTION cycle=1631 requested_refine=0 requested_derefine_leaves=8 accepted_derefine_parents=0 created_leaves=0 deleted_leaves=0 mirror_mismatches=0
CARTOON_AMR_TRANSACTION cycle=1632 requested_refine=0 requested_derefine_leaves=8 accepted_derefine_parents=0 created_leaves=0 deleted_leaves=0 mirror_mismatches=0
elapsed=3.630193e+00 cycle=1632 time=1.018537e+01 dt=6.036989e-03
CARTOON_AMR_TRANSACTION cycle=1633 requested_refine=0 requested_derefine_leaves=8 accepted_derefine_parents=0 created_leaves=0 deleted_leaves=0 mirror_mismatches=0
CARTOON_AMR_TRANSACTION cycle=1634 requested_refine=0 requested_derefine_leaves=8 accepted_derefine_parents=0 created_leaves=0 deleted_leaves=0 mirror_mismatches=0
CARTOON_AMR_TRANSACTION cycle=1635 requested_refine=0 requested_derefine_leaves=8 accepted_derefine_parents=0 created_leaves=0 deleted_leaves=0 mirror_mismatches=0
CARTOON_AMR_TRANSACTION cycle=1636 requested_refine=0 requested_derefine_leaves=8 accepted_derefine_parents=0 created_leaves=0 deleted_leaves=0 mirror_mismatches=0
elapsed=3.715656e+00 cycle=1636 time=1.020951e+01 dt=6.030679e-03
CARTOON_AMR_TRANSACTION cycle=1637 requested_refine=0 requested_derefine_leaves=8 accepted_derefine_parents=0 created_leaves=0 deleted_leaves=0 mirror_mismatches=0
CARTOON_AMR_TRANSACTION cycle=1638 requested_refine=0 requested_derefine_leaves=8 accepted_derefine_parents=0 created_leaves=0 deleted_leaves=0 mirror_mismatches=0
CARTOON_AMR_TRANSACTION cycle=1639 requested_refine=0 requested_derefine_leaves=8 accepted_derefine_parents=0 created_leaves=0 deleted_leaves=0 mirror_mismatches=0
CARTOON_AMR_TRANSACTION cycle=1640 requested_refine=0 requested_derefine_leaves=8 accepted_derefine_parents=0 created_leaves=0 deleted_leaves=0 mirror_mismatches=0
elapsed=3.845400e+00 cycle=1640 time=1.023362e+01 dt=6.023464e-03
CARTOON_AMR_TRANSACTION cycle=1641 requested_refine=0 requested_derefine_leaves=8 accepted_derefine_parents=0 created_leaves=0 deleted_leaves=0 mirror_mismatches=0
CARTOON_AMR_TRANSACTION cycle=1642 requested_refine=0 requested_derefine_leaves=8 accepted_derefine_parents=0 created_leaves=0 deleted_leaves=0 mirror_mismatches=0
CARTOON_AMR_TRANSACTION cycle=1643 requested_refine=0 requested_derefine_leaves=8 accepted_derefine_parents=0 created_leaves=0 deleted_leaves=0 mirror_mismatches=0
CARTOON_AMR_TRANSACTION cycle=1644 requested_refine=0 requested_derefine_leaves=8 accepted_derefine_parents=0 created_leaves=0 deleted_leaves=0 mirror_mismatches=0
elapsed=4.116913e+00 cycle=1644 time=1.025770e+01 dt=6.016488e-03
CARTOON_AMR_TRANSACTION cycle=1645 requested_refine=0 requested_derefine_leaves=8 accepted_derefine_parents=0 created_leaves=0 deleted_leaves=0 mirror_mismatches=0
CARTOON_AMR_TRANSACTION cycle=1646 requested_refine=0 requested_derefine_leaves=8 accepted_derefine_parents=0 created_leaves=0 deleted_leaves=0 mirror_mismatches=0
CARTOON_AMR_TRANSACTION cycle=1647 requested_refine=0 requested_derefine_leaves=8 accepted_derefine_parents=0 created_leaves=0 deleted_leaves=0 mirror_mismatches=0
CARTOON_AMR_TRANSACTION cycle=1648 requested_refine=0 requested_derefine_leaves=8 accepted_derefine_parents=0 created_leaves=0 deleted_leaves=0 mirror_mismatches=0
elapsed=4.202604e+00 cycle=1648 time=1.028176e+01 dt=6.009751e-03
CARTOON_AMR_TRANSACTION cycle=1649 requested_refine=0 requested_derefine_leaves=8 accepted_derefine_parents=0 created_leaves=0 deleted_leaves=0 mirror_mismatches=0
CARTOON_AMR_TRANSACTION cycle=1650 requested_refine=0 requested_derefine_leaves=8 accepted_derefine_parents=0 created_leaves=0 deleted_leaves=0 mirror_mismatches=0
CARTOON_AMR_TRANSACTION cycle=1651 requested_refine=0 requested_derefine_leaves=8 accepted_derefine_parents=0 created_leaves=0 deleted_leaves=0 mirror_mismatches=0
CARTOON_AMR_TRANSACTION cycle=1652 requested_refine=0 requested_derefine_leaves=8 accepted_derefine_parents=0 created_leaves=0 deleted_leaves=0 mirror_mismatches=0
elapsed=4.388200e+00 cycle=1652 time=1.030579e+01 dt=6.003255e-03
CARTOON_AMR_TRANSACTION cycle=1653 requested_refine=0 requested_derefine_leaves=8 accepted_derefine_parents=0 created_leaves=0 deleted_leaves=0 mirror_mismatches=0
CARTOON_AMR_TRANSACTION cycle=1654 requested_refine=0 requested_derefine_leaves=8 accepted_derefine_parents=0 created_leaves=0 deleted_leaves=0 mirror_mismatches=0
CARTOON_AMR_TRANSACTION cycle=1655 requested_refine=0 requested_derefine_leaves=8 accepted_derefine_parents=0 created_leaves=0 deleted_leaves=0 mirror_mismatches=0
CARTOON_AMR_TRANSACTION cycle=1656 requested_refine=0 requested_derefine_leaves=8 accepted_derefine_parents=0 created_leaves=0 deleted_leaves=0 mirror_mismatches=0
elapsed=4.487159e+00 cycle=1656 time=1.032979e+01 dt=5.997001e-03
CARTOON_AMR_TRANSACTION cycle=1657 requested_refine=0 requested_derefine_leaves=8 accepted_derefine_parents=0 created_leaves=0 deleted_leaves=0 mirror_mismatches=0
CARTOON_AMR_TRANSACTION cycle=1658 requested_refine=0 requested_derefine_leaves=8 accepted_derefine_parents=0 created_leaves=0 deleted_leaves=0 mirror_mismatches=0
CARTOON_AMR_TRANSACTION cycle=1659 requested_refine=0 requested_derefine_leaves=8 accepted_derefine_parents=0 created_leaves=0 deleted_leaves=0 mirror_mismatches=0
CARTOON_AMR_TRANSACTION cycle=1660 requested_refine=0 requested_derefine_leaves=6 accepted_derefine_parents=0 created_leaves=0 deleted_leaves=0 mirror_mismatches=0
elapsed=4.572190e+00 cycle=1660 time=1.035377e+01 dt=5.990587e-03
CARTOON_AMR_TRANSACTION cycle=1661 requested_refine=0 requested_derefine_leaves=5 accepted_derefine_parents=0 created_leaves=0 deleted_leaves=0 mirror_mismatches=0
CARTOON_AMR_TRANSACTION cycle=1662 requested_refine=0 requested_derefine_leaves=5 accepted_derefine_parents=0 created_leaves=0 deleted_leaves=0 mirror_mismatches=0
CARTOON_AMR_TRANSACTION cycle=1663 requested_refine=0 requested_derefine_leaves=5 accepted_derefine_parents=0 created_leaves=0 deleted_leaves=0 mirror_mismatches=0
CARTOON_AMR_TRANSACTION cycle=1664 requested_refine=0 requested_derefine_leaves=4 accepted_derefine_parents=0 created_leaves=0 deleted_leaves=0 mirror_mismatches=0
elapsed=4.659384e+00 cycle=1664 time=1.037772e+01 dt=5.982891e-03
CARTOON_AMR_TRANSACTION cycle=1665 requested_refine=0 requested_derefine_leaves=4 accepted_derefine_parents=0 created_leaves=0 deleted_leaves=0 mirror_mismatches=0
CARTOON_AMR_TRANSACTION cycle=1666 requested_refine=0 requested_derefine_leaves=4 accepted_derefine_parents=0 created_leaves=0 deleted_leaves=0 mirror_mismatches=0
CARTOON_AMR_TRANSACTION cycle=1667 requested_refine=0 requested_derefine_leaves=4 accepted_derefine_parents=0 created_leaves=0 deleted_leaves=0 mirror_mismatches=0
CARTOON_AMR_TRANSACTION cycle=1668 requested_refine=0 requested_derefine_leaves=4 accepted_derefine_parents=0 created_leaves=0 deleted_leaves=0 mirror_mismatches=0
elapsed=4.787635e+00 cycle=1668 time=1.040164e+01 dt=5.975425e-03
CARTOON_AMR_TRANSACTION cycle=1669 requested_refine=0 requested_derefine_leaves=4 accepted_derefine_parents=0 created_leaves=0 deleted_leaves=0 mirror_mismatches=0
CARTOON_AMR_TRANSACTION cycle=1670 requested_refine=0 requested_derefine_leaves=4 accepted_derefine_parents=0 created_leaves=0 deleted_leaves=0 mirror_mismatches=0
CARTOON_AMR_TRANSACTION cycle=1671 requested_refine=0 requested_derefine_leaves=4 accepted_derefine_parents=0 created_leaves=0 deleted_leaves=0 mirror_mismatches=0
CARTOON_AMR_TRANSACTION cycle=1672 requested_refine=0 requested_derefine_leaves=4 accepted_derefine_parents=0 created_leaves=0 deleted_leaves=0 mirror_mismatches=0
elapsed=4.937556e+00 cycle=1672 time=1.042553e+01 dt=5.968190e-03
CARTOON_AMR_TRANSACTION cycle=1673 requested_refine=0 requested_derefine_leaves=4 accepted_derefine_parents=0 created_leaves=0 deleted_leaves=0 mirror_mismatches=0
CARTOON_AMR_TRANSACTION cycle=1674 requested_refine=0 requested_derefine_leaves=4 accepted_derefine_parents=0 created_leaves=0 deleted_leaves=0 mirror_mismatches=0
CARTOON_AMR_TRANSACTION cycle=1675 requested_refine=0 requested_derefine_leaves=4 accepted_derefine_parents=0 created_leaves=0 deleted_leaves=0 mirror_mismatches=0
CARTOON_AMR_TRANSACTION cycle=1676 requested_refine=0 requested_derefine_leaves=4 accepted_derefine_parents=0 created_leaves=0 deleted_leaves=0 mirror_mismatches=0
elapsed=5.023094e+00 cycle=1676 time=1.044939e+01 dt=5.961188e-03
CARTOON_AMR_TRANSACTION cycle=1677 requested_refine=0 requested_derefine_leaves=4 accepted_derefine_parents=0 created_leaves=0 deleted_leaves=0 mirror_mismatches=0
CARTOON_AMR_TRANSACTION cycle=1678 requested_refine=0 requested_derefine_leaves=4 accepted_derefine_parents=0 created_leaves=0 deleted_leaves=0 mirror_mismatches=0
CARTOON_AMR_TRANSACTION cycle=1679 requested_refine=0 requested_derefine_leaves=4 accepted_derefine_parents=0 created_leaves=0 deleted_leaves=0 mirror_mismatches=0
CARTOON_AMR_TRANSACTION cycle=1680 requested_refine=0 requested_derefine_leaves=4 accepted_derefine_parents=0 created_leaves=0 deleted_leaves=0 mirror_mismatches=0
elapsed=5.108709e+00 cycle=1680 time=1.047323e+01 dt=5.954421e-03
CARTOON_AMR_TRANSACTION cycle=1681 requested_refine=0 requested_derefine_leaves=4 accepted_derefine_parents=0 created_leaves=0 deleted_leaves=0 mirror_mismatches=0
CARTOON_AMR_TRANSACTION cycle=1682 requested_refine=0 requested_derefine_leaves=4 accepted_derefine_parents=0 created_leaves=0 deleted_leaves=0 mirror_mismatches=0
CARTOON_AMR_TRANSACTION cycle=1683 requested_refine=0 requested_derefine_leaves=4 accepted_derefine_parents=0 created_leaves=0 deleted_leaves=0 mirror_mismatches=0
CARTOON_AMR_TRANSACTION cycle=1684 requested_refine=0 requested_derefine_leaves=4 accepted_derefine_parents=0 created_leaves=0 deleted_leaves=0 mirror_mismatches=0
elapsed=5.193878e+00 cycle=1684 time=1.049703e+01 dt=5.947703e-03
CARTOON_AMR_TRANSACTION cycle=1685 requested_refine=0 requested_derefine_leaves=4 accepted_derefine_parents=0 created_leaves=0 deleted_leaves=0 mirror_mismatches=0
CARTOON_AMR_TRANSACTION cycle=1686 requested_refine=0 requested_derefine_leaves=4 accepted_derefine_parents=0 created_leaves=0 deleted_leaves=0 mirror_mismatches=0
CARTOON_AMR_TRANSACTION cycle=1687 requested_refine=0 requested_derefine_leaves=4 accepted_derefine_parents=0 created_leaves=0 deleted_leaves=0 mirror_mismatches=0
CARTOON_AMR_TRANSACTION cycle=1688 requested_refine=0 requested_derefine_leaves=4 accepted_derefine_parents=0 created_leaves=0 deleted_leaves=0 mirror_mismatches=0
elapsed=5.473992e+00 cycle=1688 time=1.052081e+01 dt=5.939504e-03
CARTOON_AMR_TRANSACTION cycle=1689 requested_refine=0 requested_derefine_leaves=4 accepted_derefine_parents=0 created_leaves=0 deleted_leaves=0 mirror_mismatches=0
CARTOON_AMR_TRANSACTION cycle=1690 requested_refine=0 requested_derefine_leaves=4 accepted_derefine_parents=0 created_leaves=0 deleted_leaves=0 mirror_mismatches=0
CARTOON_AMR_TRANSACTION cycle=1691 requested_refine=0 requested_derefine_leaves=4 accepted_derefine_parents=0 created_leaves=0 deleted_leaves=0 mirror_mismatches=0
CARTOON_AMR_TRANSACTION cycle=1692 requested_refine=0 requested_derefine_leaves=4 accepted_derefine_parents=0 created_leaves=0 deleted_leaves=0 mirror_mismatches=0
elapsed=5.559430e+00 cycle=1692 time=1.054456e+01 dt=5.931527e-03
CARTOON_AMR_TRANSACTION cycle=1693 requested_refine=0 requested_derefine_leaves=4 accepted_derefine_parents=0 created_leaves=0 deleted_leaves=0 mirror_mismatches=0
CARTOON_AMR_TRANSACTION cycle=1694 requested_refine=0 requested_derefine_leaves=4 accepted_derefine_parents=0 created_leaves=0 deleted_leaves=0 mirror_mismatches=0
CARTOON_AMR_TRANSACTION cycle=1695 requested_refine=0 requested_derefine_leaves=4 accepted_derefine_parents=0 created_leaves=0 deleted_leaves=0 mirror_mismatches=0
CARTOON_AMR_TRANSACTION cycle=1696 requested_refine=0 requested_derefine_leaves=4 accepted_derefine_parents=0 created_leaves=0 deleted_leaves=0 mirror_mismatches=0
elapsed=5.644418e+00 cycle=1696 time=1.056827e+01 dt=5.923774e-03
CARTOON_AMR_TRANSACTION cycle=1697 requested_refine=0 requested_derefine_leaves=4 accepted_derefine_parents=0 created_leaves=0 deleted_leaves=0 mirror_mismatches=0
CARTOON_AMR_TRANSACTION cycle=1698 requested_refine=0 requested_derefine_leaves=4 accepted_derefine_parents=0 created_leaves=0 deleted_leaves=0 mirror_mismatches=0
CARTOON_AMR_TRANSACTION cycle=1699 requested_refine=0 requested_derefine_leaves=4 accepted_derefine_parents=0 created_leaves=0 deleted_leaves=0 mirror_mismatches=0
CARTOON_AMR_TRANSACTION cycle=1700 requested_refine=0 requested_derefine_leaves=4 accepted_derefine_parents=0 created_leaves=0 deleted_leaves=0 mirror_mismatches=0
elapsed=5.831691e+00 cycle=1700 time=1.059196e+01 dt=5.916245e-03
CARTOON_AMR_TRANSACTION cycle=1701 requested_refine=0 requested_derefine_leaves=4 accepted_derefine_parents=0 created_leaves=0 deleted_leaves=0 mirror_mismatches=0
CARTOON_AMR_TRANSACTION cycle=1702 requested_refine=0 requested_derefine_leaves=4 accepted_derefine_parents=0 created_leaves=0 deleted_leaves=0 mirror_mismatches=0
CARTOON_AMR_TRANSACTION cycle=1703 requested_refine=0 requested_derefine_leaves=4 accepted_derefine_parents=0 created_leaves=0 deleted_leaves=0 mirror_mismatches=0
CARTOON_AMR_TRANSACTION cycle=1704 requested_refine=0 requested_derefine_leaves=4 accepted_derefine_parents=0 created_leaves=0 deleted_leaves=0 mirror_mismatches=0
elapsed=5.917474e+00 cycle=1704 time=1.061561e+01 dt=5.908941e-03
CARTOON_AMR_TRANSACTION cycle=1705 requested_refine=0 requested_derefine_leaves=4 accepted_derefine_parents=0 created_leaves=0 deleted_leaves=0 mirror_mismatches=0
CARTOON_AMR_TRANSACTION cycle=1706 requested_refine=0 requested_derefine_leaves=4 accepted_derefine_parents=0 created_leaves=0 deleted_leaves=0 mirror_mismatches=0
CARTOON_AMR_TRANSACTION cycle=1707 requested_refine=0 requested_derefine_leaves=4 accepted_derefine_parents=0 created_leaves=0 deleted_leaves=0 mirror_mismatches=0
CARTOON_AMR_TRANSACTION cycle=1708 requested_refine=0 requested_derefine_leaves=4 accepted_derefine_parents=0 created_leaves=0 deleted_leaves=0 mirror_mismatches=0
elapsed=6.003042e+00 cycle=1708 time=1.063924e+01 dt=5.901675e-03
CARTOON_AMR_TRANSACTION cycle=1709 requested_refine=0 requested_derefine_leaves=4 accepted_derefine_parents=0 created_leaves=0 deleted_leaves=0 mirror_mismatches=0
CARTOON_AMR_TRANSACTION cycle=1710 requested_refine=0 requested_derefine_leaves=4 accepted_derefine_parents=0 created_leaves=0 deleted_leaves=0 mirror_mismatches=0
CARTOON_AMR_TRANSACTION cycle=1711 requested_refine=0 requested_derefine_leaves=4 accepted_derefine_parents=0 created_leaves=0 deleted_leaves=0 mirror_mismatches=0
CARTOON_AMR_TRANSACTION cycle=1712 requested_refine=0 requested_derefine_leaves=4 accepted_derefine_parents=0 created_leaves=0 deleted_leaves=0 mirror_mismatches=0
elapsed=6.088171e+00 cycle=1712 time=1.066283e+01 dt=5.892951e-03
CARTOON_AMR_TRANSACTION cycle=1713 requested_refine=0 requested_derefine_leaves=4 accepted_derefine_parents=0 created_leaves=0 deleted_leaves=0 mirror_mismatches=0
CARTOON_AMR_TRANSACTION cycle=1714 requested_refine=0 requested_derefine_leaves=4 accepted_derefine_parents=0 created_leaves=0 deleted_leaves=0 mirror_mismatches=0
CARTOON_AMR_TRANSACTION cycle=1715 requested_refine=0 requested_derefine_leaves=4 accepted_derefine_parents=0 created_leaves=0 deleted_leaves=0 mirror_mismatches=0
CARTOON_AMR_TRANSACTION cycle=1716 requested_refine=0 requested_derefine_leaves=4 accepted_derefine_parents=0 created_leaves=0 deleted_leaves=0 mirror_mismatches=0
elapsed=6.264594e+00 cycle=1716 time=1.068639e+01 dt=5.884441e-03
CARTOON_AMR_TRANSACTION cycle=1717 requested_refine=0 requested_derefine_leaves=4 accepted_derefine_parents=0 created_leaves=0 deleted_leaves=0 mirror_mismatches=0
CARTOON_AMR_TRANSACTION cycle=1718 requested_refine=0 requested_derefine_leaves=4 accepted_derefine_parents=0 created_leaves=0 deleted_leaves=0 mirror_mismatches=0
CARTOON_AMR_TRANSACTION cycle=1719 requested_refine=0 requested_derefine_leaves=4 accepted_derefine_parents=0 created_leaves=0 deleted_leaves=0 mirror_mismatches=0
CARTOON_AMR_TRANSACTION cycle=1720 requested_refine=0 requested_derefine_leaves=4 accepted_derefine_parents=0 created_leaves=0 deleted_leaves=0 mirror_mismatches=0
elapsed=6.359710e+00 cycle=1720 time=1.070991e+01 dt=5.876146e-03
CARTOON_AMR_TRANSACTION cycle=1721 requested_refine=0 requested_derefine_leaves=4 accepted_derefine_parents=0 created_leaves=0 deleted_leaves=0 mirror_mismatches=0
CARTOON_AMR_TRANSACTION cycle=1722 requested_refine=0 requested_derefine_leaves=4 accepted_derefine_parents=0 created_leaves=0 deleted_leaves=0 mirror_mismatches=0
CARTOON_AMR_TRANSACTION cycle=1723 requested_refine=0 requested_derefine_leaves=4 accepted_derefine_parents=0 created_leaves=0 deleted_leaves=0 mirror_mismatches=0
CARTOON_AMR_TRANSACTION cycle=1724 requested_refine=0 requested_derefine_leaves=4 accepted_derefine_parents=0 created_leaves=0 deleted_leaves=0 mirror_mismatches=0
elapsed=6.444989e+00 cycle=1724 time=1.073341e+01 dt=5.868068e-03
CARTOON_AMR_TRANSACTION cycle=1725 requested_refine=0 requested_derefine_leaves=4 accepted_derefine_parents=0 created_leaves=0 deleted_leaves=0 mirror_mismatches=0
CARTOON_AMR_TRANSACTION cycle=1726 requested_refine=0 requested_derefine_leaves=4 accepted_derefine_parents=0 created_leaves=0 deleted_leaves=0 mirror_mismatches=0
CARTOON_AMR_TRANSACTION cycle=1727 requested_refine=0 requested_derefine_leaves=4 accepted_derefine_parents=0 created_leaves=0 deleted_leaves=0 mirror_mismatches=0
CARTOON_AMR_TRANSACTION cycle=1728 requested_refine=0 requested_derefine_leaves=4 accepted_derefine_parents=0 created_leaves=0 deleted_leaves=0 mirror_mismatches=0
elapsed=6.681436e+00 cycle=1728 time=1.075687e+01 dt=5.860207e-03
CARTOON_AMR_TRANSACTION cycle=1729 requested_refine=0 requested_derefine_leaves=4 accepted_derefine_parents=0 created_leaves=0 deleted_leaves=0 mirror_mismatches=0
CARTOON_AMR_TRANSACTION cycle=1730 requested_refine=0 requested_derefine_leaves=4 accepted_derefine_parents=0 created_leaves=0 deleted_leaves=0 mirror_mismatches=0
CARTOON_AMR_TRANSACTION cycle=1731 requested_refine=0 requested_derefine_leaves=4 accepted_derefine_parents=0 created_leaves=0 deleted_leaves=0 mirror_mismatches=0
CARTOON_AMR_TRANSACTION cycle=1732 requested_refine=0 requested_derefine_leaves=4 accepted_derefine_parents=0 created_leaves=0 deleted_leaves=0 mirror_mismatches=0
elapsed=6.818635e+00 cycle=1732 time=1.078030e+01 dt=5.852094e-03
CARTOON_AMR_TRANSACTION cycle=1733 requested_refine=0 requested_derefine_leaves=4 accepted_derefine_parents=0 created_leaves=0 deleted_leaves=0 mirror_mismatches=0
CARTOON_AMR_TRANSACTION cycle=1734 requested_refine=0 requested_derefine_leaves=4 accepted_derefine_parents=0 created_leaves=0 deleted_leaves=0 mirror_mismatches=0
CARTOON_AMR_TRANSACTION cycle=1735 requested_refine=0 requested_derefine_leaves=4 accepted_derefine_parents=0 created_leaves=0 deleted_leaves=0 mirror_mismatches=0
CARTOON_AMR_TRANSACTION cycle=1736 requested_refine=0 requested_derefine_leaves=4 accepted_derefine_parents=0 created_leaves=0 deleted_leaves=0 mirror_mismatches=0
elapsed=6.906191e+00 cycle=1736 time=1.080369e+01 dt=5.842824e-03
CARTOON_AMR_TRANSACTION cycle=1737 requested_refine=0 requested_derefine_leaves=4 accepted_derefine_parents=0 created_leaves=0 deleted_leaves=0 mirror_mismatches=0
CARTOON_AMR_TRANSACTION cycle=1738 requested_refine=0 requested_derefine_leaves=4 accepted_derefine_parents=0 created_leaves=0 deleted_leaves=0 mirror_mismatches=0
CARTOON_AMR_TRANSACTION cycle=1739 requested_refine=0 requested_derefine_leaves=4 accepted_derefine_parents=0 created_leaves=0 deleted_leaves=0 mirror_mismatches=0
CARTOON_AMR_TRANSACTION cycle=1740 requested_refine=0 requested_derefine_leaves=4 accepted_derefine_parents=0 created_leaves=0 deleted_leaves=0 mirror_mismatches=0
elapsed=6.991172e+00 cycle=1740 time=1.082705e+01 dt=5.833759e-03
CARTOON_AMR_TRANSACTION cycle=1741 requested_refine=0 requested_derefine_leaves=4 accepted_derefine_parents=0 created_leaves=0 deleted_leaves=0 mirror_mismatches=0
CARTOON_AMR_TRANSACTION cycle=1742 requested_refine=0 requested_derefine_leaves=4 accepted_derefine_parents=0 created_leaves=0 deleted_leaves=0 mirror_mismatches=0
CARTOON_AMR_TRANSACTION cycle=1743 requested_refine=0 requested_derefine_leaves=4 accepted_derefine_parents=0 created_leaves=0 deleted_leaves=0 mirror_mismatches=0
CARTOON_AMR_TRANSACTION cycle=1744 requested_refine=0 requested_derefine_leaves=4 accepted_derefine_parents=0 created_leaves=0 deleted_leaves=0 mirror_mismatches=0
elapsed=7.095052e+00 cycle=1744 time=1.085037e+01 dt=5.824902e-03
CARTOON_AMR_TRANSACTION cycle=1745 requested_refine=0 requested_derefine_leaves=4 accepted_derefine_parents=0 created_leaves=0 deleted_leaves=0 mirror_mismatches=0
CARTOON_AMR_TRANSACTION cycle=1746 requested_refine=0 requested_derefine_leaves=4 accepted_derefine_parents=0 created_leaves=0 deleted_leaves=0 mirror_mismatches=0
CARTOON_AMR_TRANSACTION cycle=1747 requested_refine=0 requested_derefine_leaves=4 accepted_derefine_parents=0 created_leaves=0 deleted_leaves=0 mirror_mismatches=0
CARTOON_AMR_TRANSACTION cycle=1748 requested_refine=0 requested_derefine_leaves=4 accepted_derefine_parents=0 created_leaves=0 deleted_leaves=0 mirror_mismatches=0
elapsed=7.267735e+00 cycle=1748 time=1.087366e+01 dt=5.816252e-03
CARTOON_AMR_TRANSACTION cycle=1749 requested_refine=0 requested_derefine_leaves=4 accepted_derefine_parents=0 created_leaves=0 deleted_leaves=0 mirror_mismatches=0
CARTOON_AMR_TRANSACTION cycle=1750 requested_refine=0 requested_derefine_leaves=4 accepted_derefine_parents=0 created_leaves=0 deleted_leaves=0 mirror_mismatches=0
CARTOON_AMR_TRANSACTION cycle=1751 requested_refine=0 requested_derefine_leaves=4 accepted_derefine_parents=0 created_leaves=0 deleted_leaves=0 mirror_mismatches=0
CARTOON_AMR_TRANSACTION cycle=1752 requested_refine=0 requested_derefine_leaves=4 accepted_derefine_parents=0 created_leaves=0 deleted_leaves=0 mirror_mismatches=0
elapsed=7.352445e+00 cycle=1752 time=1.089691e+01 dt=5.807813e-03
CARTOON_AMR_TRANSACTION cycle=1753 requested_refine=0 requested_derefine_leaves=4 accepted_derefine_parents=0 created_leaves=0 deleted_leaves=0 mirror_mismatches=0
CARTOON_AMR_TRANSACTION cycle=1754 requested_refine=0 requested_derefine_leaves=4 accepted_derefine_parents=0 created_leaves=0 deleted_leaves=0 mirror_mismatches=0
CARTOON_AMR_TRANSACTION cycle=1755 requested_refine=0 requested_derefine_leaves=4 accepted_derefine_parents=0 created_leaves=0 deleted_leaves=0 mirror_mismatches=0
CARTOON_AMR_TRANSACTION cycle=1756 requested_refine=0 requested_derefine_leaves=4 accepted_derefine_parents=0 created_leaves=0 deleted_leaves=0 mirror_mismatches=0
elapsed=7.438383e+00 cycle=1756 time=1.092013e+01 dt=5.798507e-03
CARTOON_AMR_TRANSACTION cycle=1757 requested_refine=0 requested_derefine_leaves=4 accepted_derefine_parents=0 created_leaves=0 deleted_leaves=0 mirror_mismatches=0
CARTOON_AMR_TRANSACTION cycle=1758 requested_refine=0 requested_derefine_leaves=4 accepted_derefine_parents=0 created_leaves=0 deleted_leaves=0 mirror_mismatches=0
CARTOON_AMR_TRANSACTION cycle=1759 requested_refine=0 requested_derefine_leaves=4 accepted_derefine_parents=0 created_leaves=0 deleted_leaves=0 mirror_mismatches=0
CARTOON_AMR_TRANSACTION cycle=1760 requested_refine=0 requested_derefine_leaves=4 accepted_derefine_parents=0 created_leaves=0 deleted_leaves=0 mirror_mismatches=0
elapsed=7.525322e+00 cycle=1760 time=1.094331e+01 dt=5.788670e-03
CARTOON_AMR_TRANSACTION cycle=1761 requested_refine=0 requested_derefine_leaves=4 accepted_derefine_parents=0 created_leaves=0 deleted_leaves=0 mirror_mismatches=0
CARTOON_AMR_TRANSACTION cycle=1762 requested_refine=0 requested_derefine_leaves=4 accepted_derefine_parents=0 created_leaves=0 deleted_leaves=0 mirror_mismatches=0
CARTOON_AMR_TRANSACTION cycle=1763 requested_refine=0 requested_derefine_leaves=4 accepted_derefine_parents=0 created_leaves=0 deleted_leaves=0 mirror_mismatches=0
CARTOON_AMR_TRANSACTION cycle=1764 requested_refine=0 requested_derefine_leaves=4 accepted_derefine_parents=0 created_leaves=0 deleted_leaves=0 mirror_mismatches=0
elapsed=7.713757e+00 cycle=1764 time=1.096645e+01 dt=5.779031e-03
CARTOON_AMR_TRANSACTION cycle=1765 requested_refine=0 requested_derefine_leaves=4 accepted_derefine_parents=0 created_leaves=0 deleted_leaves=0 mirror_mismatches=0
CARTOON_AMR_TRANSACTION cycle=1766 requested_refine=0 requested_derefine_leaves=4 accepted_derefine_parents=0 created_leaves=0 deleted_leaves=0 mirror_mismatches=0
CARTOON_AMR_TRANSACTION cycle=1767 requested_refine=0 requested_derefine_leaves=4 accepted_derefine_parents=0 created_leaves=0 deleted_leaves=0 mirror_mismatches=0
CARTOON_AMR_TRANSACTION cycle=1768 requested_refine=0 requested_derefine_leaves=4 accepted_derefine_parents=0 created_leaves=0 deleted_leaves=0 mirror_mismatches=0
elapsed=7.802455e+00 cycle=1768 time=1.098955e+01 dt=5.769591e-03
CARTOON_AMR_TRANSACTION cycle=1769 requested_refine=0 requested_derefine_leaves=4 accepted_derefine_parents=0 created_leaves=0 deleted_leaves=0 mirror_mismatches=0
CARTOON_AMR_TRANSACTION cycle=1770 requested_refine=0 requested_derefine_leaves=4 accepted_derefine_parents=0 created_leaves=0 deleted_leaves=0 mirror_mismatches=0
CARTOON_AMR_TRANSACTION cycle=1771 requested_refine=0 requested_derefine_leaves=4 accepted_derefine_parents=0 created_leaves=0 deleted_leaves=0 mirror_mismatches=0
CARTOON_AMR_TRANSACTION cycle=1772 requested_refine=0 requested_derefine_leaves=4 accepted_derefine_parents=0 created_leaves=0 deleted_leaves=0 mirror_mismatches=0
elapsed=8.113210e+00 cycle=1772 time=1.101261e+01 dt=5.760351e-03
CARTOON_AMR_TRANSACTION cycle=1773 requested_refine=0 requested_derefine_leaves=4 accepted_derefine_parents=0 created_leaves=0 deleted_leaves=0 mirror_mismatches=0
CARTOON_AMR_TRANSACTION cycle=1774 requested_refine=0 requested_derefine_leaves=4 accepted_derefine_parents=0 created_leaves=0 deleted_leaves=0 mirror_mismatches=0
CARTOON_AMR_TRANSACTION cycle=1775 requested_refine=0 requested_derefine_leaves=4 accepted_derefine_parents=0 created_leaves=0 deleted_leaves=0 mirror_mismatches=0
CARTOON_AMR_TRANSACTION cycle=1776 requested_refine=0 requested_derefine_leaves=4 accepted_derefine_parents=0 created_leaves=0 deleted_leaves=0 mirror_mismatches=0
elapsed=8.230426e+00 cycle=1776 time=1.103564e+01 dt=5.751041e-03
CARTOON_AMR_TRANSACTION cycle=1777 requested_refine=0 requested_derefine_leaves=4 accepted_derefine_parents=0 created_leaves=0 deleted_leaves=0 mirror_mismatches=0
CARTOON_AMR_TRANSACTION cycle=1778 requested_refine=0 requested_derefine_leaves=4 accepted_derefine_parents=0 created_leaves=0 deleted_leaves=0 mirror_mismatches=0
CARTOON_AMR_TRANSACTION cycle=1779 requested_refine=0 requested_derefine_leaves=4 accepted_derefine_parents=0 created_leaves=0 deleted_leaves=0 mirror_mismatches=0
CARTOON_AMR_TRANSACTION cycle=1780 requested_refine=0 requested_derefine_leaves=4 accepted_derefine_parents=0 created_leaves=0 deleted_leaves=0 mirror_mismatches=0
elapsed=8.316111e+00 cycle=1780 time=1.105863e+01 dt=5.740429e-03
CARTOON_AMR_TRANSACTION cycle=1781 requested_refine=0 requested_derefine_leaves=4 accepted_derefine_parents=0 created_leaves=0 deleted_leaves=0 mirror_mismatches=0
CARTOON_AMR_TRANSACTION cycle=1782 requested_refine=0 requested_derefine_leaves=4 accepted_derefine_parents=0 created_leaves=0 deleted_leaves=0 mirror_mismatches=0
CARTOON_AMR_TRANSACTION cycle=1783 requested_refine=0 requested_derefine_leaves=4 accepted_derefine_parents=0 created_leaves=0 deleted_leaves=0 mirror_mismatches=0
CARTOON_AMR_TRANSACTION cycle=1784 requested_refine=0 requested_derefine_leaves=4 accepted_derefine_parents=0 created_leaves=0 deleted_leaves=0 mirror_mismatches=0
elapsed=8.404367e+00 cycle=1784 time=1.108157e+01 dt=5.730009e-03
CARTOON_AMR_TRANSACTION cycle=1785 requested_refine=0 requested_derefine_leaves=4 accepted_derefine_parents=0 created_leaves=0 deleted_leaves=0 mirror_mismatches=0
CARTOON_AMR_TRANSACTION cycle=1786 requested_refine=0 requested_derefine_leaves=4 accepted_derefine_parents=0 created_leaves=0 deleted_leaves=0 mirror_mismatches=0
CARTOON_AMR_TRANSACTION cycle=1787 requested_refine=0 requested_derefine_leaves=4 accepted_derefine_parents=0 created_leaves=0 deleted_leaves=0 mirror_mismatches=0
CARTOON_AMR_TRANSACTION cycle=1788 requested_refine=1 requested_derefine_leaves=4 accepted_derefine_parents=0 created_leaves=3 deleted_leaves=0 mirror_mismatches=0
AMR_HISTORY_RECORD event=4 time_hex=0x1.6357e48050b45p+3 cycle=1788 leaves=47 max_level=5 checksum=08c43860c3951aa2
elapsed=8.552990e+00 cycle=1788 time=1.110448e+01 dt=3.787966e-03
CARTOON_AMR_TRANSACTION cycle=1789 requested_refine=0 requested_derefine_leaves=6 accepted_derefine_parents=0 created_leaves=0 deleted_leaves=0 mirror_mismatches=0
CARTOON_AMR_TRANSACTION cycle=1790 requested_refine=0 requested_derefine_leaves=6 accepted_derefine_parents=0 created_leaves=0 deleted_leaves=0 mirror_mismatches=0
CARTOON_AMR_TRANSACTION cycle=1791 requested_refine=0 requested_derefine_leaves=6 accepted_derefine_parents=0 created_leaves=0 deleted_leaves=0 mirror_mismatches=0
CARTOON_AMR_TRANSACTION cycle=1792 requested_refine=0 requested_derefine_leaves=6 accepted_derefine_parents=0 created_leaves=0 deleted_leaves=0 mirror_mismatches=0
elapsed=8.691074e+00 cycle=1792 time=1.111962e+01 dt=3.782414e-03
CARTOON_AMR_TRANSACTION cycle=1793 requested_refine=0 requested_derefine_leaves=6 accepted_derefine_parents=0 created_leaves=0 deleted_leaves=0 mirror_mismatches=0
CARTOON_AMR_TRANSACTION cycle=1794 requested_refine=0 requested_derefine_leaves=6 accepted_derefine_parents=0 created_leaves=0 deleted_leaves=0 mirror_mismatches=0
CARTOON_AMR_TRANSACTION cycle=1795 requested_refine=0 requested_derefine_leaves=6 accepted_derefine_parents=0 created_leaves=0 deleted_leaves=0 mirror_mismatches=0
CARTOON_AMR_TRANSACTION cycle=1796 requested_refine=0 requested_derefine_leaves=6 accepted_derefine_parents=0 created_leaves=0 deleted_leaves=0 mirror_mismatches=0
elapsed=8.778345e+00 cycle=1796 time=1.113475e+01 dt=3.781031e-03
CARTOON_AMR_TRANSACTION cycle=1797 requested_refine=0 requested_derefine_leaves=6 accepted_derefine_parents=0 created_leaves=0 deleted_leaves=0 mirror_mismatches=0
CARTOON_AMR_TRANSACTION cycle=1798 requested_refine=0 requested_derefine_leaves=6 accepted_derefine_parents=0 created_leaves=0 deleted_leaves=0 mirror_mismatches=0
CARTOON_AMR_TRANSACTION cycle=1799 requested_refine=0 requested_derefine_leaves=6 accepted_derefine_parents=0 created_leaves=0 deleted_leaves=0 mirror_mismatches=0
CARTOON_AMR_TRANSACTION cycle=1800 requested_refine=0 requested_derefine_leaves=6 accepted_derefine_parents=0 created_leaves=0 deleted_leaves=0 mirror_mismatches=0
elapsed=8.865095e+00 cycle=1800 time=1.114987e+01 dt=3.781002e-03
CARTOON_AMR_TRANSACTION cycle=1801 requested_refine=0 requested_derefine_leaves=6 accepted_derefine_parents=0 created_leaves=0 deleted_leaves=0 mirror_mismatches=0
CARTOON_AMR_TRANSACTION cycle=1802 requested_refine=0 requested_derefine_leaves=6 accepted_derefine_parents=0 created_leaves=0 deleted_leaves=0 mirror_mismatches=0
CARTOON_AMR_TRANSACTION cycle=1803 requested_refine=0 requested_derefine_leaves=6 accepted_derefine_parents=0 created_leaves=0 deleted_leaves=0 mirror_mismatches=0
CARTOON_AMR_TRANSACTION cycle=1804 requested_refine=0 requested_derefine_leaves=6 accepted_derefine_parents=0 created_leaves=0 deleted_leaves=0 mirror_mismatches=0
elapsed=8.985839e+00 cycle=1804 time=1.116498e+01 dt=3.764670e-03
CARTOON_AMR_TRANSACTION cycle=1805 requested_refine=0 requested_derefine_leaves=6 accepted_derefine_parents=0 created_leaves=0 deleted_leaves=0 mirror_mismatches=0
CARTOON_AMR_TRANSACTION cycle=1806 requested_refine=0 requested_derefine_leaves=6 accepted_derefine_parents=0 created_leaves=0 deleted_leaves=0 mirror_mismatches=0
CARTOON_AMR_TRANSACTION cycle=1807 requested_refine=0 requested_derefine_leaves=6 accepted_derefine_parents=0 created_leaves=0 deleted_leaves=0 mirror_mismatches=0
CARTOON_AMR_TRANSACTION cycle=1808 requested_refine=0 requested_derefine_leaves=6 accepted_derefine_parents=0 created_leaves=0 deleted_leaves=0 mirror_mismatches=0
elapsed=9.141503e+00 cycle=1808 time=1.118001e+01 dt=3.747914e-03
CARTOON_AMR_TRANSACTION cycle=1809 requested_refine=0 requested_derefine_leaves=6 accepted_derefine_parents=0 created_leaves=0 deleted_leaves=0 mirror_mismatches=0
CARTOON_AMR_TRANSACTION cycle=1810 requested_refine=0 requested_derefine_leaves=6 accepted_derefine_parents=0 created_leaves=0 deleted_leaves=0 mirror_mismatches=0
CARTOON_AMR_TRANSACTION cycle=1811 requested_refine=0 requested_derefine_leaves=6 accepted_derefine_parents=0 created_leaves=0 deleted_leaves=0 mirror_mismatches=0
CARTOON_AMR_TRANSACTION cycle=1812 requested_refine=0 requested_derefine_leaves=6 accepted_derefine_parents=0 created_leaves=0 deleted_leaves=0 mirror_mismatches=0
elapsed=9.231340e+00 cycle=1812 time=1.119498e+01 dt=3.735770e-03
CARTOON_AMR_TRANSACTION cycle=1813 requested_refine=0 requested_derefine_leaves=6 accepted_derefine_parents=0 created_leaves=0 deleted_leaves=0 mirror_mismatches=0
CARTOON_AMR_TRANSACTION cycle=1814 requested_refine=0 requested_derefine_leaves=6 accepted_derefine_parents=0 created_leaves=0 deleted_leaves=0 mirror_mismatches=0
CARTOON_AMR_TRANSACTION cycle=1815 requested_refine=0 requested_derefine_leaves=6 accepted_derefine_parents=0 created_leaves=0 deleted_leaves=0 mirror_mismatches=0
CARTOON_AMR_TRANSACTION cycle=1816 requested_refine=0 requested_derefine_leaves=6 accepted_derefine_parents=0 created_leaves=0 deleted_leaves=0 mirror_mismatches=0
elapsed=9.425698e+00 cycle=1816 time=1.120991e+01 dt=3.726877e-03
CARTOON_AMR_TRANSACTION cycle=1817 requested_refine=0 requested_derefine_leaves=6 accepted_derefine_parents=0 created_leaves=0 deleted_leaves=0 mirror_mismatches=0
CARTOON_AMR_TRANSACTION cycle=1818 requested_refine=0 requested_derefine_leaves=6 accepted_derefine_parents=0 created_leaves=0 deleted_leaves=0 mirror_mismatches=0
CARTOON_AMR_TRANSACTION cycle=1819 requested_refine=0 requested_derefine_leaves=6 accepted_derefine_parents=0 created_leaves=0 deleted_leaves=0 mirror_mismatches=0
CARTOON_AMR_TRANSACTION cycle=1820 requested_refine=0 requested_derefine_leaves=6 accepted_derefine_parents=0 created_leaves=0 deleted_leaves=0 mirror_mismatches=0
elapsed=9.512382e+00 cycle=1820 time=1.122480e+01 dt=3.719378e-03
CARTOON_AMR_TRANSACTION cycle=1821 requested_refine=0 requested_derefine_leaves=6 accepted_derefine_parents=0 created_leaves=0 deleted_leaves=0 mirror_mismatches=0
CARTOON_AMR_TRANSACTION cycle=1822 requested_refine=0 requested_derefine_leaves=6 accepted_derefine_parents=0 created_leaves=0 deleted_leaves=0 mirror_mismatches=0
CARTOON_AMR_TRANSACTION cycle=1823 requested_refine=0 requested_derefine_leaves=6 accepted_derefine_parents=0 created_leaves=0 deleted_leaves=0 mirror_mismatches=0
CARTOON_AMR_TRANSACTION cycle=1824 requested_refine=0 requested_derefine_leaves=6 accepted_derefine_parents=0 created_leaves=0 deleted_leaves=0 mirror_mismatches=0
elapsed=9.599402e+00 cycle=1824 time=1.123967e+01 dt=3.713731e-03
CARTOON_AMR_TRANSACTION cycle=1825 requested_refine=0 requested_derefine_leaves=6 accepted_derefine_parents=0 created_leaves=0 deleted_leaves=0 mirror_mismatches=0
CARTOON_AMR_TRANSACTION cycle=1826 requested_refine=0 requested_derefine_leaves=6 accepted_derefine_parents=0 created_leaves=0 deleted_leaves=0 mirror_mismatches=0
CARTOON_AMR_TRANSACTION cycle=1827 requested_refine=0 requested_derefine_leaves=6 accepted_derefine_parents=0 created_leaves=0 deleted_leaves=0 mirror_mismatches=0
CARTOON_AMR_TRANSACTION cycle=1828 requested_refine=1 requested_derefine_leaves=6 accepted_derefine_parents=0 created_leaves=3 deleted_leaves=0 mirror_mismatches=0
AMR_HISTORY_RECORD event=5 time_hex=0x1.68250e442dd43p+3 cycle=1828 leaves=50 max_level=5 checksum=e38dd0ebe7826578
elapsed=9.857198e+00 cycle=1828 time=1.125452e+01 dt=3.711673e-03
CARTOON_AMR_TRANSACTION cycle=1829 requested_refine=0 requested_derefine_leaves=8 accepted_derefine_parents=0 created_leaves=0 deleted_leaves=0 mirror_mismatches=0
CARTOON_AMR_TRANSACTION cycle=1830 requested_refine=0 requested_derefine_leaves=8 accepted_derefine_parents=0 created_leaves=0 deleted_leaves=0 mirror_mismatches=0
CARTOON_AMR_TRANSACTION cycle=1831 requested_refine=0 requested_derefine_leaves=8 accepted_derefine_parents=0 created_leaves=0 deleted_leaves=0 mirror_mismatches=0
CARTOON_AMR_TRANSACTION cycle=1832 requested_refine=0 requested_derefine_leaves=8 accepted_derefine_parents=0 created_leaves=0 deleted_leaves=0 mirror_mismatches=0
elapsed=9.948293e+00 cycle=1832 time=1.126937e+01 dt=3.713291e-03
CARTOON_AMR_TRANSACTION cycle=1833 requested_refine=0 requested_derefine_leaves=8 accepted_derefine_parents=0 created_leaves=0 deleted_leaves=0 mirror_mismatches=0
CARTOON_AMR_TRANSACTION cycle=1834 requested_refine=0 requested_derefine_leaves=8 accepted_derefine_parents=0 created_leaves=0 deleted_leaves=0 mirror_mismatches=0
CARTOON_AMR_TRANSACTION cycle=1835 requested_refine=0 requested_derefine_leaves=8 accepted_derefine_parents=0 created_leaves=0 deleted_leaves=0 mirror_mismatches=0
CARTOON_AMR_TRANSACTION cycle=1836 requested_refine=0 requested_derefine_leaves=8 accepted_derefine_parents=0 created_leaves=0 deleted_leaves=0 mirror_mismatches=0
elapsed=1.003786e+01 cycle=1836 time=1.128423e+01 dt=3.715651e-03
CARTOON_AMR_TRANSACTION cycle=1837 requested_refine=0 requested_derefine_leaves=8 accepted_derefine_parents=0 created_leaves=0 deleted_leaves=0 mirror_mismatches=0
CARTOON_AMR_TRANSACTION cycle=1838 requested_refine=0 requested_derefine_leaves=8 accepted_derefine_parents=0 created_leaves=0 deleted_leaves=0 mirror_mismatches=0
CARTOON_AMR_TRANSACTION cycle=1839 requested_refine=0 requested_derefine_leaves=8 accepted_derefine_parents=0 created_leaves=0 deleted_leaves=0 mirror_mismatches=0
CARTOON_AMR_TRANSACTION cycle=1840 requested_refine=0 requested_derefine_leaves=8 accepted_derefine_parents=0 created_leaves=0 deleted_leaves=0 mirror_mismatches=0
elapsed=1.012717e+01 cycle=1840 time=1.129909e+01 dt=9.085233e-04
CARTOON_AMR_TRANSACTION cycle=1841 requested_refine=0 requested_derefine_leaves=8 accepted_derefine_parents=0 created_leaves=0 deleted_leaves=0 mirror_mismatches=0
output wall time = 1.268102e+00

Terminating on time limit
time=1.130000e+01 cycle=1841
tlim=1.130000e+01 nlim=-1 nmb_total_limit=-1

Current number of MeshBlocks = 50
6 MeshBlocks created, 0 deleted by AMR
0 communicated for load balancing, load balancing efficiency = 0.000000e+00

MeshBlock-cycles = 14322
cpu time used  = 1.015948e+01
zone-cycles/cpu_second = 1.443551e+06
particle-updates/cpu_second = 0.000000e+00
