
Root grid = 3 x 3 x 3 MeshBlocks
Total number of MeshBlocks = 384
Number of logical  levels of refinement = 6 (7 levels total)
Number of physical levels of refinement = 4 (5 levels total)
  Physical level = 1 (logical level = 3): 208 MeshBlocks, cost = 208
  Physical level = 2 (logical level = 4): 56 MeshBlocks, cost = 56
  Physical level = 3 (logical level = 5): 56 MeshBlocks, cost = 56
  Physical level = 4 (logical level = 6): 64 MeshBlocks, cost = 64
Number of parallel ranks = 1
AssembleZ4cTasks

Setup complete, executing task list(s)...

elapsed=1.610618e+00 cycle=98 time=5.000000e-01 dt=3.552714e-15
elapsed=3.339430e+00 cycle=99 time=5.000000e-01 dt=7.105427e-15
elapsed=5.091719e+00 cycle=100 time=5.000000e-01 dt=1.421085e-14
elapsed=6.785796e+00 cycle=101 time=5.000000e-01 dt=2.842171e-14
elapsed=8.503283e+00 cycle=102 time=5.000000e-01 dt=5.684342e-14
elapsed=1.023609e+01 cycle=103 time=5.000000e-01 dt=1.136868e-13
elapsed=1.195001e+01 cycle=104 time=5.000000e-01 dt=2.273737e-13
elapsed=1.370217e+01 cycle=105 time=5.000000e-01 dt=4.547474e-13
elapsed=1.548124e+01 cycle=106 time=5.000000e-01 dt=9.094947e-13
elapsed=1.717994e+01 cycle=107 time=5.000000e-01 dt=1.818989e-12
elapsed=1.889750e+01 cycle=108 time=5.000000e-01 dt=3.637979e-12
elapsed=2.061942e+01 cycle=109 time=5.000000e-01 dt=7.275958e-12
elapsed=2.228769e+01 cycle=110 time=5.000000e-01 dt=1.455192e-11
elapsed=2.395113e+01 cycle=111 time=5.000000e-01 dt=2.910383e-11
elapsed=2.564639e+01 cycle=112 time=5.000000e-01 dt=5.820766e-11
elapsed=2.736737e+01 cycle=113 time=5.000000e-01 dt=1.164153e-10
elapsed=2.915848e+01 cycle=114 time=5.000000e-01 dt=2.328306e-10
elapsed=3.095486e+01 cycle=115 time=5.000000e-01 dt=4.656613e-10
elapsed=3.271487e+01 cycle=116 time=5.000000e-01 dt=9.313226e-10
