
Root grid = 3 x 3 x 3 MeshBlocks
Total number of MeshBlocks = 384
Number of logical  levels of refinement = 6 (7 levels total)
Number of physical levels of refinement = 4 (5 levels total)
  Physical level = 1 (logical level = 3): 208 MeshBlocks, cost = 208
  Physical level = 2 (logical level = 4): 56 MeshBlocks, cost = 56
  Physical level = 3 (logical level = 5): 56 MeshBlocks, cost = 56
  Physical level = 4 (logical level = 6): 64 MeshBlocks, cost = 64
Number of parallel ranks = 1
AssembleZ4cTasks

Setup complete, executing task list(s)...

elapsed=1.602629e+00 cycle=49 time=2.500000e-01 dt=5.208333e-03
elapsed=3.457958e+00 cycle=50 time=2.552083e-01 dt=5.208333e-03
elapsed=5.279745e+00 cycle=51 time=2.604167e-01 dt=5.208333e-03
elapsed=7.117609e+00 cycle=52 time=2.656250e-01 dt=5.208333e-03
elapsed=8.935004e+00 cycle=53 time=2.708333e-01 dt=5.208333e-03
elapsed=1.066339e+01 cycle=54 time=2.760417e-01 dt=5.208333e-03
elapsed=1.248737e+01 cycle=55 time=2.812500e-01 dt=5.208333e-03
elapsed=1.423330e+01 cycle=56 time=2.864583e-01 dt=5.208333e-03
elapsed=1.596824e+01 cycle=57 time=2.916667e-01 dt=5.208333e-03
elapsed=1.780609e+01 cycle=58 time=2.968750e-01 dt=5.208333e-03
elapsed=1.940352e+01 cycle=59 time=3.020833e-01 dt=5.208333e-03
elapsed=2.115885e+01 cycle=60 time=3.072917e-01 dt=5.208333e-03
elapsed=2.290983e+01 cycle=61 time=3.125000e-01 dt=5.208333e-03
elapsed=2.452629e+01 cycle=62 time=3.177083e-01 dt=5.208333e-03
elapsed=2.625047e+01 cycle=63 time=3.229167e-01 dt=5.208333e-03
elapsed=2.796731e+01 cycle=64 time=3.281250e-01 dt=5.208333e-03
elapsed=2.961299e+01 cycle=65 time=3.333333e-01 dt=5.208333e-03
elapsed=3.129399e+01 cycle=66 time=3.385417e-01 dt=5.208333e-03
elapsed=3.306305e+01 cycle=67 time=3.437500e-01 dt=5.208333e-03
elapsed=3.468978e+01 cycle=68 time=3.489583e-01 dt=5.208333e-03
elapsed=3.642694e+01 cycle=69 time=3.541667e-01 dt=5.208333e-03
elapsed=3.812071e+01 cycle=70 time=3.593750e-01 dt=5.208333e-03
elapsed=3.992974e+01 cycle=71 time=3.645833e-01 dt=5.208333e-03
elapsed=4.167151e+01 cycle=72 time=3.697917e-01 dt=5.208333e-03
elapsed=4.332954e+01 cycle=73 time=3.750000e-01 dt=5.208333e-03
elapsed=4.501060e+01 cycle=74 time=3.802083e-01 dt=5.208333e-03
elapsed=4.677810e+01 cycle=75 time=3.854167e-01 dt=5.208333e-03
elapsed=4.846996e+01 cycle=76 time=3.906250e-01 dt=5.208333e-03
elapsed=5.010038e+01 cycle=77 time=3.958333e-01 dt=5.208333e-03
elapsed=5.179864e+01 cycle=78 time=4.010417e-01 dt=5.208333e-03
elapsed=5.345497e+01 cycle=79 time=4.062500e-01 dt=5.208333e-03
elapsed=5.519319e+01 cycle=80 time=4.114583e-01 dt=5.208333e-03
elapsed=5.682561e+01 cycle=81 time=4.166667e-01 dt=5.208333e-03
elapsed=5.849284e+01 cycle=82 time=4.218750e-01 dt=5.208333e-03
elapsed=6.020395e+01 cycle=83 time=4.270833e-01 dt=5.208333e-03
elapsed=6.197547e+01 cycle=84 time=4.322917e-01 dt=5.208333e-03
elapsed=6.371795e+01 cycle=85 time=4.375000e-01 dt=5.208333e-03
elapsed=6.548619e+01 cycle=86 time=4.427083e-01 dt=5.208333e-03
elapsed=6.720365e+01 cycle=87 time=4.479167e-01 dt=5.208333e-03
elapsed=6.882539e+01 cycle=88 time=4.531250e-01 dt=5.208333e-03
elapsed=7.060807e+01 cycle=89 time=4.583333e-01 dt=5.208333e-03
elapsed=7.234595e+01 cycle=90 time=4.635417e-01 dt=5.208333e-03
elapsed=7.411134e+01 cycle=91 time=4.687500e-01 dt=5.208333e-03
elapsed=7.588726e+01 cycle=92 time=4.739583e-01 dt=5.208333e-03
elapsed=7.757203e+01 cycle=93 time=4.791667e-01 dt=5.208333e-03
elapsed=7.937493e+01 cycle=94 time=4.843750e-01 dt=5.208333e-03
elapsed=8.104171e+01 cycle=95 time=4.895833e-01 dt=5.208333e-03
elapsed=8.281201e+01 cycle=96 time=4.947917e-01 dt=5.208333e-03
elapsed=8.457761e+01 cycle=97 time=5.000000e-01 dt=8.881784e-16
elapsed=8.673561e+01 cycle=98 time=5.000000e-01 dt=1.776357e-15

Terminating on time limit
time=5.000000e-01 cycle=98
tlim=5.000000e-01 nlim=-1

MeshBlock-cycles = 18816
cpu time used  = 8.513300e+01
zone-cycles/cpu_second = 1.131617e+05
particle-updates/cpu_second = 0.000000e+00
