### WARNING in /lus/flare/projects/CompactBinaryMerger/hzhu/refgh_relative_damped_single_hole_20260830_pvc_v2/src/src/mesh/load_balance.cpp at line 83
Number of MeshBlocks cannot be divided evenly by number of MPI ranks. This will result in poor load balancing.

Root grid = 3 x 3 x 3 MeshBlocks
Total number of MeshBlocks = 34
Number of logical  levels of refinement = 3 (4 levels total)
Number of physical levels of refinement = 1 (2 levels total)
Number of parallel ranks = 12
  Rank = 0: 2 MeshBlocks, cost = 2
  Rank = 1: 2 MeshBlocks, cost = 2
  Rank = 2: 3 MeshBlocks, cost = 3
  Rank = 3: 3 MeshBlocks, cost = 3
  Rank = 4: 3 MeshBlocks, cost = 3
  Rank = 5: 3 MeshBlocks, cost = 3
  Rank = 6: 3 MeshBlocks, cost = 3
  Rank = 7: 3 MeshBlocks, cost = 3
  Rank = 8: 3 MeshBlocks, cost = 3
  Rank = 9: 3 MeshBlocks, cost = 3
  Rank = 10: 3 MeshBlocks, cost = 3
  Rank = 11: 3 MeshBlocks, cost = 3
Load Balancing:
  Maximum normalized cost = 1.5, Average = 1.41667
ref_gh reference allocation backend=generic_cache_oracle generic_bytes=1199104000 analytic_static_components=0 analytic_stage_components=0 analytic_static_bytes=0 analytic_stage_bytes=0
reference-GH puncture vertex audit passed; minimum cell radius=0.0541266, wormhole match state=0, G=0, lapse=3.94268e-16, shift=0
### WARNING in /lus/flare/projects/CompactBinaryMerger/hzhu/refgh_relative_damped_single_hole_20260830_pvc_v2/src/src/parameter_input.cpp: input parameter <mesh_refinement>/num_levels = 2 was not used by the code (check for a typo)
### WARNING in /lus/flare/projects/CompactBinaryMerger/hzhu/refgh_relative_damped_single_hole_20260830_pvc_v2/src/src/parameter_input.cpp: input parameter <mesh_refinement>/max_nmb_per_rank = 128 was not used by the code (check for a typo)

Setup complete, executing task list(s)...

elapsed=2.890812e+00 cycle=0 time=0.000000e+00 dt=5.401833e-03
elapsed=1.854321e+01 cycle=10 time=5.401830e-02 dt=5.401821e-03
elapsed=3.487564e+01 cycle=20 time=1.080363e-01 dt=5.401753e-03
elapsed=5.163247e+01 cycle=30 time=1.620532e-01 dt=5.401590e-03
elapsed=6.756043e+01 cycle=40 time=2.160678e-01 dt=5.401292e-03
elapsed=8.379906e+01 cycle=50 time=2.700788e-01 dt=5.400826e-03
elapsed=1.003837e+02 cycle=60 time=3.240843e-01 dt=5.400161e-03
elapsed=1.159737e+02 cycle=70 time=3.780821e-01 dt=5.399267e-03
elapsed=1.325965e+02 cycle=80 time=4.320698e-01 dt=5.398122e-03
elapsed=1.494274e+02 cycle=90 time=4.860449e-01 dt=5.396704e-03
elapsed=1.662950e+02 cycle=100 time=5.400045e-01 dt=5.394994e-03
elapsed=1.818987e+02 cycle=110 time=5.939456e-01 dt=5.392978e-03
elapsed=1.981177e+02 cycle=120 time=6.478651e-01 dt=5.390643e-03
elapsed=2.146438e+02 cycle=130 time=7.017598e-01 dt=5.387981e-03
elapsed=2.306000e+02 cycle=140 time=7.556265e-01 dt=5.384985e-03
elapsed=2.473052e+02 cycle=150 time=8.094616e-01 dt=5.381652e-03
elapsed=2.639346e+02 cycle=160 time=8.632619e-01 dt=5.377980e-03
elapsed=2.795659e+02 cycle=170 time=9.170239e-01 dt=5.373972e-03
elapsed=2.957959e+02 cycle=180 time=9.707444e-01 dt=5.369630e-03
reference-GH controlled Schwarzschild final: time=1.000000e+00 state Linf=1.283434e+01 bad-state=0.000000e+00

Terminating on time limit
time=1.000000e+00 cycle=186
tlim=1.000000e+00 nlim=-1

MeshBlock-cycles = 6324
cpu time used  = 3.069153e+02
zone-cycles/cpu_second = 6.751857e+05
particle-updates/cpu_second = 0.000000e+00
real 310.90
user 0.00
sys 0.01
