### WARNING in /lus/flare/projects/CompactBinaryMerger/hzhu/refgh_relative_damped_single_hole_20260830_pvc_v2/src/src/mesh/load_balance.cpp at line 83
Number of MeshBlocks cannot be divided evenly by number of MPI ranks. This will result in poor load balancing.

Root grid = 3 x 3 x 3 MeshBlocks
Total number of MeshBlocks = 328
Number of logical  levels of refinement = 5 (6 levels total)
Number of physical levels of refinement = 3 (4 levels total)
  Physical level = 1 (logical level = 3): 208 MeshBlocks, cost = 208
  Physical level = 2 (logical level = 4): 56 MeshBlocks, cost = 56
  Physical level = 3 (logical level = 5): 64 MeshBlocks, cost = 64
Number of parallel ranks = 96
  Rank = 0: 3 MeshBlocks, cost = 3
  Rank = 1: 3 MeshBlocks, cost = 3
  Rank = 2: 3 MeshBlocks, cost = 3
  Rank = 3: 3 MeshBlocks, cost = 3
  Rank = 4: 3 MeshBlocks, cost = 3
  Rank = 5: 3 MeshBlocks, cost = 3
  Rank = 6: 3 MeshBlocks, cost = 3
  Rank = 7: 3 MeshBlocks, cost = 3
  Rank = 8: 3 MeshBlocks, cost = 3
  Rank = 9: 3 MeshBlocks, cost = 3
  Rank = 10: 3 MeshBlocks, cost = 3
  Rank = 11: 3 MeshBlocks, cost = 3
  Rank = 12: 3 MeshBlocks, cost = 3
  Rank = 13: 3 MeshBlocks, cost = 3
  Rank = 14: 3 MeshBlocks, cost = 3
  Rank = 15: 3 MeshBlocks, cost = 3
  Rank = 16: 3 MeshBlocks, cost = 3
  Rank = 17: 3 MeshBlocks, cost = 3
  Rank = 18: 3 MeshBlocks, cost = 3
  Rank = 19: 3 MeshBlocks, cost = 3
  Rank = 20: 3 MeshBlocks, cost = 3
  Rank = 21: 3 MeshBlocks, cost = 3
  Rank = 22: 3 MeshBlocks, cost = 3
  Rank = 23: 3 MeshBlocks, cost = 3
  Rank = 24: 3 MeshBlocks, cost = 3
  Rank = 25: 3 MeshBlocks, cost = 3
  Rank = 26: 3 MeshBlocks, cost = 3
  Rank = 27: 3 MeshBlocks, cost = 3
  Rank = 28: 3 MeshBlocks, cost = 3
  Rank = 29: 3 MeshBlocks, cost = 3
  Rank = 30: 3 MeshBlocks, cost = 3
  Rank = 31: 3 MeshBlocks, cost = 3
  Rank = 32: 3 MeshBlocks, cost = 3
  Rank = 33: 3 MeshBlocks, cost = 3
  Rank = 34: 3 MeshBlocks, cost = 3
  Rank = 35: 3 MeshBlocks, cost = 3
  Rank = 36: 3 MeshBlocks, cost = 3
  Rank = 37: 3 MeshBlocks, cost = 3
  Rank = 38: 3 MeshBlocks, cost = 3
  Rank = 39: 3 MeshBlocks, cost = 3
  Rank = 40: 3 MeshBlocks, cost = 3
  Rank = 41: 3 MeshBlocks, cost = 3
  Rank = 42: 3 MeshBlocks, cost = 3
  Rank = 43: 3 MeshBlocks, cost = 3
  Rank = 44: 3 MeshBlocks, cost = 3
  Rank = 45: 3 MeshBlocks, cost = 3
  Rank = 46: 3 MeshBlocks, cost = 3
  Rank = 47: 3 MeshBlocks, cost = 3
  Rank = 48: 3 MeshBlocks, cost = 3
  Rank = 49: 3 MeshBlocks, cost = 3
  Rank = 50: 3 MeshBlocks, cost = 3
  Rank = 51: 3 MeshBlocks, cost = 3
  Rank = 52: 3 MeshBlocks, cost = 3
  Rank = 53: 3 MeshBlocks, cost = 3
  Rank = 54: 3 MeshBlocks, cost = 3
  Rank = 55: 3 MeshBlocks, cost = 3
  Rank = 56: 4 MeshBlocks, cost = 4
  Rank = 57: 4 MeshBlocks, cost = 4
  Rank = 58: 4 MeshBlocks, cost = 4
  Rank = 59: 4 MeshBlocks, cost = 4
  Rank = 60: 4 MeshBlocks, cost = 4
  Rank = 61: 4 MeshBlocks, cost = 4
  Rank = 62: 4 MeshBlocks, cost = 4
  Rank = 63: 4 MeshBlocks, cost = 4
  Rank = 64: 4 MeshBlocks, cost = 4
  Rank = 65: 4 MeshBlocks, cost = 4
  Rank = 66: 4 MeshBlocks, cost = 4
  Rank = 67: 4 MeshBlocks, cost = 4
  Rank = 68: 4 MeshBlocks, cost = 4
  Rank = 69: 4 MeshBlocks, cost = 4
  Rank = 70: 4 MeshBlocks, cost = 4
  Rank = 71: 4 MeshBlocks, cost = 4
  Rank = 72: 4 MeshBlocks, cost = 4
  Rank = 73: 4 MeshBlocks, cost = 4
  Rank = 74: 4 MeshBlocks, cost = 4
  Rank = 75: 4 MeshBlocks, cost = 4
  Rank = 76: 4 MeshBlocks, cost = 4
  Rank = 77: 4 MeshBlocks, cost = 4
  Rank = 78: 4 MeshBlocks, cost = 4
  Rank = 79: 4 MeshBlocks, cost = 4
  Rank = 80: 4 MeshBlocks, cost = 4
  Rank = 81: 4 MeshBlocks, cost = 4
  Rank = 82: 4 MeshBlocks, cost = 4
  Rank = 83: 4 MeshBlocks, cost = 4
  Rank = 84: 4 MeshBlocks, cost = 4
  Rank = 85: 4 MeshBlocks, cost = 4
  Rank = 86: 4 MeshBlocks, cost = 4
  Rank = 87: 4 MeshBlocks, cost = 4
  Rank = 88: 4 MeshBlocks, cost = 4
  Rank = 89: 4 MeshBlocks, cost = 4
  Rank = 90: 4 MeshBlocks, cost = 4
  Rank = 91: 4 MeshBlocks, cost = 4
  Rank = 92: 4 MeshBlocks, cost = 4
  Rank = 93: 4 MeshBlocks, cost = 4
  Rank = 94: 4 MeshBlocks, cost = 4
  Rank = 95: 4 MeshBlocks, cost = 4
Load Balancing:
  Maximum normalized cost = 1.33333, Average = 1.13889
ref_gh reference allocation backend=generic_cache_oracle generic_bytes=1798656000 analytic_static_components=0 analytic_stage_components=0 analytic_static_bytes=0 analytic_stage_bytes=0
reference-GH puncture vertex audit passed; minimum cell radius=0.0541266, wormhole match state=0, G=0, lapse=3.94268e-16, shift=0
### WARNING in /lus/flare/projects/CompactBinaryMerger/hzhu/refgh_relative_damped_single_hole_20260830_pvc_v2/src/src/parameter_input.cpp: input parameter <mesh_refinement>/num_levels = 4 was not used by the code (check for a typo)
### WARNING in /lus/flare/projects/CompactBinaryMerger/hzhu/refgh_relative_damped_single_hole_20260830_pvc_v2/src/src/parameter_input.cpp: input parameter <mesh_refinement>/max_nmb_per_rank = 128 was not used by the code (check for a typo)

Setup complete, executing task list(s)...

elapsed=1.621265e+02 cycle=0 time=0.000000e+00 dt=4.138311e-03
elapsed=1.829157e+02 cycle=10 time=4.138311e-02 dt=4.138311e-03
elapsed=2.045963e+02 cycle=20 time=8.276621e-02 dt=4.138309e-03
elapsed=2.263490e+02 cycle=30 time=1.241493e-01 dt=4.138306e-03
elapsed=2.479162e+02 cycle=40 time=1.655323e-01 dt=4.138301e-03
elapsed=2.695366e+02 cycle=50 time=2.069153e-01 dt=4.138293e-03
elapsed=2.907594e+02 cycle=60 time=2.482982e-01 dt=4.138282e-03
elapsed=3.123300e+02 cycle=70 time=2.896810e-01 dt=4.138268e-03
elapsed=3.339295e+02 cycle=80 time=3.310636e-01 dt=4.138250e-03
elapsed=3.555303e+02 cycle=90 time=3.724460e-01 dt=4.138227e-03
elapsed=3.771084e+02 cycle=100 time=4.138281e-01 dt=4.138199e-03
elapsed=3.986916e+02 cycle=110 time=4.552099e-01 dt=4.138166e-03
elapsed=4.199195e+02 cycle=120 time=4.965914e-01 dt=4.138127e-03
elapsed=4.415961e+02 cycle=130 time=5.379725e-01 dt=4.138082e-03
elapsed=4.631724e+02 cycle=140 time=5.793531e-01 dt=4.138031e-03
elapsed=4.847641e+02 cycle=150 time=6.207332e-01 dt=4.137973e-03
elapsed=5.064315e+02 cycle=160 time=6.621126e-01 dt=4.137908e-03
elapsed=5.285287e+02 cycle=170 time=7.034914e-01 dt=4.137836e-03
elapsed=5.492986e+02 cycle=180 time=7.448694e-01 dt=4.137756e-03
elapsed=5.708662e+02 cycle=190 time=7.862465e-01 dt=4.137667e-03
elapsed=5.927527e+02 cycle=200 time=8.276228e-01 dt=4.137571e-03
elapsed=6.143272e+02 cycle=210 time=8.689980e-01 dt=4.137466e-03
elapsed=6.359274e+02 cycle=220 time=9.103722e-01 dt=4.137353e-03
elapsed=6.580642e+02 cycle=230 time=9.517452e-01 dt=4.137230e-03
elapsed=6.788184e+02 cycle=240 time=9.931169e-01 dt=4.137099e-03
elapsed=7.141754e+02 cycle=250 time=1.034487e+00 dt=4.136957e-03
elapsed=7.358021e+02 cycle=260 time=1.075856e+00 dt=4.136807e-03
elapsed=7.575922e+02 cycle=270 time=1.117224e+00 dt=4.136646e-03
elapsed=7.791465e+02 cycle=280 time=1.158589e+00 dt=4.136476e-03
elapsed=8.003782e+02 cycle=290 time=1.199953e+00 dt=4.136295e-03
elapsed=8.222109e+02 cycle=300 time=1.241315e+00 dt=4.136105e-03
elapsed=8.438735e+02 cycle=310 time=1.282675e+00 dt=4.135904e-03
elapsed=8.654736e+02 cycle=320 time=1.324034e+00 dt=4.135692e-03
elapsed=8.870630e+02 cycle=330 time=1.365389e+00 dt=4.135470e-03
elapsed=9.088709e+02 cycle=340 time=1.406743e+00 dt=4.135238e-03
elapsed=9.301234e+02 cycle=350 time=1.448094e+00 dt=4.134994e-03
elapsed=9.517840e+02 cycle=360 time=1.489443e+00 dt=4.134740e-03
elapsed=9.736250e+02 cycle=370 time=1.530789e+00 dt=4.134475e-03
elapsed=9.951904e+02 cycle=380 time=1.572133e+00 dt=4.134200e-03
elapsed=1.016905e+03 cycle=390 time=1.613474e+00 dt=4.133913e-03
elapsed=1.038485e+03 cycle=400 time=1.654811e+00 dt=4.133615e-03
elapsed=1.059714e+03 cycle=410 time=1.696146e+00 dt=4.133307e-03
elapsed=1.081322e+03 cycle=420 time=1.737478e+00 dt=4.132987e-03
elapsed=1.102919e+03 cycle=430 time=1.778806e+00 dt=4.132656e-03
elapsed=1.124536e+03 cycle=440 time=1.820131e+00 dt=4.132315e-03
elapsed=1.146135e+03 cycle=450 time=1.861453e+00 dt=4.131963e-03
elapsed=1.168190e+03 cycle=460 time=1.902771e+00 dt=4.131600e-03
elapsed=1.188970e+03 cycle=470 time=1.944085e+00 dt=4.131226e-03
elapsed=1.210544e+03 cycle=480 time=1.985396e+00 dt=4.130841e-03
elapsed=1.248930e+03 cycle=490 time=2.026702e+00 dt=4.130446e-03
elapsed=1.270511e+03 cycle=500 time=2.068005e+00 dt=4.130040e-03
elapsed=1.292086e+03 cycle=510 time=2.109304e+00 dt=4.129624e-03
elapsed=1.314257e+03 cycle=520 time=2.150598e+00 dt=4.129197e-03
elapsed=1.335022e+03 cycle=530 time=2.191888e+00 dt=4.128760e-03
elapsed=1.356727e+03 cycle=540 time=2.233173e+00 dt=4.128312e-03
elapsed=1.378310e+03 cycle=550 time=2.274455e+00 dt=4.127855e-03
elapsed=1.399896e+03 cycle=560 time=2.315731e+00 dt=4.127388e-03
elapsed=1.421483e+03 cycle=570 time=2.357003e+00 dt=4.126910e-03
elapsed=1.442730e+03 cycle=580 time=2.398270e+00 dt=4.126424e-03
elapsed=1.464571e+03 cycle=590 time=2.439532e+00 dt=4.125927e-03
elapsed=1.486165e+03 cycle=600 time=2.480789e+00 dt=4.125422e-03
elapsed=1.507730e+03 cycle=610 time=2.522041e+00 dt=4.124907e-03
elapsed=1.529331e+03 cycle=620 time=2.563287e+00 dt=4.124383e-03
elapsed=1.550937e+03 cycle=630 time=2.604529e+00 dt=4.123850e-03
elapsed=1.572182e+03 cycle=640 time=2.645765e+00 dt=4.123308e-03
elapsed=1.593773e+03 cycle=650 time=2.686995e+00 dt=4.122758e-03
elapsed=1.615586e+03 cycle=660 time=2.728221e+00 dt=4.122200e-03
elapsed=1.637168e+03 cycle=670 time=2.769440e+00 dt=4.121634e-03
elapsed=1.659105e+03 cycle=680 time=2.810654e+00 dt=4.121059e-03
elapsed=1.681126e+03 cycle=690 time=2.851862e+00 dt=4.120477e-03
elapsed=1.701939e+03 cycle=700 time=2.893064e+00 dt=4.119888e-03
elapsed=1.723700e+03 cycle=710 time=2.934260e+00 dt=4.119291e-03
elapsed=1.745294e+03 cycle=720 time=2.975450e+00 dt=4.118687e-03
elapsed=1.805130e+03 cycle=730 time=3.016634e+00 dt=4.118077e-03
elapsed=1.826677e+03 cycle=740 time=3.057812e+00 dt=4.117460e-03
elapsed=1.847897e+03 cycle=750 time=3.098984e+00 dt=4.116836e-03
elapsed=1.869551e+03 cycle=760 time=3.140150e+00 dt=4.116206e-03
elapsed=1.891119e+03 cycle=770 time=3.181309e+00 dt=4.115571e-03
elapsed=1.912692e+03 cycle=780 time=3.222462e+00 dt=4.114930e-03
elapsed=1.934425e+03 cycle=790 time=3.263608e+00 dt=4.114283e-03
elapsed=1.956136e+03 cycle=800 time=3.304748e+00 dt=4.113632e-03
elapsed=1.977375e+03 cycle=810 time=3.345881e+00 dt=4.112975e-03
elapsed=1.998966e+03 cycle=820 time=3.387008e+00 dt=4.112314e-03
elapsed=2.020545e+03 cycle=830 time=3.428128e+00 dt=4.111648e-03
elapsed=2.042385e+03 cycle=840 time=3.469242e+00 dt=4.110979e-03
elapsed=2.063972e+03 cycle=850 time=3.510349e+00 dt=4.110305e-03
elapsed=2.086001e+03 cycle=860 time=3.551449e+00 dt=4.109628e-03
elapsed=2.106788e+03 cycle=870 time=3.592542e+00 dt=4.108948e-03
elapsed=2.128482e+03 cycle=880 time=3.633628e+00 dt=4.108264e-03
elapsed=2.150093e+03 cycle=890 time=3.674708e+00 dt=4.107578e-03
elapsed=2.171688e+03 cycle=900 time=3.715780e+00 dt=4.106889e-03
elapsed=2.193471e+03 cycle=910 time=3.756846e+00 dt=4.106198e-03
elapsed=2.214667e+03 cycle=920 time=3.797905e+00 dt=4.105506e-03
elapsed=2.236250e+03 cycle=930 time=3.838957e+00 dt=4.104811e-03
elapsed=2.257849e+03 cycle=940 time=3.880002e+00 dt=4.104115e-03
elapsed=2.279470e+03 cycle=950 time=3.921040e+00 dt=4.103418e-03
elapsed=2.301218e+03 cycle=960 time=3.962071e+00 dt=4.102719e-03
reference-GH controlled Schwarzschild final: time=4.000000e+00 state Linf=7.769275e+00 bad-state=0.000000e+00
elapsed=2.349703e+03 cycle=970 time=4.000000e+00 dt=2.013984e-03

Terminating on time limit
time=4.000000e+00 cycle=970
tlim=4.000000e+00 nlim=-1

MeshBlock-cycles = 318160
cpu time used  = 2.187576e+03
zone-cycles/cpu_second = 4.765761e+06
particle-updates/cpu_second = 0.000000e+00
real 2355.34
user 0.05
sys 0.09
