### WARNING in /lus/flare/projects/MHDTidal/hzhu/tde_1e4_solar_review/outer-boundary-fix-20260920/source/src/mesh/load_balance.cpp at line 115
Number of MeshBlocks cannot be divided evenly by number of MPI ranks. This will result in poor load balancing.

Root grid = 4 x 4 x 4 MeshBlocks
Total number of MeshBlocks = 232
Number of logical  levels of refinement = 5 (6 levels total)
Number of physical levels of refinement = 3 (4 levels total)
  Physical level = 0 (logical level = 2): 56 MeshBlocks, cost = 56
  Physical level = 1 (logical level = 3): 56 MeshBlocks, cost = 56
  Physical level = 2 (logical level = 4): 56 MeshBlocks, cost = 56
  Physical level = 3 (logical level = 5): 64 MeshBlocks, cost = 64
Number of parallel ranks = 24
  Rank = 0: 9 MeshBlocks, cost = 9
  Rank = 1: 9 MeshBlocks, cost = 9
  Rank = 2: 9 MeshBlocks, cost = 9
  Rank = 3: 9 MeshBlocks, cost = 9
  Rank = 4: 9 MeshBlocks, cost = 9
  Rank = 5: 9 MeshBlocks, cost = 9
  Rank = 6: 9 MeshBlocks, cost = 9
  Rank = 7: 9 MeshBlocks, cost = 9
  Rank = 8: 10 MeshBlocks, cost = 10
  Rank = 9: 10 MeshBlocks, cost = 10
  Rank = 10: 10 MeshBlocks, cost = 10
  Rank = 11: 10 MeshBlocks, cost = 10
  Rank = 12: 10 MeshBlocks, cost = 10
  Rank = 13: 10 MeshBlocks, cost = 10
  Rank = 14: 10 MeshBlocks, cost = 10
  Rank = 15: 10 MeshBlocks, cost = 10
  Rank = 16: 10 MeshBlocks, cost = 10
  Rank = 17: 10 MeshBlocks, cost = 10
  Rank = 18: 10 MeshBlocks, cost = 10
  Rank = 19: 10 MeshBlocks, cost = 10
  Rank = 20: 10 MeshBlocks, cost = 10
  Rank = 21: 10 MeshBlocks, cost = 10
  Rank = 22: 10 MeshBlocks, cost = 10
  Rank = 23: 10 MeshBlocks, cost = 10
Load Balancing:
  Maximum normalized cost = 1.11111, Average = 1.07407
AssembleZ4cTasks
PUNCTURE_BACKGROUND stationary R0=M=1 trumpet, R=r+1, horizon_r=1. Not the stationary standard 1+log trumpet.
OUTER_SPONGE enabled=1 geometry=radial start=8 ramp_width=20 damping_time=20 max_rate=0.05 nearest_boundary_radius=32 sigma_start=0 sigma_mid=0.025 sigma_end=0.05 sigma_boundary=0.05
PUNCTURE_RESOLUTION horizon_r=1 dx_current=0.125 diameter_cells=16 interior_layer=none
Z4C_SOURCE_TIMESTEP max_damping_rate=0.05 dt_limit=20
z4c_tov_ks diagnostic: initialized pure analytic background.
AssembleZ4cTasks
Z4C_EXT_HMAX time=0 H=0.000132972 x=1.0625 y=-0.0625 z=-0.0625 r_bh=1.06617

Setup complete, executing task list(s)...

elapsed=7.543964e-01 cycle=0 time=0.000000e+00 dt=2.500000e-02
Z4C_CHARACTERISTIC_CPBC time=0.000000e+00 cycle=0 source=zero_rate incoming_modes=10 boundary_blocks_max=4,4,4 gauge=0.000000e+00 constraint=0.000000e+00 radiation=0.000000e+00 outgoing_gauge=0.000000e+00 outgoing_constraint=0.000000e+00 outgoing_radiation=0.000000e+00 enforcement=0.000000e+00 correction=0.000000e+00 shift_ratio=3.173004e-02 diagnostic_kernel_seconds=3.333569e-02 performance_valid=0 kernel_seconds=0.000000e+00 volume_rhs_seconds=0.000000e+00 kernel_fraction=0.000000e+00
elapsed=1.554318e+00 cycle=1 time=2.500000e-02 dt=2.500000e-02
elapsed=1.725061e+00 cycle=2 time=5.000000e-02 dt=2.500000e-02
Z4C_EXT_HMAX time=0.075 H=0.000132972 x=1.0625 y=-0.0625 z=-0.0625 r_bh=1.06617
elapsed=2.060217e+00 cycle=3 time=7.500000e-02 dt=2.500000e-02

Terminating on cycle limit
time=7.500000e-02 cycle=3
tlim=1.000000e+03 nlim=3

MeshBlock-cycles = 696
cpu time used  = 1.305861e+00
zone-cycles/cpu_second = 2.183094e+06
particle-updates/cpu_second = 0.000000e+00
AssembleZ4cTasks
AssembleZ4cTasks
AssembleZ4cTasks
AssembleZ4cTasks
AssembleZ4cTasks
AssembleZ4cTasks
AssembleZ4cTasks
AssembleZ4cTasks
AssembleZ4cTasks
AssembleZ4cTasks
AssembleZ4cTasks
AssembleZ4cTasks
AssembleZ4cTasks
AssembleZ4cTasks
AssembleZ4cTasks
AssembleZ4cTasks
AssembleZ4cTasks
AssembleZ4cTasks
AssembleZ4cTasks
AssembleZ4cTasks
AssembleZ4cTasks
AssembleZ4cTasks
