
Root grid = 1 x 1 x 1 MeshBlocks
Total number of MeshBlocks = 176
Number of logical  levels of refinement = 4 (5 levels total)
Number of physical levels of refinement = 4 (5 levels total)
  Physical level = 2 (logical level = 2): 56 MeshBlocks, cost = 56
  Physical level = 3 (logical level = 3): 56 MeshBlocks, cost = 56
  Physical level = 4 (logical level = 4): 96 MeshBlocks, cost = 64
Number of parallel ranks = 1
AssembleZ4cTasks

Setup complete, executing task list(s)...

elapsed=7.266122e-01 cycle=7 time=1.000000e-01 dt=1.562500e-02
elapsed=1.436519e+00 cycle=8 time=1.156250e-01 dt=1.562500e-02
elapsed=2.210083e+00 cycle=9 time=1.312500e-01 dt=1.562500e-02
elapsed=2.854856e+00 cycle=10 time=1.468750e-01 dt=1.562500e-02
elapsed=3.582010e+00 cycle=11 time=1.625000e-01 dt=1.562500e-02
elapsed=4.404340e+00 cycle=12 time=1.781250e-01 dt=1.562500e-02
elapsed=5.059400e+00 cycle=13 time=1.937500e-01 dt=1.562500e-02
elapsed=5.768144e+00 cycle=14 time=2.093750e-01 dt=1.562500e-02
elapsed=6.464235e+00 cycle=15 time=2.250000e-01 dt=1.562500e-02
elapsed=7.153620e+00 cycle=16 time=2.406250e-01 dt=9.375000e-03
elapsed=8.091790e+00 cycle=17 time=2.500000e-01 dt=1.562500e-02

Terminating on time limit
time=2.500000e-01 cycle=17
tlim=2.500000e-01 nlim=-1

MeshBlock-cycles = 1760
cpu time used  = 7.365192e+00
zone-cycles/cpu_second = 1.223485e+05
particle-updates/cpu_second = 0.000000e+00
