
Root grid = 6 x 6 x 6 MeshBlocks
Total number of MeshBlocks = 216
Number of logical  levels of refinement = 3 (4 levels total)
Number of physical levels of refinement = 0 (1 levels total)
Number of parallel ranks = 12
  Rank = 0: 18 MeshBlocks, cost = 18
  Rank = 1: 18 MeshBlocks, cost = 18
  Rank = 2: 18 MeshBlocks, cost = 18
  Rank = 3: 18 MeshBlocks, cost = 18
  Rank = 4: 18 MeshBlocks, cost = 18
  Rank = 5: 18 MeshBlocks, cost = 18
  Rank = 6: 18 MeshBlocks, cost = 18
  Rank = 7: 18 MeshBlocks, cost = 18
  Rank = 8: 18 MeshBlocks, cost = 18
  Rank = 9: 18 MeshBlocks, cost = 18
  Rank = 10: 18 MeshBlocks, cost = 18
  Rank = 11: 18 MeshBlocks, cost = 18
Load Balancing:
  Maximum normalized cost = 1, Average = 1
ref_gh reference allocation backend=analytic_radial_q generic_bytes=0 analytic_static_components=12 analytic_stage_components=8 analytic_static_bytes=23887872 analytic_stage_bytes=15925248
reference-GH puncture minimum cell-center radius = 0.0360844
reference-GH stationary initial RHS Linf = 6.237e-13, component=10, radius=0.14878, coordinate reference Ricci Linf=1.37611e-08, frame reference Ricci Linf=2.77556e-16
### WARNING in /lus/flare/projects/CompactBinaryMerger/hzhu/refgh_ordering_gauge_discriminator_phase23_20260829_2c848055/src/src/parameter_input.cpp: input parameter <output3>/file_type = cbin was not used by the code (check for a typo)
### WARNING in /lus/flare/projects/CompactBinaryMerger/hzhu/refgh_ordering_gauge_discriminator_phase23_20260829_2c848055/src/src/parameter_input.cpp: input parameter <output3>/variable = ref_gh was not used by the code (check for a typo)
### WARNING in /lus/flare/projects/CompactBinaryMerger/hzhu/refgh_ordering_gauge_discriminator_phase23_20260829_2c848055/src/src/parameter_input.cpp: input parameter <output3>/id = ref_gh_health was not used by the code (check for a typo)
### WARNING in /lus/flare/projects/CompactBinaryMerger/hzhu/refgh_ordering_gauge_discriminator_phase23_20260829_2c848055/src/src/parameter_input.cpp: input parameter <output3>/coarsen_factor = 1 was not used by the code (check for a typo)
### WARNING in /lus/flare/projects/CompactBinaryMerger/hzhu/refgh_ordering_gauge_discriminator_phase23_20260829_2c848055/src/src/parameter_input.cpp: input parameter <output3>/compute_moments = false was not used by the code (check for a typo)
### WARNING in /lus/flare/projects/CompactBinaryMerger/hzhu/refgh_ordering_gauge_discriminator_phase23_20260829_2c848055/src/src/parameter_input.cpp: input parameter <output3>/binary64 = true was not used by the code (check for a typo)
### WARNING in /lus/flare/projects/CompactBinaryMerger/hzhu/refgh_ordering_gauge_discriminator_phase23_20260829_2c848055/src/src/parameter_input.cpp: input parameter <output3>/single_file_per_rank = false was not used by the code (check for a typo)
### WARNING in /lus/flare/projects/CompactBinaryMerger/hzhu/refgh_ordering_gauge_discriminator_phase23_20260829_2c848055/src/src/parameter_input.cpp: input parameter <output4>/file_type = cbin was not used by the code (check for a typo)
### WARNING in /lus/flare/projects/CompactBinaryMerger/hzhu/refgh_ordering_gauge_discriminator_phase23_20260829_2c848055/src/src/parameter_input.cpp: input parameter <output4>/variable = ref_gh_native_con was not used by the code (check for a typo)
### WARNING in /lus/flare/projects/CompactBinaryMerger/hzhu/refgh_ordering_gauge_discriminator_phase23_20260829_2c848055/src/src/parameter_input.cpp: input parameter <output4>/id = ref_gh_native_health was not used by the code (check for a typo)
### WARNING in /lus/flare/projects/CompactBinaryMerger/hzhu/refgh_ordering_gauge_discriminator_phase23_20260829_2c848055/src/src/parameter_input.cpp: input parameter <output4>/coarsen_factor = 1 was not used by the code (check for a typo)
### WARNING in /lus/flare/projects/CompactBinaryMerger/hzhu/refgh_ordering_gauge_discriminator_phase23_20260829_2c848055/src/src/parameter_input.cpp: input parameter <output4>/compute_moments = false was not used by the code (check for a typo)
### WARNING in /lus/flare/projects/CompactBinaryMerger/hzhu/refgh_ordering_gauge_discriminator_phase23_20260829_2c848055/src/src/parameter_input.cpp: input parameter <output4>/binary64 = true was not used by the code (check for a typo)
### WARNING in /lus/flare/projects/CompactBinaryMerger/hzhu/refgh_ordering_gauge_discriminator_phase23_20260829_2c848055/src/src/parameter_input.cpp: input parameter <output4>/single_file_per_rank = false was not used by the code (check for a typo)
### WARNING in /lus/flare/projects/CompactBinaryMerger/hzhu/refgh_ordering_gauge_discriminator_phase23_20260829_2c848055/src/src/parameter_input.cpp: input parameter <output5>/file_type = cbin was not used by the code (check for a typo)
### WARNING in /lus/flare/projects/CompactBinaryMerger/hzhu/refgh_ordering_gauge_discriminator_phase23_20260829_2c848055/src/src/parameter_input.cpp: input parameter <output5>/variable = adm_common was not used by the code (check for a typo)
### WARNING in /lus/flare/projects/CompactBinaryMerger/hzhu/refgh_ordering_gauge_discriminator_phase23_20260829_2c848055/src/src/parameter_input.cpp: input parameter <output5>/id = adm_common_health was not used by the code (check for a typo)
### WARNING in /lus/flare/projects/CompactBinaryMerger/hzhu/refgh_ordering_gauge_discriminator_phase23_20260829_2c848055/src/src/parameter_input.cpp: input parameter <output5>/coarsen_factor = 1 was not used by the code (check for a typo)
### WARNING in /lus/flare/projects/CompactBinaryMerger/hzhu/refgh_ordering_gauge_discriminator_phase23_20260829_2c848055/src/src/parameter_input.cpp: input parameter <output5>/compute_moments = false was not used by the code (check for a typo)
### WARNING in /lus/flare/projects/CompactBinaryMerger/hzhu/refgh_ordering_gauge_discriminator_phase23_20260829_2c848055/src/src/parameter_input.cpp: input parameter <output5>/binary64 = true was not used by the code (check for a typo)
### WARNING in /lus/flare/projects/CompactBinaryMerger/hzhu/refgh_ordering_gauge_discriminator_phase23_20260829_2c848055/src/src/parameter_input.cpp: input parameter <output5>/single_file_per_rank = false was not used by the code (check for a typo)
### WARNING in /lus/flare/projects/CompactBinaryMerger/hzhu/refgh_ordering_gauge_discriminator_phase23_20260829_2c848055/src/src/parameter_input.cpp: input parameter <output5>/common_adm_fd_order = 4 was not used by the code (check for a typo)

Setup complete, executing task list(s)...

elapsed=3.554437e+01 cycle=0 time=0.000000e+00 dt=3.404497e-03
elapsed=3.719666e+01 cycle=10 time=3.404497e-02 dt=3.404497e-03
elapsed=3.918608e+01 cycle=20 time=6.808994e-02 dt=3.404497e-03
elapsed=4.257286e+01 cycle=30 time=1.021349e-01 dt=3.404497e-03
elapsed=4.422859e+01 cycle=40 time=1.361799e-01 dt=3.404497e-03
elapsed=4.708432e+01 cycle=50 time=1.702249e-01 dt=3.404497e-03
elapsed=5.153593e+01 cycle=60 time=2.042698e-01 dt=3.404497e-03
elapsed=5.318122e+01 cycle=70 time=2.383148e-01 dt=3.404497e-03
elapsed=5.622723e+01 cycle=80 time=2.723598e-01 dt=3.404497e-03
elapsed=5.896776e+01 cycle=90 time=3.064048e-01 dt=3.404497e-03
elapsed=6.061841e+01 cycle=100 time=3.404497e-01 dt=3.404497e-03
elapsed=6.270169e+01 cycle=110 time=3.744947e-01 dt=3.404497e-03
elapsed=6.553828e+01 cycle=120 time=4.085397e-01 dt=3.404497e-03
elapsed=6.717689e+01 cycle=130 time=4.425846e-01 dt=3.404497e-03
elapsed=6.917473e+01 cycle=140 time=4.766296e-01 dt=3.404497e-03
elapsed=7.253477e+01 cycle=150 time=5.106746e-01 dt=3.404497e-03
elapsed=7.418432e+01 cycle=160 time=5.447196e-01 dt=3.404497e-03
elapsed=7.615708e+01 cycle=170 time=5.787645e-01 dt=3.404497e-03
elapsed=7.805419e+01 cycle=180 time=6.128095e-01 dt=3.404497e-03
elapsed=7.969830e+01 cycle=190 time=6.468545e-01 dt=3.404497e-03
elapsed=8.157823e+01 cycle=200 time=6.808994e-01 dt=3.404497e-03
elapsed=8.362006e+01 cycle=210 time=7.149444e-01 dt=3.404497e-03
elapsed=8.527089e+01 cycle=220 time=7.489894e-01 dt=3.404497e-03
elapsed=8.945655e+01 cycle=230 time=7.830344e-01 dt=3.404497e-03
elapsed=9.510106e+01 cycle=240 time=8.170793e-01 dt=3.404497e-03
elapsed=9.712131e+01 cycle=250 time=8.511243e-01 dt=3.404497e-03
elapsed=9.877233e+01 cycle=260 time=8.851693e-01 dt=3.404497e-03
elapsed=1.006771e+02 cycle=270 time=9.192143e-01 dt=3.404497e-03
elapsed=1.043097e+02 cycle=280 time=9.532592e-01 dt=3.404497e-03
elapsed=1.059593e+02 cycle=290 time=9.873042e-01 dt=3.404497e-03
elapsed=1.269521e+02 cycle=300 time=1.021349e+00 dt=3.404497e-03
elapsed=1.288904e+02 cycle=310 time=1.055394e+00 dt=3.404497e-03
elapsed=1.305436e+02 cycle=320 time=1.089439e+00 dt=3.404497e-03
elapsed=1.325228e+02 cycle=330 time=1.123484e+00 dt=3.404497e-03
elapsed=1.344878e+02 cycle=340 time=1.157529e+00 dt=3.404497e-03
elapsed=1.361443e+02 cycle=350 time=1.191574e+00 dt=3.404497e-03
elapsed=1.382759e+02 cycle=360 time=1.225619e+00 dt=3.404497e-03
elapsed=1.413108e+02 cycle=370 time=1.259664e+00 dt=3.404497e-03
elapsed=1.429644e+02 cycle=380 time=1.293709e+00 dt=3.404497e-03
elapsed=1.450057e+02 cycle=390 time=1.327754e+00 dt=3.404497e-03
elapsed=1.478250e+02 cycle=400 time=1.361799e+00 dt=3.404497e-03
elapsed=1.494722e+02 cycle=410 time=1.395844e+00 dt=3.404497e-03
elapsed=1.519948e+02 cycle=420 time=1.429889e+00 dt=3.404497e-03
elapsed=1.539439e+02 cycle=430 time=1.463934e+00 dt=3.404497e-03
elapsed=1.555950e+02 cycle=440 time=1.497979e+00 dt=3.404497e-03
elapsed=1.583702e+02 cycle=450 time=1.532024e+00 dt=3.404497e-03
elapsed=1.616161e+02 cycle=460 time=1.566069e+00 dt=3.404497e-03
elapsed=1.654186e+02 cycle=470 time=1.600114e+00 dt=3.404497e-03
elapsed=1.670649e+02 cycle=480 time=1.634159e+00 dt=3.404497e-03
elapsed=1.700031e+02 cycle=490 time=1.668204e+00 dt=3.404497e-03
elapsed=1.721657e+02 cycle=500 time=1.702249e+00 dt=3.404497e-03
elapsed=1.738059e+02 cycle=510 time=1.736294e+00 dt=3.404497e-03
elapsed=1.757400e+02 cycle=520 time=1.770339e+00 dt=3.404497e-03
elapsed=1.777354e+02 cycle=530 time=1.804384e+00 dt=3.404497e-03
elapsed=1.793781e+02 cycle=540 time=1.838429e+00 dt=3.404497e-03
elapsed=1.813812e+02 cycle=550 time=1.872473e+00 dt=3.404497e-03
elapsed=1.876018e+02 cycle=560 time=1.906518e+00 dt=3.404497e-03
elapsed=1.892511e+02 cycle=570 time=1.940563e+00 dt=3.404497e-03
elapsed=1.925436e+02 cycle=580 time=1.974608e+00 dt=3.404497e-03
elapsed=2.135255e+02 cycle=590 time=2.008653e+00 dt=3.404497e-03
elapsed=2.151781e+02 cycle=600 time=2.042698e+00 dt=3.404497e-03
elapsed=2.171749e+02 cycle=610 time=2.076743e+00 dt=3.404497e-03
elapsed=2.193133e+02 cycle=620 time=2.110788e+00 dt=3.404497e-03
elapsed=2.209661e+02 cycle=630 time=2.144833e+00 dt=3.404497e-03
elapsed=2.229673e+02 cycle=640 time=2.178878e+00 dt=3.404497e-03
elapsed=2.251070e+02 cycle=650 time=2.212923e+00 dt=3.404497e-03
elapsed=2.267536e+02 cycle=660 time=2.246968e+00 dt=3.404497e-03
elapsed=2.287235e+02 cycle=670 time=2.281013e+00 dt=3.404497e-03
elapsed=2.306518e+02 cycle=680 time=2.315058e+00 dt=3.404497e-03
elapsed=2.323058e+02 cycle=690 time=2.349103e+00 dt=3.404497e-03
elapsed=2.342821e+02 cycle=700 time=2.383148e+00 dt=3.404497e-03
elapsed=2.363163e+02 cycle=710 time=2.417193e+00 dt=3.404497e-03
elapsed=2.382941e+02 cycle=720 time=2.451238e+00 dt=3.404497e-03
elapsed=2.399485e+02 cycle=730 time=2.485283e+00 dt=3.404497e-03
elapsed=2.420388e+02 cycle=740 time=2.519328e+00 dt=3.404497e-03
elapsed=2.440045e+02 cycle=750 time=2.553373e+00 dt=3.404497e-03
elapsed=2.456441e+02 cycle=760 time=2.587418e+00 dt=3.404497e-03
elapsed=2.477252e+02 cycle=770 time=2.621463e+00 dt=3.404497e-03
elapsed=2.496416e+02 cycle=780 time=2.655508e+00 dt=3.404497e-03
elapsed=2.512792e+02 cycle=790 time=2.689553e+00 dt=3.404497e-03
elapsed=2.533162e+02 cycle=800 time=2.723598e+00 dt=3.404497e-03
elapsed=2.578022e+02 cycle=810 time=2.757643e+00 dt=3.404497e-03
elapsed=2.594437e+02 cycle=820 time=2.791688e+00 dt=3.404497e-03
elapsed=2.647870e+02 cycle=830 time=2.825733e+00 dt=3.404497e-03
elapsed=2.667889e+02 cycle=840 time=2.859778e+00 dt=3.404497e-03
elapsed=2.684370e+02 cycle=850 time=2.893823e+00 dt=3.404497e-03
elapsed=2.741888e+02 cycle=860 time=2.927868e+00 dt=3.404497e-03
elapsed=2.771595e+02 cycle=870 time=2.961913e+00 dt=3.404497e-03
elapsed=2.788104e+02 cycle=880 time=2.995958e+00 dt=3.404497e-03
reference-GH stationary trumpet: field Linf=1.794998e-12, physical metric Linf=1.179927e-10, lapse Linf=3.171907e-13, shift Linf=5.856094e-14, constraint Linf=1.424521e-11, RHS estimate=6.236996e-13

Terminating on time limit
time=3.000000e+00 cycle=882
tlim=3.000000e+00 nlim=-1

MeshBlock-cycles = 190512
cpu time used  = 2.846230e+02
zone-cycles/cpu_second = 2.741652e+06
particle-updates/cpu_second = 0.000000e+00
real 321.55
user 0.00
sys 0.01
