### WARNING in /lus/flare/projects/CompactBinaryMerger/hzhu/refgh_feedback_continuation_20260823_2466879e_v1/src/src/mesh/load_balance.cpp at line 83
Number of MeshBlocks cannot be divided evenly by number of MPI ranks. This will result in poor load balancing.

Root grid = 3 x 3 x 3 MeshBlocks
Total number of MeshBlocks = 34
Number of logical  levels of refinement = 3 (4 levels total)
Number of physical levels of refinement = 1 (2 levels total)
Number of parallel ranks = 12
  Rank = 0: 2 MeshBlocks, cost = 2
  Rank = 1: 2 MeshBlocks, cost = 2
  Rank = 2: 3 MeshBlocks, cost = 3
  Rank = 3: 3 MeshBlocks, cost = 3
  Rank = 4: 3 MeshBlocks, cost = 3
  Rank = 5: 3 MeshBlocks, cost = 3
  Rank = 6: 3 MeshBlocks, cost = 3
  Rank = 7: 3 MeshBlocks, cost = 3
  Rank = 8: 3 MeshBlocks, cost = 3
  Rank = 9: 3 MeshBlocks, cost = 3
  Rank = 10: 3 MeshBlocks, cost = 3
  Rank = 11: 3 MeshBlocks, cost = 3
Load Balancing:
  Maximum normalized cost = 1.5, Average = 1.41667
reference-GH puncture vertex audit passed; minimum cell radius=0.0360844, wormhole match state=0, G=0, lapse=1.91962e-14, shift=0
### WARNING in /lus/flare/projects/CompactBinaryMerger/hzhu/refgh_feedback_continuation_20260823_2466879e_v1/src/src/parameter_input.cpp: input parameter <mesh_refinement>/num_levels = 2 was not used by the code (check for a typo)
### WARNING in /lus/flare/projects/CompactBinaryMerger/hzhu/refgh_feedback_continuation_20260823_2466879e_v1/src/src/parameter_input.cpp: input parameter <mesh_refinement>/max_nmb_per_rank = 128 was not used by the code (check for a typo)

Setup complete, executing task list(s)...

elapsed=5.642096e+00 cycle=0 time=0.000000e+00 dt=3.591537e-03
elapsed=4.154241e+01 cycle=10 time=3.591536e-02 dt=3.591535e-03
elapsed=7.894225e+01 cycle=20 time=7.183070e-02 dt=3.591531e-03
elapsed=1.163775e+02 cycle=30 time=1.077460e-01 dt=3.591524e-03
elapsed=1.532675e+02 cycle=40 time=1.436612e-01 dt=3.591513e-03
elapsed=1.906821e+02 cycle=50 time=1.795762e-01 dt=3.591500e-03
elapsed=2.281510e+02 cycle=60 time=2.154912e-01 dt=3.591482e-03
elapsed=2.664333e+02 cycle=70 time=2.514059e-01 dt=3.591460e-03
elapsed=3.024735e+02 cycle=80 time=2.873204e-01 dt=3.591432e-03
elapsed=3.398768e+02 cycle=90 time=3.232345e-01 dt=3.591397e-03
elapsed=3.772631e+02 cycle=100 time=3.591483e-01 dt=3.591354e-03
elapsed=4.141774e+02 cycle=110 time=3.950616e-01 dt=3.591300e-03
elapsed=4.516405e+02 cycle=120 time=4.309743e-01 dt=3.591232e-03
elapsed=4.891146e+02 cycle=130 time=4.668863e-01 dt=3.591148e-03
reference-GH controlled Schwarzschild final: time=5.000000e-01 state Linf=1.007304e+00 bad-state=0.000000e+00
elapsed=5.314963e+02 cycle=140 time=5.000000e-01 dt=1.587464e-03

Terminating on time limit
time=5.000000e-01 cycle=140
tlim=5.000000e-01 nlim=-1

MeshBlock-cycles = 4760
cpu time used  = 5.258542e+02
zone-cycles/cpu_second = 1.001072e+06
particle-updates/cpu_second = 0.000000e+00
real 532.58
user 0.00
sys 0.02
