### WARNING in /lus/flare/projects/CompactBinaryMerger/hzhu/refgh_feedback_continuation_20260823_2466879e_v1/src/src/mesh/load_balance.cpp at line 83
Number of MeshBlocks cannot be divided evenly by number of MPI ranks. This will result in poor load balancing.

Root grid = 3 x 3 x 3 MeshBlocks
Total number of MeshBlocks = 34
Number of logical  levels of refinement = 3 (4 levels total)
Number of physical levels of refinement = 1 (2 levels total)
Number of parallel ranks = 12
  Rank = 0: 2 MeshBlocks, cost = 2
  Rank = 1: 2 MeshBlocks, cost = 2
  Rank = 2: 3 MeshBlocks, cost = 3
  Rank = 3: 3 MeshBlocks, cost = 3
  Rank = 4: 3 MeshBlocks, cost = 3
  Rank = 5: 3 MeshBlocks, cost = 3
  Rank = 6: 3 MeshBlocks, cost = 3
  Rank = 7: 3 MeshBlocks, cost = 3
  Rank = 8: 3 MeshBlocks, cost = 3
  Rank = 9: 3 MeshBlocks, cost = 3
  Rank = 10: 3 MeshBlocks, cost = 3
  Rank = 11: 3 MeshBlocks, cost = 3
Load Balancing:
  Maximum normalized cost = 1.5, Average = 1.41667
### WARNING in /lus/flare/projects/CompactBinaryMerger/hzhu/refgh_feedback_continuation_20260823_2466879e_v1/src/src/parameter_input.cpp: input parameter <mesh_refinement>/num_levels = 2 was not used by the code (check for a typo)
### WARNING in /lus/flare/projects/CompactBinaryMerger/hzhu/refgh_feedback_continuation_20260823_2466879e_v1/src/src/parameter_input.cpp: input parameter <mesh_refinement>/max_nmb_per_rank = 128 was not used by the code (check for a typo)
### WARNING in /lus/flare/projects/CompactBinaryMerger/hzhu/refgh_feedback_continuation_20260823_2466879e_v1/src/src/parameter_input.cpp: input parameter <refined_region1>/level = 1 was not used by the code (check for a typo)
### WARNING in /lus/flare/projects/CompactBinaryMerger/hzhu/refgh_feedback_continuation_20260823_2466879e_v1/src/src/parameter_input.cpp: input parameter <refined_region1>/x1min = -2.0 was not used by the code (check for a typo)
### WARNING in /lus/flare/projects/CompactBinaryMerger/hzhu/refgh_feedback_continuation_20260823_2466879e_v1/src/src/parameter_input.cpp: input parameter <refined_region1>/x1max = 2.0 was not used by the code (check for a typo)
### WARNING in /lus/flare/projects/CompactBinaryMerger/hzhu/refgh_feedback_continuation_20260823_2466879e_v1/src/src/parameter_input.cpp: input parameter <refined_region1>/x2min = -2.0 was not used by the code (check for a typo)
### WARNING in /lus/flare/projects/CompactBinaryMerger/hzhu/refgh_feedback_continuation_20260823_2466879e_v1/src/src/parameter_input.cpp: input parameter <refined_region1>/x2max = 2.0 was not used by the code (check for a typo)
### WARNING in /lus/flare/projects/CompactBinaryMerger/hzhu/refgh_feedback_continuation_20260823_2466879e_v1/src/src/parameter_input.cpp: input parameter <refined_region1>/x3min = -2.0 was not used by the code (check for a typo)
### WARNING in /lus/flare/projects/CompactBinaryMerger/hzhu/refgh_feedback_continuation_20260823_2466879e_v1/src/src/parameter_input.cpp: input parameter <refined_region1>/x3max = 2.0 was not used by the code (check for a typo)
### WARNING in /lus/flare/projects/CompactBinaryMerger/hzhu/refgh_feedback_continuation_20260823_2466879e_v1/src/src/parameter_input.cpp: input parameter <time>/start_time = 0 was not used by the code (check for a typo)

Setup complete, executing task list(s)...

elapsed=1.345116e+00 cycle=140 time=5.000000e-01 dt=3.174929e-03
elapsed=3.734963e+01 cycle=150 time=5.354939e-01 dt=3.590932e-03
elapsed=7.498096e+01 cycle=160 time=5.714026e-01 dt=3.590783e-03
elapsed=1.125641e+02 cycle=170 time=6.073096e-01 dt=3.590604e-03
elapsed=1.495394e+02 cycle=180 time=6.432147e-01 dt=3.590391e-03
elapsed=1.873204e+02 cycle=190 time=6.791175e-01 dt=3.590140e-03
elapsed=2.251262e+02 cycle=200 time=7.150177e-01 dt=3.589846e-03
elapsed=2.636892e+02 cycle=210 time=7.509146e-01 dt=3.589505e-03
elapsed=2.997694e+02 cycle=220 time=7.868080e-01 dt=3.589114e-03
elapsed=3.373779e+02 cycle=230 time=8.226971e-01 dt=3.588667e-03
elapsed=3.749485e+02 cycle=240 time=8.585816e-01 dt=3.588161e-03
elapsed=4.119167e+02 cycle=250 time=8.944607e-01 dt=3.587591e-03
elapsed=4.495037e+02 cycle=260 time=9.303338e-01 dt=3.586953e-03
elapsed=4.871413e+02 cycle=270 time=9.662002e-01 dt=3.586245e-03
reference-GH controlled Schwarzschild final: time=1.000000e+00 state Linf=1.034209e+00 bad-state=0.000000e+00
elapsed=5.298918e+02 cycle=280 time=1.000000e+00 dt=3.052758e-03

Terminating on time limit
time=1.000000e+00 cycle=280
tlim=1.000000e+00 nlim=-1

MeshBlock-cycles = 4760
cpu time used  = 5.285468e+02
zone-cycles/cpu_second = 9.959722e+05
particle-updates/cpu_second = 0.000000e+00
real 530.97
user 0.00
sys 0.01
