
Root grid = 2 x 2 x 2 MeshBlocks
Total number of MeshBlocks = 232
Number of logical  levels of refinement = 5 (6 levels total)
Number of physical levels of refinement = 4 (5 levels total)
  Physical level = 1 (logical level = 2): 56 MeshBlocks, cost = 56
  Physical level = 2 (logical level = 3): 56 MeshBlocks, cost = 56
  Physical level = 3 (logical level = 4): 56 MeshBlocks, cost = 56
  Physical level = 4 (logical level = 5): 64 MeshBlocks, cost = 64
Number of parallel ranks = 1
AssembleZ4cTasks
OnePuncture initialized.

Setup complete, executing task list(s)...

elapsed=3.382537e+00 cycle=0 time=0.000000e+00 dt=1.562500e-02
elapsed=3.634395e+00 cycle=1 time=1.562500e-02 dt=1.562500e-02
elapsed=3.900142e+00 cycle=2 time=3.125000e-02 dt=1.562500e-02
elapsed=4.155626e+00 cycle=3 time=4.687500e-02 dt=1.562500e-02
elapsed=4.415190e+00 cycle=4 time=6.250000e-02 dt=1.562500e-02
elapsed=4.661794e+00 cycle=5 time=7.812500e-02 dt=1.562500e-02
elapsed=4.907523e+00 cycle=6 time=9.375000e-02 dt=6.250000e-03
elapsed=5.233803e+00 cycle=7 time=1.000000e-01 dt=1.250000e-02

Terminating on time limit
time=1.000000e-01 cycle=7
tlim=1.000000e-01 nlim=-1

MeshBlock-cycles = 1624
cpu time used  = 1.851273e+00
zone-cycles/cpu_second = 5.614300e+04
particle-updates/cpu_second = 0.000000e+00
