
Root grid = 3 x 3 x 3 MeshBlocks
Total number of MeshBlocks = 384
Number of logical  levels of refinement = 6 (7 levels total)
Number of physical levels of refinement = 4 (5 levels total)
  Physical level = 1 (logical level = 3): 208 MeshBlocks, cost = 208
  Physical level = 2 (logical level = 4): 56 MeshBlocks, cost = 56
  Physical level = 3 (logical level = 5): 56 MeshBlocks, cost = 56
  Physical level = 4 (logical level = 6): 64 MeshBlocks, cost = 64
Number of parallel ranks = 1
AssembleZ4cTasks

Setup complete, executing task list(s)...

elapsed=1.621009e+00 cycle=388 time=2.000000e+00 dt=5.208333e-03
elapsed=3.459915e+00 cycle=389 time=2.005208e+00 dt=5.208333e-03
elapsed=5.236383e+00 cycle=390 time=2.010417e+00 dt=5.208333e-03
elapsed=7.135341e+00 cycle=391 time=2.015625e+00 dt=5.208333e-03
elapsed=8.996511e+00 cycle=392 time=2.020833e+00 dt=5.208333e-03
elapsed=1.071928e+01 cycle=393 time=2.026042e+00 dt=5.208333e-03
elapsed=1.256083e+01 cycle=394 time=2.031250e+00 dt=5.208333e-03
elapsed=1.432564e+01 cycle=395 time=2.036458e+00 dt=5.208333e-03
elapsed=1.613540e+01 cycle=396 time=2.041667e+00 dt=5.208333e-03
elapsed=1.775746e+01 cycle=397 time=2.046875e+00 dt=5.208333e-03
elapsed=1.948174e+01 cycle=398 time=2.052083e+00 dt=5.208333e-03
elapsed=2.124847e+01 cycle=399 time=2.057292e+00 dt=5.208333e-03
elapsed=2.293753e+01 cycle=400 time=2.062500e+00 dt=5.208333e-03
elapsed=2.478514e+01 cycle=401 time=2.067708e+00 dt=5.208333e-03
elapsed=2.659307e+01 cycle=402 time=2.072917e+00 dt=5.208333e-03
elapsed=2.831255e+01 cycle=403 time=2.078125e+00 dt=5.208333e-03
elapsed=2.999201e+01 cycle=404 time=2.083333e+00 dt=5.208333e-03
elapsed=3.168537e+01 cycle=405 time=2.088542e+00 dt=5.208333e-03
elapsed=3.348261e+01 cycle=406 time=2.093750e+00 dt=5.208333e-03
elapsed=3.515897e+01 cycle=407 time=2.098958e+00 dt=5.208333e-03
elapsed=3.685301e+01 cycle=408 time=2.104167e+00 dt=5.208333e-03
elapsed=3.864628e+01 cycle=409 time=2.109375e+00 dt=5.208333e-03
elapsed=4.033875e+01 cycle=410 time=2.114583e+00 dt=5.208333e-03
elapsed=4.194731e+01 cycle=411 time=2.119792e+00 dt=5.208333e-03
elapsed=4.365082e+01 cycle=412 time=2.125000e+00 dt=5.208333e-03
elapsed=4.535978e+01 cycle=413 time=2.130208e+00 dt=5.208333e-03
elapsed=4.706592e+01 cycle=414 time=2.135417e+00 dt=5.208333e-03
elapsed=4.872361e+01 cycle=415 time=2.140625e+00 dt=5.208333e-03
elapsed=5.057229e+01 cycle=416 time=2.145833e+00 dt=5.208333e-03
elapsed=5.224314e+01 cycle=417 time=2.151042e+00 dt=5.208333e-03
elapsed=5.390781e+01 cycle=418 time=2.156250e+00 dt=5.208333e-03
elapsed=5.555770e+01 cycle=419 time=2.161458e+00 dt=5.208333e-03
elapsed=5.722332e+01 cycle=420 time=2.166667e+00 dt=5.208333e-03
elapsed=5.890047e+01 cycle=421 time=2.171875e+00 dt=5.208333e-03
elapsed=6.059559e+01 cycle=422 time=2.177083e+00 dt=5.208333e-03
elapsed=6.233289e+01 cycle=423 time=2.182292e+00 dt=5.208333e-03
elapsed=6.401215e+01 cycle=424 time=2.187500e+00 dt=5.208333e-03
elapsed=6.567834e+01 cycle=425 time=2.192708e+00 dt=5.208333e-03
elapsed=6.741184e+01 cycle=426 time=2.197917e+00 dt=5.208333e-03
elapsed=6.915561e+01 cycle=427 time=2.203125e+00 dt=5.208333e-03
elapsed=7.088743e+01 cycle=428 time=2.208333e+00 dt=5.208333e-03
elapsed=7.260189e+01 cycle=429 time=2.213542e+00 dt=5.208333e-03
elapsed=7.443829e+01 cycle=430 time=2.218750e+00 dt=5.208333e-03
elapsed=7.614174e+01 cycle=431 time=2.223958e+00 dt=5.208333e-03
elapsed=7.784233e+01 cycle=432 time=2.229167e+00 dt=5.208333e-03
elapsed=7.964578e+01 cycle=433 time=2.234375e+00 dt=5.208333e-03
elapsed=8.132855e+01 cycle=434 time=2.239583e+00 dt=5.208333e-03
elapsed=8.307398e+01 cycle=435 time=2.244792e+00 dt=5.208333e-03
elapsed=8.492519e+01 cycle=436 time=2.250000e+00 dt=5.208333e-03
elapsed=8.663142e+01 cycle=437 time=2.255208e+00 dt=5.208333e-03
elapsed=8.837539e+01 cycle=438 time=2.260417e+00 dt=5.208333e-03
elapsed=9.007253e+01 cycle=439 time=2.265625e+00 dt=5.208333e-03
elapsed=9.174375e+01 cycle=440 time=2.270833e+00 dt=5.208333e-03
elapsed=9.341603e+01 cycle=441 time=2.276042e+00 dt=5.208333e-03
elapsed=9.530781e+01 cycle=442 time=2.281250e+00 dt=5.208333e-03
elapsed=9.701504e+01 cycle=443 time=2.286458e+00 dt=5.208333e-03
elapsed=9.862838e+01 cycle=444 time=2.291667e+00 dt=5.208333e-03
elapsed=1.003469e+02 cycle=445 time=2.296875e+00 dt=5.208333e-03
elapsed=1.020534e+02 cycle=446 time=2.302083e+00 dt=5.208333e-03
elapsed=1.037580e+02 cycle=447 time=2.307292e+00 dt=5.208333e-03
elapsed=1.054285e+02 cycle=448 time=2.312500e+00 dt=5.208333e-03
elapsed=1.072361e+02 cycle=449 time=2.317708e+00 dt=5.208333e-03
elapsed=1.089892e+02 cycle=450 time=2.322917e+00 dt=5.208333e-03
elapsed=1.106309e+02 cycle=451 time=2.328125e+00 dt=5.208333e-03
elapsed=1.123444e+02 cycle=452 time=2.333333e+00 dt=5.208333e-03
elapsed=1.141181e+02 cycle=453 time=2.338542e+00 dt=5.208333e-03
elapsed=1.158464e+02 cycle=454 time=2.343750e+00 dt=5.208333e-03
elapsed=1.175857e+02 cycle=455 time=2.348958e+00 dt=5.208333e-03
elapsed=1.193195e+02 cycle=456 time=2.354167e+00 dt=5.208333e-03
elapsed=1.210599e+02 cycle=457 time=2.359375e+00 dt=5.208333e-03
elapsed=1.228547e+02 cycle=458 time=2.364583e+00 dt=5.208333e-03
elapsed=1.246403e+02 cycle=459 time=2.369792e+00 dt=5.208333e-03
elapsed=1.263274e+02 cycle=460 time=2.375000e+00 dt=5.208333e-03
elapsed=1.280498e+02 cycle=461 time=2.380208e+00 dt=5.208333e-03
elapsed=1.298266e+02 cycle=462 time=2.385417e+00 dt=5.208333e-03
elapsed=1.315543e+02 cycle=463 time=2.390625e+00 dt=5.208333e-03
elapsed=1.333498e+02 cycle=464 time=2.395833e+00 dt=5.208333e-03
elapsed=1.350921e+02 cycle=465 time=2.401042e+00 dt=5.208333e-03
elapsed=1.368545e+02 cycle=466 time=2.406250e+00 dt=5.208333e-03
elapsed=1.386976e+02 cycle=467 time=2.411458e+00 dt=5.208333e-03
elapsed=1.406732e+02 cycle=468 time=2.416667e+00 dt=5.208333e-03
elapsed=1.424392e+02 cycle=469 time=2.421875e+00 dt=5.208333e-03
elapsed=1.442529e+02 cycle=470 time=2.427083e+00 dt=5.208333e-03
elapsed=1.460345e+02 cycle=471 time=2.432292e+00 dt=5.208333e-03
elapsed=1.478787e+02 cycle=472 time=2.437500e+00 dt=5.208333e-03
elapsed=1.496428e+02 cycle=473 time=2.442708e+00 dt=5.208333e-03
elapsed=1.513868e+02 cycle=474 time=2.447917e+00 dt=5.208333e-03
elapsed=1.531698e+02 cycle=475 time=2.453125e+00 dt=5.208333e-03
elapsed=1.548583e+02 cycle=476 time=2.458333e+00 dt=5.208333e-03
elapsed=1.566555e+02 cycle=477 time=2.463542e+00 dt=5.208333e-03
elapsed=1.584552e+02 cycle=478 time=2.468750e+00 dt=5.208333e-03
elapsed=1.601825e+02 cycle=479 time=2.473958e+00 dt=5.208333e-03
elapsed=1.619219e+02 cycle=480 time=2.479167e+00 dt=5.208333e-03
elapsed=1.636657e+02 cycle=481 time=2.484375e+00 dt=5.208333e-03
elapsed=1.654106e+02 cycle=482 time=2.489583e+00 dt=5.208333e-03
elapsed=1.671400e+02 cycle=483 time=2.494792e+00 dt=5.208333e-03
elapsed=1.688696e+02 cycle=484 time=2.500000e+00 dt=5.208333e-03
elapsed=1.705567e+02 cycle=485 time=2.505208e+00 dt=5.208333e-03
elapsed=1.723553e+02 cycle=486 time=2.510417e+00 dt=5.208333e-03
elapsed=1.740971e+02 cycle=487 time=2.515625e+00 dt=5.208333e-03
elapsed=1.758907e+02 cycle=488 time=2.520833e+00 dt=5.208333e-03
elapsed=1.776118e+02 cycle=489 time=2.526042e+00 dt=5.208333e-03
elapsed=1.793001e+02 cycle=490 time=2.531250e+00 dt=5.208333e-03
elapsed=1.809984e+02 cycle=491 time=2.536458e+00 dt=5.208333e-03
elapsed=1.827884e+02 cycle=492 time=2.541667e+00 dt=5.208333e-03
elapsed=1.845154e+02 cycle=493 time=2.546875e+00 dt=5.208333e-03
elapsed=1.862335e+02 cycle=494 time=2.552083e+00 dt=5.208333e-03
elapsed=1.880553e+02 cycle=495 time=2.557292e+00 dt=5.208333e-03
elapsed=1.898099e+02 cycle=496 time=2.562500e+00 dt=5.208333e-03
elapsed=1.916794e+02 cycle=497 time=2.567708e+00 dt=5.208333e-03
elapsed=1.934573e+02 cycle=498 time=2.572917e+00 dt=5.208333e-03
elapsed=1.952584e+02 cycle=499 time=2.578125e+00 dt=5.208333e-03
elapsed=1.969869e+02 cycle=500 time=2.583333e+00 dt=5.208333e-03
elapsed=1.987203e+02 cycle=501 time=2.588542e+00 dt=5.208333e-03
elapsed=2.003250e+02 cycle=502 time=2.593750e+00 dt=5.208333e-03
elapsed=2.021028e+02 cycle=503 time=2.598958e+00 dt=5.208333e-03
elapsed=2.038741e+02 cycle=504 time=2.604167e+00 dt=5.208333e-03
elapsed=2.056748e+02 cycle=505 time=2.609375e+00 dt=5.208333e-03
elapsed=2.074215e+02 cycle=506 time=2.614583e+00 dt=5.208333e-03
elapsed=2.090266e+02 cycle=507 time=2.619792e+00 dt=5.208333e-03
elapsed=2.108392e+02 cycle=508 time=2.625000e+00 dt=5.208333e-03
elapsed=2.126741e+02 cycle=509 time=2.630208e+00 dt=5.208333e-03
elapsed=2.144216e+02 cycle=510 time=2.635417e+00 dt=5.208333e-03
elapsed=2.162486e+02 cycle=511 time=2.640625e+00 dt=5.208333e-03
elapsed=2.179018e+02 cycle=512 time=2.645833e+00 dt=5.208333e-03
elapsed=2.195401e+02 cycle=513 time=2.651042e+00 dt=5.208333e-03
elapsed=2.212515e+02 cycle=514 time=2.656250e+00 dt=5.208333e-03
elapsed=2.229906e+02 cycle=515 time=2.661458e+00 dt=5.208333e-03
elapsed=2.246153e+02 cycle=516 time=2.666667e+00 dt=5.208333e-03
elapsed=2.263238e+02 cycle=517 time=2.671875e+00 dt=5.208333e-03
elapsed=2.280270e+02 cycle=518 time=2.677083e+00 dt=5.208333e-03
elapsed=2.297456e+02 cycle=519 time=2.682292e+00 dt=5.208333e-03
elapsed=2.314592e+02 cycle=520 time=2.687500e+00 dt=5.208333e-03
elapsed=2.333209e+02 cycle=521 time=2.692708e+00 dt=5.208333e-03
elapsed=2.350041e+02 cycle=522 time=2.697917e+00 dt=5.208333e-03
elapsed=2.368205e+02 cycle=523 time=2.703125e+00 dt=5.208333e-03
elapsed=2.385594e+02 cycle=524 time=2.708333e+00 dt=5.208333e-03
elapsed=2.404657e+02 cycle=525 time=2.713542e+00 dt=5.208333e-03
elapsed=2.421162e+02 cycle=526 time=2.718750e+00 dt=5.208333e-03
elapsed=2.438087e+02 cycle=527 time=2.723958e+00 dt=5.208333e-03
elapsed=2.453910e+02 cycle=528 time=2.729167e+00 dt=5.208333e-03
elapsed=2.470731e+02 cycle=529 time=2.734375e+00 dt=5.208333e-03
elapsed=2.488795e+02 cycle=530 time=2.739583e+00 dt=5.208333e-03
elapsed=2.506207e+02 cycle=531 time=2.744792e+00 dt=5.208333e-03
elapsed=2.523240e+02 cycle=532 time=2.750000e+00 dt=5.208333e-03
elapsed=2.541022e+02 cycle=533 time=2.755208e+00 dt=5.208333e-03
elapsed=2.558269e+02 cycle=534 time=2.760417e+00 dt=5.208333e-03
elapsed=2.575347e+02 cycle=535 time=2.765625e+00 dt=5.208333e-03
elapsed=2.592487e+02 cycle=536 time=2.770833e+00 dt=5.208333e-03
elapsed=2.609294e+02 cycle=537 time=2.776042e+00 dt=5.208333e-03
elapsed=2.626412e+02 cycle=538 time=2.781250e+00 dt=5.208333e-03
elapsed=2.643747e+02 cycle=539 time=2.786458e+00 dt=5.208333e-03
elapsed=2.660711e+02 cycle=540 time=2.791667e+00 dt=5.208333e-03
elapsed=2.678497e+02 cycle=541 time=2.796875e+00 dt=5.208333e-03
elapsed=2.695752e+02 cycle=542 time=2.802083e+00 dt=5.208333e-03
elapsed=2.712718e+02 cycle=543 time=2.807292e+00 dt=5.208333e-03
elapsed=2.730658e+02 cycle=544 time=2.812500e+00 dt=5.208333e-03
elapsed=2.747223e+02 cycle=545 time=2.817708e+00 dt=5.208333e-03
elapsed=2.764445e+02 cycle=546 time=2.822917e+00 dt=5.208333e-03
elapsed=2.781496e+02 cycle=547 time=2.828125e+00 dt=5.208333e-03
elapsed=2.797924e+02 cycle=548 time=2.833333e+00 dt=5.208333e-03
elapsed=2.814443e+02 cycle=549 time=2.838542e+00 dt=5.208333e-03
elapsed=2.832071e+02 cycle=550 time=2.843750e+00 dt=5.208333e-03
elapsed=2.849563e+02 cycle=551 time=2.848958e+00 dt=5.208333e-03
elapsed=2.866018e+02 cycle=552 time=2.854167e+00 dt=5.208333e-03
elapsed=2.883307e+02 cycle=553 time=2.859375e+00 dt=5.208333e-03
elapsed=2.900809e+02 cycle=554 time=2.864583e+00 dt=5.208333e-03
elapsed=2.919240e+02 cycle=555 time=2.869792e+00 dt=5.208333e-03
elapsed=2.936005e+02 cycle=556 time=2.875000e+00 dt=5.208333e-03
elapsed=2.952825e+02 cycle=557 time=2.880208e+00 dt=5.208333e-03
elapsed=2.971011e+02 cycle=558 time=2.885417e+00 dt=5.208333e-03
elapsed=2.987123e+02 cycle=559 time=2.890625e+00 dt=5.208333e-03
elapsed=3.003361e+02 cycle=560 time=2.895833e+00 dt=5.208333e-03
elapsed=3.021650e+02 cycle=561 time=2.901042e+00 dt=5.208333e-03
elapsed=3.039443e+02 cycle=562 time=2.906250e+00 dt=5.208333e-03
elapsed=3.056144e+02 cycle=563 time=2.911458e+00 dt=5.208333e-03
elapsed=3.072994e+02 cycle=564 time=2.916667e+00 dt=5.208333e-03
elapsed=3.089888e+02 cycle=565 time=2.921875e+00 dt=5.208333e-03
elapsed=3.106576e+02 cycle=566 time=2.927083e+00 dt=5.208333e-03
elapsed=3.123983e+02 cycle=567 time=2.932292e+00 dt=5.208333e-03
elapsed=3.141459e+02 cycle=568 time=2.937500e+00 dt=5.208333e-03
elapsed=3.158953e+02 cycle=569 time=2.942708e+00 dt=5.208333e-03
elapsed=3.175508e+02 cycle=570 time=2.947917e+00 dt=5.208333e-03
elapsed=3.192687e+02 cycle=571 time=2.953125e+00 dt=5.208333e-03
elapsed=3.209010e+02 cycle=572 time=2.958333e+00 dt=5.208333e-03
elapsed=3.226229e+02 cycle=573 time=2.963542e+00 dt=5.208333e-03
elapsed=3.243372e+02 cycle=574 time=2.968750e+00 dt=5.208333e-03
elapsed=3.260382e+02 cycle=575 time=2.973958e+00 dt=5.208333e-03
elapsed=3.278301e+02 cycle=576 time=2.979167e+00 dt=5.208333e-03
elapsed=3.295191e+02 cycle=577 time=2.984375e+00 dt=5.208333e-03
elapsed=3.311896e+02 cycle=578 time=2.989583e+00 dt=5.208333e-03
elapsed=3.328336e+02 cycle=579 time=2.994792e+00 dt=5.208333e-03
elapsed=3.345177e+02 cycle=580 time=3.000000e+00 dt=5.208333e-03
elapsed=3.361959e+02 cycle=581 time=3.005208e+00 dt=5.208333e-03
elapsed=3.379774e+02 cycle=582 time=3.010417e+00 dt=5.208333e-03
elapsed=3.396682e+02 cycle=583 time=3.015625e+00 dt=5.208333e-03
elapsed=3.413630e+02 cycle=584 time=3.020833e+00 dt=5.208333e-03
elapsed=3.430149e+02 cycle=585 time=3.026042e+00 dt=5.208333e-03
elapsed=3.447411e+02 cycle=586 time=3.031250e+00 dt=5.208333e-03
elapsed=3.464340e+02 cycle=587 time=3.036458e+00 dt=5.208333e-03
elapsed=3.481962e+02 cycle=588 time=3.041667e+00 dt=5.208333e-03
elapsed=3.499066e+02 cycle=589 time=3.046875e+00 dt=5.208333e-03
elapsed=3.516893e+02 cycle=590 time=3.052083e+00 dt=5.208333e-03
elapsed=3.534225e+02 cycle=591 time=3.057292e+00 dt=5.208333e-03
elapsed=3.552559e+02 cycle=592 time=3.062500e+00 dt=5.208333e-03
elapsed=3.569900e+02 cycle=593 time=3.067708e+00 dt=5.208333e-03
elapsed=3.587394e+02 cycle=594 time=3.072917e+00 dt=5.208333e-03
elapsed=3.605652e+02 cycle=595 time=3.078125e+00 dt=5.208333e-03
elapsed=3.623094e+02 cycle=596 time=3.083333e+00 dt=5.208333e-03
elapsed=3.641150e+02 cycle=597 time=3.088542e+00 dt=5.208333e-03
elapsed=3.659299e+02 cycle=598 time=3.093750e+00 dt=5.208333e-03
elapsed=3.677143e+02 cycle=599 time=3.098958e+00 dt=5.208333e-03
elapsed=3.694525e+02 cycle=600 time=3.104167e+00 dt=5.208333e-03
elapsed=3.712726e+02 cycle=601 time=3.109375e+00 dt=5.208333e-03
elapsed=3.730967e+02 cycle=602 time=3.114583e+00 dt=5.208333e-03
elapsed=3.748951e+02 cycle=603 time=3.119792e+00 dt=5.208333e-03
elapsed=3.765856e+02 cycle=604 time=3.125000e+00 dt=5.208333e-03
elapsed=3.783763e+02 cycle=605 time=3.130208e+00 dt=5.208333e-03
elapsed=3.800851e+02 cycle=606 time=3.135417e+00 dt=5.208333e-03
elapsed=3.818786e+02 cycle=607 time=3.140625e+00 dt=5.208333e-03
elapsed=3.835426e+02 cycle=608 time=3.145833e+00 dt=5.208333e-03
elapsed=3.852435e+02 cycle=609 time=3.151042e+00 dt=5.208333e-03
elapsed=3.870292e+02 cycle=610 time=3.156250e+00 dt=5.208333e-03
elapsed=3.886493e+02 cycle=611 time=3.161458e+00 dt=5.208333e-03
elapsed=3.904386e+02 cycle=612 time=3.166667e+00 dt=5.208333e-03
elapsed=3.921617e+02 cycle=613 time=3.171875e+00 dt=5.208333e-03
elapsed=3.938189e+02 cycle=614 time=3.177083e+00 dt=5.208333e-03
elapsed=3.954792e+02 cycle=615 time=3.182292e+00 dt=5.208333e-03
elapsed=3.972063e+02 cycle=616 time=3.187500e+00 dt=5.208333e-03
elapsed=3.989405e+02 cycle=617 time=3.192708e+00 dt=5.208333e-03
elapsed=4.005992e+02 cycle=618 time=3.197917e+00 dt=5.208333e-03
elapsed=4.024179e+02 cycle=619 time=3.203125e+00 dt=5.208333e-03
elapsed=4.041243e+02 cycle=620 time=3.208333e+00 dt=5.208333e-03
elapsed=4.057808e+02 cycle=621 time=3.213542e+00 dt=5.208333e-03
elapsed=4.074081e+02 cycle=622 time=3.218750e+00 dt=5.208333e-03
elapsed=4.091838e+02 cycle=623 time=3.223958e+00 dt=5.208333e-03
elapsed=4.108294e+02 cycle=624 time=3.229167e+00 dt=5.208333e-03
elapsed=4.124348e+02 cycle=625 time=3.234375e+00 dt=5.208333e-03
elapsed=4.141143e+02 cycle=626 time=3.239583e+00 dt=5.208333e-03
elapsed=4.158126e+02 cycle=627 time=3.244792e+00 dt=5.208333e-03
elapsed=4.175254e+02 cycle=628 time=3.250000e+00 dt=5.208333e-03
elapsed=4.191853e+02 cycle=629 time=3.255208e+00 dt=5.208333e-03
elapsed=4.208815e+02 cycle=630 time=3.260417e+00 dt=5.208333e-03
elapsed=4.227051e+02 cycle=631 time=3.265625e+00 dt=5.208333e-03
elapsed=4.244170e+02 cycle=632 time=3.270833e+00 dt=5.208333e-03
elapsed=4.261272e+02 cycle=633 time=3.276042e+00 dt=5.208333e-03
elapsed=4.277981e+02 cycle=634 time=3.281250e+00 dt=5.208333e-03
elapsed=4.295346e+02 cycle=635 time=3.286458e+00 dt=5.208333e-03
elapsed=4.312063e+02 cycle=636 time=3.291667e+00 dt=5.208333e-03
elapsed=4.329549e+02 cycle=637 time=3.296875e+00 dt=5.208333e-03
elapsed=4.347797e+02 cycle=638 time=3.302083e+00 dt=5.208333e-03
elapsed=4.365548e+02 cycle=639 time=3.307292e+00 dt=5.208333e-03
elapsed=4.383241e+02 cycle=640 time=3.312500e+00 dt=5.208333e-03
elapsed=4.399604e+02 cycle=641 time=3.317708e+00 dt=5.208333e-03
elapsed=4.417285e+02 cycle=642 time=3.322917e+00 dt=5.208333e-03
elapsed=4.434575e+02 cycle=643 time=3.328125e+00 dt=5.208333e-03
elapsed=4.451907e+02 cycle=644 time=3.333333e+00 dt=5.208333e-03
elapsed=4.469993e+02 cycle=645 time=3.338542e+00 dt=5.208333e-03
elapsed=4.487235e+02 cycle=646 time=3.343750e+00 dt=5.208333e-03
elapsed=4.503613e+02 cycle=647 time=3.348958e+00 dt=5.208333e-03
elapsed=4.521383e+02 cycle=648 time=3.354167e+00 dt=5.208333e-03
elapsed=4.539402e+02 cycle=649 time=3.359375e+00 dt=5.208333e-03
elapsed=4.555972e+02 cycle=650 time=3.364583e+00 dt=5.208333e-03
elapsed=4.574046e+02 cycle=651 time=3.369792e+00 dt=5.208333e-03
elapsed=4.591138e+02 cycle=652 time=3.375000e+00 dt=5.208333e-03
elapsed=4.608651e+02 cycle=653 time=3.380208e+00 dt=5.208333e-03
elapsed=4.626587e+02 cycle=654 time=3.385417e+00 dt=5.208333e-03
elapsed=4.644932e+02 cycle=655 time=3.390625e+00 dt=5.208333e-03
elapsed=4.662297e+02 cycle=656 time=3.395833e+00 dt=5.208333e-03
elapsed=4.680490e+02 cycle=657 time=3.401042e+00 dt=5.208333e-03
elapsed=4.697566e+02 cycle=658 time=3.406250e+00 dt=5.208333e-03
elapsed=4.715657e+02 cycle=659 time=3.411458e+00 dt=5.208333e-03
elapsed=4.744987e+02 cycle=660 time=3.416667e+00 dt=5.208333e-03
elapsed=4.796126e+02 cycle=661 time=3.421875e+00 dt=5.208333e-03
elapsed=4.846727e+02 cycle=662 time=3.427083e+00 dt=5.208333e-03
elapsed=4.880163e+02 cycle=663 time=3.432292e+00 dt=5.208333e-03
elapsed=4.897015e+02 cycle=664 time=3.437500e+00 dt=5.208333e-03
elapsed=4.915848e+02 cycle=665 time=3.442708e+00 dt=5.208333e-03
elapsed=4.933158e+02 cycle=666 time=3.447917e+00 dt=5.208333e-03
elapsed=4.951021e+02 cycle=667 time=3.453125e+00 dt=5.208333e-03
elapsed=4.967617e+02 cycle=668 time=3.458333e+00 dt=5.208333e-03
elapsed=4.985746e+02 cycle=669 time=3.463542e+00 dt=5.208333e-03
elapsed=5.004398e+02 cycle=670 time=3.468750e+00 dt=5.208333e-03
elapsed=5.021816e+02 cycle=671 time=3.473958e+00 dt=5.208333e-03
elapsed=5.039161e+02 cycle=672 time=3.479167e+00 dt=5.208333e-03
elapsed=5.056519e+02 cycle=673 time=3.484375e+00 dt=5.208333e-03
elapsed=5.072959e+02 cycle=674 time=3.489583e+00 dt=5.208333e-03
elapsed=5.089375e+02 cycle=675 time=3.494792e+00 dt=5.208333e-03
elapsed=5.107588e+02 cycle=676 time=3.500000e+00 dt=5.208333e-03
elapsed=5.125440e+02 cycle=677 time=3.505208e+00 dt=5.208333e-03
elapsed=5.142349e+02 cycle=678 time=3.510417e+00 dt=5.208333e-03
elapsed=5.158832e+02 cycle=679 time=3.515625e+00 dt=5.208333e-03
elapsed=5.175313e+02 cycle=680 time=3.520833e+00 dt=5.208333e-03
elapsed=5.192436e+02 cycle=681 time=3.526042e+00 dt=5.208333e-03
elapsed=5.208483e+02 cycle=682 time=3.531250e+00 dt=5.208333e-03
elapsed=5.226224e+02 cycle=683 time=3.536458e+00 dt=5.208333e-03
elapsed=5.242395e+02 cycle=684 time=3.541667e+00 dt=5.208333e-03
elapsed=5.259374e+02 cycle=685 time=3.546875e+00 dt=5.208333e-03
elapsed=5.276693e+02 cycle=686 time=3.552083e+00 dt=5.208333e-03
elapsed=5.293558e+02 cycle=687 time=3.557292e+00 dt=5.208333e-03
elapsed=5.309884e+02 cycle=688 time=3.562500e+00 dt=5.208333e-03
elapsed=5.327606e+02 cycle=689 time=3.567708e+00 dt=5.208333e-03
elapsed=5.344816e+02 cycle=690 time=3.572917e+00 dt=5.208333e-03
elapsed=5.361820e+02 cycle=691 time=3.578125e+00 dt=5.208333e-03
elapsed=5.379541e+02 cycle=692 time=3.583333e+00 dt=5.208333e-03
elapsed=5.397402e+02 cycle=693 time=3.588542e+00 dt=5.208333e-03
elapsed=5.415165e+02 cycle=694 time=3.593750e+00 dt=5.208333e-03
elapsed=5.431669e+02 cycle=695 time=3.598958e+00 dt=5.208333e-03
elapsed=5.450084e+02 cycle=696 time=3.604167e+00 dt=5.208333e-03
elapsed=5.467394e+02 cycle=697 time=3.609375e+00 dt=5.208333e-03
elapsed=5.484091e+02 cycle=698 time=3.614583e+00 dt=5.208333e-03
elapsed=5.501656e+02 cycle=699 time=3.619792e+00 dt=5.208333e-03
elapsed=5.518626e+02 cycle=700 time=3.625000e+00 dt=5.208333e-03
elapsed=5.536206e+02 cycle=701 time=3.630208e+00 dt=5.208333e-03
elapsed=5.552737e+02 cycle=702 time=3.635417e+00 dt=5.208333e-03
elapsed=5.570877e+02 cycle=703 time=3.640625e+00 dt=5.208333e-03
elapsed=5.588350e+02 cycle=704 time=3.645833e+00 dt=5.208333e-03
elapsed=5.606260e+02 cycle=705 time=3.651042e+00 dt=5.208333e-03
elapsed=5.623598e+02 cycle=706 time=3.656250e+00 dt=5.208333e-03
elapsed=5.641164e+02 cycle=707 time=3.661458e+00 dt=5.208333e-03
elapsed=5.658708e+02 cycle=708 time=3.666667e+00 dt=5.208333e-03
elapsed=5.675194e+02 cycle=709 time=3.671875e+00 dt=5.208333e-03
elapsed=5.692238e+02 cycle=710 time=3.677083e+00 dt=5.208333e-03
elapsed=5.709702e+02 cycle=711 time=3.682292e+00 dt=5.208333e-03
elapsed=5.727445e+02 cycle=712 time=3.687500e+00 dt=5.208333e-03
elapsed=5.744178e+02 cycle=713 time=3.692708e+00 dt=5.208333e-03
elapsed=5.762074e+02 cycle=714 time=3.697917e+00 dt=5.208333e-03
elapsed=5.778829e+02 cycle=715 time=3.703125e+00 dt=5.208333e-03
elapsed=5.795395e+02 cycle=716 time=3.708333e+00 dt=5.208333e-03
elapsed=5.812331e+02 cycle=717 time=3.713542e+00 dt=5.208333e-03
elapsed=5.828954e+02 cycle=718 time=3.718750e+00 dt=5.208333e-03
elapsed=5.845951e+02 cycle=719 time=3.723958e+00 dt=5.208333e-03
elapsed=5.862872e+02 cycle=720 time=3.729167e+00 dt=5.208333e-03
elapsed=5.879629e+02 cycle=721 time=3.734375e+00 dt=5.208333e-03
elapsed=5.897347e+02 cycle=722 time=3.739583e+00 dt=5.208333e-03
elapsed=5.914664e+02 cycle=723 time=3.744792e+00 dt=5.208333e-03
elapsed=5.931605e+02 cycle=724 time=3.750000e+00 dt=5.208333e-03
elapsed=5.948185e+02 cycle=725 time=3.755208e+00 dt=5.208333e-03
elapsed=5.965280e+02 cycle=726 time=3.760417e+00 dt=5.208333e-03
elapsed=5.982958e+02 cycle=727 time=3.765625e+00 dt=5.208333e-03
elapsed=5.999497e+02 cycle=728 time=3.770833e+00 dt=5.208333e-03
elapsed=6.016514e+02 cycle=729 time=3.776042e+00 dt=5.208333e-03
elapsed=6.034161e+02 cycle=730 time=3.781250e+00 dt=5.208333e-03
elapsed=6.051080e+02 cycle=731 time=3.786458e+00 dt=5.208333e-03
elapsed=6.068137e+02 cycle=732 time=3.791667e+00 dt=5.208333e-03
elapsed=6.085184e+02 cycle=733 time=3.796875e+00 dt=5.208333e-03
elapsed=6.102189e+02 cycle=734 time=3.802083e+00 dt=5.208333e-03
elapsed=6.119960e+02 cycle=735 time=3.807292e+00 dt=5.208333e-03
elapsed=6.136714e+02 cycle=736 time=3.812500e+00 dt=5.208333e-03
elapsed=6.154184e+02 cycle=737 time=3.817708e+00 dt=5.208333e-03
elapsed=6.171832e+02 cycle=738 time=3.822917e+00 dt=5.208333e-03
elapsed=6.189258e+02 cycle=739 time=3.828125e+00 dt=5.208333e-03
elapsed=6.206127e+02 cycle=740 time=3.833333e+00 dt=5.208333e-03
elapsed=6.224167e+02 cycle=741 time=3.838542e+00 dt=5.208333e-03
elapsed=6.240303e+02 cycle=742 time=3.843750e+00 dt=5.208333e-03
elapsed=6.257201e+02 cycle=743 time=3.848958e+00 dt=5.208333e-03
elapsed=6.275168e+02 cycle=744 time=3.854167e+00 dt=5.208333e-03
elapsed=6.292652e+02 cycle=745 time=3.859375e+00 dt=5.208333e-03
elapsed=6.309506e+02 cycle=746 time=3.864583e+00 dt=5.208333e-03
elapsed=6.326994e+02 cycle=747 time=3.869792e+00 dt=5.208333e-03
elapsed=6.344826e+02 cycle=748 time=3.875000e+00 dt=5.208333e-03
elapsed=6.361957e+02 cycle=749 time=3.880208e+00 dt=5.208333e-03
elapsed=6.379161e+02 cycle=750 time=3.885417e+00 dt=5.208333e-03
elapsed=6.396225e+02 cycle=751 time=3.890625e+00 dt=5.208333e-03
elapsed=6.412703e+02 cycle=752 time=3.895833e+00 dt=5.208333e-03
elapsed=6.429359e+02 cycle=753 time=3.901042e+00 dt=5.208333e-03
elapsed=6.446336e+02 cycle=754 time=3.906250e+00 dt=5.208333e-03
elapsed=6.463596e+02 cycle=755 time=3.911458e+00 dt=5.208333e-03
elapsed=6.480177e+02 cycle=756 time=3.916667e+00 dt=5.208333e-03
elapsed=6.497168e+02 cycle=757 time=3.921875e+00 dt=5.208333e-03
elapsed=6.514920e+02 cycle=758 time=3.927083e+00 dt=5.208333e-03
elapsed=6.532102e+02 cycle=759 time=3.932292e+00 dt=5.208333e-03
elapsed=6.550825e+02 cycle=760 time=3.937500e+00 dt=5.208333e-03
elapsed=6.567378e+02 cycle=761 time=3.942708e+00 dt=5.208333e-03
elapsed=6.585228e+02 cycle=762 time=3.947917e+00 dt=5.208333e-03
elapsed=6.602229e+02 cycle=763 time=3.953125e+00 dt=5.208333e-03
elapsed=6.619262e+02 cycle=764 time=3.958333e+00 dt=5.208333e-03
elapsed=6.637160e+02 cycle=765 time=3.963542e+00 dt=5.208333e-03
elapsed=6.655889e+02 cycle=766 time=3.968750e+00 dt=5.208333e-03
elapsed=6.673298e+02 cycle=767 time=3.973958e+00 dt=5.208333e-03
elapsed=6.690063e+02 cycle=768 time=3.979167e+00 dt=5.208333e-03
elapsed=6.707362e+02 cycle=769 time=3.984375e+00 dt=5.208333e-03
elapsed=6.724650e+02 cycle=770 time=3.989583e+00 dt=5.208333e-03
elapsed=6.742828e+02 cycle=771 time=3.994792e+00 dt=5.208333e-03
elapsed=6.760427e+02 cycle=772 time=4.000000e+00 dt=5.208333e-03
elapsed=6.778343e+02 cycle=773 time=4.005208e+00 dt=5.208333e-03
elapsed=6.796294e+02 cycle=774 time=4.010417e+00 dt=5.208333e-03
elapsed=6.813468e+02 cycle=775 time=4.015625e+00 dt=5.208333e-03
elapsed=6.830778e+02 cycle=776 time=4.020833e+00 dt=5.208333e-03
elapsed=6.847777e+02 cycle=777 time=4.026042e+00 dt=5.208333e-03
elapsed=6.864129e+02 cycle=778 time=4.031250e+00 dt=5.208333e-03
elapsed=6.882237e+02 cycle=779 time=4.036458e+00 dt=5.208333e-03
elapsed=6.899735e+02 cycle=780 time=4.041667e+00 dt=5.208333e-03
elapsed=6.917442e+02 cycle=781 time=4.046875e+00 dt=5.208333e-03
elapsed=6.935496e+02 cycle=782 time=4.052083e+00 dt=5.208333e-03
elapsed=6.953264e+02 cycle=783 time=4.057292e+00 dt=5.208333e-03
elapsed=6.970834e+02 cycle=784 time=4.062500e+00 dt=5.208333e-03
elapsed=6.989284e+02 cycle=785 time=4.067708e+00 dt=5.208333e-03
elapsed=7.007247e+02 cycle=786 time=4.072917e+00 dt=5.208333e-03
elapsed=7.025224e+02 cycle=787 time=4.078125e+00 dt=5.208333e-03
elapsed=7.042414e+02 cycle=788 time=4.083333e+00 dt=5.208333e-03
elapsed=7.060327e+02 cycle=789 time=4.088542e+00 dt=5.208333e-03
elapsed=7.077544e+02 cycle=790 time=4.093750e+00 dt=5.208333e-03
elapsed=7.094861e+02 cycle=791 time=4.098958e+00 dt=5.208333e-03
elapsed=7.113334e+02 cycle=792 time=4.104167e+00 dt=5.208333e-03
elapsed=7.131420e+02 cycle=793 time=4.109375e+00 dt=5.208333e-03
elapsed=7.149263e+02 cycle=794 time=4.114583e+00 dt=5.208333e-03
elapsed=7.166585e+02 cycle=795 time=4.119792e+00 dt=5.208333e-03
elapsed=7.184408e+02 cycle=796 time=4.125000e+00 dt=5.208333e-03
elapsed=7.201625e+02 cycle=797 time=4.130208e+00 dt=5.208333e-03
elapsed=7.220002e+02 cycle=798 time=4.135417e+00 dt=5.208333e-03
elapsed=7.236684e+02 cycle=799 time=4.140625e+00 dt=5.208333e-03
elapsed=7.254013e+02 cycle=800 time=4.145833e+00 dt=5.208333e-03
elapsed=7.271476e+02 cycle=801 time=4.151042e+00 dt=5.208333e-03
elapsed=7.287964e+02 cycle=802 time=4.156250e+00 dt=5.208333e-03
elapsed=7.304735e+02 cycle=803 time=4.161458e+00 dt=5.208333e-03
elapsed=7.322491e+02 cycle=804 time=4.166667e+00 dt=5.208333e-03
elapsed=7.340077e+02 cycle=805 time=4.171875e+00 dt=5.208333e-03
elapsed=7.356985e+02 cycle=806 time=4.177083e+00 dt=5.208333e-03
elapsed=7.374429e+02 cycle=807 time=4.182292e+00 dt=5.208333e-03
elapsed=7.391868e+02 cycle=808 time=4.187500e+00 dt=5.208333e-03
elapsed=7.409825e+02 cycle=809 time=4.192708e+00 dt=5.208333e-03
elapsed=7.426222e+02 cycle=810 time=4.197917e+00 dt=5.208333e-03
elapsed=7.444424e+02 cycle=811 time=4.203125e+00 dt=5.208333e-03
elapsed=7.460502e+02 cycle=812 time=4.208333e+00 dt=5.208333e-03
elapsed=7.478159e+02 cycle=813 time=4.213542e+00 dt=5.208333e-03
elapsed=7.496486e+02 cycle=814 time=4.218750e+00 dt=5.208333e-03
elapsed=7.513055e+02 cycle=815 time=4.223958e+00 dt=5.208333e-03
elapsed=7.530306e+02 cycle=816 time=4.229167e+00 dt=5.208333e-03
elapsed=7.547730e+02 cycle=817 time=4.234375e+00 dt=5.208333e-03
elapsed=7.564700e+02 cycle=818 time=4.239583e+00 dt=5.208333e-03
elapsed=7.582455e+02 cycle=819 time=4.244792e+00 dt=5.208333e-03
elapsed=7.598911e+02 cycle=820 time=4.250000e+00 dt=5.208333e-03
elapsed=7.615485e+02 cycle=821 time=4.255208e+00 dt=5.208333e-03
elapsed=7.633026e+02 cycle=822 time=4.260417e+00 dt=5.208333e-03
elapsed=7.650632e+02 cycle=823 time=4.265625e+00 dt=5.208333e-03
elapsed=7.667431e+02 cycle=824 time=4.270833e+00 dt=5.208333e-03
elapsed=7.684930e+02 cycle=825 time=4.276042e+00 dt=5.208333e-03
elapsed=7.701893e+02 cycle=826 time=4.281250e+00 dt=5.208333e-03
elapsed=7.719507e+02 cycle=827 time=4.286458e+00 dt=5.208333e-03
elapsed=7.735614e+02 cycle=828 time=4.291667e+00 dt=5.208333e-03
elapsed=7.751647e+02 cycle=829 time=4.296875e+00 dt=5.208333e-03
elapsed=7.769387e+02 cycle=830 time=4.302083e+00 dt=5.208333e-03
elapsed=7.786742e+02 cycle=831 time=4.307292e+00 dt=5.208333e-03
elapsed=7.803282e+02 cycle=832 time=4.312500e+00 dt=5.208333e-03
elapsed=7.820623e+02 cycle=833 time=4.317708e+00 dt=5.208333e-03
elapsed=7.837359e+02 cycle=834 time=4.322917e+00 dt=5.208333e-03
elapsed=7.854884e+02 cycle=835 time=4.328125e+00 dt=5.208333e-03
elapsed=7.872457e+02 cycle=836 time=4.333333e+00 dt=5.208333e-03
elapsed=7.890256e+02 cycle=837 time=4.338542e+00 dt=5.208333e-03
elapsed=7.907161e+02 cycle=838 time=4.343750e+00 dt=5.208333e-03
elapsed=7.924301e+02 cycle=839 time=4.348958e+00 dt=5.208333e-03
elapsed=7.942434e+02 cycle=840 time=4.354167e+00 dt=5.208333e-03
elapsed=7.959644e+02 cycle=841 time=4.359375e+00 dt=5.208333e-03
elapsed=7.977898e+02 cycle=842 time=4.364583e+00 dt=5.208333e-03
elapsed=7.996053e+02 cycle=843 time=4.369792e+00 dt=5.208333e-03
elapsed=8.013172e+02 cycle=844 time=4.375000e+00 dt=5.208333e-03
elapsed=8.030006e+02 cycle=845 time=4.380208e+00 dt=5.208333e-03
elapsed=8.047185e+02 cycle=846 time=4.385417e+00 dt=5.208333e-03
elapsed=8.064408e+02 cycle=847 time=4.390625e+00 dt=5.208333e-03
elapsed=8.080237e+02 cycle=848 time=4.395833e+00 dt=5.208333e-03
elapsed=8.096976e+02 cycle=849 time=4.401042e+00 dt=5.208333e-03
elapsed=8.115351e+02 cycle=850 time=4.406250e+00 dt=5.208333e-03
elapsed=8.132366e+02 cycle=851 time=4.411458e+00 dt=5.208333e-03
elapsed=8.149491e+02 cycle=852 time=4.416667e+00 dt=5.208333e-03
elapsed=8.167225e+02 cycle=853 time=4.421875e+00 dt=5.208333e-03
elapsed=8.185546e+02 cycle=854 time=4.427083e+00 dt=5.208333e-03
elapsed=8.202484e+02 cycle=855 time=4.432292e+00 dt=5.208333e-03
elapsed=8.220404e+02 cycle=856 time=4.437500e+00 dt=5.208333e-03
elapsed=8.237773e+02 cycle=857 time=4.442708e+00 dt=5.208333e-03
elapsed=8.256452e+02 cycle=858 time=4.447917e+00 dt=5.208333e-03
elapsed=8.273784e+02 cycle=859 time=4.453125e+00 dt=5.208333e-03
elapsed=8.292059e+02 cycle=860 time=4.458333e+00 dt=5.208333e-03
elapsed=8.309818e+02 cycle=861 time=4.463542e+00 dt=5.208333e-03
elapsed=8.327272e+02 cycle=862 time=4.468750e+00 dt=5.208333e-03
elapsed=8.345273e+02 cycle=863 time=4.473958e+00 dt=5.208333e-03
elapsed=8.362771e+02 cycle=864 time=4.479167e+00 dt=5.208333e-03
elapsed=8.380349e+02 cycle=865 time=4.484375e+00 dt=5.208333e-03
elapsed=8.396951e+02 cycle=866 time=4.489583e+00 dt=5.208333e-03
elapsed=8.413563e+02 cycle=867 time=4.494792e+00 dt=5.208333e-03
elapsed=8.431792e+02 cycle=868 time=4.500000e+00 dt=5.208333e-03
elapsed=8.448305e+02 cycle=869 time=4.505208e+00 dt=5.208333e-03
elapsed=8.466279e+02 cycle=870 time=4.510417e+00 dt=5.208333e-03
elapsed=8.483685e+02 cycle=871 time=4.515625e+00 dt=5.208333e-03
elapsed=8.500987e+02 cycle=872 time=4.520833e+00 dt=5.208333e-03
elapsed=8.518649e+02 cycle=873 time=4.526042e+00 dt=5.208333e-03
elapsed=8.535924e+02 cycle=874 time=4.531250e+00 dt=5.208333e-03
elapsed=8.553929e+02 cycle=875 time=4.536458e+00 dt=5.208333e-03
elapsed=8.570557e+02 cycle=876 time=4.541667e+00 dt=5.208333e-03
elapsed=8.588290e+02 cycle=877 time=4.546875e+00 dt=5.208333e-03
elapsed=8.606048e+02 cycle=878 time=4.552083e+00 dt=5.208333e-03
elapsed=8.624187e+02 cycle=879 time=4.557292e+00 dt=5.208333e-03
elapsed=8.641137e+02 cycle=880 time=4.562500e+00 dt=5.208333e-03
elapsed=8.659804e+02 cycle=881 time=4.567708e+00 dt=5.208333e-03
elapsed=8.677712e+02 cycle=882 time=4.572917e+00 dt=5.208333e-03
elapsed=8.695152e+02 cycle=883 time=4.578125e+00 dt=5.208333e-03
elapsed=8.712433e+02 cycle=884 time=4.583333e+00 dt=5.208333e-03
elapsed=8.729705e+02 cycle=885 time=4.588542e+00 dt=5.208333e-03
elapsed=8.747610e+02 cycle=886 time=4.593750e+00 dt=5.208333e-03
elapsed=8.765577e+02 cycle=887 time=4.598958e+00 dt=5.208333e-03
elapsed=8.783771e+02 cycle=888 time=4.604167e+00 dt=5.208333e-03
elapsed=8.801731e+02 cycle=889 time=4.609375e+00 dt=5.208333e-03
elapsed=8.818338e+02 cycle=890 time=4.614583e+00 dt=5.208333e-03
elapsed=8.836502e+02 cycle=891 time=4.619792e+00 dt=5.208333e-03
elapsed=8.853859e+02 cycle=892 time=4.625000e+00 dt=5.208333e-03
elapsed=8.870332e+02 cycle=893 time=4.630208e+00 dt=5.208333e-03
elapsed=8.887913e+02 cycle=894 time=4.635417e+00 dt=5.208333e-03
elapsed=8.904753e+02 cycle=895 time=4.640625e+00 dt=5.208333e-03
elapsed=8.922668e+02 cycle=896 time=4.645833e+00 dt=5.208333e-03
elapsed=8.940148e+02 cycle=897 time=4.651042e+00 dt=5.208333e-03
elapsed=8.958354e+02 cycle=898 time=4.656250e+00 dt=5.208333e-03
elapsed=8.975538e+02 cycle=899 time=4.661458e+00 dt=5.208333e-03
elapsed=8.992782e+02 cycle=900 time=4.666667e+00 dt=5.208333e-03
elapsed=9.011070e+02 cycle=901 time=4.671875e+00 dt=5.208333e-03
elapsed=9.029541e+02 cycle=902 time=4.677083e+00 dt=5.208333e-03
elapsed=9.047167e+02 cycle=903 time=4.682292e+00 dt=5.208333e-03
elapsed=9.064490e+02 cycle=904 time=4.687500e+00 dt=5.208333e-03
elapsed=9.082567e+02 cycle=905 time=4.692708e+00 dt=5.208333e-03
elapsed=9.100184e+02 cycle=906 time=4.697917e+00 dt=5.208333e-03
elapsed=9.118382e+02 cycle=907 time=4.703125e+00 dt=5.208333e-03
elapsed=9.135971e+02 cycle=908 time=4.708333e+00 dt=5.208333e-03
elapsed=9.154209e+02 cycle=909 time=4.713542e+00 dt=5.208333e-03
elapsed=9.171304e+02 cycle=910 time=4.718750e+00 dt=5.208333e-03
elapsed=9.189709e+02 cycle=911 time=4.723958e+00 dt=5.208333e-03
elapsed=9.207842e+02 cycle=912 time=4.729167e+00 dt=5.208333e-03
elapsed=9.225745e+02 cycle=913 time=4.734375e+00 dt=5.208333e-03
elapsed=9.243066e+02 cycle=914 time=4.739583e+00 dt=5.208333e-03
elapsed=9.260761e+02 cycle=915 time=4.744792e+00 dt=5.208333e-03
elapsed=9.277887e+02 cycle=916 time=4.750000e+00 dt=5.208333e-03
elapsed=9.295614e+02 cycle=917 time=4.755208e+00 dt=5.208333e-03
elapsed=9.314010e+02 cycle=918 time=4.760417e+00 dt=5.208333e-03
elapsed=9.332489e+02 cycle=919 time=4.765625e+00 dt=5.208333e-03
elapsed=9.350610e+02 cycle=920 time=4.770833e+00 dt=5.208333e-03
elapsed=9.368477e+02 cycle=921 time=4.776042e+00 dt=5.208333e-03
elapsed=9.386032e+02 cycle=922 time=4.781250e+00 dt=5.208333e-03
elapsed=9.404466e+02 cycle=923 time=4.786458e+00 dt=5.208333e-03
elapsed=9.420843e+02 cycle=924 time=4.791667e+00 dt=5.208333e-03
elapsed=9.437148e+02 cycle=925 time=4.796875e+00 dt=5.208333e-03
elapsed=9.455507e+02 cycle=926 time=4.802083e+00 dt=5.208333e-03
elapsed=9.473303e+02 cycle=927 time=4.807292e+00 dt=5.208333e-03
elapsed=9.490213e+02 cycle=928 time=4.812500e+00 dt=5.208333e-03
elapsed=9.507401e+02 cycle=929 time=4.817708e+00 dt=5.208333e-03
elapsed=9.524685e+02 cycle=930 time=4.822917e+00 dt=5.208333e-03
elapsed=9.540876e+02 cycle=931 time=4.828125e+00 dt=5.208333e-03
elapsed=9.557771e+02 cycle=932 time=4.833333e+00 dt=5.208333e-03
elapsed=9.575003e+02 cycle=933 time=4.838542e+00 dt=5.208333e-03
elapsed=9.593754e+02 cycle=934 time=4.843750e+00 dt=5.208333e-03
elapsed=9.611170e+02 cycle=935 time=4.848958e+00 dt=5.208333e-03
elapsed=9.628379e+02 cycle=936 time=4.854167e+00 dt=5.208333e-03
elapsed=9.645238e+02 cycle=937 time=4.859375e+00 dt=5.208333e-03
elapsed=9.663301e+02 cycle=938 time=4.864583e+00 dt=5.208333e-03
elapsed=9.681310e+02 cycle=939 time=4.869792e+00 dt=5.208333e-03
elapsed=9.698472e+02 cycle=940 time=4.875000e+00 dt=5.208333e-03
elapsed=9.715650e+02 cycle=941 time=4.880208e+00 dt=5.208333e-03
elapsed=9.734137e+02 cycle=942 time=4.885417e+00 dt=5.208333e-03
elapsed=9.751461e+02 cycle=943 time=4.890625e+00 dt=5.208333e-03
elapsed=9.769837e+02 cycle=944 time=4.895833e+00 dt=5.208333e-03
elapsed=9.790783e+02 cycle=945 time=4.901042e+00 dt=5.208333e-03
elapsed=9.811345e+02 cycle=946 time=4.906250e+00 dt=5.208333e-03
elapsed=9.831183e+02 cycle=947 time=4.911458e+00 dt=5.208333e-03
elapsed=9.851520e+02 cycle=948 time=4.916667e+00 dt=5.208333e-03
elapsed=9.872405e+02 cycle=949 time=4.921875e+00 dt=5.208333e-03
elapsed=9.893533e+02 cycle=950 time=4.927083e+00 dt=5.208333e-03
elapsed=9.914868e+02 cycle=951 time=4.932292e+00 dt=5.208333e-03
elapsed=9.937042e+02 cycle=952 time=4.937500e+00 dt=5.208333e-03
elapsed=9.957882e+02 cycle=953 time=4.942708e+00 dt=5.208333e-03
elapsed=9.978221e+02 cycle=954 time=4.947917e+00 dt=5.208333e-03
elapsed=9.998958e+02 cycle=955 time=4.953125e+00 dt=5.208333e-03
elapsed=1.002054e+03 cycle=956 time=4.958333e+00 dt=5.208333e-03
elapsed=1.004069e+03 cycle=957 time=4.963542e+00 dt=5.208333e-03
elapsed=1.006232e+03 cycle=958 time=4.968750e+00 dt=5.208333e-03
elapsed=1.008299e+03 cycle=959 time=4.973958e+00 dt=5.208333e-03
elapsed=1.010318e+03 cycle=960 time=4.979167e+00 dt=5.208333e-03
elapsed=1.012314e+03 cycle=961 time=4.984375e+00 dt=5.208333e-03
elapsed=1.014420e+03 cycle=962 time=4.989583e+00 dt=5.208333e-03
elapsed=1.016592e+03 cycle=963 time=4.994792e+00 dt=5.208333e-03
elapsed=1.018976e+03 cycle=964 time=5.000000e+00 dt=5.208333e-03

Terminating on time limit
time=5.000000e+00 cycle=964
tlim=5.000000e+00 nlim=-1

MeshBlock-cycles = 221184
cpu time used  = 1.017355e+03
zone-cycles/cpu_second = 1.113143e+05
particle-updates/cpu_second = 0.000000e+00
