### WARNING in /lus/flare/projects/CompactBinaryMerger/hzhu/refgh_relative_damped_single_hole_20260830_pvc_v2/src/src/mesh/load_balance.cpp at line 83
Number of MeshBlocks cannot be divided evenly by number of MPI ranks. This will result in poor load balancing.

Root grid = 3 x 3 x 3 MeshBlocks
Total number of MeshBlocks = 328
Number of logical  levels of refinement = 5 (6 levels total)
Number of physical levels of refinement = 3 (4 levels total)
  Physical level = 1 (logical level = 3): 208 MeshBlocks, cost = 208
  Physical level = 2 (logical level = 4): 56 MeshBlocks, cost = 56
  Physical level = 3 (logical level = 5): 64 MeshBlocks, cost = 64
Number of parallel ranks = 144
  Rank = 0: 2 MeshBlocks, cost = 2
  Rank = 1: 2 MeshBlocks, cost = 2
  Rank = 2: 2 MeshBlocks, cost = 2
  Rank = 3: 2 MeshBlocks, cost = 2
  Rank = 4: 2 MeshBlocks, cost = 2
  Rank = 5: 2 MeshBlocks, cost = 2
  Rank = 6: 2 MeshBlocks, cost = 2
  Rank = 7: 2 MeshBlocks, cost = 2
  Rank = 8: 2 MeshBlocks, cost = 2
  Rank = 9: 2 MeshBlocks, cost = 2
  Rank = 10: 2 MeshBlocks, cost = 2
  Rank = 11: 2 MeshBlocks, cost = 2
  Rank = 12: 2 MeshBlocks, cost = 2
  Rank = 13: 2 MeshBlocks, cost = 2
  Rank = 14: 2 MeshBlocks, cost = 2
  Rank = 15: 2 MeshBlocks, cost = 2
  Rank = 16: 2 MeshBlocks, cost = 2
  Rank = 17: 2 MeshBlocks, cost = 2
  Rank = 18: 2 MeshBlocks, cost = 2
  Rank = 19: 2 MeshBlocks, cost = 2
  Rank = 20: 2 MeshBlocks, cost = 2
  Rank = 21: 2 MeshBlocks, cost = 2
  Rank = 22: 2 MeshBlocks, cost = 2
  Rank = 23: 2 MeshBlocks, cost = 2
  Rank = 24: 2 MeshBlocks, cost = 2
  Rank = 25: 2 MeshBlocks, cost = 2
  Rank = 26: 2 MeshBlocks, cost = 2
  Rank = 27: 2 MeshBlocks, cost = 2
  Rank = 28: 2 MeshBlocks, cost = 2
  Rank = 29: 2 MeshBlocks, cost = 2
  Rank = 30: 2 MeshBlocks, cost = 2
  Rank = 31: 2 MeshBlocks, cost = 2
  Rank = 32: 2 MeshBlocks, cost = 2
  Rank = 33: 2 MeshBlocks, cost = 2
  Rank = 34: 2 MeshBlocks, cost = 2
  Rank = 35: 2 MeshBlocks, cost = 2
  Rank = 36: 2 MeshBlocks, cost = 2
  Rank = 37: 2 MeshBlocks, cost = 2
  Rank = 38: 2 MeshBlocks, cost = 2
  Rank = 39: 2 MeshBlocks, cost = 2
  Rank = 40: 2 MeshBlocks, cost = 2
  Rank = 41: 2 MeshBlocks, cost = 2
  Rank = 42: 2 MeshBlocks, cost = 2
  Rank = 43: 2 MeshBlocks, cost = 2
  Rank = 44: 2 MeshBlocks, cost = 2
  Rank = 45: 2 MeshBlocks, cost = 2
  Rank = 46: 2 MeshBlocks, cost = 2
  Rank = 47: 2 MeshBlocks, cost = 2
  Rank = 48: 2 MeshBlocks, cost = 2
  Rank = 49: 2 MeshBlocks, cost = 2
  Rank = 50: 2 MeshBlocks, cost = 2
  Rank = 51: 2 MeshBlocks, cost = 2
  Rank = 52: 2 MeshBlocks, cost = 2
  Rank = 53: 2 MeshBlocks, cost = 2
  Rank = 54: 2 MeshBlocks, cost = 2
  Rank = 55: 2 MeshBlocks, cost = 2
  Rank = 56: 2 MeshBlocks, cost = 2
  Rank = 57: 2 MeshBlocks, cost = 2
  Rank = 58: 2 MeshBlocks, cost = 2
  Rank = 59: 2 MeshBlocks, cost = 2
  Rank = 60: 2 MeshBlocks, cost = 2
  Rank = 61: 2 MeshBlocks, cost = 2
  Rank = 62: 2 MeshBlocks, cost = 2
  Rank = 63: 2 MeshBlocks, cost = 2
  Rank = 64: 2 MeshBlocks, cost = 2
  Rank = 65: 2 MeshBlocks, cost = 2
  Rank = 66: 2 MeshBlocks, cost = 2
  Rank = 67: 2 MeshBlocks, cost = 2
  Rank = 68: 2 MeshBlocks, cost = 2
  Rank = 69: 2 MeshBlocks, cost = 2
  Rank = 70: 2 MeshBlocks, cost = 2
  Rank = 71: 2 MeshBlocks, cost = 2
  Rank = 72: 2 MeshBlocks, cost = 2
  Rank = 73: 2 MeshBlocks, cost = 2
  Rank = 74: 2 MeshBlocks, cost = 2
  Rank = 75: 2 MeshBlocks, cost = 2
  Rank = 76: 2 MeshBlocks, cost = 2
  Rank = 77: 2 MeshBlocks, cost = 2
  Rank = 78: 2 MeshBlocks, cost = 2
  Rank = 79: 2 MeshBlocks, cost = 2
  Rank = 80: 2 MeshBlocks, cost = 2
  Rank = 81: 2 MeshBlocks, cost = 2
  Rank = 82: 2 MeshBlocks, cost = 2
  Rank = 83: 2 MeshBlocks, cost = 2
  Rank = 84: 2 MeshBlocks, cost = 2
  Rank = 85: 2 MeshBlocks, cost = 2
  Rank = 86: 2 MeshBlocks, cost = 2
  Rank = 87: 2 MeshBlocks, cost = 2
  Rank = 88: 2 MeshBlocks, cost = 2
  Rank = 89: 2 MeshBlocks, cost = 2
  Rank = 90: 2 MeshBlocks, cost = 2
  Rank = 91: 2 MeshBlocks, cost = 2
  Rank = 92: 2 MeshBlocks, cost = 2
  Rank = 93: 2 MeshBlocks, cost = 2
  Rank = 94: 2 MeshBlocks, cost = 2
  Rank = 95: 2 MeshBlocks, cost = 2
  Rank = 96: 2 MeshBlocks, cost = 2
  Rank = 97: 2 MeshBlocks, cost = 2
  Rank = 98: 2 MeshBlocks, cost = 2
  Rank = 99: 2 MeshBlocks, cost = 2
  Rank = 100: 2 MeshBlocks, cost = 2
  Rank = 101: 2 MeshBlocks, cost = 2
  Rank = 102: 2 MeshBlocks, cost = 2
  Rank = 103: 2 MeshBlocks, cost = 2
  Rank = 104: 3 MeshBlocks, cost = 3
  Rank = 105: 3 MeshBlocks, cost = 3
  Rank = 106: 3 MeshBlocks, cost = 3
  Rank = 107: 3 MeshBlocks, cost = 3
  Rank = 108: 3 MeshBlocks, cost = 3
  Rank = 109: 3 MeshBlocks, cost = 3
  Rank = 110: 3 MeshBlocks, cost = 3
  Rank = 111: 3 MeshBlocks, cost = 3
  Rank = 112: 3 MeshBlocks, cost = 3
  Rank = 113: 3 MeshBlocks, cost = 3
  Rank = 114: 3 MeshBlocks, cost = 3
  Rank = 115: 3 MeshBlocks, cost = 3
  Rank = 116: 3 MeshBlocks, cost = 3
  Rank = 117: 3 MeshBlocks, cost = 3
  Rank = 118: 3 MeshBlocks, cost = 3
  Rank = 119: 3 MeshBlocks, cost = 3
  Rank = 120: 3 MeshBlocks, cost = 3
  Rank = 121: 3 MeshBlocks, cost = 3
  Rank = 122: 3 MeshBlocks, cost = 3
  Rank = 123: 3 MeshBlocks, cost = 3
  Rank = 124: 3 MeshBlocks, cost = 3
  Rank = 125: 3 MeshBlocks, cost = 3
  Rank = 126: 3 MeshBlocks, cost = 3
  Rank = 127: 3 MeshBlocks, cost = 3
  Rank = 128: 3 MeshBlocks, cost = 3
  Rank = 129: 3 MeshBlocks, cost = 3
  Rank = 130: 3 MeshBlocks, cost = 3
  Rank = 131: 3 MeshBlocks, cost = 3
  Rank = 132: 3 MeshBlocks, cost = 3
  Rank = 133: 3 MeshBlocks, cost = 3
  Rank = 134: 3 MeshBlocks, cost = 3
  Rank = 135: 3 MeshBlocks, cost = 3
  Rank = 136: 3 MeshBlocks, cost = 3
  Rank = 137: 3 MeshBlocks, cost = 3
  Rank = 138: 3 MeshBlocks, cost = 3
  Rank = 139: 3 MeshBlocks, cost = 3
  Rank = 140: 3 MeshBlocks, cost = 3
  Rank = 141: 3 MeshBlocks, cost = 3
  Rank = 142: 3 MeshBlocks, cost = 3
  Rank = 143: 3 MeshBlocks, cost = 3
Load Balancing:
  Maximum normalized cost = 1.5, Average = 1.13889
### FATAL ERROR in /lus/flare/projects/CompactBinaryMerger/hzhu/refgh_relative_damped_single_hole_20260830_pvc_v2/src/src/ref_gh/ref_gh.cpp at line 670
ref_gh requires gamma0>0, gamma2>=0, positive finite gauge and relative-damped parameters, diss>=0, fail_closed_dt>=0, valid positive reference/controller scales, and extrap_order in [2,4].
Kokkos::SYCL ERROR: Failed to call Kokkos::SYCL::finalize()
### FATAL ERROR in /lus/flare/projects/CompactBinaryMerger/hzhu/refgh_relative_damped_single_hole_20260830_pvc_v2/src/src/ref_gh/ref_gh.cpp at line 670
ref_gh requires gamma0>0, gamma2>=0, positive finite gauge and relative-damped parameters, diss>=0, fail_closed_dt>=0, valid positive reference/controller scales, and extrap_order in [2,4].
Kokkos::SYCL ERROR: Failed to call Kokkos::SYCL::finalize()
### FATAL ERROR in /lus/flare/projects/CompactBinaryMerger/hzhu/refgh_relative_damped_single_hole_20260830_pvc_v2/src/src/ref_gh/ref_gh.cpp at line 670
ref_gh requires gamma0>0, gamma2>=0, positive finite gauge and relative-damped parameters, diss>=0, fail_closed_dt>=0, valid positive reference/controller scales, and extrap_order in [2,4].
Kokkos::SYCL ERROR: Failed to call Kokkos::SYCL::finalize()
### FATAL ERROR in /lus/flare/projects/CompactBinaryMerger/hzhu/refgh_relative_damped_single_hole_20260830_pvc_v2/src/src/ref_gh/ref_gh.cpp at line 670
ref_gh requires gamma0>0, gamma2>=0, positive finite gauge and relative-damped parameters, diss>=0, fail_closed_dt>=0, valid positive reference/controller scales, and extrap_order in [2,4].
Kokkos::SYCL ERROR: Failed to call Kokkos::SYCL::finalize()
### FATAL ERROR in /lus/flare/projects/CompactBinaryMerger/hzhu/refgh_relative_damped_single_hole_20260830_pvc_v2/src/src/ref_gh/ref_gh.cpp at line 670
ref_gh requires gamma0>0, gamma2>=0, positive finite gauge and relative-damped parameters, diss>=0, fail_closed_dt>=0, valid positive reference/controller scales, and extrap_order in [2,4].
Kokkos::SYCL ERROR: Failed to call Kokkos::SYCL::finalize()
### FATAL ERROR in /lus/flare/projects/CompactBinaryMerger/hzhu/refgh_relative_damped_single_hole_20260830_pvc_v2/src/src/ref_gh/ref_gh.cpp at line 670
ref_gh requires gamma0>0, gamma2>=0, positive finite gauge and relative-damped parameters, diss>=0, fail_closed_dt>=0, valid positive reference/controller scales, and extrap_order in [2,4].
### FATAL ERROR in /lus/flare/projects/CompactBinaryMerger/hzhu/refgh_relative_damped_single_hole_20260830_pvc_v2/src/src/ref_gh/ref_gh.cpp at line 670
ref_gh requires gamma0>0, gamma2>=0, positive finite gauge and relative-damped parameters, diss>=0, fail_closed_dt>=0, valid positive reference/controller scales, and extrap_order in [2,4].
### FATAL ERROR in /lus/flare/projects/CompactBinaryMerger/hzhu/refgh_relative_damped_single_hole_20260830_pvc_v2/src/src/ref_gh/ref_gh.cpp at line 670
ref_gh requires gamma0>0, gamma2>=0, positive finite gauge and relative-damped parameters, diss>=0, fail_closed_dt>=0, valid positive reference/controller scales, and extrap_order in [2,4].
Kokkos::SYCL ERROR: Failed to call Kokkos::SYCL::finalize()
### FATAL ERROR in /lus/flare/projects/CompactBinaryMerger/hzhu/refgh_relative_damped_single_hole_20260830_pvc_v2/src/src/ref_gh/ref_gh.cpp at line 670
ref_gh requires gamma0>0, gamma2>=0, positive finite gauge and relative-damped parameters, diss>=0, fail_closed_dt>=0, valid positive reference/controller scales, and extrap_order in [2,4].
Kokkos::SYCL ERROR: Failed to call Kokkos::SYCL::finalize()
Kokkos::SYCL ERROR: Failed to call Kokkos::SYCL::finalize()
### FATAL ERROR in /lus/flare/projects/CompactBinaryMerger/hzhu/refgh_relative_damped_single_hole_20260830_pvc_v2/src/src/ref_gh/ref_gh.cpp at line 670
ref_gh requires gamma0>0, gamma2>=0, positive finite gauge and relative-damped parameters, diss>=0, fail_closed_dt>=0, valid positive reference/controller scales, and extrap_order in [2,4].
### FATAL ERROR in /lus/flare/projects/CompactBinaryMerger/hzhu/refgh_relative_damped_single_hole_20260830_pvc_v2/src/src/ref_gh/ref_gh.cpp at line 670
ref_gh requires gamma0>0, gamma2>=0, positive finite gauge and relative-damped parameters, diss>=0, fail_closed_dt>=0, valid positive reference/controller scales, and extrap_order in [2,4].
Kokkos::SYCL ERROR: Failed to call Kokkos::SYCL::finalize()
Kokkos::SYCL ERROR: Failed to call Kokkos::SYCL::finalize()
### FATAL ERROR in /lus/flare/projects/CompactBinaryMerger/hzhu/refgh_relative_damped_single_hole_20260830_pvc_v2/src/src/ref_gh/ref_gh.cpp at line 670
ref_gh requires gamma0>0, gamma2>=0, positive finite gauge and relative-damped parameters, diss>=0, fail_closed_dt>=0, valid positive reference/controller scales, and extrap_order in [2,4].
### FATAL ERROR in /lus/flare/projects/CompactBinaryMerger/hzhu/refgh_relative_damped_single_hole_20260830_pvc_v2/src/src/ref_gh/ref_gh.cpp at line 670
ref_gh requires gamma0>0, gamma2>=0, positive finite gauge and relative-damped parameters, diss>=0, fail_closed_dt>=0, valid positive reference/controller scales, and extrap_order in [2,4].
Kokkos::SYCL ERROR: Failed to call Kokkos::SYCL::finalize()
### FATAL ERROR in /lus/flare/projects/CompactBinaryMerger/hzhu/refgh_relative_damped_single_hole_20260830_pvc_v2/src/src/ref_gh/ref_gh.cpp at line 670
ref_gh requires gamma0>0, gamma2>=0, positive finite gauge and relative-damped parameters, diss>=0, fail_closed_dt>=0, valid positive reference/controller scales, and extrap_order in [2,4].
Kokkos::SYCL ERROR: Failed to call Kokkos::SYCL::finalize()
Kokkos::SYCL ERROR: Failed to call Kokkos::SYCL::finalize()
### FATAL ERROR in /lus/flare/projects/CompactBinaryMerger/hzhu/refgh_relative_damped_single_hole_20260830_pvc_v2/src/src/ref_gh/ref_gh.cpp at line 670
ref_gh requires gamma0>0, gamma2>=0, positive finite gauge and relative-damped parameters, diss>=0, fail_closed_dt>=0, valid positive reference/controller scales, and extrap_order in [2,4].
### FATAL ERROR in /lus/flare/projects/CompactBinaryMerger/hzhu/refgh_relative_damped_single_hole_20260830_pvc_v2/src/src/ref_gh/ref_gh.cpp at line 670
ref_gh requires gamma0>0, gamma2>=0, positive finite gauge and relative-damped parameters, diss>=0, fail_closed_dt>=0, valid positive reference/controller scales, and extrap_order in [2,4].
Kokkos::SYCL ERROR: Failed to call Kokkos::SYCL::finalize()
Kokkos::SYCL ERROR: Failed to call Kokkos::SYCL::finalize()
### FATAL ERROR in /lus/flare/projects/CompactBinaryMerger/hzhu/refgh_relative_damped_single_hole_20260830_pvc_v2/src/src/ref_gh/ref_gh.cpp at line 670
ref_gh requires gamma0>0, gamma2>=0, positive finite gauge and relative-damped parameters, diss>=0, fail_closed_dt>=0, valid positive reference/controller scales, and extrap_order in [2,4].
### FATAL ERROR in /lus/flare/projects/CompactBinaryMerger/hzhu/refgh_relative_damped_single_hole_20260830_pvc_v2/src/src/ref_gh/ref_gh.cpp at line 670
ref_gh requires gamma0>0, gamma2>=0, positive finite gauge and relative-damped parameters, diss>=0, fail_closed_dt>=0, valid positive reference/controller scales, and extrap_order in [2,4].
Kokkos::SYCL ERROR: Failed to call Kokkos::SYCL::finalize()
Kokkos::SYCL ERROR: Failed to call Kokkos::SYCL::finalize()
### FATAL ERROR in /lus/flare/projects/CompactBinaryMerger/hzhu/refgh_relative_damped_single_hole_20260830_pvc_v2/src/src/ref_gh/ref_gh.cpp at line 670
ref_gh requires gamma0>0, gamma2>=0, positive finite gauge and relative-damped parameters, diss>=0, fail_closed_dt>=0, valid positive reference/controller scales, and extrap_order in [2,4].
### FATAL ERROR in /lus/flare/projects/CompactBinaryMerger/hzhu/refgh_relative_damped_single_hole_20260830_pvc_v2/src/src/ref_gh/ref_gh.cpp at line 670
ref_gh requires gamma0>0, gamma2>=0, positive finite gauge and relative-damped parameters, diss>=0, fail_closed_dt>=0, valid positive reference/controller scales, and extrap_order in [2,4].
Kokkos::SYCL ERROR: Failed to call Kokkos::SYCL::finalize()
Kokkos::SYCL ERROR: Failed to call Kokkos::SYCL::finalize()
### FATAL ERROR in /lus/flare/projects/CompactBinaryMerger/hzhu/refgh_relative_damped_single_hole_20260830_pvc_v2/src/src/ref_gh/ref_gh.cpp at line 670
ref_gh requires gamma0>0, gamma2>=0, positive finite gauge and relative-damped parameters, diss>=0, fail_closed_dt>=0, valid positive reference/controller scales, and extrap_order in [2,4].
### FATAL ERROR in /lus/flare/projects/CompactBinaryMerger/hzhu/refgh_relative_damped_single_hole_20260830_pvc_v2/src/src/ref_gh/ref_gh.cpp at line 670
ref_gh requires gamma0>0, gamma2>=0, positive finite gauge and relative-damped parameters, diss>=0, fail_closed_dt>=0, valid positive reference/controller scales, and extrap_order in [2,4].
Kokkos::SYCL ERROR: Failed to call Kokkos::SYCL::finalize()
Kokkos::SYCL ERROR: Failed to call Kokkos::SYCL::finalize()
### FATAL ERROR in /lus/flare/projects/CompactBinaryMerger/hzhu/refgh_relative_damped_single_hole_20260830_pvc_v2/src/src/ref_gh/ref_gh.cpp at line 670
ref_gh requires gamma0>0, gamma2>=0, positive finite gauge and relative-damped parameters, diss>=0, fail_closed_dt>=0, valid positive reference/controller scales, and extrap_order in [2,4].
Kokkos::SYCL ERROR: Failed to call Kokkos::SYCL::finalize()
Kokkos::SYCL ERROR: Failed to call Kokkos::SYCL::finalize()
### FATAL ERROR in /lus/flare/projects/CompactBinaryMerger/hzhu/refgh_relative_damped_single_hole_20260830_pvc_v2/src/src/ref_gh/ref_gh.cpp at line 670
ref_gh requires gamma0>0, gamma2>=0, positive finite gauge and relative-damped parameters, diss>=0, fail_closed_dt>=0, valid positive reference/controller scales, and extrap_order in [2,4].
Kokkos::SYCL ERROR: Failed to call Kokkos::SYCL::finalize()
x4714c5s0b0n0.hsn.cm.aurora.alcf.anl.gov: rank 21 exited with code 1
### FATAL ERROR in /lus/flare/projects/CompactBinaryMerger/hzhu/refgh_relative_damped_single_hole_20260830_pvc_v2/src/src/ref_gh/ref_gh.cpp at line 670
ref_gh requires gamma0>0, gamma2>=0, positive finite gauge and relative-damped parameters, diss>=0, fail_closed_dt>=0, valid positive reference/controller scales, and extrap_order in [2,4].
### FATAL ERROR in /lus/flare/projects/CompactBinaryMerger/hzhu/refgh_relative_damped_single_hole_20260830_pvc_v2/src/src/ref_gh/ref_gh.cpp at line 670
ref_gh requires gamma0>0, gamma2>=0, positive finite gauge and relative-damped parameters, diss>=0, fail_closed_dt>=0, valid positive reference/controller scales, and extrap_order in [2,4].
### FATAL ERROR in /lus/flare/projects/CompactBinaryMerger/hzhu/refgh_relative_damped_single_hole_20260830_pvc_v2/src/src/ref_gh/ref_gh.cpp at line 670
ref_gh requires gamma0>0, gamma2>=0, positive finite gauge and relative-damped parameters, diss>=0, fail_closed_dt>=0, valid positive reference/controller scales, and extrap_order in [2,4].
Kokkos::SYCL ERROR: Failed to call Kokkos::SYCL::finalize()
Kokkos::SYCL ERROR: Failed to call Kokkos::SYCL::finalize()
### FATAL ERROR in /lus/flare/projects/CompactBinaryMerger/hzhu/refgh_relative_damped_single_hole_20260830_pvc_v2/src/src/ref_gh/ref_gh.cpp at line 670
ref_gh requires gamma0>0, gamma2>=0, positive finite gauge and relative-damped parameters, diss>=0, fail_closed_dt>=0, valid positive reference/controller scales, and extrap_order in [2,4].
### FATAL ERROR in /lus/flare/projects/CompactBinaryMerger/hzhu/refgh_relative_damped_single_hole_20260830_pvc_v2/src/src/ref_gh/ref_gh.cpp at line 670
ref_gh requires gamma0>0, gamma2>=0, positive finite gauge and relative-damped parameters, diss>=0, fail_closed_dt>=0, valid positive reference/controller scales, and extrap_order in [2,4].
### FATAL ERROR in /lus/flare/projects/CompactBinaryMerger/hzhu/refgh_relative_damped_single_hole_20260830_pvc_v2/src/src/ref_gh/ref_gh.cpp at line 670
ref_gh requires gamma0>0, gamma2>=0, positive finite gauge and relative-damped parameters, diss>=0, fail_closed_dt>=0, valid positive reference/controller scales, and extrap_order in [2,4].
### FATAL ERROR in /lus/flare/projects/CompactBinaryMerger/hzhu/refgh_relative_damped_single_hole_20260830_pvc_v2/src/src/ref_gh/ref_gh.cpp at line 670
ref_gh requires gamma0>0, gamma2>=0, positive finite gauge and relative-damped parameters, diss>=0, fail_closed_dt>=0, valid positive reference/controller scales, and extrap_order in [2,4].
### FATAL ERROR in /lus/flare/projects/CompactBinaryMerger/hzhu/refgh_relative_damped_single_hole_20260830_pvc_v2/src/src/ref_gh/ref_gh.cpp at line 670
ref_gh requires gamma0>0, gamma2>=0, positive finite gauge and relative-damped parameters, diss>=0, fail_closed_dt>=0, valid positive reference/controller scales, and extrap_order in [2,4].
Kokkos::SYCL ERROR: Failed to call Kokkos::SYCL::finalize()
### FATAL ERROR in /lus/flare/projects/CompactBinaryMerger/hzhu/refgh_relative_damped_single_hole_20260830_pvc_v2/src/src/ref_gh/ref_gh.cpp at line 670
ref_gh requires gamma0>0, gamma2>=0, positive finite gauge and relative-damped parameters, diss>=0, fail_closed_dt>=0, valid positive reference/controller scales, and extrap_order in [2,4].
### FATAL ERROR in /lus/flare/projects/CompactBinaryMerger/hzhu/refgh_relative_damped_single_hole_20260830_pvc_v2/src/src/ref_gh/ref_gh.cpp at line 670
ref_gh requires gamma0>0, gamma2>=0, positive finite gauge and relative-damped parameters, diss>=0, fail_closed_dt>=0, valid positive reference/controller scales, and extrap_order in [2,4].
Kokkos::SYCL ERROR: Failed to call Kokkos::SYCL::finalize()
Kokkos::SYCL ERROR: Failed to call Kokkos::SYCL::finalize()
Kokkos::SYCL ERROR: Failed to call Kokkos::SYCL::finalize()
Kokkos::SYCL ERROR: Failed to call Kokkos::SYCL::finalize()
### FATAL ERROR in /lus/flare/projects/CompactBinaryMerger/hzhu/refgh_relative_damped_single_hole_20260830_pvc_v2/src/src/ref_gh/ref_gh.cpp at line 670
ref_gh requires gamma0>0, gamma2>=0, positive finite gauge and relative-damped parameters, diss>=0, fail_closed_dt>=0, valid positive reference/controller scales, and extrap_order in [2,4].
### FATAL ERROR in /lus/flare/projects/CompactBinaryMerger/hzhu/refgh_relative_damped_single_hole_20260830_pvc_v2/src/src/ref_gh/ref_gh.cpp at line 670
ref_gh requires gamma0>0, gamma2>=0, positive finite gauge and relative-damped parameters, diss>=0, fail_closed_dt>=0, valid positive reference/controller scales, and extrap_order in [2,4].
Kokkos::SYCL ERROR: Failed to call Kokkos::SYCL::finalize()
Kokkos::SYCL ERROR: Failed to call Kokkos::SYCL::finalize()
Kokkos::SYCL ERROR: Failed to call Kokkos::SYCL::finalize()
Kokkos::SYCL ERROR: Failed to call Kokkos::SYCL::finalize()
### FATAL ERROR in /lus/flare/projects/CompactBinaryMerger/hzhu/refgh_relative_damped_single_hole_20260830_pvc_v2/src/src/ref_gh/ref_gh.cpp at line 670
ref_gh requires gamma0>0, gamma2>=0, positive finite gauge and relative-damped parameters, diss>=0, fail_closed_dt>=0, valid positive reference/controller scales, and extrap_order in [2,4].
### FATAL ERROR in /lus/flare/projects/CompactBinaryMerger/hzhu/refgh_relative_damped_single_hole_20260830_pvc_v2/src/src/ref_gh/ref_gh.cpp at line 670
ref_gh requires gamma0>0, gamma2>=0, positive finite gauge and relative-damped parameters, diss>=0, fail_closed_dt>=0, valid positive reference/controller scales, and extrap_order in [2,4].
Kokkos::SYCL ERROR: Failed to call Kokkos::SYCL::finalize()
Kokkos::SYCL ERROR: Failed to call Kokkos::SYCL::finalize()
### FATAL ERROR in /lus/flare/projects/CompactBinaryMerger/hzhu/refgh_relative_damped_single_hole_20260830_pvc_v2/src/src/ref_gh/ref_gh.cpp at line 670
ref_gh requires gamma0>0, gamma2>=0, positive finite gauge and relative-damped parameters, diss>=0, fail_closed_dt>=0, valid positive reference/controller scales, and extrap_order in [2,4].
Kokkos::SYCL ERROR: Failed to call Kokkos::SYCL::finalize()
### FATAL ERROR in /lus/flare/projects/CompactBinaryMerger/hzhu/refgh_relative_damped_single_hole_20260830_pvc_v2/src/src/ref_gh/ref_gh.cpp at line 670
ref_gh requires gamma0>0, gamma2>=0, positive finite gauge and relative-damped parameters, diss>=0, fail_closed_dt>=0, valid positive reference/controller scales, and extrap_order in [2,4].
Kokkos::SYCL ERROR: Failed to call Kokkos::SYCL::finalize()
### FATAL ERROR in /lus/flare/projects/CompactBinaryMerger/hzhu/refgh_relative_damped_single_hole_20260830_pvc_v2/src/src/ref_gh/ref_gh.cpp at line 670
ref_gh requires gamma0>0, gamma2>=0, positive finite gauge and relative-damped parameters, diss>=0, fail_closed_dt>=0, valid positive reference/controller scales, and extrap_order in [2,4].
Kokkos::SYCL ERROR: Failed to call Kokkos::SYCL::finalize()
### FATAL ERROR in /lus/flare/projects/CompactBinaryMerger/hzhu/refgh_relative_damped_single_hole_20260830_pvc_v2/src/src/ref_gh/ref_gh.cpp at line 670
ref_gh requires gamma0>0, gamma2>=0, positive finite gauge and relative-damped parameters, diss>=0, fail_closed_dt>=0, valid positive reference/controller scales, and extrap_order in [2,4].
Kokkos::SYCL ERROR: Failed to call Kokkos::SYCL::finalize()
Kokkos::SYCL ERROR: Failed to call Kokkos::SYCL::finalize()
### FATAL ERROR in /lus/flare/projects/CompactBinaryMerger/hzhu/refgh_relative_damped_single_hole_20260830_pvc_v2/src/src/ref_gh/ref_gh.cpp at line 670
ref_gh requires gamma0>0, gamma2>=0, positive finite gauge and relative-damped parameters, diss>=0, fail_closed_dt>=0, valid positive reference/controller scales, and extrap_order in [2,4].
Kokkos::SYCL ERROR: Failed to call Kokkos::SYCL::finalize()
### FATAL ERROR in /lus/flare/projects/CompactBinaryMerger/hzhu/refgh_relative_damped_single_hole_20260830_pvc_v2/src/src/ref_gh/ref_gh.cpp at line 670
ref_gh requires gamma0>0, gamma2>=0, positive finite gauge and relative-damped parameters, diss>=0, fail_closed_dt>=0, valid positive reference/controller scales, and extrap_order in [2,4].
Kokkos::SYCL ERROR: Failed to call Kokkos::SYCL::finalize()
### FATAL ERROR in /lus/flare/projects/CompactBinaryMerger/hzhu/refgh_relative_damped_single_hole_20260830_pvc_v2/src/src/ref_gh/ref_gh.cpp at line 670
ref_gh requires gamma0>0, gamma2>=0, positive finite gauge and relative-damped parameters, diss>=0, fail_closed_dt>=0, valid positive reference/controller scales, and extrap_order in [2,4].
Kokkos::SYCL ERROR: Failed to call Kokkos::SYCL::finalize()
### FATAL ERROR in /lus/flare/projects/CompactBinaryMerger/hzhu/refgh_relative_damped_single_hole_20260830_pvc_v2/src/src/ref_gh/ref_gh.cpp at line 670
ref_gh requires gamma0>0, gamma2>=0, positive finite gauge and relative-damped parameters, diss>=0, fail_closed_dt>=0, valid positive reference/controller scales, and extrap_order in [2,4].
Kokkos::SYCL ERROR: Failed to call Kokkos::SYCL::finalize()
### FATAL ERROR in /lus/flare/projects/CompactBinaryMerger/hzhu/refgh_relative_damped_single_hole_20260830_pvc_v2/src/src/ref_gh/ref_gh.cpp at line 670
ref_gh requires gamma0>0, gamma2>=0, positive finite gauge and relative-damped parameters, diss>=0, fail_closed_dt>=0, valid positive reference/controller scales, and extrap_order in [2,4].
Kokkos::SYCL ERROR: Failed to call Kokkos::SYCL::finalize()
### FATAL ERROR in /lus/flare/projects/CompactBinaryMerger/hzhu/refgh_relative_damped_single_hole_20260830_pvc_v2/src/src/ref_gh/ref_gh.cpp at line 670
ref_gh requires gamma0>0, gamma2>=0, positive finite gauge and relative-damped parameters, diss>=0, fail_closed_dt>=0, valid positive reference/controller scales, and extrap_order in [2,4].
Kokkos::SYCL ERROR: Failed to call Kokkos::SYCL::finalize()
x4714c5s5b0n0.hsn.cm.aurora.alcf.anl.gov: rank 62 died from signal 15
real 2.55
user 0.00
sys 0.01
