
Root grid = 4 x 4 x 4 MeshBlocks
Total number of MeshBlocks = 344
Number of logical  levels of refinement = 7 (8 levels total)
Number of physical levels of refinement = 5 (6 levels total)
  Physical level = 0 (logical level = 2): 56 MeshBlocks, cost = 56
  Physical level = 1 (logical level = 3): 56 MeshBlocks, cost = 56
  Physical level = 2 (logical level = 4): 56 MeshBlocks, cost = 56
  Physical level = 3 (logical level = 5): 56 MeshBlocks, cost = 56
  Physical level = 4 (logical level = 6): 56 MeshBlocks, cost = 56
  Physical level = 5 (logical level = 7): 64 MeshBlocks, cost = 64
Number of parallel ranks = 24
  Rank = 0: 14 MeshBlocks, cost = 14
  Rank = 1: 14 MeshBlocks, cost = 14
  Rank = 2: 14 MeshBlocks, cost = 14
  Rank = 3: 14 MeshBlocks, cost = 14
  Rank = 4: 14 MeshBlocks, cost = 14
  Rank = 5: 14 MeshBlocks, cost = 14
  Rank = 6: 14 MeshBlocks, cost = 14
  Rank = 7: 14 MeshBlocks, cost = 14
  Rank = 8: 14 MeshBlocks, cost = 14
  Rank = 9: 14 MeshBlocks, cost = 14
  Rank = 10: 14 MeshBlocks, cost = 14
  Rank = 11: 14 MeshBlocks, cost = 14
  Rank = 12: 14 MeshBlocks, cost = 14
  Rank = 13: 14 MeshBlocks, cost = 14
  Rank = 14: 14 MeshBlocks, cost = 14
  Rank = 15: 14 MeshBlocks, cost = 14
  Rank = 16: 15 MeshBlocks, cost = 15
  Rank = 17: 15 MeshBlocks, cost = 15
  Rank = 18: 15 MeshBlocks, cost = 15
  Rank = 19: 15 MeshBlocks, cost = 15
  Rank = 20: 15 MeshBlocks, cost = 15
  Rank = 21: 15 MeshBlocks, cost = 15
  Rank = 22: 15 MeshBlocks, cost = 15
  Rank = 23: 15 MeshBlocks, cost = 15
Load Balancing:
  Maximum normalized cost = 1.07143, Average = 1.02381
AssembleZ4cTasks
OnePuncture initialized.
AssembleZ4cTasks
OnePuncture initialized.
AssembleZ4cTasks
OnePuncture initialized.
AssembleZ4cTasks
OnePuncture initialized.
AssembleZ4cTasks
OnePuncture initialized.
AssembleZ4cTasks
OnePuncture initialized.
AssembleZ4cTasks
OnePuncture initialized.
AssembleZ4cTasks
OnePuncture initialized.
AssembleZ4cTasks
OnePuncture initialized.
AssembleZ4cTasks
OnePuncture initialized.
AssembleZ4cTasks
OnePuncture initialized.
AssembleZ4cTasks
OnePuncture initialized.
AssembleZ4cTasks
OnePuncture initialized.
AssembleZ4cTasks
OnePuncture initialized.
AssembleZ4cTasks
OnePuncture initialized.
AssembleZ4cTasks
OnePuncture initialized.
AssembleZ4cTasks
OnePuncture initialized.
AssembleZ4cTasks
OnePuncture initialized.
AssembleZ4cTasks
OnePuncture initialized.
AssembleZ4cTasks
OnePuncture initialized.
AssembleZ4cTasks
OnePuncture initialized.
AssembleZ4cTasks
OnePuncture initialized.
AssembleZ4cTasks
OnePuncture initialized.
AssembleZ4cTasks
OnePuncture initialized.

Setup complete, executing task list(s)...

elapsed=6.308036e+01 cycle=0 time=0.000000e+00 dt=5.450140e-03
elapsed=9.408963e+01 cycle=100 time=6.374691e-01 dt=6.548444e-03
elapsed=1.232859e+02 cycle=200 time=1.288421e+00 dt=6.476129e-03
elapsed=1.514062e+02 cycle=300 time=1.933207e+00 dt=6.418893e-03
elapsed=1.931831e+02 cycle=400 time=2.572022e+00 dt=6.354962e-03
elapsed=2.201180e+02 cycle=500 time=3.203869e+00 dt=6.279232e-03
elapsed=2.469547e+02 cycle=600 time=3.841213e+00 dt=7.037054e-03
elapsed=2.854434e+02 cycle=700 time=4.536309e+00 dt=6.862167e-03
elapsed=3.111372e+02 cycle=800 time=5.213926e+00 dt=6.690190e-03
elapsed=3.403280e+02 cycle=900 time=5.875013e+00 dt=6.532960e-03
elapsed=3.706602e+02 cycle=1000 time=6.521294e+00 dt=6.394424e-03
elapsed=4.144433e+02 cycle=1100 time=7.154631e+00 dt=6.273944e-03
elapsed=4.447755e+02 cycle=1200 time=7.776720e+00 dt=6.169206e-03
elapsed=4.750097e+02 cycle=1300 time=8.389010e+00 dt=6.077686e-03
elapsed=5.043077e+02 cycle=1400 time=8.992710e+00 dt=5.997160e-03
elapsed=5.431961e+02 cycle=1500 time=9.588824e+00 dt=5.925806e-03
elapsed=6.156098e+02 cycle=1600 time=1.017819e+01 dt=5.862157e-03
elapsed=6.382507e+02 cycle=1700 time=1.076153e+01 dt=5.805039e-03
elapsed=6.588768e+02 cycle=1800 time=1.133944e+01 dt=5.753499e-03
elapsed=6.789675e+02 cycle=1900 time=1.199671e+01 dt=6.756002e-03
elapsed=7.110754e+02 cycle=2000 time=1.266619e+01 dt=6.632860e-03
elapsed=7.366103e+02 cycle=2100 time=1.330627e+01 dt=6.289599e-03
elapsed=7.615046e+02 cycle=2200 time=1.393189e+01 dt=6.225167e-03
elapsed=7.865539e+02 cycle=2300 time=1.455202e+01 dt=6.180565e-03
elapsed=8.210287e+02 cycle=2400 time=1.516877e+01 dt=6.157912e-03
elapsed=8.460550e+02 cycle=2500 time=1.578343e+01 dt=6.115001e-03
elapsed=8.709097e+02 cycle=2600 time=1.639073e+01 dt=6.031355e-03
elapsed=8.951953e+02 cycle=2700 time=1.699002e+01 dt=5.954916e-03
elapsed=9.196730e+02 cycle=2800 time=1.758201e+01 dt=5.885229e-03
elapsed=9.528303e+02 cycle=2900 time=1.817816e+01 dt=6.306913e-03
elapsed=9.757557e+02 cycle=3000 time=1.881209e+01 dt=6.373459e-03
elapsed=9.999003e+02 cycle=3100 time=1.942147e+01 dt=5.418429e-03
elapsed=1.023169e+03 cycle=3200 time=1.996374e+01 dt=5.428617e-03

Terminating on time limit
time=2.000000e+01 cycle=3207
tlim=2.000000e+01 nlim=-1

Current number of MeshBlocks = 456
224 MeshBlocks created, 112 deleted by AMR
758 communicated for load balancing, load balancing efficiency = 9.774491e-01

MeshBlock-cycles = 1315364
cpu time used  = 1.046728e+03
zone-cycles/cpu_second = 4.117769e+07
particle-updates/cpu_second = 0.000000e+00
