AthenaK Kokkos default execution space: Cuda

Root grid = 4 x 8 x 1 MeshBlocks
Total number of MeshBlocks = 32
Number of logical  levels of refinement = 3 (4 levels total)
Number of physical levels of refinement = 0 (1 levels total)
Number of parallel ranks = 1
AssembleZ4cTasks
Direct global Brill coefficient import: radial_points=128 angular_points=32 adm_mass=2.6606354586228815 min_psi4=1.2467877953990329 lapse=psi^-2 min_lapse=0.31260438298701243 max_lapse=0.8955786439525143
Converted imported ADM data to Z4c proper_box_C_rms=0.00014028215946305404 proper_box_H_rms=0.00013992246604295375 proper_box_M_rms=0 proper_box_Z_rms=5.0196553685532509e-06 coordinate_support_H_rms=7.7623624693829033e-08 coordinate_support_M_rms=0
Initialized Z4c from IrisK data mode=direct_global_coefficients path=/pscratch/sd/h/hzhu/z4c-vc-cartoon-axis-boundary-20260823/authority/brill_global_128x32_origin_control.coefficients bytes=95927

Setup complete, executing task list(s)...

elapsed=4.624360e-01 cycle=0 time=0.000000e+00 dt=1.082331e-02
elapsed=4.894273e-01 cycle=1 time=1.082331e-02 dt=1.078638e-02
elapsed=5.039598e-01 cycle=2 time=2.160970e-02 dt=1.074699e-02
elapsed=5.179448e-01 cycle=3 time=3.235669e-02 dt=1.071084e-02
elapsed=5.343446e-01 cycle=4 time=4.306753e-02 dt=1.067781e-02
elapsed=5.483915e-01 cycle=5 time=5.374534e-02 dt=1.064781e-02
elapsed=5.632406e-01 cycle=6 time=6.439315e-02 dt=1.060281e-02
elapsed=5.775625e-01 cycle=7 time=7.499596e-02 dt=1.055520e-02
elapsed=5.942788e-01 cycle=8 time=8.555116e-02 dt=1.051154e-02
elapsed=6.086342e-01 cycle=9 time=9.606270e-02 dt=1.047169e-02
elapsed=6.229363e-01 cycle=10 time=1.065344e-01 dt=1.043554e-02
elapsed=6.373734e-01 cycle=11 time=1.169699e-01 dt=1.040297e-02
elapsed=6.580341e-01 cycle=12 time=1.273729e-01 dt=1.037388e-02
elapsed=6.731885e-01 cycle=13 time=1.377468e-01 dt=1.034816e-02
elapsed=6.877566e-01 cycle=14 time=1.480949e-01 dt=1.032116e-02
elapsed=7.024105e-01 cycle=15 time=1.584161e-01 dt=1.028741e-02
elapsed=7.193355e-01 cycle=16 time=1.687035e-01 dt=1.025744e-02
elapsed=7.339256e-01 cycle=17 time=1.789610e-01 dt=1.023112e-02
elapsed=7.483344e-01 cycle=18 time=1.891921e-01 dt=1.020834e-02
elapsed=7.620949e-01 cycle=19 time=1.994004e-01 dt=1.018897e-02
elapsed=9.194587e-01 cycle=20 time=2.095894e-01 dt=1.017292e-02
elapsed=9.346626e-01 cycle=21 time=2.197623e-01 dt=1.016008e-02
elapsed=9.474127e-01 cycle=22 time=2.299224e-01 dt=1.015034e-02
elapsed=9.601420e-01 cycle=23 time=2.400727e-01 dt=1.014361e-02
elapsed=9.749786e-01 cycle=24 time=2.502163e-01 dt=1.013980e-02
elapsed=9.877908e-01 cycle=25 time=2.603561e-01 dt=1.013881e-02
elapsed=1.000555e+00 cycle=26 time=2.704950e-01 dt=1.014056e-02
elapsed=1.013319e+00 cycle=27 time=2.806355e-01 dt=1.014495e-02
elapsed=1.028460e+00 cycle=28 time=2.907805e-01 dt=1.015191e-02
elapsed=1.041788e+00 cycle=29 time=3.009324e-01 dt=1.015472e-02
elapsed=1.054403e+00 cycle=30 time=3.110871e-01 dt=1.015724e-02
elapsed=1.066961e+00 cycle=31 time=3.212443e-01 dt=1.016239e-02
elapsed=1.081798e+00 cycle=32 time=3.314067e-01 dt=1.017007e-02
elapsed=1.094408e+00 cycle=33 time=3.415768e-01 dt=1.018022e-02
elapsed=1.107053e+00 cycle=34 time=3.517570e-01 dt=1.019278e-02
elapsed=1.119705e+00 cycle=35 time=3.619498e-01 dt=1.020766e-02
elapsed=1.134687e+00 cycle=36 time=3.721575e-01 dt=1.022480e-02
elapsed=1.149016e+00 cycle=37 time=3.823823e-01 dt=1.024414e-02
elapsed=1.162277e+00 cycle=38 time=3.926264e-01 dt=1.026559e-02
elapsed=1.288085e+00 cycle=39 time=4.028920e-01 dt=1.028909e-02
elapsed=1.303336e+00 cycle=40 time=4.131811e-01 dt=1.031458e-02
elapsed=1.316038e+00 cycle=41 time=4.234957e-01 dt=1.034199e-02
elapsed=1.327900e+00 cycle=42 time=4.338377e-01 dt=1.037124e-02
elapsed=1.339724e+00 cycle=43 time=4.442089e-01 dt=1.040226e-02
elapsed=1.354817e+00 cycle=44 time=4.546112e-01 dt=1.043089e-02
elapsed=1.368868e+00 cycle=45 time=4.650420e-01 dt=1.045682e-02
elapsed=1.380693e+00 cycle=46 time=4.754989e-01 dt=1.048467e-02
elapsed=1.392526e+00 cycle=47 time=4.859835e-01 dt=1.051438e-02
elapsed=1.406301e+00 cycle=48 time=4.964979e-01 dt=1.054590e-02
elapsed=1.418213e+00 cycle=49 time=5.070438e-01 dt=1.057917e-02
elapsed=1.429995e+00 cycle=50 time=5.176230e-01 dt=1.061413e-02
elapsed=1.441814e+00 cycle=51 time=5.282371e-01 dt=1.065072e-02
elapsed=1.456886e+00 cycle=52 time=5.388878e-01 dt=1.068887e-02
elapsed=1.469142e+00 cycle=53 time=5.495767e-01 dt=1.072852e-02
elapsed=1.481124e+00 cycle=54 time=5.603052e-01 dt=1.076960e-02
elapsed=1.493539e+00 cycle=55 time=5.710748e-01 dt=1.081203e-02
elapsed=1.507392e+00 cycle=56 time=5.818869e-01 dt=1.084937e-02
elapsed=1.519227e+00 cycle=57 time=5.927362e-01 dt=1.088587e-02
elapsed=1.633939e+00 cycle=58 time=6.036221e-01 dt=1.092399e-02
elapsed=1.647863e+00 cycle=59 time=6.145461e-01 dt=1.096365e-02
elapsed=1.662899e+00 cycle=60 time=6.255097e-01 dt=1.100480e-02
elapsed=1.676065e+00 cycle=61 time=6.365145e-01 dt=1.104738e-02
elapsed=1.689136e+00 cycle=62 time=6.475619e-01 dt=1.109132e-02
elapsed=1.702025e+00 cycle=63 time=6.586532e-01 dt=1.113655e-02
elapsed=1.716922e+00 cycle=64 time=6.697898e-01 dt=1.118298e-02
elapsed=1.729972e+00 cycle=65 time=6.809728e-01 dt=1.122556e-02
elapsed=1.743024e+00 cycle=66 time=6.921983e-01 dt=1.126486e-02
elapsed=1.756077e+00 cycle=67 time=7.034632e-01 dt=1.130568e-02
elapsed=1.771095e+00 cycle=68 time=7.147689e-01 dt=1.134796e-02
elapsed=1.784149e+00 cycle=69 time=7.261168e-01 dt=1.139163e-02
elapsed=1.797148e+00 cycle=70 time=7.375085e-01 dt=1.143663e-02
elapsed=1.810079e+00 cycle=71 time=7.489451e-01 dt=1.148288e-02
elapsed=1.824921e+00 cycle=72 time=7.604280e-01 dt=1.153031e-02
elapsed=1.838035e+00 cycle=73 time=7.719583e-01 dt=1.157282e-02
elapsed=1.851133e+00 cycle=74 time=7.835311e-01 dt=1.161191e-02
elapsed=1.864234e+00 cycle=75 time=7.951430e-01 dt=1.165250e-02
elapsed=1.990830e+00 cycle=76 time=8.067955e-01 dt=1.169455e-02
elapsed=2.003620e+00 cycle=77 time=8.184901e-01 dt=1.173799e-02
elapsed=2.015593e+00 cycle=78 time=8.302281e-01 dt=1.178274e-02
elapsed=2.027516e+00 cycle=79 time=8.420108e-01 dt=1.182872e-02
elapsed=2.041578e+00 cycle=80 time=8.538395e-01 dt=1.187502e-02
elapsed=2.053660e+00 cycle=81 time=8.657145e-01 dt=1.191141e-02
elapsed=2.065495e+00 cycle=82 time=8.776260e-01 dt=1.194938e-02
elapsed=2.077472e+00 cycle=83 time=8.895753e-01 dt=1.198885e-02
elapsed=2.091363e+00 cycle=84 time=9.015642e-01 dt=1.202978e-02
elapsed=2.103373e+00 cycle=85 time=9.135940e-01 dt=1.207209e-02
elapsed=2.116138e+00 cycle=86 time=9.256661e-01 dt=1.211570e-02
elapsed=2.128293e+00 cycle=87 time=9.377818e-01 dt=1.216054e-02
elapsed=2.143705e+00 cycle=88 time=9.499423e-01 dt=1.219748e-02
elapsed=2.156162e+00 cycle=89 time=9.621398e-01 dt=1.223222e-02
elapsed=2.168159e+00 cycle=90 time=9.743720e-01 dt=1.226854e-02
elapsed=2.180760e+00 cycle=91 time=9.866405e-01 dt=1.230636e-02
elapsed=2.198143e+00 cycle=92 time=9.989469e-01 dt=1.234563e-02
elapsed=2.318719e+00 cycle=93 time=1.011293e+00 dt=1.238627e-02
elapsed=2.331309e+00 cycle=94 time=1.023679e+00 dt=1.242820e-02
elapsed=2.343244e+00 cycle=95 time=1.036107e+00 dt=1.246710e-02
elapsed=2.358200e+00 cycle=96 time=1.048574e+00 dt=1.249833e-02
elapsed=2.370904e+00 cycle=97 time=1.061072e+00 dt=1.253117e-02
elapsed=2.382730e+00 cycle=98 time=1.073604e+00 dt=1.256557e-02
elapsed=2.394489e+00 cycle=99 time=1.086169e+00 dt=1.260147e-02
elapsed=2.408109e+00 cycle=100 time=1.098771e+00 dt=1.263880e-02
elapsed=2.419950e+00 cycle=101 time=1.111409e+00 dt=1.267747e-02
elapsed=2.431741e+00 cycle=102 time=1.124087e+00 dt=1.271741e-02
elapsed=2.443806e+00 cycle=103 time=1.136804e+00 dt=1.274717e-02
elapsed=2.458034e+00 cycle=104 time=1.149552e+00 dt=1.277643e-02
elapsed=2.469903e+00 cycle=105 time=1.162328e+00 dt=1.280729e-02
elapsed=2.481804e+00 cycle=106 time=1.175135e+00 dt=1.283968e-02
elapsed=2.493706e+00 cycle=107 time=1.187975e+00 dt=1.287355e-02
elapsed=2.610569e+00 cycle=108 time=1.200848e+00 dt=1.290880e-02
elapsed=2.624081e+00 cycle=109 time=1.213757e+00 dt=1.294537e-02
elapsed=2.636836e+00 cycle=110 time=1.226703e+00 dt=1.297939e-02
elapsed=2.649577e+00 cycle=111 time=1.239682e+00 dt=1.300511e-02
elapsed=2.664165e+00 cycle=112 time=1.252687e+00 dt=1.303244e-02
elapsed=2.677709e+00 cycle=113 time=1.265720e+00 dt=1.306132e-02
elapsed=2.691288e+00 cycle=114 time=1.278781e+00 dt=1.309170e-02
elapsed=2.705772e+00 cycle=115 time=1.291873e+00 dt=1.312351e-02
elapsed=2.722156e+00 cycle=116 time=1.304996e+00 dt=1.315666e-02
elapsed=2.735725e+00 cycle=117 time=1.318153e+00 dt=1.319107e-02
elapsed=2.748376e+00 cycle=118 time=1.331344e+00 dt=1.321843e-02
elapsed=2.762373e+00 cycle=119 time=1.344562e+00 dt=1.324234e-02
elapsed=2.779157e+00 cycle=120 time=1.357805e+00 dt=1.326781e-02
elapsed=2.792181e+00 cycle=121 time=1.371072e+00 dt=1.329478e-02
elapsed=2.804100e+00 cycle=122 time=1.384367e+00 dt=1.332320e-02
elapsed=2.816137e+00 cycle=123 time=1.397690e+00 dt=1.335297e-02
elapsed=2.932907e+00 cycle=124 time=1.411043e+00 dt=1.338404e-02
elapsed=2.946884e+00 cycle=125 time=1.424427e+00 dt=1.341630e-02
elapsed=2.959803e+00 cycle=126 time=1.437844e+00 dt=1.343841e-02
elapsed=2.972240e+00 cycle=127 time=1.451282e+00 dt=1.346061e-02
elapsed=2.986083e+00 cycle=128 time=1.464743e+00 dt=1.348432e-02
elapsed=2.998042e+00 cycle=129 time=1.478227e+00 dt=1.350946e-02
elapsed=3.009903e+00 cycle=130 time=1.491737e+00 dt=1.353597e-02
elapsed=3.021679e+00 cycle=131 time=1.505273e+00 dt=1.356378e-02
elapsed=3.035431e+00 cycle=132 time=1.518836e+00 dt=1.359281e-02
elapsed=3.047236e+00 cycle=133 time=1.532429e+00 dt=1.362194e-02
elapsed=3.059930e+00 cycle=134 time=1.546051e+00 dt=1.364108e-02
elapsed=3.071703e+00 cycle=135 time=1.559692e+00 dt=1.366169e-02
elapsed=3.085316e+00 cycle=136 time=1.573354e+00 dt=1.368373e-02
elapsed=3.097143e+00 cycle=137 time=1.587038e+00 dt=1.370714e-02
elapsed=3.212058e+00 cycle=138 time=1.600745e+00 dt=1.373184e-02
elapsed=3.225182e+00 cycle=139 time=1.614477e+00 dt=1.375777e-02
elapsed=3.240790e+00 cycle=140 time=1.628234e+00 dt=1.378483e-02
elapsed=3.252867e+00 cycle=141 time=1.642019e+00 dt=1.381037e-02
elapsed=3.264810e+00 cycle=142 time=1.655829e+00 dt=1.382811e-02
elapsed=3.276614e+00 cycle=143 time=1.669658e+00 dt=1.384725e-02
elapsed=3.290324e+00 cycle=144 time=1.683505e+00 dt=1.386774e-02
elapsed=3.302194e+00 cycle=145 time=1.697373e+00 dt=1.388951e-02
elapsed=3.314071e+00 cycle=146 time=1.711262e+00 dt=1.391249e-02
elapsed=3.326244e+00 cycle=147 time=1.725175e+00 dt=1.393661e-02
elapsed=3.340851e+00 cycle=148 time=1.739111e+00 dt=1.396178e-02
elapsed=3.352861e+00 cycle=149 time=1.753073e+00 dt=1.398456e-02
elapsed=3.364677e+00 cycle=150 time=1.767058e+00 dt=1.400103e-02
elapsed=3.379936e+00 cycle=151 time=1.781059e+00 dt=1.401881e-02
elapsed=3.394277e+00 cycle=152 time=1.795077e+00 dt=1.403784e-02
elapsed=3.520587e+00 cycle=153 time=1.809115e+00 dt=1.405808e-02
elapsed=3.534347e+00 cycle=154 time=1.823173e+00 dt=1.407943e-02
elapsed=3.547598e+00 cycle=155 time=1.837253e+00 dt=1.410183e-02
elapsed=3.561793e+00 cycle=156 time=1.851355e+00 dt=1.412520e-02
elapsed=3.573944e+00 cycle=157 time=1.865480e+00 dt=1.414587e-02
elapsed=3.586115e+00 cycle=158 time=1.879626e+00 dt=1.416117e-02
elapsed=3.598316e+00 cycle=159 time=1.893787e+00 dt=1.417769e-02
elapsed=3.612406e+00 cycle=160 time=1.907965e+00 dt=1.419537e-02
elapsed=3.624636e+00 cycle=161 time=1.922160e+00 dt=1.421416e-02
elapsed=3.636882e+00 cycle=162 time=1.936374e+00 dt=1.422659e-02
elapsed=3.649088e+00 cycle=163 time=1.950601e+00 dt=1.422455e-02
elapsed=3.663182e+00 cycle=164 time=1.964825e+00 dt=1.422284e-02
elapsed=3.675411e+00 cycle=165 time=1.979048e+00 dt=1.422147e-02
elapsed=3.687604e+00 cycle=166 time=1.993269e+00 dt=1.422043e-02
elapsed=3.804059e+00 cycle=167 time=2.007490e+00 dt=1.421972e-02
elapsed=3.820751e+00 cycle=168 time=2.021710e+00 dt=1.421936e-02
elapsed=3.833302e+00 cycle=169 time=2.035929e+00 dt=1.421933e-02
elapsed=3.845694e+00 cycle=170 time=2.050148e+00 dt=1.421965e-02
elapsed=3.858024e+00 cycle=171 time=2.064368e+00 dt=1.422032e-02
elapsed=3.873048e+00 cycle=172 time=2.078588e+00 dt=1.422133e-02
elapsed=3.885691e+00 cycle=173 time=2.092810e+00 dt=1.422268e-02
elapsed=3.897836e+00 cycle=174 time=2.107032e+00 dt=1.422439e-02
elapsed=3.910048e+00 cycle=175 time=2.121257e+00 dt=1.422645e-02
elapsed=3.924526e+00 cycle=176 time=2.135483e+00 dt=1.422613e-02
elapsed=3.936792e+00 cycle=177 time=2.149709e+00 dt=1.422115e-02
elapsed=3.949073e+00 cycle=178 time=2.163930e+00 dt=1.421650e-02
elapsed=3.961940e+00 cycle=179 time=2.178147e+00 dt=1.421218e-02
elapsed=3.976002e+00 cycle=180 time=2.192359e+00 dt=1.420819e-02
elapsed=4.093259e+00 cycle=181 time=2.206567e+00 dt=1.420455e-02
elapsed=4.106041e+00 cycle=182 time=2.220772e+00 dt=1.420124e-02
elapsed=4.118286e+00 cycle=183 time=2.234973e+00 dt=1.419828e-02
elapsed=4.132586e+00 cycle=184 time=2.249171e+00 dt=1.419565e-02
elapsed=4.144817e+00 cycle=185 time=2.263367e+00 dt=1.419337e-02
elapsed=4.157546e+00 cycle=186 time=2.277560e+00 dt=1.418817e-02
elapsed=4.169801e+00 cycle=187 time=2.291749e+00 dt=1.418003e-02
elapsed=4.184088e+00 cycle=188 time=2.305929e+00 dt=1.417224e-02
elapsed=4.196416e+00 cycle=189 time=2.320101e+00 dt=1.416483e-02
elapsed=4.208761e+00 cycle=190 time=2.334266e+00 dt=1.415778e-02
elapsed=4.221208e+00 cycle=191 time=2.348423e+00 dt=1.415109e-02
elapsed=4.235712e+00 cycle=192 time=2.362575e+00 dt=1.414476e-02
elapsed=4.248257e+00 cycle=193 time=2.376719e+00 dt=1.413881e-02
elapsed=4.260658e+00 cycle=194 time=2.390858e+00 dt=1.413321e-02
elapsed=4.374412e+00 cycle=195 time=2.404991e+00 dt=1.412798e-02
elapsed=4.389213e+00 cycle=196 time=2.419119e+00 dt=1.412311e-02
elapsed=4.401699e+00 cycle=197 time=2.433242e+00 dt=1.411861e-02
elapsed=4.414068e+00 cycle=198 time=2.447361e+00 dt=1.411446e-02
elapsed=4.426556e+00 cycle=199 time=2.461475e+00 dt=1.411068e-02
elapsed=4.440971e+00 cycle=200 time=2.475586e+00 dt=1.410726e-02
elapsed=4.453440e+00 cycle=201 time=2.489693e+00 dt=1.410420e-02
elapsed=4.465867e+00 cycle=202 time=2.503798e+00 dt=1.410150e-02
elapsed=4.478377e+00 cycle=203 time=2.517899e+00 dt=1.409321e-02
elapsed=4.492764e+00 cycle=204 time=2.531992e+00 dt=1.408277e-02
elapsed=4.505215e+00 cycle=205 time=2.546075e+00 dt=1.407269e-02
elapsed=4.517713e+00 cycle=206 time=2.560148e+00 dt=1.406295e-02
elapsed=4.530048e+00 cycle=207 time=2.574211e+00 dt=1.405357e-02
elapsed=4.544462e+00 cycle=208 time=2.588264e+00 dt=1.404453e-02
elapsed=4.657006e+00 cycle=209 time=2.602309e+00 dt=1.403585e-02
elapsed=4.669262e+00 cycle=210 time=2.616345e+00 dt=1.402751e-02
elapsed=4.680996e+00 cycle=211 time=2.630372e+00 dt=1.401953e-02
elapsed=4.694778e+00 cycle=212 time=2.644392e+00 dt=1.401189e-02
elapsed=4.706630e+00 cycle=213 time=2.658404e+00 dt=1.400460e-02
elapsed=4.718611e+00 cycle=214 time=2.672408e+00 dt=1.399766e-02
elapsed=4.730632e+00 cycle=215 time=2.686406e+00 dt=1.399107e-02
elapsed=4.744326e+00 cycle=216 time=2.700397e+00 dt=1.398482e-02
elapsed=4.756237e+00 cycle=217 time=2.714382e+00 dt=1.397892e-02
elapsed=4.768175e+00 cycle=218 time=2.728361e+00 dt=1.397336e-02
elapsed=4.779977e+00 cycle=219 time=2.742334e+00 dt=1.396815e-02
elapsed=4.793649e+00 cycle=220 time=2.756302e+00 dt=1.396328e-02
elapsed=4.805536e+00 cycle=221 time=2.770265e+00 dt=1.395875e-02
elapsed=4.817331e+00 cycle=222 time=2.784224e+00 dt=1.395457e-02
elapsed=4.829588e+00 cycle=223 time=2.798179e+00 dt=1.395073e-02
elapsed=4.954116e+00 cycle=224 time=2.812130e+00 dt=1.394722e-02
elapsed=4.968495e+00 cycle=225 time=2.826077e+00 dt=1.394406e-02
elapsed=4.980331e+00 cycle=226 time=2.840021e+00 dt=1.394123e-02
elapsed=4.992173e+00 cycle=227 time=2.853962e+00 dt=1.393660e-02
elapsed=5.005837e+00 cycle=228 time=2.867899e+00 dt=1.392692e-02
elapsed=5.017681e+00 cycle=229 time=2.881826e+00 dt=1.391756e-02
elapsed=5.029453e+00 cycle=230 time=2.895743e+00 dt=1.390853e-02
elapsed=5.041200e+00 cycle=231 time=2.909652e+00 dt=1.389983e-02
elapsed=5.055618e+00 cycle=232 time=2.923551e+00 dt=1.389145e-02
elapsed=5.067453e+00 cycle=233 time=2.937443e+00 dt=1.388340e-02
elapsed=5.079282e+00 cycle=234 time=2.951326e+00 dt=1.387566e-02
elapsed=5.091086e+00 cycle=235 time=2.965202e+00 dt=1.386825e-02
elapsed=5.104671e+00 cycle=236 time=2.979070e+00 dt=1.386117e-02
elapsed=5.116558e+00 cycle=237 time=2.992931e+00 dt=1.385440e-02
elapsed=5.229214e+00 cycle=238 time=3.006786e+00 dt=1.384796e-02
elapsed=5.241539e+00 cycle=239 time=3.020634e+00 dt=1.384183e-02
elapsed=5.255923e+00 cycle=240 time=3.034476e+00 dt=1.383603e-02
elapsed=5.270478e+00 cycle=241 time=3.048312e+00 dt=1.383054e-02
elapsed=5.285003e+00 cycle=242 time=3.062142e+00 dt=1.382538e-02
elapsed=5.298950e+00 cycle=243 time=3.075968e+00 dt=1.382053e-02
elapsed=5.315642e+00 cycle=244 time=3.089788e+00 dt=1.381599e-02
elapsed=5.329441e+00 cycle=245 time=3.103604e+00 dt=1.381177e-02
elapsed=5.343499e+00 cycle=246 time=3.117416e+00 dt=1.380787e-02
elapsed=5.356272e+00 cycle=247 time=3.131224e+00 dt=1.380428e-02
elapsed=5.370238e+00 cycle=248 time=3.145028e+00 dt=1.380100e-02
elapsed=5.382224e+00 cycle=249 time=3.158829e+00 dt=1.379804e-02
elapsed=5.394122e+00 cycle=250 time=3.172627e+00 dt=1.379538e-02
elapsed=5.406314e+00 cycle=251 time=3.186422e+00 dt=1.379304e-02
elapsed=5.519031e+00 cycle=252 time=3.200215e+00 dt=1.379100e-02
elapsed=5.531254e+00 cycle=253 time=3.214006e+00 dt=1.378795e-02
elapsed=5.543217e+00 cycle=254 time=3.227794e+00 dt=1.377963e-02
elapsed=5.555108e+00 cycle=255 time=3.241574e+00 dt=1.377161e-02
elapsed=5.568973e+00 cycle=256 time=3.255346e+00 dt=1.376388e-02
elapsed=5.580852e+00 cycle=257 time=3.269110e+00 dt=1.375644e-02
elapsed=5.592749e+00 cycle=258 time=3.282866e+00 dt=1.374930e-02
elapsed=5.604953e+00 cycle=259 time=3.296615e+00 dt=1.374246e-02
elapsed=5.619383e+00 cycle=260 time=3.310358e+00 dt=1.373591e-02
elapsed=5.631385e+00 cycle=261 time=3.324094e+00 dt=1.372965e-02
elapsed=5.643241e+00 cycle=262 time=3.337823e+00 dt=1.372368e-02
elapsed=5.655767e+00 cycle=263 time=3.351547e+00 dt=1.371801e-02
elapsed=5.670236e+00 cycle=264 time=3.365265e+00 dt=1.371263e-02
elapsed=5.682390e+00 cycle=265 time=3.378978e+00 dt=1.370754e-02
elapsed=5.694462e+00 cycle=266 time=3.392685e+00 dt=1.370274e-02
elapsed=5.811536e+00 cycle=267 time=3.406388e+00 dt=1.369824e-02
elapsed=5.826921e+00 cycle=268 time=3.420086e+00 dt=1.369402e-02
elapsed=5.840576e+00 cycle=269 time=3.433780e+00 dt=1.369009e-02
elapsed=5.857838e+00 cycle=270 time=3.447470e+00 dt=1.368644e-02
elapsed=5.870603e+00 cycle=271 time=3.461157e+00 dt=1.368309e-02
elapsed=5.886643e+00 cycle=272 time=3.474840e+00 dt=1.368002e-02
elapsed=5.899161e+00 cycle=273 time=3.488520e+00 dt=1.367724e-02
elapsed=5.911511e+00 cycle=274 time=3.502197e+00 dt=1.367475e-02
elapsed=5.923974e+00 cycle=275 time=3.515872e+00 dt=1.367253e-02
elapsed=5.938174e+00 cycle=276 time=3.529544e+00 dt=1.367061e-02
elapsed=5.950517e+00 cycle=277 time=3.543215e+00 dt=1.366897e-02
elapsed=5.968986e+00 cycle=278 time=3.556884e+00 dt=1.366761e-02
elapsed=5.982855e+00 cycle=279 time=3.570551e+00 dt=1.366653e-02
elapsed=5.998229e+00 cycle=280 time=3.584218e+00 dt=1.366314e-02
elapsed=6.010528e+00 cycle=281 time=3.597881e+00 dt=1.365613e-02
elapsed=6.130774e+00 cycle=282 time=3.611537e+00 dt=1.364939e-02
elapsed=6.143151e+00 cycle=283 time=3.625187e+00 dt=1.364293e-02
elapsed=6.157142e+00 cycle=284 time=3.638830e+00 dt=1.363673e-02
elapsed=6.169144e+00 cycle=285 time=3.652466e+00 dt=1.363079e-02
elapsed=6.181074e+00 cycle=286 time=3.666097e+00 dt=1.362513e-02
elapsed=6.192981e+00 cycle=287 time=3.679722e+00 dt=1.361973e-02
elapsed=6.206909e+00 cycle=288 time=3.693342e+00 dt=1.361461e-02
elapsed=6.218848e+00 cycle=289 time=3.706957e+00 dt=1.360975e-02
elapsed=6.230955e+00 cycle=290 time=3.720566e+00 dt=1.360515e-02
elapsed=6.243096e+00 cycle=291 time=3.734172e+00 dt=1.360082e-02
elapsed=6.257716e+00 cycle=292 time=3.747772e+00 dt=1.359676e-02
elapsed=6.270390e+00 cycle=293 time=3.761369e+00 dt=1.359297e-02
elapsed=6.282992e+00 cycle=294 time=3.774962e+00 dt=1.358944e-02
elapsed=6.295716e+00 cycle=295 time=3.788551e+00 dt=1.358617e-02
elapsed=6.411831e+00 cycle=296 time=3.802138e+00 dt=1.358317e-02
elapsed=6.424607e+00 cycle=297 time=3.815721e+00 dt=1.358043e-02
elapsed=6.436859e+00 cycle=298 time=3.829301e+00 dt=1.357796e-02
elapsed=6.449347e+00 cycle=299 time=3.842879e+00 dt=1.357575e-02
elapsed=6.464347e+00 cycle=300 time=3.856455e+00 dt=1.357381e-02
elapsed=6.476768e+00 cycle=301 time=3.870029e+00 dt=1.357212e-02
elapsed=6.489083e+00 cycle=302 time=3.883601e+00 dt=1.357071e-02
elapsed=6.501401e+00 cycle=303 time=3.897172e+00 dt=1.356955e-02
elapsed=6.515639e+00 cycle=304 time=3.910741e+00 dt=1.356865e-02
elapsed=6.527883e+00 cycle=305 time=3.924310e+00 dt=1.356802e-02
elapsed=6.540090e+00 cycle=306 time=3.937878e+00 dt=1.356765e-02
elapsed=6.553625e+00 cycle=307 time=3.951445e+00 dt=1.356422e-02
elapsed=6.571180e+00 cycle=308 time=3.965010e+00 dt=1.355817e-02
elapsed=6.584751e+00 cycle=309 time=3.978568e+00 dt=1.355237e-02
elapsed=6.598174e+00 cycle=310 time=3.992120e+00 dt=1.354682e-02
elapsed=6.719779e+00 cycle=311 time=4.005667e+00 dt=1.354151e-02
elapsed=6.734838e+00 cycle=312 time=4.019209e+00 dt=1.353646e-02
elapsed=6.747787e+00 cycle=313 time=4.032745e+00 dt=1.353165e-02
elapsed=6.760609e+00 cycle=314 time=4.046277e+00 dt=1.352709e-02
elapsed=6.773013e+00 cycle=315 time=4.059804e+00 dt=1.352277e-02
elapsed=6.787260e+00 cycle=316 time=4.073327e+00 dt=1.351870e-02
elapsed=6.799604e+00 cycle=317 time=4.086845e+00 dt=1.351488e-02
elapsed=6.811967e+00 cycle=318 time=4.100360e+00 dt=1.351131e-02
elapsed=6.824418e+00 cycle=319 time=4.113871e+00 dt=1.350799e-02
elapsed=6.838988e+00 cycle=320 time=4.127379e+00 dt=1.350491e-02
elapsed=6.851472e+00 cycle=321 time=4.140884e+00 dt=1.350207e-02
elapsed=6.863636e+00 cycle=322 time=4.154386e+00 dt=1.349949e-02
elapsed=6.875834e+00 cycle=323 time=4.167886e+00 dt=1.349715e-02
elapsed=6.890321e+00 cycle=324 time=4.181383e+00 dt=1.349506e-02
elapsed=6.902546e+00 cycle=325 time=4.194878e+00 dt=1.349321e-02
elapsed=7.017547e+00 cycle=326 time=4.208371e+00 dt=1.349161e-02
elapsed=7.030262e+00 cycle=327 time=4.221863e+00 dt=1.349026e-02
elapsed=7.044479e+00 cycle=328 time=4.235353e+00 dt=1.348915e-02
elapsed=7.056836e+00 cycle=329 time=4.248842e+00 dt=1.348829e-02
elapsed=7.069306e+00 cycle=330 time=4.262331e+00 dt=1.348768e-02
elapsed=7.081686e+00 cycle=331 time=4.275818e+00 dt=1.348731e-02
elapsed=7.096051e+00 cycle=332 time=4.289306e+00 dt=1.348719e-02
elapsed=7.108494e+00 cycle=333 time=4.302793e+00 dt=1.348731e-02
elapsed=7.121119e+00 cycle=334 time=4.316280e+00 dt=1.348266e-02
elapsed=7.133381e+00 cycle=335 time=4.329763e+00 dt=1.347731e-02
elapsed=7.147680e+00 cycle=336 time=4.343240e+00 dt=1.347219e-02
elapsed=7.159996e+00 cycle=337 time=4.356712e+00 dt=1.346731e-02
elapsed=7.172131e+00 cycle=338 time=4.370180e+00 dt=1.346265e-02
elapsed=7.184500e+00 cycle=339 time=4.383642e+00 dt=1.345823e-02
elapsed=7.198656e+00 cycle=340 time=4.397100e+00 dt=1.345404e-02
elapsed=7.314674e+00 cycle=341 time=4.410555e+00 dt=1.345008e-02
elapsed=7.328457e+00 cycle=342 time=4.424005e+00 dt=1.344635e-02
elapsed=7.340778e+00 cycle=343 time=4.437451e+00 dt=1.344286e-02
elapsed=7.354800e+00 cycle=344 time=4.450894e+00 dt=1.343960e-02
elapsed=7.367070e+00 cycle=345 time=4.464333e+00 dt=1.343658e-02
elapsed=7.379361e+00 cycle=346 time=4.477770e+00 dt=1.343378e-02
elapsed=7.391644e+00 cycle=347 time=4.491204e+00 dt=1.343122e-02
elapsed=7.406182e+00 cycle=348 time=4.504635e+00 dt=1.342890e-02
elapsed=7.418206e+00 cycle=349 time=4.518064e+00 dt=1.342680e-02
elapsed=7.430277e+00 cycle=350 time=4.531491e+00 dt=1.342494e-02
elapsed=7.443125e+00 cycle=351 time=4.544916e+00 dt=1.342331e-02
elapsed=7.457970e+00 cycle=352 time=4.558339e+00 dt=1.342192e-02
elapsed=7.470056e+00 cycle=353 time=4.571761e+00 dt=1.342076e-02
elapsed=7.482350e+00 cycle=354 time=4.585182e+00 dt=1.341983e-02
elapsed=7.494466e+00 cycle=355 time=4.598601e+00 dt=1.341914e-02
elapsed=7.622987e+00 cycle=356 time=4.612021e+00 dt=1.341868e-02
elapsed=7.636172e+00 cycle=357 time=4.625439e+00 dt=1.341846e-02
elapsed=7.648168e+00 cycle=358 time=4.638858e+00 dt=1.341847e-02
elapsed=7.660913e+00 cycle=359 time=4.652276e+00 dt=1.341871e-02
elapsed=7.674763e+00 cycle=360 time=4.665695e+00 dt=1.341713e-02
elapsed=7.686771e+00 cycle=361 time=4.679112e+00 dt=1.341208e-02
elapsed=7.698710e+00 cycle=362 time=4.692524e+00 dt=1.340726e-02
elapsed=7.710637e+00 cycle=363 time=4.705931e+00 dt=1.340266e-02
elapsed=7.724401e+00 cycle=364 time=4.719334e+00 dt=1.339827e-02
elapsed=7.736442e+00 cycle=365 time=4.732732e+00 dt=1.339411e-02
elapsed=7.748445e+00 cycle=366 time=4.746126e+00 dt=1.339017e-02
elapsed=7.760800e+00 cycle=367 time=4.759517e+00 dt=1.338645e-02
elapsed=7.774621e+00 cycle=368 time=4.772903e+00 dt=1.338295e-02
elapsed=7.786621e+00 cycle=369 time=4.786286e+00 dt=1.337967e-02
elapsed=7.798583e+00 cycle=370 time=4.799666e+00 dt=1.337662e-02
elapsed=7.907893e+00 cycle=371 time=4.813042e+00 dt=1.337379e-02
elapsed=7.922336e+00 cycle=372 time=4.826416e+00 dt=1.337118e-02
elapsed=7.934262e+00 cycle=373 time=4.839787e+00 dt=1.336879e-02
elapsed=7.946364e+00 cycle=374 time=4.853156e+00 dt=1.336662e-02
elapsed=7.958455e+00 cycle=375 time=4.866523e+00 dt=1.336468e-02
elapsed=7.972302e+00 cycle=376 time=4.879887e+00 dt=1.336296e-02
elapsed=7.984380e+00 cycle=377 time=4.893250e+00 dt=1.336147e-02
elapsed=7.996613e+00 cycle=378 time=4.906612e+00 dt=1.336020e-02
elapsed=8.008632e+00 cycle=379 time=4.919972e+00 dt=1.335915e-02
elapsed=8.022716e+00 cycle=380 time=4.933331e+00 dt=1.335832e-02
elapsed=8.034930e+00 cycle=381 time=4.946689e+00 dt=1.335772e-02
elapsed=8.046856e+00 cycle=382 time=4.960047e+00 dt=1.335735e-02
elapsed=8.059172e+00 cycle=383 time=4.973405e+00 dt=1.335720e-02
elapsed=8.073085e+00 cycle=384 time=4.986762e+00 dt=1.323825e-02
output wall time = 2.997761e+00
elapsed=8.191879e+00 cycle=385 time=5.000000e+00 dt=1.335757e-02

Terminating on time limit
time=5.000000e+00 cycle=385
tlim=5.000000e+00 nlim=-1 nmb_total_limit=-1

MeshBlock-cycles = 12320
cpu time used  = 7.729445e+00
zone-cycles/cpu_second = 1.632158e+06
particle-updates/cpu_second = 0.000000e+00
