
Root grid = 2 x 2 x 2 MeshBlocks
Total number of MeshBlocks = 400
Number of logical  levels of refinement = 8 (9 levels total)
Number of physical levels of refinement = 7 (8 levels total)
  Physical level = 1 (logical level = 2): 56 MeshBlocks, cost = 56
  Physical level = 2 (logical level = 3): 56 MeshBlocks, cost = 56
  Physical level = 3 (logical level = 4): 56 MeshBlocks, cost = 56
  Physical level = 4 (logical level = 5): 56 MeshBlocks, cost = 56
  Physical level = 5 (logical level = 6): 56 MeshBlocks, cost = 56
  Physical level = 6 (logical level = 7): 56 MeshBlocks, cost = 56
  Physical level = 7 (logical level = 8): 64 MeshBlocks, cost = 64
Number of parallel ranks = 1
Research qualification execution backend: Cuda
PC-GH ADM initialization: min unguarded w=0.0159093, division_floor=1e-14, guarded cells=0
PC-GH one-puncture zero-step geometry: blocks=400 finest spacing=(0.0833333,0.0833333,0.0833333)

Setup complete, executing task list(s)...

elapsed=1.603874e+00 cycle=0 time=0.000000e+00 dt=1.250000e-02
elapsed=2.492403e+00 cycle=1 time=1.250000e-02 dt=1.250000e-02
elapsed=3.372999e+00 cycle=2 time=2.500000e-02 dt=1.250000e-02
elapsed=4.244285e+00 cycle=3 time=3.750000e-02 dt=1.250000e-02
elapsed=5.103766e+00 cycle=4 time=5.000000e-02 dt=1.250000e-02
elapsed=5.954702e+00 cycle=5 time=6.250000e-02 dt=1.250000e-02
elapsed=6.805021e+00 cycle=6 time=7.500000e-02 dt=1.250000e-02
elapsed=7.652460e+00 cycle=7 time=8.750000e-02 dt=1.250000e-02
elapsed=8.529746e+00 cycle=8 time=1.000000e-01 dt=1.250000e-02
elapsed=9.414516e+00 cycle=9 time=1.125000e-01 dt=1.250000e-02
elapsed=1.028744e+01 cycle=10 time=1.250000e-01 dt=1.250000e-02
elapsed=1.115159e+01 cycle=11 time=1.375000e-01 dt=1.250000e-02
elapsed=1.200420e+01 cycle=12 time=1.500000e-01 dt=1.250000e-02
elapsed=1.284939e+01 cycle=13 time=1.625000e-01 dt=1.250000e-02
elapsed=1.371895e+01 cycle=14 time=1.750000e-01 dt=1.250000e-02
elapsed=1.462396e+01 cycle=15 time=1.875000e-01 dt=1.250000e-02
elapsed=1.550192e+01 cycle=16 time=2.000000e-01 dt=1.250000e-02
elapsed=1.638266e+01 cycle=17 time=2.125000e-01 dt=1.250000e-02
elapsed=1.726135e+01 cycle=18 time=2.250000e-01 dt=1.250000e-02
elapsed=1.811411e+01 cycle=19 time=2.375000e-01 dt=1.250000e-02
elapsed=1.923001e+01 cycle=20 time=2.500000e-01 dt=1.250000e-02
elapsed=2.008696e+01 cycle=21 time=2.625000e-01 dt=1.250000e-02
elapsed=2.096411e+01 cycle=22 time=2.750000e-01 dt=1.250000e-02
elapsed=2.184517e+01 cycle=23 time=2.875000e-01 dt=1.250000e-02
elapsed=2.272184e+01 cycle=24 time=3.000000e-01 dt=1.250000e-02
elapsed=2.358179e+01 cycle=25 time=3.125000e-01 dt=1.250000e-02
elapsed=2.443699e+01 cycle=26 time=3.250000e-01 dt=1.250000e-02
elapsed=2.528338e+01 cycle=27 time=3.375000e-01 dt=1.250000e-02
elapsed=2.613616e+01 cycle=28 time=3.500000e-01 dt=1.250000e-02
elapsed=2.700108e+01 cycle=29 time=3.625000e-01 dt=1.250000e-02
elapsed=2.787649e+01 cycle=30 time=3.750000e-01 dt=1.250000e-02
elapsed=2.875223e+01 cycle=31 time=3.875000e-01 dt=1.250000e-02
elapsed=2.961400e+01 cycle=32 time=4.000000e-01 dt=1.250000e-02
elapsed=3.046323e+01 cycle=33 time=4.125000e-01 dt=1.250000e-02
elapsed=3.131606e+01 cycle=34 time=4.250000e-01 dt=1.250000e-02
elapsed=3.218124e+01 cycle=35 time=4.375000e-01 dt=1.250000e-02
elapsed=3.307338e+01 cycle=36 time=4.500000e-01 dt=1.250000e-02
elapsed=3.396169e+01 cycle=37 time=4.625000e-01 dt=1.250000e-02
elapsed=3.483401e+01 cycle=38 time=4.750000e-01 dt=1.250000e-02
elapsed=3.568941e+01 cycle=39 time=4.875000e-01 dt=1.250000e-02
elapsed=3.696823e+01 cycle=40 time=5.000000e-01 dt=1.250000e-02
elapsed=3.781132e+01 cycle=41 time=5.125000e-01 dt=1.250000e-02
elapsed=3.866633e+01 cycle=42 time=5.250000e-01 dt=1.250000e-02
elapsed=3.953655e+01 cycle=43 time=5.375000e-01 dt=1.250000e-02
elapsed=4.041143e+01 cycle=44 time=5.500000e-01 dt=1.250000e-02
elapsed=4.127717e+01 cycle=45 time=5.625000e-01 dt=1.250000e-02
elapsed=4.212781e+01 cycle=46 time=5.750000e-01 dt=1.250000e-02
elapsed=4.297679e+01 cycle=47 time=5.875000e-01 dt=1.250000e-02
elapsed=4.382393e+01 cycle=48 time=6.000000e-01 dt=1.250000e-02
elapsed=4.467563e+01 cycle=49 time=6.125000e-01 dt=1.250000e-02
elapsed=4.553778e+01 cycle=50 time=6.250000e-01 dt=1.250000e-02
elapsed=4.641166e+01 cycle=51 time=6.375000e-01 dt=1.250000e-02
elapsed=4.728527e+01 cycle=52 time=6.500000e-01 dt=1.250000e-02
elapsed=4.814038e+01 cycle=53 time=6.625000e-01 dt=1.250000e-02
elapsed=4.899172e+01 cycle=54 time=6.750000e-01 dt=1.250000e-02
elapsed=4.983978e+01 cycle=55 time=6.875000e-01 dt=1.250000e-02
elapsed=5.070127e+01 cycle=56 time=7.000000e-01 dt=1.250000e-02
elapsed=5.156899e+01 cycle=57 time=7.125000e-01 dt=1.250000e-02
elapsed=5.243718e+01 cycle=58 time=7.250000e-01 dt=1.250000e-02
elapsed=5.331365e+01 cycle=59 time=7.375000e-01 dt=1.250000e-02
elapsed=5.441555e+01 cycle=60 time=7.500000e-01 dt=1.250000e-02
elapsed=5.526602e+01 cycle=61 time=7.625000e-01 dt=1.250000e-02
elapsed=5.612905e+01 cycle=62 time=7.750000e-01 dt=1.250000e-02
elapsed=5.698806e+01 cycle=63 time=7.875000e-01 dt=1.250000e-02
elapsed=5.785387e+01 cycle=64 time=8.000000e-01 dt=1.250000e-02
elapsed=5.873254e+01 cycle=65 time=8.125000e-01 dt=1.250000e-02
elapsed=5.960804e+01 cycle=66 time=8.250000e-01 dt=1.250000e-02
elapsed=6.045857e+01 cycle=67 time=8.375000e-01 dt=1.250000e-02
elapsed=6.130696e+01 cycle=68 time=8.500000e-01 dt=1.250000e-02
elapsed=6.215551e+01 cycle=69 time=8.625000e-01 dt=1.250000e-02
elapsed=6.301957e+01 cycle=70 time=8.750000e-01 dt=1.250000e-02
elapsed=6.387776e+01 cycle=71 time=8.875000e-01 dt=1.250000e-02
elapsed=6.475538e+01 cycle=72 time=9.000000e-01 dt=1.250000e-02
elapsed=6.561937e+01 cycle=73 time=9.125000e-01 dt=1.250000e-02
elapsed=6.653962e+01 cycle=74 time=9.250000e-01 dt=1.250000e-02
elapsed=6.738303e+01 cycle=75 time=9.375000e-01 dt=1.250000e-02
elapsed=6.822600e+01 cycle=76 time=9.500000e-01 dt=1.250000e-02
elapsed=6.909027e+01 cycle=77 time=9.625000e-01 dt=1.250000e-02
elapsed=6.996524e+01 cycle=78 time=9.750000e-01 dt=1.250000e-02
elapsed=7.083763e+01 cycle=79 time=9.875000e-01 dt=1.250000e-02
elapsed=7.269323e+01 cycle=80 time=1.000000e+00 dt=1.250000e-02
elapsed=7.356709e+01 cycle=81 time=1.012500e+00 dt=1.250000e-02
elapsed=7.442484e+01 cycle=82 time=1.025000e+00 dt=1.250000e-02
elapsed=7.527559e+01 cycle=83 time=1.037500e+00 dt=1.250000e-02
elapsed=7.614841e+01 cycle=84 time=1.050000e+00 dt=1.250000e-02
elapsed=7.702708e+01 cycle=85 time=1.062500e+00 dt=1.250000e-02
elapsed=7.790556e+01 cycle=86 time=1.075000e+00 dt=1.250000e-02
elapsed=7.877677e+01 cycle=87 time=1.087500e+00 dt=1.250000e-02
elapsed=7.963179e+01 cycle=88 time=1.100000e+00 dt=1.250000e-02
elapsed=8.049409e+01 cycle=89 time=1.112500e+00 dt=1.250000e-02
elapsed=8.134644e+01 cycle=90 time=1.125000e+00 dt=1.250000e-02
elapsed=8.222330e+01 cycle=91 time=1.137500e+00 dt=1.250000e-02
elapsed=8.309726e+01 cycle=92 time=1.150000e+00 dt=1.250000e-02
elapsed=8.396979e+01 cycle=93 time=1.162500e+00 dt=1.250000e-02
elapsed=8.484913e+01 cycle=94 time=1.175000e+00 dt=1.250000e-02
elapsed=8.570829e+01 cycle=95 time=1.187500e+00 dt=1.250000e-02
elapsed=8.657385e+01 cycle=96 time=1.200000e+00 dt=1.250000e-02
elapsed=8.742562e+01 cycle=97 time=1.212500e+00 dt=1.250000e-02
elapsed=8.831976e+01 cycle=98 time=1.225000e+00 dt=1.250000e-02
elapsed=8.919664e+01 cycle=99 time=1.237500e+00 dt=1.250000e-02
elapsed=9.033000e+01 cycle=100 time=1.250000e+00 dt=1.250000e-02
elapsed=9.119996e+01 cycle=101 time=1.262500e+00 dt=1.250000e-02
elapsed=9.206558e+01 cycle=102 time=1.275000e+00 dt=1.250000e-02
elapsed=9.292536e+01 cycle=103 time=1.287500e+00 dt=1.250000e-02
elapsed=9.377936e+01 cycle=104 time=1.300000e+00 dt=1.250000e-02
elapsed=9.464378e+01 cycle=105 time=1.312500e+00 dt=1.250000e-02
elapsed=9.551712e+01 cycle=106 time=1.325000e+00 dt=1.250000e-02
elapsed=9.640233e+01 cycle=107 time=1.337500e+00 dt=1.250000e-02
elapsed=9.727716e+01 cycle=108 time=1.350000e+00 dt=1.250000e-02
elapsed=9.814214e+01 cycle=109 time=1.362500e+00 dt=1.250000e-02
elapsed=9.899518e+01 cycle=110 time=1.375000e+00 dt=1.250000e-02
elapsed=9.984876e+01 cycle=111 time=1.387500e+00 dt=1.250000e-02
elapsed=1.007522e+02 cycle=112 time=1.400000e+00 dt=1.250000e-02
elapsed=1.016178e+02 cycle=113 time=1.412500e+00 dt=1.250000e-02
elapsed=1.024933e+02 cycle=114 time=1.425000e+00 dt=1.250000e-02
elapsed=1.033611e+02 cycle=115 time=1.437500e+00 dt=1.250000e-02
elapsed=1.042155e+02 cycle=116 time=1.450000e+00 dt=1.250000e-02
elapsed=1.050711e+02 cycle=117 time=1.462500e+00 dt=1.250000e-02
elapsed=1.059328e+02 cycle=118 time=1.475000e+00 dt=1.250000e-02
elapsed=1.067994e+02 cycle=119 time=1.487500e+00 dt=1.250000e-02
elapsed=1.081001e+02 cycle=120 time=1.500000e+00 dt=1.250000e-02
elapsed=1.089873e+02 cycle=121 time=1.512500e+00 dt=1.250000e-02
elapsed=1.098600e+02 cycle=122 time=1.525000e+00 dt=1.250000e-02
elapsed=1.107110e+02 cycle=123 time=1.537500e+00 dt=1.250000e-02
elapsed=1.115628e+02 cycle=124 time=1.550000e+00 dt=1.250000e-02
elapsed=1.124096e+02 cycle=125 time=1.562500e+00 dt=1.250000e-02
elapsed=1.132780e+02 cycle=126 time=1.575000e+00 dt=1.250000e-02
elapsed=1.141471e+02 cycle=127 time=1.587500e+00 dt=1.250000e-02
elapsed=1.150299e+02 cycle=128 time=1.600000e+00 dt=1.250000e-02
elapsed=1.158927e+02 cycle=129 time=1.612500e+00 dt=1.250000e-02
elapsed=1.168526e+02 cycle=130 time=1.625000e+00 dt=1.250000e-02
elapsed=1.176962e+02 cycle=131 time=1.637500e+00 dt=1.250000e-02
elapsed=1.185536e+02 cycle=132 time=1.650000e+00 dt=1.250000e-02
elapsed=1.194229e+02 cycle=133 time=1.662500e+00 dt=1.250000e-02
elapsed=1.203015e+02 cycle=134 time=1.675000e+00 dt=1.250000e-02
elapsed=1.211724e+02 cycle=135 time=1.687500e+00 dt=1.250000e-02
elapsed=1.220380e+02 cycle=136 time=1.700000e+00 dt=1.250000e-02
elapsed=1.228945e+02 cycle=137 time=1.712500e+00 dt=1.250000e-02
elapsed=1.237434e+02 cycle=138 time=1.725000e+00 dt=1.250000e-02
elapsed=1.245890e+02 cycle=139 time=1.737500e+00 dt=1.250000e-02
elapsed=1.257212e+02 cycle=140 time=1.750000e+00 dt=1.250000e-02
elapsed=1.265950e+02 cycle=141 time=1.762500e+00 dt=1.250000e-02
elapsed=1.274694e+02 cycle=142 time=1.775000e+00 dt=1.250000e-02
elapsed=1.283323e+02 cycle=143 time=1.787500e+00 dt=1.250000e-02
elapsed=1.291794e+02 cycle=144 time=1.800000e+00 dt=1.250000e-02
elapsed=1.300243e+02 cycle=145 time=1.812500e+00 dt=1.250000e-02
elapsed=1.308801e+02 cycle=146 time=1.825000e+00 dt=1.250000e-02
elapsed=1.317572e+02 cycle=147 time=1.837500e+00 dt=1.250000e-02
elapsed=1.326365e+02 cycle=148 time=1.850000e+00 dt=1.250000e-02
elapsed=1.335162e+02 cycle=149 time=1.862500e+00 dt=1.250000e-02
elapsed=1.343801e+02 cycle=150 time=1.875000e+00 dt=1.250000e-02
elapsed=1.352467e+02 cycle=151 time=1.887500e+00 dt=1.250000e-02
elapsed=1.361082e+02 cycle=152 time=1.900000e+00 dt=1.250000e-02
elapsed=1.369697e+02 cycle=153 time=1.912500e+00 dt=1.250000e-02
elapsed=1.378385e+02 cycle=154 time=1.925000e+00 dt=1.250000e-02
elapsed=1.386989e+02 cycle=155 time=1.937500e+00 dt=1.250000e-02
elapsed=1.395680e+02 cycle=156 time=1.950000e+00 dt=1.250000e-02
elapsed=1.404221e+02 cycle=157 time=1.962500e+00 dt=1.250000e-02
elapsed=1.414755e+02 cycle=158 time=1.975000e+00 dt=1.250000e-02
elapsed=1.423276e+02 cycle=159 time=1.987500e+00 dt=1.250000e-02
elapsed=1.441753e+02 cycle=160 time=2.000000e+00 dt=1.250000e-02
elapsed=1.450389e+02 cycle=161 time=2.012500e+00 dt=1.250000e-02
elapsed=1.459069e+02 cycle=162 time=2.025000e+00 dt=1.250000e-02
elapsed=1.467774e+02 cycle=163 time=2.037500e+00 dt=1.250000e-02
elapsed=1.476397e+02 cycle=164 time=2.050000e+00 dt=1.250000e-02
elapsed=1.484880e+02 cycle=165 time=2.062500e+00 dt=1.250000e-02
elapsed=1.493401e+02 cycle=166 time=2.075000e+00 dt=1.250000e-02
elapsed=1.502180e+02 cycle=167 time=2.087500e+00 dt=1.250000e-02
elapsed=1.511256e+02 cycle=168 time=2.100000e+00 dt=1.250000e-02
elapsed=1.520125e+02 cycle=169 time=2.112500e+00 dt=1.250000e-02
elapsed=1.528887e+02 cycle=170 time=2.125000e+00 dt=1.250000e-02
elapsed=1.537468e+02 cycle=171 time=2.137500e+00 dt=1.250000e-02
elapsed=1.546022e+02 cycle=172 time=2.150000e+00 dt=1.250000e-02
elapsed=1.554529e+02 cycle=173 time=2.162500e+00 dt=1.250000e-02
elapsed=1.563189e+02 cycle=174 time=2.175000e+00 dt=1.250000e-02
elapsed=1.571977e+02 cycle=175 time=2.187500e+00 dt=1.250000e-02
elapsed=1.580774e+02 cycle=176 time=2.200000e+00 dt=1.250000e-02
elapsed=1.589474e+02 cycle=177 time=2.212500e+00 dt=1.250000e-02
elapsed=1.598021e+02 cycle=178 time=2.225000e+00 dt=1.250000e-02
elapsed=1.606556e+02 cycle=179 time=2.237500e+00 dt=1.250000e-02
elapsed=1.617623e+02 cycle=180 time=2.250000e+00 dt=1.250000e-02
elapsed=1.626220e+02 cycle=181 time=2.262500e+00 dt=1.250000e-02
elapsed=1.634946e+02 cycle=182 time=2.275000e+00 dt=1.250000e-02
elapsed=1.643921e+02 cycle=183 time=2.287500e+00 dt=1.250000e-02
elapsed=1.652851e+02 cycle=184 time=2.300000e+00 dt=1.250000e-02
elapsed=1.661384e+02 cycle=185 time=2.312500e+00 dt=1.250000e-02
elapsed=1.669928e+02 cycle=186 time=2.325000e+00 dt=1.250000e-02
elapsed=1.678438e+02 cycle=187 time=2.337500e+00 dt=1.250000e-02
elapsed=1.687039e+02 cycle=188 time=2.350000e+00 dt=1.250000e-02
elapsed=1.695774e+02 cycle=189 time=2.362500e+00 dt=1.250000e-02
elapsed=1.704524e+02 cycle=190 time=2.375000e+00 dt=1.250000e-02
elapsed=1.713266e+02 cycle=191 time=2.387500e+00 dt=1.250000e-02
elapsed=1.721821e+02 cycle=192 time=2.400000e+00 dt=1.250000e-02
elapsed=1.730350e+02 cycle=193 time=2.412500e+00 dt=1.250000e-02
elapsed=1.738920e+02 cycle=194 time=2.425000e+00 dt=1.250000e-02
elapsed=1.747576e+02 cycle=195 time=2.437500e+00 dt=1.250000e-02
elapsed=1.756336e+02 cycle=196 time=2.450000e+00 dt=1.250000e-02
elapsed=1.765054e+02 cycle=197 time=2.462500e+00 dt=1.250000e-02
elapsed=1.773863e+02 cycle=198 time=2.475000e+00 dt=1.250000e-02
elapsed=1.782412e+02 cycle=199 time=2.487500e+00 dt=1.250000e-02
elapsed=1.795185e+02 cycle=200 time=2.500000e+00 dt=1.250000e-02
elapsed=1.803645e+02 cycle=201 time=2.512500e+00 dt=1.250000e-02
elapsed=1.812298e+02 cycle=202 time=2.525000e+00 dt=1.250000e-02
elapsed=1.820927e+02 cycle=203 time=2.537500e+00 dt=1.250000e-02
elapsed=1.829623e+02 cycle=204 time=2.550000e+00 dt=1.250000e-02
elapsed=1.838288e+02 cycle=205 time=2.562500e+00 dt=1.250000e-02
elapsed=1.846777e+02 cycle=206 time=2.575000e+00 dt=1.250000e-02
elapsed=1.855277e+02 cycle=207 time=2.587500e+00 dt=1.250000e-02
elapsed=1.864511e+02 cycle=208 time=2.600000e+00 dt=1.250000e-02
elapsed=1.873253e+02 cycle=209 time=2.612500e+00 dt=1.250000e-02
elapsed=1.882044e+02 cycle=210 time=2.625000e+00 dt=1.250000e-02
elapsed=1.890698e+02 cycle=211 time=2.637500e+00 dt=1.250000e-02
elapsed=1.899325e+02 cycle=212 time=2.650000e+00 dt=1.250000e-02
elapsed=1.907840e+02 cycle=213 time=2.662500e+00 dt=1.250000e-02
elapsed=1.916396e+02 cycle=214 time=2.675000e+00 dt=1.250000e-02
elapsed=1.924864e+02 cycle=215 time=2.687500e+00 dt=1.250000e-02
elapsed=1.933668e+02 cycle=216 time=2.700000e+00 dt=1.250000e-02
elapsed=1.942384e+02 cycle=217 time=2.712500e+00 dt=1.250000e-02
elapsed=1.951135e+02 cycle=218 time=2.725000e+00 dt=1.250000e-02
elapsed=1.959794e+02 cycle=219 time=2.737500e+00 dt=1.250000e-02
elapsed=1.970812e+02 cycle=220 time=2.750000e+00 dt=1.250000e-02
elapsed=1.979310e+02 cycle=221 time=2.762500e+00 dt=1.250000e-02
elapsed=1.987796e+02 cycle=222 time=2.775000e+00 dt=1.250000e-02
elapsed=1.996450e+02 cycle=223 time=2.787500e+00 dt=1.250000e-02
elapsed=2.005286e+02 cycle=224 time=2.800000e+00 dt=1.250000e-02
elapsed=2.014126e+02 cycle=225 time=2.812500e+00 dt=1.250000e-02
elapsed=2.022740e+02 cycle=226 time=2.825000e+00 dt=1.250000e-02
elapsed=2.031258e+02 cycle=227 time=2.837500e+00 dt=1.250000e-02
elapsed=2.039771e+02 cycle=228 time=2.850000e+00 dt=1.250000e-02
elapsed=2.048293e+02 cycle=229 time=2.862500e+00 dt=1.250000e-02
elapsed=2.057289e+02 cycle=230 time=2.875000e+00 dt=1.250000e-02
elapsed=2.065955e+02 cycle=231 time=2.887500e+00 dt=1.250000e-02
elapsed=2.074704e+02 cycle=232 time=2.900000e+00 dt=1.250000e-02
elapsed=2.083312e+02 cycle=233 time=2.912500e+00 dt=1.250000e-02
elapsed=2.091808e+02 cycle=234 time=2.925000e+00 dt=1.250000e-02
elapsed=2.100303e+02 cycle=235 time=2.937500e+00 dt=1.250000e-02
elapsed=2.108818e+02 cycle=236 time=2.950000e+00 dt=1.250000e-02
elapsed=2.117610e+02 cycle=237 time=2.962500e+00 dt=1.250000e-02
elapsed=2.126294e+02 cycle=238 time=2.975000e+00 dt=1.250000e-02
elapsed=2.135002e+02 cycle=239 time=2.987500e+00 dt=1.250000e-02
elapsed=2.153911e+02 cycle=240 time=3.000000e+00 dt=1.250000e-02
elapsed=2.162425e+02 cycle=241 time=3.012500e+00 dt=1.250000e-02
elapsed=2.170896e+02 cycle=242 time=3.025000e+00 dt=1.250000e-02
elapsed=2.179452e+02 cycle=243 time=3.037500e+00 dt=1.250000e-02
elapsed=2.188081e+02 cycle=244 time=3.050000e+00 dt=1.250000e-02
elapsed=2.196766e+02 cycle=245 time=3.062500e+00 dt=1.250000e-02
elapsed=2.205488e+02 cycle=246 time=3.075000e+00 dt=1.250000e-02
elapsed=2.214068e+02 cycle=247 time=3.087500e+00 dt=1.250000e-02
elapsed=2.222620e+02 cycle=248 time=3.100000e+00 dt=1.250000e-02
elapsed=2.231105e+02 cycle=249 time=3.112500e+00 dt=1.250000e-02
elapsed=2.239716e+02 cycle=250 time=3.125000e+00 dt=1.250000e-02
elapsed=2.248589e+02 cycle=251 time=3.137500e+00 dt=1.250000e-02
elapsed=2.257308e+02 cycle=252 time=3.150000e+00 dt=1.250000e-02
elapsed=2.267051e+02 cycle=253 time=3.162500e+00 dt=1.250000e-02
elapsed=2.275640e+02 cycle=254 time=3.175000e+00 dt=1.250000e-02
elapsed=2.284110e+02 cycle=255 time=3.187500e+00 dt=1.250000e-02
elapsed=2.292659e+02 cycle=256 time=3.200000e+00 dt=1.250000e-02
elapsed=2.301208e+02 cycle=257 time=3.212500e+00 dt=1.250000e-02
elapsed=2.309908e+02 cycle=258 time=3.225000e+00 dt=1.250000e-02
elapsed=2.318626e+02 cycle=259 time=3.237500e+00 dt=1.250000e-02
elapsed=2.330772e+02 cycle=260 time=3.250000e+00 dt=1.250000e-02
elapsed=2.339332e+02 cycle=261 time=3.262500e+00 dt=1.250000e-02
elapsed=2.347867e+02 cycle=262 time=3.275000e+00 dt=1.250000e-02
elapsed=2.356378e+02 cycle=263 time=3.287500e+00 dt=1.250000e-02
elapsed=2.365007e+02 cycle=264 time=3.300000e+00 dt=1.250000e-02
elapsed=2.373758e+02 cycle=265 time=3.312500e+00 dt=1.250000e-02
elapsed=2.382507e+02 cycle=266 time=3.325000e+00 dt=1.250000e-02
elapsed=2.391316e+02 cycle=267 time=3.337500e+00 dt=1.250000e-02
elapsed=2.399904e+02 cycle=268 time=3.350000e+00 dt=1.250000e-02
elapsed=2.408410e+02 cycle=269 time=3.362500e+00 dt=1.250000e-02
elapsed=2.416902e+02 cycle=270 time=3.375000e+00 dt=1.250000e-02
elapsed=2.425550e+02 cycle=271 time=3.387500e+00 dt=1.250000e-02
elapsed=2.435283e+02 cycle=272 time=3.400000e+00 dt=1.250000e-02
elapsed=2.444294e+02 cycle=273 time=3.412500e+00 dt=1.250000e-02
elapsed=2.453082e+02 cycle=274 time=3.425000e+00 dt=1.250000e-02
elapsed=2.461593e+02 cycle=275 time=3.437500e+00 dt=1.250000e-02
elapsed=2.470143e+02 cycle=276 time=3.450000e+00 dt=1.250000e-02
elapsed=2.478636e+02 cycle=277 time=3.462500e+00 dt=1.250000e-02
elapsed=2.487342e+02 cycle=278 time=3.475000e+00 dt=1.250000e-02
elapsed=2.496294e+02 cycle=279 time=3.487500e+00 dt=1.250000e-02
elapsed=2.509223e+02 cycle=280 time=3.500000e+00 dt=1.250000e-02
elapsed=2.517911e+02 cycle=281 time=3.512500e+00 dt=1.250000e-02
elapsed=2.526408e+02 cycle=282 time=3.525000e+00 dt=1.250000e-02
elapsed=2.534914e+02 cycle=283 time=3.537500e+00 dt=1.250000e-02
elapsed=2.543454e+02 cycle=284 time=3.550000e+00 dt=1.250000e-02
elapsed=2.551979e+02 cycle=285 time=3.562500e+00 dt=1.250000e-02
elapsed=2.560743e+02 cycle=286 time=3.575000e+00 dt=1.250000e-02
elapsed=2.569452e+02 cycle=287 time=3.587500e+00 dt=1.250000e-02
elapsed=2.578125e+02 cycle=288 time=3.600000e+00 dt=1.250000e-02
elapsed=2.586643e+02 cycle=289 time=3.612500e+00 dt=1.250000e-02
elapsed=2.595128e+02 cycle=290 time=3.625000e+00 dt=1.250000e-02
elapsed=2.603602e+02 cycle=291 time=3.637500e+00 dt=1.250000e-02
elapsed=2.612368e+02 cycle=292 time=3.650000e+00 dt=1.250000e-02
elapsed=2.621019e+02 cycle=293 time=3.662500e+00 dt=1.250000e-02
elapsed=2.629709e+02 cycle=294 time=3.675000e+00 dt=1.250000e-02
elapsed=2.638355e+02 cycle=295 time=3.687500e+00 dt=1.250000e-02
elapsed=2.646868e+02 cycle=296 time=3.700000e+00 dt=1.250000e-02
elapsed=2.655324e+02 cycle=297 time=3.712500e+00 dt=1.250000e-02
elapsed=2.663776e+02 cycle=298 time=3.725000e+00 dt=1.250000e-02
elapsed=2.672382e+02 cycle=299 time=3.737500e+00 dt=1.250000e-02
elapsed=2.683468e+02 cycle=300 time=3.750000e+00 dt=1.250000e-02
elapsed=2.692189e+02 cycle=301 time=3.762500e+00 dt=1.250000e-02
elapsed=2.700870e+02 cycle=302 time=3.775000e+00 dt=1.250000e-02
elapsed=2.709375e+02 cycle=303 time=3.787500e+00 dt=1.250000e-02
elapsed=2.717859e+02 cycle=304 time=3.800000e+00 dt=1.250000e-02
elapsed=2.727289e+02 cycle=305 time=3.812500e+00 dt=1.250000e-02
elapsed=2.735936e+02 cycle=306 time=3.825000e+00 dt=1.250000e-02
elapsed=2.744563e+02 cycle=307 time=3.837500e+00 dt=1.250000e-02
elapsed=2.753267e+02 cycle=308 time=3.850000e+00 dt=1.250000e-02
elapsed=2.761951e+02 cycle=309 time=3.862500e+00 dt=1.250000e-02
elapsed=2.770477e+02 cycle=310 time=3.875000e+00 dt=1.250000e-02
elapsed=2.778916e+02 cycle=311 time=3.887500e+00 dt=1.250000e-02
elapsed=2.787381e+02 cycle=312 time=3.900000e+00 dt=1.250000e-02
elapsed=2.796021e+02 cycle=313 time=3.912500e+00 dt=1.250000e-02
elapsed=2.804688e+02 cycle=314 time=3.925000e+00 dt=1.250000e-02
elapsed=2.813356e+02 cycle=315 time=3.937500e+00 dt=1.250000e-02
elapsed=2.821993e+02 cycle=316 time=3.950000e+00 dt=1.250000e-02
elapsed=2.830466e+02 cycle=317 time=3.962500e+00 dt=1.250000e-02
elapsed=2.838919e+02 cycle=318 time=3.975000e+00 dt=1.250000e-02
elapsed=2.847461e+02 cycle=319 time=3.987500e+00 dt=1.250000e-02
elapsed=2.865939e+02 cycle=320 time=4.000000e+00 dt=1.250000e-02
elapsed=2.874569e+02 cycle=321 time=4.012500e+00 dt=1.250000e-02
elapsed=2.883256e+02 cycle=322 time=4.025000e+00 dt=1.250000e-02
elapsed=2.891856e+02 cycle=323 time=4.037500e+00 dt=1.250000e-02
elapsed=2.900361e+02 cycle=324 time=4.050000e+00 dt=1.250000e-02
elapsed=2.908870e+02 cycle=325 time=4.062500e+00 dt=1.250000e-02
elapsed=2.917392e+02 cycle=326 time=4.075000e+00 dt=1.250000e-02
elapsed=2.926266e+02 cycle=327 time=4.087500e+00 dt=1.250000e-02
elapsed=2.934972e+02 cycle=328 time=4.100000e+00 dt=1.250000e-02
elapsed=2.943708e+02 cycle=329 time=4.112500e+00 dt=1.250000e-02
elapsed=2.952459e+02 cycle=330 time=4.125000e+00 dt=1.250000e-02
elapsed=2.960969e+02 cycle=331 time=4.137500e+00 dt=1.250000e-02
elapsed=2.969489e+02 cycle=332 time=4.150000e+00 dt=1.250000e-02
elapsed=2.978049e+02 cycle=333 time=4.162500e+00 dt=1.250000e-02
elapsed=2.986759e+02 cycle=334 time=4.175000e+00 dt=1.250000e-02
elapsed=2.995482e+02 cycle=335 time=4.187500e+00 dt=1.250000e-02
elapsed=3.004251e+02 cycle=336 time=4.200000e+00 dt=1.250000e-02
elapsed=3.012896e+02 cycle=337 time=4.212500e+00 dt=1.250000e-02
elapsed=3.021610e+02 cycle=338 time=4.225000e+00 dt=1.250000e-02
elapsed=3.030194e+02 cycle=339 time=4.237500e+00 dt=1.250000e-02
elapsed=3.041250e+02 cycle=340 time=4.250000e+00 dt=1.250000e-02
elapsed=3.049958e+02 cycle=341 time=4.262500e+00 dt=1.250000e-02
elapsed=3.058648e+02 cycle=342 time=4.275000e+00 dt=1.250000e-02
elapsed=3.067485e+02 cycle=343 time=4.287500e+00 dt=1.250000e-02
elapsed=3.076207e+02 cycle=344 time=4.300000e+00 dt=1.250000e-02
elapsed=3.084725e+02 cycle=345 time=4.312500e+00 dt=1.250000e-02
elapsed=3.093305e+02 cycle=346 time=4.325000e+00 dt=1.250000e-02
elapsed=3.101866e+02 cycle=347 time=4.337500e+00 dt=1.250000e-02
elapsed=3.110614e+02 cycle=348 time=4.350000e+00 dt=1.250000e-02
elapsed=3.119320e+02 cycle=349 time=4.362500e+00 dt=1.250000e-02
elapsed=3.128249e+02 cycle=350 time=4.375000e+00 dt=1.250000e-02
elapsed=3.136886e+02 cycle=351 time=4.387500e+00 dt=1.250000e-02
elapsed=3.145423e+02 cycle=352 time=4.400000e+00 dt=1.250000e-02
elapsed=3.154006e+02 cycle=353 time=4.412500e+00 dt=1.250000e-02
elapsed=3.162629e+02 cycle=354 time=4.425000e+00 dt=1.250000e-02
elapsed=3.171347e+02 cycle=355 time=4.437500e+00 dt=1.250000e-02
elapsed=3.180085e+02 cycle=356 time=4.450000e+00 dt=1.250000e-02
elapsed=3.188900e+02 cycle=357 time=4.462500e+00 dt=1.250000e-02
elapsed=3.197517e+02 cycle=358 time=4.475000e+00 dt=1.250000e-02
elapsed=3.205987e+02 cycle=359 time=4.487500e+00 dt=1.250000e-02
elapsed=3.218813e+02 cycle=360 time=4.500000e+00 dt=1.250000e-02
elapsed=3.227382e+02 cycle=361 time=4.512500e+00 dt=1.250000e-02
elapsed=3.235984e+02 cycle=362 time=4.525000e+00 dt=1.250000e-02
elapsed=3.244618e+02 cycle=363 time=4.537500e+00 dt=1.250000e-02
elapsed=3.254260e+02 cycle=364 time=4.550000e+00 dt=1.250000e-02
elapsed=3.262815e+02 cycle=365 time=4.562500e+00 dt=1.250000e-02
elapsed=3.271306e+02 cycle=366 time=4.575000e+00 dt=1.250000e-02
elapsed=3.279764e+02 cycle=367 time=4.587500e+00 dt=1.250000e-02
elapsed=3.288347e+02 cycle=368 time=4.600000e+00 dt=1.250000e-02
elapsed=3.297051e+02 cycle=369 time=4.612500e+00 dt=1.250000e-02
elapsed=3.305766e+02 cycle=370 time=4.625000e+00 dt=1.250000e-02
elapsed=3.314467e+02 cycle=371 time=4.637500e+00 dt=1.250000e-02
elapsed=3.323139e+02 cycle=372 time=4.650000e+00 dt=1.250000e-02
elapsed=3.331585e+02 cycle=373 time=4.662500e+00 dt=1.250000e-02
elapsed=3.340052e+02 cycle=374 time=4.675000e+00 dt=1.250000e-02
elapsed=3.348600e+02 cycle=375 time=4.687500e+00 dt=1.250000e-02
elapsed=3.357386e+02 cycle=376 time=4.700000e+00 dt=1.250000e-02
elapsed=3.366044e+02 cycle=377 time=4.712500e+00 dt=1.250000e-02
elapsed=3.374875e+02 cycle=378 time=4.725000e+00 dt=1.250000e-02
elapsed=3.383482e+02 cycle=379 time=4.737500e+00 dt=1.250000e-02
elapsed=3.394567e+02 cycle=380 time=4.750000e+00 dt=1.250000e-02
elapsed=3.403085e+02 cycle=381 time=4.762500e+00 dt=1.250000e-02
elapsed=3.411681e+02 cycle=382 time=4.775000e+00 dt=1.250000e-02
elapsed=3.420327e+02 cycle=383 time=4.787500e+00 dt=1.250000e-02
elapsed=3.429047e+02 cycle=384 time=4.800000e+00 dt=1.250000e-02
elapsed=3.437754e+02 cycle=385 time=4.812500e+00 dt=1.250000e-02
elapsed=3.446299e+02 cycle=386 time=4.825000e+00 dt=1.250000e-02
elapsed=3.454722e+02 cycle=387 time=4.837500e+00 dt=1.250000e-02
elapsed=3.463136e+02 cycle=388 time=4.850000e+00 dt=1.250000e-02
elapsed=3.471818e+02 cycle=389 time=4.862500e+00 dt=1.250000e-02
elapsed=3.480596e+02 cycle=390 time=4.875000e+00 dt=1.250000e-02
elapsed=3.489209e+02 cycle=391 time=4.887500e+00 dt=1.250000e-02
elapsed=3.497860e+02 cycle=392 time=4.900000e+00 dt=1.250000e-02
elapsed=3.506418e+02 cycle=393 time=4.912500e+00 dt=1.250000e-02
elapsed=3.514862e+02 cycle=394 time=4.925000e+00 dt=1.250000e-02
elapsed=3.523300e+02 cycle=395 time=4.937500e+00 dt=1.250000e-02
elapsed=3.531932e+02 cycle=396 time=4.950000e+00 dt=1.250000e-02
elapsed=3.540693e+02 cycle=397 time=4.962500e+00 dt=1.250000e-02
elapsed=3.549458e+02 cycle=398 time=4.975000e+00 dt=1.250000e-02
elapsed=3.558324e+02 cycle=399 time=4.987500e+00 dt=1.250000e-02
elapsed=3.576566e+02 cycle=400 time=5.000000e+00 dt=1.250000e-02
elapsed=3.585945e+02 cycle=401 time=5.012500e+00 dt=1.250000e-02
elapsed=3.594446e+02 cycle=402 time=5.025000e+00 dt=1.250000e-02
elapsed=3.602973e+02 cycle=403 time=5.037500e+00 dt=1.250000e-02
elapsed=3.611701e+02 cycle=404 time=5.050000e+00 dt=1.250000e-02
elapsed=3.620451e+02 cycle=405 time=5.062500e+00 dt=1.250000e-02
elapsed=3.629340e+02 cycle=406 time=5.075000e+00 dt=1.250000e-02
elapsed=3.638832e+02 cycle=407 time=5.087500e+00 dt=1.250000e-02
elapsed=3.647358e+02 cycle=408 time=5.100000e+00 dt=1.250000e-02
elapsed=3.655860e+02 cycle=409 time=5.112500e+00 dt=1.250000e-02
elapsed=3.664493e+02 cycle=410 time=5.125000e+00 dt=1.250000e-02
elapsed=3.673363e+02 cycle=411 time=5.137500e+00 dt=1.250000e-02
elapsed=3.681998e+02 cycle=412 time=5.150000e+00 dt=1.250000e-02
elapsed=3.690688e+02 cycle=413 time=5.162500e+00 dt=1.250000e-02
elapsed=3.699304e+02 cycle=414 time=5.175000e+00 dt=1.250000e-02
elapsed=3.707878e+02 cycle=415 time=5.187500e+00 dt=1.250000e-02
elapsed=3.716446e+02 cycle=416 time=5.200000e+00 dt=1.250000e-02
elapsed=3.725174e+02 cycle=417 time=5.212500e+00 dt=1.250000e-02
elapsed=3.733926e+02 cycle=418 time=5.225000e+00 dt=1.250000e-02
elapsed=3.742710e+02 cycle=419 time=5.237500e+00 dt=1.250000e-02
elapsed=3.753931e+02 cycle=420 time=5.250000e+00 dt=1.250000e-02
elapsed=3.762508e+02 cycle=421 time=5.262500e+00 dt=1.250000e-02
elapsed=3.770993e+02 cycle=422 time=5.275000e+00 dt=1.250000e-02
elapsed=3.779513e+02 cycle=423 time=5.287500e+00 dt=1.250000e-02
elapsed=3.788157e+02 cycle=424 time=5.300000e+00 dt=1.250000e-02
elapsed=3.796849e+02 cycle=425 time=5.312500e+00 dt=1.250000e-02
elapsed=3.805605e+02 cycle=426 time=5.325000e+00 dt=1.250000e-02
elapsed=3.814287e+02 cycle=427 time=5.337500e+00 dt=1.250000e-02
elapsed=3.822872e+02 cycle=428 time=5.350000e+00 dt=1.250000e-02
elapsed=3.831398e+02 cycle=429 time=5.362500e+00 dt=1.250000e-02
elapsed=3.839914e+02 cycle=430 time=5.375000e+00 dt=1.250000e-02
elapsed=3.848718e+02 cycle=431 time=5.387500e+00 dt=1.250000e-02
elapsed=3.857426e+02 cycle=432 time=5.400000e+00 dt=1.250000e-02
elapsed=3.866127e+02 cycle=433 time=5.412500e+00 dt=1.250000e-02
elapsed=3.874835e+02 cycle=434 time=5.425000e+00 dt=1.250000e-02
elapsed=3.883370e+02 cycle=435 time=5.437500e+00 dt=1.250000e-02
elapsed=3.891970e+02 cycle=436 time=5.450000e+00 dt=1.250000e-02
elapsed=3.900457e+02 cycle=437 time=5.462500e+00 dt=1.250000e-02
elapsed=3.909094e+02 cycle=438 time=5.475000e+00 dt=1.250000e-02
elapsed=3.917780e+02 cycle=439 time=5.487500e+00 dt=1.250000e-02
elapsed=3.930862e+02 cycle=440 time=5.500000e+00 dt=1.250000e-02
elapsed=3.939506e+02 cycle=441 time=5.512500e+00 dt=1.250000e-02
elapsed=3.948031e+02 cycle=442 time=5.525000e+00 dt=1.250000e-02
elapsed=3.956534e+02 cycle=443 time=5.537500e+00 dt=1.250000e-02
elapsed=3.965057e+02 cycle=444 time=5.550000e+00 dt=1.250000e-02
elapsed=3.973787e+02 cycle=445 time=5.562500e+00 dt=1.250000e-02
elapsed=3.982474e+02 cycle=446 time=5.575000e+00 dt=1.250000e-02
elapsed=3.991281e+02 cycle=447 time=5.587500e+00 dt=1.250000e-02
elapsed=3.999989e+02 cycle=448 time=5.600000e+00 dt=1.250000e-02
elapsed=4.008466e+02 cycle=449 time=5.612500e+00 dt=1.250000e-02
elapsed=4.016960e+02 cycle=450 time=5.625000e+00 dt=1.250000e-02
elapsed=4.025546e+02 cycle=451 time=5.637500e+00 dt=1.250000e-02
elapsed=4.034280e+02 cycle=452 time=5.650000e+00 dt=1.250000e-02
elapsed=4.042962e+02 cycle=453 time=5.662500e+00 dt=1.250000e-02
elapsed=4.051647e+02 cycle=454 time=5.675000e+00 dt=1.250000e-02
elapsed=4.060255e+02 cycle=455 time=5.687500e+00 dt=1.250000e-02
elapsed=4.068751e+02 cycle=456 time=5.700000e+00 dt=1.250000e-02
elapsed=4.077276e+02 cycle=457 time=5.712500e+00 dt=1.250000e-02
elapsed=4.085757e+02 cycle=458 time=5.725000e+00 dt=1.250000e-02
elapsed=4.094512e+02 cycle=459 time=5.737500e+00 dt=1.250000e-02
elapsed=4.105784e+02 cycle=460 time=5.750000e+00 dt=1.250000e-02
elapsed=4.114491e+02 cycle=461 time=5.762500e+00 dt=1.250000e-02
elapsed=4.123152e+02 cycle=462 time=5.775000e+00 dt=1.250000e-02
elapsed=4.131607e+02 cycle=463 time=5.787500e+00 dt=1.250000e-02
elapsed=4.140141e+02 cycle=464 time=5.800000e+00 dt=1.250000e-02
elapsed=4.148586e+02 cycle=465 time=5.812500e+00 dt=1.250000e-02
elapsed=4.157204e+02 cycle=466 time=5.825000e+00 dt=1.250000e-02
elapsed=4.165759e+02 cycle=467 time=5.837500e+00 dt=1.250000e-02
elapsed=4.174494e+02 cycle=468 time=5.850000e+00 dt=1.250000e-02
elapsed=4.183057e+02 cycle=469 time=5.862500e+00 dt=1.250000e-02
elapsed=4.191634e+02 cycle=470 time=5.875000e+00 dt=1.250000e-02
elapsed=4.200089e+02 cycle=471 time=5.887500e+00 dt=1.250000e-02
elapsed=4.208551e+02 cycle=472 time=5.900000e+00 dt=1.250000e-02
elapsed=4.217398e+02 cycle=473 time=5.912500e+00 dt=1.250000e-02
elapsed=4.226246e+02 cycle=474 time=5.925000e+00 dt=1.250000e-02
elapsed=4.234894e+02 cycle=475 time=5.937500e+00 dt=1.250000e-02
elapsed=4.243467e+02 cycle=476 time=5.950000e+00 dt=1.250000e-02
elapsed=4.251935e+02 cycle=477 time=5.962500e+00 dt=1.250000e-02
elapsed=4.260465e+02 cycle=478 time=5.975000e+00 dt=1.250000e-02
elapsed=4.270154e+02 cycle=479 time=5.987500e+00 dt=1.250000e-02
elapsed=4.289163e+02 cycle=480 time=6.000000e+00 dt=1.250000e-02
elapsed=4.297811e+02 cycle=481 time=6.012500e+00 dt=1.250000e-02
elapsed=4.306519e+02 cycle=482 time=6.025000e+00 dt=1.250000e-02
elapsed=4.315211e+02 cycle=483 time=6.037500e+00 dt=1.250000e-02
elapsed=4.323722e+02 cycle=484 time=6.050000e+00 dt=1.250000e-02
elapsed=4.333262e+02 cycle=485 time=6.062500e+00 dt=1.250000e-02
elapsed=4.341899e+02 cycle=486 time=6.075000e+00 dt=1.250000e-02
elapsed=4.350905e+02 cycle=487 time=6.087500e+00 dt=1.250000e-02
elapsed=4.359763e+02 cycle=488 time=6.100000e+00 dt=1.250000e-02
elapsed=4.368475e+02 cycle=489 time=6.112500e+00 dt=1.250000e-02
elapsed=4.377158e+02 cycle=490 time=6.125000e+00 dt=1.250000e-02
elapsed=4.386668e+02 cycle=491 time=6.137500e+00 dt=1.250000e-02
elapsed=4.395431e+02 cycle=492 time=6.150000e+00 dt=1.250000e-02
elapsed=4.404260e+02 cycle=493 time=6.162500e+00 dt=1.250000e-02
elapsed=4.412936e+02 cycle=494 time=6.175000e+00 dt=1.250000e-02
elapsed=4.421726e+02 cycle=495 time=6.187500e+00 dt=1.250000e-02
elapsed=4.430593e+02 cycle=496 time=6.200000e+00 dt=1.250000e-02
elapsed=4.439229e+02 cycle=497 time=6.212500e+00 dt=1.250000e-02
elapsed=4.447745e+02 cycle=498 time=6.225000e+00 dt=1.250000e-02
elapsed=4.457185e+02 cycle=499 time=6.237500e+00 dt=1.250000e-02
elapsed=4.468295e+02 cycle=500 time=6.250000e+00 dt=1.250000e-02
elapsed=4.477123e+02 cycle=501 time=6.262500e+00 dt=1.250000e-02
elapsed=4.485819e+02 cycle=502 time=6.275000e+00 dt=1.250000e-02
elapsed=4.494561e+02 cycle=503 time=6.287500e+00 dt=1.250000e-02
elapsed=4.503233e+02 cycle=504 time=6.300000e+00 dt=1.250000e-02
elapsed=4.511714e+02 cycle=505 time=6.312500e+00 dt=1.250000e-02
elapsed=4.520323e+02 cycle=506 time=6.325000e+00 dt=1.250000e-02
elapsed=4.529004e+02 cycle=507 time=6.337500e+00 dt=1.250000e-02
elapsed=4.537919e+02 cycle=508 time=6.350000e+00 dt=1.250000e-02
elapsed=4.546683e+02 cycle=509 time=6.362500e+00 dt=1.250000e-02
elapsed=4.555451e+02 cycle=510 time=6.375000e+00 dt=1.250000e-02
elapsed=4.564030e+02 cycle=511 time=6.387500e+00 dt=1.250000e-02
elapsed=4.572602e+02 cycle=512 time=6.400000e+00 dt=1.250000e-02
elapsed=4.581144e+02 cycle=513 time=6.412500e+00 dt=1.250000e-02
elapsed=4.589749e+02 cycle=514 time=6.425000e+00 dt=1.250000e-02
elapsed=4.598476e+02 cycle=515 time=6.437500e+00 dt=1.250000e-02
elapsed=4.607263e+02 cycle=516 time=6.450000e+00 dt=1.250000e-02
elapsed=4.615997e+02 cycle=517 time=6.462500e+00 dt=1.250000e-02
elapsed=4.624431e+02 cycle=518 time=6.475000e+00 dt=1.250000e-02
elapsed=4.632942e+02 cycle=519 time=6.487500e+00 dt=1.250000e-02
elapsed=4.645580e+02 cycle=520 time=6.500000e+00 dt=1.250000e-02
elapsed=4.654164e+02 cycle=521 time=6.512500e+00 dt=1.250000e-02
elapsed=4.662837e+02 cycle=522 time=6.525000e+00 dt=1.250000e-02
elapsed=4.671620e+02 cycle=523 time=6.537500e+00 dt=1.250000e-02
elapsed=4.680407e+02 cycle=524 time=6.550000e+00 dt=1.250000e-02
elapsed=4.688886e+02 cycle=525 time=6.562500e+00 dt=1.250000e-02
elapsed=4.697487e+02 cycle=526 time=6.575000e+00 dt=1.250000e-02
elapsed=4.705982e+02 cycle=527 time=6.587500e+00 dt=1.250000e-02
elapsed=4.714820e+02 cycle=528 time=6.600000e+00 dt=1.250000e-02
elapsed=4.723451e+02 cycle=529 time=6.612500e+00 dt=1.250000e-02
elapsed=4.732156e+02 cycle=530 time=6.625000e+00 dt=1.250000e-02
elapsed=4.740888e+02 cycle=531 time=6.637500e+00 dt=1.250000e-02
elapsed=4.749455e+02 cycle=532 time=6.650000e+00 dt=1.250000e-02
elapsed=4.757906e+02 cycle=533 time=6.662500e+00 dt=1.250000e-02
elapsed=4.766358e+02 cycle=534 time=6.675000e+00 dt=1.250000e-02
elapsed=4.774947e+02 cycle=535 time=6.687500e+00 dt=1.250000e-02
elapsed=4.783599e+02 cycle=536 time=6.700000e+00 dt=1.250000e-02
elapsed=4.792304e+02 cycle=537 time=6.712500e+00 dt=1.250000e-02
elapsed=4.800922e+02 cycle=538 time=6.725000e+00 dt=1.250000e-02
elapsed=4.809307e+02 cycle=539 time=6.737500e+00 dt=1.250000e-02
elapsed=4.820004e+02 cycle=540 time=6.750000e+00 dt=1.250000e-02
elapsed=4.828400e+02 cycle=541 time=6.762500e+00 dt=1.250000e-02
elapsed=4.836937e+02 cycle=542 time=6.775000e+00 dt=1.250000e-02
elapsed=4.845573e+02 cycle=543 time=6.787500e+00 dt=1.250000e-02
elapsed=4.854205e+02 cycle=544 time=6.800000e+00 dt=1.250000e-02
elapsed=4.862811e+02 cycle=545 time=6.812500e+00 dt=1.250000e-02
elapsed=4.871223e+02 cycle=546 time=6.825000e+00 dt=1.250000e-02
elapsed=4.879575e+02 cycle=547 time=6.837500e+00 dt=1.250000e-02
elapsed=4.887930e+02 cycle=548 time=6.850000e+00 dt=1.250000e-02
elapsed=4.896487e+02 cycle=549 time=6.862500e+00 dt=1.250000e-02
elapsed=4.905001e+02 cycle=550 time=6.875000e+00 dt=1.250000e-02
elapsed=4.913521e+02 cycle=551 time=6.887500e+00 dt=1.250000e-02
elapsed=4.922061e+02 cycle=552 time=6.900000e+00 dt=1.250000e-02
elapsed=4.930396e+02 cycle=553 time=6.912500e+00 dt=1.250000e-02
elapsed=4.938811e+02 cycle=554 time=6.925000e+00 dt=1.250000e-02
elapsed=4.947172e+02 cycle=555 time=6.937500e+00 dt=1.250000e-02
elapsed=4.955737e+02 cycle=556 time=6.950000e+00 dt=1.250000e-02
elapsed=4.964310e+02 cycle=557 time=6.962500e+00 dt=1.250000e-02
elapsed=4.972948e+02 cycle=558 time=6.975000e+00 dt=1.250000e-02
elapsed=4.981539e+02 cycle=559 time=6.987500e+00 dt=1.250000e-02
elapsed=5.001665e+02 cycle=560 time=7.000000e+00 dt=1.250000e-02
elapsed=5.010057e+02 cycle=561 time=7.012500e+00 dt=1.250000e-02
elapsed=5.018435e+02 cycle=562 time=7.025000e+00 dt=1.250000e-02
elapsed=5.026986e+02 cycle=563 time=7.037500e+00 dt=1.250000e-02
elapsed=5.035630e+02 cycle=564 time=7.050000e+00 dt=1.250000e-02
elapsed=5.044260e+02 cycle=565 time=7.062500e+00 dt=1.250000e-02
elapsed=5.052815e+02 cycle=566 time=7.075000e+00 dt=1.250000e-02
elapsed=5.061265e+02 cycle=567 time=7.087500e+00 dt=1.250000e-02
elapsed=5.069630e+02 cycle=568 time=7.100000e+00 dt=1.250000e-02
elapsed=5.078040e+02 cycle=569 time=7.112500e+00 dt=1.250000e-02
elapsed=5.086610e+02 cycle=570 time=7.125000e+00 dt=1.250000e-02
elapsed=5.095132e+02 cycle=571 time=7.137500e+00 dt=1.250000e-02
elapsed=5.103721e+02 cycle=572 time=7.150000e+00 dt=1.250000e-02
elapsed=5.112193e+02 cycle=573 time=7.162500e+00 dt=1.250000e-02
elapsed=5.120631e+02 cycle=574 time=7.175000e+00 dt=1.250000e-02
elapsed=5.129006e+02 cycle=575 time=7.187500e+00 dt=1.250000e-02
elapsed=5.137474e+02 cycle=576 time=7.200000e+00 dt=1.250000e-02
elapsed=5.146007e+02 cycle=577 time=7.212500e+00 dt=1.250000e-02
elapsed=5.154604e+02 cycle=578 time=7.225000e+00 dt=1.250000e-02
elapsed=5.163260e+02 cycle=579 time=7.237500e+00 dt=1.250000e-02
elapsed=5.174026e+02 cycle=580 time=7.250000e+00 dt=1.250000e-02
elapsed=5.182451e+02 cycle=581 time=7.262500e+00 dt=1.250000e-02
elapsed=5.190846e+02 cycle=582 time=7.275000e+00 dt=1.250000e-02
elapsed=5.199302e+02 cycle=583 time=7.287500e+00 dt=1.250000e-02
elapsed=5.207825e+02 cycle=584 time=7.300000e+00 dt=1.250000e-02
elapsed=5.216496e+02 cycle=585 time=7.312500e+00 dt=1.249950e-02
elapsed=5.225108e+02 cycle=586 time=7.325000e+00 dt=1.249901e-02
elapsed=5.233607e+02 cycle=587 time=7.337499e+00 dt=1.249853e-02
elapsed=5.242083e+02 cycle=588 time=7.349997e+00 dt=1.249807e-02
elapsed=5.251462e+02 cycle=589 time=7.362495e+00 dt=1.249764e-02
elapsed=5.259966e+02 cycle=590 time=7.374993e+00 dt=1.249722e-02
elapsed=5.268647e+02 cycle=591 time=7.387490e+00 dt=1.249683e-02
elapsed=5.277323e+02 cycle=592 time=7.399987e+00 dt=1.249645e-02
elapsed=5.286078e+02 cycle=593 time=7.412483e+00 dt=1.249610e-02
elapsed=5.294562e+02 cycle=594 time=7.424979e+00 dt=1.249576e-02
elapsed=5.303114e+02 cycle=595 time=7.437475e+00 dt=1.249545e-02
elapsed=5.311589e+02 cycle=596 time=7.449971e+00 dt=1.249497e-02
elapsed=5.320183e+02 cycle=597 time=7.462466e+00 dt=1.249446e-02
elapsed=5.328953e+02 cycle=598 time=7.474960e+00 dt=1.249396e-02
elapsed=5.337554e+02 cycle=599 time=7.487454e+00 dt=1.249348e-02
elapsed=5.346287e+02 cycle=600 time=7.499947e+00 dt=1.249301e-02
elapsed=5.358812e+02 cycle=601 time=7.512440e+00 dt=1.249256e-02
elapsed=5.367218e+02 cycle=602 time=7.524933e+00 dt=1.249213e-02
elapsed=5.375571e+02 cycle=603 time=7.537425e+00 dt=1.249171e-02
elapsed=5.383993e+02 cycle=604 time=7.549917e+00 dt=1.249131e-02
elapsed=5.392532e+02 cycle=605 time=7.562408e+00 dt=1.249093e-02
elapsed=5.401141e+02 cycle=606 time=7.574899e+00 dt=1.249056e-02
elapsed=5.409730e+02 cycle=607 time=7.587390e+00 dt=1.249020e-02
elapsed=5.418118e+02 cycle=608 time=7.599880e+00 dt=1.248986e-02
elapsed=5.426561e+02 cycle=609 time=7.612370e+00 dt=1.248954e-02
elapsed=5.434949e+02 cycle=610 time=7.624859e+00 dt=1.248923e-02
elapsed=5.443515e+02 cycle=611 time=7.637348e+00 dt=1.248894e-02
elapsed=5.452051e+02 cycle=612 time=7.649837e+00 dt=1.248866e-02
elapsed=5.461410e+02 cycle=613 time=7.662326e+00 dt=1.248840e-02
elapsed=5.470191e+02 cycle=614 time=7.674814e+00 dt=1.248815e-02
elapsed=5.478602e+02 cycle=615 time=7.687303e+00 dt=1.248792e-02
elapsed=5.487009e+02 cycle=616 time=7.699791e+00 dt=1.248771e-02
elapsed=5.495381e+02 cycle=617 time=7.712278e+00 dt=1.248750e-02
elapsed=5.503927e+02 cycle=618 time=7.724766e+00 dt=1.248732e-02
elapsed=5.512579e+02 cycle=619 time=7.737253e+00 dt=1.248714e-02
elapsed=5.521157e+02 cycle=620 time=7.749740e+00 dt=1.248698e-02
elapsed=5.532031e+02 cycle=621 time=7.762227e+00 dt=1.248684e-02
elapsed=5.540509e+02 cycle=622 time=7.774714e+00 dt=1.248671e-02
elapsed=5.548984e+02 cycle=623 time=7.787201e+00 dt=1.248660e-02
elapsed=5.557453e+02 cycle=624 time=7.799687e+00 dt=1.248650e-02
elapsed=5.566113e+02 cycle=625 time=7.812174e+00 dt=1.248641e-02
elapsed=5.574856e+02 cycle=626 time=7.824660e+00 dt=1.248634e-02
elapsed=5.583424e+02 cycle=627 time=7.837147e+00 dt=1.248628e-02
elapsed=5.591948e+02 cycle=628 time=7.849633e+00 dt=1.248623e-02
elapsed=5.600320e+02 cycle=629 time=7.862119e+00 dt=1.248620e-02
elapsed=5.608659e+02 cycle=630 time=7.874605e+00 dt=1.248618e-02
elapsed=5.616986e+02 cycle=631 time=7.887091e+00 dt=1.248618e-02
elapsed=5.625641e+02 cycle=632 time=7.899578e+00 dt=1.248619e-02
elapsed=5.634382e+02 cycle=633 time=7.912064e+00 dt=1.248621e-02
elapsed=5.643140e+02 cycle=634 time=7.924550e+00 dt=1.248625e-02
elapsed=5.651648e+02 cycle=635 time=7.937036e+00 dt=1.248629e-02
elapsed=5.660039e+02 cycle=636 time=7.949523e+00 dt=1.248636e-02
elapsed=5.668403e+02 cycle=637 time=7.962009e+00 dt=1.248643e-02
elapsed=5.676798e+02 cycle=638 time=7.974495e+00 dt=1.248652e-02
elapsed=5.685418e+02 cycle=639 time=7.986982e+00 dt=1.248662e-02
elapsed=5.695953e+02 cycle=640 time=7.999469e+00 dt=1.248661e-02
elapsed=5.713734e+02 cycle=641 time=8.011955e+00 dt=1.248649e-02
elapsed=5.722258e+02 cycle=642 time=8.024442e+00 dt=1.248638e-02
elapsed=5.730692e+02 cycle=643 time=8.036928e+00 dt=1.248629e-02
elapsed=5.739108e+02 cycle=644 time=8.049414e+00 dt=1.248621e-02
elapsed=5.747598e+02 cycle=645 time=8.061901e+00 dt=1.248615e-02
elapsed=5.756310e+02 cycle=646 time=8.074387e+00 dt=1.248609e-02
elapsed=5.764954e+02 cycle=647 time=8.086873e+00 dt=1.248605e-02
elapsed=5.773559e+02 cycle=648 time=8.099359e+00 dt=1.248603e-02
elapsed=5.782052e+02 cycle=649 time=8.111845e+00 dt=1.248601e-02
elapsed=5.790418e+02 cycle=650 time=8.124331e+00 dt=1.248601e-02
elapsed=5.798789e+02 cycle=651 time=8.136817e+00 dt=1.248602e-02
elapsed=5.807273e+02 cycle=652 time=8.149303e+00 dt=1.248604e-02
elapsed=5.815929e+02 cycle=653 time=8.161789e+00 dt=1.248607e-02
elapsed=5.824517e+02 cycle=654 time=8.174275e+00 dt=1.248612e-02
elapsed=5.833176e+02 cycle=655 time=8.186761e+00 dt=1.248617e-02
elapsed=5.841684e+02 cycle=656 time=8.199247e+00 dt=1.248624e-02
elapsed=5.850160e+02 cycle=657 time=8.211734e+00 dt=1.248632e-02
elapsed=5.858656e+02 cycle=658 time=8.224220e+00 dt=1.248641e-02
elapsed=5.868225e+02 cycle=659 time=8.236706e+00 dt=1.248651e-02
elapsed=5.876779e+02 cycle=660 time=8.249193e+00 dt=1.248663e-02
elapsed=5.887658e+02 cycle=661 time=8.261679e+00 dt=1.248675e-02
elapsed=5.896259e+02 cycle=662 time=8.274166e+00 dt=1.248689e-02
elapsed=5.904762e+02 cycle=663 time=8.286653e+00 dt=1.248704e-02
elapsed=5.913184e+02 cycle=664 time=8.299140e+00 dt=1.248720e-02
elapsed=5.921565e+02 cycle=665 time=8.311627e+00 dt=1.248736e-02
elapsed=5.930133e+02 cycle=666 time=8.324115e+00 dt=1.248754e-02
elapsed=5.938757e+02 cycle=667 time=8.336602e+00 dt=1.248773e-02
elapsed=5.947392e+02 cycle=668 time=8.349090e+00 dt=1.248793e-02
elapsed=5.956127e+02 cycle=669 time=8.361578e+00 dt=1.248814e-02
elapsed=5.964605e+02 cycle=670 time=8.374066e+00 dt=1.248836e-02
elapsed=5.973057e+02 cycle=671 time=8.386554e+00 dt=1.248860e-02
elapsed=5.981466e+02 cycle=672 time=8.399043e+00 dt=1.248884e-02
elapsed=5.990108e+02 cycle=673 time=8.411532e+00 dt=1.248909e-02
elapsed=5.998651e+02 cycle=674 time=8.424021e+00 dt=1.248935e-02
elapsed=6.007454e+02 cycle=675 time=8.436510e+00 dt=1.248962e-02
elapsed=6.016107e+02 cycle=676 time=8.449000e+00 dt=1.248990e-02
elapsed=6.024549e+02 cycle=677 time=8.461490e+00 dt=1.249019e-02
elapsed=6.032892e+02 cycle=678 time=8.473980e+00 dt=1.249049e-02
elapsed=6.041370e+02 cycle=679 time=8.486470e+00 dt=1.249079e-02
elapsed=6.049845e+02 cycle=680 time=8.498961e+00 dt=1.249111e-02
elapsed=6.062428e+02 cycle=681 time=8.511452e+00 dt=1.249144e-02
elapsed=6.071085e+02 cycle=682 time=8.523944e+00 dt=1.249177e-02
elapsed=6.079662e+02 cycle=683 time=8.536436e+00 dt=1.249212e-02
elapsed=6.087999e+02 cycle=684 time=8.548928e+00 dt=1.249247e-02
elapsed=6.096342e+02 cycle=685 time=8.561420e+00 dt=1.249283e-02
elapsed=6.104651e+02 cycle=686 time=8.573913e+00 dt=1.249321e-02
elapsed=6.113274e+02 cycle=687 time=8.586406e+00 dt=1.249359e-02
elapsed=6.121958e+02 cycle=688 time=8.598900e+00 dt=1.249397e-02
elapsed=6.131450e+02 cycle=689 time=8.611394e+00 dt=1.249437e-02
elapsed=6.140097e+02 cycle=690 time=8.623888e+00 dt=1.249477e-02
elapsed=6.148499e+02 cycle=691 time=8.636383e+00 dt=1.249519e-02
elapsed=6.156816e+02 cycle=692 time=8.648878e+00 dt=1.249561e-02
elapsed=6.165212e+02 cycle=693 time=8.661374e+00 dt=1.249604e-02
elapsed=6.173805e+02 cycle=694 time=8.673870e+00 dt=1.249648e-02
elapsed=6.182393e+02 cycle=695 time=8.686366e+00 dt=1.249692e-02
elapsed=6.190931e+02 cycle=696 time=8.698863e+00 dt=1.249737e-02
elapsed=6.199514e+02 cycle=697 time=8.711360e+00 dt=1.249783e-02
elapsed=6.207876e+02 cycle=698 time=8.723858e+00 dt=1.249830e-02
elapsed=6.216254e+02 cycle=699 time=8.736357e+00 dt=1.249878e-02
elapsed=6.224558e+02 cycle=700 time=8.748855e+00 dt=1.249926e-02
elapsed=6.235346e+02 cycle=701 time=8.761355e+00 dt=1.249975e-02
elapsed=6.244040e+02 cycle=702 time=8.773854e+00 dt=1.250000e-02
elapsed=6.252655e+02 cycle=703 time=8.786354e+00 dt=1.250000e-02
elapsed=6.261249e+02 cycle=704 time=8.798854e+00 dt=1.250000e-02
elapsed=6.269642e+02 cycle=705 time=8.811354e+00 dt=1.250000e-02
elapsed=6.277951e+02 cycle=706 time=8.823854e+00 dt=1.250000e-02
elapsed=6.286305e+02 cycle=707 time=8.836354e+00 dt=1.250000e-02
elapsed=6.294898e+02 cycle=708 time=8.848854e+00 dt=1.250000e-02
elapsed=6.303464e+02 cycle=709 time=8.861354e+00 dt=1.250000e-02
elapsed=6.312038e+02 cycle=710 time=8.873854e+00 dt=1.250000e-02
elapsed=6.320646e+02 cycle=711 time=8.886354e+00 dt=1.250000e-02
elapsed=6.329087e+02 cycle=712 time=8.898854e+00 dt=1.250000e-02
elapsed=6.337472e+02 cycle=713 time=8.911354e+00 dt=1.250000e-02
elapsed=6.345835e+02 cycle=714 time=8.923854e+00 dt=1.250000e-02
elapsed=6.354370e+02 cycle=715 time=8.936354e+00 dt=1.250000e-02
elapsed=6.362922e+02 cycle=716 time=8.948854e+00 dt=1.250000e-02
elapsed=6.371592e+02 cycle=717 time=8.961354e+00 dt=1.250000e-02
elapsed=6.381079e+02 cycle=718 time=8.973854e+00 dt=1.250000e-02
elapsed=6.389507e+02 cycle=719 time=8.986354e+00 dt=1.250000e-02
elapsed=6.397878e+02 cycle=720 time=8.998854e+00 dt=1.250000e-02
elapsed=6.415533e+02 cycle=721 time=9.011354e+00 dt=1.250000e-02
elapsed=6.424068e+02 cycle=722 time=9.023854e+00 dt=1.250000e-02
elapsed=6.432685e+02 cycle=723 time=9.036354e+00 dt=1.250000e-02
elapsed=6.443273e+02 cycle=724 time=9.048854e+00 dt=1.250000e-02
elapsed=6.451755e+02 cycle=725 time=9.061354e+00 dt=1.250000e-02
elapsed=6.460093e+02 cycle=726 time=9.073854e+00 dt=1.250000e-02
elapsed=6.468490e+02 cycle=727 time=9.086354e+00 dt=1.250000e-02
elapsed=6.477013e+02 cycle=728 time=9.098854e+00 dt=1.250000e-02
elapsed=6.485730e+02 cycle=729 time=9.111354e+00 dt=1.250000e-02
elapsed=6.494322e+02 cycle=730 time=9.123854e+00 dt=1.250000e-02
elapsed=6.502987e+02 cycle=731 time=9.136354e+00 dt=1.250000e-02
elapsed=6.511472e+02 cycle=732 time=9.148854e+00 dt=1.250000e-02
elapsed=6.519877e+02 cycle=733 time=9.161354e+00 dt=1.250000e-02
elapsed=6.528269e+02 cycle=734 time=9.173854e+00 dt=1.250000e-02
elapsed=6.536830e+02 cycle=735 time=9.186354e+00 dt=1.250000e-02
elapsed=6.545617e+02 cycle=736 time=9.198854e+00 dt=1.250000e-02
elapsed=6.554356e+02 cycle=737 time=9.211354e+00 dt=1.250000e-02
elapsed=6.562997e+02 cycle=738 time=9.223854e+00 dt=1.250000e-02
elapsed=6.571491e+02 cycle=739 time=9.236354e+00 dt=1.250000e-02
elapsed=6.579879e+02 cycle=740 time=9.248854e+00 dt=1.250000e-02
elapsed=6.590569e+02 cycle=741 time=9.261354e+00 dt=1.250000e-02
elapsed=6.599106e+02 cycle=742 time=9.273854e+00 dt=1.250000e-02
elapsed=6.607809e+02 cycle=743 time=9.286354e+00 dt=1.250000e-02
elapsed=6.616651e+02 cycle=744 time=9.298854e+00 dt=1.250000e-02
elapsed=6.625274e+02 cycle=745 time=9.311354e+00 dt=1.250000e-02
elapsed=6.633713e+02 cycle=746 time=9.323854e+00 dt=1.250000e-02
elapsed=6.642238e+02 cycle=747 time=9.336354e+00 dt=1.250000e-02
elapsed=6.650650e+02 cycle=748 time=9.348854e+00 dt=1.250000e-02
elapsed=6.659195e+02 cycle=749 time=9.361354e+00 dt=1.250000e-02
elapsed=6.667807e+02 cycle=750 time=9.373854e+00 dt=1.250000e-02
elapsed=6.676473e+02 cycle=751 time=9.386354e+00 dt=1.250000e-02
elapsed=6.685060e+02 cycle=752 time=9.398854e+00 dt=1.250000e-02
elapsed=6.693579e+02 cycle=753 time=9.411354e+00 dt=1.250000e-02
elapsed=6.702050e+02 cycle=754 time=9.423854e+00 dt=1.250000e-02
elapsed=6.710483e+02 cycle=755 time=9.436354e+00 dt=1.250000e-02
elapsed=6.719020e+02 cycle=756 time=9.448854e+00 dt=1.250000e-02
elapsed=6.727652e+02 cycle=757 time=9.461354e+00 dt=1.250000e-02
elapsed=6.736267e+02 cycle=758 time=9.473854e+00 dt=1.250000e-02
elapsed=6.744929e+02 cycle=759 time=9.486354e+00 dt=1.250000e-02
elapsed=6.753349e+02 cycle=760 time=9.498854e+00 dt=1.250000e-02
elapsed=6.765838e+02 cycle=761 time=9.511354e+00 dt=1.250000e-02
elapsed=6.774161e+02 cycle=762 time=9.523854e+00 dt=1.250000e-02
elapsed=6.782672e+02 cycle=763 time=9.536354e+00 dt=1.250000e-02
elapsed=6.791288e+02 cycle=764 time=9.548854e+00 dt=1.250000e-02
elapsed=6.799927e+02 cycle=765 time=9.561354e+00 dt=1.250000e-02
elapsed=6.808532e+02 cycle=766 time=9.573854e+00 dt=1.250000e-02
elapsed=6.816956e+02 cycle=767 time=9.586354e+00 dt=1.250000e-02
elapsed=6.825323e+02 cycle=768 time=9.598854e+00 dt=1.250000e-02
elapsed=6.833710e+02 cycle=769 time=9.611354e+00 dt=1.250000e-02
elapsed=6.842330e+02 cycle=770 time=9.623854e+00 dt=1.250000e-02
elapsed=6.850921e+02 cycle=771 time=9.636354e+00 dt=1.250000e-02
elapsed=6.859527e+02 cycle=772 time=9.648854e+00 dt=1.250000e-02
elapsed=6.868228e+02 cycle=773 time=9.661354e+00 dt=1.250000e-02
elapsed=6.876608e+02 cycle=774 time=9.673854e+00 dt=1.250000e-02
elapsed=6.885030e+02 cycle=775 time=9.686354e+00 dt=1.250000e-02
elapsed=6.893375e+02 cycle=776 time=9.698854e+00 dt=1.250000e-02
elapsed=6.901904e+02 cycle=777 time=9.711354e+00 dt=1.250000e-02
elapsed=6.910606e+02 cycle=778 time=9.723854e+00 dt=1.250000e-02
elapsed=6.919291e+02 cycle=779 time=9.736354e+00 dt=1.250000e-02
elapsed=6.927836e+02 cycle=780 time=9.748854e+00 dt=1.250000e-02
elapsed=6.938556e+02 cycle=781 time=9.761354e+00 dt=1.250000e-02
elapsed=6.946944e+02 cycle=782 time=9.773854e+00 dt=1.250000e-02
elapsed=6.955360e+02 cycle=783 time=9.786354e+00 dt=1.250000e-02
elapsed=6.963877e+02 cycle=784 time=9.798854e+00 dt=1.250000e-02
elapsed=6.972557e+02 cycle=785 time=9.811354e+00 dt=1.250000e-02
elapsed=6.981119e+02 cycle=786 time=9.823854e+00 dt=1.250000e-02
elapsed=6.989610e+02 cycle=787 time=9.836354e+00 dt=1.250000e-02
elapsed=6.998016e+02 cycle=788 time=9.848854e+00 dt=1.250000e-02
elapsed=7.007416e+02 cycle=789 time=9.861354e+00 dt=1.250000e-02
elapsed=7.015918e+02 cycle=790 time=9.873854e+00 dt=1.250000e-02
elapsed=7.024557e+02 cycle=791 time=9.886354e+00 dt=1.250000e-02
elapsed=7.033405e+02 cycle=792 time=9.898854e+00 dt=1.250000e-02
elapsed=7.041963e+02 cycle=793 time=9.911354e+00 dt=1.250000e-02
elapsed=7.050385e+02 cycle=794 time=9.923854e+00 dt=1.250000e-02
elapsed=7.058744e+02 cycle=795 time=9.936354e+00 dt=1.250000e-02
elapsed=7.067289e+02 cycle=796 time=9.948854e+00 dt=1.250000e-02
elapsed=7.075744e+02 cycle=797 time=9.961354e+00 dt=1.250000e-02
elapsed=7.084343e+02 cycle=798 time=9.973854e+00 dt=1.250000e-02
elapsed=7.093040e+02 cycle=799 time=9.986354e+00 dt=1.250000e-02
elapsed=7.101560e+02 cycle=800 time=9.998854e+00 dt=1.250000e-02
elapsed=7.119566e+02 cycle=801 time=1.001135e+01 dt=1.250000e-02
elapsed=7.127995e+02 cycle=802 time=1.002385e+01 dt=1.250000e-02
elapsed=7.136410e+02 cycle=803 time=1.003635e+01 dt=1.250000e-02
elapsed=7.144915e+02 cycle=804 time=1.004885e+01 dt=1.250000e-02
elapsed=7.153590e+02 cycle=805 time=1.006135e+01 dt=1.250000e-02
elapsed=7.162318e+02 cycle=806 time=1.007385e+01 dt=1.250000e-02
elapsed=7.171071e+02 cycle=807 time=1.008635e+01 dt=1.250000e-02
elapsed=7.179523e+02 cycle=808 time=1.009885e+01 dt=1.250000e-02
elapsed=7.187955e+02 cycle=809 time=1.011135e+01 dt=1.250000e-02
elapsed=7.196423e+02 cycle=810 time=1.012385e+01 dt=1.250000e-02
elapsed=7.204928e+02 cycle=811 time=1.013635e+01 dt=1.250000e-02
elapsed=7.213515e+02 cycle=812 time=1.014885e+01 dt=1.250000e-02
elapsed=7.222505e+02 cycle=813 time=1.016135e+01 dt=1.250000e-02
elapsed=7.231279e+02 cycle=814 time=1.017385e+01 dt=1.250000e-02
elapsed=7.239812e+02 cycle=815 time=1.018635e+01 dt=1.250000e-02
elapsed=7.248265e+02 cycle=816 time=1.019885e+01 dt=1.250000e-02
elapsed=7.256666e+02 cycle=817 time=1.021135e+01 dt=1.250000e-02
elapsed=7.265092e+02 cycle=818 time=1.022385e+01 dt=1.250000e-02
elapsed=7.273726e+02 cycle=819 time=1.023635e+01 dt=1.250000e-02
elapsed=7.282536e+02 cycle=820 time=1.024885e+01 dt=1.250000e-02
elapsed=7.293617e+02 cycle=821 time=1.026135e+01 dt=1.250000e-02
elapsed=7.302064e+02 cycle=822 time=1.027385e+01 dt=1.250000e-02
elapsed=7.310558e+02 cycle=823 time=1.028635e+01 dt=1.250000e-02
elapsed=7.319009e+02 cycle=824 time=1.029885e+01 dt=1.250000e-02
elapsed=7.327538e+02 cycle=825 time=1.031135e+01 dt=1.250000e-02
elapsed=7.336175e+02 cycle=826 time=1.032385e+01 dt=1.250000e-02
elapsed=7.344929e+02 cycle=827 time=1.033635e+01 dt=1.250000e-02
elapsed=7.353586e+02 cycle=828 time=1.034885e+01 dt=1.250000e-02
elapsed=7.362065e+02 cycle=829 time=1.036135e+01 dt=1.250000e-02
elapsed=7.372355e+02 cycle=830 time=1.037385e+01 dt=1.250000e-02
elapsed=7.380773e+02 cycle=831 time=1.038635e+01 dt=1.250000e-02
elapsed=7.389419e+02 cycle=832 time=1.039885e+01 dt=1.250000e-02
elapsed=7.398157e+02 cycle=833 time=1.041135e+01 dt=1.250000e-02
elapsed=7.406700e+02 cycle=834 time=1.042385e+01 dt=1.250000e-02
elapsed=7.415386e+02 cycle=835 time=1.043635e+01 dt=1.250000e-02
elapsed=7.423822e+02 cycle=836 time=1.044885e+01 dt=1.250000e-02
elapsed=7.432251e+02 cycle=837 time=1.046135e+01 dt=1.250000e-02
elapsed=7.441559e+02 cycle=838 time=1.047385e+01 dt=1.250000e-02
elapsed=7.450153e+02 cycle=839 time=1.048635e+01 dt=1.250000e-02
elapsed=7.458738e+02 cycle=840 time=1.049885e+01 dt=1.250000e-02
elapsed=7.471648e+02 cycle=841 time=1.051135e+01 dt=1.250000e-02
elapsed=7.480220e+02 cycle=842 time=1.052385e+01 dt=1.250000e-02
elapsed=7.488588e+02 cycle=843 time=1.053635e+01 dt=1.250000e-02
elapsed=7.496909e+02 cycle=844 time=1.054885e+01 dt=1.250000e-02
elapsed=7.506280e+02 cycle=845 time=1.056135e+01 dt=1.250000e-02
elapsed=7.514843e+02 cycle=846 time=1.057385e+01 dt=1.250000e-02
elapsed=7.523505e+02 cycle=847 time=1.058635e+01 dt=1.250000e-02
elapsed=7.532087e+02 cycle=848 time=1.059885e+01 dt=1.250000e-02
elapsed=7.540628e+02 cycle=849 time=1.061135e+01 dt=1.250000e-02
elapsed=7.549012e+02 cycle=850 time=1.062385e+01 dt=1.250000e-02
elapsed=7.558296e+02 cycle=851 time=1.063635e+01 dt=1.250000e-02
elapsed=7.566618e+02 cycle=852 time=1.064885e+01 dt=1.250000e-02
elapsed=7.575127e+02 cycle=853 time=1.066135e+01 dt=1.250000e-02
elapsed=7.583769e+02 cycle=854 time=1.067385e+01 dt=1.250000e-02
elapsed=7.592348e+02 cycle=855 time=1.068635e+01 dt=1.250000e-02
elapsed=7.600801e+02 cycle=856 time=1.069885e+01 dt=1.250000e-02
elapsed=7.609210e+02 cycle=857 time=1.071135e+01 dt=1.250000e-02
elapsed=7.617571e+02 cycle=858 time=1.072385e+01 dt=1.250000e-02
elapsed=7.625944e+02 cycle=859 time=1.073635e+01 dt=1.250000e-02
elapsed=7.634480e+02 cycle=860 time=1.074885e+01 dt=1.250000e-02
elapsed=7.645402e+02 cycle=861 time=1.076135e+01 dt=1.250000e-02
elapsed=7.653983e+02 cycle=862 time=1.077385e+01 dt=1.250000e-02
elapsed=7.662507e+02 cycle=863 time=1.078635e+01 dt=1.250000e-02
elapsed=7.670859e+02 cycle=864 time=1.079885e+01 dt=1.250000e-02
elapsed=7.679267e+02 cycle=865 time=1.081135e+01 dt=1.250000e-02
elapsed=7.687689e+02 cycle=866 time=1.082385e+01 dt=1.250000e-02
elapsed=7.696390e+02 cycle=867 time=1.083635e+01 dt=1.250000e-02
elapsed=7.704991e+02 cycle=868 time=1.084885e+01 dt=1.250000e-02
elapsed=7.713657e+02 cycle=869 time=1.086135e+01 dt=1.250000e-02
elapsed=7.722176e+02 cycle=870 time=1.087385e+01 dt=1.250000e-02
elapsed=7.730615e+02 cycle=871 time=1.088635e+01 dt=1.250000e-02
elapsed=7.739022e+02 cycle=872 time=1.089885e+01 dt=1.250000e-02
elapsed=7.747481e+02 cycle=873 time=1.091135e+01 dt=1.250000e-02
elapsed=7.756104e+02 cycle=874 time=1.092385e+01 dt=1.250000e-02
elapsed=7.764719e+02 cycle=875 time=1.093635e+01 dt=1.250000e-02
elapsed=7.773449e+02 cycle=876 time=1.094885e+01 dt=1.250000e-02
elapsed=7.782001e+02 cycle=877 time=1.096135e+01 dt=1.250000e-02
elapsed=7.790359e+02 cycle=878 time=1.097385e+01 dt=1.250000e-02
elapsed=7.798800e+02 cycle=879 time=1.098635e+01 dt=1.250000e-02
elapsed=7.807323e+02 cycle=880 time=1.099885e+01 dt=1.250000e-02
elapsed=7.825435e+02 cycle=881 time=1.101135e+01 dt=1.250000e-02
elapsed=7.834051e+02 cycle=882 time=1.102385e+01 dt=1.250000e-02
elapsed=7.842760e+02 cycle=883 time=1.103635e+01 dt=1.250000e-02
elapsed=7.851254e+02 cycle=884 time=1.104885e+01 dt=1.250000e-02
elapsed=7.859737e+02 cycle=885 time=1.106135e+01 dt=1.250000e-02
elapsed=7.868101e+02 cycle=886 time=1.107385e+01 dt=1.250000e-02
elapsed=7.876609e+02 cycle=887 time=1.108635e+01 dt=1.250000e-02
elapsed=7.885162e+02 cycle=888 time=1.109885e+01 dt=1.250000e-02
elapsed=7.893801e+02 cycle=889 time=1.111135e+01 dt=1.250000e-02
elapsed=7.903451e+02 cycle=890 time=1.112385e+01 dt=1.250000e-02
elapsed=7.912028e+02 cycle=891 time=1.113635e+01 dt=1.250000e-02
elapsed=7.920575e+02 cycle=892 time=1.114885e+01 dt=1.250000e-02
elapsed=7.929129e+02 cycle=893 time=1.116135e+01 dt=1.250000e-02
elapsed=7.937704e+02 cycle=894 time=1.117385e+01 dt=1.250000e-02
elapsed=7.946486e+02 cycle=895 time=1.118635e+01 dt=1.250000e-02
elapsed=7.955194e+02 cycle=896 time=1.119885e+01 dt=1.250000e-02
elapsed=7.963919e+02 cycle=897 time=1.121135e+01 dt=1.250000e-02
elapsed=7.972455e+02 cycle=898 time=1.122385e+01 dt=1.250000e-02
elapsed=7.981014e+02 cycle=899 time=1.123635e+01 dt=1.250000e-02
elapsed=7.989531e+02 cycle=900 time=1.124885e+01 dt=1.250000e-02
elapsed=8.000762e+02 cycle=901 time=1.126135e+01 dt=1.250000e-02
elapsed=8.009431e+02 cycle=902 time=1.127385e+01 dt=1.250000e-02
elapsed=8.018129e+02 cycle=903 time=1.128635e+01 dt=1.250000e-02
elapsed=8.026849e+02 cycle=904 time=1.129885e+01 dt=1.250000e-02
elapsed=8.037293e+02 cycle=905 time=1.131135e+01 dt=1.250000e-02
elapsed=8.045889e+02 cycle=906 time=1.132385e+01 dt=1.250000e-02
elapsed=8.054427e+02 cycle=907 time=1.133635e+01 dt=1.250000e-02
elapsed=8.063162e+02 cycle=908 time=1.134885e+01 dt=1.250000e-02
elapsed=8.071836e+02 cycle=909 time=1.136135e+01 dt=1.250000e-02
elapsed=8.080628e+02 cycle=910 time=1.137385e+01 dt=1.250000e-02
elapsed=8.089397e+02 cycle=911 time=1.138635e+01 dt=1.250000e-02
elapsed=8.098011e+02 cycle=912 time=1.139885e+01 dt=1.250000e-02
elapsed=8.106553e+02 cycle=913 time=1.141135e+01 dt=1.250000e-02
elapsed=8.115113e+02 cycle=914 time=1.142385e+01 dt=1.250000e-02
elapsed=8.123782e+02 cycle=915 time=1.143635e+01 dt=1.250000e-02
elapsed=8.132641e+02 cycle=916 time=1.144885e+01 dt=1.250000e-02
elapsed=8.141525e+02 cycle=917 time=1.146135e+01 dt=1.250000e-02
elapsed=8.151469e+02 cycle=918 time=1.147385e+01 dt=1.250000e-02
elapsed=8.160030e+02 cycle=919 time=1.148635e+01 dt=1.250000e-02
elapsed=8.168530e+02 cycle=920 time=1.149885e+01 dt=1.250000e-02
elapsed=8.181384e+02 cycle=921 time=1.151135e+01 dt=1.250000e-02
elapsed=8.190165e+02 cycle=922 time=1.152385e+01 dt=1.250000e-02
elapsed=8.198897e+02 cycle=923 time=1.153635e+01 dt=1.250000e-02
elapsed=8.207657e+02 cycle=924 time=1.154885e+01 dt=1.250000e-02
elapsed=8.216424e+02 cycle=925 time=1.156135e+01 dt=1.250000e-02
elapsed=8.224916e+02 cycle=926 time=1.157385e+01 dt=1.250000e-02
elapsed=8.233382e+02 cycle=927 time=1.158635e+01 dt=1.250000e-02
elapsed=8.241852e+02 cycle=928 time=1.159885e+01 dt=1.250000e-02
elapsed=8.250629e+02 cycle=929 time=1.161135e+01 dt=1.250000e-02
elapsed=8.259358e+02 cycle=930 time=1.162385e+01 dt=1.250000e-02
elapsed=8.268138e+02 cycle=931 time=1.163635e+01 dt=1.250000e-02
elapsed=8.276659e+02 cycle=932 time=1.164885e+01 dt=1.250000e-02
elapsed=8.285171e+02 cycle=933 time=1.166135e+01 dt=1.250000e-02
elapsed=8.293645e+02 cycle=934 time=1.167385e+01 dt=1.250000e-02
elapsed=8.302206e+02 cycle=935 time=1.168635e+01 dt=1.250000e-02
elapsed=8.310989e+02 cycle=936 time=1.169885e+01 dt=1.250000e-02
elapsed=8.319716e+02 cycle=937 time=1.171135e+01 dt=1.250000e-02
elapsed=8.328438e+02 cycle=938 time=1.172385e+01 dt=1.250000e-02
elapsed=8.337088e+02 cycle=939 time=1.173635e+01 dt=1.250000e-02
elapsed=8.345631e+02 cycle=940 time=1.174885e+01 dt=1.250000e-02
elapsed=8.356565e+02 cycle=941 time=1.176135e+01 dt=1.250000e-02
elapsed=8.365060e+02 cycle=942 time=1.177385e+01 dt=1.250000e-02
elapsed=8.373728e+02 cycle=943 time=1.178635e+01 dt=1.250000e-02
elapsed=8.382365e+02 cycle=944 time=1.179885e+01 dt=1.250000e-02
elapsed=8.391161e+02 cycle=945 time=1.181135e+01 dt=1.250000e-02
elapsed=8.399677e+02 cycle=946 time=1.182385e+01 dt=1.250000e-02
elapsed=8.408157e+02 cycle=947 time=1.183635e+01 dt=1.250000e-02
elapsed=8.416653e+02 cycle=948 time=1.184885e+01 dt=1.250000e-02
elapsed=8.425242e+02 cycle=949 time=1.186135e+01 dt=1.250000e-02
elapsed=8.433964e+02 cycle=950 time=1.187385e+01 dt=1.250000e-02
elapsed=8.442753e+02 cycle=951 time=1.188635e+01 dt=1.250000e-02
elapsed=8.451508e+02 cycle=952 time=1.189885e+01 dt=1.250000e-02
elapsed=8.460105e+02 cycle=953 time=1.191135e+01 dt=1.250000e-02
elapsed=8.468664e+02 cycle=954 time=1.192385e+01 dt=1.250000e-02
elapsed=8.477179e+02 cycle=955 time=1.193635e+01 dt=1.250000e-02
elapsed=8.485762e+02 cycle=956 time=1.194885e+01 dt=1.250000e-02
elapsed=8.494522e+02 cycle=957 time=1.196135e+01 dt=1.250000e-02
elapsed=8.503272e+02 cycle=958 time=1.197385e+01 dt=1.250000e-02
elapsed=8.512063e+02 cycle=959 time=1.198635e+01 dt=1.250000e-02
elapsed=8.520676e+02 cycle=960 time=1.199885e+01 dt=1.250000e-02
elapsed=8.539556e+02 cycle=961 time=1.201135e+01 dt=1.250000e-02
elapsed=8.548061e+02 cycle=962 time=1.202385e+01 dt=1.250000e-02
elapsed=8.556616e+02 cycle=963 time=1.203635e+01 dt=1.250000e-02
elapsed=8.565241e+02 cycle=964 time=1.204885e+01 dt=1.250000e-02
elapsed=8.573830e+02 cycle=965 time=1.206135e+01 dt=1.250000e-02
elapsed=8.582444e+02 cycle=966 time=1.207385e+01 dt=1.250000e-02
elapsed=8.590994e+02 cycle=967 time=1.208635e+01 dt=1.250000e-02
elapsed=8.599404e+02 cycle=968 time=1.209885e+01 dt=1.250000e-02
elapsed=8.607863e+02 cycle=969 time=1.211135e+01 dt=1.250000e-02
elapsed=8.616707e+02 cycle=970 time=1.212385e+01 dt=1.250000e-02
elapsed=8.625350e+02 cycle=971 time=1.213635e+01 dt=1.250000e-02
elapsed=8.633935e+02 cycle=972 time=1.214885e+01 dt=1.250000e-02
elapsed=8.642594e+02 cycle=973 time=1.216135e+01 dt=1.250000e-02
elapsed=8.650999e+02 cycle=974 time=1.217385e+01 dt=1.250000e-02
elapsed=8.659478e+02 cycle=975 time=1.218635e+01 dt=1.250000e-02
elapsed=8.667905e+02 cycle=976 time=1.219885e+01 dt=1.250000e-02
elapsed=8.676496e+02 cycle=977 time=1.221135e+01 dt=1.250000e-02
elapsed=8.685102e+02 cycle=978 time=1.222385e+01 dt=1.250000e-02
elapsed=8.693720e+02 cycle=979 time=1.223635e+01 dt=1.250000e-02
elapsed=8.702331e+02 cycle=980 time=1.224885e+01 dt=1.250000e-02
elapsed=8.713049e+02 cycle=981 time=1.226135e+01 dt=1.250000e-02
elapsed=8.721422e+02 cycle=982 time=1.227385e+01 dt=1.250000e-02
elapsed=8.729853e+02 cycle=983 time=1.228635e+01 dt=1.250000e-02
elapsed=8.738679e+02 cycle=984 time=1.229885e+01 dt=1.250000e-02
elapsed=8.747319e+02 cycle=985 time=1.231135e+01 dt=1.250000e-02
elapsed=8.755930e+02 cycle=986 time=1.232385e+01 dt=1.250000e-02
elapsed=8.764592e+02 cycle=987 time=1.233635e+01 dt=1.250000e-02
elapsed=8.772973e+02 cycle=988 time=1.234885e+01 dt=1.250000e-02
elapsed=8.782464e+02 cycle=989 time=1.236135e+01 dt=1.250000e-02
elapsed=8.790923e+02 cycle=990 time=1.237385e+01 dt=1.250000e-02
elapsed=8.799577e+02 cycle=991 time=1.238635e+01 dt=1.250000e-02
elapsed=8.808169e+02 cycle=992 time=1.239885e+01 dt=1.250000e-02
elapsed=8.816944e+02 cycle=993 time=1.241135e+01 dt=1.250000e-02
elapsed=8.825532e+02 cycle=994 time=1.242385e+01 dt=1.250000e-02
elapsed=8.833973e+02 cycle=995 time=1.243635e+01 dt=1.250000e-02
elapsed=8.842392e+02 cycle=996 time=1.244885e+01 dt=1.250000e-02
elapsed=8.850803e+02 cycle=997 time=1.246135e+01 dt=1.250000e-02
elapsed=8.859567e+02 cycle=998 time=1.247385e+01 dt=1.250000e-02
elapsed=8.868328e+02 cycle=999 time=1.248635e+01 dt=1.250000e-02
elapsed=8.876862e+02 cycle=1000 time=1.249885e+01 dt=1.250000e-02
elapsed=8.889609e+02 cycle=1001 time=1.251135e+01 dt=1.250000e-02
elapsed=8.897938e+02 cycle=1002 time=1.252385e+01 dt=1.250000e-02
elapsed=8.906278e+02 cycle=1003 time=1.253635e+01 dt=1.250000e-02
elapsed=8.914653e+02 cycle=1004 time=1.254885e+01 dt=1.250000e-02
elapsed=8.923154e+02 cycle=1005 time=1.256135e+01 dt=1.250000e-02
elapsed=8.931727e+02 cycle=1006 time=1.257385e+01 dt=1.250000e-02
elapsed=8.940337e+02 cycle=1007 time=1.258635e+01 dt=1.250000e-02
elapsed=8.948863e+02 cycle=1008 time=1.259885e+01 dt=1.250000e-02
elapsed=8.957296e+02 cycle=1009 time=1.261135e+01 dt=1.250000e-02
elapsed=8.967542e+02 cycle=1010 time=1.262385e+01 dt=1.250000e-02
elapsed=8.975953e+02 cycle=1011 time=1.263635e+01 dt=1.250000e-02
elapsed=8.984494e+02 cycle=1012 time=1.264885e+01 dt=1.250000e-02
elapsed=8.993280e+02 cycle=1013 time=1.266135e+01 dt=1.250000e-02
PC-GH one puncture: t=1.267385e+01 max(GH,ADM,red,alg)=(2.101466e-01,2.455501e+00,6.825247e-01,2.396688e-04) min(A,chi,SPD)=(1.702519e-02,3.163128e-03,8.179186e-01)
elapsed=9.019660e+02 cycle=1014 time=1.267385e+01 dt=1.250000e-02

Terminating on wall clock limit
time=1.267385e+01 cycle=1014
tlim=2.000000e+01 nlim=-1

MeshBlock-cycles = 405600
cpu time used  = 9.003622e+02
zone-cycles/cpu_second = 7.784388e+05
particle-updates/cpu_second = 0.000000e+00
