
Root grid = 2 x 2 x 2 MeshBlocks
Total number of MeshBlocks = 400
Number of logical  levels of refinement = 8 (9 levels total)
Number of physical levels of refinement = 7 (8 levels total)
  Physical level = 1 (logical level = 2): 56 MeshBlocks, cost = 56
  Physical level = 2 (logical level = 3): 56 MeshBlocks, cost = 56
  Physical level = 3 (logical level = 4): 56 MeshBlocks, cost = 56
  Physical level = 4 (logical level = 5): 56 MeshBlocks, cost = 56
  Physical level = 5 (logical level = 6): 56 MeshBlocks, cost = 56
  Physical level = 6 (logical level = 7): 56 MeshBlocks, cost = 56
  Physical level = 7 (logical level = 8): 64 MeshBlocks, cost = 64
Number of parallel ranks = 1
Research qualification execution backend: Cuda

Setup complete, executing task list(s)...

elapsed=1.136897e+00 cycle=1014 time=1.267385e+01 dt=1.250000e-02
elapsed=1.987029e+00 cycle=1015 time=1.268635e+01 dt=1.250000e-02
elapsed=2.835422e+00 cycle=1016 time=1.269885e+01 dt=1.250000e-02
elapsed=3.682466e+00 cycle=1017 time=1.271135e+01 dt=1.250000e-02
elapsed=4.563369e+00 cycle=1018 time=1.272385e+01 dt=1.250000e-02
elapsed=5.446647e+00 cycle=1019 time=1.273635e+01 dt=1.250000e-02
elapsed=6.319609e+00 cycle=1020 time=1.274885e+01 dt=1.250000e-02
elapsed=7.188037e+00 cycle=1021 time=1.276135e+01 dt=1.250000e-02
elapsed=8.025207e+00 cycle=1022 time=1.277385e+01 dt=1.250000e-02
elapsed=8.875140e+00 cycle=1023 time=1.278635e+01 dt=1.250000e-02
elapsed=9.714071e+00 cycle=1024 time=1.279885e+01 dt=1.250000e-02
elapsed=1.058221e+01 cycle=1025 time=1.281135e+01 dt=1.250000e-02
elapsed=1.144209e+01 cycle=1026 time=1.282385e+01 dt=1.250000e-02
elapsed=1.230167e+01 cycle=1027 time=1.283635e+01 dt=1.250000e-02
elapsed=1.315692e+01 cycle=1028 time=1.284885e+01 dt=1.250000e-02
elapsed=1.400919e+01 cycle=1029 time=1.286135e+01 dt=1.250000e-02
elapsed=1.484154e+01 cycle=1030 time=1.287385e+01 dt=1.250000e-02
elapsed=1.568375e+01 cycle=1031 time=1.288635e+01 dt=1.250000e-02
elapsed=1.654752e+01 cycle=1032 time=1.289885e+01 dt=1.250000e-02
elapsed=1.741255e+01 cycle=1033 time=1.291135e+01 dt=1.250000e-02
elapsed=1.827986e+01 cycle=1034 time=1.292385e+01 dt=1.250000e-02
elapsed=1.913395e+01 cycle=1035 time=1.293635e+01 dt=1.250000e-02
elapsed=1.996834e+01 cycle=1036 time=1.294885e+01 dt=1.250000e-02
elapsed=2.080849e+01 cycle=1037 time=1.296135e+01 dt=1.250000e-02
elapsed=2.164414e+01 cycle=1038 time=1.297385e+01 dt=1.250000e-02
elapsed=2.250526e+01 cycle=1039 time=1.298635e+01 dt=1.250000e-02
elapsed=2.336185e+01 cycle=1040 time=1.299885e+01 dt=1.250000e-02
elapsed=2.445339e+01 cycle=1041 time=1.301135e+01 dt=1.250000e-02
elapsed=2.530338e+01 cycle=1042 time=1.302385e+01 dt=1.250000e-02
elapsed=2.614272e+01 cycle=1043 time=1.303635e+01 dt=1.250000e-02
elapsed=2.697867e+01 cycle=1044 time=1.304885e+01 dt=1.250000e-02
elapsed=2.782933e+01 cycle=1045 time=1.306135e+01 dt=1.250000e-02
elapsed=2.870174e+01 cycle=1046 time=1.307385e+01 dt=1.250000e-02
elapsed=2.958090e+01 cycle=1047 time=1.308635e+01 dt=1.250000e-02
elapsed=3.044721e+01 cycle=1048 time=1.309885e+01 dt=1.250000e-02
elapsed=3.129467e+01 cycle=1049 time=1.311135e+01 dt=1.250000e-02
elapsed=3.214441e+01 cycle=1050 time=1.312385e+01 dt=1.250000e-02
elapsed=3.300078e+01 cycle=1051 time=1.313635e+01 dt=1.250000e-02
elapsed=3.384628e+01 cycle=1052 time=1.314885e+01 dt=1.250000e-02
elapsed=3.470539e+01 cycle=1053 time=1.316135e+01 dt=1.250000e-02
elapsed=3.556320e+01 cycle=1054 time=1.317385e+01 dt=1.250000e-02
elapsed=3.643795e+01 cycle=1055 time=1.318635e+01 dt=1.250000e-02
elapsed=3.728314e+01 cycle=1056 time=1.319885e+01 dt=1.250000e-02
elapsed=3.813127e+01 cycle=1057 time=1.321135e+01 dt=1.250000e-02
elapsed=3.897906e+01 cycle=1058 time=1.322385e+01 dt=1.250000e-02
elapsed=3.984005e+01 cycle=1059 time=1.323635e+01 dt=1.250000e-02
elapsed=4.071853e+01 cycle=1060 time=1.324885e+01 dt=1.250000e-02
elapsed=4.181258e+01 cycle=1061 time=1.326135e+01 dt=1.250000e-02
elapsed=4.267495e+01 cycle=1062 time=1.327385e+01 dt=1.250000e-02
elapsed=4.351473e+01 cycle=1063 time=1.328635e+01 dt=1.250000e-02
elapsed=4.436349e+01 cycle=1064 time=1.329885e+01 dt=1.250000e-02
elapsed=4.520359e+01 cycle=1065 time=1.331135e+01 dt=1.250000e-02
elapsed=4.605390e+01 cycle=1066 time=1.332385e+01 dt=1.250000e-02
elapsed=4.691069e+01 cycle=1067 time=1.333635e+01 dt=1.250000e-02
elapsed=4.796446e+01 cycle=1068 time=1.334885e+01 dt=1.250000e-02
elapsed=4.884281e+01 cycle=1069 time=1.336135e+01 dt=1.250000e-02
elapsed=4.968641e+01 cycle=1070 time=1.337385e+01 dt=1.250000e-02
elapsed=5.052945e+01 cycle=1071 time=1.338635e+01 dt=1.250000e-02
elapsed=5.136637e+01 cycle=1072 time=1.339885e+01 dt=1.250000e-02
elapsed=5.222257e+01 cycle=1073 time=1.341135e+01 dt=1.250000e-02
elapsed=5.308395e+01 cycle=1074 time=1.342385e+01 dt=1.250000e-02
elapsed=5.394425e+01 cycle=1075 time=1.343635e+01 dt=1.250000e-02
elapsed=5.480377e+01 cycle=1076 time=1.344885e+01 dt=1.250000e-02
elapsed=5.564240e+01 cycle=1077 time=1.346135e+01 dt=1.250000e-02
elapsed=5.649545e+01 cycle=1078 time=1.347385e+01 dt=1.250000e-02
elapsed=5.733437e+01 cycle=1079 time=1.348635e+01 dt=1.250000e-02
elapsed=5.820031e+01 cycle=1080 time=1.349885e+01 dt=1.250000e-02
elapsed=5.949634e+01 cycle=1081 time=1.351135e+01 dt=1.250000e-02
elapsed=6.035970e+01 cycle=1082 time=1.352385e+01 dt=1.250000e-02
elapsed=6.121113e+01 cycle=1083 time=1.353635e+01 dt=1.250000e-02
elapsed=6.204900e+01 cycle=1084 time=1.354885e+01 dt=1.250000e-02
elapsed=6.288887e+01 cycle=1085 time=1.356135e+01 dt=1.250000e-02
elapsed=6.372895e+01 cycle=1086 time=1.357385e+01 dt=1.250000e-02
elapsed=6.459059e+01 cycle=1087 time=1.358635e+01 dt=1.250000e-02
elapsed=6.555302e+01 cycle=1088 time=1.359885e+01 dt=1.250000e-02
elapsed=6.641269e+01 cycle=1089 time=1.361135e+01 dt=1.250000e-02
elapsed=6.726578e+01 cycle=1090 time=1.362385e+01 dt=1.250000e-02
elapsed=6.810208e+01 cycle=1091 time=1.363635e+01 dt=1.250000e-02
elapsed=6.894118e+01 cycle=1092 time=1.364885e+01 dt=1.250000e-02
elapsed=6.978675e+01 cycle=1093 time=1.366135e+01 dt=1.250000e-02
elapsed=7.064430e+01 cycle=1094 time=1.367385e+01 dt=1.250000e-02
elapsed=7.151194e+01 cycle=1095 time=1.368635e+01 dt=1.250000e-02
elapsed=7.237910e+01 cycle=1096 time=1.369885e+01 dt=1.250000e-02
elapsed=7.323963e+01 cycle=1097 time=1.371135e+01 dt=1.250000e-02
elapsed=7.407790e+01 cycle=1098 time=1.372385e+01 dt=1.250000e-02
elapsed=7.491338e+01 cycle=1099 time=1.373635e+01 dt=1.250000e-02
elapsed=7.575577e+01 cycle=1100 time=1.374885e+01 dt=1.250000e-02
elapsed=7.684806e+01 cycle=1101 time=1.376135e+01 dt=1.250000e-02
elapsed=7.770465e+01 cycle=1102 time=1.377385e+01 dt=1.250000e-02
elapsed=7.857011e+01 cycle=1103 time=1.378635e+01 dt=1.250000e-02
elapsed=7.941227e+01 cycle=1104 time=1.379885e+01 dt=1.250000e-02
elapsed=8.025317e+01 cycle=1105 time=1.381135e+01 dt=1.250000e-02
elapsed=8.108557e+01 cycle=1106 time=1.382385e+01 dt=1.250000e-02
elapsed=8.193526e+01 cycle=1107 time=1.383635e+01 dt=1.250000e-02
elapsed=8.278422e+01 cycle=1108 time=1.384885e+01 dt=1.250000e-02
elapsed=8.363872e+01 cycle=1109 time=1.386135e+01 dt=1.250000e-02
elapsed=8.449491e+01 cycle=1110 time=1.387385e+01 dt=1.250000e-02
elapsed=8.533575e+01 cycle=1111 time=1.388635e+01 dt=1.250000e-02
elapsed=8.617114e+01 cycle=1112 time=1.389885e+01 dt=1.250000e-02
elapsed=8.700686e+01 cycle=1113 time=1.391135e+01 dt=1.250000e-02
elapsed=8.784874e+01 cycle=1114 time=1.392385e+01 dt=1.250000e-02
elapsed=8.870924e+01 cycle=1115 time=1.393635e+01 dt=1.250000e-02
elapsed=8.957421e+01 cycle=1116 time=1.394885e+01 dt=1.250000e-02
elapsed=9.044232e+01 cycle=1117 time=1.396135e+01 dt=1.250000e-02
elapsed=9.127639e+01 cycle=1118 time=1.397385e+01 dt=1.250000e-02
elapsed=9.211348e+01 cycle=1119 time=1.398635e+01 dt=1.250000e-02
elapsed=9.295389e+01 cycle=1120 time=1.399885e+01 dt=1.250000e-02
elapsed=9.480193e+01 cycle=1121 time=1.401135e+01 dt=1.250000e-02
elapsed=9.565202e+01 cycle=1122 time=1.402385e+01 dt=1.250000e-02
elapsed=9.650978e+01 cycle=1123 time=1.403635e+01 dt=1.250000e-02
elapsed=9.736219e+01 cycle=1124 time=1.404885e+01 dt=1.250000e-02
elapsed=9.820507e+01 cycle=1125 time=1.406135e+01 dt=1.250000e-02
elapsed=9.904848e+01 cycle=1126 time=1.407385e+01 dt=1.250000e-02
elapsed=9.989979e+01 cycle=1127 time=1.408635e+01 dt=1.250000e-02
elapsed=1.007669e+02 cycle=1128 time=1.409885e+01 dt=1.250000e-02
elapsed=1.016373e+02 cycle=1129 time=1.411135e+01 dt=1.250000e-02
elapsed=1.025044e+02 cycle=1130 time=1.412385e+01 dt=1.250000e-02
elapsed=1.033600e+02 cycle=1131 time=1.413635e+01 dt=1.250000e-02
elapsed=1.042021e+02 cycle=1132 time=1.414885e+01 dt=1.250000e-02
elapsed=1.050436e+02 cycle=1133 time=1.416135e+01 dt=1.250000e-02
elapsed=1.058849e+02 cycle=1134 time=1.417385e+01 dt=1.250000e-02
elapsed=1.067441e+02 cycle=1135 time=1.418635e+01 dt=1.250000e-02
elapsed=1.076006e+02 cycle=1136 time=1.419885e+01 dt=1.250000e-02
elapsed=1.084626e+02 cycle=1137 time=1.421135e+01 dt=1.250000e-02
elapsed=1.093187e+02 cycle=1138 time=1.422385e+01 dt=1.250000e-02
elapsed=1.101688e+02 cycle=1139 time=1.423635e+01 dt=1.250000e-02
elapsed=1.110049e+02 cycle=1140 time=1.424885e+01 dt=1.250000e-02
elapsed=1.120718e+02 cycle=1141 time=1.426135e+01 dt=1.250000e-02
elapsed=1.129335e+02 cycle=1142 time=1.427385e+01 dt=1.250000e-02
elapsed=1.138083e+02 cycle=1143 time=1.428635e+01 dt=1.250000e-02
elapsed=1.146827e+02 cycle=1144 time=1.429885e+01 dt=1.250000e-02
elapsed=1.155469e+02 cycle=1145 time=1.431135e+01 dt=1.250000e-02
elapsed=1.163991e+02 cycle=1146 time=1.432385e+01 dt=1.250000e-02
elapsed=1.172407e+02 cycle=1147 time=1.433635e+01 dt=1.250000e-02
elapsed=1.180877e+02 cycle=1148 time=1.434885e+01 dt=1.250000e-02
elapsed=1.189487e+02 cycle=1149 time=1.436135e+01 dt=1.250000e-02
elapsed=1.198245e+02 cycle=1150 time=1.437385e+01 dt=1.250000e-02
elapsed=1.206892e+02 cycle=1151 time=1.438635e+01 dt=1.250000e-02
elapsed=1.215396e+02 cycle=1152 time=1.439885e+01 dt=1.250000e-02
elapsed=1.223838e+02 cycle=1153 time=1.441135e+01 dt=1.250000e-02
elapsed=1.232298e+02 cycle=1154 time=1.442385e+01 dt=1.250000e-02
elapsed=1.240796e+02 cycle=1155 time=1.443635e+01 dt=1.250000e-02
elapsed=1.249311e+02 cycle=1156 time=1.444885e+01 dt=1.250000e-02
elapsed=1.257872e+02 cycle=1157 time=1.446135e+01 dt=1.250000e-02
elapsed=1.266532e+02 cycle=1158 time=1.447385e+01 dt=1.250000e-02
elapsed=1.275062e+02 cycle=1159 time=1.448635e+01 dt=1.250000e-02
elapsed=1.283511e+02 cycle=1160 time=1.449885e+01 dt=1.250000e-02
elapsed=1.296075e+02 cycle=1161 time=1.451135e+01 dt=1.250000e-02
elapsed=1.304527e+02 cycle=1162 time=1.452385e+01 dt=1.250000e-02
elapsed=1.313046e+02 cycle=1163 time=1.453635e+01 dt=1.250000e-02
elapsed=1.321694e+02 cycle=1164 time=1.454885e+01 dt=1.250000e-02
elapsed=1.330299e+02 cycle=1165 time=1.456135e+01 dt=1.250000e-02
elapsed=1.339588e+02 cycle=1166 time=1.457385e+01 dt=1.250000e-02
elapsed=1.348009e+02 cycle=1167 time=1.458635e+01 dt=1.250000e-02
elapsed=1.356420e+02 cycle=1168 time=1.459885e+01 dt=1.250000e-02
elapsed=1.364856e+02 cycle=1169 time=1.461135e+01 dt=1.250000e-02
elapsed=1.373380e+02 cycle=1170 time=1.462385e+01 dt=1.250000e-02
elapsed=1.381971e+02 cycle=1171 time=1.463635e+01 dt=1.250000e-02
elapsed=1.390598e+02 cycle=1172 time=1.464885e+01 dt=1.250000e-02
elapsed=1.399085e+02 cycle=1173 time=1.466135e+01 dt=1.250000e-02
elapsed=1.407536e+02 cycle=1174 time=1.467385e+01 dt=1.250000e-02
elapsed=1.415906e+02 cycle=1175 time=1.468635e+01 dt=1.250000e-02
elapsed=1.424345e+02 cycle=1176 time=1.469885e+01 dt=1.250000e-02
elapsed=1.432880e+02 cycle=1177 time=1.471135e+01 dt=1.250000e-02
elapsed=1.441408e+02 cycle=1178 time=1.472385e+01 dt=1.250000e-02
elapsed=1.450100e+02 cycle=1179 time=1.473635e+01 dt=1.250000e-02
elapsed=1.458499e+02 cycle=1180 time=1.474885e+01 dt=1.250000e-02
elapsed=1.469208e+02 cycle=1181 time=1.476135e+01 dt=1.250000e-02
elapsed=1.477533e+02 cycle=1182 time=1.477385e+01 dt=1.250000e-02
elapsed=1.485967e+02 cycle=1183 time=1.478635e+01 dt=1.250000e-02
elapsed=1.494474e+02 cycle=1184 time=1.479885e+01 dt=1.250000e-02
elapsed=1.503162e+02 cycle=1185 time=1.481135e+01 dt=1.250000e-02
elapsed=1.511745e+02 cycle=1186 time=1.482385e+01 dt=1.250000e-02
elapsed=1.520133e+02 cycle=1187 time=1.483635e+01 dt=1.250000e-02
elapsed=1.528499e+02 cycle=1188 time=1.484885e+01 dt=1.250000e-02
elapsed=1.536957e+02 cycle=1189 time=1.486135e+01 dt=1.250000e-02
elapsed=1.545414e+02 cycle=1190 time=1.487385e+01 dt=1.250000e-02
elapsed=1.553955e+02 cycle=1191 time=1.488635e+01 dt=1.250000e-02
elapsed=1.562485e+02 cycle=1192 time=1.489885e+01 dt=1.250000e-02
elapsed=1.571148e+02 cycle=1193 time=1.491135e+01 dt=1.250000e-02
elapsed=1.579523e+02 cycle=1194 time=1.492385e+01 dt=1.250000e-02
elapsed=1.587866e+02 cycle=1195 time=1.493635e+01 dt=1.250000e-02
elapsed=1.596212e+02 cycle=1196 time=1.494885e+01 dt=1.250000e-02
elapsed=1.604747e+02 cycle=1197 time=1.496135e+01 dt=1.250000e-02
elapsed=1.613226e+02 cycle=1198 time=1.497385e+01 dt=1.250000e-02
elapsed=1.622005e+02 cycle=1199 time=1.498635e+01 dt=1.250000e-02
elapsed=1.630592e+02 cycle=1200 time=1.499885e+01 dt=1.250000e-02
elapsed=1.648301e+02 cycle=1201 time=1.501135e+01 dt=1.250000e-02
elapsed=1.657633e+02 cycle=1202 time=1.502385e+01 dt=1.250000e-02
elapsed=1.666044e+02 cycle=1203 time=1.503635e+01 dt=1.250000e-02
elapsed=1.674547e+02 cycle=1204 time=1.504885e+01 dt=1.250000e-02
elapsed=1.683130e+02 cycle=1205 time=1.506135e+01 dt=1.250000e-02
elapsed=1.691716e+02 cycle=1206 time=1.507385e+01 dt=1.250000e-02
elapsed=1.700297e+02 cycle=1207 time=1.508635e+01 dt=1.250000e-02
elapsed=1.708707e+02 cycle=1208 time=1.509885e+01 dt=1.250000e-02
elapsed=1.718029e+02 cycle=1209 time=1.511135e+01 dt=1.250000e-02
elapsed=1.726408e+02 cycle=1210 time=1.512385e+01 dt=1.250000e-02
elapsed=1.735183e+02 cycle=1211 time=1.513635e+01 dt=1.250000e-02
elapsed=1.743732e+02 cycle=1212 time=1.514885e+01 dt=1.250000e-02
elapsed=1.752481e+02 cycle=1213 time=1.516135e+01 dt=1.250000e-02
elapsed=1.761076e+02 cycle=1214 time=1.517385e+01 dt=1.250000e-02
elapsed=1.769512e+02 cycle=1215 time=1.518635e+01 dt=1.250000e-02
elapsed=1.777874e+02 cycle=1216 time=1.519885e+01 dt=1.250000e-02
elapsed=1.786294e+02 cycle=1217 time=1.521135e+01 dt=1.250000e-02
elapsed=1.795001e+02 cycle=1218 time=1.522385e+01 dt=1.250000e-02
elapsed=1.803643e+02 cycle=1219 time=1.523635e+01 dt=1.250000e-02
elapsed=1.812270e+02 cycle=1220 time=1.524885e+01 dt=1.250000e-02
elapsed=1.823145e+02 cycle=1221 time=1.526135e+01 dt=1.250000e-02
elapsed=1.831542e+02 cycle=1222 time=1.527385e+01 dt=1.250000e-02
elapsed=1.839931e+02 cycle=1223 time=1.528635e+01 dt=1.250000e-02
elapsed=1.848297e+02 cycle=1224 time=1.529885e+01 dt=1.250000e-02
elapsed=1.857062e+02 cycle=1225 time=1.531135e+01 dt=1.250000e-02
elapsed=1.865846e+02 cycle=1226 time=1.532385e+01 dt=1.250000e-02
elapsed=1.874517e+02 cycle=1227 time=1.533635e+01 dt=1.250000e-02
elapsed=1.883055e+02 cycle=1228 time=1.534885e+01 dt=1.250000e-02
elapsed=1.891577e+02 cycle=1229 time=1.536135e+01 dt=1.250000e-02
elapsed=1.899990e+02 cycle=1230 time=1.537385e+01 dt=1.250000e-02
elapsed=1.908447e+02 cycle=1231 time=1.538635e+01 dt=1.250000e-02
elapsed=1.918207e+02 cycle=1232 time=1.539885e+01 dt=1.250000e-02
elapsed=1.926848e+02 cycle=1233 time=1.541135e+01 dt=1.250000e-02
elapsed=1.935477e+02 cycle=1234 time=1.542385e+01 dt=1.250000e-02
elapsed=1.944005e+02 cycle=1235 time=1.543635e+01 dt=1.250000e-02
elapsed=1.952415e+02 cycle=1236 time=1.544885e+01 dt=1.250000e-02
elapsed=1.960902e+02 cycle=1237 time=1.546135e+01 dt=1.250000e-02
elapsed=1.969329e+02 cycle=1238 time=1.547385e+01 dt=1.250000e-02
elapsed=1.978060e+02 cycle=1239 time=1.548635e+01 dt=1.250000e-02
elapsed=1.986723e+02 cycle=1240 time=1.549885e+01 dt=1.250000e-02
elapsed=1.999512e+02 cycle=1241 time=1.551135e+01 dt=1.250000e-02
elapsed=2.008041e+02 cycle=1242 time=1.552385e+01 dt=1.250000e-02
elapsed=2.016452e+02 cycle=1243 time=1.553635e+01 dt=1.250000e-02
elapsed=2.024797e+02 cycle=1244 time=1.554885e+01 dt=1.250000e-02
elapsed=2.033245e+02 cycle=1245 time=1.556135e+01 dt=1.250000e-02
elapsed=2.041726e+02 cycle=1246 time=1.557385e+01 dt=1.250000e-02
elapsed=2.050283e+02 cycle=1247 time=1.558635e+01 dt=1.250000e-02
elapsed=2.058843e+02 cycle=1248 time=1.559885e+01 dt=1.250000e-02
elapsed=2.067285e+02 cycle=1249 time=1.561135e+01 dt=1.250000e-02
elapsed=2.075692e+02 cycle=1250 time=1.562385e+01 dt=1.250000e-02
elapsed=2.084056e+02 cycle=1251 time=1.563635e+01 dt=1.250000e-02
elapsed=2.092499e+02 cycle=1252 time=1.564885e+01 dt=1.250000e-02
elapsed=2.101000e+02 cycle=1253 time=1.566135e+01 dt=1.250000e-02
elapsed=2.109560e+02 cycle=1254 time=1.567385e+01 dt=1.250000e-02
elapsed=2.118145e+02 cycle=1255 time=1.568635e+01 dt=1.250000e-02
elapsed=2.126583e+02 cycle=1256 time=1.569885e+01 dt=1.250000e-02
elapsed=2.134970e+02 cycle=1257 time=1.571135e+01 dt=1.250000e-02
elapsed=2.143356e+02 cycle=1258 time=1.572385e+01 dt=1.250000e-02
elapsed=2.151900e+02 cycle=1259 time=1.573635e+01 dt=1.250000e-02
elapsed=2.160588e+02 cycle=1260 time=1.574885e+01 dt=1.250000e-02
elapsed=2.171440e+02 cycle=1261 time=1.576135e+01 dt=1.250000e-02
elapsed=2.180032e+02 cycle=1262 time=1.577385e+01 dt=1.250000e-02
elapsed=2.188504e+02 cycle=1263 time=1.578635e+01 dt=1.250000e-02
elapsed=2.196862e+02 cycle=1264 time=1.579885e+01 dt=1.250000e-02
elapsed=2.205200e+02 cycle=1265 time=1.581135e+01 dt=1.250000e-02
elapsed=2.213672e+02 cycle=1266 time=1.582385e+01 dt=1.250000e-02
elapsed=2.222225e+02 cycle=1267 time=1.583635e+01 dt=1.250000e-02
elapsed=2.230851e+02 cycle=1268 time=1.584885e+01 dt=1.250000e-02
elapsed=2.239501e+02 cycle=1269 time=1.586135e+01 dt=1.250000e-02
elapsed=2.247879e+02 cycle=1270 time=1.587385e+01 dt=1.250000e-02
elapsed=2.256235e+02 cycle=1271 time=1.588635e+01 dt=1.250000e-02
elapsed=2.264586e+02 cycle=1272 time=1.589885e+01 dt=1.250000e-02
elapsed=2.273154e+02 cycle=1273 time=1.591135e+01 dt=1.250000e-02
elapsed=2.281982e+02 cycle=1274 time=1.592385e+01 dt=1.250000e-02
elapsed=2.290656e+02 cycle=1275 time=1.593635e+01 dt=1.250000e-02
elapsed=2.299201e+02 cycle=1276 time=1.594885e+01 dt=1.250000e-02
elapsed=2.307587e+02 cycle=1277 time=1.596135e+01 dt=1.250000e-02
elapsed=2.316889e+02 cycle=1278 time=1.597385e+01 dt=1.250000e-02
elapsed=2.325349e+02 cycle=1279 time=1.598635e+01 dt=1.250000e-02
elapsed=2.333846e+02 cycle=1280 time=1.599885e+01 dt=1.250000e-02
elapsed=2.351610e+02 cycle=1281 time=1.601135e+01 dt=1.250000e-02
elapsed=2.360192e+02 cycle=1282 time=1.602385e+01 dt=1.250000e-02
elapsed=2.368773e+02 cycle=1283 time=1.603635e+01 dt=1.250000e-02
elapsed=2.377182e+02 cycle=1284 time=1.604885e+01 dt=1.250000e-02
elapsed=2.385539e+02 cycle=1285 time=1.606135e+01 dt=1.250000e-02
elapsed=2.393919e+02 cycle=1286 time=1.607385e+01 dt=1.250000e-02
elapsed=2.402501e+02 cycle=1287 time=1.608635e+01 dt=1.250000e-02
elapsed=2.411201e+02 cycle=1288 time=1.609885e+01 dt=1.250000e-02
elapsed=2.419986e+02 cycle=1289 time=1.611135e+01 dt=1.250000e-02
elapsed=2.428605e+02 cycle=1290 time=1.612385e+01 dt=1.250000e-02
elapsed=2.437036e+02 cycle=1291 time=1.613635e+01 dt=1.250000e-02
elapsed=2.445421e+02 cycle=1292 time=1.614885e+01 dt=1.250000e-02
elapsed=2.453803e+02 cycle=1293 time=1.616135e+01 dt=1.250000e-02
elapsed=2.462457e+02 cycle=1294 time=1.617385e+01 dt=1.250000e-02
elapsed=2.471082e+02 cycle=1295 time=1.618635e+01 dt=1.250000e-02
elapsed=2.480555e+02 cycle=1296 time=1.619885e+01 dt=1.250000e-02
elapsed=2.489157e+02 cycle=1297 time=1.621135e+01 dt=1.250000e-02
elapsed=2.497569e+02 cycle=1298 time=1.622385e+01 dt=1.250000e-02
elapsed=2.505966e+02 cycle=1299 time=1.623635e+01 dt=1.250000e-02
elapsed=2.514325e+02 cycle=1300 time=1.624885e+01 dt=1.250000e-02
elapsed=2.525311e+02 cycle=1301 time=1.626135e+01 dt=1.250000e-02
elapsed=2.533885e+02 cycle=1302 time=1.627385e+01 dt=1.250000e-02
elapsed=2.542541e+02 cycle=1303 time=1.628635e+01 dt=1.250000e-02
elapsed=2.551073e+02 cycle=1304 time=1.629885e+01 dt=1.250000e-02
elapsed=2.559539e+02 cycle=1305 time=1.631135e+01 dt=1.250000e-02
elapsed=2.567952e+02 cycle=1306 time=1.632385e+01 dt=1.250000e-02
elapsed=2.576315e+02 cycle=1307 time=1.633635e+01 dt=1.250000e-02
elapsed=2.584936e+02 cycle=1308 time=1.634885e+01 dt=1.250000e-02
elapsed=2.593740e+02 cycle=1309 time=1.636135e+01 dt=1.250000e-02
elapsed=2.602358e+02 cycle=1310 time=1.637385e+01 dt=1.250000e-02
elapsed=2.610920e+02 cycle=1311 time=1.638635e+01 dt=1.250000e-02
elapsed=2.619309e+02 cycle=1312 time=1.639885e+01 dt=1.250000e-02
elapsed=2.627694e+02 cycle=1313 time=1.641135e+01 dt=1.250000e-02
elapsed=2.636097e+02 cycle=1314 time=1.642385e+01 dt=1.250000e-02
elapsed=2.644778e+02 cycle=1315 time=1.643635e+01 dt=1.250000e-02
elapsed=2.655460e+02 cycle=1316 time=1.644885e+01 dt=1.250000e-02
elapsed=2.664103e+02 cycle=1317 time=1.646135e+01 dt=1.250000e-02
elapsed=2.672676e+02 cycle=1318 time=1.647385e+01 dt=1.250000e-02
elapsed=2.681095e+02 cycle=1319 time=1.648635e+01 dt=1.250000e-02
elapsed=2.689509e+02 cycle=1320 time=1.649885e+01 dt=1.250000e-02
elapsed=2.702035e+02 cycle=1321 time=1.651135e+01 dt=1.250000e-02
elapsed=2.710658e+02 cycle=1322 time=1.652385e+01 dt=1.250000e-02
elapsed=2.719248e+02 cycle=1323 time=1.653635e+01 dt=1.250000e-02
elapsed=2.727881e+02 cycle=1324 time=1.654885e+01 dt=1.250000e-02
elapsed=2.736415e+02 cycle=1325 time=1.656135e+01 dt=1.250000e-02
elapsed=2.744751e+02 cycle=1326 time=1.657385e+01 dt=1.250000e-02
elapsed=2.753165e+02 cycle=1327 time=1.658635e+01 dt=1.250000e-02
elapsed=2.761581e+02 cycle=1328 time=1.659885e+01 dt=1.250000e-02
elapsed=2.770294e+02 cycle=1329 time=1.661135e+01 dt=1.250000e-02
elapsed=2.778874e+02 cycle=1330 time=1.662385e+01 dt=1.250000e-02
elapsed=2.787452e+02 cycle=1331 time=1.663635e+01 dt=1.250000e-02
elapsed=2.795950e+02 cycle=1332 time=1.664885e+01 dt=1.250000e-02
elapsed=2.804312e+02 cycle=1333 time=1.666135e+01 dt=1.250000e-02
elapsed=2.812621e+02 cycle=1334 time=1.667385e+01 dt=1.250000e-02
elapsed=2.821108e+02 cycle=1335 time=1.668635e+01 dt=1.250000e-02
elapsed=2.829839e+02 cycle=1336 time=1.669885e+01 dt=1.250000e-02
elapsed=2.838510e+02 cycle=1337 time=1.671135e+01 dt=1.250000e-02
elapsed=2.847168e+02 cycle=1338 time=1.672385e+01 dt=1.250000e-02
elapsed=2.855802e+02 cycle=1339 time=1.673635e+01 dt=1.250000e-02
elapsed=2.864154e+02 cycle=1340 time=1.674885e+01 dt=1.250000e-02
elapsed=2.875856e+02 cycle=1341 time=1.676135e+01 dt=1.250000e-02
elapsed=2.884273e+02 cycle=1342 time=1.677385e+01 dt=1.250000e-02
elapsed=2.892810e+02 cycle=1343 time=1.678635e+01 dt=1.250000e-02
elapsed=2.901380e+02 cycle=1344 time=1.679885e+01 dt=1.250000e-02
elapsed=2.910048e+02 cycle=1345 time=1.681135e+01 dt=1.250000e-02
elapsed=2.918492e+02 cycle=1346 time=1.682385e+01 dt=1.250000e-02
elapsed=2.926884e+02 cycle=1347 time=1.683635e+01 dt=1.250000e-02
elapsed=2.935181e+02 cycle=1348 time=1.684885e+01 dt=1.250000e-02
elapsed=2.943747e+02 cycle=1349 time=1.686135e+01 dt=1.250000e-02
elapsed=2.952432e+02 cycle=1350 time=1.687385e+01 dt=1.250000e-02
elapsed=2.961133e+02 cycle=1351 time=1.688635e+01 dt=1.250000e-02
elapsed=2.971685e+02 cycle=1352 time=1.689885e+01 dt=1.250000e-02
elapsed=2.980100e+02 cycle=1353 time=1.691135e+01 dt=1.250000e-02
elapsed=2.988449e+02 cycle=1354 time=1.692385e+01 dt=1.250000e-02
elapsed=2.996791e+02 cycle=1355 time=1.693635e+01 dt=1.250000e-02
elapsed=3.005322e+02 cycle=1356 time=1.694885e+01 dt=1.250000e-02
elapsed=3.014020e+02 cycle=1357 time=1.696135e+01 dt=1.250000e-02
elapsed=3.022647e+02 cycle=1358 time=1.697385e+01 dt=1.250000e-02
elapsed=3.031210e+02 cycle=1359 time=1.698635e+01 dt=1.250000e-02
elapsed=3.039592e+02 cycle=1360 time=1.699885e+01 dt=1.250000e-02
elapsed=3.057097e+02 cycle=1361 time=1.701135e+01 dt=1.250000e-02
elapsed=3.065433e+02 cycle=1362 time=1.702385e+01 dt=1.250000e-02
elapsed=3.073902e+02 cycle=1363 time=1.703635e+01 dt=1.250000e-02
elapsed=3.082417e+02 cycle=1364 time=1.704885e+01 dt=1.250000e-02
elapsed=3.091062e+02 cycle=1365 time=1.706135e+01 dt=1.250000e-02
elapsed=3.100593e+02 cycle=1366 time=1.707385e+01 dt=1.250000e-02
elapsed=3.109030e+02 cycle=1367 time=1.708635e+01 dt=1.250000e-02
elapsed=3.117419e+02 cycle=1368 time=1.709885e+01 dt=1.250000e-02
elapsed=3.125827e+02 cycle=1369 time=1.711135e+01 dt=1.250000e-02
elapsed=3.134353e+02 cycle=1370 time=1.712385e+01 dt=1.250000e-02
elapsed=3.143021e+02 cycle=1371 time=1.713635e+01 dt=1.250000e-02
elapsed=3.151642e+02 cycle=1372 time=1.714885e+01 dt=1.250000e-02
elapsed=3.161108e+02 cycle=1373 time=1.716135e+01 dt=1.250000e-02
elapsed=3.169573e+02 cycle=1374 time=1.717385e+01 dt=1.250000e-02
elapsed=3.177998e+02 cycle=1375 time=1.718635e+01 dt=1.250000e-02
elapsed=3.186343e+02 cycle=1376 time=1.719885e+01 dt=1.250000e-02
elapsed=3.195049e+02 cycle=1377 time=1.721135e+01 dt=1.250000e-02
elapsed=3.203564e+02 cycle=1378 time=1.722385e+01 dt=1.250000e-02
elapsed=3.212226e+02 cycle=1379 time=1.723635e+01 dt=1.250000e-02
elapsed=3.220811e+02 cycle=1380 time=1.724885e+01 dt=1.250000e-02
elapsed=3.231810e+02 cycle=1381 time=1.726135e+01 dt=1.250000e-02
elapsed=3.240193e+02 cycle=1382 time=1.727385e+01 dt=1.250000e-02
elapsed=3.248581e+02 cycle=1383 time=1.728635e+01 dt=1.250000e-02
elapsed=3.257280e+02 cycle=1384 time=1.729885e+01 dt=1.250000e-02
elapsed=3.266083e+02 cycle=1385 time=1.731135e+01 dt=1.250000e-02
elapsed=3.274748e+02 cycle=1386 time=1.732385e+01 dt=1.250000e-02
elapsed=3.283272e+02 cycle=1387 time=1.733635e+01 dt=1.250000e-02
elapsed=3.291826e+02 cycle=1388 time=1.734885e+01 dt=1.250000e-02
elapsed=3.300235e+02 cycle=1389 time=1.736135e+01 dt=1.250000e-02
elapsed=3.308645e+02 cycle=1390 time=1.737385e+01 dt=1.250000e-02
elapsed=3.317335e+02 cycle=1391 time=1.738635e+01 dt=1.250000e-02
elapsed=3.326066e+02 cycle=1392 time=1.739885e+01 dt=1.250000e-02
elapsed=3.334712e+02 cycle=1393 time=1.741135e+01 dt=1.250000e-02
elapsed=3.343155e+02 cycle=1394 time=1.742385e+01 dt=1.250000e-02
elapsed=3.351593e+02 cycle=1395 time=1.743635e+01 dt=1.250000e-02
elapsed=3.359964e+02 cycle=1396 time=1.744885e+01 dt=1.250000e-02
elapsed=3.368416e+02 cycle=1397 time=1.746135e+01 dt=1.250000e-02
elapsed=3.377255e+02 cycle=1398 time=1.747385e+01 dt=1.250000e-02
elapsed=3.386002e+02 cycle=1399 time=1.748635e+01 dt=1.250000e-02
elapsed=3.394645e+02 cycle=1400 time=1.749885e+01 dt=1.250000e-02
elapsed=3.407196e+02 cycle=1401 time=1.751135e+01 dt=1.250000e-02
elapsed=3.415582e+02 cycle=1402 time=1.752385e+01 dt=1.250000e-02
elapsed=3.424023e+02 cycle=1403 time=1.753635e+01 dt=1.250000e-02
elapsed=3.432468e+02 cycle=1404 time=1.754885e+01 dt=1.250000e-02
elapsed=3.441166e+02 cycle=1405 time=1.756135e+01 dt=1.250000e-02
elapsed=3.449830e+02 cycle=1406 time=1.757385e+01 dt=1.250000e-02
elapsed=3.458494e+02 cycle=1407 time=1.758635e+01 dt=1.250000e-02
elapsed=3.466932e+02 cycle=1408 time=1.759885e+01 dt=1.250000e-02
elapsed=3.475315e+02 cycle=1409 time=1.761135e+01 dt=1.250000e-02
elapsed=3.483700e+02 cycle=1410 time=1.762385e+01 dt=1.250000e-02
elapsed=3.492191e+02 cycle=1411 time=1.763635e+01 dt=1.250000e-02
elapsed=3.500863e+02 cycle=1412 time=1.764885e+01 dt=1.250000e-02
elapsed=3.509591e+02 cycle=1413 time=1.766135e+01 dt=1.250000e-02
elapsed=3.518195e+02 cycle=1414 time=1.767385e+01 dt=1.250000e-02
elapsed=3.526545e+02 cycle=1415 time=1.768635e+01 dt=1.250000e-02
elapsed=3.534946e+02 cycle=1416 time=1.769885e+01 dt=1.250000e-02
elapsed=3.543345e+02 cycle=1417 time=1.771135e+01 dt=1.250000e-02
elapsed=3.551969e+02 cycle=1418 time=1.772385e+01 dt=1.250000e-02
elapsed=3.560657e+02 cycle=1419 time=1.773635e+01 dt=1.250000e-02
elapsed=3.569204e+02 cycle=1420 time=1.774885e+01 dt=1.250000e-02
elapsed=3.580136e+02 cycle=1421 time=1.776135e+01 dt=1.250000e-02
elapsed=3.588513e+02 cycle=1422 time=1.777385e+01 dt=1.250000e-02
elapsed=3.596871e+02 cycle=1423 time=1.778635e+01 dt=1.250000e-02
elapsed=3.605268e+02 cycle=1424 time=1.779885e+01 dt=1.250000e-02
elapsed=3.613815e+02 cycle=1425 time=1.781135e+01 dt=1.250000e-02
elapsed=3.622419e+02 cycle=1426 time=1.782385e+01 dt=1.250000e-02
elapsed=3.631054e+02 cycle=1427 time=1.783635e+01 dt=1.250000e-02
elapsed=3.639631e+02 cycle=1428 time=1.784885e+01 dt=1.250000e-02
elapsed=3.648087e+02 cycle=1429 time=1.786135e+01 dt=1.250000e-02
elapsed=3.656431e+02 cycle=1430 time=1.787385e+01 dt=1.250000e-02
elapsed=3.664947e+02 cycle=1431 time=1.788635e+01 dt=1.250000e-02
elapsed=3.673467e+02 cycle=1432 time=1.789885e+01 dt=1.250000e-02
elapsed=3.682030e+02 cycle=1433 time=1.791135e+01 dt=1.250000e-02
elapsed=3.690606e+02 cycle=1434 time=1.792385e+01 dt=1.250000e-02
elapsed=3.699283e+02 cycle=1435 time=1.793635e+01 dt=1.250000e-02
elapsed=3.707750e+02 cycle=1436 time=1.794885e+01 dt=1.250000e-02
elapsed=3.716135e+02 cycle=1437 time=1.796135e+01 dt=1.250000e-02
elapsed=3.724473e+02 cycle=1438 time=1.797385e+01 dt=1.250000e-02
elapsed=3.733089e+02 cycle=1439 time=1.798635e+01 dt=1.250000e-02
elapsed=3.741670e+02 cycle=1440 time=1.799885e+01 dt=1.250000e-02
elapsed=3.759573e+02 cycle=1441 time=1.801135e+01 dt=1.250000e-02
elapsed=3.768095e+02 cycle=1442 time=1.802385e+01 dt=1.250000e-02
elapsed=3.776481e+02 cycle=1443 time=1.803635e+01 dt=1.250000e-02
elapsed=3.784805e+02 cycle=1444 time=1.804885e+01 dt=1.250000e-02
elapsed=3.793128e+02 cycle=1445 time=1.806135e+01 dt=1.250000e-02
elapsed=3.801632e+02 cycle=1446 time=1.807385e+01 dt=1.250000e-02
elapsed=3.810200e+02 cycle=1447 time=1.808635e+01 dt=1.250000e-02
elapsed=3.818771e+02 cycle=1448 time=1.809885e+01 dt=1.250000e-02
elapsed=3.827356e+02 cycle=1449 time=1.811135e+01 dt=1.250000e-02
elapsed=3.835735e+02 cycle=1450 time=1.812385e+01 dt=1.250000e-02
elapsed=3.844169e+02 cycle=1451 time=1.813635e+01 dt=1.250000e-02
elapsed=3.852620e+02 cycle=1452 time=1.814885e+01 dt=1.250000e-02
elapsed=3.861342e+02 cycle=1453 time=1.816135e+01 dt=1.250000e-02
elapsed=3.869970e+02 cycle=1454 time=1.817385e+01 dt=1.250000e-02
elapsed=3.878684e+02 cycle=1455 time=1.818635e+01 dt=1.250000e-02
elapsed=3.887374e+02 cycle=1456 time=1.819885e+01 dt=1.250000e-02
elapsed=3.895862e+02 cycle=1457 time=1.821135e+01 dt=1.250000e-02
elapsed=3.904224e+02 cycle=1458 time=1.822385e+01 dt=1.250000e-02
elapsed=3.912677e+02 cycle=1459 time=1.823635e+01 dt=1.250000e-02
elapsed=3.921302e+02 cycle=1460 time=1.824885e+01 dt=1.250000e-02
elapsed=3.932273e+02 cycle=1461 time=1.826135e+01 dt=1.250000e-02
elapsed=3.940885e+02 cycle=1462 time=1.827385e+01 dt=1.250000e-02
elapsed=3.949362e+02 cycle=1463 time=1.828635e+01 dt=1.250000e-02
elapsed=3.957778e+02 cycle=1464 time=1.829885e+01 dt=1.250000e-02
elapsed=3.966257e+02 cycle=1465 time=1.831135e+01 dt=1.250000e-02
elapsed=3.974725e+02 cycle=1466 time=1.832385e+01 dt=1.250000e-02
elapsed=3.983327e+02 cycle=1467 time=1.833635e+01 dt=1.250000e-02
elapsed=3.991926e+02 cycle=1468 time=1.834885e+01 dt=1.250000e-02
elapsed=4.000526e+02 cycle=1469 time=1.836135e+01 dt=1.250000e-02
elapsed=4.008957e+02 cycle=1470 time=1.837385e+01 dt=1.250000e-02
elapsed=4.017396e+02 cycle=1471 time=1.838635e+01 dt=1.250000e-02
elapsed=4.025777e+02 cycle=1472 time=1.839885e+01 dt=1.250000e-02
elapsed=4.034344e+02 cycle=1473 time=1.841135e+01 dt=1.250000e-02
elapsed=4.043040e+02 cycle=1474 time=1.842385e+01 dt=1.250000e-02
elapsed=4.051690e+02 cycle=1475 time=1.843635e+01 dt=1.250000e-02
elapsed=4.060294e+02 cycle=1476 time=1.844885e+01 dt=1.250000e-02
elapsed=4.068746e+02 cycle=1477 time=1.846135e+01 dt=1.250000e-02
elapsed=4.077212e+02 cycle=1478 time=1.847385e+01 dt=1.250000e-02
elapsed=4.085689e+02 cycle=1479 time=1.848635e+01 dt=1.250000e-02
elapsed=4.094255e+02 cycle=1480 time=1.849885e+01 dt=1.250000e-02
elapsed=4.107071e+02 cycle=1481 time=1.851135e+01 dt=1.250000e-02
elapsed=4.115644e+02 cycle=1482 time=1.852385e+01 dt=1.250000e-02
elapsed=4.124304e+02 cycle=1483 time=1.853635e+01 dt=1.250000e-02
elapsed=4.132727e+02 cycle=1484 time=1.854885e+01 dt=1.250000e-02
elapsed=4.142128e+02 cycle=1485 time=1.856135e+01 dt=1.250000e-02
elapsed=4.150492e+02 cycle=1486 time=1.857385e+01 dt=1.250000e-02
elapsed=4.159085e+02 cycle=1487 time=1.858635e+01 dt=1.250000e-02
elapsed=4.167616e+02 cycle=1488 time=1.859885e+01 dt=1.250000e-02
elapsed=4.176250e+02 cycle=1489 time=1.861135e+01 dt=1.250000e-02
elapsed=4.184852e+02 cycle=1490 time=1.862385e+01 dt=1.250000e-02
elapsed=4.193301e+02 cycle=1491 time=1.863635e+01 dt=1.250000e-02
elapsed=4.201695e+02 cycle=1492 time=1.864885e+01 dt=1.250000e-02
elapsed=4.210054e+02 cycle=1493 time=1.866135e+01 dt=1.250000e-02
elapsed=4.218586e+02 cycle=1494 time=1.867385e+01 dt=1.250000e-02
elapsed=4.227119e+02 cycle=1495 time=1.868635e+01 dt=1.250000e-02
elapsed=4.235629e+02 cycle=1496 time=1.869885e+01 dt=1.250000e-02
elapsed=4.244196e+02 cycle=1497 time=1.871135e+01 dt=1.250000e-02
elapsed=4.252548e+02 cycle=1498 time=1.872385e+01 dt=1.250000e-02
elapsed=4.262894e+02 cycle=1499 time=1.873635e+01 dt=1.250000e-02
elapsed=4.271223e+02 cycle=1500 time=1.874885e+01 dt=1.250000e-02
elapsed=4.282165e+02 cycle=1501 time=1.876135e+01 dt=1.250000e-02
elapsed=4.290738e+02 cycle=1502 time=1.877385e+01 dt=1.250000e-02
elapsed=4.299338e+02 cycle=1503 time=1.878635e+01 dt=1.250000e-02
elapsed=4.307856e+02 cycle=1504 time=1.879885e+01 dt=1.250000e-02
elapsed=4.318198e+02 cycle=1505 time=1.881135e+01 dt=1.250000e-02
elapsed=4.326523e+02 cycle=1506 time=1.882385e+01 dt=1.250000e-02
elapsed=4.334854e+02 cycle=1507 time=1.883635e+01 dt=1.250000e-02
elapsed=4.343398e+02 cycle=1508 time=1.884885e+01 dt=1.250000e-02
elapsed=4.351914e+02 cycle=1509 time=1.886135e+01 dt=1.250000e-02
elapsed=4.360571e+02 cycle=1510 time=1.887385e+01 dt=1.250000e-02
elapsed=4.369079e+02 cycle=1511 time=1.888635e+01 dt=1.250000e-02
elapsed=4.377424e+02 cycle=1512 time=1.889885e+01 dt=1.250000e-02
elapsed=4.385866e+02 cycle=1513 time=1.891135e+01 dt=1.250000e-02
elapsed=4.394204e+02 cycle=1514 time=1.892385e+01 dt=1.250000e-02
elapsed=4.402742e+02 cycle=1515 time=1.893635e+01 dt=1.250000e-02
elapsed=4.411264e+02 cycle=1516 time=1.894885e+01 dt=1.250000e-02
elapsed=4.419926e+02 cycle=1517 time=1.896135e+01 dt=1.250000e-02
elapsed=4.428428e+02 cycle=1518 time=1.897385e+01 dt=1.250000e-02
elapsed=4.436807e+02 cycle=1519 time=1.898635e+01 dt=1.250000e-02
elapsed=4.445135e+02 cycle=1520 time=1.899885e+01 dt=1.250000e-02
elapsed=4.462574e+02 cycle=1521 time=1.901135e+01 dt=1.250000e-02
elapsed=4.471089e+02 cycle=1522 time=1.902385e+01 dt=1.250000e-02
elapsed=4.479679e+02 cycle=1523 time=1.903635e+01 dt=1.250000e-02
elapsed=4.488245e+02 cycle=1524 time=1.904885e+01 dt=1.250000e-02
elapsed=4.496706e+02 cycle=1525 time=1.906135e+01 dt=1.250000e-02
elapsed=4.505086e+02 cycle=1526 time=1.907385e+01 dt=1.250000e-02
elapsed=4.513460e+02 cycle=1527 time=1.908635e+01 dt=1.250000e-02
elapsed=4.521857e+02 cycle=1528 time=1.909885e+01 dt=1.250000e-02
elapsed=4.530536e+02 cycle=1529 time=1.911135e+01 dt=1.250000e-02
elapsed=4.539055e+02 cycle=1530 time=1.912385e+01 dt=1.250000e-02
elapsed=4.547643e+02 cycle=1531 time=1.913635e+01 dt=1.250000e-02
elapsed=4.556123e+02 cycle=1532 time=1.914885e+01 dt=1.250000e-02
elapsed=4.564543e+02 cycle=1533 time=1.916135e+01 dt=1.250000e-02
elapsed=4.572889e+02 cycle=1534 time=1.917385e+01 dt=1.250000e-02
elapsed=4.581437e+02 cycle=1535 time=1.918635e+01 dt=1.250000e-02
elapsed=4.590179e+02 cycle=1536 time=1.919885e+01 dt=1.250000e-02
elapsed=4.598953e+02 cycle=1537 time=1.921135e+01 dt=1.250000e-02
elapsed=4.607828e+02 cycle=1538 time=1.922385e+01 dt=1.250000e-02
elapsed=4.616290e+02 cycle=1539 time=1.923635e+01 dt=1.250000e-02
elapsed=4.624703e+02 cycle=1540 time=1.924885e+01 dt=1.250000e-02
elapsed=4.635391e+02 cycle=1541 time=1.926135e+01 dt=1.250000e-02
elapsed=4.643797e+02 cycle=1542 time=1.927385e+01 dt=1.250000e-02
elapsed=4.652405e+02 cycle=1543 time=1.928635e+01 dt=1.250000e-02
elapsed=4.661106e+02 cycle=1544 time=1.929885e+01 dt=1.250000e-02
elapsed=4.669756e+02 cycle=1545 time=1.931135e+01 dt=1.250000e-02
elapsed=4.678217e+02 cycle=1546 time=1.932385e+01 dt=1.250000e-02
elapsed=4.686646e+02 cycle=1547 time=1.933635e+01 dt=1.250000e-02
elapsed=4.695026e+02 cycle=1548 time=1.934885e+01 dt=1.250000e-02
elapsed=4.703597e+02 cycle=1549 time=1.936135e+01 dt=1.250000e-02
elapsed=4.712339e+02 cycle=1550 time=1.937385e+01 dt=1.250000e-02
elapsed=4.721132e+02 cycle=1551 time=1.938635e+01 dt=1.250000e-02
elapsed=4.729874e+02 cycle=1552 time=1.939885e+01 dt=1.250000e-02
elapsed=4.738262e+02 cycle=1553 time=1.941135e+01 dt=1.250000e-02
elapsed=4.746655e+02 cycle=1554 time=1.942385e+01 dt=1.250000e-02
elapsed=4.755083e+02 cycle=1555 time=1.943635e+01 dt=1.250000e-02
elapsed=4.763645e+02 cycle=1556 time=1.944885e+01 dt=1.250000e-02
elapsed=4.772324e+02 cycle=1557 time=1.946135e+01 dt=1.250000e-02
elapsed=4.780999e+02 cycle=1558 time=1.947385e+01 dt=1.250000e-02
elapsed=4.789576e+02 cycle=1559 time=1.948635e+01 dt=1.250000e-02
elapsed=4.797974e+02 cycle=1560 time=1.949885e+01 dt=1.250000e-02
elapsed=4.810552e+02 cycle=1561 time=1.951135e+01 dt=1.250000e-02
elapsed=4.818921e+02 cycle=1562 time=1.952385e+01 dt=1.250000e-02
elapsed=4.827590e+02 cycle=1563 time=1.953635e+01 dt=1.250000e-02
elapsed=4.836161e+02 cycle=1564 time=1.954885e+01 dt=1.250000e-02
elapsed=4.844834e+02 cycle=1565 time=1.956135e+01 dt=1.250000e-02
elapsed=4.853418e+02 cycle=1566 time=1.957385e+01 dt=1.250000e-02
elapsed=4.861839e+02 cycle=1567 time=1.958635e+01 dt=1.250000e-02
elapsed=4.870201e+02 cycle=1568 time=1.959885e+01 dt=1.250000e-02
elapsed=4.878607e+02 cycle=1569 time=1.961135e+01 dt=1.250000e-02
elapsed=4.887182e+02 cycle=1570 time=1.962385e+01 dt=1.250000e-02
elapsed=4.895744e+02 cycle=1571 time=1.963635e+01 dt=1.250000e-02
elapsed=4.904347e+02 cycle=1572 time=1.964885e+01 dt=1.250000e-02
elapsed=4.912873e+02 cycle=1573 time=1.966135e+01 dt=1.250000e-02
elapsed=4.921222e+02 cycle=1574 time=1.967385e+01 dt=1.250000e-02
elapsed=4.929588e+02 cycle=1575 time=1.968635e+01 dt=1.250000e-02
elapsed=4.937904e+02 cycle=1576 time=1.969885e+01 dt=1.250000e-02
elapsed=4.946495e+02 cycle=1577 time=1.971135e+01 dt=1.250000e-02
elapsed=4.955094e+02 cycle=1578 time=1.972385e+01 dt=1.250000e-02
elapsed=4.963779e+02 cycle=1579 time=1.973635e+01 dt=1.250000e-02
elapsed=4.972270e+02 cycle=1580 time=1.974885e+01 dt=1.250000e-02
elapsed=4.982963e+02 cycle=1581 time=1.976135e+01 dt=1.250000e-02
elapsed=4.991290e+02 cycle=1582 time=1.977385e+01 dt=1.250000e-02
elapsed=4.999628e+02 cycle=1583 time=1.978635e+01 dt=1.250000e-02
elapsed=5.008236e+02 cycle=1584 time=1.979885e+01 dt=1.250000e-02
elapsed=5.016892e+02 cycle=1585 time=1.981135e+01 dt=1.250000e-02
elapsed=5.025517e+02 cycle=1586 time=1.982385e+01 dt=1.250000e-02
elapsed=5.034021e+02 cycle=1587 time=1.983635e+01 dt=1.250000e-02
elapsed=5.042393e+02 cycle=1588 time=1.984885e+01 dt=1.250000e-02
elapsed=5.050741e+02 cycle=1589 time=1.986135e+01 dt=1.250000e-02
elapsed=5.059144e+02 cycle=1590 time=1.987385e+01 dt=1.250000e-02
elapsed=5.067702e+02 cycle=1591 time=1.988635e+01 dt=1.250000e-02
elapsed=5.076209e+02 cycle=1592 time=1.989885e+01 dt=1.250000e-02
elapsed=5.084884e+02 cycle=1593 time=1.991135e+01 dt=1.250000e-02
elapsed=5.093378e+02 cycle=1594 time=1.992385e+01 dt=1.250000e-02
elapsed=5.101769e+02 cycle=1595 time=1.993635e+01 dt=1.250000e-02
elapsed=5.110086e+02 cycle=1596 time=1.994885e+01 dt=1.250000e-02
elapsed=5.118532e+02 cycle=1597 time=1.996135e+01 dt=1.250000e-02
elapsed=5.127189e+02 cycle=1598 time=1.997385e+01 dt=1.250000e-02
elapsed=5.135887e+02 cycle=1599 time=1.998635e+01 dt=1.250000e-02
elapsed=5.144459e+02 cycle=1600 time=1.999885e+01 dt=1.145613e-03
PC-GH one puncture: t=2.000000e+01 max(GH,ADM,red,alg)=(2.393102e-01,2.159726e+00,6.904235e-01,2.524334e-05) min(A,chi,SPD)=(2.308397e-02,2.800449e-03,8.247458e-01)
elapsed=5.169818e+02 cycle=1601 time=2.000000e+01 dt=2.291227e-03

Terminating on time limit
time=2.000000e+01 cycle=1601
tlim=2.000000e+01 nlim=-1

MeshBlock-cycles = 234800
cpu time used  = 5.158449e+02
zone-cycles/cpu_second = 7.865434e+05
particle-updates/cpu_second = 0.000000e+00
