### WARNING in /Users/hz0693/research/athenak-pcgh-clean-reduction-20260907/src/mesh/load_balance.cpp at line 83
Number of MeshBlocks cannot be divided evenly by number of MPI ranks. This will result in poor load balancing.

Root grid = 2 x 2 x 2 MeshBlocks
Total number of MeshBlocks = 15
Number of logical  levels of refinement = 2 (3 levels total)
Number of physical levels of refinement = 1 (2 levels total)
Number of parallel ranks = 2
  Rank = 0: 7 MeshBlocks, cost = 7
  Rank = 1: 8 MeshBlocks, cost = 8
Load Balancing:
  Maximum normalized cost = 1.14286, Average = 1.07143
PC-GH ADM initialization: min unguarded w=1, division_floor=1e-14, guarded cells=0

Setup complete, executing task list(s)...

elapsed=1.745033e+00 cycle=0 time=0.000000e+00 dt=4.419417e-03

Terminating on cycle limit
time=0.000000e+00 cycle=0
tlim=0.000000e+00 nlim=0

MeshBlock-cycles = 0
cpu time used  = 1.331074e+00
zone-cycles/cpu_second = 0.000000e+00
particle-updates/cpu_second = 0.000000e+00
