AthenaK Kokkos default execution space: Cuda

Root grid = 4 x 8 x 1 MeshBlocks
Total number of MeshBlocks = 44
Number of logical  levels of refinement = 23 (24 levels total)
Number of physical levels of refinement = 20 (21 levels total)
  Physical level = 0 (logical level = 3): 28 MeshBlocks, cost = 28
  Physical level = 1 (logical level = 4): 16 MeshBlocks, cost = 16
Number of parallel ranks = 1
AssembleZ4cTasks

Setup complete, executing task list(s)...

elapsed=2.473171e-01 cycle=1520 time=9.500000e+00 dt=6.193339e-03
CARTOON_AMR_TRANSACTION cycle=1521 requested_refine=0 requested_derefine_leaves=6 accepted_derefine_parents=0 created_leaves=0 deleted_leaves=0 mirror_mismatches=0
CARTOON_AMR_TRANSACTION cycle=1522 requested_refine=0 requested_derefine_leaves=6 accepted_derefine_parents=0 created_leaves=0 deleted_leaves=0 mirror_mismatches=0
CARTOON_AMR_TRANSACTION cycle=1523 requested_refine=0 requested_derefine_leaves=6 accepted_derefine_parents=0 created_leaves=0 deleted_leaves=0 mirror_mismatches=0
CARTOON_AMR_TRANSACTION cycle=1524 requested_refine=0 requested_derefine_leaves=6 accepted_derefine_parents=0 created_leaves=0 deleted_leaves=0 mirror_mismatches=0
elapsed=3.536299e-01 cycle=1524 time=9.524766e+00 dt=6.188522e-03
CARTOON_AMR_TRANSACTION cycle=1525 requested_refine=0 requested_derefine_leaves=6 accepted_derefine_parents=0 created_leaves=0 deleted_leaves=0 mirror_mismatches=0
CARTOON_AMR_TRANSACTION cycle=1526 requested_refine=0 requested_derefine_leaves=6 accepted_derefine_parents=0 created_leaves=0 deleted_leaves=0 mirror_mismatches=0
CARTOON_AMR_TRANSACTION cycle=1527 requested_refine=0 requested_derefine_leaves=6 accepted_derefine_parents=0 created_leaves=0 deleted_leaves=0 mirror_mismatches=0
CARTOON_AMR_TRANSACTION cycle=1528 requested_refine=0 requested_derefine_leaves=6 accepted_derefine_parents=0 created_leaves=0 deleted_leaves=0 mirror_mismatches=0
elapsed=4.418062e-01 cycle=1528 time=9.549513e+00 dt=6.183983e-03
CARTOON_AMR_TRANSACTION cycle=1529 requested_refine=0 requested_derefine_leaves=6 accepted_derefine_parents=0 created_leaves=0 deleted_leaves=0 mirror_mismatches=0
CARTOON_AMR_TRANSACTION cycle=1530 requested_refine=0 requested_derefine_leaves=6 accepted_derefine_parents=0 created_leaves=0 deleted_leaves=0 mirror_mismatches=0
CARTOON_AMR_TRANSACTION cycle=1531 requested_refine=0 requested_derefine_leaves=6 accepted_derefine_parents=0 created_leaves=0 deleted_leaves=0 mirror_mismatches=0
CARTOON_AMR_TRANSACTION cycle=1532 requested_refine=0 requested_derefine_leaves=8 accepted_derefine_parents=0 created_leaves=0 deleted_leaves=0 mirror_mismatches=0
elapsed=6.373559e-01 cycle=1532 time=9.574243e+00 dt=6.179724e-03
CARTOON_AMR_TRANSACTION cycle=1533 requested_refine=0 requested_derefine_leaves=8 accepted_derefine_parents=0 created_leaves=0 deleted_leaves=0 mirror_mismatches=0
CARTOON_AMR_TRANSACTION cycle=1534 requested_refine=0 requested_derefine_leaves=8 accepted_derefine_parents=0 created_leaves=0 deleted_leaves=0 mirror_mismatches=0
CARTOON_AMR_TRANSACTION cycle=1535 requested_refine=0 requested_derefine_leaves=8 accepted_derefine_parents=0 created_leaves=0 deleted_leaves=0 mirror_mismatches=0
CARTOON_AMR_TRANSACTION cycle=1536 requested_refine=0 requested_derefine_leaves=8 accepted_derefine_parents=0 created_leaves=0 deleted_leaves=0 mirror_mismatches=0
elapsed=7.225635e-01 cycle=1536 time=9.598954e+00 dt=6.174440e-03
CARTOON_AMR_TRANSACTION cycle=1537 requested_refine=0 requested_derefine_leaves=8 accepted_derefine_parents=0 created_leaves=0 deleted_leaves=0 mirror_mismatches=0
CARTOON_AMR_TRANSACTION cycle=1538 requested_refine=0 requested_derefine_leaves=8 accepted_derefine_parents=0 created_leaves=0 deleted_leaves=0 mirror_mismatches=0
CARTOON_AMR_TRANSACTION cycle=1539 requested_refine=0 requested_derefine_leaves=8 accepted_derefine_parents=0 created_leaves=0 deleted_leaves=0 mirror_mismatches=0
CARTOON_AMR_TRANSACTION cycle=1540 requested_refine=0 requested_derefine_leaves=8 accepted_derefine_parents=0 created_leaves=0 deleted_leaves=0 mirror_mismatches=0
elapsed=8.115226e-01 cycle=1540 time=9.623644e+00 dt=6.168687e-03
CARTOON_AMR_TRANSACTION cycle=1541 requested_refine=0 requested_derefine_leaves=8 accepted_derefine_parents=0 created_leaves=0 deleted_leaves=0 mirror_mismatches=0
CARTOON_AMR_TRANSACTION cycle=1542 requested_refine=0 requested_derefine_leaves=8 accepted_derefine_parents=0 created_leaves=0 deleted_leaves=0 mirror_mismatches=0
CARTOON_AMR_TRANSACTION cycle=1543 requested_refine=0 requested_derefine_leaves=8 accepted_derefine_parents=0 created_leaves=0 deleted_leaves=0 mirror_mismatches=0
CARTOON_AMR_TRANSACTION cycle=1544 requested_refine=0 requested_derefine_leaves=8 accepted_derefine_parents=0 created_leaves=0 deleted_leaves=0 mirror_mismatches=0
elapsed=8.962908e-01 cycle=1544 time=9.648310e+00 dt=6.163201e-03
CARTOON_AMR_TRANSACTION cycle=1545 requested_refine=0 requested_derefine_leaves=8 accepted_derefine_parents=0 created_leaves=0 deleted_leaves=0 mirror_mismatches=0
CARTOON_AMR_TRANSACTION cycle=1546 requested_refine=0 requested_derefine_leaves=8 accepted_derefine_parents=0 created_leaves=0 deleted_leaves=0 mirror_mismatches=0
CARTOON_AMR_TRANSACTION cycle=1547 requested_refine=0 requested_derefine_leaves=8 accepted_derefine_parents=0 created_leaves=0 deleted_leaves=0 mirror_mismatches=0
CARTOON_AMR_TRANSACTION cycle=1548 requested_refine=0 requested_derefine_leaves=8 accepted_derefine_parents=0 created_leaves=0 deleted_leaves=0 mirror_mismatches=0
elapsed=1.054572e+00 cycle=1548 time=9.672955e+00 dt=6.157984e-03
CARTOON_AMR_TRANSACTION cycle=1549 requested_refine=0 requested_derefine_leaves=8 accepted_derefine_parents=0 created_leaves=0 deleted_leaves=0 mirror_mismatches=0
CARTOON_AMR_TRANSACTION cycle=1550 requested_refine=0 requested_derefine_leaves=8 accepted_derefine_parents=0 created_leaves=0 deleted_leaves=0 mirror_mismatches=0
CARTOON_AMR_TRANSACTION cycle=1551 requested_refine=0 requested_derefine_leaves=8 accepted_derefine_parents=0 created_leaves=0 deleted_leaves=0 mirror_mismatches=0
CARTOON_AMR_TRANSACTION cycle=1552 requested_refine=0 requested_derefine_leaves=8 accepted_derefine_parents=0 created_leaves=0 deleted_leaves=0 mirror_mismatches=0
elapsed=1.169260e+00 cycle=1552 time=9.697579e+00 dt=6.153037e-03
CARTOON_AMR_TRANSACTION cycle=1553 requested_refine=0 requested_derefine_leaves=8 accepted_derefine_parents=0 created_leaves=0 deleted_leaves=0 mirror_mismatches=0
CARTOON_AMR_TRANSACTION cycle=1554 requested_refine=0 requested_derefine_leaves=8 accepted_derefine_parents=0 created_leaves=0 deleted_leaves=0 mirror_mismatches=0
CARTOON_AMR_TRANSACTION cycle=1555 requested_refine=0 requested_derefine_leaves=8 accepted_derefine_parents=0 created_leaves=0 deleted_leaves=0 mirror_mismatches=0
CARTOON_AMR_TRANSACTION cycle=1556 requested_refine=0 requested_derefine_leaves=8 accepted_derefine_parents=0 created_leaves=0 deleted_leaves=0 mirror_mismatches=0
elapsed=1.254556e+00 cycle=1556 time=9.722184e+00 dt=6.148362e-03
CARTOON_AMR_TRANSACTION cycle=1557 requested_refine=0 requested_derefine_leaves=8 accepted_derefine_parents=0 created_leaves=0 deleted_leaves=0 mirror_mismatches=0
CARTOON_AMR_TRANSACTION cycle=1558 requested_refine=0 requested_derefine_leaves=8 accepted_derefine_parents=0 created_leaves=0 deleted_leaves=0 mirror_mismatches=0
CARTOON_AMR_TRANSACTION cycle=1559 requested_refine=0 requested_derefine_leaves=8 accepted_derefine_parents=0 created_leaves=0 deleted_leaves=0 mirror_mismatches=0
CARTOON_AMR_TRANSACTION cycle=1560 requested_refine=0 requested_derefine_leaves=8 accepted_derefine_parents=0 created_leaves=0 deleted_leaves=0 mirror_mismatches=0
elapsed=1.339572e+00 cycle=1560 time=9.746771e+00 dt=6.143402e-03
CARTOON_AMR_TRANSACTION cycle=1561 requested_refine=0 requested_derefine_leaves=8 accepted_derefine_parents=0 created_leaves=0 deleted_leaves=0 mirror_mismatches=0
CARTOON_AMR_TRANSACTION cycle=1562 requested_refine=0 requested_derefine_leaves=8 accepted_derefine_parents=0 created_leaves=0 deleted_leaves=0 mirror_mismatches=0
CARTOON_AMR_TRANSACTION cycle=1563 requested_refine=0 requested_derefine_leaves=8 accepted_derefine_parents=0 created_leaves=0 deleted_leaves=0 mirror_mismatches=0
CARTOON_AMR_TRANSACTION cycle=1564 requested_refine=0 requested_derefine_leaves=8 accepted_derefine_parents=0 created_leaves=0 deleted_leaves=0 mirror_mismatches=0
elapsed=1.611238e+00 cycle=1564 time=9.771335e+00 dt=6.137248e-03
CARTOON_AMR_TRANSACTION cycle=1565 requested_refine=0 requested_derefine_leaves=8 accepted_derefine_parents=0 created_leaves=0 deleted_leaves=0 mirror_mismatches=0
CARTOON_AMR_TRANSACTION cycle=1566 requested_refine=0 requested_derefine_leaves=8 accepted_derefine_parents=0 created_leaves=0 deleted_leaves=0 mirror_mismatches=0
CARTOON_AMR_TRANSACTION cycle=1567 requested_refine=0 requested_derefine_leaves=8 accepted_derefine_parents=0 created_leaves=0 deleted_leaves=0 mirror_mismatches=0
CARTOON_AMR_TRANSACTION cycle=1568 requested_refine=0 requested_derefine_leaves=8 accepted_derefine_parents=0 created_leaves=0 deleted_leaves=0 mirror_mismatches=0
elapsed=1.696402e+00 cycle=1568 time=9.795875e+00 dt=6.131353e-03
CARTOON_AMR_TRANSACTION cycle=1569 requested_refine=0 requested_derefine_leaves=8 accepted_derefine_parents=0 created_leaves=0 deleted_leaves=0 mirror_mismatches=0
CARTOON_AMR_TRANSACTION cycle=1570 requested_refine=0 requested_derefine_leaves=8 accepted_derefine_parents=0 created_leaves=0 deleted_leaves=0 mirror_mismatches=0
CARTOON_AMR_TRANSACTION cycle=1571 requested_refine=0 requested_derefine_leaves=8 accepted_derefine_parents=0 created_leaves=0 deleted_leaves=0 mirror_mismatches=0
CARTOON_AMR_TRANSACTION cycle=1572 requested_refine=0 requested_derefine_leaves=8 accepted_derefine_parents=0 created_leaves=0 deleted_leaves=0 mirror_mismatches=0
elapsed=1.781926e+00 cycle=1572 time=9.820392e+00 dt=6.125720e-03
CARTOON_AMR_TRANSACTION cycle=1573 requested_refine=0 requested_derefine_leaves=8 accepted_derefine_parents=0 created_leaves=0 deleted_leaves=0 mirror_mismatches=0
CARTOON_AMR_TRANSACTION cycle=1574 requested_refine=0 requested_derefine_leaves=8 accepted_derefine_parents=0 created_leaves=0 deleted_leaves=0 mirror_mismatches=0
CARTOON_AMR_TRANSACTION cycle=1575 requested_refine=0 requested_derefine_leaves=8 accepted_derefine_parents=0 created_leaves=0 deleted_leaves=0 mirror_mismatches=0
CARTOON_AMR_TRANSACTION cycle=1576 requested_refine=0 requested_derefine_leaves=8 accepted_derefine_parents=0 created_leaves=0 deleted_leaves=0 mirror_mismatches=0
elapsed=1.867091e+00 cycle=1576 time=9.844887e+00 dt=6.120349e-03
CARTOON_AMR_TRANSACTION cycle=1577 requested_refine=0 requested_derefine_leaves=8 accepted_derefine_parents=0 created_leaves=0 deleted_leaves=0 mirror_mismatches=0
CARTOON_AMR_TRANSACTION cycle=1578 requested_refine=0 requested_derefine_leaves=8 accepted_derefine_parents=0 created_leaves=0 deleted_leaves=0 mirror_mismatches=0
CARTOON_AMR_TRANSACTION cycle=1579 requested_refine=0 requested_derefine_leaves=8 accepted_derefine_parents=0 created_leaves=0 deleted_leaves=0 mirror_mismatches=0
CARTOON_AMR_TRANSACTION cycle=1580 requested_refine=0 requested_derefine_leaves=8 accepted_derefine_parents=0 created_leaves=0 deleted_leaves=0 mirror_mismatches=0
elapsed=2.060870e+00 cycle=1580 time=9.869361e+00 dt=6.115242e-03
CARTOON_AMR_TRANSACTION cycle=1581 requested_refine=0 requested_derefine_leaves=8 accepted_derefine_parents=0 created_leaves=0 deleted_leaves=0 mirror_mismatches=0
CARTOON_AMR_TRANSACTION cycle=1582 requested_refine=0 requested_derefine_leaves=8 accepted_derefine_parents=0 created_leaves=0 deleted_leaves=0 mirror_mismatches=0
CARTOON_AMR_TRANSACTION cycle=1583 requested_refine=0 requested_derefine_leaves=8 accepted_derefine_parents=0 created_leaves=0 deleted_leaves=0 mirror_mismatches=0
CARTOON_AMR_TRANSACTION cycle=1584 requested_refine=0 requested_derefine_leaves=8 accepted_derefine_parents=0 created_leaves=0 deleted_leaves=0 mirror_mismatches=0
elapsed=2.145903e+00 cycle=1584 time=9.893814e+00 dt=6.110402e-03
CARTOON_AMR_TRANSACTION cycle=1585 requested_refine=0 requested_derefine_leaves=8 accepted_derefine_parents=0 created_leaves=0 deleted_leaves=0 mirror_mismatches=0
CARTOON_AMR_TRANSACTION cycle=1586 requested_refine=0 requested_derefine_leaves=8 accepted_derefine_parents=0 created_leaves=0 deleted_leaves=0 mirror_mismatches=0
CARTOON_AMR_TRANSACTION cycle=1587 requested_refine=0 requested_derefine_leaves=8 accepted_derefine_parents=0 created_leaves=0 deleted_leaves=0 mirror_mismatches=0
CARTOON_AMR_TRANSACTION cycle=1588 requested_refine=0 requested_derefine_leaves=8 accepted_derefine_parents=0 created_leaves=0 deleted_leaves=0 mirror_mismatches=0
elapsed=2.231377e+00 cycle=1588 time=9.918246e+00 dt=6.103964e-03
CARTOON_AMR_TRANSACTION cycle=1589 requested_refine=0 requested_derefine_leaves=8 accepted_derefine_parents=0 created_leaves=0 deleted_leaves=0 mirror_mismatches=0
CARTOON_AMR_TRANSACTION cycle=1590 requested_refine=0 requested_derefine_leaves=8 accepted_derefine_parents=0 created_leaves=0 deleted_leaves=0 mirror_mismatches=0
CARTOON_AMR_TRANSACTION cycle=1591 requested_refine=0 requested_derefine_leaves=8 accepted_derefine_parents=0 created_leaves=0 deleted_leaves=0 mirror_mismatches=0
CARTOON_AMR_TRANSACTION cycle=1592 requested_refine=0 requested_derefine_leaves=8 accepted_derefine_parents=0 created_leaves=0 deleted_leaves=0 mirror_mismatches=0
elapsed=2.323047e+00 cycle=1592 time=9.942653e+00 dt=6.097644e-03
CARTOON_AMR_TRANSACTION cycle=1593 requested_refine=0 requested_derefine_leaves=8 accepted_derefine_parents=0 created_leaves=0 deleted_leaves=0 mirror_mismatches=0
CARTOON_AMR_TRANSACTION cycle=1594 requested_refine=0 requested_derefine_leaves=8 accepted_derefine_parents=0 created_leaves=0 deleted_leaves=0 mirror_mismatches=0
CARTOON_AMR_TRANSACTION cycle=1595 requested_refine=0 requested_derefine_leaves=8 accepted_derefine_parents=0 created_leaves=0 deleted_leaves=0 mirror_mismatches=0
CARTOON_AMR_TRANSACTION cycle=1596 requested_refine=0 requested_derefine_leaves=8 accepted_derefine_parents=0 created_leaves=0 deleted_leaves=0 mirror_mismatches=0
elapsed=2.512686e+00 cycle=1596 time=9.967034e+00 dt=6.091578e-03
CARTOON_AMR_TRANSACTION cycle=1597 requested_refine=0 requested_derefine_leaves=8 accepted_derefine_parents=0 created_leaves=0 deleted_leaves=0 mirror_mismatches=0
CARTOON_AMR_TRANSACTION cycle=1598 requested_refine=0 requested_derefine_leaves=8 accepted_derefine_parents=0 created_leaves=0 deleted_leaves=0 mirror_mismatches=0
CARTOON_AMR_TRANSACTION cycle=1599 requested_refine=0 requested_derefine_leaves=8 accepted_derefine_parents=0 created_leaves=0 deleted_leaves=0 mirror_mismatches=0
CARTOON_AMR_TRANSACTION cycle=1600 requested_refine=0 requested_derefine_leaves=8 accepted_derefine_parents=0 created_leaves=0 deleted_leaves=0 mirror_mismatches=0
elapsed=2.598570e+00 cycle=1600 time=9.991392e+00 dt=6.085766e-03
CARTOON_AMR_TRANSACTION cycle=1601 requested_refine=0 requested_derefine_leaves=8 accepted_derefine_parents=0 created_leaves=0 deleted_leaves=0 mirror_mismatches=0
CARTOON_AMR_TRANSACTION cycle=1602 requested_refine=0 requested_derefine_leaves=8 accepted_derefine_parents=0 created_leaves=0 deleted_leaves=0 mirror_mismatches=0
CARTOON_AMR_TRANSACTION cycle=1603 requested_refine=0 requested_derefine_leaves=8 accepted_derefine_parents=0 created_leaves=0 deleted_leaves=0 mirror_mismatches=0
CARTOON_AMR_TRANSACTION cycle=1604 requested_refine=0 requested_derefine_leaves=8 accepted_derefine_parents=0 created_leaves=0 deleted_leaves=0 mirror_mismatches=0
elapsed=2.871116e+00 cycle=1604 time=1.001573e+01 dt=6.080211e-03
CARTOON_AMR_TRANSACTION cycle=1605 requested_refine=0 requested_derefine_leaves=8 accepted_derefine_parents=0 created_leaves=0 deleted_leaves=0 mirror_mismatches=0
CARTOON_AMR_TRANSACTION cycle=1606 requested_refine=0 requested_derefine_leaves=8 accepted_derefine_parents=0 created_leaves=0 deleted_leaves=0 mirror_mismatches=0
CARTOON_AMR_TRANSACTION cycle=1607 requested_refine=0 requested_derefine_leaves=8 accepted_derefine_parents=0 created_leaves=0 deleted_leaves=0 mirror_mismatches=0
CARTOON_AMR_TRANSACTION cycle=1608 requested_refine=0 requested_derefine_leaves=8 accepted_derefine_parents=0 created_leaves=0 deleted_leaves=0 mirror_mismatches=0
elapsed=3.029445e+00 cycle=1608 time=1.004004e+01 dt=6.074915e-03
CARTOON_AMR_TRANSACTION cycle=1609 requested_refine=0 requested_derefine_leaves=8 accepted_derefine_parents=0 created_leaves=0 deleted_leaves=0 mirror_mismatches=0
CARTOON_AMR_TRANSACTION cycle=1610 requested_refine=0 requested_derefine_leaves=8 accepted_derefine_parents=0 created_leaves=0 deleted_leaves=0 mirror_mismatches=0
CARTOON_AMR_TRANSACTION cycle=1611 requested_refine=0 requested_derefine_leaves=8 accepted_derefine_parents=0 created_leaves=0 deleted_leaves=0 mirror_mismatches=0
CARTOON_AMR_TRANSACTION cycle=1612 requested_refine=0 requested_derefine_leaves=8 accepted_derefine_parents=0 created_leaves=0 deleted_leaves=0 mirror_mismatches=0
elapsed=3.114551e+00 cycle=1612 time=1.006433e+01 dt=6.068658e-03
CARTOON_AMR_TRANSACTION cycle=1613 requested_refine=0 requested_derefine_leaves=8 accepted_derefine_parents=0 created_leaves=0 deleted_leaves=0 mirror_mismatches=0
CARTOON_AMR_TRANSACTION cycle=1614 requested_refine=0 requested_derefine_leaves=8 accepted_derefine_parents=0 created_leaves=0 deleted_leaves=0 mirror_mismatches=0
CARTOON_AMR_TRANSACTION cycle=1615 requested_refine=0 requested_derefine_leaves=8 accepted_derefine_parents=0 created_leaves=0 deleted_leaves=0 mirror_mismatches=0
CARTOON_AMR_TRANSACTION cycle=1616 requested_refine=0 requested_derefine_leaves=8 accepted_derefine_parents=0 created_leaves=0 deleted_leaves=0 mirror_mismatches=0
elapsed=3.294409e+00 cycle=1616 time=1.008859e+01 dt=6.061896e-03
CARTOON_AMR_TRANSACTION cycle=1617 requested_refine=0 requested_derefine_leaves=8 accepted_derefine_parents=0 created_leaves=0 deleted_leaves=0 mirror_mismatches=0
CARTOON_AMR_TRANSACTION cycle=1618 requested_refine=0 requested_derefine_leaves=8 accepted_derefine_parents=0 created_leaves=0 deleted_leaves=0 mirror_mismatches=0
CARTOON_AMR_TRANSACTION cycle=1619 requested_refine=0 requested_derefine_leaves=8 accepted_derefine_parents=0 created_leaves=0 deleted_leaves=0 mirror_mismatches=0
CARTOON_AMR_TRANSACTION cycle=1620 requested_refine=0 requested_derefine_leaves=8 accepted_derefine_parents=0 created_leaves=0 deleted_leaves=0 mirror_mismatches=0
elapsed=3.379578e+00 cycle=1620 time=1.011283e+01 dt=6.055379e-03
CARTOON_AMR_TRANSACTION cycle=1621 requested_refine=0 requested_derefine_leaves=8 accepted_derefine_parents=0 created_leaves=0 deleted_leaves=0 mirror_mismatches=0
CARTOON_AMR_TRANSACTION cycle=1622 requested_refine=0 requested_derefine_leaves=8 accepted_derefine_parents=0 created_leaves=0 deleted_leaves=0 mirror_mismatches=0
CARTOON_AMR_TRANSACTION cycle=1623 requested_refine=0 requested_derefine_leaves=8 accepted_derefine_parents=0 created_leaves=0 deleted_leaves=0 mirror_mismatches=0
CARTOON_AMR_TRANSACTION cycle=1624 requested_refine=0 requested_derefine_leaves=8 accepted_derefine_parents=0 created_leaves=0 deleted_leaves=0 mirror_mismatches=0
elapsed=3.464506e+00 cycle=1624 time=1.013704e+01 dt=6.049109e-03
CARTOON_AMR_TRANSACTION cycle=1625 requested_refine=0 requested_derefine_leaves=8 accepted_derefine_parents=0 created_leaves=0 deleted_leaves=0 mirror_mismatches=0
CARTOON_AMR_TRANSACTION cycle=1626 requested_refine=0 requested_derefine_leaves=8 accepted_derefine_parents=0 created_leaves=0 deleted_leaves=0 mirror_mismatches=0
CARTOON_AMR_TRANSACTION cycle=1627 requested_refine=0 requested_derefine_leaves=8 accepted_derefine_parents=0 created_leaves=0 deleted_leaves=0 mirror_mismatches=0
CARTOON_AMR_TRANSACTION cycle=1628 requested_refine=0 requested_derefine_leaves=8 accepted_derefine_parents=0 created_leaves=0 deleted_leaves=0 mirror_mismatches=0
elapsed=3.589667e+00 cycle=1628 time=1.016123e+01 dt=6.043087e-03
CARTOON_AMR_TRANSACTION cycle=1629 requested_refine=0 requested_derefine_leaves=8 accepted_derefine_parents=0 created_leaves=0 deleted_leaves=0 mirror_mismatches=0
CARTOON_AMR_TRANSACTION cycle=1630 requested_refine=0 requested_derefine_leaves=8 accepted_derefine_parents=0 created_leaves=0 deleted_leaves=0 mirror_mismatches=0
CARTOON_AMR_TRANSACTION cycle=1631 requested_refine=0 requested_derefine_leaves=8 accepted_derefine_parents=0 created_leaves=0 deleted_leaves=0 mirror_mismatches=0
CARTOON_AMR_TRANSACTION cycle=1632 requested_refine=0 requested_derefine_leaves=8 accepted_derefine_parents=0 created_leaves=0 deleted_leaves=0 mirror_mismatches=0
elapsed=3.739802e+00 cycle=1632 time=1.018540e+01 dt=6.037316e-03
CARTOON_AMR_TRANSACTION cycle=1633 requested_refine=0 requested_derefine_leaves=8 accepted_derefine_parents=0 created_leaves=0 deleted_leaves=0 mirror_mismatches=0
CARTOON_AMR_TRANSACTION cycle=1634 requested_refine=0 requested_derefine_leaves=8 accepted_derefine_parents=0 created_leaves=0 deleted_leaves=0 mirror_mismatches=0
CARTOON_AMR_TRANSACTION cycle=1635 requested_refine=0 requested_derefine_leaves=8 accepted_derefine_parents=0 created_leaves=0 deleted_leaves=0 mirror_mismatches=0
CARTOON_AMR_TRANSACTION cycle=1636 requested_refine=0 requested_derefine_leaves=8 accepted_derefine_parents=0 created_leaves=0 deleted_leaves=0 mirror_mismatches=0
elapsed=3.824932e+00 cycle=1636 time=1.020954e+01 dt=6.031119e-03
CARTOON_AMR_TRANSACTION cycle=1637 requested_refine=0 requested_derefine_leaves=8 accepted_derefine_parents=0 created_leaves=0 deleted_leaves=0 mirror_mismatches=0
CARTOON_AMR_TRANSACTION cycle=1638 requested_refine=0 requested_derefine_leaves=8 accepted_derefine_parents=0 created_leaves=0 deleted_leaves=0 mirror_mismatches=0
CARTOON_AMR_TRANSACTION cycle=1639 requested_refine=0 requested_derefine_leaves=8 accepted_derefine_parents=0 created_leaves=0 deleted_leaves=0 mirror_mismatches=0
CARTOON_AMR_TRANSACTION cycle=1640 requested_refine=0 requested_derefine_leaves=8 accepted_derefine_parents=0 created_leaves=0 deleted_leaves=0 mirror_mismatches=0
elapsed=3.910656e+00 cycle=1640 time=1.023365e+01 dt=6.023895e-03
CARTOON_AMR_TRANSACTION cycle=1641 requested_refine=0 requested_derefine_leaves=8 accepted_derefine_parents=0 created_leaves=0 deleted_leaves=0 mirror_mismatches=0
CARTOON_AMR_TRANSACTION cycle=1642 requested_refine=0 requested_derefine_leaves=8 accepted_derefine_parents=0 created_leaves=0 deleted_leaves=0 mirror_mismatches=0
CARTOON_AMR_TRANSACTION cycle=1643 requested_refine=0 requested_derefine_leaves=8 accepted_derefine_parents=0 created_leaves=0 deleted_leaves=0 mirror_mismatches=0
CARTOON_AMR_TRANSACTION cycle=1644 requested_refine=0 requested_derefine_leaves=8 accepted_derefine_parents=0 created_leaves=0 deleted_leaves=0 mirror_mismatches=0
elapsed=4.158607e+00 cycle=1644 time=1.025773e+01 dt=6.016908e-03
CARTOON_AMR_TRANSACTION cycle=1645 requested_refine=0 requested_derefine_leaves=8 accepted_derefine_parents=0 created_leaves=0 deleted_leaves=0 mirror_mismatches=0
CARTOON_AMR_TRANSACTION cycle=1646 requested_refine=0 requested_derefine_leaves=8 accepted_derefine_parents=0 created_leaves=0 deleted_leaves=0 mirror_mismatches=0
CARTOON_AMR_TRANSACTION cycle=1647 requested_refine=0 requested_derefine_leaves=8 accepted_derefine_parents=0 created_leaves=0 deleted_leaves=0 mirror_mismatches=0
CARTOON_AMR_TRANSACTION cycle=1648 requested_refine=0 requested_derefine_leaves=8 accepted_derefine_parents=0 created_leaves=0 deleted_leaves=0 mirror_mismatches=0
elapsed=4.245353e+00 cycle=1648 time=1.028179e+01 dt=6.010161e-03
CARTOON_AMR_TRANSACTION cycle=1649 requested_refine=0 requested_derefine_leaves=8 accepted_derefine_parents=0 created_leaves=0 deleted_leaves=0 mirror_mismatches=0
CARTOON_AMR_TRANSACTION cycle=1650 requested_refine=0 requested_derefine_leaves=8 accepted_derefine_parents=0 created_leaves=0 deleted_leaves=0 mirror_mismatches=0
CARTOON_AMR_TRANSACTION cycle=1651 requested_refine=0 requested_derefine_leaves=8 accepted_derefine_parents=0 created_leaves=0 deleted_leaves=0 mirror_mismatches=0
CARTOON_AMR_TRANSACTION cycle=1652 requested_refine=0 requested_derefine_leaves=8 accepted_derefine_parents=0 created_leaves=0 deleted_leaves=0 mirror_mismatches=0
elapsed=4.333891e+00 cycle=1652 time=1.030582e+01 dt=6.003654e-03
CARTOON_AMR_TRANSACTION cycle=1653 requested_refine=0 requested_derefine_leaves=8 accepted_derefine_parents=0 created_leaves=0 deleted_leaves=0 mirror_mismatches=0
CARTOON_AMR_TRANSACTION cycle=1654 requested_refine=0 requested_derefine_leaves=8 accepted_derefine_parents=0 created_leaves=0 deleted_leaves=0 mirror_mismatches=0
CARTOON_AMR_TRANSACTION cycle=1655 requested_refine=0 requested_derefine_leaves=8 accepted_derefine_parents=0 created_leaves=0 deleted_leaves=0 mirror_mismatches=0
CARTOON_AMR_TRANSACTION cycle=1656 requested_refine=0 requested_derefine_leaves=8 accepted_derefine_parents=0 created_leaves=0 deleted_leaves=0 mirror_mismatches=0
elapsed=4.423464e+00 cycle=1656 time=1.032983e+01 dt=5.997389e-03
CARTOON_AMR_TRANSACTION cycle=1657 requested_refine=0 requested_derefine_leaves=8 accepted_derefine_parents=0 created_leaves=0 deleted_leaves=0 mirror_mismatches=0
CARTOON_AMR_TRANSACTION cycle=1658 requested_refine=0 requested_derefine_leaves=8 accepted_derefine_parents=0 created_leaves=0 deleted_leaves=0 mirror_mismatches=0
CARTOON_AMR_TRANSACTION cycle=1659 requested_refine=0 requested_derefine_leaves=8 accepted_derefine_parents=0 created_leaves=0 deleted_leaves=0 mirror_mismatches=0
CARTOON_AMR_TRANSACTION cycle=1660 requested_refine=0 requested_derefine_leaves=6 accepted_derefine_parents=0 created_leaves=0 deleted_leaves=0 mirror_mismatches=0
elapsed=4.622438e+00 cycle=1660 time=1.035381e+01 dt=5.991095e-03
CARTOON_AMR_TRANSACTION cycle=1661 requested_refine=0 requested_derefine_leaves=6 accepted_derefine_parents=0 created_leaves=0 deleted_leaves=0 mirror_mismatches=0
CARTOON_AMR_TRANSACTION cycle=1662 requested_refine=0 requested_derefine_leaves=5 accepted_derefine_parents=0 created_leaves=0 deleted_leaves=0 mirror_mismatches=0
CARTOON_AMR_TRANSACTION cycle=1663 requested_refine=0 requested_derefine_leaves=5 accepted_derefine_parents=0 created_leaves=0 deleted_leaves=0 mirror_mismatches=0
CARTOON_AMR_TRANSACTION cycle=1664 requested_refine=0 requested_derefine_leaves=4 accepted_derefine_parents=0 created_leaves=0 deleted_leaves=0 mirror_mismatches=0
elapsed=4.707609e+00 cycle=1664 time=1.037776e+01 dt=5.983389e-03
CARTOON_AMR_TRANSACTION cycle=1665 requested_refine=0 requested_derefine_leaves=4 accepted_derefine_parents=0 created_leaves=0 deleted_leaves=0 mirror_mismatches=0
CARTOON_AMR_TRANSACTION cycle=1666 requested_refine=0 requested_derefine_leaves=4 accepted_derefine_parents=0 created_leaves=0 deleted_leaves=0 mirror_mismatches=0
CARTOON_AMR_TRANSACTION cycle=1667 requested_refine=0 requested_derefine_leaves=4 accepted_derefine_parents=0 created_leaves=0 deleted_leaves=0 mirror_mismatches=0
CARTOON_AMR_TRANSACTION cycle=1668 requested_refine=0 requested_derefine_leaves=4 accepted_derefine_parents=0 created_leaves=0 deleted_leaves=0 mirror_mismatches=0
elapsed=4.793137e+00 cycle=1668 time=1.040168e+01 dt=5.975913e-03
CARTOON_AMR_TRANSACTION cycle=1669 requested_refine=0 requested_derefine_leaves=4 accepted_derefine_parents=0 created_leaves=0 deleted_leaves=0 mirror_mismatches=0
CARTOON_AMR_TRANSACTION cycle=1670 requested_refine=0 requested_derefine_leaves=4 accepted_derefine_parents=0 created_leaves=0 deleted_leaves=0 mirror_mismatches=0
CARTOON_AMR_TRANSACTION cycle=1671 requested_refine=0 requested_derefine_leaves=4 accepted_derefine_parents=0 created_leaves=0 deleted_leaves=0 mirror_mismatches=0
CARTOON_AMR_TRANSACTION cycle=1672 requested_refine=0 requested_derefine_leaves=4 accepted_derefine_parents=0 created_leaves=0 deleted_leaves=0 mirror_mismatches=0
elapsed=4.891427e+00 cycle=1672 time=1.042558e+01 dt=5.968667e-03
CARTOON_AMR_TRANSACTION cycle=1673 requested_refine=0 requested_derefine_leaves=4 accepted_derefine_parents=0 created_leaves=0 deleted_leaves=0 mirror_mismatches=0
CARTOON_AMR_TRANSACTION cycle=1674 requested_refine=0 requested_derefine_leaves=4 accepted_derefine_parents=0 created_leaves=0 deleted_leaves=0 mirror_mismatches=0
CARTOON_AMR_TRANSACTION cycle=1675 requested_refine=0 requested_derefine_leaves=4 accepted_derefine_parents=0 created_leaves=0 deleted_leaves=0 mirror_mismatches=0
CARTOON_AMR_TRANSACTION cycle=1676 requested_refine=0 requested_derefine_leaves=4 accepted_derefine_parents=0 created_leaves=0 deleted_leaves=0 mirror_mismatches=0
elapsed=5.079324e+00 cycle=1676 time=1.044944e+01 dt=5.961654e-03
CARTOON_AMR_TRANSACTION cycle=1677 requested_refine=0 requested_derefine_leaves=4 accepted_derefine_parents=0 created_leaves=0 deleted_leaves=0 mirror_mismatches=0
CARTOON_AMR_TRANSACTION cycle=1678 requested_refine=0 requested_derefine_leaves=4 accepted_derefine_parents=0 created_leaves=0 deleted_leaves=0 mirror_mismatches=0
CARTOON_AMR_TRANSACTION cycle=1679 requested_refine=0 requested_derefine_leaves=4 accepted_derefine_parents=0 created_leaves=0 deleted_leaves=0 mirror_mismatches=0
CARTOON_AMR_TRANSACTION cycle=1680 requested_refine=0 requested_derefine_leaves=4 accepted_derefine_parents=0 created_leaves=0 deleted_leaves=0 mirror_mismatches=0
elapsed=5.167986e+00 cycle=1680 time=1.047328e+01 dt=5.954875e-03
CARTOON_AMR_TRANSACTION cycle=1681 requested_refine=0 requested_derefine_leaves=4 accepted_derefine_parents=0 created_leaves=0 deleted_leaves=0 mirror_mismatches=0
CARTOON_AMR_TRANSACTION cycle=1682 requested_refine=0 requested_derefine_leaves=4 accepted_derefine_parents=0 created_leaves=0 deleted_leaves=0 mirror_mismatches=0
CARTOON_AMR_TRANSACTION cycle=1683 requested_refine=0 requested_derefine_leaves=4 accepted_derefine_parents=0 created_leaves=0 deleted_leaves=0 mirror_mismatches=0
CARTOON_AMR_TRANSACTION cycle=1684 requested_refine=0 requested_derefine_leaves=4 accepted_derefine_parents=0 created_leaves=0 deleted_leaves=0 mirror_mismatches=0
elapsed=5.252821e+00 cycle=1684 time=1.049709e+01 dt=5.948287e-03
CARTOON_AMR_TRANSACTION cycle=1685 requested_refine=0 requested_derefine_leaves=4 accepted_derefine_parents=0 created_leaves=0 deleted_leaves=0 mirror_mismatches=0
CARTOON_AMR_TRANSACTION cycle=1686 requested_refine=0 requested_derefine_leaves=4 accepted_derefine_parents=0 created_leaves=0 deleted_leaves=0 mirror_mismatches=0
CARTOON_AMR_TRANSACTION cycle=1687 requested_refine=0 requested_derefine_leaves=4 accepted_derefine_parents=0 created_leaves=0 deleted_leaves=0 mirror_mismatches=0
CARTOON_AMR_TRANSACTION cycle=1688 requested_refine=0 requested_derefine_leaves=4 accepted_derefine_parents=0 created_leaves=0 deleted_leaves=0 mirror_mismatches=0
elapsed=5.583266e+00 cycle=1688 time=1.052087e+01 dt=5.940077e-03
CARTOON_AMR_TRANSACTION cycle=1689 requested_refine=0 requested_derefine_leaves=4 accepted_derefine_parents=0 created_leaves=0 deleted_leaves=0 mirror_mismatches=0
CARTOON_AMR_TRANSACTION cycle=1690 requested_refine=0 requested_derefine_leaves=4 accepted_derefine_parents=0 created_leaves=0 deleted_leaves=0 mirror_mismatches=0
CARTOON_AMR_TRANSACTION cycle=1691 requested_refine=0 requested_derefine_leaves=4 accepted_derefine_parents=0 created_leaves=0 deleted_leaves=0 mirror_mismatches=0
CARTOON_AMR_TRANSACTION cycle=1692 requested_refine=0 requested_derefine_leaves=4 accepted_derefine_parents=0 created_leaves=0 deleted_leaves=0 mirror_mismatches=0
elapsed=5.669458e+00 cycle=1692 time=1.054462e+01 dt=5.932090e-03
CARTOON_AMR_TRANSACTION cycle=1693 requested_refine=0 requested_derefine_leaves=4 accepted_derefine_parents=0 created_leaves=0 deleted_leaves=0 mirror_mismatches=0
CARTOON_AMR_TRANSACTION cycle=1694 requested_refine=0 requested_derefine_leaves=4 accepted_derefine_parents=0 created_leaves=0 deleted_leaves=0 mirror_mismatches=0
CARTOON_AMR_TRANSACTION cycle=1695 requested_refine=0 requested_derefine_leaves=4 accepted_derefine_parents=0 created_leaves=0 deleted_leaves=0 mirror_mismatches=0
CARTOON_AMR_TRANSACTION cycle=1696 requested_refine=0 requested_derefine_leaves=4 accepted_derefine_parents=0 created_leaves=0 deleted_leaves=0 mirror_mismatches=0
elapsed=5.754950e+00 cycle=1696 time=1.056833e+01 dt=5.924325e-03
CARTOON_AMR_TRANSACTION cycle=1697 requested_refine=0 requested_derefine_leaves=4 accepted_derefine_parents=0 created_leaves=0 deleted_leaves=0 mirror_mismatches=0
CARTOON_AMR_TRANSACTION cycle=1698 requested_refine=0 requested_derefine_leaves=4 accepted_derefine_parents=0 created_leaves=0 deleted_leaves=0 mirror_mismatches=0
CARTOON_AMR_TRANSACTION cycle=1699 requested_refine=0 requested_derefine_leaves=4 accepted_derefine_parents=0 created_leaves=0 deleted_leaves=0 mirror_mismatches=0
CARTOON_AMR_TRANSACTION cycle=1700 requested_refine=0 requested_derefine_leaves=4 accepted_derefine_parents=0 created_leaves=0 deleted_leaves=0 mirror_mismatches=0
elapsed=5.840562e+00 cycle=1700 time=1.059202e+01 dt=5.916784e-03
CARTOON_AMR_TRANSACTION cycle=1701 requested_refine=0 requested_derefine_leaves=4 accepted_derefine_parents=0 created_leaves=0 deleted_leaves=0 mirror_mismatches=0
CARTOON_AMR_TRANSACTION cycle=1702 requested_refine=0 requested_derefine_leaves=4 accepted_derefine_parents=0 created_leaves=0 deleted_leaves=0 mirror_mismatches=0
CARTOON_AMR_TRANSACTION cycle=1703 requested_refine=0 requested_derefine_leaves=4 accepted_derefine_parents=0 created_leaves=0 deleted_leaves=0 mirror_mismatches=0
CARTOON_AMR_TRANSACTION cycle=1704 requested_refine=0 requested_derefine_leaves=4 accepted_derefine_parents=0 created_leaves=0 deleted_leaves=0 mirror_mismatches=0
elapsed=6.035643e+00 cycle=1704 time=1.061567e+01 dt=5.909469e-03
CARTOON_AMR_TRANSACTION cycle=1705 requested_refine=0 requested_derefine_leaves=4 accepted_derefine_parents=0 created_leaves=0 deleted_leaves=0 mirror_mismatches=0
CARTOON_AMR_TRANSACTION cycle=1706 requested_refine=0 requested_derefine_leaves=4 accepted_derefine_parents=0 created_leaves=0 deleted_leaves=0 mirror_mismatches=0
CARTOON_AMR_TRANSACTION cycle=1707 requested_refine=0 requested_derefine_leaves=4 accepted_derefine_parents=0 created_leaves=0 deleted_leaves=0 mirror_mismatches=0
CARTOON_AMR_TRANSACTION cycle=1708 requested_refine=0 requested_derefine_leaves=4 accepted_derefine_parents=0 created_leaves=0 deleted_leaves=0 mirror_mismatches=0
elapsed=6.120704e+00 cycle=1708 time=1.063930e+01 dt=5.902341e-03
CARTOON_AMR_TRANSACTION cycle=1709 requested_refine=0 requested_derefine_leaves=4 accepted_derefine_parents=0 created_leaves=0 deleted_leaves=0 mirror_mismatches=0
CARTOON_AMR_TRANSACTION cycle=1710 requested_refine=0 requested_derefine_leaves=4 accepted_derefine_parents=0 created_leaves=0 deleted_leaves=0 mirror_mismatches=0
CARTOON_AMR_TRANSACTION cycle=1711 requested_refine=0 requested_derefine_leaves=4 accepted_derefine_parents=0 created_leaves=0 deleted_leaves=0 mirror_mismatches=0
CARTOON_AMR_TRANSACTION cycle=1712 requested_refine=0 requested_derefine_leaves=4 accepted_derefine_parents=0 created_leaves=0 deleted_leaves=0 mirror_mismatches=0
elapsed=6.206572e+00 cycle=1712 time=1.066290e+01 dt=5.893607e-03
CARTOON_AMR_TRANSACTION cycle=1713 requested_refine=0 requested_derefine_leaves=4 accepted_derefine_parents=0 created_leaves=0 deleted_leaves=0 mirror_mismatches=0
CARTOON_AMR_TRANSACTION cycle=1714 requested_refine=0 requested_derefine_leaves=4 accepted_derefine_parents=0 created_leaves=0 deleted_leaves=0 mirror_mismatches=0
CARTOON_AMR_TRANSACTION cycle=1715 requested_refine=0 requested_derefine_leaves=4 accepted_derefine_parents=0 created_leaves=0 deleted_leaves=0 mirror_mismatches=0
CARTOON_AMR_TRANSACTION cycle=1716 requested_refine=0 requested_derefine_leaves=4 accepted_derefine_parents=0 created_leaves=0 deleted_leaves=0 mirror_mismatches=0
elapsed=6.292016e+00 cycle=1716 time=1.068646e+01 dt=5.885086e-03
CARTOON_AMR_TRANSACTION cycle=1717 requested_refine=0 requested_derefine_leaves=4 accepted_derefine_parents=0 created_leaves=0 deleted_leaves=0 mirror_mismatches=0
CARTOON_AMR_TRANSACTION cycle=1718 requested_refine=0 requested_derefine_leaves=4 accepted_derefine_parents=0 created_leaves=0 deleted_leaves=0 mirror_mismatches=0
CARTOON_AMR_TRANSACTION cycle=1719 requested_refine=0 requested_derefine_leaves=4 accepted_derefine_parents=0 created_leaves=0 deleted_leaves=0 mirror_mismatches=0
CARTOON_AMR_TRANSACTION cycle=1720 requested_refine=0 requested_derefine_leaves=4 accepted_derefine_parents=0 created_leaves=0 deleted_leaves=0 mirror_mismatches=0
elapsed=6.432540e+00 cycle=1720 time=1.070999e+01 dt=5.876780e-03
CARTOON_AMR_TRANSACTION cycle=1721 requested_refine=0 requested_derefine_leaves=4 accepted_derefine_parents=0 created_leaves=0 deleted_leaves=0 mirror_mismatches=0
CARTOON_AMR_TRANSACTION cycle=1722 requested_refine=0 requested_derefine_leaves=4 accepted_derefine_parents=0 created_leaves=0 deleted_leaves=0 mirror_mismatches=0
CARTOON_AMR_TRANSACTION cycle=1723 requested_refine=0 requested_derefine_leaves=4 accepted_derefine_parents=0 created_leaves=0 deleted_leaves=0 mirror_mismatches=0
CARTOON_AMR_TRANSACTION cycle=1724 requested_refine=0 requested_derefine_leaves=4 accepted_derefine_parents=0 created_leaves=0 deleted_leaves=0 mirror_mismatches=0
elapsed=6.556535e+00 cycle=1724 time=1.073348e+01 dt=5.868690e-03
CARTOON_AMR_TRANSACTION cycle=1725 requested_refine=2 requested_derefine_leaves=4 accepted_derefine_parents=0 created_leaves=6 deleted_leaves=0 mirror_mismatches=0
AMR_HISTORY_RECORD event=4 time_hex=0x1.57a8c1bdbcbcp+3 cycle=1725 leaves=50 max_level=5 checksum=e38dd0ebe7826578
CARTOON_AMR_TRANSACTION cycle=1726 requested_refine=0 requested_derefine_leaves=8 accepted_derefine_parents=0 created_leaves=0 deleted_leaves=0 mirror_mismatches=0
CARTOON_AMR_TRANSACTION cycle=1727 requested_refine=0 requested_derefine_leaves=8 accepted_derefine_parents=0 created_leaves=0 deleted_leaves=0 mirror_mismatches=0
CARTOON_AMR_TRANSACTION cycle=1728 requested_refine=0 requested_derefine_leaves=8 accepted_derefine_parents=0 created_leaves=0 deleted_leaves=0 mirror_mismatches=0
elapsed=6.793632e+00 cycle=1728 time=1.075072e+01 dt=3.786695e-03
CARTOON_AMR_TRANSACTION cycle=1729 requested_refine=0 requested_derefine_leaves=8 accepted_derefine_parents=0 created_leaves=0 deleted_leaves=0 mirror_mismatches=0
CARTOON_AMR_TRANSACTION cycle=1730 requested_refine=0 requested_derefine_leaves=8 accepted_derefine_parents=0 created_leaves=0 deleted_leaves=0 mirror_mismatches=0
CARTOON_AMR_TRANSACTION cycle=1731 requested_refine=0 requested_derefine_leaves=8 accepted_derefine_parents=0 created_leaves=0 deleted_leaves=0 mirror_mismatches=0
CARTOON_AMR_TRANSACTION cycle=1732 requested_refine=0 requested_derefine_leaves=8 accepted_derefine_parents=0 created_leaves=0 deleted_leaves=0 mirror_mismatches=0
elapsed=6.997685e+00 cycle=1732 time=1.076587e+01 dt=3.790881e-03
CARTOON_AMR_TRANSACTION cycle=1733 requested_refine=0 requested_derefine_leaves=8 accepted_derefine_parents=0 created_leaves=0 deleted_leaves=0 mirror_mismatches=0
CARTOON_AMR_TRANSACTION cycle=1734 requested_refine=0 requested_derefine_leaves=8 accepted_derefine_parents=0 created_leaves=0 deleted_leaves=0 mirror_mismatches=0
CARTOON_AMR_TRANSACTION cycle=1735 requested_refine=0 requested_derefine_leaves=8 accepted_derefine_parents=0 created_leaves=0 deleted_leaves=0 mirror_mismatches=0
CARTOON_AMR_TRANSACTION cycle=1736 requested_refine=0 requested_derefine_leaves=8 accepted_derefine_parents=0 created_leaves=0 deleted_leaves=0 mirror_mismatches=0
elapsed=7.087270e+00 cycle=1736 time=1.078102e+01 dt=3.778129e-03
CARTOON_AMR_TRANSACTION cycle=1737 requested_refine=0 requested_derefine_leaves=8 accepted_derefine_parents=0 created_leaves=0 deleted_leaves=0 mirror_mismatches=0
CARTOON_AMR_TRANSACTION cycle=1738 requested_refine=0 requested_derefine_leaves=8 accepted_derefine_parents=0 created_leaves=0 deleted_leaves=0 mirror_mismatches=0
CARTOON_AMR_TRANSACTION cycle=1739 requested_refine=0 requested_derefine_leaves=8 accepted_derefine_parents=0 created_leaves=0 deleted_leaves=0 mirror_mismatches=0
CARTOON_AMR_TRANSACTION cycle=1740 requested_refine=0 requested_derefine_leaves=8 accepted_derefine_parents=0 created_leaves=0 deleted_leaves=0 mirror_mismatches=0
elapsed=7.180407e+00 cycle=1740 time=1.079610e+01 dt=3.755076e-03
CARTOON_AMR_TRANSACTION cycle=1741 requested_refine=0 requested_derefine_leaves=8 accepted_derefine_parents=0 created_leaves=0 deleted_leaves=0 mirror_mismatches=0
CARTOON_AMR_TRANSACTION cycle=1742 requested_refine=0 requested_derefine_leaves=8 accepted_derefine_parents=0 created_leaves=0 deleted_leaves=0 mirror_mismatches=0
CARTOON_AMR_TRANSACTION cycle=1743 requested_refine=0 requested_derefine_leaves=8 accepted_derefine_parents=0 created_leaves=0 deleted_leaves=0 mirror_mismatches=0
CARTOON_AMR_TRANSACTION cycle=1744 requested_refine=0 requested_derefine_leaves=8 accepted_derefine_parents=0 created_leaves=0 deleted_leaves=0 mirror_mismatches=0
elapsed=7.270164e+00 cycle=1744 time=1.081109e+01 dt=3.736647e-03
CARTOON_AMR_TRANSACTION cycle=1745 requested_refine=0 requested_derefine_leaves=8 accepted_derefine_parents=0 created_leaves=0 deleted_leaves=0 mirror_mismatches=0
CARTOON_AMR_TRANSACTION cycle=1746 requested_refine=0 requested_derefine_leaves=8 accepted_derefine_parents=0 created_leaves=0 deleted_leaves=0 mirror_mismatches=0
CARTOON_AMR_TRANSACTION cycle=1747 requested_refine=0 requested_derefine_leaves=8 accepted_derefine_parents=0 created_leaves=0 deleted_leaves=0 mirror_mismatches=0
CARTOON_AMR_TRANSACTION cycle=1748 requested_refine=0 requested_derefine_leaves=8 accepted_derefine_parents=0 created_leaves=0 deleted_leaves=0 mirror_mismatches=0
elapsed=7.480417e+00 cycle=1748 time=1.082602e+01 dt=3.733089e-03
CARTOON_AMR_TRANSACTION cycle=1749 requested_refine=0 requested_derefine_leaves=8 accepted_derefine_parents=0 created_leaves=0 deleted_leaves=0 mirror_mismatches=0
CARTOON_AMR_TRANSACTION cycle=1750 requested_refine=0 requested_derefine_leaves=8 accepted_derefine_parents=0 created_leaves=0 deleted_leaves=0 mirror_mismatches=0
CARTOON_AMR_TRANSACTION cycle=1751 requested_refine=0 requested_derefine_leaves=8 accepted_derefine_parents=0 created_leaves=0 deleted_leaves=0 mirror_mismatches=0
CARTOON_AMR_TRANSACTION cycle=1752 requested_refine=0 requested_derefine_leaves=8 accepted_derefine_parents=0 created_leaves=0 deleted_leaves=0 mirror_mismatches=0
elapsed=7.574715e+00 cycle=1752 time=1.084097e+01 dt=3.744522e-03
CARTOON_AMR_TRANSACTION cycle=1753 requested_refine=0 requested_derefine_leaves=8 accepted_derefine_parents=0 created_leaves=0 deleted_leaves=0 mirror_mismatches=0
CARTOON_AMR_TRANSACTION cycle=1754 requested_refine=0 requested_derefine_leaves=8 accepted_derefine_parents=0 created_leaves=0 deleted_leaves=0 mirror_mismatches=0
CARTOON_AMR_TRANSACTION cycle=1755 requested_refine=0 requested_derefine_leaves=8 accepted_derefine_parents=0 created_leaves=0 deleted_leaves=0 mirror_mismatches=0
CARTOON_AMR_TRANSACTION cycle=1756 requested_refine=0 requested_derefine_leaves=8 accepted_derefine_parents=0 created_leaves=0 deleted_leaves=0 mirror_mismatches=0
elapsed=7.675395e+00 cycle=1756 time=1.085597e+01 dt=3.762162e-03
CARTOON_AMR_TRANSACTION cycle=1757 requested_refine=0 requested_derefine_leaves=8 accepted_derefine_parents=0 created_leaves=0 deleted_leaves=0 mirror_mismatches=0
CARTOON_AMR_TRANSACTION cycle=1758 requested_refine=0 requested_derefine_leaves=8 accepted_derefine_parents=0 created_leaves=0 deleted_leaves=0 mirror_mismatches=0
CARTOON_AMR_TRANSACTION cycle=1759 requested_refine=0 requested_derefine_leaves=8 accepted_derefine_parents=0 created_leaves=0 deleted_leaves=0 mirror_mismatches=0
CARTOON_AMR_TRANSACTION cycle=1760 requested_refine=0 requested_derefine_leaves=8 accepted_derefine_parents=0 created_leaves=0 deleted_leaves=0 mirror_mismatches=0
elapsed=7.768691e+00 cycle=1760 time=1.087105e+01 dt=3.775926e-03
CARTOON_AMR_TRANSACTION cycle=1761 requested_refine=0 requested_derefine_leaves=8 accepted_derefine_parents=0 created_leaves=0 deleted_leaves=0 mirror_mismatches=0
CARTOON_AMR_TRANSACTION cycle=1762 requested_refine=0 requested_derefine_leaves=8 accepted_derefine_parents=0 created_leaves=0 deleted_leaves=0 mirror_mismatches=0
CARTOON_AMR_TRANSACTION cycle=1763 requested_refine=0 requested_derefine_leaves=8 accepted_derefine_parents=0 created_leaves=0 deleted_leaves=0 mirror_mismatches=0
CARTOON_AMR_TRANSACTION cycle=1764 requested_refine=0 requested_derefine_leaves=8 accepted_derefine_parents=0 created_leaves=0 deleted_leaves=0 mirror_mismatches=0
elapsed=7.949900e+00 cycle=1764 time=1.088616e+01 dt=3.781341e-03
CARTOON_AMR_TRANSACTION cycle=1765 requested_refine=2 requested_derefine_leaves=8 accepted_derefine_parents=0 created_leaves=18 deleted_leaves=0 mirror_mismatches=0
AMR_HISTORY_RECORD event=5 time_hex=0x1.5c7a6507314d9p+3 cycle=1765 leaves=68 max_level=6 checksum=da8f688fd15b9837
CARTOON_AMR_TRANSACTION cycle=1766 requested_refine=0 requested_derefine_leaves=28 accepted_derefine_parents=4 created_leaves=0 deleted_leaves=0 mirror_mismatches=0
CARTOON_AMR_TRANSACTION cycle=1767 requested_refine=0 requested_derefine_leaves=28 accepted_derefine_parents=4 created_leaves=0 deleted_leaves=0 mirror_mismatches=0
CARTOON_AMR_TRANSACTION cycle=1768 requested_refine=0 requested_derefine_leaves=28 accepted_derefine_parents=4 created_leaves=0 deleted_leaves=0 mirror_mismatches=0
elapsed=8.064091e+00 cycle=1768 time=1.089561e+01 dt=1.889789e-03
CARTOON_AMR_TRANSACTION cycle=1769 requested_refine=0 requested_derefine_leaves=28 accepted_derefine_parents=4 created_leaves=0 deleted_leaves=0 mirror_mismatches=0
CARTOON_AMR_TRANSACTION cycle=1770 requested_refine=0 requested_derefine_leaves=28 accepted_derefine_parents=4 created_leaves=0 deleted_leaves=0 mirror_mismatches=0
CARTOON_AMR_TRANSACTION cycle=1771 requested_refine=0 requested_derefine_leaves=28 accepted_derefine_parents=4 created_leaves=0 deleted_leaves=0 mirror_mismatches=0
CARTOON_AMR_TRANSACTION cycle=1772 requested_refine=0 requested_derefine_leaves=28 accepted_derefine_parents=4 created_leaves=0 deleted_leaves=0 mirror_mismatches=0
elapsed=8.168890e+00 cycle=1772 time=1.090317e+01 dt=1.887318e-03
CARTOON_AMR_TRANSACTION cycle=1773 requested_refine=0 requested_derefine_leaves=28 accepted_derefine_parents=4 created_leaves=0 deleted_leaves=0 mirror_mismatches=0
CARTOON_AMR_TRANSACTION cycle=1774 requested_refine=0 requested_derefine_leaves=28 accepted_derefine_parents=4 created_leaves=0 deleted_leaves=0 mirror_mismatches=0
CARTOON_AMR_TRANSACTION cycle=1775 requested_refine=0 requested_derefine_leaves=28 accepted_derefine_parents=4 created_leaves=0 deleted_leaves=0 mirror_mismatches=0
CARTOON_AMR_TRANSACTION cycle=1776 requested_refine=0 requested_derefine_leaves=28 accepted_derefine_parents=4 created_leaves=0 deleted_leaves=0 mirror_mismatches=0
elapsed=8.384479e+00 cycle=1776 time=1.091071e+01 dt=1.885183e-03
CARTOON_AMR_TRANSACTION cycle=1777 requested_refine=0 requested_derefine_leaves=28 accepted_derefine_parents=4 created_leaves=0 deleted_leaves=0 mirror_mismatches=0
CARTOON_AMR_TRANSACTION cycle=1778 requested_refine=0 requested_derefine_leaves=28 accepted_derefine_parents=4 created_leaves=0 deleted_leaves=0 mirror_mismatches=0
CARTOON_AMR_TRANSACTION cycle=1779 requested_refine=0 requested_derefine_leaves=28 accepted_derefine_parents=4 created_leaves=0 deleted_leaves=0 mirror_mismatches=0
CARTOON_AMR_TRANSACTION cycle=1780 requested_refine=0 requested_derefine_leaves=28 accepted_derefine_parents=4 created_leaves=0 deleted_leaves=0 mirror_mismatches=0
elapsed=8.489354e+00 cycle=1780 time=1.091825e+01 dt=1.882530e-03
CARTOON_AMR_TRANSACTION cycle=1781 requested_refine=0 requested_derefine_leaves=28 accepted_derefine_parents=4 created_leaves=0 deleted_leaves=0 mirror_mismatches=0
CARTOON_AMR_TRANSACTION cycle=1782 requested_refine=0 requested_derefine_leaves=28 accepted_derefine_parents=4 created_leaves=0 deleted_leaves=0 mirror_mismatches=0
CARTOON_AMR_TRANSACTION cycle=1783 requested_refine=0 requested_derefine_leaves=28 accepted_derefine_parents=4 created_leaves=0 deleted_leaves=0 mirror_mismatches=0
CARTOON_AMR_TRANSACTION cycle=1784 requested_refine=0 requested_derefine_leaves=28 accepted_derefine_parents=4 created_leaves=0 deleted_leaves=0 mirror_mismatches=0
elapsed=8.595170e+00 cycle=1784 time=1.092578e+01 dt=1.878779e-03
CARTOON_AMR_TRANSACTION cycle=1785 requested_refine=0 requested_derefine_leaves=28 accepted_derefine_parents=4 created_leaves=0 deleted_leaves=0 mirror_mismatches=0
CARTOON_AMR_TRANSACTION cycle=1786 requested_refine=0 requested_derefine_leaves=28 accepted_derefine_parents=4 created_leaves=0 deleted_leaves=0 mirror_mismatches=0
CARTOON_AMR_TRANSACTION cycle=1787 requested_refine=0 requested_derefine_leaves=28 accepted_derefine_parents=4 created_leaves=0 deleted_leaves=0 mirror_mismatches=0
CARTOON_AMR_TRANSACTION cycle=1788 requested_refine=0 requested_derefine_leaves=28 accepted_derefine_parents=4 created_leaves=0 deleted_leaves=0 mirror_mismatches=0
elapsed=8.743632e+00 cycle=1788 time=1.093328e+01 dt=1.874102e-03
CARTOON_AMR_TRANSACTION cycle=1789 requested_refine=0 requested_derefine_leaves=28 accepted_derefine_parents=4 created_leaves=0 deleted_leaves=0 mirror_mismatches=0
CARTOON_AMR_TRANSACTION cycle=1790 requested_refine=0 requested_derefine_leaves=28 accepted_derefine_parents=4 created_leaves=0 deleted_leaves=0 mirror_mismatches=0
CARTOON_AMR_TRANSACTION cycle=1791 requested_refine=0 requested_derefine_leaves=28 accepted_derefine_parents=4 created_leaves=0 deleted_leaves=0 mirror_mismatches=0
CARTOON_AMR_TRANSACTION cycle=1792 requested_refine=0 requested_derefine_leaves=28 accepted_derefine_parents=4 created_leaves=0 deleted_leaves=0 mirror_mismatches=0
elapsed=8.933926e+00 cycle=1792 time=1.094077e+01 dt=1.869965e-03
CARTOON_AMR_TRANSACTION cycle=1793 requested_refine=0 requested_derefine_leaves=28 accepted_derefine_parents=4 created_leaves=0 deleted_leaves=0 mirror_mismatches=0
CARTOON_AMR_TRANSACTION cycle=1794 requested_refine=0 requested_derefine_leaves=28 accepted_derefine_parents=4 created_leaves=0 deleted_leaves=0 mirror_mismatches=0
CARTOON_AMR_TRANSACTION cycle=1795 requested_refine=0 requested_derefine_leaves=28 accepted_derefine_parents=4 created_leaves=0 deleted_leaves=0 mirror_mismatches=0
CARTOON_AMR_TRANSACTION cycle=1796 requested_refine=0 requested_derefine_leaves=28 accepted_derefine_parents=4 created_leaves=0 deleted_leaves=0 mirror_mismatches=0
elapsed=9.038908e+00 cycle=1796 time=1.094825e+01 dt=1.868006e-03
CARTOON_AMR_TRANSACTION cycle=1797 requested_refine=0 requested_derefine_leaves=28 accepted_derefine_parents=4 created_leaves=0 deleted_leaves=0 mirror_mismatches=0
CARTOON_AMR_TRANSACTION cycle=1798 requested_refine=0 requested_derefine_leaves=28 accepted_derefine_parents=4 created_leaves=0 deleted_leaves=0 mirror_mismatches=0
CARTOON_AMR_TRANSACTION cycle=1799 requested_refine=0 requested_derefine_leaves=28 accepted_derefine_parents=4 created_leaves=0 deleted_leaves=0 mirror_mismatches=0
CARTOON_AMR_TRANSACTION cycle=1800 requested_refine=0 requested_derefine_leaves=28 accepted_derefine_parents=4 created_leaves=0 deleted_leaves=0 mirror_mismatches=0
elapsed=9.144635e+00 cycle=1800 time=1.095572e+01 dt=1.868641e-03
CARTOON_AMR_TRANSACTION cycle=1801 requested_refine=0 requested_derefine_leaves=28 accepted_derefine_parents=4 created_leaves=0 deleted_leaves=0 mirror_mismatches=0
CARTOON_AMR_TRANSACTION cycle=1802 requested_refine=0 requested_derefine_leaves=28 accepted_derefine_parents=4 created_leaves=0 deleted_leaves=0 mirror_mismatches=0
CARTOON_AMR_TRANSACTION cycle=1803 requested_refine=0 requested_derefine_leaves=28 accepted_derefine_parents=4 created_leaves=0 deleted_leaves=0 mirror_mismatches=0
CARTOON_AMR_TRANSACTION cycle=1804 requested_refine=0 requested_derefine_leaves=28 accepted_derefine_parents=4 created_leaves=0 deleted_leaves=0 mirror_mismatches=0
elapsed=9.347704e+00 cycle=1804 time=1.096320e+01 dt=1.870778e-03
CARTOON_AMR_TRANSACTION cycle=1805 requested_refine=0 requested_derefine_leaves=28 accepted_derefine_parents=4 created_leaves=0 deleted_leaves=0 mirror_mismatches=0
CARTOON_AMR_TRANSACTION cycle=1806 requested_refine=0 requested_derefine_leaves=28 accepted_derefine_parents=4 created_leaves=0 deleted_leaves=0 mirror_mismatches=0
CARTOON_AMR_TRANSACTION cycle=1807 requested_refine=0 requested_derefine_leaves=28 accepted_derefine_parents=4 created_leaves=0 deleted_leaves=0 mirror_mismatches=0
CARTOON_AMR_TRANSACTION cycle=1808 requested_refine=0 requested_derefine_leaves=28 accepted_derefine_parents=4 created_leaves=0 deleted_leaves=0 mirror_mismatches=0
elapsed=9.454271e+00 cycle=1808 time=1.097069e+01 dt=1.872815e-03
CARTOON_AMR_TRANSACTION cycle=1809 requested_refine=0 requested_derefine_leaves=28 accepted_derefine_parents=4 created_leaves=0 deleted_leaves=0 mirror_mismatches=0
CARTOON_AMR_TRANSACTION cycle=1810 requested_refine=0 requested_derefine_leaves=28 accepted_derefine_parents=4 created_leaves=0 deleted_leaves=0 mirror_mismatches=0
CARTOON_AMR_TRANSACTION cycle=1811 requested_refine=0 requested_derefine_leaves=28 accepted_derefine_parents=4 created_leaves=0 deleted_leaves=0 mirror_mismatches=0
CARTOON_AMR_TRANSACTION cycle=1812 requested_refine=0 requested_derefine_leaves=28 accepted_derefine_parents=4 created_leaves=0 deleted_leaves=0 mirror_mismatches=0
elapsed=9.562358e+00 cycle=1812 time=1.097818e+01 dt=1.873909e-03
CARTOON_AMR_TRANSACTION cycle=1813 requested_refine=0 requested_derefine_leaves=28 accepted_derefine_parents=4 created_leaves=0 deleted_leaves=0 mirror_mismatches=0
CARTOON_AMR_TRANSACTION cycle=1814 requested_refine=0 requested_derefine_leaves=28 accepted_derefine_parents=4 created_leaves=0 deleted_leaves=0 mirror_mismatches=0
CARTOON_AMR_TRANSACTION cycle=1815 requested_refine=0 requested_derefine_leaves=28 accepted_derefine_parents=4 created_leaves=0 deleted_leaves=0 mirror_mismatches=0
CARTOON_AMR_TRANSACTION cycle=1816 requested_refine=0 requested_derefine_leaves=28 accepted_derefine_parents=4 created_leaves=0 deleted_leaves=0 mirror_mismatches=0
elapsed=9.729988e+00 cycle=1816 time=1.098568e+01 dt=1.874316e-03
CARTOON_AMR_TRANSACTION cycle=1817 requested_refine=0 requested_derefine_leaves=28 accepted_derefine_parents=4 created_leaves=0 deleted_leaves=0 mirror_mismatches=0
CARTOON_AMR_TRANSACTION cycle=1818 requested_refine=0 requested_derefine_leaves=28 accepted_derefine_parents=4 created_leaves=0 deleted_leaves=0 mirror_mismatches=0
CARTOON_AMR_TRANSACTION cycle=1819 requested_refine=0 requested_derefine_leaves=28 accepted_derefine_parents=4 created_leaves=0 deleted_leaves=0 mirror_mismatches=0
CARTOON_AMR_TRANSACTION cycle=1820 requested_refine=0 requested_derefine_leaves=28 accepted_derefine_parents=4 created_leaves=0 deleted_leaves=0 mirror_mismatches=0
elapsed=9.868197e+00 cycle=1820 time=1.099317e+01 dt=1.874680e-03
CARTOON_AMR_TRANSACTION cycle=1821 requested_refine=0 requested_derefine_leaves=28 accepted_derefine_parents=4 created_leaves=0 deleted_leaves=0 mirror_mismatches=0
CARTOON_AMR_TRANSACTION cycle=1822 requested_refine=0 requested_derefine_leaves=28 accepted_derefine_parents=4 created_leaves=0 deleted_leaves=0 mirror_mismatches=0
CARTOON_AMR_TRANSACTION cycle=1823 requested_refine=0 requested_derefine_leaves=28 accepted_derefine_parents=4 created_leaves=0 deleted_leaves=0 mirror_mismatches=0
CARTOON_AMR_TRANSACTION cycle=1824 requested_refine=0 requested_derefine_leaves=28 accepted_derefine_parents=4 created_leaves=0 deleted_leaves=0 mirror_mismatches=0
elapsed=1.019268e+01 cycle=1824 time=1.100067e+01 dt=1.875229e-03
CARTOON_AMR_TRANSACTION cycle=1825 requested_refine=0 requested_derefine_leaves=28 accepted_derefine_parents=4 created_leaves=0 deleted_leaves=0 mirror_mismatches=0
CARTOON_AMR_TRANSACTION cycle=1826 requested_refine=0 requested_derefine_leaves=28 accepted_derefine_parents=4 created_leaves=0 deleted_leaves=0 mirror_mismatches=0
CARTOON_AMR_TRANSACTION cycle=1827 requested_refine=0 requested_derefine_leaves=28 accepted_derefine_parents=4 created_leaves=0 deleted_leaves=0 mirror_mismatches=0
CARTOON_AMR_TRANSACTION cycle=1828 requested_refine=0 requested_derefine_leaves=28 accepted_derefine_parents=4 created_leaves=0 deleted_leaves=0 mirror_mismatches=0
elapsed=1.034054e+01 cycle=1828 time=1.100817e+01 dt=1.875680e-03
CARTOON_AMR_TRANSACTION cycle=1829 requested_refine=0 requested_derefine_leaves=28 accepted_derefine_parents=4 created_leaves=0 deleted_leaves=0 mirror_mismatches=0
CARTOON_AMR_TRANSACTION cycle=1830 requested_refine=0 requested_derefine_leaves=28 accepted_derefine_parents=4 created_leaves=0 deleted_leaves=0 mirror_mismatches=0
CARTOON_AMR_TRANSACTION cycle=1831 requested_refine=0 requested_derefine_leaves=28 accepted_derefine_parents=4 created_leaves=0 deleted_leaves=0 mirror_mismatches=0
CARTOON_AMR_TRANSACTION cycle=1832 requested_refine=0 requested_derefine_leaves=28 accepted_derefine_parents=4 created_leaves=0 deleted_leaves=0 mirror_mismatches=0
elapsed=1.044526e+01 cycle=1832 time=1.101568e+01 dt=1.874366e-03
CARTOON_AMR_TRANSACTION cycle=1833 requested_refine=0 requested_derefine_leaves=28 accepted_derefine_parents=4 created_leaves=0 deleted_leaves=0 mirror_mismatches=0
CARTOON_AMR_TRANSACTION cycle=1834 requested_refine=0 requested_derefine_leaves=28 accepted_derefine_parents=4 created_leaves=0 deleted_leaves=0 mirror_mismatches=0
CARTOON_AMR_TRANSACTION cycle=1835 requested_refine=0 requested_derefine_leaves=28 accepted_derefine_parents=4 created_leaves=0 deleted_leaves=0 mirror_mismatches=0
CARTOON_AMR_TRANSACTION cycle=1836 requested_refine=0 requested_derefine_leaves=28 accepted_derefine_parents=4 created_leaves=0 deleted_leaves=0 mirror_mismatches=0
elapsed=1.055092e+01 cycle=1836 time=1.102317e+01 dt=1.872614e-03
CARTOON_AMR_TRANSACTION cycle=1837 requested_refine=0 requested_derefine_leaves=28 accepted_derefine_parents=4 created_leaves=0 deleted_leaves=0 mirror_mismatches=0
CARTOON_AMR_TRANSACTION cycle=1838 requested_refine=0 requested_derefine_leaves=28 accepted_derefine_parents=4 created_leaves=0 deleted_leaves=0 mirror_mismatches=0
CARTOON_AMR_TRANSACTION cycle=1839 requested_refine=0 requested_derefine_leaves=28 accepted_derefine_parents=4 created_leaves=0 deleted_leaves=0 mirror_mismatches=0
CARTOON_AMR_TRANSACTION cycle=1840 requested_refine=0 requested_derefine_leaves=28 accepted_derefine_parents=4 created_leaves=0 deleted_leaves=0 mirror_mismatches=0
elapsed=1.075269e+01 cycle=1840 time=1.103066e+01 dt=1.871126e-03
CARTOON_AMR_TRANSACTION cycle=1841 requested_refine=0 requested_derefine_leaves=28 accepted_derefine_parents=4 created_leaves=0 deleted_leaves=0 mirror_mismatches=0
CARTOON_AMR_TRANSACTION cycle=1842 requested_refine=0 requested_derefine_leaves=28 accepted_derefine_parents=4 created_leaves=0 deleted_leaves=0 mirror_mismatches=0
CARTOON_AMR_TRANSACTION cycle=1843 requested_refine=0 requested_derefine_leaves=28 accepted_derefine_parents=4 created_leaves=0 deleted_leaves=0 mirror_mismatches=0
CARTOON_AMR_TRANSACTION cycle=1844 requested_refine=0 requested_derefine_leaves=28 accepted_derefine_parents=4 created_leaves=0 deleted_leaves=0 mirror_mismatches=0
elapsed=1.086018e+01 cycle=1844 time=1.103814e+01 dt=1.869831e-03
CARTOON_AMR_TRANSACTION cycle=1845 requested_refine=0 requested_derefine_leaves=28 accepted_derefine_parents=4 created_leaves=0 deleted_leaves=0 mirror_mismatches=0
CARTOON_AMR_TRANSACTION cycle=1846 requested_refine=0 requested_derefine_leaves=28 accepted_derefine_parents=4 created_leaves=0 deleted_leaves=0 mirror_mismatches=0
CARTOON_AMR_TRANSACTION cycle=1847 requested_refine=0 requested_derefine_leaves=28 accepted_derefine_parents=4 created_leaves=0 deleted_leaves=0 mirror_mismatches=0
CARTOON_AMR_TRANSACTION cycle=1848 requested_refine=0 requested_derefine_leaves=28 accepted_derefine_parents=4 created_leaves=0 deleted_leaves=0 mirror_mismatches=0
elapsed=1.096470e+01 cycle=1848 time=1.104562e+01 dt=1.868729e-03
CARTOON_AMR_TRANSACTION cycle=1849 requested_refine=0 requested_derefine_leaves=28 accepted_derefine_parents=4 created_leaves=0 deleted_leaves=0 mirror_mismatches=0
CARTOON_AMR_TRANSACTION cycle=1850 requested_refine=0 requested_derefine_leaves=28 accepted_derefine_parents=4 created_leaves=0 deleted_leaves=0 mirror_mismatches=0
CARTOON_AMR_TRANSACTION cycle=1851 requested_refine=0 requested_derefine_leaves=28 accepted_derefine_parents=4 created_leaves=0 deleted_leaves=0 mirror_mismatches=0
CARTOON_AMR_TRANSACTION cycle=1852 requested_refine=0 requested_derefine_leaves=28 accepted_derefine_parents=4 created_leaves=0 deleted_leaves=0 mirror_mismatches=0
elapsed=1.113108e+01 cycle=1852 time=1.105309e+01 dt=1.867815e-03
CARTOON_AMR_TRANSACTION cycle=1853 requested_refine=0 requested_derefine_leaves=28 accepted_derefine_parents=4 created_leaves=0 deleted_leaves=0 mirror_mismatches=0
CARTOON_AMR_TRANSACTION cycle=1854 requested_refine=0 requested_derefine_leaves=28 accepted_derefine_parents=4 created_leaves=0 deleted_leaves=0 mirror_mismatches=0
CARTOON_AMR_TRANSACTION cycle=1855 requested_refine=0 requested_derefine_leaves=28 accepted_derefine_parents=4 created_leaves=0 deleted_leaves=0 mirror_mismatches=0
CARTOON_AMR_TRANSACTION cycle=1856 requested_refine=0 requested_derefine_leaves=28 accepted_derefine_parents=4 created_leaves=0 deleted_leaves=0 mirror_mismatches=0
elapsed=1.127005e+01 cycle=1856 time=1.106056e+01 dt=1.867004e-03
CARTOON_AMR_TRANSACTION cycle=1857 requested_refine=0 requested_derefine_leaves=28 accepted_derefine_parents=4 created_leaves=0 deleted_leaves=0 mirror_mismatches=0
CARTOON_AMR_TRANSACTION cycle=1858 requested_refine=0 requested_derefine_leaves=28 accepted_derefine_parents=4 created_leaves=0 deleted_leaves=0 mirror_mismatches=0
CARTOON_AMR_TRANSACTION cycle=1859 requested_refine=0 requested_derefine_leaves=28 accepted_derefine_parents=4 created_leaves=0 deleted_leaves=0 mirror_mismatches=0
CARTOON_AMR_TRANSACTION cycle=1860 requested_refine=0 requested_derefine_leaves=28 accepted_derefine_parents=4 created_leaves=0 deleted_leaves=0 mirror_mismatches=0
elapsed=1.137477e+01 cycle=1860 time=1.106803e+01 dt=1.866180e-03
CARTOON_AMR_TRANSACTION cycle=1861 requested_refine=0 requested_derefine_leaves=28 accepted_derefine_parents=4 created_leaves=0 deleted_leaves=0 mirror_mismatches=0
CARTOON_AMR_TRANSACTION cycle=1862 requested_refine=0 requested_derefine_leaves=28 accepted_derefine_parents=4 created_leaves=0 deleted_leaves=0 mirror_mismatches=0
CARTOON_AMR_TRANSACTION cycle=1863 requested_refine=0 requested_derefine_leaves=28 accepted_derefine_parents=4 created_leaves=0 deleted_leaves=0 mirror_mismatches=0
CARTOON_AMR_TRANSACTION cycle=1864 requested_refine=0 requested_derefine_leaves=28 accepted_derefine_parents=4 created_leaves=0 deleted_leaves=0 mirror_mismatches=0
elapsed=1.148329e+01 cycle=1864 time=1.107549e+01 dt=1.865299e-03
CARTOON_AMR_TRANSACTION cycle=1865 requested_refine=0 requested_derefine_leaves=28 accepted_derefine_parents=4 created_leaves=0 deleted_leaves=0 mirror_mismatches=0
CARTOON_AMR_TRANSACTION cycle=1866 requested_refine=0 requested_derefine_leaves=28 accepted_derefine_parents=4 created_leaves=0 deleted_leaves=0 mirror_mismatches=0
CARTOON_AMR_TRANSACTION cycle=1867 requested_refine=0 requested_derefine_leaves=28 accepted_derefine_parents=4 created_leaves=0 deleted_leaves=0 mirror_mismatches=0
CARTOON_AMR_TRANSACTION cycle=1868 requested_refine=0 requested_derefine_leaves=28 accepted_derefine_parents=4 created_leaves=0 deleted_leaves=0 mirror_mismatches=0
elapsed=1.169810e+01 cycle=1868 time=1.108295e+01 dt=1.864411e-03
CARTOON_AMR_TRANSACTION cycle=1869 requested_refine=0 requested_derefine_leaves=28 accepted_derefine_parents=4 created_leaves=0 deleted_leaves=0 mirror_mismatches=0
CARTOON_AMR_TRANSACTION cycle=1870 requested_refine=0 requested_derefine_leaves=28 accepted_derefine_parents=4 created_leaves=0 deleted_leaves=0 mirror_mismatches=0
CARTOON_AMR_TRANSACTION cycle=1871 requested_refine=0 requested_derefine_leaves=28 accepted_derefine_parents=4 created_leaves=0 deleted_leaves=0 mirror_mismatches=0
CARTOON_AMR_TRANSACTION cycle=1872 requested_refine=0 requested_derefine_leaves=28 accepted_derefine_parents=4 created_leaves=0 deleted_leaves=0 mirror_mismatches=0
elapsed=1.180281e+01 cycle=1872 time=1.109041e+01 dt=1.863582e-03
CARTOON_AMR_TRANSACTION cycle=1873 requested_refine=0 requested_derefine_leaves=28 accepted_derefine_parents=4 created_leaves=0 deleted_leaves=0 mirror_mismatches=0
CARTOON_AMR_TRANSACTION cycle=1874 requested_refine=0 requested_derefine_leaves=28 accepted_derefine_parents=4 created_leaves=0 deleted_leaves=0 mirror_mismatches=0
CARTOON_AMR_TRANSACTION cycle=1875 requested_refine=0 requested_derefine_leaves=28 accepted_derefine_parents=4 created_leaves=0 deleted_leaves=0 mirror_mismatches=0
CARTOON_AMR_TRANSACTION cycle=1876 requested_refine=0 requested_derefine_leaves=28 accepted_derefine_parents=4 created_leaves=0 deleted_leaves=0 mirror_mismatches=0
elapsed=1.190888e+01 cycle=1876 time=1.109786e+01 dt=1.862812e-03
CARTOON_AMR_TRANSACTION cycle=1877 requested_refine=0 requested_derefine_leaves=28 accepted_derefine_parents=4 created_leaves=0 deleted_leaves=0 mirror_mismatches=0
CARTOON_AMR_TRANSACTION cycle=1878 requested_refine=0 requested_derefine_leaves=28 accepted_derefine_parents=4 created_leaves=0 deleted_leaves=0 mirror_mismatches=0
CARTOON_AMR_TRANSACTION cycle=1879 requested_refine=0 requested_derefine_leaves=28 accepted_derefine_parents=4 created_leaves=0 deleted_leaves=0 mirror_mismatches=0
CARTOON_AMR_TRANSACTION cycle=1880 requested_refine=0 requested_derefine_leaves=28 accepted_derefine_parents=4 created_leaves=0 deleted_leaves=0 mirror_mismatches=0
elapsed=1.209100e+01 cycle=1880 time=1.110531e+01 dt=1.862045e-03
CARTOON_AMR_TRANSACTION cycle=1881 requested_refine=0 requested_derefine_leaves=28 accepted_derefine_parents=4 created_leaves=0 deleted_leaves=0 mirror_mismatches=0
CARTOON_AMR_TRANSACTION cycle=1882 requested_refine=0 requested_derefine_leaves=28 accepted_derefine_parents=4 created_leaves=0 deleted_leaves=0 mirror_mismatches=0
CARTOON_AMR_TRANSACTION cycle=1883 requested_refine=0 requested_derefine_leaves=28 accepted_derefine_parents=4 created_leaves=0 deleted_leaves=0 mirror_mismatches=0
CARTOON_AMR_TRANSACTION cycle=1884 requested_refine=0 requested_derefine_leaves=28 accepted_derefine_parents=4 created_leaves=0 deleted_leaves=0 mirror_mismatches=0
elapsed=1.221838e+01 cycle=1884 time=1.111276e+01 dt=1.861243e-03
CARTOON_AMR_TRANSACTION cycle=1885 requested_refine=0 requested_derefine_leaves=28 accepted_derefine_parents=4 created_leaves=0 deleted_leaves=0 mirror_mismatches=0
CARTOON_AMR_TRANSACTION cycle=1886 requested_refine=0 requested_derefine_leaves=28 accepted_derefine_parents=4 created_leaves=0 deleted_leaves=0 mirror_mismatches=0
CARTOON_AMR_TRANSACTION cycle=1887 requested_refine=0 requested_derefine_leaves=28 accepted_derefine_parents=4 created_leaves=0 deleted_leaves=0 mirror_mismatches=0
CARTOON_AMR_TRANSACTION cycle=1888 requested_refine=0 requested_derefine_leaves=28 accepted_derefine_parents=4 created_leaves=0 deleted_leaves=0 mirror_mismatches=0
elapsed=1.232743e+01 cycle=1888 time=1.112020e+01 dt=1.860441e-03
CARTOON_AMR_TRANSACTION cycle=1889 requested_refine=0 requested_derefine_leaves=28 accepted_derefine_parents=4 created_leaves=0 deleted_leaves=0 mirror_mismatches=0
CARTOON_AMR_TRANSACTION cycle=1890 requested_refine=0 requested_derefine_leaves=28 accepted_derefine_parents=4 created_leaves=0 deleted_leaves=0 mirror_mismatches=0
CARTOON_AMR_TRANSACTION cycle=1891 requested_refine=0 requested_derefine_leaves=28 accepted_derefine_parents=4 created_leaves=0 deleted_leaves=0 mirror_mismatches=0
CARTOON_AMR_TRANSACTION cycle=1892 requested_refine=0 requested_derefine_leaves=28 accepted_derefine_parents=4 created_leaves=0 deleted_leaves=0 mirror_mismatches=0
elapsed=1.243333e+01 cycle=1892 time=1.112764e+01 dt=1.859716e-03
CARTOON_AMR_TRANSACTION cycle=1893 requested_refine=0 requested_derefine_leaves=28 accepted_derefine_parents=4 created_leaves=0 deleted_leaves=0 mirror_mismatches=0
CARTOON_AMR_TRANSACTION cycle=1894 requested_refine=0 requested_derefine_leaves=28 accepted_derefine_parents=4 created_leaves=0 deleted_leaves=0 mirror_mismatches=0
CARTOON_AMR_TRANSACTION cycle=1895 requested_refine=0 requested_derefine_leaves=28 accepted_derefine_parents=4 created_leaves=0 deleted_leaves=0 mirror_mismatches=0
CARTOON_AMR_TRANSACTION cycle=1896 requested_refine=0 requested_derefine_leaves=28 accepted_derefine_parents=4 created_leaves=0 deleted_leaves=0 mirror_mismatches=0
elapsed=1.263502e+01 cycle=1896 time=1.113508e+01 dt=1.859115e-03
CARTOON_AMR_TRANSACTION cycle=1897 requested_refine=0 requested_derefine_leaves=28 accepted_derefine_parents=4 created_leaves=0 deleted_leaves=0 mirror_mismatches=0
CARTOON_AMR_TRANSACTION cycle=1898 requested_refine=0 requested_derefine_leaves=28 accepted_derefine_parents=4 created_leaves=0 deleted_leaves=0 mirror_mismatches=0
CARTOON_AMR_TRANSACTION cycle=1899 requested_refine=0 requested_derefine_leaves=28 accepted_derefine_parents=4 created_leaves=0 deleted_leaves=0 mirror_mismatches=0
CARTOON_AMR_TRANSACTION cycle=1900 requested_refine=0 requested_derefine_leaves=28 accepted_derefine_parents=4 created_leaves=0 deleted_leaves=0 mirror_mismatches=0
elapsed=1.274110e+01 cycle=1900 time=1.114252e+01 dt=1.858613e-03
CARTOON_AMR_TRANSACTION cycle=1901 requested_refine=0 requested_derefine_leaves=28 accepted_derefine_parents=4 created_leaves=0 deleted_leaves=0 mirror_mismatches=0
CARTOON_AMR_TRANSACTION cycle=1902 requested_refine=0 requested_derefine_leaves=28 accepted_derefine_parents=4 created_leaves=0 deleted_leaves=0 mirror_mismatches=0
CARTOON_AMR_TRANSACTION cycle=1903 requested_refine=0 requested_derefine_leaves=28 accepted_derefine_parents=4 created_leaves=0 deleted_leaves=0 mirror_mismatches=0
CARTOON_AMR_TRANSACTION cycle=1904 requested_refine=0 requested_derefine_leaves=28 accepted_derefine_parents=4 created_leaves=0 deleted_leaves=0 mirror_mismatches=0
elapsed=1.285609e+01 cycle=1904 time=1.114995e+01 dt=1.858124e-03
CARTOON_AMR_TRANSACTION cycle=1905 requested_refine=0 requested_derefine_leaves=28 accepted_derefine_parents=4 created_leaves=0 deleted_leaves=0 mirror_mismatches=0
CARTOON_AMR_TRANSACTION cycle=1906 requested_refine=0 requested_derefine_leaves=28 accepted_derefine_parents=4 created_leaves=0 deleted_leaves=0 mirror_mismatches=0
CARTOON_AMR_TRANSACTION cycle=1907 requested_refine=0 requested_derefine_leaves=28 accepted_derefine_parents=4 created_leaves=0 deleted_leaves=0 mirror_mismatches=0
CARTOON_AMR_TRANSACTION cycle=1908 requested_refine=0 requested_derefine_leaves=28 accepted_derefine_parents=4 created_leaves=0 deleted_leaves=0 mirror_mismatches=0
elapsed=1.306659e+01 cycle=1908 time=1.115738e+01 dt=1.857564e-03
CARTOON_AMR_TRANSACTION cycle=1909 requested_refine=1 requested_derefine_leaves=28 accepted_derefine_parents=4 created_leaves=9 deleted_leaves=0 mirror_mismatches=0
AMR_HISTORY_RECORD event=6 time_hex=0x1.65187f4c636ecp+3 cycle=1909 leaves=77 max_level=6 checksum=48f05618902836f3
CARTOON_AMR_TRANSACTION cycle=1910 requested_refine=1 requested_derefine_leaves=35 accepted_derefine_parents=4 created_leaves=3 deleted_leaves=0 mirror_mismatches=0
AMR_HISTORY_RECORD event=7 time_hex=0x1.6527b69027697p+3 cycle=1910 leaves=80 max_level=6 checksum=c3c890605ee134e7
CARTOON_AMR_TRANSACTION cycle=1911 requested_refine=0 requested_derefine_leaves=38 accepted_derefine_parents=4 created_leaves=0 deleted_leaves=0 mirror_mismatches=0
CARTOON_AMR_TRANSACTION cycle=1912 requested_refine=0 requested_derefine_leaves=38 accepted_derefine_parents=4 created_leaves=0 deleted_leaves=0 mirror_mismatches=0
elapsed=1.320214e+01 cycle=1912 time=1.116481e+01 dt=1.856897e-03
CARTOON_AMR_TRANSACTION cycle=1913 requested_refine=0 requested_derefine_leaves=38 accepted_derefine_parents=4 created_leaves=0 deleted_leaves=0 mirror_mismatches=0
CARTOON_AMR_TRANSACTION cycle=1914 requested_refine=0 requested_derefine_leaves=38 accepted_derefine_parents=4 created_leaves=0 deleted_leaves=0 mirror_mismatches=0
CARTOON_AMR_TRANSACTION cycle=1915 requested_refine=0 requested_derefine_leaves=38 accepted_derefine_parents=4 created_leaves=0 deleted_leaves=0 mirror_mismatches=0
CARTOON_AMR_TRANSACTION cycle=1916 requested_refine=0 requested_derefine_leaves=38 accepted_derefine_parents=4 created_leaves=0 deleted_leaves=0 mirror_mismatches=0
elapsed=1.331033e+01 cycle=1916 time=1.117224e+01 dt=1.856143e-03
CARTOON_AMR_TRANSACTION cycle=1917 requested_refine=0 requested_derefine_leaves=38 accepted_derefine_parents=4 created_leaves=0 deleted_leaves=0 mirror_mismatches=0
CARTOON_AMR_TRANSACTION cycle=1918 requested_refine=0 requested_derefine_leaves=38 accepted_derefine_parents=4 created_leaves=0 deleted_leaves=0 mirror_mismatches=0
CARTOON_AMR_TRANSACTION cycle=1919 requested_refine=0 requested_derefine_leaves=38 accepted_derefine_parents=4 created_leaves=0 deleted_leaves=0 mirror_mismatches=0
CARTOON_AMR_TRANSACTION cycle=1920 requested_refine=0 requested_derefine_leaves=38 accepted_derefine_parents=4 created_leaves=0 deleted_leaves=0 mirror_mismatches=0
elapsed=1.341853e+01 cycle=1920 time=1.117966e+01 dt=1.855351e-03
CARTOON_AMR_TRANSACTION cycle=1921 requested_refine=0 requested_derefine_leaves=38 accepted_derefine_parents=4 created_leaves=0 deleted_leaves=0 mirror_mismatches=0
CARTOON_AMR_TRANSACTION cycle=1922 requested_refine=0 requested_derefine_leaves=38 accepted_derefine_parents=4 created_leaves=0 deleted_leaves=0 mirror_mismatches=0
CARTOON_AMR_TRANSACTION cycle=1923 requested_refine=0 requested_derefine_leaves=38 accepted_derefine_parents=4 created_leaves=0 deleted_leaves=0 mirror_mismatches=0
CARTOON_AMR_TRANSACTION cycle=1924 requested_refine=0 requested_derefine_leaves=38 accepted_derefine_parents=4 created_leaves=0 deleted_leaves=0 mirror_mismatches=0
elapsed=1.352662e+01 cycle=1924 time=1.118708e+01 dt=1.854584e-03
CARTOON_AMR_TRANSACTION cycle=1925 requested_refine=0 requested_derefine_leaves=38 accepted_derefine_parents=4 created_leaves=0 deleted_leaves=0 mirror_mismatches=0
CARTOON_AMR_TRANSACTION cycle=1926 requested_refine=0 requested_derefine_leaves=38 accepted_derefine_parents=4 created_leaves=0 deleted_leaves=0 mirror_mismatches=0
CARTOON_AMR_TRANSACTION cycle=1927 requested_refine=0 requested_derefine_leaves=38 accepted_derefine_parents=4 created_leaves=0 deleted_leaves=0 mirror_mismatches=0
CARTOON_AMR_TRANSACTION cycle=1928 requested_refine=0 requested_derefine_leaves=38 accepted_derefine_parents=4 created_leaves=0 deleted_leaves=0 mirror_mismatches=0
elapsed=1.363494e+01 cycle=1928 time=1.119450e+01 dt=1.853867e-03
CARTOON_AMR_TRANSACTION cycle=1929 requested_refine=0 requested_derefine_leaves=38 accepted_derefine_parents=4 created_leaves=0 deleted_leaves=0 mirror_mismatches=0
CARTOON_AMR_TRANSACTION cycle=1930 requested_refine=0 requested_derefine_leaves=38 accepted_derefine_parents=4 created_leaves=0 deleted_leaves=0 mirror_mismatches=0
CARTOON_AMR_TRANSACTION cycle=1931 requested_refine=0 requested_derefine_leaves=38 accepted_derefine_parents=4 created_leaves=0 deleted_leaves=0 mirror_mismatches=0
CARTOON_AMR_TRANSACTION cycle=1932 requested_refine=0 requested_derefine_leaves=38 accepted_derefine_parents=4 created_leaves=0 deleted_leaves=0 mirror_mismatches=0
elapsed=1.374318e+01 cycle=1932 time=1.120191e+01 dt=1.852394e-03
CARTOON_AMR_TRANSACTION cycle=1933 requested_refine=0 requested_derefine_leaves=38 accepted_derefine_parents=4 created_leaves=0 deleted_leaves=0 mirror_mismatches=0
CARTOON_AMR_TRANSACTION cycle=1934 requested_refine=0 requested_derefine_leaves=38 accepted_derefine_parents=4 created_leaves=0 deleted_leaves=0 mirror_mismatches=0
CARTOON_AMR_TRANSACTION cycle=1935 requested_refine=0 requested_derefine_leaves=38 accepted_derefine_parents=4 created_leaves=0 deleted_leaves=0 mirror_mismatches=0
CARTOON_AMR_TRANSACTION cycle=1936 requested_refine=0 requested_derefine_leaves=38 accepted_derefine_parents=4 created_leaves=0 deleted_leaves=0 mirror_mismatches=0
elapsed=1.385514e+01 cycle=1936 time=1.120932e+01 dt=1.850052e-03
CARTOON_AMR_TRANSACTION cycle=1937 requested_refine=0 requested_derefine_leaves=38 accepted_derefine_parents=4 created_leaves=0 deleted_leaves=0 mirror_mismatches=0
CARTOON_AMR_TRANSACTION cycle=1938 requested_refine=0 requested_derefine_leaves=38 accepted_derefine_parents=4 created_leaves=0 deleted_leaves=0 mirror_mismatches=0
CARTOON_AMR_TRANSACTION cycle=1939 requested_refine=0 requested_derefine_leaves=38 accepted_derefine_parents=4 created_leaves=0 deleted_leaves=0 mirror_mismatches=0
CARTOON_AMR_TRANSACTION cycle=1940 requested_refine=0 requested_derefine_leaves=38 accepted_derefine_parents=4 created_leaves=0 deleted_leaves=0 mirror_mismatches=0
elapsed=1.396359e+01 cycle=1940 time=1.121672e+01 dt=1.848531e-03
CARTOON_AMR_TRANSACTION cycle=1941 requested_refine=0 requested_derefine_leaves=38 accepted_derefine_parents=4 created_leaves=0 deleted_leaves=0 mirror_mismatches=0
CARTOON_AMR_TRANSACTION cycle=1942 requested_refine=0 requested_derefine_leaves=38 accepted_derefine_parents=4 created_leaves=0 deleted_leaves=0 mirror_mismatches=0
CARTOON_AMR_TRANSACTION cycle=1943 requested_refine=0 requested_derefine_leaves=38 accepted_derefine_parents=4 created_leaves=0 deleted_leaves=0 mirror_mismatches=0
CARTOON_AMR_TRANSACTION cycle=1944 requested_refine=0 requested_derefine_leaves=38 accepted_derefine_parents=4 created_leaves=0 deleted_leaves=0 mirror_mismatches=0
elapsed=1.407209e+01 cycle=1944 time=1.122411e+01 dt=1.848161e-03
CARTOON_AMR_TRANSACTION cycle=1945 requested_refine=0 requested_derefine_leaves=38 accepted_derefine_parents=4 created_leaves=0 deleted_leaves=0 mirror_mismatches=0
CARTOON_AMR_TRANSACTION cycle=1946 requested_refine=0 requested_derefine_leaves=38 accepted_derefine_parents=4 created_leaves=0 deleted_leaves=0 mirror_mismatches=0
CARTOON_AMR_TRANSACTION cycle=1947 requested_refine=0 requested_derefine_leaves=38 accepted_derefine_parents=4 created_leaves=0 deleted_leaves=0 mirror_mismatches=0
CARTOON_AMR_TRANSACTION cycle=1948 requested_refine=0 requested_derefine_leaves=38 accepted_derefine_parents=4 created_leaves=0 deleted_leaves=0 mirror_mismatches=0
elapsed=1.417999e+01 cycle=1948 time=1.123150e+01 dt=1.848025e-03
CARTOON_AMR_TRANSACTION cycle=1949 requested_refine=0 requested_derefine_leaves=38 accepted_derefine_parents=4 created_leaves=0 deleted_leaves=0 mirror_mismatches=0
CARTOON_AMR_TRANSACTION cycle=1950 requested_refine=0 requested_derefine_leaves=38 accepted_derefine_parents=4 created_leaves=0 deleted_leaves=0 mirror_mismatches=0
CARTOON_AMR_TRANSACTION cycle=1951 requested_refine=0 requested_derefine_leaves=38 accepted_derefine_parents=4 created_leaves=0 deleted_leaves=0 mirror_mismatches=0
CARTOON_AMR_TRANSACTION cycle=1952 requested_refine=0 requested_derefine_leaves=38 accepted_derefine_parents=4 created_leaves=0 deleted_leaves=0 mirror_mismatches=0
elapsed=1.428820e+01 cycle=1952 time=1.123889e+01 dt=1.847789e-03
CARTOON_AMR_TRANSACTION cycle=1953 requested_refine=0 requested_derefine_leaves=38 accepted_derefine_parents=4 created_leaves=0 deleted_leaves=0 mirror_mismatches=0
CARTOON_AMR_TRANSACTION cycle=1954 requested_refine=0 requested_derefine_leaves=38 accepted_derefine_parents=4 created_leaves=0 deleted_leaves=0 mirror_mismatches=0
CARTOON_AMR_TRANSACTION cycle=1955 requested_refine=0 requested_derefine_leaves=38 accepted_derefine_parents=4 created_leaves=0 deleted_leaves=0 mirror_mismatches=0
CARTOON_AMR_TRANSACTION cycle=1956 requested_refine=0 requested_derefine_leaves=38 accepted_derefine_parents=4 created_leaves=0 deleted_leaves=0 mirror_mismatches=0
elapsed=1.439647e+01 cycle=1956 time=1.124629e+01 dt=1.847011e-03
CARTOON_AMR_TRANSACTION cycle=1957 requested_refine=0 requested_derefine_leaves=38 accepted_derefine_parents=4 created_leaves=0 deleted_leaves=0 mirror_mismatches=0
CARTOON_AMR_TRANSACTION cycle=1958 requested_refine=0 requested_derefine_leaves=38 accepted_derefine_parents=4 created_leaves=0 deleted_leaves=0 mirror_mismatches=0
CARTOON_AMR_TRANSACTION cycle=1959 requested_refine=0 requested_derefine_leaves=38 accepted_derefine_parents=4 created_leaves=0 deleted_leaves=0 mirror_mismatches=0
CARTOON_AMR_TRANSACTION cycle=1960 requested_refine=0 requested_derefine_leaves=38 accepted_derefine_parents=4 created_leaves=0 deleted_leaves=0 mirror_mismatches=0
elapsed=1.471959e+01 cycle=1960 time=1.125367e+01 dt=1.843096e-03
CARTOON_AMR_TRANSACTION cycle=1961 requested_refine=0 requested_derefine_leaves=38 accepted_derefine_parents=4 created_leaves=0 deleted_leaves=0 mirror_mismatches=0
CARTOON_AMR_TRANSACTION cycle=1962 requested_refine=0 requested_derefine_leaves=38 accepted_derefine_parents=4 created_leaves=0 deleted_leaves=0 mirror_mismatches=0
CARTOON_AMR_TRANSACTION cycle=1963 requested_refine=0 requested_derefine_leaves=38 accepted_derefine_parents=4 created_leaves=0 deleted_leaves=0 mirror_mismatches=0
CARTOON_AMR_TRANSACTION cycle=1964 requested_refine=0 requested_derefine_leaves=38 accepted_derefine_parents=4 created_leaves=0 deleted_leaves=0 mirror_mismatches=0
elapsed=1.482780e+01 cycle=1964 time=1.126103e+01 dt=1.838904e-03
CARTOON_AMR_TRANSACTION cycle=1965 requested_refine=0 requested_derefine_leaves=38 accepted_derefine_parents=4 created_leaves=0 deleted_leaves=0 mirror_mismatches=0
CARTOON_AMR_TRANSACTION cycle=1966 requested_refine=0 requested_derefine_leaves=38 accepted_derefine_parents=4 created_leaves=0 deleted_leaves=0 mirror_mismatches=0
CARTOON_AMR_TRANSACTION cycle=1967 requested_refine=0 requested_derefine_leaves=38 accepted_derefine_parents=4 created_leaves=0 deleted_leaves=0 mirror_mismatches=0
CARTOON_AMR_TRANSACTION cycle=1968 requested_refine=0 requested_derefine_leaves=38 accepted_derefine_parents=4 created_leaves=0 deleted_leaves=0 mirror_mismatches=0
elapsed=1.493635e+01 cycle=1968 time=1.126838e+01 dt=1.834858e-03
CARTOON_AMR_TRANSACTION cycle=1969 requested_refine=0 requested_derefine_leaves=38 accepted_derefine_parents=4 created_leaves=0 deleted_leaves=0 mirror_mismatches=0
CARTOON_AMR_TRANSACTION cycle=1970 requested_refine=0 requested_derefine_leaves=38 accepted_derefine_parents=4 created_leaves=0 deleted_leaves=0 mirror_mismatches=0
CARTOON_AMR_TRANSACTION cycle=1971 requested_refine=0 requested_derefine_leaves=38 accepted_derefine_parents=4 created_leaves=0 deleted_leaves=0 mirror_mismatches=0
CARTOON_AMR_TRANSACTION cycle=1972 requested_refine=0 requested_derefine_leaves=38 accepted_derefine_parents=4 created_leaves=0 deleted_leaves=0 mirror_mismatches=0
elapsed=1.504422e+01 cycle=1972 time=1.127572e+01 dt=1.831171e-03
CARTOON_AMR_TRANSACTION cycle=1973 requested_refine=0 requested_derefine_leaves=38 accepted_derefine_parents=4 created_leaves=0 deleted_leaves=0 mirror_mismatches=0
CARTOON_AMR_TRANSACTION cycle=1974 requested_refine=0 requested_derefine_leaves=38 accepted_derefine_parents=4 created_leaves=0 deleted_leaves=0 mirror_mismatches=0
CARTOON_AMR_TRANSACTION cycle=1975 requested_refine=0 requested_derefine_leaves=38 accepted_derefine_parents=4 created_leaves=0 deleted_leaves=0 mirror_mismatches=0
CARTOON_AMR_TRANSACTION cycle=1976 requested_refine=0 requested_derefine_leaves=38 accepted_derefine_parents=4 created_leaves=0 deleted_leaves=0 mirror_mismatches=0
elapsed=1.515171e+01 cycle=1976 time=1.128304e+01 dt=1.827778e-03
CARTOON_AMR_TRANSACTION cycle=1977 requested_refine=0 requested_derefine_leaves=38 accepted_derefine_parents=4 created_leaves=0 deleted_leaves=0 mirror_mismatches=0
CARTOON_AMR_TRANSACTION cycle=1978 requested_refine=0 requested_derefine_leaves=38 accepted_derefine_parents=4 created_leaves=0 deleted_leaves=0 mirror_mismatches=0
CARTOON_AMR_TRANSACTION cycle=1979 requested_refine=0 requested_derefine_leaves=38 accepted_derefine_parents=4 created_leaves=0 deleted_leaves=0 mirror_mismatches=0
CARTOON_AMR_TRANSACTION cycle=1980 requested_refine=0 requested_derefine_leaves=38 accepted_derefine_parents=4 created_leaves=0 deleted_leaves=0 mirror_mismatches=0
elapsed=1.525918e+01 cycle=1980 time=1.129034e+01 dt=1.824576e-03
CARTOON_AMR_TRANSACTION cycle=1981 requested_refine=0 requested_derefine_leaves=38 accepted_derefine_parents=4 created_leaves=0 deleted_leaves=0 mirror_mismatches=0
CARTOON_AMR_TRANSACTION cycle=1982 requested_refine=0 requested_derefine_leaves=38 accepted_derefine_parents=4 created_leaves=0 deleted_leaves=0 mirror_mismatches=0
CARTOON_AMR_TRANSACTION cycle=1983 requested_refine=0 requested_derefine_leaves=38 accepted_derefine_parents=4 created_leaves=0 deleted_leaves=0 mirror_mismatches=0
CARTOON_AMR_TRANSACTION cycle=1984 requested_refine=2 requested_derefine_leaves=38 accepted_derefine_parents=4 created_leaves=6 deleted_leaves=0 mirror_mismatches=0
AMR_HISTORY_RECORD event=8 time_hex=0x1.69863db730176p+3 cycle=1984 leaves=86 max_level=7 checksum=d9a6c5a930bb695e
elapsed=1.538081e+01 cycle=1984 time=1.129764e+01 dt=9.078248e-04
CARTOON_AMR_TRANSACTION cycle=1985 requested_refine=0 requested_derefine_leaves=44 accepted_derefine_parents=4 created_leaves=0 deleted_leaves=0 mirror_mismatches=0
CARTOON_AMR_TRANSACTION cycle=1986 requested_refine=0 requested_derefine_leaves=44 accepted_derefine_parents=4 created_leaves=0 deleted_leaves=0 mirror_mismatches=0
CARTOON_AMR_TRANSACTION cycle=1987 requested_refine=0 requested_derefine_leaves=44 accepted_derefine_parents=4 created_leaves=0 deleted_leaves=0 mirror_mismatches=0
output wall time = 1.641564e+00

Terminating on time limit
time=1.130000e+01 cycle=1987
tlim=1.130000e+01 nlim=-1 nmb_total_limit=-1

Current number of MeshBlocks = 86
42 MeshBlocks created, 0 deleted by AMR
0 communicated for load balancing, load balancing efficiency = 0.000000e+00

MeshBlock-cycles = 27067
cpu time used  = 1.549276e+01
zone-cycles/cpu_second = 1.789004e+06
particle-updates/cpu_second = 0.000000e+00
