
Root grid = 3 x 3 x 3 MeshBlocks
Total number of MeshBlocks = 384
Number of logical  levels of refinement = 6 (7 levels total)
Number of physical levels of refinement = 4 (5 levels total)
  Physical level = 1 (logical level = 3): 208 MeshBlocks, cost = 208
  Physical level = 2 (logical level = 4): 56 MeshBlocks, cost = 56
  Physical level = 3 (logical level = 5): 56 MeshBlocks, cost = 56
  Physical level = 4 (logical level = 6): 64 MeshBlocks, cost = 64
Number of parallel ranks = 1
AssembleZ4cTasks

Setup complete, executing task list(s)...

elapsed=1.676715e+00 cycle=49 time=2.500000e-01 dt=5.208333e-03
elapsed=3.601021e+00 cycle=50 time=2.552083e-01 dt=5.208333e-03
elapsed=5.531684e+00 cycle=51 time=2.604167e-01 dt=5.208333e-03
elapsed=7.361668e+00 cycle=52 time=2.656250e-01 dt=5.208333e-03
elapsed=9.344871e+00 cycle=53 time=2.708333e-01 dt=5.208333e-03
elapsed=1.117943e+01 cycle=54 time=2.760417e-01 dt=5.208333e-03
elapsed=1.299481e+01 cycle=55 time=2.812500e-01 dt=5.208333e-03
elapsed=1.481082e+01 cycle=56 time=2.864583e-01 dt=5.208333e-03
elapsed=1.683006e+01 cycle=57 time=2.916667e-01 dt=5.208333e-03
elapsed=1.871271e+01 cycle=58 time=2.968750e-01 dt=5.208333e-03
elapsed=2.072436e+01 cycle=59 time=3.020833e-01 dt=5.208333e-03
elapsed=2.269023e+01 cycle=60 time=3.072917e-01 dt=5.208333e-03
elapsed=2.447525e+01 cycle=61 time=3.125000e-01 dt=5.208333e-03
elapsed=2.627846e+01 cycle=62 time=3.177083e-01 dt=5.208333e-03
elapsed=2.812902e+01 cycle=63 time=3.229167e-01 dt=5.208333e-03
elapsed=2.985440e+01 cycle=64 time=3.281250e-01 dt=5.208333e-03
elapsed=3.176608e+01 cycle=65 time=3.333333e-01 dt=5.208333e-03
elapsed=3.366461e+01 cycle=66 time=3.385417e-01 dt=5.208333e-03
elapsed=3.552705e+01 cycle=67 time=3.437500e-01 dt=5.208333e-03
elapsed=3.738341e+01 cycle=68 time=3.489583e-01 dt=5.208333e-03
elapsed=3.933149e+01 cycle=69 time=3.541667e-01 dt=5.208333e-03
elapsed=4.113331e+01 cycle=70 time=3.593750e-01 dt=5.208333e-03
elapsed=4.292299e+01 cycle=71 time=3.645833e-01 dt=5.208333e-03
elapsed=4.478194e+01 cycle=72 time=3.697917e-01 dt=5.208333e-03
elapsed=4.652457e+01 cycle=73 time=3.750000e-01 dt=5.208333e-03
elapsed=4.837128e+01 cycle=74 time=3.802083e-01 dt=5.208333e-03
elapsed=5.014179e+01 cycle=75 time=3.854167e-01 dt=5.208333e-03
elapsed=5.203294e+01 cycle=76 time=3.906250e-01 dt=5.208333e-03
elapsed=5.390734e+01 cycle=77 time=3.958333e-01 dt=5.208333e-03
elapsed=5.577686e+01 cycle=78 time=4.010417e-01 dt=5.208333e-03
elapsed=5.770666e+01 cycle=79 time=4.062500e-01 dt=5.208333e-03
elapsed=5.948123e+01 cycle=80 time=4.114583e-01 dt=5.208333e-03
elapsed=6.123321e+01 cycle=81 time=4.166667e-01 dt=5.208333e-03
elapsed=6.306858e+01 cycle=82 time=4.218750e-01 dt=5.208333e-03
elapsed=6.489013e+01 cycle=83 time=4.270833e-01 dt=5.208333e-03
elapsed=6.676569e+01 cycle=84 time=4.322917e-01 dt=5.208333e-03
elapsed=6.863828e+01 cycle=85 time=4.375000e-01 dt=5.208333e-03
elapsed=7.057372e+01 cycle=86 time=4.427083e-01 dt=5.208333e-03
elapsed=7.244253e+01 cycle=87 time=4.479167e-01 dt=5.208333e-03
elapsed=7.414534e+01 cycle=88 time=4.531250e-01 dt=5.208333e-03
elapsed=7.595521e+01 cycle=89 time=4.583333e-01 dt=5.208333e-03
elapsed=7.776214e+01 cycle=90 time=4.635417e-01 dt=5.208333e-03
elapsed=7.959559e+01 cycle=91 time=4.687500e-01 dt=5.208333e-03
elapsed=8.150141e+01 cycle=92 time=4.739583e-01 dt=5.208333e-03
elapsed=8.340368e+01 cycle=93 time=4.791667e-01 dt=5.208333e-03
elapsed=8.533737e+01 cycle=94 time=4.843750e-01 dt=5.208333e-03
elapsed=8.714690e+01 cycle=95 time=4.895833e-01 dt=5.208333e-03
elapsed=8.904488e+01 cycle=96 time=4.947917e-01 dt=5.208333e-03
elapsed=9.083652e+01 cycle=97 time=5.000000e-01 dt=8.881784e-16
elapsed=9.307262e+01 cycle=98 time=5.000000e-01 dt=1.776357e-15

Terminating on time limit
time=5.000000e-01 cycle=98
tlim=5.000000e-01 nlim=-1

MeshBlock-cycles = 18816
cpu time used  = 9.139593e+01
zone-cycles/cpu_second = 1.054072e+05
particle-updates/cpu_second = 0.000000e+00
