{
  "cases": {
    "n96": {
      "accumulated_characteristic_distance": 1.5280075893341316,
      "all_required_values_finite": true,
      "bad_state_clear": true,
      "directories": [
        "/lus/flare/projects/CompactBinaryMerger/hzhu/refgh_relative_damped_single_hole_20260830_pvc_v2/wormhole_outer24_t4_8792643.aurora-pbs-0001.hostmgmt.cm.aurora.alcf.anl.gov/run"
      ],
      "exact_zero_exponent_controls": true,
      "final_max_locations": {
        "diagnostics": {
          "Delta": {
            "coordinate": [
              -0.15625,
              0.03125,
              -0.09375
            ],
            "gid": 96,
            "level": 5,
            "maximum": 2633.890321367013,
            "radius": 0.184877493221863,
            "rank": 32
          },
          "GH_constraint": {
            "coordinate": [
              -0.15625,
              -0.03125,
              0.09375
            ],
            "gid": 122,
            "level": 5,
            "maximum": 5.610578145891635,
            "radius": 0.184877493221863,
            "rank": 40
          },
          "Hhat_RHS_Linf": {
            "coordinate": [
              -23.875,
              -23.875,
              -23.875
            ],
            "gid": 0,
            "level": 3,
            "maximum": 0.0,
            "radius": 41.352713030706944,
            "rank": 0
          },
          "Phi": {
            "coordinate": [
              -0.15625,
              0.03125,
              0.15625
            ],
            "gid": 148,
            "level": 5,
            "maximum": 22.61127867324386,
            "radius": 0.22316963839196408,
            "rank": 49
          },
          "Phi_RHS_Linf": {
            "coordinate": [
              -0.21875,
              0.03125,
              -0.09375
            ],
            "gid": 96,
            "level": 5,
            "maximum": 533.9085635803832,
            "radius": 0.240035804620894,
            "rank": 32
          },
          "Pi": {
            "coordinate": [
              -0.15625,
              0.03125,
              -0.09375
            ],
            "gid": 96,
            "level": 5,
            "maximum": 1305.4892351011483,
            "radius": 0.184877493221863,
            "rank": 32
          },
          "Pi_RHS_Linf": {
            "coordinate": [
              0.21875,
              -0.03125,
              0.03125
            ],
            "gid": 135,
            "level": 5,
            "maximum": 343.8221757405854,
            "radius": 0.22316963839196408,
            "rank": 45
          },
          "Psi": {
            "coordinate": [
              -0.15625,
              0.03125,
              -0.09375
            ],
            "gid": 96,
            "level": 5,
            "maximum": 16.39868534929098,
            "radius": 0.184877493221863,
            "rank": 32
          },
          "Psi_RHS_Linf": {
            "coordinate": [
              0.21875,
              -0.03125,
              -0.03125
            ],
            "gid": 83,
            "level": 5,
            "maximum": 17.235099395987593,
            "radius": 0.22316963839196408,
            "rank": 27
          },
          "Q": {
            "coordinate": [
              -0.15625,
              0.03125,
              -0.09375
            ],
            "gid": 96,
            "level": 5,
            "maximum": 5263.169355664409,
            "radius": 0.184877493221863,
            "rank": 32
          },
          "Upsilon_RHS_Linf": {
            "coordinate": [
              -23.875,
              -23.875,
              -23.875
            ],
            "gid": 0,
            "level": 3,
            "maximum": 0.0,
            "radius": 41.352713030706944,
            "rank": 0
          },
          "chi_beta": {
            "coordinate": [
              -0.15625,
              -0.03125,
              -0.03125
            ],
            "gid": 70,
            "level": 5,
            "maximum": 1.8560872570612668,
            "radius": 0.16237976320958225,
            "rank": 23
          },
          "chi_beta_annulus_0p5_1": {
            "coordinate": [
              -0.40625,
              -0.09375,
              -0.28125
            ],
            "gid": 70,
            "level": 5,
            "maximum": 0.6335020420900309,
            "radius": 0.5029211543572213,
            "rank": 23
          },
          "chi_beta_annulus_1_1p5": {
            "coordinate": [
              -0.46875,
              -0.65625,
              -0.59375
            ],
            "gid": 70,
            "level": 5,
            "maximum": 0.25109333959142593,
            "radius": 1.0014637724351292,
            "rank": 23
          },
          "chi_beta_annulus_1p5_2": {
            "coordinate": [
              -0.90625,
              -0.78125,
              -0.90625
            ],
            "gid": 70,
            "level": 5,
            "maximum": 0.14022182724987542,
            "radius": 1.5009762448153534,
            "rank": 23
          },
          "chi_beta_first_ge_1": {
            "coordinate": [
              -0.03125,
              -0.09375,
              -0.09375
            ],
            "gid": 70,
            "level": 5,
            "maximum": 1.0,
            "radius": 0.13621559198564606,
            "rank": 23
          },
          "chi_beta_inner_r_lt_0p5": {
            "coordinate": [
              -0.15625,
              -0.03125,
              -0.03125
            ],
            "gid": 70,
            "level": 5,
            "maximum": 1.8560872570612668,
            "radius": 0.16237976320958225,
            "rank": 23
          },
          "chi_beta_near_r_lt_1": {
            "coordinate": [
              -0.15625,
              -0.03125,
              -0.03125
            ],
            "gid": 70,
            "level": 5,
            "maximum": 1.8560872570612668,
            "radius": 0.16237976320958225,
            "rank": 23
          },
          "chi_beta_outer_r_ge_2": {
            "coordinate": [
              0.84375,
              1.21875,
              -1.34375
            ],
            "gid": 109,
            "level": 5,
            "maximum": 0.09060004797329052,
            "radius": 2.0007322878136393,
            "rank": 36
          },
          "curl_constraint": {
            "coordinate": [
              0.03125,
              0.03125,
              0.21875
            ],
            "gid": 161,
            "level": 5,
            "maximum": 13.65209487365136,
            "radius": 0.22316963839196408,
            "rank": 53
          },
          "reduction_constraint": {
            "coordinate": [
              0.03125,
              0.03125,
              -0.21875
            ],
            "gid": 109,
            "level": 5,
            "maximum": 0.16516290420384977,
            "radius": 0.22316963839196408,
            "rank": 36
          },
          "reference_Ricci": {
            "coordinate": [
              -0.03125,
              -0.09375,
              -0.09375
            ],
            "gid": 70,
            "level": 5,
            "maximum": 2598.1712724401946,
            "radius": 0.13621559198564606,
            "rank": 23
          },
          "reference_Riemann": {
            "coordinate": [
              -0.03125,
              -0.09375,
              -0.09375
            ],
            "gid": 70,
            "level": 5,
            "maximum": 2810.2046757819267,
            "radius": 0.13621559198564606,
            "rank": 23
          },
          "source_DeltaDelta": {
            "coordinate": [
              -0.15625,
              -0.03125,
              0.09375
            ],
            "gid": 122,
            "level": 5,
            "maximum": 69032.82185371443,
            "radius": 0.184877493221863,
            "rank": 40
          },
          "source_QQ": {
            "coordinate": [
              -0.15625,
              -0.03125,
              0.09375
            ],
            "gid": 122,
            "level": 5,
            "maximum": 223805.13418884992,
            "radius": 0.184877493221863,
            "rank": 40
          },
          "source_curvature": {
            "coordinate": [
              -0.15625,
              0.03125,
              -0.09375
            ],
            "gid": 96,
            "level": 5,
            "maximum": 9819.070254750419,
            "radius": 0.184877493221863,
            "rank": 32
          },
          "source_damping": {
            "coordinate": [
              -23.875,
              -23.875,
              -23.875
            ],
            "gid": 0,
            "level": 3,
            "maximum": 0.0,
            "radius": 41.352713030706944,
            "rank": 0
          },
          "source_frame_correction": {
            "coordinate": [
              0.09375,
              0.09375,
              -0.09375
            ],
            "gid": 109,
            "level": 5,
            "maximum": 2670.8550995865835,
            "radius": 0.16237976320958225,
            "rank": 36
          },
          "spin_connection": {
            "coordinate": [
              -0.03125,
              -0.03125,
              -0.15625
            ],
            "gid": 70,
            "level": 5,
            "maximum": 23.651196675942234,
            "radius": 0.16237976320958225,
            "rank": 23
          },
          "spin_derivative": {
            "coordinate": [
              -0.03125,
              -0.09375,
              -0.09375
            ],
            "gid": 70,
            "level": 5,
            "maximum": 2223.8988784410944,
            "radius": 0.13621559198564606,
            "rank": 23
          },
          "theta_RHS_Linf": {
            "coordinate": [
              -23.875,
              -23.875,
              -23.875
            ],
            "gid": 0,
            "level": 3,
            "maximum": 0.0,
            "radius": 41.352713030706944,
            "rank": 0
          }
        },
        "time": 1.6031805537869772
      },
      "final_record": {
        "Delta_Linf": 2633.890321367013,
        "GH_RMS": 0.028408566701903747,
        "GH_near_RMS": 0.5594758791679061,
        "Phi_RMS": 0.17546057190384032,
        "Pi_RMS": 0.6686620881001328,
        "Psi_error_RMS": 0.041705723468834034,
        "Q_Linf": 5263.169355664409,
        "bad_state": 0.0,
        "characteristic_speed_max": 0.9532235870421155,
        "common_constraints": {
          "interface_16": {
            "H_L1": 2.691205216647791e-11,
            "H_Linf": 3.305155803480106e-10,
            "H_RMS": 4.183474023665234e-11,
            "M_L1": 1.3075234488294825e-12,
            "M_Linf": 1.787295362541211e-11,
            "M_RMS": 2.4256636722829884e-12,
            "volume": 28598.18784344627
          },
          "interface_2": {
            "H_L1": 1.847470498401156e-07,
            "H_Linf": 3.590116788526913e-06,
            "H_RMS": 3.655537881855037e-07,
            "M_L1": 5.01990240118087e-08,
            "M_Linf": 1.963057687303334e-07,
            "M_RMS": 6.060623449259632e-08,
            "volume": 143.8594222078825
          },
          "interface_32": {
            "H_L1": null,
            "H_Linf": 0.0,
            "H_RMS": null,
            "M_L1": null,
            "M_Linf": 0.0,
            "M_RMS": null,
            "volume": 0.0
          },
          "interface_4": {
            "H_L1": 1.4440838088093222e-07,
            "H_Linf": 1.565170248725405e-06,
            "H_RMS": 3.038644104242633e-07,
            "M_L1": 2.7725874882167996e-09,
            "M_Linf": 1.40710507425123e-08,
            "M_RMS": 3.8843695105566086e-09,
            "volume": 680.94076846542
          },
          "interface_64": {
            "H_L1": null,
            "H_Linf": 0.0,
            "H_RMS": null,
            "M_L1": null,
            "M_Linf": 0.0,
            "M_RMS": null,
            "volume": 0.0
          },
          "interface_8": {
            "H_L1": 2.559380177423606e-09,
            "H_Linf": 3.137815489877701e-08,
            "H_RMS": 3.91329284799052e-09,
            "M_L1": 2.1447131628531488e-10,
            "M_Linf": 2.183699659225226e-09,
            "M_RMS": 3.2738222054235247e-10,
            "volume": 4125.483764970288
          },
          "r_2_4": {
            "H_L1": 1.2943067504361704e-07,
            "H_Linf": 1.670922304788697e-06,
            "H_RMS": 2.2522561752371417e-07,
            "M_L1": 2.5749167774786306e-08,
            "M_Linf": 3.797527658637857e-07,
            "M_RMS": 4.957645331066433e-08,
            "volume": 581.6180693759718
          },
          "r_4_8": {
            "H_L1": 3.140014877510458e-08,
            "H_Linf": 1.565170248725405e-06,
            "H_RMS": 1.3000945775806344e-07,
            "M_L1": 1.0935504300009366e-09,
            "M_Linf": 1.40710507425123e-08,
            "M_RMS": 1.9759477410963128e-09,
            "volume": 2996.488164417151
          },
          "r_ge_8": {
            "H_L1": 3.578536156864849e-05,
            "H_Linf": 0.001603574084683496,
            "H_RMS": 0.00013681424746831182,
            "M_L1": 2.8618592838685233e-06,
            "M_Linf": 9.263282514297489e-05,
            "M_RMS": 1.0252926199407852e-05,
            "volume": 124735.8205883866
          },
          "r_lt_1": {
            "H_L1": 0.06087546862588161,
            "H_Linf": 0.5252837991424344,
            "H_RMS": 0.13758548675659701,
            "M_L1": 0.05868944908485307,
            "M_Linf": 0.6037965742346925,
            "M_RMS": 0.13085140814219962,
            "volume": 169.1430457533857
          },
          "r_lt_2": {
            "H_L1": 0.03104557663392867,
            "H_Linf": 0.5252837991424344,
            "H_RMS": 0.09825038563247732,
            "M_L1": 0.029929474427396418,
            "M_Linf": 0.6037965742346925,
            "M_RMS": 0.09344155107910516,
            "volume": 331.6888483956085
          },
          "whole": {
            "H_L1": 0.00011474434860645398,
            "H_Linf": 0.5252837991424344,
            "H_RMS": 0.0049906888360791955,
            "M_L1": 7.994261966469198e-05,
            "M_Linf": 0.6037965742346925,
            "M_RMS": 0.004744702234787791,
            "volume": 128645.6156705753
          }
        },
        "constraint_veto": 0.0,
        "coordinate_condition_max": 10953.75830481737,
        "curl_RMS": 0.12394585139522817,
        "curl_near_RMS": 2.4409790646833316,
        "delta_p": 0.0,
        "delta_q": 0.0,
        "detg_min": 1.155141993252846,
        "dt": 0.004116704209352186,
        "e_G": -0.2838949839581678,
        "e_alpha": -1.152830686844721,
        "effective_CFL": 0.0500014658657911,
        "fit_cells": 1032.0,
        "physical_lapse_max": 0.9762045097620833,
        "physical_lapse_min": 0.009471418849306712,
        "reduction_RMS": 0.0013891236112356026,
        "reduction_near_RMS": 0.027357282180389027,
        "regular_max": 1305.41807445385,
        "relative_D_Linf": 0.1882016282861092,
        "relative_Psi_max": 16.19414611860256,
        "relative_WD_Linf": 0.02083735795225159,
        "relative_inverse_Psi_max": 1.043349743180155,
        "relative_lapse_max": 4.029511353071908,
        "relative_lapse_min": 0.9790053007390197,
        "relative_metric_condition_max": 1.276260433725967,
        "relative_source_Linf": 0.5621941942127202,
        "relative_v2_max": 0.04281562593283551,
        "shell_valid": true,
        "target_time": 1.6,
        "time": 1.603180553786977,
        "transition_amplitude": 0.3188149074558135,
        "xi": 0.4007951384467443,
        "xi_dot": 0.25
      },
      "final_time": 1.603180553786977,
      "history_rows": 33,
      "initial_record": {
        "Delta_Linf": 0.0,
        "GH_RMS": 0.0,
        "GH_near_RMS": 0.0,
        "Phi_RMS": 0.0,
        "Pi_RMS": 0.0,
        "Psi_error_RMS": 0.0,
        "Q_Linf": 0.0,
        "bad_state": 0.0,
        "characteristic_speed_max": 0.9530629084724508,
        "common_constraints": {
          "interface_16": {
            "H_L1": 2.7063566000882125e-11,
            "H_Linf": 4.513936112866005e-10,
            "H_RMS": 4.623346691281022e-11,
            "M_L1": 0.0,
            "M_Linf": 0.0,
            "M_RMS": 0.0,
            "volume": 28598.07133842956
          },
          "interface_2": {
            "H_L1": 1.259729410941713e-07,
            "H_Linf": 1.398583585227041e-06,
            "H_RMS": 1.9802695643379422e-07,
            "M_L1": 0.0,
            "M_Linf": 0.0,
            "M_RMS": 0.0,
            "volume": 143.3954159144217
          },
          "interface_32": {
            "H_L1": null,
            "H_Linf": 0.0,
            "H_RMS": null,
            "M_L1": null,
            "M_Linf": 0.0,
            "M_RMS": null,
            "volume": 0.0
          },
          "interface_4": {
            "H_L1": 9.167732130570932e-09,
            "H_Linf": 1.515083710525015e-07,
            "H_RMS": 1.8130214364379396e-08,
            "M_L1": 0.0,
            "M_Linf": 0.0,
            "M_RMS": 0.0,
            "volume": 680.5847052165267
          },
          "interface_64": {
            "H_L1": null,
            "H_Linf": 0.0,
            "H_RMS": null,
            "M_L1": null,
            "M_Linf": 0.0,
            "M_RMS": null,
            "volume": 0.0
          },
          "interface_8": {
            "H_L1": 1.2912938194117822e-09,
            "H_Linf": 2.167104614374492e-08,
            "H_RMS": 2.5047124643506473e-09,
            "M_L1": 0.0,
            "M_Linf": 0.0,
            "M_RMS": 0.0,
            "volume": 4125.26985352218
          },
          "r_2_4": {
            "H_L1": 5.873554464842299e-08,
            "H_Linf": 1.128293945524344e-06,
            "H_RMS": 1.2137865413485816e-07,
            "M_L1": 0.0,
            "M_Linf": 0.0,
            "M_RMS": 0.0,
            "volume": 580.3840174999788
          },
          "r_4_8": {
            "H_L1": 4.5141619266129565e-09,
            "H_Linf": 1.515083710525015e-07,
            "H_RMS": 1.0103829247970582e-08,
            "M_L1": 0.0,
            "M_Linf": 0.0,
            "M_RMS": 0.0,
            "volume": 2995.603215781814
          },
          "r_ge_8": {
            "H_L1": 1.0440668607675515e-10,
            "H_Linf": 2.167104614374492e-08,
            "H_RMS": 5.312802472484646e-10,
            "M_L1": 0.0,
            "M_Linf": 0.0,
            "M_RMS": 0.0,
            "volume": 124735.0578928726
          },
          "r_lt_1": {
            "H_L1": 0.02972810956347004,
            "H_Linf": 0.3492346054702103,
            "H_RMS": 0.07956237303491995,
            "M_L1": 0.0,
            "M_Linf": 0.0,
            "M_RMS": 0.0,
            "volume": 171.6362196695989
          },
          "r_lt_2": {
            "H_L1": 0.015321204854315441,
            "H_Linf": 0.3492346054702103,
            "H_RMS": 0.05711404677652921,
            "M_L1": 0.0,
            "M_Linf": 0.0,
            "M_RMS": 0.0,
            "volume": 333.0723145480197
          },
          "whole": {
            "H_L1": 3.966858259046971e-05,
            "H_Linf": 0.3492346054702103,
            "H_RMS": 0.0029061446999566315,
            "M_L1": 0.0,
            "M_Linf": 0.0,
            "M_RMS": 0.0,
            "volume": 128644.1174407024
          }
        },
        "constraint_veto": 0.0,
        "coordinate_condition_max": 10984.83046514018,
        "curl_RMS": 0.0,
        "curl_near_RMS": 0.0,
        "delta_p": 0.0,
        "delta_q": 0.0,
        "detg_min": 1.155141791396577,
        "dt": 0.00413831104610264,
        "e_G": 0.0,
        "e_alpha": 0.0,
        "effective_CFL": 0.05,
        "fit_cells": 1032.0,
        "physical_lapse_max": 0.9762494089485795,
        "physical_lapse_min": 0.009541207056404379,
        "reduction_RMS": 0.0,
        "reduction_near_RMS": 0.0,
        "regular_max": 1.0,
        "relative_D_Linf": 0.0,
        "relative_Psi_max": 1.0,
        "relative_WD_Linf": 0.0,
        "relative_inverse_Psi_max": 1.0,
        "relative_lapse_max": 1.0,
        "relative_lapse_min": 1.0,
        "relative_metric_condition_max": 1.0,
        "relative_source_Linf": 0.0,
        "relative_v2_max": 0.0,
        "shell_valid": true,
        "target_time": 0.0,
        "time": 0.0,
        "transition_amplitude": 0.0,
        "xi": 0.0,
        "xi_dot": 0.0
      },
      "initial_time": 0.0,
      "label": "n96",
      "late_time_fits": {
        "GH_RMS": {
          "e_folding_time": 0.17362768765129602,
          "minimum_time": 1.0,
          "r_squared": 0.9677604987137443,
          "samples": 13,
          "slope": 5.7594500826869455
        },
        "Psi_error_RMS": {
          "e_folding_time": 0.33717831158202316,
          "minimum_time": 1.0,
          "r_squared": 0.996838556603226,
          "samples": 13,
          "slope": 2.9657898080930885
        },
        "curl_RMS": {
          "e_folding_time": 0.1486942023495798,
          "minimum_time": 1.0,
          "r_squared": 0.965851674780019,
          "samples": 13,
          "slope": 6.725211771532301
        },
        "reduction_RMS": {
          "e_folding_time": 0.14603563282930332,
          "minimum_time": 1.0,
          "r_squared": 0.9957790463779616,
          "samples": 13,
          "slope": 6.847643829289733
        },
        "relative_D_Linf": {
          "e_folding_time": 0.22848973242903106,
          "minimum_time": 1.0,
          "r_squared": 0.9585084424068501,
          "samples": 13,
          "slope": 4.376564274329483
        },
        "relative_source_Linf": {
          "e_folding_time": 0.34893120822945517,
          "minimum_time": 1.0,
          "r_squared": 0.9896166545078475,
          "samples": 13,
          "slope": 2.865894412466556
        }
      },
      "maximum_characteristic_speed": 0.9532235870421155,
      "minimum_dt": 0.004116704209352186,
      "old_fast_mode_fit": {
        "e_folding_time": 0.15973694552921658,
        "minimum_time": 0.2,
        "r_squared": 0.9778649139044691,
        "samples": 29,
        "slope": 6.2602924870445555
      },
      "old_fast_mode_recurrence": false,
      "outer_coordinate_distance": 24.0,
      "records": [
        {
          "Delta_Linf": 0.0,
          "GH_RMS": 0.0,
          "GH_near_RMS": 0.0,
          "Phi_RMS": 0.0,
          "Pi_RMS": 0.0,
          "Psi_error_RMS": 0.0,
          "Q_Linf": 0.0,
          "bad_state": 0.0,
          "characteristic_speed_max": 0.9530629084724508,
          "common_constraints": {
            "interface_16": {
              "H_L1": 2.7063566000882125e-11,
              "H_Linf": 4.513936112866005e-10,
              "H_RMS": 4.623346691281022e-11,
              "M_L1": 0.0,
              "M_Linf": 0.0,
              "M_RMS": 0.0,
              "volume": 28598.07133842956
            },
            "interface_2": {
              "H_L1": 1.259729410941713e-07,
              "H_Linf": 1.398583585227041e-06,
              "H_RMS": 1.9802695643379422e-07,
              "M_L1": 0.0,
              "M_Linf": 0.0,
              "M_RMS": 0.0,
              "volume": 143.3954159144217
            },
            "interface_32": {
              "H_L1": null,
              "H_Linf": 0.0,
              "H_RMS": null,
              "M_L1": null,
              "M_Linf": 0.0,
              "M_RMS": null,
              "volume": 0.0
            },
            "interface_4": {
              "H_L1": 9.167732130570932e-09,
              "H_Linf": 1.515083710525015e-07,
              "H_RMS": 1.8130214364379396e-08,
              "M_L1": 0.0,
              "M_Linf": 0.0,
              "M_RMS": 0.0,
              "volume": 680.5847052165267
            },
            "interface_64": {
              "H_L1": null,
              "H_Linf": 0.0,
              "H_RMS": null,
              "M_L1": null,
              "M_Linf": 0.0,
              "M_RMS": null,
              "volume": 0.0
            },
            "interface_8": {
              "H_L1": 1.2912938194117822e-09,
              "H_Linf": 2.167104614374492e-08,
              "H_RMS": 2.5047124643506473e-09,
              "M_L1": 0.0,
              "M_Linf": 0.0,
              "M_RMS": 0.0,
              "volume": 4125.26985352218
            },
            "r_2_4": {
              "H_L1": 5.873554464842299e-08,
              "H_Linf": 1.128293945524344e-06,
              "H_RMS": 1.2137865413485816e-07,
              "M_L1": 0.0,
              "M_Linf": 0.0,
              "M_RMS": 0.0,
              "volume": 580.3840174999788
            },
            "r_4_8": {
              "H_L1": 4.5141619266129565e-09,
              "H_Linf": 1.515083710525015e-07,
              "H_RMS": 1.0103829247970582e-08,
              "M_L1": 0.0,
              "M_Linf": 0.0,
              "M_RMS": 0.0,
              "volume": 2995.603215781814
            },
            "r_ge_8": {
              "H_L1": 1.0440668607675515e-10,
              "H_Linf": 2.167104614374492e-08,
              "H_RMS": 5.312802472484646e-10,
              "M_L1": 0.0,
              "M_Linf": 0.0,
              "M_RMS": 0.0,
              "volume": 124735.0578928726
            },
            "r_lt_1": {
              "H_L1": 0.02972810956347004,
              "H_Linf": 0.3492346054702103,
              "H_RMS": 0.07956237303491995,
              "M_L1": 0.0,
              "M_Linf": 0.0,
              "M_RMS": 0.0,
              "volume": 171.6362196695989
            },
            "r_lt_2": {
              "H_L1": 0.015321204854315441,
              "H_Linf": 0.3492346054702103,
              "H_RMS": 0.05711404677652921,
              "M_L1": 0.0,
              "M_Linf": 0.0,
              "M_RMS": 0.0,
              "volume": 333.0723145480197
            },
            "whole": {
              "H_L1": 3.966858259046971e-05,
              "H_Linf": 0.3492346054702103,
              "H_RMS": 0.0029061446999566315,
              "M_L1": 0.0,
              "M_Linf": 0.0,
              "M_RMS": 0.0,
              "volume": 128644.1174407024
            }
          },
          "constraint_veto": 0.0,
          "coordinate_condition_max": 10984.83046514018,
          "curl_RMS": 0.0,
          "curl_near_RMS": 0.0,
          "delta_p": 0.0,
          "delta_q": 0.0,
          "detg_min": 1.155141791396577,
          "dt": 0.00413831104610264,
          "e_G": 0.0,
          "e_alpha": 0.0,
          "effective_CFL": 0.05,
          "fit_cells": 1032.0,
          "physical_lapse_max": 0.9762494089485795,
          "physical_lapse_min": 0.009541207056404379,
          "reduction_RMS": 0.0,
          "reduction_near_RMS": 0.0,
          "regular_max": 1.0,
          "relative_D_Linf": 0.0,
          "relative_Psi_max": 1.0,
          "relative_WD_Linf": 0.0,
          "relative_inverse_Psi_max": 1.0,
          "relative_lapse_max": 1.0,
          "relative_lapse_min": 1.0,
          "relative_metric_condition_max": 1.0,
          "relative_source_Linf": 0.0,
          "relative_v2_max": 0.0,
          "shell_valid": true,
          "target_time": 0.0,
          "time": 0.0,
          "transition_amplitude": 0.0,
          "xi": 0.0,
          "xi_dot": 0.0
        },
        {
          "Delta_Linf": 0.08469121766771505,
          "GH_RMS": 1.1652557067791248e-06,
          "GH_near_RMS": 2.2897984352133344e-05,
          "Phi_RMS": 6.0604437285741455e-05,
          "Pi_RMS": 0.002634630345161776,
          "Psi_error_RMS": 5.7843800178529165e-05,
          "Q_Linf": 0.1299477787290254,
          "bad_state": 0.0,
          "characteristic_speed_max": 0.9530635130029205,
          "common_constraints": {
            "interface_16": {
              "H_L1": 2.7070816438455465e-11,
              "H_Linf": 4.52679086598429e-10,
              "H_RMS": 4.6280925747582274e-11,
              "M_L1": 1.7550235809230263e-13,
              "M_Linf": 2.439101637823462e-12,
              "M_RMS": 3.2464190576499383e-13,
              "volume": 28598.07288157249
            },
            "interface_2": {
              "H_L1": 1.258582413641443e-07,
              "H_Linf": 1.481310998217242e-06,
              "H_RMS": 2.022890267309782e-07,
              "M_L1": 7.6819818991922e-09,
              "M_Linf": 3.356841060458759e-08,
              "M_RMS": 9.620032967545625e-09,
              "volume": 143.401752980277
            },
            "interface_32": {
              "H_L1": null,
              "H_Linf": 0.0,
              "H_RMS": null,
              "M_L1": null,
              "M_Linf": 0.0,
              "M_RMS": null,
              "volume": 0.0
            },
            "interface_4": {
              "H_L1": 9.207145725455179e-09,
              "H_Linf": 1.555734531436112e-07,
              "H_RMS": 1.8349096979205423e-08,
              "M_L1": 3.296652388581638e-10,
              "M_Linf": 2.665762509734596e-09,
              "M_RMS": 5.351175602754292e-10,
              "volume": 680.5892799549766
            },
            "interface_64": {
              "H_L1": null,
              "H_Linf": 0.0,
              "H_RMS": null,
              "M_L1": null,
              "M_Linf": 0.0,
              "M_RMS": null,
              "volume": 0.0
            },
            "interface_8": {
              "H_L1": 1.292064451730707e-09,
              "H_Linf": 2.184608134595593e-08,
              "H_RMS": 2.513769231475268e-09,
              "M_L1": 2.172744999409578e-11,
              "M_Linf": 2.398640588601467e-10,
              "M_RMS": 3.9162887950693796e-11,
              "volume": 4125.272639203969
            },
            "r_2_4": {
              "H_L1": 5.841019395350786e-08,
              "H_Linf": 1.139193325421507e-06,
              "H_RMS": 1.2121861181604312e-07,
              "M_L1": 3.754374495635658e-09,
              "M_Linf": 5.494152156505783e-08,
              "M_RMS": 7.462120318799171e-09,
              "volume": 580.4004897600234
            },
            "r_4_8": {
              "H_L1": 4.525392743732765e-09,
              "H_Linf": 1.555734531436112e-07,
              "H_RMS": 1.0217471479456473e-08,
              "M_L1": 1.4509775252658692e-10,
              "M_Linf": 2.665762509734596e-09,
              "M_RMS": 2.885920530443606e-10,
              "volume": 2995.61459889498
            },
            "r_ge_8": {
              "H_L1": 8.125332193441047e-09,
              "H_Linf": 1.217335027099533e-06,
              "H_RMS": 6.347816292728736e-08,
              "M_L1": 7.562746431305952e-09,
              "M_Linf": 3.129387767397177e-07,
              "M_RMS": 3.77671607135855e-08,
              "volume": 124735.0679509093
            },
            "r_lt_1": {
              "H_L1": 0.029727902510581272,
              "H_Linf": 0.3491126223491133,
              "H_RMS": 0.07954399091990795,
              "M_L1": 0.0002032356348043335,
              "M_Linf": 0.00238561276717236,
              "M_RMS": 0.0005072247719246521,
              "volume": 171.6604349471731
            },
            "r_lt_2": {
              "H_L1": 0.015321294511849541,
              "H_Linf": 0.3491126223491133,
              "H_RMS": 0.057101216359837885,
              "M_L1": 0.00010490801300440335,
              "M_Linf": 0.00238561276717236,
              "M_RMS": 0.0003641151514230966,
              "volume": 333.1150446365634
            },
            "whole": {
              "H_L1": 3.968165492674984e-05,
              "H_Linf": 0.3491126223491133,
              "H_RMS": 0.0029056773052471892,
              "M_L1": 2.7900512698558473e-07,
              "M_Linf": 0.00238561276717236,
              "M_RMS": 1.8528559121184135e-05,
              "volume": 128644.1980842009
            }
          },
          "constraint_veto": 0.0,
          "coordinate_condition_max": 10984.8310922484,
          "curl_RMS": 1.6991180542783624e-06,
          "curl_near_RMS": 3.339039316868077e-05,
          "delta_p": 0.0,
          "delta_q": 0.0,
          "detg_min": 1.155141798546714,
          "dt": 0.004138229022306078,
          "e_G": 0.0003043639330229921,
          "e_alpha": 0.0004567661516220528,
          "effective_CFL": 0.05000006010198291,
          "fit_cells": 1032.0,
          "physical_lapse_max": 0.976249241247176,
          "physical_lapse_min": 0.009541207873389485,
          "reduction_RMS": 1.0755411686384685e-08,
          "reduction_near_RMS": 2.1135738209643845e-07,
          "regular_max": 1.001531393684924,
          "relative_D_Linf": 1.784756697812852e-05,
          "relative_Psi_max": 1.001531393684924,
          "relative_WD_Linf": 1.784756697812852e-05,
          "relative_inverse_Psi_max": 1.000244827672771,
          "relative_lapse_max": 1.000765403921286,
          "relative_lapse_min": 1.000000003696252,
          "relative_metric_condition_max": 1.001549603047813,
          "relative_source_Linf": 0.0008812277673378473,
          "relative_v2_max": 3.205038423308079e-10,
          "shell_valid": true,
          "target_time": 0.2,
          "time": 0.2027761773783117,
          "transition_amplitude": 0.001205723290937046,
          "xi": 0.05069404434457792,
          "xi_dot": 0.25
        },
        {
          "Delta_Linf": 0.8122196589109594,
          "GH_RMS": 3.531866362107764e-05,
          "GH_near_RMS": 0.0006938012460339448,
          "Phi_RMS": 0.0007568841291554642,
          "Pi_RMS": 0.023391496129221284,
          "Psi_error_RMS": 0.0006666187342233351,
          "Q_Linf": 1.309894286294937,
          "bad_state": 0.0,
          "characteristic_speed_max": 0.9530709756180484,
          "common_constraints": {
            "interface_16": {
              "H_L1": 2.709874609016682e-11,
              "H_Linf": 4.566031816236208e-10,
              "H_RMS": 4.6428145379237156e-11,
              "M_L1": 4.3211902307663284e-13,
              "M_Linf": 5.978364926565704e-12,
              "M_RMS": 7.980728347106797e-13,
              "volume": 28598.08100782038
            },
            "interface_2": {
              "H_L1": 1.2716120100103896e-07,
              "H_Linf": 1.868645021453624e-06,
              "H_RMS": 2.2557740330276085e-07,
              "M_L1": 1.8620893145810552e-08,
              "M_Linf": 8.095530131776765e-08,
              "M_RMS": 2.326973784411394e-08,
              "volume": 143.4348255325995
            },
            "interface_32": {
              "H_L1": null,
              "H_Linf": 0.0,
              "H_RMS": null,
              "M_L1": null,
              "M_Linf": 0.0,
              "M_RMS": null,
              "volume": 0.0
            },
            "interface_4": {
              "H_L1": 1.1140799358889124e-08,
              "H_Linf": 1.713411298569938e-07,
              "H_RMS": 2.050619739631271e-08,
              "M_L1": 8.616982869583661e-10,
              "M_Linf": 7.096515635602109e-09,
              "M_RMS": 1.345681104699183e-09,
              "volume": 680.6134040499057
            },
            "interface_64": {
              "H_L1": null,
              "H_Linf": 0.0,
              "H_RMS": null,
              "M_L1": null,
              "M_Linf": 0.0,
              "M_RMS": null,
              "volume": 0.0
            },
            "interface_8": {
              "H_L1": 1.3145489245940312e-09,
              "H_Linf": 2.238135714646931e-08,
              "H_RMS": 2.5525823736991917e-09,
              "M_L1": 5.387304456521155e-11,
              "M_Linf": 5.984104655272873e-10,
              "M_RMS": 9.559124362585806e-11,
              "volume": 4125.28732891318
            },
            "r_2_4": {
              "H_L1": 5.751750153164509e-08,
              "H_Linf": 1.191160760703885e-06,
              "H_RMS": 1.2191647473878218e-07,
              "M_L1": 9.124840355365171e-09,
              "M_Linf": 1.336824906957633e-07,
              "M_RMS": 1.8102721238564934e-08,
              "volume": 580.4867621872816
            },
            "r_4_8": {
              "H_L1": 4.967705210458692e-09,
              "H_Linf": 1.713411298569938e-07,
              "H_RMS": 1.119467531547281e-08,
              "M_L1": 3.644022763473808e-10,
              "M_Linf": 7.096515635602109e-09,
              "M_RMS": 7.142212124437335e-10,
              "volume": 2995.674642673201
            },
            "r_ge_8": {
              "H_L1": 1.5172849658154282e-07,
              "H_Linf": 9.294941256870485e-06,
              "H_RMS": 8.544168067746057e-07,
              "M_L1": 1.1759997526688844e-07,
              "M_Linf": 6.783182183606516e-06,
              "M_RMS": 6.273154953433918e-07,
              "volume": 124735.1209252949
            },
            "r_lt_1": {
              "H_L1": 0.030016170236245004,
              "H_Linf": 0.3484319884422555,
              "H_RMS": 0.0794978173265918,
              "M_L1": 0.0008489297902222225,
              "M_Linf": 0.005069583729937144,
              "M_RMS": 0.0014324175967035605,
              "volume": 171.821200371971
            },
            "r_lt_2": {
              "H_L1": 0.015472529660148468,
              "H_Linf": 0.3484319884422555,
              "H_RMS": 0.05707297753212661,
              "M_L1": 0.00043797078869653954,
              "M_Linf": 0.005069583729937144,
              "M_RMS": 0.0010283600630173755,
              "volume": 333.3696828481399
            },
            "whole": {
              "H_L1": 4.024299779896416e-05,
              "H_Linf": 0.3484319884422555,
              "H_RMS": 0.002905345138012199,
              "M_L1": 1.2490330225596365e-06,
              "M_Linf": 0.005069583729937144,
              "M_RMS": 5.235312583577819e-05,
              "volume": 128644.6520130035
            }
          },
          "constraint_veto": 0.0,
          "coordinate_condition_max": 10984.83385432674,
          "curl_RMS": 5.5743097084616894e-05,
          "curl_near_RMS": 0.0010950246906112717,
          "delta_p": 0.0,
          "delta_q": 0.0,
          "detg_min": 1.155141833998047,
          "dt": 0.004137218329311164,
          "e_G": 0.01008525798666203,
          "e_alpha": 0.0152360003494563,
          "effective_CFL": 0.05000030693459424,
          "fit_cells": 1032.0,
          "physical_lapse_max": 0.9762471450905736,
          "physical_lapse_min": 0.009541211466496245,
          "reduction_RMS": 7.687286627962643e-07,
          "reduction_near_RMS": 1.5101002812732393e-05,
          "regular_max": 1.110308197552978,
          "relative_D_Linf": 0.000412482803926139,
          "relative_Psi_max": 1.025334956625184,
          "relative_WD_Linf": 0.0003174409394296412,
          "relative_inverse_Psi_max": 1.00072433629399,
          "relative_lapse_max": 1.012588296275211,
          "relative_lapse_min": 1.000000021655858,
          "relative_metric_condition_max": 1.008848758335649,
          "relative_source_Linf": 0.006730444450253697,
          "relative_v2_max": 1.764726358756977e-07,
          "shell_valid": true,
          "target_time": 0.5,
          "time": 0.5007006229809567,
          "transition_amplitude": 0.01611518268330898,
          "xi": 0.1251751557452392,
          "xi_dot": 0.25
        },
        {
          "Delta_Linf": 9.35320773335191,
          "GH_RMS": 0.0007768281752611748,
          "GH_near_RMS": 0.015238874689333323,
          "Phi_RMS": 0.00626635328434787,
          "Pi_RMS": 0.20717721689297441,
          "Psi_error_RMS": 0.006880975811919724,
          "Q_Linf": 15.81815272251491,
          "bad_state": 0.0,
          "characteristic_speed_max": 0.9531149373716754,
          "common_constraints": {
            "interface_16": {
              "H_L1": 2.7094977334762648e-11,
              "H_Linf": 4.441674668228129e-10,
              "H_RMS": 4.5926907708300665e-11,
              "M_L1": 8.474537623467939e-13,
              "M_Linf": 1.15734170363264e-11,
              "M_RMS": 1.5638161960443085e-12,
              "volume": 28598.11284276994
            },
            "interface_2": {
              "H_L1": 1.539569684789674e-07,
              "H_Linf": 2.875107047447894e-06,
              "H_RMS": 3.032057772622639e-07,
              "M_L1": 3.485873541543923e-08,
              "M_Linf": 1.477532783529963e-07,
              "M_RMS": 4.315139291715195e-08,
              "volume": 143.5621110364752
            },
            "interface_32": {
              "H_L1": null,
              "H_Linf": 0.0,
              "H_RMS": null,
              "M_L1": null,
              "M_Linf": 0.0,
              "M_RMS": null,
              "volume": 0.0
            },
            "interface_4": {
              "H_L1": 3.7136165023257254e-08,
              "H_Linf": 3.897868037319489e-07,
              "H_RMS": 7.042664805841492e-08,
              "M_L1": 1.8127597863108793e-09,
              "M_Linf": 1.056216658494745e-08,
              "M_RMS": 2.6650858727901865e-09,
              "volume": 680.7088441148813
            },
            "interface_64": {
              "H_L1": null,
              "H_Linf": 0.0,
              "H_RMS": null,
              "M_L1": null,
              "M_Linf": 0.0,
              "M_RMS": null,
              "volume": 0.0
            },
            "interface_8": {
              "H_L1": 1.6342784875263873e-09,
              "H_Linf": 2.211952109598005e-08,
              "H_RMS": 2.8029299258622145e-09,
              "M_L1": 1.0907181857880749e-10,
              "M_Linf": 8.976474908515809e-10,
              "M_RMS": 1.7933295616307712e-10,
              "volume": 4125.345226303481
            },
            "r_2_4": {
              "H_L1": 6.729780141738667e-08,
              "H_Linf": 1.356882084519785e-06,
              "H_RMS": 1.3630604450339875e-07,
              "M_L1": 1.7316344501619616e-08,
              "M_Linf": 2.546333704165853e-07,
              "M_RMS": 3.404986754928148e-08,
              "volume": 580.8221451106682
            },
            "r_4_8": {
              "H_L1": 1.0317514940204034e-08,
              "H_Linf": 3.897868037319489e-07,
              "H_RMS": 3.274489908828482e-08,
              "M_L1": 7.152836115566797e-10,
              "M_Linf": 1.056216658494745e-08,
              "M_RMS": 1.3541231855046353e-09,
              "volume": 2995.91217673858
            },
            "r_ge_8": {
              "H_L1": 4.0753540304894346e-06,
              "H_Linf": 0.000248547414097056,
              "H_RMS": 1.9159383442519754e-05,
              "M_L1": 9.038890207044714e-07,
              "M_Linf": 4.240949075483614e-05,
              "M_RMS": 4.0343638106647825e-06,
              "volume": 124735.328698756
            },
            "r_lt_1": {
              "H_L1": 0.03294452344431953,
              "H_Linf": 0.2920181879800919,
              "H_RMS": 0.07275455104884933,
              "M_L1": 0.01759309491801969,
              "M_Linf": 0.07786705369078291,
              "M_RMS": 0.030364107570599926,
              "volume": 172.4228307866665
            },
            "r_lt_2": {
              "H_L1": 0.016993920405677383,
              "H_Linf": 0.2920181879800919,
              "H_RMS": 0.05225018731795498,
              "M_L1": 0.009074752265140032,
              "M_Linf": 0.07786705369078291,
              "M_RMS": 0.021806612528791215,
              "volume": 334.3023298782874
            },
            "whole": {
              "H_L1": 4.8112652009253055e-05,
              "H_Linf": 0.2920181879800919,
              "H_RMS": 0.002663604175149732,
              "M_L1": 2.4458288514256602e-05,
              "M_Linf": 0.07786705369078291,
              "M_RMS": 0.0011116342558610919,
              "volume": 128646.3653504835
            }
          },
          "constraint_veto": 0.0,
          "coordinate_condition_max": 10985.89752006609,
          "curl_RMS": 0.001389392891244779,
          "curl_near_RMS": 0.027255498592620726,
          "delta_p": 0.0,
          "delta_q": 0.0,
          "detg_min": 1.15514194215824,
          "dt": 0.004131275434581721,
          "e_G": 0.07624084157792188,
          "e_alpha": 0.1223433583246197,
          "effective_CFL": 0.05000089745341954,
          "fit_cells": 1032.0,
          "physical_lapse_max": 0.9762347846857262,
          "physical_lapse_min": 0.009542684962643136,
          "reduction_RMS": 2.2438019586234308e-05,
          "reduction_near_RMS": 0.0004401629388980576,
          "regular_max": 12.88767432370767,
          "relative_D_Linf": 0.01293216675899367,
          "relative_Psi_max": 1.307940356020489,
          "relative_WD_Linf": 0.002841028986281258,
          "relative_inverse_Psi_max": 1.001114940383836,
          "relative_lapse_max": 1.143675546823362,
          "relative_lapse_min": 0.9994429955349095,
          "relative_metric_condition_max": 1.059341062002303,
          "relative_source_Linf": 0.09956258202668586,
          "relative_v2_max": 5.340038122626829e-05,
          "shell_valid": true,
          "target_time": 1.0,
          "time": 1.001001614439816,
          "transition_amplitude": 0.1037798988870025,
          "xi": 0.250250403609954,
          "xi_dot": 0.25
        },
        {
          "Delta_Linf": 23.12653692890363,
          "GH_RMS": 0.0013995905813971395,
          "GH_near_RMS": 0.027458276548652575,
          "Phi_RMS": 0.011958723278091743,
          "Pi_RMS": 0.340883725055321,
          "Psi_error_RMS": 0.013689553270839757,
          "Q_Linf": 40.59201644878357,
          "bad_state": 0.0,
          "characteristic_speed_max": 0.9531453371745965,
          "common_constraints": {
            "interface_16": {
              "H_L1": 2.704519485509774e-11,
              "H_Linf": 4.227191898748427e-10,
              "H_RMS": 4.5051466745072095e-11,
              "M_L1": 1.0070836049318833e-12,
              "M_Linf": 1.36902511158719e-11,
              "M_RMS": 1.859312235118109e-12,
              "volume": 28598.13323542745
            },
            "interface_2": {
              "H_L1": 1.6794899029787172e-07,
              "H_Linf": 3.24289915873291e-06,
              "H_RMS": 3.351276340717447e-07,
              "M_L1": 4.0461426656620746e-08,
              "M_Linf": 1.681584131774725e-07,
              "M_RMS": 4.975519014468813e-08,
              "volume": 143.642935860752
            },
            "interface_32": {
              "H_L1": null,
              "H_Linf": 0.0,
              "H_RMS": null,
              "M_L1": null,
              "M_Linf": 0.0,
              "M_RMS": null,
              "volume": 0.0
            },
            "interface_4": {
              "H_L1": 6.22244702269697e-08,
              "H_Linf": 6.675422208885725e-07,
              "H_RMS": 1.244592707437234e-07,
              "M_L1": 2.144723558456531e-09,
              "M_Linf": 1.133537652073722e-08,
              "M_RMS": 3.1165837145801873e-09,
              "volume": 680.7708983217981
            },
            "interface_64": {
              "H_L1": null,
              "H_Linf": 0.0,
              "H_RMS": null,
              "M_L1": null,
              "M_Linf": 0.0,
              "M_RMS": null,
              "volume": 0.0
            },
            "interface_8": {
              "H_L1": 1.895193075703255e-09,
              "H_Linf": 2.151298469155855e-08,
              "H_RMS": 3.0572779300502224e-09,
              "M_L1": 1.334780250697446e-10,
              "M_Linf": 1.179348193570975e-09,
              "M_RMS": 2.128236597969166e-10,
              "volume": 4125.382603985229
            },
            "r_2_4": {
              "H_L1": 7.969391358612598e-08,
              "H_Linf": 1.522115662345427e-06,
              "H_RMS": 1.5145766271013559e-07,
              "M_L1": 2.0279517385994253e-08,
              "M_Linf": 2.986863043109791e-07,
              "M_RMS": 3.964548890659781e-08,
              "volume": 581.0370854625282
            },
            "r_4_8": {
              "H_L1": 1.52998727736131e-08,
              "H_Linf": 6.675422208885725e-07,
              "H_RMS": 5.5865684563901885e-08,
              "M_L1": 8.391237333837151e-10,
              "M_Linf": 1.133537652073722e-08,
              "M_RMS": 1.5668688040571166e-09,
              "volume": 2996.066487271835
            },
            "r_ge_8": {
              "H_L1": 9.589131420063072e-06,
              "H_Linf": 0.0005259622752426645,
              "H_RMS": 4.163737299735346e-05,
              "M_L1": 1.4499387552092952e-06,
              "M_Linf": 6.05284121349307e-05,
              "M_RMS": 5.991266322987381e-06,
              "volume": 124735.4620765074
            },
            "r_lt_1": {
              "H_L1": 0.04549018621306434,
              "H_Linf": 0.2649181599947366,
              "H_RMS": 0.08628979527796396,
              "M_L1": 0.032166385666811695,
              "M_Linf": 0.1831854487221536,
              "M_RMS": 0.060487609993384046,
              "volume": 172.1628842816439
            },
            "r_lt_2": {
              "H_L1": 0.02343401322256698,
              "H_Linf": 0.2649181599947366,
              "H_RMS": 0.061930292343090686,
              "M_L1": 0.01656963614509584,
              "M_Linf": 0.1831854487221536,
              "M_RMS": 0.04341203203263592,
              "volume": 334.235173426557
            },
            "whole": {
              "H_L1": 7.018183350800651e-05,
              "H_Linf": 0.2649181599947366,
              "H_RMS": 0.0031569400778413974,
              "M_L1": 4.44552701803306e-05,
              "M_Linf": 0.1831854487221536,
              "M_RMS": 0.002212780005575159,
              "volume": 128646.8008226683
            }
          },
          "constraint_veto": 0.0,
          "coordinate_condition_max": 10988.16319466788,
          "curl_RMS": 0.004059169251886638,
          "curl_near_RMS": 0.07963620939670861,
          "delta_p": 0.0,
          "delta_q": 0.0,
          "detg_min": 1.155141984444812,
          "dt": 0.004127180546182331,
          "e_G": 0.05627916626674555,
          "e_alpha": 0.09302064442410542,
          "effective_CFL": 0.05000112669588564,
          "fit_cells": 1032.0,
          "physical_lapse_max": 0.9762262686828086,
          "physical_lapse_min": 0.009546782748185996,
          "reduction_RMS": 6.903924177081675e-05,
          "reduction_near_RMS": 0.0013544699024292612,
          "regular_max": 31.3158646236488,
          "relative_D_Linf": 0.05182118415146872,
          "relative_Psi_max": 1.719286068539701,
          "relative_WD_Linf": 0.005016730437295709,
          "relative_inverse_Psi_max": 1.0033035503184,
          "relative_lapse_max": 1.311331706202538,
          "relative_lapse_min": 0.9983523061484374,
          "relative_metric_condition_max": 1.105860948154795,
          "relative_source_Linf": 0.2034597992770061,
          "relative_v2_max": 0.0003067379352944727,
          "shell_valid": true,
          "target_time": 1.2,
          "time": 1.203335517629595,
          "transition_amplitude": 0.1641849732397631,
          "xi": 0.3008338794073989,
          "xi_dot": 0.25
        },
        {
          "Delta_Linf": 73.55514996064025,
          "GH_RMS": 0.005959726347636926,
          "GH_near_RMS": 0.11707232671666178,
          "Phi_RMS": 0.027648990906999345,
          "Pi_RMS": 0.4293582408780098,
          "Psi_error_RMS": 0.024440352737270042,
          "Q_Linf": 141.6723556447508,
          "bad_state": 0.0,
          "characteristic_speed_max": 0.9531814395786844,
          "common_constraints": {
            "interface_16": {
              "H_L1": 2.697562846631305e-11,
              "H_Linf": 3.859947590683681e-10,
              "H_RMS": 4.3688262028188226e-11,
              "M_L1": 1.158160730829715e-12,
              "M_Linf": 1.574033256265659e-11,
              "M_RMS": 2.1417006073976434e-12,
              "volume": 28598.15783451121
            },
            "interface_2": {
              "H_L1": 1.7882366531283848e-07,
              "H_Linf": 3.49492306960528e-06,
              "H_RMS": 3.5746571858647573e-07,
              "M_L1": 4.546498544505139e-08,
              "M_Linf": 1.840439827330544e-07,
              "M_RMS": 5.544441649285948e-08,
              "volume": 143.7403354609268
            },
            "interface_32": {
              "H_L1": null,
              "H_Linf": 0.0,
              "H_RMS": null,
              "M_L1": null,
              "M_Linf": 0.0,
              "M_RMS": null,
              "volume": 0.0
            },
            "interface_4": {
              "H_L1": 9.723330845369229e-08,
              "H_Linf": 1.056885931635092e-06,
              "H_RMS": 2.008697864219026e-07,
              "M_L1": 2.4310669737375423e-09,
              "M_Linf": 1.258765027914157e-08,
              "M_RMS": 3.48619838741387e-09,
              "volume": 680.8467500148404
            },
            "interface_64": {
              "H_L1": null,
              "H_Linf": 0.0,
              "H_RMS": null,
              "M_L1": null,
              "M_Linf": 0.0,
              "M_RMS": null,
              "volume": 0.0
            },
            "interface_8": {
              "H_L1": 2.2015040312488478e-09,
              "H_Linf": 2.160031547480389e-08,
              "H_RMS": 3.39935319088434e-09,
              "M_L1": 1.6666284714042664e-10,
              "M_Linf": 1.63395038788573e-09,
              "M_RMS": 2.5784335755251457e-10,
              "volume": 4125.427983641677
            },
            "r_2_4": {
              "H_L1": 9.942556726945563e-08,
              "H_Linf": 1.633290102409451e-06,
              "H_RMS": 1.7818580039756084e-07,
              "M_L1": 2.3034240725114856e-08,
              "M_Linf": 3.395339035696934e-07,
              "M_RMS": 4.470650924763716e-08,
              "volume": 581.2976339189884
            },
            "r_4_8": {
              "H_L1": 2.2155268910302525e-08,
              "H_Linf": 1.056885931635092e-06,
              "H_RMS": 8.781803606507205e-08,
              "M_L1": 9.57252632128953e-10,
              "M_Linf": 1.258765027914157e-08,
              "M_RMS": 1.7576987229564694e-09,
              "volume": 2996.254916098768
            },
            "r_ge_8": {
              "H_L1": 1.9368623830968265e-05,
              "H_Linf": 0.000958595037233739,
              "H_RMS": 7.862570451364683e-05,
              "M_L1": 2.096291016404814e-06,
              "M_Linf": 7.7458233605476e-05,
              "M_RMS": 8.069463808173803e-06,
              "volume": 124735.6233188739
            },
            "r_lt_1": {
              "H_L1": 0.04901236403145443,
              "H_Linf": 0.3235903421865801,
              "H_RMS": 0.10644943566002123,
              "M_L1": 0.07604918297057987,
              "M_Linf": 0.5029790539537756,
              "M_RMS": 0.15867243344665585,
              "volume": 171.0899915333206
            },
            "r_lt_2": {
              "H_L1": 0.025155251677959897,
              "H_Linf": 0.3235903421865801,
              "H_RMS": 0.07625787046212786,
              "M_L1": 0.039029068779267366,
              "M_Linf": 0.5029790539537756,
              "M_RMS": 0.11366919666794353,
              "volume": 333.381877517971
            },
            "whole": {
              "H_L1": 8.396949571083152e-05,
              "H_Linf": 0.3235903421865801,
              "H_RMS": 0.0038827813505412775,
              "M_L1": 0.0001031747983345646,
              "M_Linf": 0.5029790539537756,
              "M_RMS": 0.005786488697616647,
              "volume": 128646.5577464096
            }
          },
          "constraint_veto": 0.0,
          "coordinate_condition_max": 10984.89989341111,
          "curl_RMS": 0.013476829616634196,
          "curl_near_RMS": 0.2647377227347676,
          "delta_p": 0.0,
          "delta_q": 0.0,
          "detg_min": 1.155142006701919,
          "dt": 0.004122335166074125,
          "e_G": -0.06430240027578449,
          "e_alpha": -0.1599478162628341,
          "effective_CFL": 0.0500013179324301,
          "fit_cells": 1032.0,
          "physical_lapse_max": 0.9762161986854205,
          "physical_lapse_min": 0.009547581070221587,
          "reduction_RMS": 0.00029291997501452175,
          "reduction_near_RMS": 0.005754095447855866,
          "regular_max": 87.51607473446593,
          "relative_D_Linf": 0.1140809135707959,
          "relative_Psi_max": 2.835619837208085,
          "relative_WD_Linf": 0.01071144313770556,
          "relative_inverse_Psi_max": 1.010740957691657,
          "relative_lapse_max": 1.684520900849979,
          "relative_lapse_min": 0.9946724005843309,
          "relative_metric_condition_max": 1.176777757795508,
          "relative_source_Linf": 0.3622862355031359,
          "relative_v2_max": 0.001990828192338652,
          "shell_valid": true,
          "target_time": 1.4,
          "time": 1.401324486901169,
          "transition_amplitude": 0.2356837279224433,
          "xi": 0.3503311217252923,
          "xi_dot": 0.25
        },
        {
          "Delta_Linf": 2633.890321367013,
          "GH_RMS": 0.028408566701903747,
          "GH_near_RMS": 0.5594758791679061,
          "Phi_RMS": 0.17546057190384032,
          "Pi_RMS": 0.6686620881001328,
          "Psi_error_RMS": 0.041705723468834034,
          "Q_Linf": 5263.169355664409,
          "bad_state": 0.0,
          "characteristic_speed_max": 0.9532235870421155,
          "common_constraints": {
            "interface_16": {
              "H_L1": 2.691205216647791e-11,
              "H_Linf": 3.305155803480106e-10,
              "H_RMS": 4.183474023665234e-11,
              "M_L1": 1.3075234488294825e-12,
              "M_Linf": 1.787295362541211e-11,
              "M_RMS": 2.4256636722829884e-12,
              "volume": 28598.18784344627
            },
            "interface_2": {
              "H_L1": 1.847470498401156e-07,
              "H_Linf": 3.590116788526913e-06,
              "H_RMS": 3.655537881855037e-07,
              "M_L1": 5.01990240118087e-08,
              "M_Linf": 1.963057687303334e-07,
              "M_RMS": 6.060623449259632e-08,
              "volume": 143.8594222078825
            },
            "interface_32": {
              "H_L1": null,
              "H_Linf": 0.0,
              "H_RMS": null,
              "M_L1": null,
              "M_Linf": 0.0,
              "M_RMS": null,
              "volume": 0.0
            },
            "interface_4": {
              "H_L1": 1.4440838088093222e-07,
              "H_Linf": 1.565170248725405e-06,
              "H_RMS": 3.038644104242633e-07,
              "M_L1": 2.7725874882167996e-09,
              "M_Linf": 1.40710507425123e-08,
              "M_RMS": 3.8843695105566086e-09,
              "volume": 680.94076846542
            },
            "interface_64": {
              "H_L1": null,
              "H_Linf": 0.0,
              "H_RMS": null,
              "M_L1": null,
              "M_Linf": 0.0,
              "M_RMS": null,
              "volume": 0.0
            },
            "interface_8": {
              "H_L1": 2.559380177423606e-09,
              "H_Linf": 3.137815489877701e-08,
              "H_RMS": 3.91329284799052e-09,
              "M_L1": 2.1447131628531488e-10,
              "M_Linf": 2.183699659225226e-09,
              "M_RMS": 3.2738222054235247e-10,
              "volume": 4125.483764970288
            },
            "r_2_4": {
              "H_L1": 1.2943067504361704e-07,
              "H_Linf": 1.670922304788697e-06,
              "H_RMS": 2.2522561752371417e-07,
              "M_L1": 2.5749167774786306e-08,
              "M_Linf": 3.797527658637857e-07,
              "M_RMS": 4.957645331066433e-08,
              "volume": 581.6180693759718
            },
            "r_4_8": {
              "H_L1": 3.140014877510458e-08,
              "H_Linf": 1.565170248725405e-06,
              "H_RMS": 1.3000945775806344e-07,
              "M_L1": 1.0935504300009366e-09,
              "M_Linf": 1.40710507425123e-08,
              "M_RMS": 1.9759477410963128e-09,
              "volume": 2996.488164417151
            },
            "r_ge_8": {
              "H_L1": 3.578536156864849e-05,
              "H_Linf": 0.001603574084683496,
              "H_RMS": 0.00013681424746831182,
              "M_L1": 2.8618592838685233e-06,
              "M_Linf": 9.263282514297489e-05,
              "M_RMS": 1.0252926199407852e-05,
              "volume": 124735.8205883866
            },
            "r_lt_1": {
              "H_L1": 0.06087546862588161,
              "H_Linf": 0.5252837991424344,
              "H_RMS": 0.13758548675659701,
              "M_L1": 0.05868944908485307,
              "M_Linf": 0.6037965742346925,
              "M_RMS": 0.13085140814219962,
              "volume": 169.1430457533857
            },
            "r_lt_2": {
              "H_L1": 0.03104557663392867,
              "H_Linf": 0.5252837991424344,
              "H_RMS": 0.09825038563247732,
              "M_L1": 0.029929474427396418,
              "M_Linf": 0.6037965742346925,
              "M_RMS": 0.09344155107910516,
              "volume": 331.6888483956085
            },
            "whole": {
              "H_L1": 0.00011474434860645398,
              "H_Linf": 0.5252837991424344,
              "H_RMS": 0.0049906888360791955,
              "M_L1": 7.994261966469198e-05,
              "M_Linf": 0.6037965742346925,
              "M_RMS": 0.004744702234787791,
              "volume": 128645.6156705753
            }
          },
          "constraint_veto": 0.0,
          "coordinate_condition_max": 10953.75830481737,
          "curl_RMS": 0.12394585139522817,
          "curl_near_RMS": 2.4409790646833316,
          "delta_p": 0.0,
          "delta_q": 0.0,
          "detg_min": 1.155141993252846,
          "dt": 0.004116704209352186,
          "e_G": -0.2838949839581678,
          "e_alpha": -1.152830686844721,
          "effective_CFL": 0.0500014658657911,
          "fit_cells": 1032.0,
          "physical_lapse_max": 0.9762045097620833,
          "physical_lapse_min": 0.009471418849306712,
          "reduction_RMS": 0.0013891236112356026,
          "reduction_near_RMS": 0.027357282180389027,
          "regular_max": 1305.41807445385,
          "relative_D_Linf": 0.1882016282861092,
          "relative_Psi_max": 16.19414611860256,
          "relative_WD_Linf": 0.02083735795225159,
          "relative_inverse_Psi_max": 1.043349743180155,
          "relative_lapse_max": 4.029511353071908,
          "relative_lapse_min": 0.9790053007390197,
          "relative_metric_condition_max": 1.276260433725967,
          "relative_source_Linf": 0.5621941942127202,
          "relative_v2_max": 0.04281562593283551,
          "shell_valid": true,
          "target_time": 1.6,
          "time": 1.603180553786977,
          "transition_amplitude": 0.3188149074558135,
          "xi": 0.4007951384467443,
          "xi_dot": 0.25
        }
      ],
      "remaining_causal_distance": 22.47199241066587,
      "segments": [
        {
          "directory": "/lus/flare/projects/CompactBinaryMerger/hzhu/refgh_relative_damped_single_hole_20260830_pvc_v2/wormhole_outer24_t4_8792643.aurora-pbs-0001.hostmgmt.cm.aurora.alcf.anl.gov/run",
          "exit_status": null,
          "target": null
        }
      ]
    }
  },
  "claim_boundary": "history-level finite/constraint/causal evidence only; physical trumpet settling requires the separate binary64 profile analysis",
  "resolution_pairs": [],
  "schema": "ref-gh-relative-damped-wormhole-history-v1",
  "spacings": {
    "n96": 0.0625
  }
}
