
Root grid = 2 x 2 x 2 MeshBlocks
Total number of MeshBlocks = 232
Number of logical  levels of refinement = 5 (6 levels total)
Number of physical levels of refinement = 4 (5 levels total)
  Physical level = 1 (logical level = 2): 56 MeshBlocks, cost = 56
  Physical level = 2 (logical level = 3): 56 MeshBlocks, cost = 56
  Physical level = 3 (logical level = 4): 56 MeshBlocks, cost = 56
  Physical level = 4 (logical level = 5): 64 MeshBlocks, cost = 64
Number of parallel ranks = 1
AssembleZ4cTasks

Setup complete, executing task list(s)...

elapsed=9.616308e-01 cycle=65 time=5.000000e-01 dt=7.812500e-03
elapsed=1.916249e+00 cycle=66 time=5.078125e-01 dt=7.812500e-03
elapsed=2.893432e+00 cycle=67 time=5.156250e-01 dt=7.812500e-03
elapsed=3.889157e+00 cycle=68 time=5.234375e-01 dt=7.812500e-03
elapsed=4.899527e+00 cycle=69 time=5.312500e-01 dt=7.812500e-03
elapsed=5.859984e+00 cycle=70 time=5.390625e-01 dt=7.812500e-03
elapsed=6.859129e+00 cycle=71 time=5.468750e-01 dt=7.812500e-03
elapsed=7.846557e+00 cycle=72 time=5.546875e-01 dt=7.812500e-03
elapsed=8.837407e+00 cycle=73 time=5.625000e-01 dt=7.812500e-03
elapsed=9.803804e+00 cycle=74 time=5.703125e-01 dt=7.812500e-03
elapsed=1.074052e+01 cycle=75 time=5.781250e-01 dt=7.812500e-03
elapsed=1.168932e+01 cycle=76 time=5.859375e-01 dt=7.812500e-03
elapsed=1.271550e+01 cycle=77 time=5.937500e-01 dt=7.812500e-03
elapsed=1.369396e+01 cycle=78 time=6.015625e-01 dt=7.812500e-03
elapsed=1.469491e+01 cycle=79 time=6.093750e-01 dt=7.812500e-03
elapsed=1.565563e+01 cycle=80 time=6.171875e-01 dt=7.812500e-03
elapsed=1.663704e+01 cycle=81 time=6.250000e-01 dt=7.812500e-03
elapsed=1.768429e+01 cycle=82 time=6.328125e-01 dt=7.812500e-03
elapsed=1.863477e+01 cycle=83 time=6.406250e-01 dt=7.812500e-03
elapsed=1.965076e+01 cycle=84 time=6.484375e-01 dt=7.812500e-03
elapsed=2.066711e+01 cycle=85 time=6.562500e-01 dt=7.812500e-03
elapsed=2.166893e+01 cycle=86 time=6.640625e-01 dt=7.812500e-03
elapsed=2.266224e+01 cycle=87 time=6.718750e-01 dt=7.812500e-03
elapsed=2.365027e+01 cycle=88 time=6.796875e-01 dt=7.812500e-03
elapsed=2.468003e+01 cycle=89 time=6.875000e-01 dt=7.812500e-03
elapsed=2.564741e+01 cycle=90 time=6.953125e-01 dt=7.812500e-03
elapsed=2.665878e+01 cycle=91 time=7.031250e-01 dt=7.812500e-03
elapsed=2.764338e+01 cycle=92 time=7.109375e-01 dt=7.812500e-03
elapsed=2.855800e+01 cycle=93 time=7.187500e-01 dt=7.812500e-03
elapsed=2.957660e+01 cycle=94 time=7.265625e-01 dt=7.812500e-03
elapsed=3.059349e+01 cycle=95 time=7.343750e-01 dt=7.812500e-03
elapsed=3.150210e+01 cycle=96 time=7.421875e-01 dt=7.812500e-03
elapsed=3.247166e+01 cycle=97 time=7.500000e-01 dt=7.812500e-03
elapsed=3.348114e+01 cycle=98 time=7.578125e-01 dt=7.812500e-03
elapsed=3.445711e+01 cycle=99 time=7.656250e-01 dt=7.812500e-03
elapsed=3.536687e+01 cycle=100 time=7.734375e-01 dt=7.812500e-03
elapsed=3.637978e+01 cycle=101 time=7.812500e-01 dt=7.812500e-03
elapsed=3.739969e+01 cycle=102 time=7.890625e-01 dt=7.812500e-03
elapsed=3.833210e+01 cycle=103 time=7.968750e-01 dt=7.812500e-03
elapsed=3.936505e+01 cycle=104 time=8.046875e-01 dt=7.812500e-03
elapsed=4.035403e+01 cycle=105 time=8.125000e-01 dt=7.812500e-03
elapsed=4.134962e+01 cycle=106 time=8.203125e-01 dt=7.812500e-03
elapsed=4.235850e+01 cycle=107 time=8.281250e-01 dt=7.812500e-03
elapsed=4.325167e+01 cycle=108 time=8.359375e-01 dt=7.812500e-03
elapsed=4.420058e+01 cycle=109 time=8.437500e-01 dt=7.812500e-03
elapsed=4.511855e+01 cycle=110 time=8.515625e-01 dt=7.812500e-03
elapsed=4.612395e+01 cycle=111 time=8.593750e-01 dt=7.812500e-03
elapsed=4.714279e+01 cycle=112 time=8.671875e-01 dt=7.812500e-03
elapsed=4.813808e+01 cycle=113 time=8.750000e-01 dt=7.812500e-03
elapsed=4.916664e+01 cycle=114 time=8.828125e-01 dt=7.812500e-03
elapsed=5.011941e+01 cycle=115 time=8.906250e-01 dt=7.812500e-03
elapsed=5.111196e+01 cycle=116 time=8.984375e-01 dt=7.812500e-03
elapsed=5.209767e+01 cycle=117 time=9.062500e-01 dt=7.812500e-03
elapsed=5.301821e+01 cycle=118 time=9.140625e-01 dt=7.812500e-03
elapsed=5.403378e+01 cycle=119 time=9.218750e-01 dt=7.812500e-03
elapsed=5.503067e+01 cycle=120 time=9.296875e-01 dt=7.812500e-03
elapsed=5.600969e+01 cycle=121 time=9.375000e-01 dt=7.812500e-03
elapsed=5.692315e+01 cycle=122 time=9.453125e-01 dt=7.812500e-03
elapsed=5.791137e+01 cycle=123 time=9.531250e-01 dt=7.812500e-03
elapsed=5.895931e+01 cycle=124 time=9.609375e-01 dt=7.812500e-03
elapsed=5.993671e+01 cycle=125 time=9.687500e-01 dt=7.812500e-03
elapsed=6.091266e+01 cycle=126 time=9.765625e-01 dt=7.812500e-03
elapsed=6.193436e+01 cycle=127 time=9.843750e-01 dt=7.812500e-03
elapsed=6.295560e+01 cycle=128 time=9.921875e-01 dt=7.812500e-03
elapsed=6.412101e+01 cycle=129 time=1.000000e+00 dt=7.812500e-03

Terminating on time limit
time=1.000000e+00 cycle=129
tlim=1.000000e+00 nlim=-1

MeshBlock-cycles = 14848
cpu time used  = 6.315939e+01
zone-cycles/cpu_second = 1.203649e+05
particle-updates/cpu_second = 0.000000e+00
