-- The C compiler identification is GNU 13.4.0
-- The CXX compiler identification is IntelLLVM 2025.3.2
-- Detecting C compiler ABI info
-- Detecting C compiler ABI info - done
-- Check for working C compiler: /opt/aurora/26.26.0/spack/unified/1.1.1/install/linux-x86_64/gcc-13.4.0-hgnyg4p/bin/gcc - skipped
-- Detecting C compile features
-- Detecting C compile features - done
-- Detecting CXX compiler ABI info
-- Detecting CXX compiler ABI info - done
-- Check for working CXX compiler: /opt/aurora/26.26.0/spack/unified/1.1.1/install/linux-x86_64/mpich-5.0.0.aurora_test.3c70a61-hlkigtk/bin/mpicxx - skipped
-- Detecting CXX compile features
-- Detecting CXX compile features - done
CMake Warning (dev) at CMakeLists.txt:54 (find_package):
  Policy CMP0074 is not set: find_package uses <PackageName>_ROOT variables.
  Run "cmake --help-policy CMP0074" for policy details.  Use the cmake_policy
  command to set the policy and suppress this warning.

  Environment variable MPI_ROOT is set to:

    /opt/aurora/26.26.0/spack/unified/1.1.1/install/linux-x86_64/mpich-5.0.0.aurora_test.3c70a61-hlkigtk

  For compatibility, CMake is ignoring the variable.
This warning is for project developers.  Use -Wno-dev to suppress it.

-- Found MPI_CXX: /opt/aurora/26.26.0/spack/unified/1.1.1/install/linux-x86_64/mpich-5.0.0.aurora_test.3c70a61-hlkigtk/bin/mpicxx (found version "4.1")
-- Found MPI: TRUE (found version "4.1") found components: CXX
-- Found OpenMP_CXX: -fiopenmp (found version "5.1")
-- Found OpenMP: TRUE (found version "5.1") found components: CXX
-- Setting default Kokkos CXX standard to 17
-- Kokkos version: 4.7.2
-- The project name is: Kokkos
-- Using internal gtest for testing
-- Configured git information in /lus/flare/projects/CompactBinaryMerger/hzhu/z4c-vc-amr-21b91213-20260822/build-sycl/kokkos/generated/Kokkos_Version_Info.cpp
-- Using -std=c++17 for C++17 standard as feature
-- Looking for SYCL_EXT_ONEAPI_DEVICE_GLOBAL
-- Looking for SYCL_EXT_ONEAPI_DEVICE_GLOBAL - found
-- Looking for SYCL_EXT_ONEAPI_GRAPH
-- Looking for SYCL_EXT_ONEAPI_GRAPH - found
-- Built-in Execution Spaces:
--     Device Parallel: Kokkos::SYCL
--     Host Parallel: Kokkos::OpenMP
--       Host Serial: SERIAL
-- 
-- Architectures:
--  INTEL_PVC
-- Looking for C++ include oneapi/dpl/execution
-- Looking for C++ include oneapi/dpl/execution - found
-- Looking for C++ include oneapi/dpl/algorithm
-- Looking for C++ include oneapi/dpl/algorithm - found
-- Performing Test KOKKOS_NO_TBB_CONFLICT
-- Performing Test KOKKOS_NO_TBB_CONFLICT - Success
-- Found OpenMP_CXX: -fiopenmp (found suitable version "5.1", minimum required is "3.0")
-- Found OpenMP: TRUE (found suitable version "5.1", minimum required is "3.0") found components: CXX
-- Using internal desul_atomics copy
-- Performing Test KOKKOS_LINK_OPTIONS_CHECK
-- Performing Test KOKKOS_LINK_OPTIONS_CHECK - Success
-- Performing Test KOKKOS_COMPILE_OPTIONS_CHECK
-- Performing Test KOKKOS_COMPILE_OPTIONS_CHECK - Success
-- Experimental mdspan support is enabled
-- Using internal mdspan directory /home/hzhu/athenak-vc-qual-20260822/kokkos/tpls/mdspan/include
-- Kokkos Backends: OPENMP;SERIAL;SYCL
CMake Warning (dev) at CMakeLists.txt:330 (find_package):
  Policy CMP0148 is not set: The FindPythonInterp and FindPythonLibs modules
  are removed.  Run "cmake --help-policy CMP0148" for policy details.  Use
  the cmake_policy command to set the policy and suppress this warning.

This warning is for project developers.  Use -Wno-dev to suppress it.

-- Found PythonInterp: /opt/aurora/26.26.0/spack/unified/1.1.1/install/linux-x86_64/python-3.12.12-nvje3vk/bin/python3 (found suitable version "3.12.12", minimum required is "3")
-- Configuring done (32.2s)
-- Generating done (8.3s)
-- Build files have been written to: /lus/flare/projects/CompactBinaryMerger/hzhu/z4c-vc-amr-21b91213-20260822/build-sycl
