
Root grid = 1 x 1 x 1 MeshBlocks
Total number of MeshBlocks = 176
Number of logical  levels of refinement = 4 (5 levels total)
Number of physical levels of refinement = 4 (5 levels total)
  Physical level = 2 (logical level = 2): 56 MeshBlocks, cost = 56
  Physical level = 3 (logical level = 3): 56 MeshBlocks, cost = 56
  Physical level = 4 (logical level = 4): 96 MeshBlocks, cost = 64
Number of parallel ranks = 1
AssembleZ4cTasks

Setup complete, executing task list(s)...

elapsed=7.324301e-01 cycle=33 time=5.000000e-01 dt=1.562500e-02
elapsed=1.514791e+00 cycle=34 time=5.156250e-01 dt=1.562500e-02
elapsed=2.243274e+00 cycle=35 time=5.312500e-01 dt=1.562500e-02
elapsed=2.926035e+00 cycle=36 time=5.468750e-01 dt=1.562500e-02
elapsed=3.723679e+00 cycle=37 time=5.625000e-01 dt=1.562500e-02
elapsed=4.459900e+00 cycle=38 time=5.781250e-01 dt=1.562500e-02
elapsed=5.153302e+00 cycle=39 time=5.937500e-01 dt=1.562500e-02
elapsed=5.894331e+00 cycle=40 time=6.093750e-01 dt=1.562500e-02
elapsed=6.608531e+00 cycle=41 time=6.250000e-01 dt=1.562500e-02
elapsed=7.296900e+00 cycle=42 time=6.406250e-01 dt=1.562500e-02
elapsed=8.018784e+00 cycle=43 time=6.562500e-01 dt=1.562500e-02
elapsed=8.782196e+00 cycle=44 time=6.718750e-01 dt=1.562500e-02
elapsed=9.508500e+00 cycle=45 time=6.875000e-01 dt=1.562500e-02
elapsed=1.021909e+01 cycle=46 time=7.031250e-01 dt=1.562500e-02
elapsed=1.091981e+01 cycle=47 time=7.187500e-01 dt=1.562500e-02
elapsed=1.166709e+01 cycle=48 time=7.343750e-01 dt=1.562500e-02
elapsed=1.237945e+01 cycle=49 time=7.500000e-01 dt=1.562500e-02
elapsed=1.305817e+01 cycle=50 time=7.656250e-01 dt=1.562500e-02
elapsed=1.382177e+01 cycle=51 time=7.812500e-01 dt=1.562500e-02
elapsed=1.456258e+01 cycle=52 time=7.968750e-01 dt=1.562500e-02
elapsed=1.523847e+01 cycle=53 time=8.125000e-01 dt=1.562500e-02
elapsed=1.600723e+01 cycle=54 time=8.281250e-01 dt=1.562500e-02
elapsed=1.668549e+01 cycle=55 time=8.437500e-01 dt=1.562500e-02
elapsed=1.739937e+01 cycle=56 time=8.593750e-01 dt=1.562500e-02
elapsed=1.817564e+01 cycle=57 time=8.750000e-01 dt=1.562500e-02
