
Root grid = 4 x 4 x 4 MeshBlocks
Total number of MeshBlocks = 2500
Number of logical  levels of refinement = 9 (10 levels total)
Number of physical levels of refinement = 7 (8 levels total)
  Physical level = 0 (logical level = 2): 16 MeshBlocks, cost = 16
  Physical level = 1 (logical level = 3): 336 MeshBlocks, cost = 336
  Physical level = 2 (logical level = 4): 336 MeshBlocks, cost = 336
  Physical level = 3 (logical level = 5): 336 MeshBlocks, cost = 336
  Physical level = 4 (logical level = 6): 336 MeshBlocks, cost = 336
  Physical level = 5 (logical level = 7): 332 MeshBlocks, cost = 332
  Physical level = 6 (logical level = 8): 360 MeshBlocks, cost = 360
  Physical level = 7 (logical level = 9): 448 MeshBlocks, cost = 448
Number of parallel ranks = 192
  Rank = 0: 13 MeshBlocks, cost = 13
  Rank = 1: 13 MeshBlocks, cost = 13
  Rank = 2: 13 MeshBlocks, cost = 13
  Rank = 3: 13 MeshBlocks, cost = 13
  Rank = 4: 13 MeshBlocks, cost = 13
  Rank = 5: 13 MeshBlocks, cost = 13
  Rank = 6: 13 MeshBlocks, cost = 13
  Rank = 7: 13 MeshBlocks, cost = 13
  Rank = 8: 13 MeshBlocks, cost = 13
  Rank = 9: 13 MeshBlocks, cost = 13
  Rank = 10: 13 MeshBlocks, cost = 13
  Rank = 11: 13 MeshBlocks, cost = 13
  Rank = 12: 13 MeshBlocks, cost = 13
  Rank = 13: 13 MeshBlocks, cost = 13
  Rank = 14: 13 MeshBlocks, cost = 13
  Rank = 15: 13 MeshBlocks, cost = 13
  Rank = 16: 13 MeshBlocks, cost = 13
  Rank = 17: 13 MeshBlocks, cost = 13
  Rank = 18: 13 MeshBlocks, cost = 13
  Rank = 19: 13 MeshBlocks, cost = 13
  Rank = 20: 13 MeshBlocks, cost = 13
  Rank = 21: 13 MeshBlocks, cost = 13
  Rank = 22: 13 MeshBlocks, cost = 13
  Rank = 23: 13 MeshBlocks, cost = 13
  Rank = 24: 13 MeshBlocks, cost = 13
  Rank = 25: 13 MeshBlocks, cost = 13
  Rank = 26: 13 MeshBlocks, cost = 13
  Rank = 27: 13 MeshBlocks, cost = 13
  Rank = 28: 13 MeshBlocks, cost = 13
  Rank = 29: 13 MeshBlocks, cost = 13
  Rank = 30: 13 MeshBlocks, cost = 13
  Rank = 31: 13 MeshBlocks, cost = 13
  Rank = 32: 13 MeshBlocks, cost = 13
  Rank = 33: 13 MeshBlocks, cost = 13
  Rank = 34: 13 MeshBlocks, cost = 13
  Rank = 35: 13 MeshBlocks, cost = 13
  Rank = 36: 13 MeshBlocks, cost = 13
  Rank = 37: 13 MeshBlocks, cost = 13
  Rank = 38: 13 MeshBlocks, cost = 13
  Rank = 39: 13 MeshBlocks, cost = 13
  Rank = 40: 13 MeshBlocks, cost = 13
  Rank = 41: 13 MeshBlocks, cost = 13
  Rank = 42: 13 MeshBlocks, cost = 13
  Rank = 43: 13 MeshBlocks, cost = 13
  Rank = 44: 13 MeshBlocks, cost = 13
  Rank = 45: 13 MeshBlocks, cost = 13
  Rank = 46: 13 MeshBlocks, cost = 13
  Rank = 47: 13 MeshBlocks, cost = 13
  Rank = 48: 13 MeshBlocks, cost = 13
  Rank = 49: 13 MeshBlocks, cost = 13
  Rank = 50: 13 MeshBlocks, cost = 13
  Rank = 51: 13 MeshBlocks, cost = 13
  Rank = 52: 13 MeshBlocks, cost = 13
  Rank = 53: 13 MeshBlocks, cost = 13
  Rank = 54: 13 MeshBlocks, cost = 13
  Rank = 55: 13 MeshBlocks, cost = 13
  Rank = 56: 13 MeshBlocks, cost = 13
  Rank = 57: 13 MeshBlocks, cost = 13
  Rank = 58: 13 MeshBlocks, cost = 13
  Rank = 59: 13 MeshBlocks, cost = 13
  Rank = 60: 13 MeshBlocks, cost = 13
  Rank = 61: 13 MeshBlocks, cost = 13
  Rank = 62: 13 MeshBlocks, cost = 13
  Rank = 63: 13 MeshBlocks, cost = 13
  Rank = 64: 13 MeshBlocks, cost = 13
  Rank = 65: 13 MeshBlocks, cost = 13
  Rank = 66: 13 MeshBlocks, cost = 13
  Rank = 67: 13 MeshBlocks, cost = 13
  Rank = 68: 13 MeshBlocks, cost = 13
  Rank = 69: 13 MeshBlocks, cost = 13
  Rank = 70: 13 MeshBlocks, cost = 13
  Rank = 71: 13 MeshBlocks, cost = 13
  Rank = 72: 13 MeshBlocks, cost = 13
  Rank = 73: 13 MeshBlocks, cost = 13
  Rank = 74: 13 MeshBlocks, cost = 13
  Rank = 75: 13 MeshBlocks, cost = 13
  Rank = 76: 13 MeshBlocks, cost = 13
  Rank = 77: 13 MeshBlocks, cost = 13
  Rank = 78: 13 MeshBlocks, cost = 13
  Rank = 79: 13 MeshBlocks, cost = 13
  Rank = 80: 13 MeshBlocks, cost = 13
  Rank = 81: 13 MeshBlocks, cost = 13
  Rank = 82: 13 MeshBlocks, cost = 13
  Rank = 83: 13 MeshBlocks, cost = 13
  Rank = 84: 13 MeshBlocks, cost = 13
  Rank = 85: 13 MeshBlocks, cost = 13
  Rank = 86: 13 MeshBlocks, cost = 13
  Rank = 87: 13 MeshBlocks, cost = 13
  Rank = 88: 13 MeshBlocks, cost = 13
  Rank = 89: 13 MeshBlocks, cost = 13
  Rank = 90: 13 MeshBlocks, cost = 13
  Rank = 91: 13 MeshBlocks, cost = 13
  Rank = 92: 13 MeshBlocks, cost = 13
  Rank = 93: 13 MeshBlocks, cost = 13
  Rank = 94: 13 MeshBlocks, cost = 13
  Rank = 95: 13 MeshBlocks, cost = 13
  Rank = 96: 13 MeshBlocks, cost = 13
  Rank = 97: 13 MeshBlocks, cost = 13
  Rank = 98: 13 MeshBlocks, cost = 13
  Rank = 99: 13 MeshBlocks, cost = 13
  Rank = 100: 13 MeshBlocks, cost = 13
  Rank = 101: 13 MeshBlocks, cost = 13
  Rank = 102: 13 MeshBlocks, cost = 13
  Rank = 103: 13 MeshBlocks, cost = 13
  Rank = 104: 13 MeshBlocks, cost = 13
  Rank = 105: 13 MeshBlocks, cost = 13
  Rank = 106: 13 MeshBlocks, cost = 13
  Rank = 107: 13 MeshBlocks, cost = 13
  Rank = 108: 13 MeshBlocks, cost = 13
  Rank = 109: 13 MeshBlocks, cost = 13
  Rank = 110: 13 MeshBlocks, cost = 13
  Rank = 111: 13 MeshBlocks, cost = 13
  Rank = 112: 13 MeshBlocks, cost = 13
  Rank = 113: 13 MeshBlocks, cost = 13
  Rank = 114: 13 MeshBlocks, cost = 13
  Rank = 115: 13 MeshBlocks, cost = 13
  Rank = 116: 13 MeshBlocks, cost = 13
  Rank = 117: 13 MeshBlocks, cost = 13
  Rank = 118: 13 MeshBlocks, cost = 13
  Rank = 119: 13 MeshBlocks, cost = 13
  Rank = 120: 13 MeshBlocks, cost = 13
  Rank = 121: 13 MeshBlocks, cost = 13
  Rank = 122: 13 MeshBlocks, cost = 13
  Rank = 123: 13 MeshBlocks, cost = 13
  Rank = 124: 13 MeshBlocks, cost = 13
  Rank = 125: 13 MeshBlocks, cost = 13
  Rank = 126: 13 MeshBlocks, cost = 13
  Rank = 127: 13 MeshBlocks, cost = 13
  Rank = 128: 13 MeshBlocks, cost = 13
  Rank = 129: 13 MeshBlocks, cost = 13
  Rank = 130: 13 MeshBlocks, cost = 13
  Rank = 131: 13 MeshBlocks, cost = 13
  Rank = 132: 13 MeshBlocks, cost = 13
  Rank = 133: 13 MeshBlocks, cost = 13
  Rank = 134: 13 MeshBlocks, cost = 13
  Rank = 135: 13 MeshBlocks, cost = 13
  Rank = 136: 13 MeshBlocks, cost = 13
  Rank = 137: 13 MeshBlocks, cost = 13
  Rank = 138: 13 MeshBlocks, cost = 13
  Rank = 139: 13 MeshBlocks, cost = 13
  Rank = 140: 13 MeshBlocks, cost = 13
  Rank = 141: 13 MeshBlocks, cost = 13
  Rank = 142: 13 MeshBlocks, cost = 13
  Rank = 143: 13 MeshBlocks, cost = 13
  Rank = 144: 13 MeshBlocks, cost = 13
  Rank = 145: 13 MeshBlocks, cost = 13
  Rank = 146: 13 MeshBlocks, cost = 13
  Rank = 147: 13 MeshBlocks, cost = 13
  Rank = 148: 13 MeshBlocks, cost = 13
  Rank = 149: 13 MeshBlocks, cost = 13
  Rank = 150: 13 MeshBlocks, cost = 13
  Rank = 151: 13 MeshBlocks, cost = 13
  Rank = 152: 13 MeshBlocks, cost = 13
  Rank = 153: 13 MeshBlocks, cost = 13
  Rank = 154: 13 MeshBlocks, cost = 13
  Rank = 155: 13 MeshBlocks, cost = 13
  Rank = 156: 13 MeshBlocks, cost = 13
  Rank = 157: 13 MeshBlocks, cost = 13
  Rank = 158: 13 MeshBlocks, cost = 13
  Rank = 159: 13 MeshBlocks, cost = 13
  Rank = 160: 13 MeshBlocks, cost = 13
  Rank = 161: 13 MeshBlocks, cost = 13
  Rank = 162: 13 MeshBlocks, cost = 13
  Rank = 163: 13 MeshBlocks, cost = 13
  Rank = 164: 13 MeshBlocks, cost = 13
  Rank = 165: 13 MeshBlocks, cost = 13
  Rank = 166: 13 MeshBlocks, cost = 13
  Rank = 167: 13 MeshBlocks, cost = 13
  Rank = 168: 13 MeshBlocks, cost = 13
  Rank = 169: 13 MeshBlocks, cost = 13
  Rank = 170: 13 MeshBlocks, cost = 13
  Rank = 171: 13 MeshBlocks, cost = 13
  Rank = 172: 13 MeshBlocks, cost = 13
  Rank = 173: 13 MeshBlocks, cost = 13
  Rank = 174: 13 MeshBlocks, cost = 13
  Rank = 175: 13 MeshBlocks, cost = 13
  Rank = 176: 13 MeshBlocks, cost = 13
  Rank = 177: 13 MeshBlocks, cost = 13
  Rank = 178: 13 MeshBlocks, cost = 13
  Rank = 179: 13 MeshBlocks, cost = 13
  Rank = 180: 13 MeshBlocks, cost = 13
  Rank = 181: 13 MeshBlocks, cost = 13
  Rank = 182: 13 MeshBlocks, cost = 13
  Rank = 183: 13 MeshBlocks, cost = 13
  Rank = 184: 13 MeshBlocks, cost = 13
  Rank = 185: 13 MeshBlocks, cost = 13
  Rank = 186: 13 MeshBlocks, cost = 13
  Rank = 187: 13 MeshBlocks, cost = 13
  Rank = 188: 14 MeshBlocks, cost = 14
  Rank = 189: 14 MeshBlocks, cost = 14
  Rank = 190: 14 MeshBlocks, cost = 14
  Rank = 191: 14 MeshBlocks, cost = 14
Load Balancing:
  Maximum normalized cost = 1.07692, Average = 1.0016
Fastflow restored full spectral guess at t=4.50715 with lmax=64
AssembleZ4cTasks
### WARNING in /lus/flare/projects/CompactBinaryMerger/hzhu/telegrapher_lapse_20260929/source/src/parameter_input.cpp: input parameter <time>/start_time = 0 was not used by the code (check for a typo)
### WARNING in /lus/flare/projects/CompactBinaryMerger/hzhu/telegrapher_lapse_20260929/source/src/parameter_input.cpp: input parameter <problem>/punc_ADM_mass = 1. was not used by the code (check for a typo)
### WARNING in /lus/flare/projects/CompactBinaryMerger/hzhu/telegrapher_lapse_20260929/source/src/parameter_input.cpp: input parameter <problem>/punc_velocity_x1 = 0.9797958971132712 was not used by the code (check for a typo)
### WARNING in /lus/flare/projects/CompactBinaryMerger/hzhu/telegrapher_lapse_20260929/source/src/parameter_input.cpp: input parameter <problem>/punc_center_x1 = 0 was not used by the code (check for a typo)
### WARNING in /lus/flare/projects/CompactBinaryMerger/hzhu/telegrapher_lapse_20260929/source/src/parameter_input.cpp: input parameter <problem>/punc_center_x2 = 0 was not used by the code (check for a typo)
### WARNING in /lus/flare/projects/CompactBinaryMerger/hzhu/telegrapher_lapse_20260929/source/src/parameter_input.cpp: input parameter <problem>/punc_center_x3 = 0 was not used by the code (check for a typo)
### WARNING in /lus/flare/projects/CompactBinaryMerger/hzhu/telegrapher_lapse_20260929/source/src/parameter_input.cpp: input parameter <problem>/punc_velocity_x2 = 0 was not used by the code (check for a typo)
### WARNING in /lus/flare/projects/CompactBinaryMerger/hzhu/telegrapher_lapse_20260929/source/src/parameter_input.cpp: input parameter <problem>/punc_velocity_x3 = 0 was not used by the code (check for a typo)
### WARNING in /lus/flare/projects/CompactBinaryMerger/hzhu/telegrapher_lapse_20260929/source/src/parameter_input.cpp: input parameter <refined_region1>/level = 7 was not used by the code (check for a typo)
### WARNING in /lus/flare/projects/CompactBinaryMerger/hzhu/telegrapher_lapse_20260929/source/src/parameter_input.cpp: input parameter <refined_region1>/x1min = -1 was not used by the code (check for a typo)
### WARNING in /lus/flare/projects/CompactBinaryMerger/hzhu/telegrapher_lapse_20260929/source/src/parameter_input.cpp: input parameter <refined_region1>/x1max = 1 was not used by the code (check for a typo)
### WARNING in /lus/flare/projects/CompactBinaryMerger/hzhu/telegrapher_lapse_20260929/source/src/parameter_input.cpp: input parameter <refined_region1>/x2min = -1 was not used by the code (check for a typo)
### WARNING in /lus/flare/projects/CompactBinaryMerger/hzhu/telegrapher_lapse_20260929/source/src/parameter_input.cpp: input parameter <refined_region1>/x2max = 1 was not used by the code (check for a typo)
### WARNING in /lus/flare/projects/CompactBinaryMerger/hzhu/telegrapher_lapse_20260929/source/src/parameter_input.cpp: input parameter <refined_region1>/x3min = -1 was not used by the code (check for a typo)
### WARNING in /lus/flare/projects/CompactBinaryMerger/hzhu/telegrapher_lapse_20260929/source/src/parameter_input.cpp: input parameter <refined_region1>/x3max = 1 was not used by the code (check for a typo)

Setup complete, executing task list(s)...

elapsed=9.770325e+00 cycle=2800 time=4.522583e+00 dt=1.542498e-03
elapsed=2.035950e+02 cycle=2900 time=4.681672e+00 dt=1.660964e-03
elapsed=5.005671e+02 cycle=3000 time=4.847164e+00 dt=1.648835e-03
elapsed=6.947417e+02 cycle=3100 time=5.011464e+00 dt=1.637096e-03
elapsed=9.819883e+02 cycle=3200 time=5.174608e+00 dt=1.625746e-03
elapsed=1.259543e+03 cycle=3300 time=5.336985e+00 dt=1.618866e-03
elapsed=1.403686e+03 cycle=3400 time=5.498326e+00 dt=1.607914e-03
elapsed=1.685177e+03 cycle=3500 time=5.658592e+00 dt=1.597372e-03
elapsed=1.830899e+03 cycle=3600 time=5.817824e+00 dt=1.587224e-03
elapsed=2.118542e+03 cycle=3700 time=5.976060e+00 dt=1.577454e-03
elapsed=2.404152e+03 cycle=3800 time=6.133337e+00 dt=1.568047e-03
elapsed=2.547210e+03 cycle=3900 time=6.289690e+00 dt=1.558986e-03
elapsed=2.827415e+03 cycle=4000 time=6.445154e+00 dt=1.550256e-03
elapsed=2.969949e+03 cycle=4100 time=6.599760e+00 dt=1.541840e-03

Terminating on wall clock limit
time=6.625960e+00 cycle=4117
tlim=2.000000e+01 nlim=-1

Current number of MeshBlocks = 2528
112 MeshBlocks created, 84 deleted by AMR
4990 communicated for load balancing, load balancing efficiency = 3.133055e-01

MeshBlock-cycles = 3329336
cpu time used  = 3.195877e+03
zone-cycles/cpu_second = 3.413639e+07
particle-updates/cpu_second = 0.000000e+00
AssembleZ4cTasks
AssembleZ4cTasks
AssembleZ4cTasks
AssembleZ4cTasks
AssembleZ4cTasks
AssembleZ4cTasks
AssembleZ4cTasks
AssembleZ4cTasks
AssembleZ4cTasks
AssembleZ4cTasks
AssembleZ4cTasks
AssembleZ4cTasks
AssembleZ4cTasks
AssembleZ4cTasks
AssembleZ4cTasks
AssembleZ4cTasks
AssembleZ4cTasks
AssembleZ4cTasks
AssembleZ4cTasks
AssembleZ4cTasks
AssembleZ4cTasks
AssembleZ4cTasks
AssembleZ4cTasks
AssembleZ4cTasks
AssembleZ4cTasks
AssembleZ4cTasks
AssembleZ4cTasks
AssembleZ4cTasks
AssembleZ4cTasks
AssembleZ4cTasks
AssembleZ4cTasks
AssembleZ4cTasks
AssembleZ4cTasks
AssembleZ4cTasks
AssembleZ4cTasks
AssembleZ4cTasks
AssembleZ4cTasks
AssembleZ4cTasks
AssembleZ4cTasks
AssembleZ4cTasks
AssembleZ4cTasks
AssembleZ4cTasks
AssembleZ4cTasks
AssembleZ4cTasks
AssembleZ4cTasks
AssembleZ4cTasks
AssembleZ4cTasks
AssembleZ4cTasks
AssembleZ4cTasks
AssembleZ4cTasks
AssembleZ4cTasks
AssembleZ4cTasks
AssembleZ4cTasks
AssembleZ4cTasks
AssembleZ4cTasks
AssembleZ4cTasks
AssembleZ4cTasks
AssembleZ4cTasks
AssembleZ4cTasks
AssembleZ4cTasks
AssembleZ4cTasks
AssembleZ4cTasks
AssembleZ4cTasks
AssembleZ4cTasks
AssembleZ4cTasks
AssembleZ4cTasks
AssembleZ4cTasks
AssembleZ4cTasks
AssembleZ4cTasks
AssembleZ4cTasks
AssembleZ4cTasks
AssembleZ4cTasks
AssembleZ4cTasks
AssembleZ4cTasks
AssembleZ4cTasks
AssembleZ4cTasks
AssembleZ4cTasks
AssembleZ4cTasks
AssembleZ4cTasks
AssembleZ4cTasks
AssembleZ4cTasks
AssembleZ4cTasks
AssembleZ4cTasks
AssembleZ4cTasks
AssembleZ4cTasks
AssembleZ4cTasks
AssembleZ4cTasks
AssembleZ4cTasks
AssembleZ4cTasks
AssembleZ4cTasks
AssembleZ4cTasks
AssembleZ4cTasks
AssembleZ4cTasks
AssembleZ4cTasks
AssembleZ4cTasks
AssembleZ4cTasks
AssembleZ4cTasks
AssembleZ4cTasks
AssembleZ4cTasks
AssembleZ4cTasks
AssembleZ4cTasks
AssembleZ4cTasks
AssembleZ4cTasks
AssembleZ4cTasks
AssembleZ4cTasks
AssembleZ4cTasks
AssembleZ4cTasks
AssembleZ4cTasks
AssembleZ4cTasks
AssembleZ4cTasks
AssembleZ4cTasks
AssembleZ4cTasks
AssembleZ4cTasks
AssembleZ4cTasks
AssembleZ4cTasks
AssembleZ4cTasks
AssembleZ4cTasks
AssembleZ4cTasks
AssembleZ4cTasks
AssembleZ4cTasks
AssembleZ4cTasks
AssembleZ4cTasks
AssembleZ4cTasks
AssembleZ4cTasks
AssembleZ4cTasks
AssembleZ4cTasks
AssembleZ4cTasks
AssembleZ4cTasks
AssembleZ4cTasks
AssembleZ4cTasks
AssembleZ4cTasks
AssembleZ4cTasks
AssembleZ4cTasks
AssembleZ4cTasks
AssembleZ4cTasks
AssembleZ4cTasks
AssembleZ4cTasks
AssembleZ4cTasks
AssembleZ4cTasks
AssembleZ4cTasks
AssembleZ4cTasks
AssembleZ4cTasks
AssembleZ4cTasks
AssembleZ4cTasks
AssembleZ4cTasks
AssembleZ4cTasks
AssembleZ4cTasks
AssembleZ4cTasks
AssembleZ4cTasks
AssembleZ4cTasks
AssembleZ4cTasks
AssembleZ4cTasks
AssembleZ4cTasks
AssembleZ4cTasks
AssembleZ4cTasks
AssembleZ4cTasks
AssembleZ4cTasks
AssembleZ4cTasks
AssembleZ4cTasks
AssembleZ4cTasks
AssembleZ4cTasks
AssembleZ4cTasks
AssembleZ4cTasks
AssembleZ4cTasks
AssembleZ4cTasks
AssembleZ4cTasks
AssembleZ4cTasks
AssembleZ4cTasks
AssembleZ4cTasks
AssembleZ4cTasks
AssembleZ4cTasks
AssembleZ4cTasks
AssembleZ4cTasks
AssembleZ4cTasks
AssembleZ4cTasks
AssembleZ4cTasks
AssembleZ4cTasks
AssembleZ4cTasks
AssembleZ4cTasks
AssembleZ4cTasks
AssembleZ4cTasks
AssembleZ4cTasks
AssembleZ4cTasks
AssembleZ4cTasks
AssembleZ4cTasks
AssembleZ4cTasks
AssembleZ4cTasks
AssembleZ4cTasks
AssembleZ4cTasks
AssembleZ4cTasks
AssembleZ4cTasks
