
Root grid = 1 x 1 x 1 MeshBlocks
Total number of MeshBlocks = 176
Number of logical  levels of refinement = 4 (5 levels total)
Number of physical levels of refinement = 4 (5 levels total)
  Physical level = 2 (logical level = 2): 56 MeshBlocks, cost = 56
  Physical level = 3 (logical level = 3): 56 MeshBlocks, cost = 56
  Physical level = 4 (logical level = 4): 96 MeshBlocks, cost = 64
Number of parallel ranks = 1
AssembleZ4cTasks

Setup complete, executing task list(s)...

elapsed=8.020175e-01 cycle=65 time=1.000000e+00 dt=1.562500e-02
elapsed=1.520353e+00 cycle=66 time=1.015625e+00 dt=1.562500e-02
elapsed=2.359834e+00 cycle=67 time=1.031250e+00 dt=1.562500e-02
elapsed=3.178232e+00 cycle=68 time=1.046875e+00 dt=1.562500e-02
elapsed=3.931076e+00 cycle=69 time=1.062500e+00 dt=1.562500e-02
elapsed=4.689352e+00 cycle=70 time=1.078125e+00 dt=1.562500e-02
elapsed=5.477675e+00 cycle=71 time=1.093750e+00 dt=1.562500e-02
elapsed=6.221577e+00 cycle=72 time=1.109375e+00 dt=1.562500e-02
elapsed=7.073942e+00 cycle=73 time=1.125000e+00 dt=1.562500e-02
elapsed=7.884605e+00 cycle=74 time=1.140625e+00 dt=1.562500e-02
elapsed=8.695878e+00 cycle=75 time=1.156250e+00 dt=1.562500e-02
elapsed=9.478540e+00 cycle=76 time=1.171875e+00 dt=1.562500e-02
elapsed=1.026644e+01 cycle=77 time=1.187500e+00 dt=1.562500e-02
elapsed=1.100383e+01 cycle=78 time=1.203125e+00 dt=1.562500e-02
elapsed=1.177030e+01 cycle=79 time=1.218750e+00 dt=1.562500e-02
elapsed=1.253343e+01 cycle=80 time=1.234375e+00 dt=1.562500e-02
elapsed=1.327988e+01 cycle=81 time=1.250000e+00 dt=1.562500e-02
elapsed=1.410143e+01 cycle=82 time=1.265625e+00 dt=1.562500e-02
elapsed=1.487259e+01 cycle=83 time=1.281250e+00 dt=1.562500e-02
elapsed=1.567189e+01 cycle=84 time=1.296875e+00 dt=1.562500e-02
elapsed=1.642018e+01 cycle=85 time=1.312500e+00 dt=1.562500e-02
elapsed=1.722700e+01 cycle=86 time=1.328125e+00 dt=1.562500e-02
elapsed=1.801147e+01 cycle=87 time=1.343750e+00 dt=1.562500e-02
elapsed=1.874315e+01 cycle=88 time=1.359375e+00 dt=1.562500e-02
elapsed=1.950785e+01 cycle=89 time=1.375000e+00 dt=1.562500e-02
elapsed=2.033377e+01 cycle=90 time=1.390625e+00 dt=1.562500e-02
elapsed=2.103953e+01 cycle=91 time=1.406250e+00 dt=1.562500e-02
elapsed=2.178845e+01 cycle=92 time=1.421875e+00 dt=1.562500e-02
elapsed=2.251842e+01 cycle=93 time=1.437500e+00 dt=1.562500e-02
elapsed=2.330072e+01 cycle=94 time=1.453125e+00 dt=1.562500e-02
elapsed=2.411437e+01 cycle=95 time=1.468750e+00 dt=1.562500e-02
elapsed=2.490195e+01 cycle=96 time=1.484375e+00 dt=1.562500e-02
elapsed=2.568520e+01 cycle=97 time=1.500000e+00 dt=1.562500e-02
elapsed=2.644735e+01 cycle=98 time=1.515625e+00 dt=1.562500e-02
elapsed=2.714036e+01 cycle=99 time=1.531250e+00 dt=1.562500e-02
elapsed=2.796344e+01 cycle=100 time=1.546875e+00 dt=1.562500e-02
elapsed=2.870641e+01 cycle=101 time=1.562500e+00 dt=1.562500e-02
elapsed=2.943433e+01 cycle=102 time=1.578125e+00 dt=1.562500e-02
elapsed=3.020141e+01 cycle=103 time=1.593750e+00 dt=1.562500e-02
elapsed=3.096629e+01 cycle=104 time=1.609375e+00 dt=1.562500e-02
elapsed=3.166672e+01 cycle=105 time=1.625000e+00 dt=1.562500e-02
elapsed=3.247029e+01 cycle=106 time=1.640625e+00 dt=1.562500e-02
elapsed=3.325859e+01 cycle=107 time=1.656250e+00 dt=1.562500e-02
elapsed=3.399644e+01 cycle=108 time=1.671875e+00 dt=1.562500e-02
elapsed=3.477719e+01 cycle=109 time=1.687500e+00 dt=1.562500e-02
elapsed=3.557141e+01 cycle=110 time=1.703125e+00 dt=1.562500e-02
elapsed=3.626199e+01 cycle=111 time=1.718750e+00 dt=1.562500e-02
elapsed=3.705220e+01 cycle=112 time=1.734375e+00 dt=1.562500e-02
elapsed=3.789443e+01 cycle=113 time=1.750000e+00 dt=1.562500e-02
elapsed=3.864593e+01 cycle=114 time=1.765625e+00 dt=1.562500e-02
elapsed=3.937432e+01 cycle=115 time=1.781250e+00 dt=1.562500e-02
elapsed=4.015693e+01 cycle=116 time=1.796875e+00 dt=1.562500e-02
elapsed=4.092637e+01 cycle=117 time=1.812500e+00 dt=1.562500e-02
elapsed=4.168365e+01 cycle=118 time=1.828125e+00 dt=1.562500e-02
elapsed=4.247453e+01 cycle=119 time=1.843750e+00 dt=1.562500e-02
elapsed=4.316554e+01 cycle=120 time=1.859375e+00 dt=1.562500e-02
elapsed=4.392619e+01 cycle=121 time=1.875000e+00 dt=1.562500e-02
elapsed=4.470843e+01 cycle=122 time=1.890625e+00 dt=1.562500e-02
elapsed=4.548983e+01 cycle=123 time=1.906250e+00 dt=1.562500e-02
elapsed=4.623952e+01 cycle=124 time=1.921875e+00 dt=1.562500e-02
elapsed=4.695972e+01 cycle=125 time=1.937500e+00 dt=1.562500e-02
elapsed=4.774236e+01 cycle=126 time=1.953125e+00 dt=1.562500e-02
elapsed=4.841691e+01 cycle=127 time=1.968750e+00 dt=1.562500e-02
elapsed=4.910787e+01 cycle=128 time=1.984375e+00 dt=1.562500e-02
elapsed=5.001431e+01 cycle=129 time=2.000000e+00 dt=1.562500e-02

Terminating on time limit
time=2.000000e+00 cycle=129
tlim=2.000000e+00 nlim=-1

MeshBlock-cycles = 11264
cpu time used  = 4.921230e+01
zone-cycles/cpu_second = 1.171896e+05
particle-updates/cpu_second = 0.000000e+00
