
Root grid = 4 x 4 x 4 MeshBlocks
Total number of MeshBlocks = 3200
Number of logical  levels of refinement = 9 (10 levels total)
Number of physical levels of refinement = 7 (8 levels total)
  Physical level = 1 (logical level = 3): 448 MeshBlocks, cost = 448
  Physical level = 2 (logical level = 4): 448 MeshBlocks, cost = 448
  Physical level = 3 (logical level = 5): 448 MeshBlocks, cost = 448
  Physical level = 4 (logical level = 6): 448 MeshBlocks, cost = 448
  Physical level = 5 (logical level = 7): 448 MeshBlocks, cost = 448
  Physical level = 6 (logical level = 8): 448 MeshBlocks, cost = 448
  Physical level = 7 (logical level = 9): 512 MeshBlocks, cost = 512
Number of parallel ranks = 384
  Rank = 0: 8 MeshBlocks, cost = 8
  Rank = 1: 8 MeshBlocks, cost = 8
  Rank = 2: 8 MeshBlocks, cost = 8
  Rank = 3: 8 MeshBlocks, cost = 8
  Rank = 4: 8 MeshBlocks, cost = 8
  Rank = 5: 8 MeshBlocks, cost = 8
  Rank = 6: 8 MeshBlocks, cost = 8
  Rank = 7: 8 MeshBlocks, cost = 8
  Rank = 8: 8 MeshBlocks, cost = 8
  Rank = 9: 8 MeshBlocks, cost = 8
  Rank = 10: 8 MeshBlocks, cost = 8
  Rank = 11: 8 MeshBlocks, cost = 8
  Rank = 12: 8 MeshBlocks, cost = 8
  Rank = 13: 8 MeshBlocks, cost = 8
  Rank = 14: 8 MeshBlocks, cost = 8
  Rank = 15: 8 MeshBlocks, cost = 8
  Rank = 16: 8 MeshBlocks, cost = 8
  Rank = 17: 8 MeshBlocks, cost = 8
  Rank = 18: 8 MeshBlocks, cost = 8
  Rank = 19: 8 MeshBlocks, cost = 8
  Rank = 20: 8 MeshBlocks, cost = 8
  Rank = 21: 8 MeshBlocks, cost = 8
  Rank = 22: 8 MeshBlocks, cost = 8
  Rank = 23: 8 MeshBlocks, cost = 8
  Rank = 24: 8 MeshBlocks, cost = 8
  Rank = 25: 8 MeshBlocks, cost = 8
  Rank = 26: 8 MeshBlocks, cost = 8
  Rank = 27: 8 MeshBlocks, cost = 8
  Rank = 28: 8 MeshBlocks, cost = 8
  Rank = 29: 8 MeshBlocks, cost = 8
  Rank = 30: 8 MeshBlocks, cost = 8
  Rank = 31: 8 MeshBlocks, cost = 8
  Rank = 32: 8 MeshBlocks, cost = 8
  Rank = 33: 8 MeshBlocks, cost = 8
  Rank = 34: 8 MeshBlocks, cost = 8
  Rank = 35: 8 MeshBlocks, cost = 8
  Rank = 36: 8 MeshBlocks, cost = 8
  Rank = 37: 8 MeshBlocks, cost = 8
  Rank = 38: 8 MeshBlocks, cost = 8
  Rank = 39: 8 MeshBlocks, cost = 8
  Rank = 40: 8 MeshBlocks, cost = 8
  Rank = 41: 8 MeshBlocks, cost = 8
  Rank = 42: 8 MeshBlocks, cost = 8
  Rank = 43: 8 MeshBlocks, cost = 8
  Rank = 44: 8 MeshBlocks, cost = 8
  Rank = 45: 8 MeshBlocks, cost = 8
  Rank = 46: 8 MeshBlocks, cost = 8
  Rank = 47: 8 MeshBlocks, cost = 8
  Rank = 48: 8 MeshBlocks, cost = 8
  Rank = 49: 8 MeshBlocks, cost = 8
  Rank = 50: 8 MeshBlocks, cost = 8
  Rank = 51: 8 MeshBlocks, cost = 8
  Rank = 52: 8 MeshBlocks, cost = 8
  Rank = 53: 8 MeshBlocks, cost = 8
  Rank = 54: 8 MeshBlocks, cost = 8
  Rank = 55: 8 MeshBlocks, cost = 8
  Rank = 56: 8 MeshBlocks, cost = 8
  Rank = 57: 8 MeshBlocks, cost = 8
  Rank = 58: 8 MeshBlocks, cost = 8
  Rank = 59: 8 MeshBlocks, cost = 8
  Rank = 60: 8 MeshBlocks, cost = 8
  Rank = 61: 8 MeshBlocks, cost = 8
  Rank = 62: 8 MeshBlocks, cost = 8
  Rank = 63: 8 MeshBlocks, cost = 8
  Rank = 64: 8 MeshBlocks, cost = 8
  Rank = 65: 8 MeshBlocks, cost = 8
  Rank = 66: 8 MeshBlocks, cost = 8
  Rank = 67: 8 MeshBlocks, cost = 8
  Rank = 68: 8 MeshBlocks, cost = 8
  Rank = 69: 8 MeshBlocks, cost = 8
  Rank = 70: 8 MeshBlocks, cost = 8
  Rank = 71: 8 MeshBlocks, cost = 8
  Rank = 72: 8 MeshBlocks, cost = 8
  Rank = 73: 8 MeshBlocks, cost = 8
  Rank = 74: 8 MeshBlocks, cost = 8
  Rank = 75: 8 MeshBlocks, cost = 8
  Rank = 76: 8 MeshBlocks, cost = 8
  Rank = 77: 8 MeshBlocks, cost = 8
  Rank = 78: 8 MeshBlocks, cost = 8
  Rank = 79: 8 MeshBlocks, cost = 8
  Rank = 80: 8 MeshBlocks, cost = 8
  Rank = 81: 8 MeshBlocks, cost = 8
  Rank = 82: 8 MeshBlocks, cost = 8
  Rank = 83: 8 MeshBlocks, cost = 8
  Rank = 84: 8 MeshBlocks, cost = 8
  Rank = 85: 8 MeshBlocks, cost = 8
  Rank = 86: 8 MeshBlocks, cost = 8
  Rank = 87: 8 MeshBlocks, cost = 8
  Rank = 88: 8 MeshBlocks, cost = 8
  Rank = 89: 8 MeshBlocks, cost = 8
  Rank = 90: 8 MeshBlocks, cost = 8
  Rank = 91: 8 MeshBlocks, cost = 8
  Rank = 92: 8 MeshBlocks, cost = 8
  Rank = 93: 8 MeshBlocks, cost = 8
  Rank = 94: 8 MeshBlocks, cost = 8
  Rank = 95: 8 MeshBlocks, cost = 8
  Rank = 96: 8 MeshBlocks, cost = 8
  Rank = 97: 8 MeshBlocks, cost = 8
  Rank = 98: 8 MeshBlocks, cost = 8
  Rank = 99: 8 MeshBlocks, cost = 8
  Rank = 100: 8 MeshBlocks, cost = 8
  Rank = 101: 8 MeshBlocks, cost = 8
  Rank = 102: 8 MeshBlocks, cost = 8
  Rank = 103: 8 MeshBlocks, cost = 8
  Rank = 104: 8 MeshBlocks, cost = 8
  Rank = 105: 8 MeshBlocks, cost = 8
  Rank = 106: 8 MeshBlocks, cost = 8
  Rank = 107: 8 MeshBlocks, cost = 8
  Rank = 108: 8 MeshBlocks, cost = 8
  Rank = 109: 8 MeshBlocks, cost = 8
  Rank = 110: 8 MeshBlocks, cost = 8
  Rank = 111: 8 MeshBlocks, cost = 8
  Rank = 112: 8 MeshBlocks, cost = 8
  Rank = 113: 8 MeshBlocks, cost = 8
  Rank = 114: 8 MeshBlocks, cost = 8
  Rank = 115: 8 MeshBlocks, cost = 8
  Rank = 116: 8 MeshBlocks, cost = 8
  Rank = 117: 8 MeshBlocks, cost = 8
  Rank = 118: 8 MeshBlocks, cost = 8
  Rank = 119: 8 MeshBlocks, cost = 8
  Rank = 120: 8 MeshBlocks, cost = 8
  Rank = 121: 8 MeshBlocks, cost = 8
  Rank = 122: 8 MeshBlocks, cost = 8
  Rank = 123: 8 MeshBlocks, cost = 8
  Rank = 124: 8 MeshBlocks, cost = 8
  Rank = 125: 8 MeshBlocks, cost = 8
  Rank = 126: 8 MeshBlocks, cost = 8
  Rank = 127: 8 MeshBlocks, cost = 8
  Rank = 128: 8 MeshBlocks, cost = 8
  Rank = 129: 8 MeshBlocks, cost = 8
  Rank = 130: 8 MeshBlocks, cost = 8
  Rank = 131: 8 MeshBlocks, cost = 8
  Rank = 132: 8 MeshBlocks, cost = 8
  Rank = 133: 8 MeshBlocks, cost = 8
  Rank = 134: 8 MeshBlocks, cost = 8
  Rank = 135: 8 MeshBlocks, cost = 8
  Rank = 136: 8 MeshBlocks, cost = 8
  Rank = 137: 8 MeshBlocks, cost = 8
  Rank = 138: 8 MeshBlocks, cost = 8
  Rank = 139: 8 MeshBlocks, cost = 8
  Rank = 140: 8 MeshBlocks, cost = 8
  Rank = 141: 8 MeshBlocks, cost = 8
  Rank = 142: 8 MeshBlocks, cost = 8
  Rank = 143: 8 MeshBlocks, cost = 8
  Rank = 144: 8 MeshBlocks, cost = 8
  Rank = 145: 8 MeshBlocks, cost = 8
  Rank = 146: 8 MeshBlocks, cost = 8
  Rank = 147: 8 MeshBlocks, cost = 8
  Rank = 148: 8 MeshBlocks, cost = 8
  Rank = 149: 8 MeshBlocks, cost = 8
  Rank = 150: 8 MeshBlocks, cost = 8
  Rank = 151: 8 MeshBlocks, cost = 8
  Rank = 152: 8 MeshBlocks, cost = 8
  Rank = 153: 8 MeshBlocks, cost = 8
  Rank = 154: 8 MeshBlocks, cost = 8
  Rank = 155: 8 MeshBlocks, cost = 8
  Rank = 156: 8 MeshBlocks, cost = 8
  Rank = 157: 8 MeshBlocks, cost = 8
  Rank = 158: 8 MeshBlocks, cost = 8
  Rank = 159: 8 MeshBlocks, cost = 8
  Rank = 160: 8 MeshBlocks, cost = 8
  Rank = 161: 8 MeshBlocks, cost = 8
  Rank = 162: 8 MeshBlocks, cost = 8
  Rank = 163: 8 MeshBlocks, cost = 8
  Rank = 164: 8 MeshBlocks, cost = 8
  Rank = 165: 8 MeshBlocks, cost = 8
  Rank = 166: 8 MeshBlocks, cost = 8
  Rank = 167: 8 MeshBlocks, cost = 8
  Rank = 168: 8 MeshBlocks, cost = 8
  Rank = 169: 8 MeshBlocks, cost = 8
  Rank = 170: 8 MeshBlocks, cost = 8
  Rank = 171: 8 MeshBlocks, cost = 8
  Rank = 172: 8 MeshBlocks, cost = 8
  Rank = 173: 8 MeshBlocks, cost = 8
  Rank = 174: 8 MeshBlocks, cost = 8
  Rank = 175: 8 MeshBlocks, cost = 8
  Rank = 176: 8 MeshBlocks, cost = 8
  Rank = 177: 8 MeshBlocks, cost = 8
  Rank = 178: 8 MeshBlocks, cost = 8
  Rank = 179: 8 MeshBlocks, cost = 8
  Rank = 180: 8 MeshBlocks, cost = 8
  Rank = 181: 8 MeshBlocks, cost = 8
  Rank = 182: 8 MeshBlocks, cost = 8
  Rank = 183: 8 MeshBlocks, cost = 8
  Rank = 184: 8 MeshBlocks, cost = 8
  Rank = 185: 8 MeshBlocks, cost = 8
  Rank = 186: 8 MeshBlocks, cost = 8
  Rank = 187: 8 MeshBlocks, cost = 8
  Rank = 188: 8 MeshBlocks, cost = 8
  Rank = 189: 8 MeshBlocks, cost = 8
  Rank = 190: 8 MeshBlocks, cost = 8
  Rank = 191: 8 MeshBlocks, cost = 8
  Rank = 192: 8 MeshBlocks, cost = 8
  Rank = 193: 8 MeshBlocks, cost = 8
  Rank = 194: 8 MeshBlocks, cost = 8
  Rank = 195: 8 MeshBlocks, cost = 8
  Rank = 196: 8 MeshBlocks, cost = 8
  Rank = 197: 8 MeshBlocks, cost = 8
  Rank = 198: 8 MeshBlocks, cost = 8
  Rank = 199: 8 MeshBlocks, cost = 8
  Rank = 200: 8 MeshBlocks, cost = 8
  Rank = 201: 8 MeshBlocks, cost = 8
  Rank = 202: 8 MeshBlocks, cost = 8
  Rank = 203: 8 MeshBlocks, cost = 8
  Rank = 204: 8 MeshBlocks, cost = 8
  Rank = 205: 8 MeshBlocks, cost = 8
  Rank = 206: 8 MeshBlocks, cost = 8
  Rank = 207: 8 MeshBlocks, cost = 8
  Rank = 208: 8 MeshBlocks, cost = 8
  Rank = 209: 8 MeshBlocks, cost = 8
  Rank = 210: 8 MeshBlocks, cost = 8
  Rank = 211: 8 MeshBlocks, cost = 8
  Rank = 212: 8 MeshBlocks, cost = 8
  Rank = 213: 8 MeshBlocks, cost = 8
  Rank = 214: 8 MeshBlocks, cost = 8
  Rank = 215: 8 MeshBlocks, cost = 8
  Rank = 216: 8 MeshBlocks, cost = 8
  Rank = 217: 8 MeshBlocks, cost = 8
  Rank = 218: 8 MeshBlocks, cost = 8
  Rank = 219: 8 MeshBlocks, cost = 8
  Rank = 220: 8 MeshBlocks, cost = 8
  Rank = 221: 8 MeshBlocks, cost = 8
  Rank = 222: 8 MeshBlocks, cost = 8
  Rank = 223: 8 MeshBlocks, cost = 8
  Rank = 224: 8 MeshBlocks, cost = 8
  Rank = 225: 8 MeshBlocks, cost = 8
  Rank = 226: 8 MeshBlocks, cost = 8
  Rank = 227: 8 MeshBlocks, cost = 8
  Rank = 228: 8 MeshBlocks, cost = 8
  Rank = 229: 8 MeshBlocks, cost = 8
  Rank = 230: 8 MeshBlocks, cost = 8
  Rank = 231: 8 MeshBlocks, cost = 8
  Rank = 232: 8 MeshBlocks, cost = 8
  Rank = 233: 8 MeshBlocks, cost = 8
  Rank = 234: 8 MeshBlocks, cost = 8
  Rank = 235: 8 MeshBlocks, cost = 8
  Rank = 236: 8 MeshBlocks, cost = 8
  Rank = 237: 8 MeshBlocks, cost = 8
  Rank = 238: 8 MeshBlocks, cost = 8
  Rank = 239: 8 MeshBlocks, cost = 8
  Rank = 240: 8 MeshBlocks, cost = 8
  Rank = 241: 8 MeshBlocks, cost = 8
  Rank = 242: 8 MeshBlocks, cost = 8
  Rank = 243: 8 MeshBlocks, cost = 8
  Rank = 244: 8 MeshBlocks, cost = 8
  Rank = 245: 8 MeshBlocks, cost = 8
  Rank = 246: 8 MeshBlocks, cost = 8
  Rank = 247: 8 MeshBlocks, cost = 8
  Rank = 248: 8 MeshBlocks, cost = 8
  Rank = 249: 8 MeshBlocks, cost = 8
  Rank = 250: 8 MeshBlocks, cost = 8
  Rank = 251: 8 MeshBlocks, cost = 8
  Rank = 252: 8 MeshBlocks, cost = 8
  Rank = 253: 8 MeshBlocks, cost = 8
  Rank = 254: 8 MeshBlocks, cost = 8
  Rank = 255: 8 MeshBlocks, cost = 8
  Rank = 256: 9 MeshBlocks, cost = 9
  Rank = 257: 9 MeshBlocks, cost = 9
  Rank = 258: 9 MeshBlocks, cost = 9
  Rank = 259: 9 MeshBlocks, cost = 9
  Rank = 260: 9 MeshBlocks, cost = 9
  Rank = 261: 9 MeshBlocks, cost = 9
  Rank = 262: 9 MeshBlocks, cost = 9
  Rank = 263: 9 MeshBlocks, cost = 9
  Rank = 264: 9 MeshBlocks, cost = 9
  Rank = 265: 9 MeshBlocks, cost = 9
  Rank = 266: 9 MeshBlocks, cost = 9
  Rank = 267: 9 MeshBlocks, cost = 9
  Rank = 268: 9 MeshBlocks, cost = 9
  Rank = 269: 9 MeshBlocks, cost = 9
  Rank = 270: 9 MeshBlocks, cost = 9
  Rank = 271: 9 MeshBlocks, cost = 9
  Rank = 272: 9 MeshBlocks, cost = 9
  Rank = 273: 9 MeshBlocks, cost = 9
  Rank = 274: 9 MeshBlocks, cost = 9
  Rank = 275: 9 MeshBlocks, cost = 9
  Rank = 276: 9 MeshBlocks, cost = 9
  Rank = 277: 9 MeshBlocks, cost = 9
  Rank = 278: 9 MeshBlocks, cost = 9
  Rank = 279: 9 MeshBlocks, cost = 9
  Rank = 280: 9 MeshBlocks, cost = 9
  Rank = 281: 9 MeshBlocks, cost = 9
  Rank = 282: 9 MeshBlocks, cost = 9
  Rank = 283: 9 MeshBlocks, cost = 9
  Rank = 284: 9 MeshBlocks, cost = 9
  Rank = 285: 9 MeshBlocks, cost = 9
  Rank = 286: 9 MeshBlocks, cost = 9
  Rank = 287: 9 MeshBlocks, cost = 9
  Rank = 288: 9 MeshBlocks, cost = 9
  Rank = 289: 9 MeshBlocks, cost = 9
  Rank = 290: 9 MeshBlocks, cost = 9
  Rank = 291: 9 MeshBlocks, cost = 9
  Rank = 292: 9 MeshBlocks, cost = 9
  Rank = 293: 9 MeshBlocks, cost = 9
  Rank = 294: 9 MeshBlocks, cost = 9
  Rank = 295: 9 MeshBlocks, cost = 9
  Rank = 296: 9 MeshBlocks, cost = 9
  Rank = 297: 9 MeshBlocks, cost = 9
  Rank = 298: 9 MeshBlocks, cost = 9
  Rank = 299: 9 MeshBlocks, cost = 9
  Rank = 300: 9 MeshBlocks, cost = 9
  Rank = 301: 9 MeshBlocks, cost = 9
  Rank = 302: 9 MeshBlocks, cost = 9
  Rank = 303: 9 MeshBlocks, cost = 9
  Rank = 304: 9 MeshBlocks, cost = 9
  Rank = 305: 9 MeshBlocks, cost = 9
  Rank = 306: 9 MeshBlocks, cost = 9
  Rank = 307: 9 MeshBlocks, cost = 9
  Rank = 308: 9 MeshBlocks, cost = 9
  Rank = 309: 9 MeshBlocks, cost = 9
  Rank = 310: 9 MeshBlocks, cost = 9
  Rank = 311: 9 MeshBlocks, cost = 9
  Rank = 312: 9 MeshBlocks, cost = 9
  Rank = 313: 9 MeshBlocks, cost = 9
  Rank = 314: 9 MeshBlocks, cost = 9
  Rank = 315: 9 MeshBlocks, cost = 9
  Rank = 316: 9 MeshBlocks, cost = 9
  Rank = 317: 9 MeshBlocks, cost = 9
  Rank = 318: 9 MeshBlocks, cost = 9
  Rank = 319: 9 MeshBlocks, cost = 9
  Rank = 320: 9 MeshBlocks, cost = 9
  Rank = 321: 9 MeshBlocks, cost = 9
  Rank = 322: 9 MeshBlocks, cost = 9
  Rank = 323: 9 MeshBlocks, cost = 9
  Rank = 324: 9 MeshBlocks, cost = 9
  Rank = 325: 9 MeshBlocks, cost = 9
  Rank = 326: 9 MeshBlocks, cost = 9
  Rank = 327: 9 MeshBlocks, cost = 9
  Rank = 328: 9 MeshBlocks, cost = 9
  Rank = 329: 9 MeshBlocks, cost = 9
  Rank = 330: 9 MeshBlocks, cost = 9
  Rank = 331: 9 MeshBlocks, cost = 9
  Rank = 332: 9 MeshBlocks, cost = 9
  Rank = 333: 9 MeshBlocks, cost = 9
  Rank = 334: 9 MeshBlocks, cost = 9
  Rank = 335: 9 MeshBlocks, cost = 9
  Rank = 336: 9 MeshBlocks, cost = 9
  Rank = 337: 9 MeshBlocks, cost = 9
  Rank = 338: 9 MeshBlocks, cost = 9
  Rank = 339: 9 MeshBlocks, cost = 9
  Rank = 340: 9 MeshBlocks, cost = 9
  Rank = 341: 9 MeshBlocks, cost = 9
  Rank = 342: 9 MeshBlocks, cost = 9
  Rank = 343: 9 MeshBlocks, cost = 9
  Rank = 344: 9 MeshBlocks, cost = 9
  Rank = 345: 9 MeshBlocks, cost = 9
  Rank = 346: 9 MeshBlocks, cost = 9
  Rank = 347: 9 MeshBlocks, cost = 9
  Rank = 348: 9 MeshBlocks, cost = 9
  Rank = 349: 9 MeshBlocks, cost = 9
  Rank = 350: 9 MeshBlocks, cost = 9
  Rank = 351: 9 MeshBlocks, cost = 9
  Rank = 352: 9 MeshBlocks, cost = 9
  Rank = 353: 9 MeshBlocks, cost = 9
  Rank = 354: 9 MeshBlocks, cost = 9
  Rank = 355: 9 MeshBlocks, cost = 9
  Rank = 356: 9 MeshBlocks, cost = 9
  Rank = 357: 9 MeshBlocks, cost = 9
  Rank = 358: 9 MeshBlocks, cost = 9
  Rank = 359: 9 MeshBlocks, cost = 9
  Rank = 360: 9 MeshBlocks, cost = 9
  Rank = 361: 9 MeshBlocks, cost = 9
  Rank = 362: 9 MeshBlocks, cost = 9
  Rank = 363: 9 MeshBlocks, cost = 9
  Rank = 364: 9 MeshBlocks, cost = 9
  Rank = 365: 9 MeshBlocks, cost = 9
  Rank = 366: 9 MeshBlocks, cost = 9
  Rank = 367: 9 MeshBlocks, cost = 9
  Rank = 368: 9 MeshBlocks, cost = 9
  Rank = 369: 9 MeshBlocks, cost = 9
  Rank = 370: 9 MeshBlocks, cost = 9
  Rank = 371: 9 MeshBlocks, cost = 9
  Rank = 372: 9 MeshBlocks, cost = 9
  Rank = 373: 9 MeshBlocks, cost = 9
  Rank = 374: 9 MeshBlocks, cost = 9
  Rank = 375: 9 MeshBlocks, cost = 9
  Rank = 376: 9 MeshBlocks, cost = 9
  Rank = 377: 9 MeshBlocks, cost = 9
  Rank = 378: 9 MeshBlocks, cost = 9
  Rank = 379: 9 MeshBlocks, cost = 9
  Rank = 380: 9 MeshBlocks, cost = 9
  Rank = 381: 9 MeshBlocks, cost = 9
  Rank = 382: 9 MeshBlocks, cost = 9
  Rank = 383: 9 MeshBlocks, cost = 9
Load Balancing:
  Maximum normalized cost = 1.125, Average = 1.04167
AssembleZ4cTasks
OnePuncture initialized.
AssembleZ4cTasks
OnePuncture initialized.
AssembleZ4cTasks
OnePuncture initialized.
AssembleZ4cTasks
OnePuncture initialized.
AssembleZ4cTasks
OnePuncture initialized.
AssembleZ4cTasks
OnePuncture initialized.
AssembleZ4cTasks
OnePuncture initialized.
AssembleZ4cTasks
OnePuncture initialized.
AssembleZ4cTasks
OnePuncture initialized.
AssembleZ4cTasks
OnePuncture initialized.
AssembleZ4cTasks
OnePuncture initialized.
AssembleZ4cTasks
OnePuncture initialized.
AssembleZ4cTasks
OnePuncture initialized.
AssembleZ4cTasks
OnePuncture initialized.
AssembleZ4cTasks
OnePuncture initialized.
AssembleZ4cTasks
OnePuncture initialized.
AssembleZ4cTasks
OnePuncture initialized.
AssembleZ4cTasks
OnePuncture initialized.
AssembleZ4cTasks
OnePuncture initialized.
AssembleZ4cTasks
OnePuncture initialized.
AssembleZ4cTasks
OnePuncture initialized.
AssembleZ4cTasks
OnePuncture initialized.
AssembleZ4cTasks
OnePuncture initialized.
AssembleZ4cTasks
OnePuncture initialized.
AssembleZ4cTasks
OnePuncture initialized.
AssembleZ4cTasks
OnePuncture initialized.
AssembleZ4cTasks
OnePuncture initialized.
AssembleZ4cTasks
OnePuncture initialized.
AssembleZ4cTasks
OnePuncture initialized.
AssembleZ4cTasks
OnePuncture initialized.
AssembleZ4cTasks
OnePuncture initialized.
AssembleZ4cTasks
OnePuncture initialized.
AssembleZ4cTasks
OnePuncture initialized.
AssembleZ4cTasks
OnePuncture initialized.
AssembleZ4cTasks
OnePuncture initialized.
AssembleZ4cTasks
OnePuncture initialized.
AssembleZ4cTasks
OnePuncture initialized.
AssembleZ4cTasks
OnePuncture initialized.
AssembleZ4cTasks
OnePuncture initialized.
AssembleZ4cTasks
OnePuncture initialized.
AssembleZ4cTasks
OnePuncture initialized.
AssembleZ4cTasks
OnePuncture initialized.
AssembleZ4cTasks
OnePuncture initialized.
AssembleZ4cTasks
OnePuncture initialized.
AssembleZ4cTasks
OnePuncture initialized.
AssembleZ4cTasks
OnePuncture initialized.
AssembleZ4cTasks
OnePuncture initialized.
AssembleZ4cTasks
OnePuncture initialized.
AssembleZ4cTasks
OnePuncture initialized.
AssembleZ4cTasks
OnePuncture initialized.
AssembleZ4cTasks
OnePuncture initialized.
AssembleZ4cTasks
OnePuncture initialized.
AssembleZ4cTasks
OnePuncture initialized.
AssembleZ4cTasks
OnePuncture initialized.
AssembleZ4cTasks
OnePuncture initialized.
AssembleZ4cTasks
OnePuncture initialized.
AssembleZ4cTasks
OnePuncture initialized.
AssembleZ4cTasks
OnePuncture initialized.
AssembleZ4cTasks
OnePuncture initialized.
AssembleZ4cTasks
OnePuncture initialized.
AssembleZ4cTasks
OnePuncture initialized.
AssembleZ4cTasks
OnePuncture initialized.
AssembleZ4cTasks
OnePuncture initialized.
AssembleZ4cTasks
OnePuncture initialized.
AssembleZ4cTasks
OnePuncture initialized.
AssembleZ4cTasks
OnePuncture initialized.
AssembleZ4cTasks
OnePuncture initialized.
AssembleZ4cTasks
OnePuncture initialized.
AssembleZ4cTasks
OnePuncture initialized.
AssembleZ4cTasks
OnePuncture initialized.
AssembleZ4cTasks
OnePuncture initialized.
AssembleZ4cTasks
OnePuncture initialized.
AssembleZ4cTasks
OnePuncture initialized.
AssembleZ4cTasks
OnePuncture initialized.
AssembleZ4cTasks
OnePuncture initialized.
AssembleZ4cTasks
OnePuncture initialized.
AssembleZ4cTasks
OnePuncture initialized.
AssembleZ4cTasks
OnePuncture initialized.
AssembleZ4cTasks
OnePuncture initialized.
AssembleZ4cTasks
OnePuncture initialized.
AssembleZ4cTasks
OnePuncture initialized.
AssembleZ4cTasks
OnePuncture initialized.
AssembleZ4cTasks
OnePuncture initialized.
AssembleZ4cTasks
OnePuncture initialized.
AssembleZ4cTasks
OnePuncture initialized.
AssembleZ4cTasks
OnePuncture initialized.
AssembleZ4cTasks
OnePuncture initialized.
AssembleZ4cTasks
OnePuncture initialized.
AssembleZ4cTasks
OnePuncture initialized.
AssembleZ4cTasks
OnePuncture initialized.
AssembleZ4cTasks
OnePuncture initialized.
AssembleZ4cTasks
OnePuncture initialized.
AssembleZ4cTasks
OnePuncture initialized.
AssembleZ4cTasks
OnePuncture initialized.
AssembleZ4cTasks
OnePuncture initialized.
AssembleZ4cTasks
OnePuncture initialized.
AssembleZ4cTasks
OnePuncture initialized.
AssembleZ4cTasks
OnePuncture initialized.
AssembleZ4cTasks
OnePuncture initialized.
AssembleZ4cTasks
OnePuncture initialized.
AssembleZ4cTasks
OnePuncture initialized.
AssembleZ4cTasks
OnePuncture initialized.
AssembleZ4cTasks
OnePuncture initialized.
AssembleZ4cTasks
OnePuncture initialized.
AssembleZ4cTasks
OnePuncture initialized.
AssembleZ4cTasks
OnePuncture initialized.
AssembleZ4cTasks
OnePuncture initialized.
AssembleZ4cTasks
OnePuncture initialized.
AssembleZ4cTasks
OnePuncture initialized.
AssembleZ4cTasks
OnePuncture initialized.
AssembleZ4cTasks
OnePuncture initialized.
AssembleZ4cTasks
OnePuncture initialized.
AssembleZ4cTasks
OnePuncture initialized.
AssembleZ4cTasks
OnePuncture initialized.
AssembleZ4cTasks
OnePuncture initialized.
AssembleZ4cTasks
OnePuncture initialized.
AssembleZ4cTasks
OnePuncture initialized.
AssembleZ4cTasks
OnePuncture initialized.
AssembleZ4cTasks
OnePuncture initialized.
AssembleZ4cTasks
OnePuncture initialized.
AssembleZ4cTasks
OnePuncture initialized.
AssembleZ4cTasks
OnePuncture initialized.
AssembleZ4cTasks
OnePuncture initialized.
AssembleZ4cTasks
OnePuncture initialized.
AssembleZ4cTasks
OnePuncture initialized.
AssembleZ4cTasks
OnePuncture initialized.
AssembleZ4cTasks
OnePuncture initialized.
AssembleZ4cTasks
OnePuncture initialized.
AssembleZ4cTasks
OnePuncture initialized.
AssembleZ4cTasks
OnePuncture initialized.
AssembleZ4cTasks
OnePuncture initialized.
AssembleZ4cTasks
OnePuncture initialized.
AssembleZ4cTasks
OnePuncture initialized.
AssembleZ4cTasks
OnePuncture initialized.
AssembleZ4cTasks
OnePuncture initialized.
AssembleZ4cTasks
OnePuncture initialized.
AssembleZ4cTasks
OnePuncture initialized.
AssembleZ4cTasks
OnePuncture initialized.
AssembleZ4cTasks
OnePuncture initialized.
AssembleZ4cTasks
OnePuncture initialized.
AssembleZ4cTasks
OnePuncture initialized.
AssembleZ4cTasks
OnePuncture initialized.
AssembleZ4cTasks
OnePuncture initialized.
AssembleZ4cTasks
OnePuncture initialized.
AssembleZ4cTasks
OnePuncture initialized.
AssembleZ4cTasks
OnePuncture initialized.
AssembleZ4cTasks
OnePuncture initialized.
AssembleZ4cTasks
OnePuncture initialized.
AssembleZ4cTasks
OnePuncture initialized.
AssembleZ4cTasks
OnePuncture initialized.
AssembleZ4cTasks
OnePuncture initialized.
AssembleZ4cTasks
OnePuncture initialized.
AssembleZ4cTasks
OnePuncture initialized.
AssembleZ4cTasks
OnePuncture initialized.
AssembleZ4cTasks
OnePuncture initialized.
AssembleZ4cTasks
OnePuncture initialized.
AssembleZ4cTasks
OnePuncture initialized.
AssembleZ4cTasks
OnePuncture initialized.
AssembleZ4cTasks
OnePuncture initialized.
AssembleZ4cTasks
OnePuncture initialized.
AssembleZ4cTasks
OnePuncture initialized.
AssembleZ4cTasks
OnePuncture initialized.
AssembleZ4cTasks
OnePuncture initialized.
AssembleZ4cTasks
OnePuncture initialized.
AssembleZ4cTasks
OnePuncture initialized.
AssembleZ4cTasks
OnePuncture initialized.
AssembleZ4cTasks
OnePuncture initialized.
AssembleZ4cTasks
OnePuncture initialized.
AssembleZ4cTasks
OnePuncture initialized.
AssembleZ4cTasks
OnePuncture initialized.
AssembleZ4cTasks
OnePuncture initialized.
AssembleZ4cTasks
OnePuncture initialized.
AssembleZ4cTasks
OnePuncture initialized.
AssembleZ4cTasks
OnePuncture initialized.
AssembleZ4cTasks
OnePuncture initialized.
AssembleZ4cTasks
OnePuncture initialized.
AssembleZ4cTasks
OnePuncture initialized.
AssembleZ4cTasks
OnePuncture initialized.
AssembleZ4cTasks
OnePuncture initialized.
AssembleZ4cTasks
OnePuncture initialized.
AssembleZ4cTasks
OnePuncture initialized.
AssembleZ4cTasks
OnePuncture initialized.
AssembleZ4cTasks
OnePuncture initialized.
AssembleZ4cTasks
OnePuncture initialized.
AssembleZ4cTasks
OnePuncture initialized.
AssembleZ4cTasks
OnePuncture initialized.
AssembleZ4cTasks
OnePuncture initialized.
AssembleZ4cTasks
OnePuncture initialized.
AssembleZ4cTasks
OnePuncture initialized.
AssembleZ4cTasks
OnePuncture initialized.
AssembleZ4cTasks
OnePuncture initialized.
AssembleZ4cTasks
OnePuncture initialized.
AssembleZ4cTasks
OnePuncture initialized.
AssembleZ4cTasks
OnePuncture initialized.
AssembleZ4cTasks
OnePuncture initialized.
AssembleZ4cTasks
OnePuncture initialized.
AssembleZ4cTasks
OnePuncture initialized.
AssembleZ4cTasks
OnePuncture initialized.
AssembleZ4cTasks
OnePuncture initialized.
AssembleZ4cTasks
OnePuncture initialized.
AssembleZ4cTasks
OnePuncture initialized.
AssembleZ4cTasks
OnePuncture initialized.
AssembleZ4cTasks
OnePuncture initialized.
AssembleZ4cTasks
OnePuncture initialized.
AssembleZ4cTasks
OnePuncture initialized.
AssembleZ4cTasks
OnePuncture initialized.
AssembleZ4cTasks
OnePuncture initialized.
AssembleZ4cTasks
OnePuncture initialized.
AssembleZ4cTasks
OnePuncture initialized.
AssembleZ4cTasks
OnePuncture initialized.
AssembleZ4cTasks
OnePuncture initialized.
AssembleZ4cTasks
OnePuncture initialized.
AssembleZ4cTasks
OnePuncture initialized.
AssembleZ4cTasks
OnePuncture initialized.
AssembleZ4cTasks
OnePuncture initialized.
AssembleZ4cTasks
OnePuncture initialized.
AssembleZ4cTasks
OnePuncture initialized.
AssembleZ4cTasks
OnePuncture initialized.
AssembleZ4cTasks
OnePuncture initialized.
AssembleZ4cTasks
OnePuncture initialized.
AssembleZ4cTasks
OnePuncture initialized.
AssembleZ4cTasks
OnePuncture initialized.
AssembleZ4cTasks
OnePuncture initialized.
AssembleZ4cTasks
OnePuncture initialized.
AssembleZ4cTasks
OnePuncture initialized.
AssembleZ4cTasks
OnePuncture initialized.
AssembleZ4cTasks
OnePuncture initialized.
AssembleZ4cTasks
OnePuncture initialized.
AssembleZ4cTasks
OnePuncture initialized.
AssembleZ4cTasks
OnePuncture initialized.
AssembleZ4cTasks
OnePuncture initialized.
AssembleZ4cTasks
OnePuncture initialized.
AssembleZ4cTasks
OnePuncture initialized.
AssembleZ4cTasks
OnePuncture initialized.
AssembleZ4cTasks
OnePuncture initialized.
AssembleZ4cTasks
OnePuncture initialized.
AssembleZ4cTasks
OnePuncture initialized.
AssembleZ4cTasks
OnePuncture initialized.
AssembleZ4cTasks
OnePuncture initialized.
AssembleZ4cTasks
OnePuncture initialized.
AssembleZ4cTasks
OnePuncture initialized.
AssembleZ4cTasks
OnePuncture initialized.
AssembleZ4cTasks
OnePuncture initialized.
AssembleZ4cTasks
OnePuncture initialized.
AssembleZ4cTasks
OnePuncture initialized.
AssembleZ4cTasks
OnePuncture initialized.
AssembleZ4cTasks
OnePuncture initialized.
AssembleZ4cTasks
OnePuncture initialized.
AssembleZ4cTasks
OnePuncture initialized.
AssembleZ4cTasks
OnePuncture initialized.
AssembleZ4cTasks
OnePuncture initialized.
AssembleZ4cTasks
OnePuncture initialized.
AssembleZ4cTasks
OnePuncture initialized.
AssembleZ4cTasks
OnePuncture initialized.
AssembleZ4cTasks
OnePuncture initialized.
AssembleZ4cTasks
OnePuncture initialized.
AssembleZ4cTasks
OnePuncture initialized.
AssembleZ4cTasks
OnePuncture initialized.
AssembleZ4cTasks
OnePuncture initialized.
AssembleZ4cTasks
OnePuncture initialized.
AssembleZ4cTasks
OnePuncture initialized.
AssembleZ4cTasks
OnePuncture initialized.
AssembleZ4cTasks
OnePuncture initialized.
AssembleZ4cTasks
OnePuncture initialized.
AssembleZ4cTasks
OnePuncture initialized.
AssembleZ4cTasks
OnePuncture initialized.
AssembleZ4cTasks
OnePuncture initialized.
AssembleZ4cTasks
OnePuncture initialized.
AssembleZ4cTasks
OnePuncture initialized.
AssembleZ4cTasks
OnePuncture initialized.
AssembleZ4cTasks
OnePuncture initialized.
AssembleZ4cTasks
OnePuncture initialized.
AssembleZ4cTasks
OnePuncture initialized.
AssembleZ4cTasks
OnePuncture initialized.
AssembleZ4cTasks
OnePuncture initialized.
AssembleZ4cTasks
OnePuncture initialized.
AssembleZ4cTasks
OnePuncture initialized.
AssembleZ4cTasks
OnePuncture initialized.
AssembleZ4cTasks
OnePuncture initialized.
AssembleZ4cTasks
OnePuncture initialized.
AssembleZ4cTasks
OnePuncture initialized.
AssembleZ4cTasks
OnePuncture initialized.
AssembleZ4cTasks
OnePuncture initialized.
AssembleZ4cTasks
OnePuncture initialized.
AssembleZ4cTasks
OnePuncture initialized.
AssembleZ4cTasks
OnePuncture initialized.
AssembleZ4cTasks
OnePuncture initialized.
AssembleZ4cTasks
OnePuncture initialized.
AssembleZ4cTasks
OnePuncture initialized.
AssembleZ4cTasks
OnePuncture initialized.
AssembleZ4cTasks
OnePuncture initialized.
AssembleZ4cTasks
OnePuncture initialized.
AssembleZ4cTasks
OnePuncture initialized.
AssembleZ4cTasks
OnePuncture initialized.
AssembleZ4cTasks
OnePuncture initialized.
AssembleZ4cTasks
OnePuncture initialized.
AssembleZ4cTasks
OnePuncture initialized.
AssembleZ4cTasks
OnePuncture initialized.
AssembleZ4cTasks
OnePuncture initialized.
AssembleZ4cTasks
OnePuncture initialized.
AssembleZ4cTasks
OnePuncture initialized.
AssembleZ4cTasks
OnePuncture initialized.
AssembleZ4cTasks
OnePuncture initialized.
AssembleZ4cTasks
OnePuncture initialized.
AssembleZ4cTasks
OnePuncture initialized.
AssembleZ4cTasks
OnePuncture initialized.
AssembleZ4cTasks
OnePuncture initialized.
AssembleZ4cTasks
OnePuncture initialized.
AssembleZ4cTasks
OnePuncture initialized.
AssembleZ4cTasks
OnePuncture initialized.
AssembleZ4cTasks
OnePuncture initialized.
AssembleZ4cTasks
OnePuncture initialized.
AssembleZ4cTasks
OnePuncture initialized.
AssembleZ4cTasks
OnePuncture initialized.
AssembleZ4cTasks
OnePuncture initialized.
AssembleZ4cTasks
OnePuncture initialized.
AssembleZ4cTasks
OnePuncture initialized.
AssembleZ4cTasks
OnePuncture initialized.
AssembleZ4cTasks
OnePuncture initialized.
AssembleZ4cTasks
OnePuncture initialized.
AssembleZ4cTasks
OnePuncture initialized.
AssembleZ4cTasks
OnePuncture initialized.
AssembleZ4cTasks
OnePuncture initialized.
AssembleZ4cTasks
OnePuncture initialized.
AssembleZ4cTasks
OnePuncture initialized.
AssembleZ4cTasks
OnePuncture initialized.
AssembleZ4cTasks
OnePuncture initialized.
AssembleZ4cTasks
OnePuncture initialized.
AssembleZ4cTasks
OnePuncture initialized.
AssembleZ4cTasks
OnePuncture initialized.
AssembleZ4cTasks
OnePuncture initialized.
AssembleZ4cTasks
OnePuncture initialized.
AssembleZ4cTasks
OnePuncture initialized.
AssembleZ4cTasks
OnePuncture initialized.
AssembleZ4cTasks
OnePuncture initialized.
AssembleZ4cTasks
OnePuncture initialized.
AssembleZ4cTasks
OnePuncture initialized.
AssembleZ4cTasks
OnePuncture initialized.
AssembleZ4cTasks
OnePuncture initialized.
AssembleZ4cTasks
OnePuncture initialized.
AssembleZ4cTasks
OnePuncture initialized.
AssembleZ4cTasks
OnePuncture initialized.
AssembleZ4cTasks
OnePuncture initialized.
AssembleZ4cTasks
OnePuncture initialized.
AssembleZ4cTasks
OnePuncture initialized.
AssembleZ4cTasks
OnePuncture initialized.
AssembleZ4cTasks
OnePuncture initialized.
AssembleZ4cTasks
OnePuncture initialized.
AssembleZ4cTasks
OnePuncture initialized.
AssembleZ4cTasks
OnePuncture initialized.
AssembleZ4cTasks
OnePuncture initialized.
AssembleZ4cTasks
OnePuncture initialized.
AssembleZ4cTasks
OnePuncture initialized.
AssembleZ4cTasks
OnePuncture initialized.
AssembleZ4cTasks
OnePuncture initialized.
AssembleZ4cTasks
OnePuncture initialized.
AssembleZ4cTasks
OnePuncture initialized.
AssembleZ4cTasks
OnePuncture initialized.
AssembleZ4cTasks
OnePuncture initialized.
AssembleZ4cTasks
OnePuncture initialized.
AssembleZ4cTasks
OnePuncture initialized.
AssembleZ4cTasks
OnePuncture initialized.
AssembleZ4cTasks
OnePuncture initialized.
AssembleZ4cTasks
OnePuncture initialized.
AssembleZ4cTasks
OnePuncture initialized.
AssembleZ4cTasks
OnePuncture initialized.
AssembleZ4cTasks
OnePuncture initialized.
AssembleZ4cTasks
OnePuncture initialized.
AssembleZ4cTasks
OnePuncture initialized.
AssembleZ4cTasks
OnePuncture initialized.
AssembleZ4cTasks
OnePuncture initialized.
AssembleZ4cTasks
OnePuncture initialized.
AssembleZ4cTasks
OnePuncture initialized.
AssembleZ4cTasks
OnePuncture initialized.
AssembleZ4cTasks
OnePuncture initialized.
AssembleZ4cTasks
OnePuncture initialized.
AssembleZ4cTasks
OnePuncture initialized.
AssembleZ4cTasks
OnePuncture initialized.
AssembleZ4cTasks
OnePuncture initialized.
AssembleZ4cTasks
OnePuncture initialized.
AssembleZ4cTasks
OnePuncture initialized.
AssembleZ4cTasks
OnePuncture initialized.
AssembleZ4cTasks
OnePuncture initialized.
AssembleZ4cTasks
OnePuncture initialized.

Setup complete, executing task list(s)...

elapsed=9.304493e+01 cycle=0 time=0.000000e+00 dt=1.545650e-03
elapsed=1.055694e+02 cycle=100 time=1.627204e-01 dt=1.630656e-03
elapsed=1.133457e+02 cycle=200 time=3.243887e-01 dt=1.608234e-03
elapsed=1.210481e+02 cycle=300 time=4.846851e-01 dt=1.627518e-03
elapsed=5.765655e+02 cycle=400 time=6.482322e-01 dt=1.643349e-03
elapsed=5.850143e+02 cycle=500 time=8.127918e-01 dt=1.648994e-03
elapsed=5.916375e+02 cycle=600 time=9.782890e-01 dt=1.660918e-03
elapsed=1.228321e+03 cycle=700 time=1.144710e+00 dt=1.662968e-03
elapsed=1.234924e+03 cycle=800 time=1.310705e+00 dt=1.657072e-03
elapsed=1.241516e+03 cycle=900 time=1.476161e+00 dt=1.652116e-03
elapsed=1.864634e+03 cycle=1000 time=1.641148e+00 dt=1.647613e-03
elapsed=1.871341e+03 cycle=1100 time=1.805693e+00 dt=1.643242e-03
elapsed=1.878052e+03 cycle=1200 time=1.969798e+00 dt=1.638797e-03
elapsed=2.037791e+03 cycle=1300 time=2.133450e+00 dt=1.634165e-03
elapsed=2.044498e+03 cycle=1400 time=2.296628e+00 dt=1.629293e-03
elapsed=2.051209e+03 cycle=1500 time=2.459305e+00 dt=1.624148e-03
elapsed=2.339533e+03 cycle=1600 time=2.621452e+00 dt=1.618681e-03
elapsed=2.346239e+03 cycle=1700 time=2.783035e+00 dt=1.612873e-03
elapsed=2.352957e+03 cycle=1800 time=2.944022e+00 dt=1.606759e-03
