
Root grid = 1 x 1 x 1 MeshBlocks
Total number of MeshBlocks = 1
Number of logical  levels of refinement = 0 (1 levels total)
Number of physical levels of refinement = 0 (1 levels total)
Number of parallel ranks = 1
reference-GH puncture minimum cell-center radius = 0.0270633
reference-GH stationary physical-target audit: |F-H_constraint|_Linf=2.43574e-11, |tildeGamma|_Linf=5.32907e-15, |stored_Hhat_A|_Linf=79.9298, |stored_theta_A|_Linf=753.787
reference-GH production cache oracle conditioned scaled Linf = 5.68434e-14, time=0
reference-GH stationary initial RHS Linf = 52.1673, component=52, radius=0.0811899, coordinate reference Ricci Linf=5.33182e-08, frame reference Ricci Linf=4.996e-16
reference-GH stationary RHS retained as a convergence observable; no single-resolution stationarity claim is made.

Setup complete, executing task list(s)...

elapsed=9.017257e+00 cycle=0 time=0.000000e+00 dt=6.287349e-03
elapsed=1.252986e+01 cycle=1 time=6.287349e-03 dt=6.287349e-03
elapsed=1.593373e+01 cycle=2 time=1.257470e-02 dt=6.287349e-03
elapsed=1.940273e+01 cycle=3 time=1.886205e-02 dt=6.287349e-03
elapsed=2.339877e+01 cycle=4 time=2.514940e-02 dt=6.287349e-03
elapsed=2.678601e+01 cycle=5 time=3.143675e-02 dt=6.287349e-03
elapsed=3.025094e+01 cycle=6 time=3.772410e-02 dt=6.287349e-03
elapsed=3.368073e+01 cycle=7 time=4.401145e-02 dt=6.287349e-03
elapsed=3.768079e+01 cycle=8 time=5.029880e-02 dt=6.287349e-03
elapsed=4.113495e+01 cycle=9 time=5.658615e-02 dt=6.287349e-03
elapsed=4.451805e+01 cycle=10 time=6.287349e-02 dt=6.287349e-03
elapsed=4.795978e+01 cycle=11 time=6.916084e-02 dt=6.287349e-03
elapsed=5.191505e+01 cycle=12 time=7.544819e-02 dt=6.287349e-03
elapsed=5.521813e+01 cycle=13 time=8.173554e-02 dt=6.287349e-03
elapsed=5.867172e+01 cycle=14 time=8.802289e-02 dt=6.287349e-03
elapsed=6.206803e+01 cycle=15 time=9.431024e-02 dt=5.689758e-03
reference-GH stationary trumpet: field Linf=2.226688e+01, physical metric Linf=3.760600e-01, lapse Linf=4.816111e-04, shift Linf=6.717675e-05, constraint Linf=6.461657e+00, RHS estimate=5.216733e+01
elapsed=6.688877e+01 cycle=16 time=1.000000e-01 dt=6.287349e-03

Terminating on time limit
time=1.000000e-01 cycle=16
tlim=1.000000e-01 nlim=-1

MeshBlock-cycles = 16
cpu time used  = 5.787152e+01
zone-cycles/cpu_second = 9.059516e+03
particle-updates/cpu_second = 0.000000e+00
