
Root grid = 2 x 2 x 1 MeshBlocks
Total number of MeshBlocks = 7
Number of logical  levels of refinement = 2 (3 levels total)
Number of physical levels of refinement = 1 (2 levels total)
Number of parallel ranks = 1

Setup complete, executing task list(s)...

elapsed=3.433221e-02 cycle=0 time=0.000000e+00 dt=6.250000e-05
elapsed=1.514041e-01 cycle=1 time=6.250000e-05 dt=6.250000e-05
elapsed=2.690345e-01 cycle=2 time=1.250000e-04 dt=6.250000e-05
elapsed=3.865608e-01 cycle=3 time=1.875000e-04 dt=6.250000e-05
elapsed=5.036455e-01 cycle=4 time=2.500000e-04 dt=6.250000e-05
elapsed=6.207827e-01 cycle=5 time=3.125000e-04 dt=6.250000e-05
elapsed=7.380933e-01 cycle=6 time=3.750000e-04 dt=6.250000e-05
elapsed=8.551348e-01 cycle=7 time=4.375000e-04 dt=6.250000e-05
elapsed=9.723783e-01 cycle=8 time=5.000000e-04 dt=6.250000e-05
elapsed=1.089777e+00 cycle=9 time=5.625000e-04 dt=6.250000e-05
elapsed=1.207014e+00 cycle=10 time=6.250000e-04 dt=6.250000e-05
elapsed=1.323640e+00 cycle=11 time=6.875000e-04 dt=6.250000e-05
elapsed=1.440917e+00 cycle=12 time=7.500000e-04 dt=6.250000e-05
elapsed=1.557925e+00 cycle=13 time=8.125000e-04 dt=6.250000e-05
elapsed=1.674762e+00 cycle=14 time=8.750000e-04 dt=6.250000e-05
elapsed=1.791955e+00 cycle=15 time=9.375000e-04 dt=6.250000e-05
elapsed=1.909097e+00 cycle=16 time=1.000000e-03 dt=6.250000e-05
elapsed=2.026386e+00 cycle=17 time=1.062500e-03 dt=6.250000e-05
elapsed=2.143583e+00 cycle=18 time=1.125000e-03 dt=6.250000e-05
elapsed=2.260610e+00 cycle=19 time=1.187500e-03 dt=6.250000e-05
elapsed=2.377522e+00 cycle=20 time=1.250000e-03 dt=6.250000e-05
elapsed=2.494472e+00 cycle=21 time=1.312500e-03 dt=6.250000e-05
elapsed=2.611942e+00 cycle=22 time=1.375000e-03 dt=6.250000e-05
elapsed=2.729213e+00 cycle=23 time=1.437500e-03 dt=6.250000e-05
elapsed=2.846192e+00 cycle=24 time=1.500000e-03 dt=6.250000e-05
elapsed=2.963366e+00 cycle=25 time=1.562500e-03 dt=6.250000e-05
elapsed=3.081148e+00 cycle=26 time=1.625000e-03 dt=6.250000e-05
elapsed=3.198740e+00 cycle=27 time=1.687500e-03 dt=6.250000e-05
elapsed=3.315646e+00 cycle=28 time=1.750000e-03 dt=6.250000e-05
elapsed=3.433064e+00 cycle=29 time=1.812500e-03 dt=6.250000e-05
elapsed=3.550196e+00 cycle=30 time=1.875000e-03 dt=6.250000e-05
elapsed=3.667196e+00 cycle=31 time=1.937500e-03 dt=6.250000e-05
elapsed=3.784409e+00 cycle=32 time=2.000000e-03 dt=6.250000e-05
elapsed=3.901635e+00 cycle=33 time=2.062500e-03 dt=6.250000e-05
elapsed=4.018473e+00 cycle=34 time=2.125000e-03 dt=6.250000e-05
elapsed=4.135690e+00 cycle=35 time=2.187500e-03 dt=6.250000e-05
elapsed=4.252883e+00 cycle=36 time=2.250000e-03 dt=6.250000e-05
elapsed=4.369902e+00 cycle=37 time=2.312500e-03 dt=6.250000e-05
elapsed=4.486807e+00 cycle=38 time=2.375000e-03 dt=6.250000e-05
elapsed=4.604092e+00 cycle=39 time=2.437500e-03 dt=6.250000e-05
elapsed=4.721246e+00 cycle=40 time=2.500000e-03 dt=6.250000e-05
elapsed=4.838464e+00 cycle=41 time=2.562500e-03 dt=6.250000e-05
elapsed=4.955856e+00 cycle=42 time=2.625000e-03 dt=6.250000e-05
elapsed=5.073531e+00 cycle=43 time=2.687500e-03 dt=6.250000e-05
elapsed=5.191409e+00 cycle=44 time=2.750000e-03 dt=6.250000e-05
elapsed=5.308847e+00 cycle=45 time=2.812500e-03 dt=6.250000e-05
elapsed=5.426823e+00 cycle=46 time=2.875000e-03 dt=6.250000e-05
elapsed=5.544994e+00 cycle=47 time=2.937500e-03 dt=6.250000e-05
elapsed=5.662335e+00 cycle=48 time=3.000000e-03 dt=6.250000e-05
elapsed=5.779173e+00 cycle=49 time=3.062500e-03 dt=6.250000e-05
elapsed=5.896448e+00 cycle=50 time=3.125000e-03 dt=6.250000e-05
elapsed=6.013293e+00 cycle=51 time=3.187500e-03 dt=6.250000e-05
elapsed=6.130134e+00 cycle=52 time=3.250000e-03 dt=6.250000e-05
elapsed=6.247605e+00 cycle=53 time=3.312500e-03 dt=6.250000e-05
elapsed=6.364682e+00 cycle=54 time=3.375000e-03 dt=6.250000e-05
elapsed=6.481460e+00 cycle=55 time=3.437500e-03 dt=6.250000e-05
elapsed=6.598469e+00 cycle=56 time=3.500000e-03 dt=6.250000e-05
elapsed=6.715541e+00 cycle=57 time=3.562500e-03 dt=6.250000e-05
elapsed=6.832469e+00 cycle=58 time=3.625000e-03 dt=6.250000e-05
elapsed=6.949461e+00 cycle=59 time=3.687500e-03 dt=6.250000e-05
elapsed=7.066811e+00 cycle=60 time=3.750000e-03 dt=6.250000e-05
elapsed=7.183981e+00 cycle=61 time=3.812500e-03 dt=6.250000e-05
elapsed=7.300942e+00 cycle=62 time=3.875000e-03 dt=6.250000e-05
elapsed=7.418408e+00 cycle=63 time=3.937500e-03 dt=6.250000e-05
elapsed=7.535899e+00 cycle=64 time=4.000000e-03 dt=6.250000e-05
elapsed=7.653227e+00 cycle=65 time=4.062500e-03 dt=6.250000e-05
elapsed=7.770580e+00 cycle=66 time=4.125000e-03 dt=6.250000e-05
elapsed=7.888094e+00 cycle=67 time=4.187500e-03 dt=6.250000e-05
elapsed=8.005206e+00 cycle=68 time=4.250000e-03 dt=6.250000e-05
elapsed=8.122100e+00 cycle=69 time=4.312500e-03 dt=6.250000e-05
elapsed=8.239247e+00 cycle=70 time=4.375000e-03 dt=6.250000e-05
elapsed=8.356061e+00 cycle=71 time=4.437500e-03 dt=6.250000e-05
elapsed=8.473034e+00 cycle=72 time=4.500000e-03 dt=6.250000e-05
elapsed=8.590162e+00 cycle=73 time=4.562500e-03 dt=6.250000e-05
elapsed=8.707290e+00 cycle=74 time=4.625000e-03 dt=6.250000e-05
elapsed=8.824065e+00 cycle=75 time=4.687500e-03 dt=6.250000e-05
elapsed=8.941094e+00 cycle=76 time=4.750000e-03 dt=6.250000e-05
elapsed=9.058196e+00 cycle=77 time=4.812500e-03 dt=6.250000e-05
elapsed=9.175604e+00 cycle=78 time=4.875000e-03 dt=6.250000e-05
elapsed=9.292801e+00 cycle=79 time=4.937500e-03 dt=6.250000e-05
elapsed=9.419007e+00 cycle=80 time=5.000000e-03 dt=6.250000e-05
elapsed=9.536038e+00 cycle=81 time=5.062500e-03 dt=6.250000e-05
elapsed=9.653058e+00 cycle=82 time=5.125000e-03 dt=6.250000e-05
elapsed=9.770814e+00 cycle=83 time=5.187500e-03 dt=6.250000e-05
elapsed=9.888008e+00 cycle=84 time=5.250000e-03 dt=6.250000e-05
elapsed=1.000512e+01 cycle=85 time=5.312500e-03 dt=6.250000e-05
elapsed=1.012287e+01 cycle=86 time=5.375000e-03 dt=6.250000e-05
elapsed=1.023995e+01 cycle=87 time=5.437500e-03 dt=6.250000e-05
elapsed=1.035700e+01 cycle=88 time=5.500000e-03 dt=6.250000e-05
elapsed=1.047638e+01 cycle=89 time=5.562500e-03 dt=6.250000e-05
elapsed=1.059333e+01 cycle=90 time=5.625000e-03 dt=6.250000e-05
elapsed=1.071103e+01 cycle=91 time=5.687500e-03 dt=6.250000e-05
elapsed=1.082797e+01 cycle=92 time=5.750000e-03 dt=6.250000e-05
elapsed=1.094545e+01 cycle=93 time=5.812500e-03 dt=6.250000e-05
elapsed=1.106270e+01 cycle=94 time=5.875000e-03 dt=6.250000e-05
elapsed=1.117998e+01 cycle=95 time=5.937500e-03 dt=6.250000e-05
elapsed=1.129680e+01 cycle=96 time=6.000000e-03 dt=6.250000e-05
elapsed=1.141417e+01 cycle=97 time=6.062500e-03 dt=6.250000e-05
elapsed=1.153190e+01 cycle=98 time=6.125000e-03 dt=6.250000e-05
elapsed=1.164899e+01 cycle=99 time=6.187500e-03 dt=6.250000e-05
elapsed=1.176630e+01 cycle=100 time=6.250000e-03 dt=6.250000e-05
elapsed=1.188371e+01 cycle=101 time=6.312500e-03 dt=6.250000e-05
elapsed=1.200083e+01 cycle=102 time=6.375000e-03 dt=6.250000e-05
elapsed=1.211799e+01 cycle=103 time=6.437500e-03 dt=6.250000e-05
elapsed=1.223520e+01 cycle=104 time=6.500000e-03 dt=6.250000e-05
elapsed=1.235247e+01 cycle=105 time=6.562500e-03 dt=6.250000e-05
elapsed=1.246994e+01 cycle=106 time=6.625000e-03 dt=6.250000e-05
elapsed=1.258705e+01 cycle=107 time=6.687500e-03 dt=6.250000e-05
elapsed=1.270446e+01 cycle=108 time=6.750000e-03 dt=6.250000e-05
elapsed=1.282249e+01 cycle=109 time=6.812500e-03 dt=6.250000e-05
elapsed=1.294008e+01 cycle=110 time=6.875000e-03 dt=6.250000e-05
elapsed=1.305748e+01 cycle=111 time=6.937500e-03 dt=6.250000e-05
elapsed=1.317554e+01 cycle=112 time=7.000000e-03 dt=6.250000e-05
elapsed=1.329295e+01 cycle=113 time=7.062500e-03 dt=6.250000e-05
elapsed=1.341018e+01 cycle=114 time=7.125000e-03 dt=6.250000e-05
elapsed=1.352816e+01 cycle=115 time=7.187500e-03 dt=6.250000e-05
elapsed=1.364621e+01 cycle=116 time=7.250000e-03 dt=6.250000e-05
elapsed=1.376353e+01 cycle=117 time=7.312500e-03 dt=6.250000e-05
elapsed=1.388041e+01 cycle=118 time=7.375000e-03 dt=6.250000e-05
elapsed=1.399769e+01 cycle=119 time=7.437500e-03 dt=6.250000e-05
elapsed=1.411516e+01 cycle=120 time=7.500000e-03 dt=6.250000e-05
elapsed=1.423220e+01 cycle=121 time=7.562500e-03 dt=6.250000e-05
elapsed=1.434936e+01 cycle=122 time=7.625000e-03 dt=6.250000e-05
elapsed=1.446714e+01 cycle=123 time=7.687500e-03 dt=6.250000e-05
elapsed=1.458507e+01 cycle=124 time=7.750000e-03 dt=6.250000e-05
elapsed=1.470238e+01 cycle=125 time=7.812500e-03 dt=6.250000e-05
elapsed=1.481946e+01 cycle=126 time=7.875000e-03 dt=6.250000e-05
elapsed=1.493710e+01 cycle=127 time=7.937500e-03 dt=6.250000e-05
elapsed=1.505446e+01 cycle=128 time=8.000000e-03 dt=6.250000e-05
elapsed=1.517166e+01 cycle=129 time=8.062500e-03 dt=6.250000e-05
elapsed=1.528900e+01 cycle=130 time=8.125000e-03 dt=6.250000e-05
elapsed=1.540623e+01 cycle=131 time=8.187500e-03 dt=6.250000e-05
elapsed=1.552330e+01 cycle=132 time=8.250000e-03 dt=6.250000e-05
elapsed=1.564063e+01 cycle=133 time=8.312500e-03 dt=6.250000e-05
elapsed=1.575808e+01 cycle=134 time=8.375000e-03 dt=6.250000e-05
elapsed=1.587496e+01 cycle=135 time=8.437500e-03 dt=6.250000e-05
elapsed=1.599136e+01 cycle=136 time=8.500000e-03 dt=6.250000e-05
elapsed=1.610807e+01 cycle=137 time=8.562500e-03 dt=6.250000e-05
elapsed=1.622479e+01 cycle=138 time=8.625000e-03 dt=6.250000e-05
elapsed=1.634185e+01 cycle=139 time=8.687500e-03 dt=6.250000e-05
elapsed=1.645972e+01 cycle=140 time=8.750000e-03 dt=6.250000e-05
elapsed=1.657703e+01 cycle=141 time=8.812500e-03 dt=6.250000e-05
elapsed=1.669394e+01 cycle=142 time=8.875000e-03 dt=6.250000e-05
elapsed=1.681127e+01 cycle=143 time=8.937500e-03 dt=6.250000e-05
elapsed=1.692840e+01 cycle=144 time=9.000000e-03 dt=6.250000e-05
elapsed=1.704547e+01 cycle=145 time=9.062500e-03 dt=6.250000e-05
elapsed=1.716279e+01 cycle=146 time=9.125000e-03 dt=6.250000e-05
elapsed=1.727996e+01 cycle=147 time=9.187500e-03 dt=6.250000e-05
elapsed=1.739683e+01 cycle=148 time=9.250000e-03 dt=6.250000e-05
elapsed=1.751382e+01 cycle=149 time=9.312500e-03 dt=6.250000e-05
elapsed=1.763223e+01 cycle=150 time=9.375000e-03 dt=6.250000e-05
elapsed=1.775013e+01 cycle=151 time=9.437500e-03 dt=6.250000e-05
elapsed=1.786765e+01 cycle=152 time=9.500000e-03 dt=6.250000e-05
elapsed=1.798489e+01 cycle=153 time=9.562500e-03 dt=6.250000e-05
elapsed=1.810298e+01 cycle=154 time=9.625000e-03 dt=6.250000e-05
elapsed=1.822052e+01 cycle=155 time=9.687500e-03 dt=6.250000e-05
elapsed=1.833772e+01 cycle=156 time=9.750000e-03 dt=6.250000e-05
elapsed=1.845482e+01 cycle=157 time=9.812500e-03 dt=6.250000e-05
elapsed=1.857597e+01 cycle=158 time=9.875000e-03 dt=6.250000e-05
elapsed=1.869403e+01 cycle=159 time=9.937500e-03 dt=6.250000e-05
elapsed=1.882088e+01 cycle=160 time=1.000000e-02 dt=6.250000e-05
elapsed=1.893840e+01 cycle=161 time=1.006250e-02 dt=6.250000e-05
elapsed=1.905591e+01 cycle=162 time=1.012500e-02 dt=6.250000e-05
elapsed=1.917344e+01 cycle=163 time=1.018750e-02 dt=6.250000e-05
elapsed=1.929090e+01 cycle=164 time=1.025000e-02 dt=6.250000e-05
elapsed=1.940843e+01 cycle=165 time=1.031250e-02 dt=6.250000e-05
elapsed=1.952600e+01 cycle=166 time=1.037500e-02 dt=6.250000e-05
elapsed=1.964369e+01 cycle=167 time=1.043750e-02 dt=6.250000e-05
elapsed=1.976099e+01 cycle=168 time=1.050000e-02 dt=6.250000e-05
elapsed=1.987833e+01 cycle=169 time=1.056250e-02 dt=6.250000e-05
elapsed=1.999598e+01 cycle=170 time=1.062500e-02 dt=6.250000e-05
elapsed=2.011370e+01 cycle=171 time=1.068750e-02 dt=6.250000e-05
elapsed=2.023078e+01 cycle=172 time=1.075000e-02 dt=6.250000e-05
elapsed=2.034802e+01 cycle=173 time=1.081250e-02 dt=6.250000e-05
elapsed=2.046548e+01 cycle=174 time=1.087500e-02 dt=6.250000e-05
elapsed=2.058268e+01 cycle=175 time=1.093750e-02 dt=6.250000e-05
elapsed=2.069992e+01 cycle=176 time=1.100000e-02 dt=6.250000e-05
elapsed=2.081794e+01 cycle=177 time=1.106250e-02 dt=6.250000e-05
elapsed=2.093521e+01 cycle=178 time=1.112500e-02 dt=6.250000e-05
elapsed=2.105211e+01 cycle=179 time=1.118750e-02 dt=6.250000e-05
elapsed=2.116949e+01 cycle=180 time=1.125000e-02 dt=6.250000e-05
elapsed=2.128699e+01 cycle=181 time=1.131250e-02 dt=6.250000e-05
elapsed=2.140417e+01 cycle=182 time=1.137500e-02 dt=6.250000e-05
elapsed=2.152144e+01 cycle=183 time=1.143750e-02 dt=6.250000e-05
elapsed=2.163873e+01 cycle=184 time=1.150000e-02 dt=6.250000e-05
elapsed=2.175611e+01 cycle=185 time=1.156250e-02 dt=6.250000e-05
elapsed=2.187326e+01 cycle=186 time=1.162500e-02 dt=6.250000e-05
elapsed=2.199066e+01 cycle=187 time=1.168750e-02 dt=6.250000e-05
elapsed=2.210814e+01 cycle=188 time=1.175000e-02 dt=6.250000e-05
elapsed=2.222547e+01 cycle=189 time=1.181250e-02 dt=6.250000e-05
elapsed=2.234271e+01 cycle=190 time=1.187500e-02 dt=6.250000e-05
elapsed=2.246027e+01 cycle=191 time=1.193750e-02 dt=6.250000e-05
elapsed=2.257784e+01 cycle=192 time=1.200000e-02 dt=6.250000e-05
elapsed=2.269576e+01 cycle=193 time=1.206250e-02 dt=6.250000e-05
elapsed=2.281307e+01 cycle=194 time=1.212500e-02 dt=6.250000e-05
elapsed=2.293040e+01 cycle=195 time=1.218750e-02 dt=6.250000e-05
elapsed=2.304814e+01 cycle=196 time=1.225000e-02 dt=6.250000e-05
elapsed=2.316519e+01 cycle=197 time=1.231250e-02 dt=6.250000e-05
elapsed=2.328255e+01 cycle=198 time=1.237500e-02 dt=6.250000e-05
elapsed=2.340033e+01 cycle=199 time=1.243750e-02 dt=6.250000e-05
elapsed=2.351839e+01 cycle=200 time=1.250000e-02 dt=6.250000e-05
elapsed=2.363563e+01 cycle=201 time=1.256250e-02 dt=6.250000e-05
elapsed=2.375323e+01 cycle=202 time=1.262500e-02 dt=6.250000e-05
elapsed=2.387096e+01 cycle=203 time=1.268750e-02 dt=6.250000e-05
elapsed=2.398847e+01 cycle=204 time=1.275000e-02 dt=6.250000e-05
elapsed=2.410567e+01 cycle=205 time=1.281250e-02 dt=6.250000e-05
elapsed=2.422309e+01 cycle=206 time=1.287500e-02 dt=6.250000e-05
elapsed=2.434065e+01 cycle=207 time=1.293750e-02 dt=6.250000e-05
elapsed=2.445808e+01 cycle=208 time=1.300000e-02 dt=6.250000e-05
elapsed=2.457543e+01 cycle=209 time=1.306250e-02 dt=6.250000e-05
elapsed=2.469329e+01 cycle=210 time=1.312500e-02 dt=6.250000e-05
elapsed=2.481109e+01 cycle=211 time=1.318750e-02 dt=6.250000e-05
elapsed=2.492845e+01 cycle=212 time=1.325000e-02 dt=6.250000e-05
elapsed=2.504554e+01 cycle=213 time=1.331250e-02 dt=6.250000e-05
elapsed=2.516306e+01 cycle=214 time=1.337500e-02 dt=6.250000e-05
elapsed=2.528058e+01 cycle=215 time=1.343750e-02 dt=6.250000e-05
elapsed=2.539823e+01 cycle=216 time=1.350000e-02 dt=6.250000e-05
elapsed=2.551547e+01 cycle=217 time=1.356250e-02 dt=6.250000e-05
elapsed=2.563315e+01 cycle=218 time=1.362500e-02 dt=6.250000e-05
elapsed=2.575071e+01 cycle=219 time=1.368750e-02 dt=6.250000e-05
elapsed=2.586826e+01 cycle=220 time=1.375000e-02 dt=6.250000e-05
elapsed=2.598556e+01 cycle=221 time=1.381250e-02 dt=6.250000e-05
elapsed=2.610356e+01 cycle=222 time=1.387500e-02 dt=6.250000e-05
elapsed=2.622119e+01 cycle=223 time=1.393750e-02 dt=6.250000e-05
elapsed=2.633861e+01 cycle=224 time=1.400000e-02 dt=6.250000e-05
elapsed=2.645592e+01 cycle=225 time=1.406250e-02 dt=6.250000e-05
elapsed=2.657359e+01 cycle=226 time=1.412500e-02 dt=6.250000e-05
elapsed=2.669119e+01 cycle=227 time=1.418750e-02 dt=6.250000e-05
elapsed=2.680865e+01 cycle=228 time=1.425000e-02 dt=6.250000e-05
elapsed=2.692630e+01 cycle=229 time=1.431250e-02 dt=6.250000e-05
elapsed=2.704404e+01 cycle=230 time=1.437500e-02 dt=6.250000e-05
elapsed=2.716158e+01 cycle=231 time=1.443750e-02 dt=6.250000e-05
elapsed=2.727891e+01 cycle=232 time=1.450000e-02 dt=6.250000e-05
elapsed=2.739637e+01 cycle=233 time=1.456250e-02 dt=6.250000e-05
elapsed=2.751425e+01 cycle=234 time=1.462500e-02 dt=6.250000e-05
elapsed=2.763197e+01 cycle=235 time=1.468750e-02 dt=6.250000e-05
elapsed=2.774950e+01 cycle=236 time=1.475000e-02 dt=6.250000e-05
elapsed=2.786682e+01 cycle=237 time=1.481250e-02 dt=6.250000e-05
elapsed=2.798457e+01 cycle=238 time=1.487500e-02 dt=6.250000e-05
elapsed=2.810210e+01 cycle=239 time=1.493750e-02 dt=6.250000e-05
elapsed=2.822822e+01 cycle=240 time=1.500000e-02 dt=6.250000e-05
elapsed=2.834614e+01 cycle=241 time=1.506250e-02 dt=6.250000e-05
elapsed=2.846381e+01 cycle=242 time=1.512500e-02 dt=6.250000e-05
elapsed=2.858126e+01 cycle=243 time=1.518750e-02 dt=6.250000e-05
elapsed=2.869911e+01 cycle=244 time=1.525000e-02 dt=6.250000e-05
elapsed=2.881691e+01 cycle=245 time=1.531250e-02 dt=6.250000e-05
elapsed=2.893688e+01 cycle=246 time=1.537500e-02 dt=6.250000e-05
elapsed=2.905436e+01 cycle=247 time=1.543750e-02 dt=6.250000e-05
elapsed=2.917162e+01 cycle=248 time=1.550000e-02 dt=6.250000e-05
elapsed=2.928887e+01 cycle=249 time=1.556250e-02 dt=6.250000e-05
elapsed=2.940682e+01 cycle=250 time=1.562500e-02 dt=6.250000e-05
elapsed=2.952502e+01 cycle=251 time=1.568750e-02 dt=6.250000e-05
elapsed=2.964303e+01 cycle=252 time=1.575000e-02 dt=6.250000e-05
elapsed=2.976045e+01 cycle=253 time=1.581250e-02 dt=6.250000e-05
elapsed=2.987810e+01 cycle=254 time=1.587500e-02 dt=6.250000e-05
elapsed=2.999573e+01 cycle=255 time=1.593750e-02 dt=6.250000e-05
elapsed=3.011334e+01 cycle=256 time=1.600000e-02 dt=6.250000e-05
elapsed=3.023078e+01 cycle=257 time=1.606250e-02 dt=6.250000e-05
elapsed=3.034845e+01 cycle=258 time=1.612500e-02 dt=6.250000e-05
elapsed=3.046643e+01 cycle=259 time=1.618750e-02 dt=6.250000e-05
elapsed=3.058401e+01 cycle=260 time=1.625000e-02 dt=6.250000e-05
elapsed=3.070153e+01 cycle=261 time=1.631250e-02 dt=6.250000e-05
elapsed=3.081923e+01 cycle=262 time=1.637500e-02 dt=6.250000e-05
elapsed=3.093728e+01 cycle=263 time=1.643750e-02 dt=6.250000e-05
elapsed=3.105483e+01 cycle=264 time=1.650000e-02 dt=6.250000e-05
elapsed=3.117225e+01 cycle=265 time=1.656250e-02 dt=6.250000e-05
elapsed=3.129016e+01 cycle=266 time=1.662500e-02 dt=6.250000e-05
elapsed=3.140793e+01 cycle=267 time=1.668750e-02 dt=6.250000e-05
elapsed=3.152586e+01 cycle=268 time=1.675000e-02 dt=6.250000e-05
elapsed=3.164377e+01 cycle=269 time=1.681250e-02 dt=6.250000e-05
elapsed=3.176131e+01 cycle=270 time=1.687500e-02 dt=6.250000e-05
elapsed=3.187914e+01 cycle=271 time=1.693750e-02 dt=6.250000e-05
elapsed=3.199733e+01 cycle=272 time=1.700000e-02 dt=6.250000e-05
elapsed=3.211578e+01 cycle=273 time=1.706250e-02 dt=6.250000e-05
elapsed=3.223365e+01 cycle=274 time=1.712500e-02 dt=6.250000e-05
elapsed=3.235126e+01 cycle=275 time=1.718750e-02 dt=6.250000e-05
elapsed=3.246901e+01 cycle=276 time=1.725000e-02 dt=6.250000e-05
elapsed=3.258704e+01 cycle=277 time=1.731250e-02 dt=6.250000e-05
elapsed=3.270490e+01 cycle=278 time=1.737500e-02 dt=6.250000e-05
elapsed=3.282242e+01 cycle=279 time=1.743750e-02 dt=6.250000e-05
elapsed=3.294008e+01 cycle=280 time=1.750000e-02 dt=6.250000e-05
elapsed=3.305785e+01 cycle=281 time=1.756250e-02 dt=6.250000e-05
elapsed=3.317549e+01 cycle=282 time=1.762500e-02 dt=6.250000e-05
elapsed=3.329288e+01 cycle=283 time=1.768750e-02 dt=6.250000e-05
elapsed=3.341075e+01 cycle=284 time=1.775000e-02 dt=6.250000e-05
elapsed=3.352865e+01 cycle=285 time=1.781250e-02 dt=6.250000e-05
elapsed=3.364630e+01 cycle=286 time=1.787500e-02 dt=6.250000e-05
elapsed=3.376382e+01 cycle=287 time=1.793750e-02 dt=6.250000e-05
elapsed=3.388144e+01 cycle=288 time=1.800000e-02 dt=6.250000e-05
elapsed=3.399930e+01 cycle=289 time=1.806250e-02 dt=6.250000e-05
elapsed=3.411706e+01 cycle=290 time=1.812500e-02 dt=6.250000e-05
elapsed=3.423477e+01 cycle=291 time=1.818750e-02 dt=6.250000e-05
elapsed=3.435299e+01 cycle=292 time=1.825000e-02 dt=6.250000e-05
elapsed=3.447103e+01 cycle=293 time=1.831250e-02 dt=6.250000e-05
elapsed=3.458887e+01 cycle=294 time=1.837500e-02 dt=6.250000e-05
elapsed=3.470655e+01 cycle=295 time=1.843750e-02 dt=6.250000e-05
elapsed=3.482408e+01 cycle=296 time=1.850000e-02 dt=6.250000e-05
elapsed=3.494185e+01 cycle=297 time=1.856250e-02 dt=6.250000e-05
elapsed=3.505950e+01 cycle=298 time=1.862500e-02 dt=6.250000e-05
elapsed=3.517695e+01 cycle=299 time=1.868750e-02 dt=6.250000e-05
elapsed=3.529452e+01 cycle=300 time=1.875000e-02 dt=6.250000e-05
elapsed=3.541228e+01 cycle=301 time=1.881250e-02 dt=6.250000e-05
elapsed=3.552974e+01 cycle=302 time=1.887500e-02 dt=6.250000e-05
elapsed=3.564702e+01 cycle=303 time=1.893750e-02 dt=6.250000e-05
elapsed=3.576479e+01 cycle=304 time=1.900000e-02 dt=6.250000e-05
elapsed=3.588263e+01 cycle=305 time=1.906250e-02 dt=6.250000e-05
elapsed=3.600046e+01 cycle=306 time=1.912500e-02 dt=6.250000e-05
elapsed=3.611788e+01 cycle=307 time=1.918750e-02 dt=6.250000e-05
elapsed=3.623593e+01 cycle=308 time=1.925000e-02 dt=6.250000e-05
elapsed=3.635376e+01 cycle=309 time=1.931250e-02 dt=6.250000e-05
elapsed=3.647473e+01 cycle=310 time=1.937500e-02 dt=6.250000e-05
elapsed=3.659526e+01 cycle=311 time=1.943750e-02 dt=6.250000e-05
elapsed=3.671330e+01 cycle=312 time=1.950000e-02 dt=6.250000e-05
elapsed=3.683140e+01 cycle=313 time=1.956250e-02 dt=6.250000e-05
elapsed=3.694882e+01 cycle=314 time=1.962500e-02 dt=6.250000e-05
elapsed=3.706649e+01 cycle=315 time=1.968750e-02 dt=6.250000e-05
elapsed=3.718472e+01 cycle=316 time=1.975000e-02 dt=6.250000e-05
elapsed=3.730258e+01 cycle=317 time=1.981250e-02 dt=6.250000e-05
elapsed=3.742062e+01 cycle=318 time=1.987500e-02 dt=6.250000e-05
elapsed=3.753870e+01 cycle=319 time=1.993750e-02 dt=6.250000e-05
elapsed=3.766644e+01 cycle=320 time=2.000000e-02 dt=6.250000e-05

Terminating on cycle limit
time=2.000000e-02 cycle=320
tlim=2.000000e-02 nlim=320

MeshBlock-cycles = 2240
cpu time used  = 3.763211e+01
zone-cycles/cpu_second = 6.095220e+04
particle-updates/cpu_second = 0.000000e+00
