{
  "cases": {
    "wave_map": {
      "accumulated_characteristic_distance": 4.710268282467413,
      "all_required_values_finite": true,
      "bad_state_clear": true,
      "directories": [
        "artifacts/ref_gh_relative_damped_single_hole_20260830/wormhole_fixed_core_outer24_t4_8792715/run",
        "artifacts/ref_gh_relative_damped_single_hole_20260830/wormhole_sector_discriminator_8792807_control_design_failure/wave_map"
      ],
      "exact_zero_exponent_controls": true,
      "final_max_locations": {
        "diagnostics": {
          "Delta": {
            "coordinate": [
              0.03125,
              0.09375,
              0.53125
            ],
            "gid": 161,
            "level": 5,
            "maximum": 134.50033482813245,
            "radius": 0.5403630145559557,
            "rank": 80
          },
          "GH_constraint": {
            "coordinate": [
              0.03125,
              0.09375,
              0.53125
            ],
            "gid": 161,
            "level": 5,
            "maximum": 68.58683758848751,
            "radius": 0.5403630145559557,
            "rank": 80
          },
          "Hhat_RHS_Linf": {
            "coordinate": [
              -23.875,
              -23.875,
              -23.875
            ],
            "gid": 0,
            "level": 3,
            "maximum": 0.0,
            "radius": 41.352713030706944,
            "rank": 0
          },
          "Phi": {
            "coordinate": [
              0.21875,
              -0.34375,
              -0.28125
            ],
            "gid": 83,
            "level": 5,
            "maximum": 30.49747559329645,
            "radius": 0.49509310992983935,
            "rank": 41
          },
          "Phi_RHS_Linf": {
            "coordinate": [
              0.03125,
              0.09375,
              0.59375
            ],
            "gid": 161,
            "level": 5,
            "maximum": 159.51641319985896,
            "radius": 0.6019175088830695,
            "rank": 80
          },
          "Pi": {
            "coordinate": [
              0.03125,
              0.09375,
              0.53125
            ],
            "gid": 161,
            "level": 5,
            "maximum": 62.36141265901182,
            "radius": 0.5403630145559557,
            "rank": 80
          },
          "Pi_RHS_Linf": {
            "coordinate": [
              0.03125,
              0.09375,
              0.53125
            ],
            "gid": 161,
            "level": 5,
            "maximum": 9520.582965426513,
            "radius": 0.5403630145559557,
            "rank": 80
          },
          "Psi": {
            "coordinate": [
              -0.03125,
              -0.46875,
              -0.03125
            ],
            "gid": 70,
            "level": 5,
            "maximum": 9.595367510120976,
            "radius": 0.4708287241662301,
            "rank": 35
          },
          "Psi_RHS_Linf": {
            "coordinate": [
              0.03125,
              0.09375,
              0.53125
            ],
            "gid": 161,
            "level": 5,
            "maximum": 45.456849064544436,
            "radius": 0.5403630145559557,
            "rank": 80
          },
          "Q": {
            "coordinate": [
              0.03125,
              0.09375,
              0.53125
            ],
            "gid": 161,
            "level": 5,
            "maximum": 218.29375720084104,
            "radius": 0.5403630145559557,
            "rank": 80
          },
          "Upsilon_RHS_Linf": {
            "coordinate": [
              -23.875,
              -23.875,
              -23.875
            ],
            "gid": 0,
            "level": 3,
            "maximum": 0.0,
            "radius": 41.352713030706944,
            "rank": 0
          },
          "chi_beta": {
            "coordinate": [
              -0.03125,
              -0.03125,
              -0.59375
            ],
            "gid": 70,
            "level": 5,
            "maximum": 1.6030039509513336,
            "radius": 0.5953924651018015,
            "rank": 35
          },
          "chi_beta_annulus_0p5_1": {
            "coordinate": [
              -0.03125,
              -0.03125,
              -0.59375
            ],
            "gid": 70,
            "level": 5,
            "maximum": 1.6030039509513336,
            "radius": 0.5953924651018015,
            "rank": 35
          },
          "chi_beta_annulus_1_1p5": {
            "coordinate": [
              -0.65625,
              -0.46875,
              0.59375
            ],
            "gid": 122,
            "level": 5,
            "maximum": 0.6258736790586548,
            "radius": 1.0014637724351292,
            "rank": 61
          },
          "chi_beta_annulus_1p5_2": {
            "coordinate": [
              0.03125,
              -0.78125,
              -1.28125
            ],
            "gid": 83,
            "level": 5,
            "maximum": 0.33888562818037304,
            "radius": 1.5009762448153534,
            "rank": 41
          },
          "chi_beta_first_ge_1": {
            "coordinate": [
              -0.03125,
              -0.21875,
              -0.40625
            ],
            "gid": 70,
            "level": 5,
            "maximum": 1.0,
            "radius": 0.4624577683421482,
            "rank": 35
          },
          "chi_beta_inner_r_lt_0p5": {
            "coordinate": [
              0.03125,
              0.46875,
              -0.15625
            ],
            "gid": 109,
            "level": 5,
            "maximum": 1.351654965723066,
            "radius": 0.49509310992983935,
            "rank": 54
          },
          "chi_beta_near_r_lt_1": {
            "coordinate": [
              -0.03125,
              -0.03125,
              -0.59375
            ],
            "gid": 70,
            "level": 5,
            "maximum": 1.6030039509513336,
            "radius": 0.5953924651018015,
            "rank": 35
          },
          "chi_beta_outer_r_ge_2": {
            "coordinate": [
              0.90625,
              -0.09375,
              1.78125
            ],
            "gid": 135,
            "level": 5,
            "maximum": 0.212439452202224,
            "radius": 2.0007322878136393,
            "rank": 67
          },
          "curl_constraint": {
            "coordinate": [
              -0.21875,
              0.40625,
              -0.15625
            ],
            "gid": 96,
            "level": 5,
            "maximum": 10.92703760527423,
            "radius": 0.48713928962874675,
            "rank": 48
          },
          "reduction_constraint": {
            "coordinate": [
              0.53125,
              -0.15625,
              0.03125
            ],
            "gid": 135,
            "level": 5,
            "maximum": 1.0638698451301212,
            "radius": 0.554632479665589,
            "rank": 67
          },
          "reference_Ricci": {
            "coordinate": [
              -0.53125,
              -0.09375,
              -0.03125
            ],
            "gid": 70,
            "level": 5,
            "maximum": 12.132233664165799,
            "radius": 0.5403630145559557,
            "rank": 35
          },
          "reference_Riemann": {
            "coordinate": [
              -0.53125,
              -0.03125,
              -0.03125
            ],
            "gid": 70,
            "level": 5,
            "maximum": 17.982832485598593,
            "radius": 0.5330850659134994,
            "rank": 35
          },
          "source_DeltaDelta": {
            "coordinate": [
              0.03125,
              0.09375,
              0.53125
            ],
            "gid": 161,
            "level": 5,
            "maximum": 18283.857072833216,
            "radius": 0.5403630145559557,
            "rank": 80
          },
          "source_QQ": {
            "coordinate": [
              0.03125,
              0.09375,
              0.53125
            ],
            "gid": 161,
            "level": 5,
            "maximum": 4039.843097231798,
            "radius": 0.5403630145559557,
            "rank": 80
          },
          "source_curvature": {
            "coordinate": [
              0.03125,
              0.09375,
              0.53125
            ],
            "gid": 161,
            "level": 5,
            "maximum": 61.80120017031912,
            "radius": 0.5403630145559557,
            "rank": 80
          },
          "source_damping": {
            "coordinate": [
              -23.875,
              -23.875,
              -23.875
            ],
            "gid": 0,
            "level": 3,
            "maximum": 0.0,
            "radius": 41.352713030706944,
            "rank": 0
          },
          "source_frame_correction": {
            "coordinate": [
              0.03125,
              0.09375,
              0.53125
            ],
            "gid": 161,
            "level": 5,
            "maximum": 7424.391738669569,
            "radius": 0.5403630145559557,
            "rank": 80
          },
          "spin_connection": {
            "coordinate": [
              -0.03125,
              -0.40625,
              -0.15625
            ],
            "gid": 70,
            "level": 5,
            "maximum": 3.7498444442771364,
            "radius": 0.4363825013677794,
            "rank": 35
          },
          "spin_derivative": {
            "coordinate": [
              -0.34375,
              -0.28125,
              -0.28125
            ],
            "gid": 70,
            "level": 5,
            "maximum": 16.977674150923956,
            "radius": 0.5257063700393976,
            "rank": 35
          },
          "theta_RHS_Linf": {
            "coordinate": [
              -23.875,
              -23.875,
              -23.875
            ],
            "gid": 0,
            "level": 3,
            "maximum": 0.0,
            "radius": 41.352713030706944,
            "rank": 0
          }
        },
        "time": 4.941589236961317
      },
      "final_record": {
        "Delta_Linf": 61.66729358429714,
        "GH_RMS": 0.05388986025442082,
        "GH_near_RMS": 0.9999781031993301,
        "Phi_RMS": 0.390937682124571,
        "Pi_RMS": 0.4968414442759885,
        "Psi_error_RMS": 0.12679701777464658,
        "Q_Linf": 100.9653076949365,
        "bad_state": 0.0,
        "characteristic_speed_max": 0.9534423677868178,
        "common_constraints": {
          "interface_16": {
            "H_L1": 5.103666817097282e-07,
            "H_Linf": 6.539376847479909e-06,
            "H_RMS": 1.122350667014563e-06,
            "M_L1": 6.0732328319558e-08,
            "M_Linf": 5.022427938123578e-07,
            "M_RMS": 1.1697805040809072e-07,
            "volume": 28599.11147183408
          },
          "interface_2": {
            "H_L1": 0.0008845571667466113,
            "H_Linf": 0.01664120394847281,
            "H_RMS": 0.0016789640997153376,
            "M_L1": 0.0004947575559985939,
            "M_Linf": 0.001539184786069226,
            "M_RMS": 0.000553932799911796,
            "volume": 147.1687353108971
          },
          "interface_32": {
            "H_L1": null,
            "H_Linf": 0.0,
            "H_RMS": null,
            "M_L1": null,
            "M_Linf": 0.0,
            "M_RMS": null,
            "volume": 0.0
          },
          "interface_4": {
            "H_L1": 2.0291794890987294e-05,
            "H_Linf": 0.0001165229206439544,
            "H_RMS": 3.17501716771507e-05,
            "M_L1": 1.8985289706521138e-05,
            "M_Linf": 0.0001053664806125683,
            "M_RMS": 2.6084288293776997e-05,
            "volume": 684.2459662439235
          },
          "interface_64": {
            "H_L1": null,
            "H_Linf": 0.0,
            "H_RMS": null,
            "M_L1": null,
            "M_Linf": 0.0,
            "M_RMS": null,
            "volume": 0.0
          },
          "interface_8": {
            "H_L1": 1.5502709054355397e-07,
            "H_Linf": 2.66153421851772e-06,
            "H_RMS": 3.108027541593781e-07,
            "M_L1": 6.916666353184146e-08,
            "M_Linf": 8.047065555206399e-07,
            "M_RMS": 9.691416713698932e-08,
            "volume": 4127.350082604164
          },
          "r_2_4": {
            "H_L1": 0.0003212857292819045,
            "H_Linf": 0.007944118977526483,
            "H_RMS": 0.0007632940650637613,
            "M_L1": 0.00026060080408198247,
            "M_Linf": 0.000951056115195482,
            "M_RMS": 0.0003399970003817212,
            "volume": 591.2413109467685
          },
          "r_4_8": {
            "H_L1": 7.48246450372338e-06,
            "H_Linf": 0.0001165229206439544,
            "H_RMS": 1.5955578697835947e-05,
            "M_L1": 6.960525208667503e-06,
            "M_Linf": 5.525262365489625e-05,
            "M_RMS": 1.3111034781214196e-05,
            "volume": 3004.691789895558
          },
          "r_ge_8": {
            "H_L1": 0.0007860625283125222,
            "H_Linf": 0.01519781691169378,
            "H_RMS": 0.0018973436958643873,
            "M_L1": 6.160921284748264e-06,
            "M_Linf": 7.170575974604492e-05,
            "M_RMS": 1.3195819454213099e-05,
            "volume": 124742.1698334674
          },
          "r_lt_1": {
            "H_L1": 3.5242198498008213,
            "H_Linf": 55.65930555754306,
            "H_RMS": 7.652642203239921,
            "M_L1": 1.448452241532123,
            "M_Linf": 51.60703119287697,
            "M_RMS": 3.9230003295134797,
            "volume": 205.8132269659446
          },
          "r_lt_2": {
            "H_L1": 1.966957072559472,
            "H_Linf": 55.65930555754306,
            "H_RMS": 5.678869119601097,
            "M_L1": 0.7989930849827794,
            "M_Linf": 51.60703119287697,
            "M_RMS": 2.910922120524825,
            "volume": 373.8095308079649
          },
          "whole": {
            "H_L1": 0.006475973122850445,
            "H_Linf": 55.65930555754306,
            "H_RMS": 0.3060453377863769,
            "M_L1": 0.0023277934680726604,
            "M_Linf": 51.60703119287697,
            "M_RMS": 0.1568723512745925,
            "volume": 128711.9124651177
          }
        },
        "constraint_veto": 0.0,
        "coordinate_condition_max": 10983.54810731128,
        "curl_RMS": 0.10944016136683164,
        "curl_near_RMS": 2.030770805437203,
        "delta_p": 0.0,
        "delta_q": 0.0,
        "detg_min": 1.155125415776556,
        "dt": 0.004087190172278959,
        "e_G": 0.2791297858259302,
        "e_alpha": 0.4709198914147083,
        "effective_CFL": 0.05000078136708493,
        "fit_cells": 1032.0,
        "physical_lapse_max": 0.9761551146376682,
        "physical_lapse_min": 0.009538925883434227,
        "reduction_RMS": 0.007200190305010518,
        "reduction_near_RMS": 0.13360666685936765,
        "regular_max": 31.55647534526619,
        "relative_D_Linf": 1.0,
        "relative_Psi_max": 8.362013707072993,
        "relative_WD_Linf": 0.0,
        "relative_inverse_Psi_max": 1.237780744109342,
        "relative_lapse_max": 2.238880298576679,
        "relative_lapse_min": 0.9997609135870685,
        "relative_metric_condition_max": 10.61521324125168,
        "relative_source_Linf": 0.0,
        "relative_v2_max": 1.558133864962922,
        "shell_valid": true,
        "target_time": 4.9,
        "time": 4.900720838879647,
        "transition_amplitude": 0.7040787420727136,
        "xi": 0.6125901048599559,
        "xi_dot": 0.125
      },
      "final_time": 4.941589236961317,
      "history_rows": 128,
      "initial_record": {
        "Delta_Linf": 0.0,
        "GH_RMS": 0.0,
        "GH_near_RMS": 0.0,
        "Phi_RMS": 0.0,
        "Pi_RMS": 0.0,
        "Psi_error_RMS": 0.0,
        "Q_Linf": 0.0,
        "bad_state": 0.0,
        "characteristic_speed_max": 0.9530629084724508,
        "common_constraints": {
          "interface_16": {
            "H_L1": 2.7063566000882125e-11,
            "H_Linf": 4.513936112866005e-10,
            "H_RMS": 4.623346691281022e-11,
            "M_L1": 0.0,
            "M_Linf": 0.0,
            "M_RMS": 0.0,
            "volume": 28598.07133842956
          },
          "interface_2": {
            "H_L1": 1.259729410941713e-07,
            "H_Linf": 1.398583585227041e-06,
            "H_RMS": 1.9802695643379422e-07,
            "M_L1": 0.0,
            "M_Linf": 0.0,
            "M_RMS": 0.0,
            "volume": 143.3954159144217
          },
          "interface_32": {
            "H_L1": null,
            "H_Linf": 0.0,
            "H_RMS": null,
            "M_L1": null,
            "M_Linf": 0.0,
            "M_RMS": null,
            "volume": 0.0
          },
          "interface_4": {
            "H_L1": 9.167732130570932e-09,
            "H_Linf": 1.515083710525015e-07,
            "H_RMS": 1.8130214364379396e-08,
            "M_L1": 0.0,
            "M_Linf": 0.0,
            "M_RMS": 0.0,
            "volume": 680.5847052165267
          },
          "interface_64": {
            "H_L1": null,
            "H_Linf": 0.0,
            "H_RMS": null,
            "M_L1": null,
            "M_Linf": 0.0,
            "M_RMS": null,
            "volume": 0.0
          },
          "interface_8": {
            "H_L1": 1.2912938194117822e-09,
            "H_Linf": 2.167104614374492e-08,
            "H_RMS": 2.5047124643506473e-09,
            "M_L1": 0.0,
            "M_Linf": 0.0,
            "M_RMS": 0.0,
            "volume": 4125.26985352218
          },
          "r_2_4": {
            "H_L1": 5.873554464842299e-08,
            "H_Linf": 1.128293945524344e-06,
            "H_RMS": 1.2137865413485816e-07,
            "M_L1": 0.0,
            "M_Linf": 0.0,
            "M_RMS": 0.0,
            "volume": 580.3840174999788
          },
          "r_4_8": {
            "H_L1": 4.5141619266129565e-09,
            "H_Linf": 1.515083710525015e-07,
            "H_RMS": 1.0103829247970582e-08,
            "M_L1": 0.0,
            "M_Linf": 0.0,
            "M_RMS": 0.0,
            "volume": 2995.603215781814
          },
          "r_ge_8": {
            "H_L1": 1.0440668607675515e-10,
            "H_Linf": 2.167104614374492e-08,
            "H_RMS": 5.312802472484646e-10,
            "M_L1": 0.0,
            "M_Linf": 0.0,
            "M_RMS": 0.0,
            "volume": 124735.0578928726
          },
          "r_lt_1": {
            "H_L1": 0.02972810956347004,
            "H_Linf": 0.3492346054702103,
            "H_RMS": 0.07956237303491995,
            "M_L1": 0.0,
            "M_Linf": 0.0,
            "M_RMS": 0.0,
            "volume": 171.6362196695989
          },
          "r_lt_2": {
            "H_L1": 0.015321204854315441,
            "H_Linf": 0.3492346054702103,
            "H_RMS": 0.05711404677652921,
            "M_L1": 0.0,
            "M_Linf": 0.0,
            "M_RMS": 0.0,
            "volume": 333.0723145480197
          },
          "whole": {
            "H_L1": 3.966858259046971e-05,
            "H_Linf": 0.3492346054702103,
            "H_RMS": 0.0029061446999566315,
            "M_L1": 0.0,
            "M_Linf": 0.0,
            "M_RMS": 0.0,
            "volume": 128644.1174407024
          }
        },
        "constraint_veto": 0.0,
        "coordinate_condition_max": 10984.83046514018,
        "curl_RMS": 0.0,
        "curl_near_RMS": 0.0,
        "delta_p": 0.0,
        "delta_q": 0.0,
        "detg_min": 1.155141791396577,
        "dt": 0.00413831104610264,
        "e_G": 0.0,
        "e_alpha": 0.0,
        "effective_CFL": 0.05,
        "fit_cells": 1032.0,
        "physical_lapse_max": 0.9762494089485795,
        "physical_lapse_min": 0.009541207056404379,
        "reduction_RMS": 0.0,
        "reduction_near_RMS": 0.0,
        "regular_max": 1.0,
        "relative_D_Linf": 0.0,
        "relative_Psi_max": 1.0,
        "relative_WD_Linf": 0.0,
        "relative_inverse_Psi_max": 1.0,
        "relative_lapse_max": 1.0,
        "relative_lapse_min": 1.0,
        "relative_metric_condition_max": 1.0,
        "relative_source_Linf": 0.0,
        "relative_v2_max": 0.0,
        "shell_valid": true,
        "target_time": 0.0,
        "time": 0.0,
        "transition_amplitude": 0.0,
        "xi": 0.0,
        "xi_dot": 0.0
      },
      "initial_time": 0.0,
      "label": "wave_map",
      "late_time_fits": {
        "GH_RMS": {
          "e_folding_time": 0.33473576036400504,
          "minimum_time": 4.0,
          "r_squared": 0.9368915712662321,
          "samples": 48,
          "slope": 2.9874310378806257
        },
        "Psi_error_RMS": {
          "e_folding_time": 0.9651073879134713,
          "minimum_time": 4.0,
          "r_squared": 0.9981321462752003,
          "samples": 48,
          "slope": 1.0361541239073564
        },
        "curl_RMS": {
          "e_folding_time": 0.33677536370288474,
          "minimum_time": 4.0,
          "r_squared": 0.9976893488033949,
          "samples": 48,
          "slope": 2.9693383417506625
        },
        "reduction_RMS": {
          "e_folding_time": 0.37121628806254553,
          "minimum_time": 4.0,
          "r_squared": 0.9915383043884473,
          "samples": 48,
          "slope": 2.693847312625226
        },
        "relative_D_Linf": {
          "e_folding_time": 4.992627748827022,
          "minimum_time": 4.0,
          "r_squared": 0.06169305308441497,
          "samples": 48,
          "slope": 0.20029532548965662
        },
        "relative_source_Linf": {
          "e_folding_time": null,
          "r_squared": null,
          "samples": 1,
          "slope": null
        }
      },
      "maximum_characteristic_speed": 0.95344788910768,
      "minimum_dt": 0.002013983852398482,
      "old_fast_mode_fit": {
        "e_folding_time": 0.47086181740516286,
        "minimum_time": 0.2,
        "r_squared": 0.9678793651485059,
        "samples": 124,
        "slope": 2.1237653235737506
      },
      "old_fast_mode_recurrence": false,
      "outer_coordinate_distance": 24.0,
      "records": [
        {
          "Delta_Linf": 0.0,
          "GH_RMS": 0.0,
          "GH_near_RMS": 0.0,
          "Phi_RMS": 0.0,
          "Pi_RMS": 0.0,
          "Psi_error_RMS": 0.0,
          "Q_Linf": 0.0,
          "bad_state": 0.0,
          "characteristic_speed_max": 0.9530629084724508,
          "common_constraints": {
            "interface_16": {
              "H_L1": 2.7063566000882125e-11,
              "H_Linf": 4.513936112866005e-10,
              "H_RMS": 4.623346691281022e-11,
              "M_L1": 0.0,
              "M_Linf": 0.0,
              "M_RMS": 0.0,
              "volume": 28598.07133842956
            },
            "interface_2": {
              "H_L1": 1.259729410941713e-07,
              "H_Linf": 1.398583585227041e-06,
              "H_RMS": 1.9802695643379422e-07,
              "M_L1": 0.0,
              "M_Linf": 0.0,
              "M_RMS": 0.0,
              "volume": 143.3954159144217
            },
            "interface_32": {
              "H_L1": null,
              "H_Linf": 0.0,
              "H_RMS": null,
              "M_L1": null,
              "M_Linf": 0.0,
              "M_RMS": null,
              "volume": 0.0
            },
            "interface_4": {
              "H_L1": 9.167732130570932e-09,
              "H_Linf": 1.515083710525015e-07,
              "H_RMS": 1.8130214364379396e-08,
              "M_L1": 0.0,
              "M_Linf": 0.0,
              "M_RMS": 0.0,
              "volume": 680.5847052165267
            },
            "interface_64": {
              "H_L1": null,
              "H_Linf": 0.0,
              "H_RMS": null,
              "M_L1": null,
              "M_Linf": 0.0,
              "M_RMS": null,
              "volume": 0.0
            },
            "interface_8": {
              "H_L1": 1.2912938194117822e-09,
              "H_Linf": 2.167104614374492e-08,
              "H_RMS": 2.5047124643506473e-09,
              "M_L1": 0.0,
              "M_Linf": 0.0,
              "M_RMS": 0.0,
              "volume": 4125.26985352218
            },
            "r_2_4": {
              "H_L1": 5.873554464842299e-08,
              "H_Linf": 1.128293945524344e-06,
              "H_RMS": 1.2137865413485816e-07,
              "M_L1": 0.0,
              "M_Linf": 0.0,
              "M_RMS": 0.0,
              "volume": 580.3840174999788
            },
            "r_4_8": {
              "H_L1": 4.5141619266129565e-09,
              "H_Linf": 1.515083710525015e-07,
              "H_RMS": 1.0103829247970582e-08,
              "M_L1": 0.0,
              "M_Linf": 0.0,
              "M_RMS": 0.0,
              "volume": 2995.603215781814
            },
            "r_ge_8": {
              "H_L1": 1.0440668607675515e-10,
              "H_Linf": 2.167104614374492e-08,
              "H_RMS": 5.312802472484646e-10,
              "M_L1": 0.0,
              "M_Linf": 0.0,
              "M_RMS": 0.0,
              "volume": 124735.0578928726
            },
            "r_lt_1": {
              "H_L1": 0.02972810956347004,
              "H_Linf": 0.3492346054702103,
              "H_RMS": 0.07956237303491995,
              "M_L1": 0.0,
              "M_Linf": 0.0,
              "M_RMS": 0.0,
              "volume": 171.6362196695989
            },
            "r_lt_2": {
              "H_L1": 0.015321204854315441,
              "H_Linf": 0.3492346054702103,
              "H_RMS": 0.05711404677652921,
              "M_L1": 0.0,
              "M_Linf": 0.0,
              "M_RMS": 0.0,
              "volume": 333.0723145480197
            },
            "whole": {
              "H_L1": 3.966858259046971e-05,
              "H_Linf": 0.3492346054702103,
              "H_RMS": 0.0029061446999566315,
              "M_L1": 0.0,
              "M_Linf": 0.0,
              "M_RMS": 0.0,
              "volume": 128644.1174407024
            }
          },
          "constraint_veto": 0.0,
          "coordinate_condition_max": 10984.83046514018,
          "curl_RMS": 0.0,
          "curl_near_RMS": 0.0,
          "delta_p": 0.0,
          "delta_q": 0.0,
          "detg_min": 1.155141791396577,
          "dt": 0.00413831104610264,
          "e_G": 0.0,
          "e_alpha": 0.0,
          "effective_CFL": 0.05,
          "fit_cells": 1032.0,
          "physical_lapse_max": 0.9762494089485795,
          "physical_lapse_min": 0.009541207056404379,
          "reduction_RMS": 0.0,
          "reduction_near_RMS": 0.0,
          "regular_max": 1.0,
          "relative_D_Linf": 0.0,
          "relative_Psi_max": 1.0,
          "relative_WD_Linf": 0.0,
          "relative_inverse_Psi_max": 1.0,
          "relative_lapse_max": 1.0,
          "relative_lapse_min": 1.0,
          "relative_metric_condition_max": 1.0,
          "relative_source_Linf": 0.0,
          "relative_v2_max": 0.0,
          "shell_valid": true,
          "target_time": 0.0,
          "time": 0.0,
          "transition_amplitude": 0.0,
          "xi": 0.0,
          "xi_dot": 0.0
        },
        {
          "Delta_Linf": 0.3285721709696746,
          "GH_RMS": 1.2473690562903468e-05,
          "GH_near_RMS": 0.00024473483875935356,
          "Phi_RMS": 0.0013046182989839754,
          "Pi_RMS": 0.00901411314869374,
          "Psi_error_RMS": 0.001196728831146368,
          "Q_Linf": 0.4456613739577916,
          "bad_state": 0.0,
          "characteristic_speed_max": 0.95307099961319,
          "common_constraints": {
            "interface_16": {
              "H_L1": 2.7227753980242948e-11,
              "H_Linf": 4.75673914794699e-10,
              "H_RMS": 4.725501281050636e-11,
              "M_L1": 8.631174179977102e-13,
              "M_Linf": 1.177342742014941e-11,
              "M_RMS": 1.591333190598802e-12,
              "volume": 28598.10940795349
            },
            "interface_2": {
              "H_L1": 1.7000815612520453e-07,
              "H_Linf": 3.32581511889099e-06,
              "H_RMS": 3.434105285421013e-07,
              "M_L1": 3.543121316901014e-08,
              "M_Linf": 1.512563919495605e-07,
              "M_RMS": 4.397309344688723e-08,
              "volume": 143.5507172982297
            },
            "interface_32": {
              "H_L1": null,
              "H_Linf": 0.0,
              "H_RMS": null,
              "M_L1": null,
              "M_Linf": 0.0,
              "M_RMS": null,
              "volume": 0.0
            },
            "interface_4": {
              "H_L1": 3.803496990888974e-08,
              "H_Linf": 4.107163344596682e-07,
              "H_RMS": 7.05511564423585e-08,
              "M_L1": 1.995568879318442e-09,
              "M_Linf": 1.462932256090383e-08,
              "M_RMS": 2.9446811059829355e-09,
              "volume": 680.698092777829
            },
            "interface_64": {
              "H_L1": null,
              "H_Linf": 0.0,
              "H_RMS": null,
              "M_L1": null,
              "M_Linf": 0.0,
              "M_RMS": null,
              "volume": 0.0
            },
            "interface_8": {
              "H_L1": 1.820301103990803e-09,
              "H_Linf": 2.500094054712397e-08,
              "H_RMS": 3.240237630208241e-09,
              "M_L1": 1.165915104214857e-10,
              "M_Linf": 1.147188618357292e-09,
              "M_RMS": 1.951885600240217e-10,
              "volume": 4125.338784433043
            },
            "r_2_4": {
              "H_L1": 7.017424897053806e-08,
              "H_Linf": 1.563552292550938e-06,
              "H_RMS": 1.4524771739596962e-07,
              "M_L1": 1.7564921129294527e-08,
              "M_Linf": 2.566258199201519e-07,
              "M_RMS": 3.450914584289767e-08,
              "volume": 580.7892229571578
            },
            "r_4_8": {
              "H_L1": 1.0752864800963388e-08,
              "H_Linf": 4.107163344596682e-07,
              "H_RMS": 3.309492640023099e-08,
              "M_L1": 7.582561778211379e-10,
              "M_Linf": 1.376041609633098e-08,
              "M_RMS": 1.4622233550004447e-09,
              "volume": 2995.885366574305
            },
            "r_ge_8": {
              "H_L1": 3.537811808741626e-07,
              "H_Linf": 1.515134762937732e-05,
              "H_RMS": 1.3222879323165232e-06,
              "M_L1": 9.852465210355181e-08,
              "M_Linf": 4.62207899995817e-06,
              "M_RMS": 4.3669302620181e-07,
              "volume": 124735.3060398411
            },
            "r_lt_1": {
              "H_L1": 0.03067505229560811,
              "H_Linf": 0.3462832501267551,
              "H_RMS": 0.07918028371919089,
              "M_L1": 0.0012496019538737852,
              "M_Linf": 0.01182674641657371,
              "M_RMS": 0.0026057236396161824,
              "volume": 172.2863692548136
            },
            "r_lt_2": {
              "H_L1": 0.015817385272613088,
              "H_Linf": 0.3462832501267551,
              "H_RMS": 0.05685386143882015,
              "M_L1": 0.0006450557737030092,
              "M_Linf": 0.01182674641657371,
              "M_RMS": 0.0018709902169425751,
              "volume": 334.1681835589125
            },
            "whole": {
              "H_L1": 4.143045811356746e-05,
              "H_Linf": 0.3462832501267551,
              "H_RMS": 0.0028976382426816423,
              "M_L1": 1.7712080314347175e-06,
              "M_Linf": 0.01182674641657371,
              "M_RMS": 9.53586483374319e-05,
              "volume": 128646.1488129315
            }
          },
          "constraint_veto": 0.0,
          "coordinate_condition_max": 10984.83949285271,
          "curl_RMS": 2.8000751500964088e-05,
          "curl_near_RMS": 0.0005493960503712437,
          "delta_p": 0.0,
          "delta_q": 0.0,
          "detg_min": 1.155141948529066,
          "dt": 0.004137084882429976,
          "e_G": 0.003485154698973696,
          "e_alpha": 0.00521555957942606,
          "effective_CFL": 0.05000016653849399,
          "fit_cells": 1032.0,
          "physical_lapse_max": 0.9762471909148391,
          "physical_lapse_min": 0.00954121865178616,
          "reduction_RMS": 7.776706066657978e-07,
          "reduction_near_RMS": 1.5258196589175252e-05,
          "regular_max": 1.031950874522058,
          "relative_D_Linf": 0.001831041001213488,
          "relative_Psi_max": 1.031950874522058,
          "relative_WD_Linf": 0.001831041001213488,
          "relative_inverse_Psi_max": 1.007118351240229,
          "relative_lapse_max": 1.012176608045644,
          "relative_lapse_min": 1.000000030236072,
          "relative_metric_condition_max": 1.037628756730339,
          "relative_source_Linf": 0.01801016777086518,
          "relative_v2_max": 3.320399990815765e-06,
          "shell_valid": true,
          "target_time": 1.0,
          "time": 1.001391074458855,
          "transition_amplitude": 0.01611472528861865,
          "xi": 0.1251738843073568,
          "xi_dot": 0.125
        },
        {
          "Delta_Linf": 1.327593215208969,
          "GH_RMS": 0.00010620629004019571,
          "GH_near_RMS": 0.002070861646896683,
          "Phi_RMS": 0.00787397916994959,
          "Pi_RMS": 0.029193652725930573,
          "Psi_error_RMS": 0.005973236527438772,
          "Q_Linf": 1.844475090515182,
          "bad_state": 0.0,
          "characteristic_speed_max": 0.9531153308445139,
          "common_constraints": {
            "interface_16": {
              "H_L1": 2.75241665571956e-11,
              "H_Linf": 4.973633689402649e-10,
              "H_RMS": 4.817622298266546e-11,
              "M_L1": 1.8819462162496613e-12,
              "M_Linf": 2.219480245487265e-11,
              "M_RMS": 3.19068676451053e-12,
              "volume": 28598.2293099878
            },
            "interface_2": {
              "H_L1": 4.169786324680752e-07,
              "H_Linf": 7.921805606716462e-06,
              "H_RMS": 8.15709689720691e-07,
              "M_L1": 5.986206138144715e-08,
              "M_Linf": 2.551264156076591e-07,
              "M_RMS": 7.279826275183441e-08,
              "volume": 144.029865683272
            },
            "interface_32": {
              "H_L1": null,
              "H_Linf": 0.0,
              "H_RMS": null,
              "M_L1": null,
              "M_Linf": 0.0,
              "M_RMS": null,
              "volume": 0.0
            },
            "interface_4": {
              "H_L1": 3.60412245416994e-07,
              "H_Linf": 3.835274231293038e-06,
              "H_RMS": 7.407203719395372e-07,
              "M_L1": 4.817137716681731e-09,
              "M_Linf": 4.347602438077285e-08,
              "M_RMS": 6.935225352479871e-09,
              "volume": 681.0648046415622
            },
            "interface_64": {
              "H_L1": null,
              "H_Linf": 0.0,
              "H_RMS": null,
              "M_L1": null,
              "M_Linf": 0.0,
              "M_RMS": null,
              "volume": 0.0
            },
            "interface_8": {
              "H_L1": 7.8749835836246e-09,
              "H_Linf": 1.87811872539713e-07,
              "H_RMS": 1.6380706548964553e-08,
              "M_L1": 2.431962756389915e-10,
              "M_Linf": 1.750437041502859e-09,
              "M_RMS": 3.807492874942156e-10,
              "volume": 4125.559158159433
            },
            "r_2_4": {
              "H_L1": 2.8916468833535383e-07,
              "H_Linf": 3.651763058299404e-06,
              "H_RMS": 4.6745077368939733e-07,
              "M_L1": 3.128724090159647e-08,
              "M_Linf": 4.481264105525445e-07,
              "M_RMS": 5.8908370521541174e-08,
              "volume": 582.0604259272062
            },
            "r_4_8": {
              "H_L1": 8.471733362100064e-08,
              "H_Linf": 3.835274231293038e-06,
              "H_RMS": 3.357410016909829e-07,
              "M_L1": 1.618977222195874e-09,
              "M_Linf": 3.473087232952442e-08,
              "M_RMS": 3.143033843743982e-09,
              "volume": 2996.797098277289
            },
            "r_ge_8": {
              "H_L1": 1.1422173343328939e-05,
              "H_Linf": 0.0004242626275651338,
              "H_RMS": 4.03718645670403e-05,
              "M_L1": 8.173846432263765e-07,
              "M_Linf": 2.554132653884529e-05,
              "M_RMS": 2.861620461303842e-06,
              "volume": 124736.0905899673
            },
            "r_lt_1": {
              "H_L1": 0.04354595611389426,
              "H_Linf": 0.3376638261119396,
              "H_RMS": 0.08403237084093221,
              "M_L1": 0.006780637296924232,
              "M_Linf": 0.06178476694765225,
              "M_RMS": 0.010621165468499774,
              "volume": 175.1191325995819
            },
            "r_lt_2": {
              "H_L1": 0.022554627137778893,
              "H_Linf": 0.3376638261119396,
              "H_RMS": 0.06046307804626136,
              "M_L1": 0.0035132166622122173,
              "M_Linf": 0.06178476694765225,
              "M_RMS": 0.007642165299969273,
              "volume": 338.2568190978166
            },
            "whole": {
              "H_L1": 7.037862661196653e-05,
              "H_Linf": 0.3376638261119396,
              "H_RMS": 0.0031005513315575067,
              "M_L1": 1.0029675680026612e-05,
              "M_Linf": 0.06178476694765225,
              "M_RMS": 0.0003918687487244709,
              "volume": 128653.2049332696
            }
          },
          "constraint_veto": 0.0,
          "coordinate_condition_max": 10984.82875309922,
          "curl_RMS": 0.00031053086411791047,
          "curl_near_RMS": 0.006056082688445035,
          "delta_p": 0.0,
          "delta_q": 0.0,
          "detg_min": 1.155142303216707,
          "dt": 0.004130723640294525,
          "e_G": 0.02475449318589053,
          "e_alpha": 0.03762113389292357,
          "effective_CFL": 0.05000047657133159,
          "fit_cells": 1032.0,
          "physical_lapse_max": 0.9762349764067058,
          "physical_lapse_min": 0.009541198909658186,
          "reduction_RMS": 1.751301981271281e-05,
          "reduction_near_RMS": 0.0003415442426989954,
          "regular_max": 1.206031133297789,
          "relative_D_Linf": 0.01441005448787739,
          "relative_Psi_max": 1.206031133297789,
          "relative_WD_Linf": 0.01441005448787739,
          "relative_inverse_Psi_max": 1.021236789680672,
          "relative_lapse_max": 1.087894744809284,
          "relative_lapse_min": 0.99999914615141,
          "relative_metric_condition_max": 1.219475247767169,
          "relative_source_Linf": 0.07958259114331985,
          "relative_v2_max": 0.0002007787761382885,
          "shell_valid": true,
          "target_time": 2.0,
          "time": 2.001918876259942,
          "transition_amplitude": 0.1037687636438258,
          "xi": 0.2502398595324927,
          "xi_dot": 0.125
        },
        {
          "Delta_Linf": 3.745543857585325,
          "GH_RMS": 0.00041356951489463807,
          "GH_near_RMS": 0.007965214721622364,
          "Phi_RMS": 0.030293764466201176,
          "Pi_RMS": 0.06908039504036537,
          "Psi_error_RMS": 0.01847523320320298,
          "Q_Linf": 5.138718496573706,
          "bad_state": 0.0,
          "characteristic_speed_max": 0.9532035802723168,
          "common_constraints": {
            "interface_16": {
              "H_L1": 4.899089299009966e-10,
              "H_Linf": 9.763033957971872e-09,
              "H_RMS": 1.360788079460298e-09,
              "M_L1": 1.1928183981681747e-10,
              "M_Linf": 1.501502611295269e-09,
              "M_RMS": 2.720708795847724e-10,
              "volume": 28598.44060155877
            },
            "interface_2": {
              "H_L1": 8.657828697342581e-07,
              "H_Linf": 5.150885116780943e-05,
              "H_RMS": 2.0929943593532065e-06,
              "M_L1": 1.5194444852564994e-07,
              "M_Linf": 7.454156429946649e-06,
              "M_RMS": 5.369249946943984e-07,
              "volume": 144.8517829541319
            },
            "interface_32": {
              "H_L1": null,
              "H_Linf": 0.0,
              "H_RMS": null,
              "M_L1": null,
              "M_Linf": 0.0,
              "M_RMS": null,
              "volume": 0.0
            },
            "interface_4": {
              "H_L1": 1.6144866644567202e-06,
              "H_Linf": 1.502193796165744e-05,
              "H_RMS": 3.2525821189878227e-06,
              "M_L1": 9.096006095854857e-09,
              "M_Linf": 6.60668111301012e-08,
              "M_RMS": 1.3233444069369311e-08,
              "volume": 681.7518897039147
            },
            "interface_64": {
              "H_L1": null,
              "H_Linf": 0.0,
              "H_RMS": null,
              "M_L1": null,
              "M_Linf": 0.0,
              "M_RMS": null,
              "volume": 0.0
            },
            "interface_8": {
              "H_L1": 2.500043535964988e-08,
              "H_Linf": 5.635129718722124e-07,
              "H_RMS": 5.430910368557347e-08,
              "M_L1": 3.2485767832432994e-10,
              "M_Linf": 2.072088313331538e-09,
              "M_RMS": 5.006141601731524e-10,
              "volume": 4125.960467799248
            },
            "r_2_4": {
              "H_L1": 1.2316724453810696e-06,
              "H_Linf": 9.5315295098263e-06,
              "H_RMS": 1.9287157241683484e-06,
              "M_L1": 4.393046658524521e-08,
              "M_Linf": 1.042838415519142e-06,
              "M_RMS": 8.605489360372778e-08,
              "volume": 584.3129152168851
            },
            "r_4_8": {
              "H_L1": 3.741780525030306e-07,
              "H_Linf": 1.502193796165744e-05,
              "H_RMS": 1.4573554585871664e-06,
              "M_L1": 2.9691999671478673e-09,
              "M_Linf": 5.201177070059155e-08,
              "M_RMS": 6.110148630758679e-09,
              "volume": 2998.500411846988
            },
            "r_ge_8": {
              "H_L1": 8.904782065600085e-05,
              "H_Linf": 0.002519785616129668,
              "H_RMS": 0.00026474767120941153,
              "M_L1": 2.3413264942980054e-06,
              "M_Linf": 4.813824814252885e-05,
              "M_RMS": 6.60709605119423e-06,
              "volume": 124737.4910815966
            },
            "r_lt_1": {
              "H_L1": 0.10678668238359833,
              "H_Linf": 0.9063075346055036,
              "H_RMS": 0.16506979414290307,
              "M_L1": 0.025508726961955493,
              "M_Linf": 0.1938306889308067,
              "M_RMS": 0.03625454771809184,
              "volume": 181.8416929288394
            },
            "r_lt_2": {
              "H_L1": 0.056306072003080104,
              "H_Linf": 0.9063075346055036,
              "H_RMS": 0.11954143526644206,
              "M_L1": 0.01340278944374033,
              "M_Linf": 0.1938306889308067,
              "M_RMS": 0.026253877879783477,
              "volume": 346.7699560321427
            },
            "whole": {
              "H_L1": 0.00023809274947913462,
              "H_Linf": 0.9063075346055036,
              "H_RMS": 0.0062113824325575814,
              "M_L1": 3.839187683012511e-05,
              "M_Linf": 0.1938306889308067,
              "M_RMS": 0.0013629672684641566,
              "volume": 128667.0743646926
            }
          },
          "constraint_veto": 0.0,
          "coordinate_condition_max": 10984.70452088818,
          "curl_RMS": 0.0016197380034213198,
          "curl_near_RMS": 0.031200226962735843,
          "delta_p": 0.0,
          "delta_q": 0.0,
          "detg_min": 1.15514246360839,
          "dt": 0.004118382968895053,
          "e_G": 0.08316220654063988,
          "e_alpha": 0.1296088002587872,
          "effective_CFL": 0.05000074174750335,
          "fit_cells": 1032.0,
          "physical_lapse_max": 0.9762112549194347,
          "physical_lapse_min": 0.009540994781958707,
          "reduction_RMS": 0.00012824465210371956,
          "reduction_near_RMS": 0.0024703062172034083,
          "regular_max": 2.932273745495836,
          "relative_D_Linf": 0.04483254419935808,
          "relative_Psi_max": 1.744084488960578,
          "relative_WD_Linf": 0.04483254419935808,
          "relative_inverse_Psi_max": 1.041318687629444,
          "relative_lapse_max": 1.286126490605038,
          "relative_lapse_min": 0.9999777518248565,
          "relative_metric_condition_max": 1.809367716663401,
          "relative_source_Linf": 0.3736643347862645,
          "relative_v2_max": 0.001968439782515791,
          "shell_valid": true,
          "target_time": 3.0,
          "time": 3.000161459321784,
          "transition_amplitude": 0.2752407798426253,
          "xi": 0.3750201824152229,
          "xi_dot": 0.125
        },
        {
          "Delta_Linf": 11.16786981524401,
          "GH_RMS": 0.0024821744972174033,
          "GH_near_RMS": 0.046922895155708765,
          "Phi_RMS": 0.09940131852761701,
          "Pi_RMS": 0.14757936427170015,
          "Psi_error_RMS": 0.04964714395107937,
          "Q_Linf": 15.63175762641374,
          "bad_state": 0.0,
          "characteristic_speed_max": 0.953322330647469,
          "common_constraints": {
            "interface_16": {
              "H_L1": 1.9617305918753517e-08,
              "H_Linf": 3.690521176573707e-07,
              "H_RMS": 4.8922819236593063e-08,
              "M_L1": 2.105774250256298e-09,
              "M_Linf": 2.160349049873477e-08,
              "M_RMS": 3.97065716754808e-09,
              "volume": 28598.74968735984
            },
            "interface_2": {
              "H_L1": 2.9783177958933613e-05,
              "H_Linf": 0.0008790316985804857,
              "H_RMS": 8.127833892980934e-05,
              "M_L1": 2.886194624545866e-06,
              "M_Linf": 0.0001074225873301438,
              "M_RMS": 1.0337480450447118e-05,
              "volume": 146.0107300880619
            },
            "interface_32": {
              "H_L1": null,
              "H_Linf": 0.0,
              "H_RMS": null,
              "M_L1": null,
              "M_Linf": 0.0,
              "M_RMS": null,
              "volume": 0.0
            },
            "interface_4": {
              "H_L1": 4.999286454518334e-06,
              "H_Linf": 4.07510153561363e-05,
              "H_RMS": 9.717577055073068e-06,
              "M_L1": 1.8837088612575333e-08,
              "M_Linf": 1.193009771009082e-07,
              "M_RMS": 2.7824490986275402e-08,
              "volume": 682.8540979770473
            },
            "interface_64": {
              "H_L1": null,
              "H_Linf": 0.0,
              "H_RMS": null,
              "M_L1": null,
              "M_Linf": 0.0,
              "M_RMS": null,
              "volume": 0.0
            },
            "interface_8": {
              "H_L1": 5.99836166347481e-08,
              "H_Linf": 1.267191873021297e-06,
              "H_RMS": 1.2692435536023935e-07,
              "M_L1": 5.536004994025048e-10,
              "M_Linf": 4.87358064116383e-09,
              "M_RMS": 7.757349715483848e-10,
              "volume": 4126.578678827833
            },
            "r_2_4": {
              "H_L1": 9.48005449220985e-06,
              "H_Linf": 0.000339324974155961,
              "H_RMS": 2.6290424669860018e-05,
              "M_L1": 3.606899572629983e-07,
              "M_Linf": 3.991285466918472e-05,
              "M_RMS": 1.8814083815745252e-06,
              "volume": 587.6419498231271
            },
            "r_4_8": {
              "H_L1": 1.1821086866449114e-06,
              "H_Linf": 4.07510153561363e-05,
              "H_RMS": 4.408533729842896e-06,
              "M_L1": 6.073735166598445e-09,
              "M_Linf": 1.193009771009082e-07,
              "M_RMS": 1.3226886523899885e-08,
              "volume": 3001.224170374638
            },
            "r_ge_8": {
              "H_L1": 0.0003306909874698102,
              "H_Linf": 0.007508843497076935,
              "H_RMS": 0.0008694447613022535,
              "M_L1": 4.348530695473535e-06,
              "M_Linf": 6.206709343805985e-05,
              "M_RMS": 1.0582464594221984e-05,
              "volume": 124739.5882800301
            },
            "r_lt_1": {
              "H_L1": 0.27200187675597787,
              "H_Linf": 2.928531825676394,
              "H_RMS": 0.436072723445914,
              "M_L1": 0.10657423288402684,
              "M_Linf": 0.3718813249735536,
              "M_RMS": 0.1364648281257588,
              "volume": 193.2697818562466
            },
            "r_lt_2": {
              "H_L1": 0.1500373768380152,
              "H_Linf": 2.928531825676394,
              "H_RMS": 0.31971670310621514,
              "M_L1": 0.057332996490691394,
              "M_Linf": 0.3718813249735536,
              "M_RMS": 0.09997648605496075,
              "volume": 360.0977428972926
            },
            "whole": {
              "H_L1": 0.0007404504552929621,
              "H_Linf": 2.928531825676394,
              "H_RMS": 0.016934061674891268,
              "M_L1": 0.0001646467101443356,
              "M_Linf": 0.3718813249735536,
              "M_RMS": 0.005288578478994217,
              "volume": 128688.5521431252
            }
          },
          "constraint_veto": 0.0,
          "coordinate_condition_max": 10984.29838433553,
          "curl_RMS": 0.00798434195986558,
          "curl_near_RMS": 0.150938102733174,
          "delta_p": 0.0,
          "delta_q": 0.0,
          "detg_min": 1.155142027835086,
          "dt": 0.002013983852398482,
          "e_G": 0.1855699435792141,
          "e_alpha": 0.2986916247912325,
          "effective_CFL": 0.02454836516770498,
          "fit_cells": 1032.0,
          "physical_lapse_max": 0.9761808125126622,
          "physical_lapse_min": 0.009540302871344738,
          "reduction_RMS": 0.0006697452628027469,
          "reduction_near_RMS": 0.012661019973023553,
          "regular_max": 7.769275101015287,
          "relative_D_Linf": 0.2090899171938651,
          "relative_Psi_max": 3.267625953266511,
          "relative_WD_Linf": 0.1864483742475376,
          "relative_inverse_Psi_max": 1.101471711004713,
          "relative_lapse_max": 1.606643297550715,
          "relative_lapse_min": 0.9999052336822483,
          "relative_metric_condition_max": 3.660741242901822,
          "relative_source_Linf": 2.068309225812066,
          "relative_v2_max": 0.03941405228857957,
          "shell_valid": true,
          "target_time": 4.0,
          "time": 4.0,
          "transition_amplitude": 0.5,
          "xi": 0.5,
          "xi_dot": 0.125
        },
        {
          "Delta_Linf": 15.34886471353558,
          "GH_RMS": 0.005317118919364477,
          "GH_near_RMS": 0.10001182080091439,
          "Phi_RMS": 0.12748644503260723,
          "Pi_RMS": 0.1772976087793627,
          "Psi_error_RMS": 0.06015873775170956,
          "Q_Linf": 21.83770184326787,
          "bad_state": 0.0,
          "characteristic_speed_max": 0.9533481635617835,
          "common_constraints": {
            "interface_16": {
              "H_L1": 3.323769062254266e-08,
              "H_Linf": 7.003802228695912e-07,
              "H_RMS": 7.475428824375306e-08,
              "M_L1": 6.285797388384177e-09,
              "M_Linf": 5.272585945905285e-08,
              "M_RMS": 1.0180482227641076e-08,
              "volume": 28598.82356756878
            },
            "interface_2": {
              "H_L1": 9.806018270550174e-05,
              "H_Linf": 0.001802936220406171,
              "H_RMS": 0.00018615529153915574,
              "M_L1": 0.00025239861275111144,
              "M_Linf": 0.000614436006128521,
              "M_RMS": 0.000276254190077711,
              "volume": 146.2716161160275
            },
            "interface_32": {
              "H_L1": null,
              "H_Linf": 0.0,
              "H_RMS": null,
              "M_L1": null,
              "M_Linf": 0.0,
              "M_RMS": null,
              "volume": 0.0
            },
            "interface_4": {
              "H_L1": 6.6292560042760195e-06,
              "H_Linf": 5.166378418356139e-05,
              "H_RMS": 1.2039182093307119e-05,
              "M_L1": 1.1334450157635362e-05,
              "M_Linf": 6.02376229699433e-05,
              "M_RMS": 1.529223225287126e-05,
              "volume": 683.131966884158
            },
            "interface_64": {
              "H_L1": null,
              "H_Linf": 0.0,
              "H_RMS": null,
              "M_L1": null,
              "M_Linf": 0.0,
              "M_RMS": null,
              "volume": 0.0
            },
            "interface_8": {
              "H_L1": 7.182075678067025e-08,
              "H_Linf": 1.445514131795615e-06,
              "H_RMS": 1.493489308806792e-07,
              "M_L1": 4.0317193334727676e-08,
              "M_Linf": 6.331987849520036e-07,
              "M_RMS": 8.108759916849846e-08,
              "volume": 4126.731995579586
            },
            "r_2_4": {
              "H_L1": 3.804057963968917e-05,
              "H_Linf": 0.0009181097370317727,
              "H_RMS": 7.7120128793569e-05,
              "M_L1": 0.00013800094487020074,
              "M_Linf": 0.0004487251144881689,
              "M_RMS": 0.00017463541825660808,
              "volume": 588.4212951011706
            },
            "r_4_8": {
              "H_L1": 1.7867481343297225e-06,
              "H_Linf": 5.166378418356139e-05,
              "H_RMS": 5.5628751917752774e-06,
              "M_L1": 4.280897871162358e-06,
              "M_Linf": 3.213202254005841e-05,
              "M_RMS": 7.778761084533274e-06,
              "volume": 3001.911964287719
            },
            "r_ge_8": {
              "H_L1": 0.0004086992083089311,
              "H_Linf": 0.008938974268059873,
              "H_RMS": 0.0010529236385404823,
              "M_L1": 4.756707993930024e-06,
              "M_Linf": 6.512640657583749e-05,
              "M_RMS": 1.1213326905427213e-05,
              "volume": 124740.1009333189
            },
            "r_lt_1": {
              "H_L1": 0.39036598390204047,
              "H_Linf": 3.533083689872762,
              "H_RMS": 0.6442422777613463,
              "M_L1": 0.16719125327771792,
              "M_Linf": 0.8023787223493412,
              "M_RMS": 0.21962991521584288,
              "volume": 196.0388638676931
            },
            "r_lt_2": {
              "H_L1": 0.2171062216636772,
              "H_Linf": 3.533083689872762,
              "H_RMS": 0.47370473683844505,
              "M_L1": 0.0906802182274323,
              "M_Linf": 0.8023787223493412,
              "M_RMS": 0.1613593990499603,
              "volume": 363.2025525665406
            },
            "whole": {
              "H_L1": 0.0010090822298147273,
              "H_Linf": 3.533083689872762,
              "H_RMS": 0.025186730401142637,
              "M_L1": 0.0002612614996851831,
              "M_Linf": 0.8023787223493412,
              "M_RMS": 0.008572173515311934,
              "volume": 128693.6367452743
            }
          },
          "constraint_veto": 0.0,
          "coordinate_condition_max": 10984.16472632266,
          "curl_RMS": 0.012866050291647307,
          "curl_near_RMS": 0.24218616791869146,
          "delta_p": 0.0,
          "delta_q": 0.0,
          "detg_min": 1.155140930248578,
          "dt": 0.004098721461594895,
          "e_G": 0.2088493753382602,
          "e_alpha": 0.3387169397243505,
          "effective_CFL": 0.05000085021754704,
          "fit_cells": 1032.0,
          "physical_lapse_max": 0.9761746429276844,
          "physical_lapse_min": 0.009540068414151472,
          "reduction_RMS": 0.000982802501036286,
          "reduction_near_RMS": 0.018499919726744685,
          "regular_max": 10.17027882746351,
          "relative_D_Linf": 1.0,
          "relative_Psi_max": 3.869302272738245,
          "relative_WD_Linf": 0.0,
          "relative_inverse_Psi_max": 1.123584168564363,
          "relative_lapse_max": 1.666746250019962,
          "relative_lapse_min": 0.9998806605656732,
          "relative_metric_condition_max": 4.438191538208264,
          "relative_source_Linf": 0.0,
          "relative_v2_max": 0.0751060216126416,
          "shell_valid": true,
          "target_time": 4.2,
          "time": 4.200845356443232,
          "transition_amplitude": 0.546994070413708,
          "xi": 0.5251056695554039,
          "xi_dot": 0.125
        },
        {
          "Delta_Linf": 21.90658774400347,
          "GH_RMS": 0.007775335937185086,
          "GH_near_RMS": 0.1456962295296346,
          "Phi_RMS": 0.1669997689161478,
          "Pi_RMS": 0.2216680553727969,
          "Psi_error_RMS": 0.07312267702923572,
          "Q_Linf": 32.09818607776425,
          "bad_state": 0.0,
          "characteristic_speed_max": 0.9533747997188929,
          "common_constraints": {
            "interface_16": {
              "H_L1": 6.20889705553209e-08,
              "H_Linf": 1.384934302610655e-06,
              "H_RMS": 1.3594352454997644e-07,
              "M_L1": 1.3135025651679113e-08,
              "M_Linf": 1.109609552311212e-07,
              "M_RMS": 2.316640416634129e-08,
              "volume": 28598.90136197547
            },
            "interface_2": {
              "H_L1": 0.0002126660807175668,
              "H_Linf": 0.003491366944254184,
              "H_RMS": 0.00037936502014609616,
              "M_L1": 0.00040118428746422973,
              "M_Linf": 0.001004576256075488,
              "M_RMS": 0.0004419587923573298,
              "volume": 146.5291414268172
            },
            "interface_32": {
              "H_L1": null,
              "H_Linf": 0.0,
              "H_RMS": null,
              "M_L1": null,
              "M_Linf": 0.0,
              "M_RMS": null,
              "volume": 0.0
            },
            "interface_4": {
              "H_L1": 9.493985820618987e-06,
              "H_Linf": 6.719723880882067e-05,
              "H_RMS": 1.5974134895880233e-05,
              "M_L1": 1.7003386777388467e-05,
              "M_Linf": 9.195013648816667e-05,
              "M_RMS": 2.3080822782540466e-05,
              "volume": 683.4272920236008
            },
            "interface_64": {
              "H_L1": null,
              "H_Linf": 0.0,
              "H_RMS": null,
              "M_L1": null,
              "M_Linf": 0.0,
              "M_RMS": null,
              "volume": 0.0
            },
            "interface_8": {
              "H_L1": 8.985977703325687e-08,
              "H_Linf": 1.620212846411841e-06,
              "H_RMS": 1.8244904280276638e-07,
              "M_L1": 5.758460605013875e-08,
              "M_Linf": 8.898838031801779e-07,
              "M_RMS": 1.0988019913285014e-07,
              "volume": 4126.895673088406
            },
            "r_2_4": {
              "H_L1": 8.699645440226792e-05,
              "H_Linf": 0.001902006528051677,
              "H_RMS": 0.00017027819192962627,
              "M_L1": 0.00021658618575912106,
              "M_Linf": 0.0007298362148095584,
              "M_RMS": 0.00027703115067712807,
              "volume": 589.2096668910025
            },
            "r_4_8": {
              "H_L1": 3.0507231416589606e-06,
              "H_Linf": 6.719723880882067e-05,
              "H_RMS": 7.641994397078406e-06,
              "M_L1": 6.367985733066318e-06,
              "M_Linf": 4.862724133774062e-05,
              "M_RMS": 1.1688949601702404e-05,
              "volume": 3002.645924909377
            },
            "r_ge_8": {
              "H_L1": 0.0004991948680209699,
              "H_Linf": 0.01053069219346753,
              "H_RMS": 0.0012613384411075765,
              "M_L1": 5.1682427058964075e-06,
              "M_Linf": 6.791739584578419e-05,
              "M_RMS": 1.1815386429516471e-05,
              "volume": 124740.6490577923
            },
            "r_lt_1": {
              "H_L1": 0.649859925858194,
              "H_Linf": 5.433934646487926,
              "H_RMS": 1.179067292676493,
              "M_L1": 0.2766364979382795,
              "M_Linf": 1.929066172124334,
              "M_RMS": 0.3949294117456622,
              "volume": 198.9230438112694
            },
            "r_lt_2": {
              "H_L1": 0.36280323601119496,
              "H_Linf": 5.433934646487926,
              "H_RMS": 0.8693052293247698,
              "M_L1": 0.15091866161969783,
              "M_Linf": 1.929066172124334,
              "M_RMS": 0.2910081659885535,
              "volume": 366.3725434371651
            },
            "whole": {
              "H_L1": 0.0015171185626459626,
              "H_Linf": 5.433934646487926,
              "H_RMS": 0.04639829094399542,
              "M_L1": 0.0004357759800500908,
              "M_Linf": 1.929066172124334,
              "M_RMS": 0.0155267191638322,
              "volume": 128698.8771930299
            }
          },
          "constraint_veto": 0.0,
          "coordinate_condition_max": 10984.01103873732,
          "curl_RMS": 0.02262884893932607,
          "curl_near_RMS": 0.4241196384608752,
          "delta_p": 0.0,
          "delta_q": 0.0,
          "detg_min": 1.155138159947146,
          "dt": 0.004095324815627833,
          "e_G": 0.2314707912244855,
          "e_alpha": 0.3788020963066687,
          "effective_CFL": 0.05000084018085332,
          "fit_cells": 1032.0,
          "physical_lapse_max": 0.9761686849120539,
          "physical_lapse_min": 0.009539794242606012,
          "reduction_RMS": 0.0015711486603723801,
          "reduction_near_RMS": 0.02944712580081155,
          "regular_max": 13.71589356732249,
          "relative_D_Linf": 1.0,
          "relative_Psi_max": 4.684499243834465,
          "relative_WD_Linf": 0.0,
          "relative_inverse_Psi_max": 1.150066703570554,
          "relative_lapse_max": 1.728417949579586,
          "relative_lapse_min": 0.9998519250457502,
          "relative_metric_condition_max": 5.502860614064669,
          "relative_source_Linf": 0.0,
          "relative_v2_max": 0.1457546084262225,
          "shell_valid": true,
          "target_time": 4.4,
          "time": 4.401597617227529,
          "transition_amplitude": 0.5934938355008719,
          "xi": 0.5501997021534412,
          "xi_dot": 0.125
        },
        {
          "Delta_Linf": 32.48276651748318,
          "GH_RMS": 0.014333710618005487,
          "GH_near_RMS": 0.2674860549248851,
          "Phi_RMS": 0.2265797848446397,
          "Pi_RMS": 0.2931615369661986,
          "Psi_error_RMS": 0.08973716847072781,
          "Q_Linf": 49.73741513094691,
          "bad_state": 0.0,
          "characteristic_speed_max": 0.9534018738576711,
          "common_constraints": {
            "interface_16": {
              "H_L1": 1.4044248473162576e-07,
              "H_Linf": 2.593305869195238e-06,
              "H_RMS": 3.183845096827616e-07,
              "M_L1": 2.522945380317477e-08,
              "M_Linf": 2.180590444874562e-07,
              "M_RMS": 4.759212980602052e-08,
              "volume": 28598.98296944353
            },
            "interface_2": {
              "H_L1": 0.0003905006786537117,
              "H_Linf": 0.006516697798179023,
              "H_RMS": 0.0007072263255141523,
              "M_L1": 0.00047525039859145973,
              "M_Linf": 0.001265138542076896,
              "M_RMS": 0.0005268692019552978,
              "volume": 146.7856088218771
            },
            "interface_32": {
              "H_L1": null,
              "H_Linf": 0.0,
              "H_RMS": null,
              "M_L1": null,
              "M_Linf": 0.0,
              "M_RMS": null,
              "volume": 0.0
            },
            "interface_4": {
              "H_L1": 1.3367726781054736e-05,
              "H_Linf": 8.567175154125005e-05,
              "H_RMS": 2.161799762708308e-05,
              "M_L1": 1.9202927167846872e-05,
              "M_Linf": 0.0001052975068438452,
              "M_RMS": 2.6208779976301872e-05,
              "volume": 683.7413199106514
            },
            "interface_64": {
              "H_L1": null,
              "H_Linf": 0.0,
              "H_RMS": null,
              "M_L1": null,
              "M_Linf": 0.0,
              "M_RMS": null,
              "volume": 0.0
            },
            "interface_8": {
              "H_L1": 1.1347628020481728e-07,
              "H_Linf": 1.991259011453064e-06,
              "H_RMS": 2.2784573780617553e-07,
              "M_L1": 6.416812646087737e-08,
              "M_Linf": 9.326700688261927e-07,
              "M_RMS": 1.1156477959032651e-07,
              "volume": 4127.069971614589
            },
            "r_2_4": {
              "H_L1": 0.00015650040526073915,
              "H_Linf": 0.003526236549645448,
              "H_RMS": 0.00032481648060217764,
              "M_L1": 0.00025377296384996033,
              "M_Linf": 0.0008844480642501765,
              "M_RMS": 0.0003275738085376873,
              "volume": 590.0123684506722
            },
            "r_4_8": {
              "H_L1": 4.715148959668297e-06,
              "H_Linf": 8.567175154125005e-05,
              "H_RMS": 1.0636801792122955e-05,
              "M_L1": 7.1308755176998176e-06,
              "M_Linf": 5.535173213500926e-05,
              "M_RMS": 1.3224142319845214e-05,
              "volume": 3003.428907581523
            },
            "r_ge_8": {
              "H_L1": 0.0006034666671063561,
              "H_Linf": 0.01228534411437522,
              "H_RMS": 0.001496337439003707,
              "M_L1": 5.575147303169228e-06,
              "M_Linf": 6.990547154307202e-05,
              "M_RMS": 1.2393098233065699e-05,
              "volume": 124741.2327449359
            },
            "r_lt_1": {
              "H_L1": 1.2226106384624742,
              "H_Linf": 11.83789052028154,
              "H_RMS": 2.3857426964298933,
              "M_L1": 0.48762654368229436,
              "M_Linf": 4.693291724316255,
              "M_RMS": 0.7965629494798503,
              "volume": 201.8538775800787
            },
            "r_lt_2": {
              "H_L1": 0.682930782781335,
              "H_Linf": 11.83789052028154,
              "H_RMS": 1.763782659554783,
              "M_L1": 0.26731031103616343,
              "M_Linf": 4.693291724316255,
              "M_RMS": 0.5887159931498724,
              "volume": 369.5477973083894
            },
            "whole": {
              "H_L1": 0.0025466083134281334,
              "H_Linf": 11.83789052028154,
              "H_RMS": 0.09452283554125102,
              "M_L1": 0.0007742600222888096,
              "M_Linf": 4.693291724316255,
              "M_RMS": 0.031546042730898984,
              "volume": 128704.2218182765
            }
          },
          "constraint_veto": 0.0,
          "coordinate_condition_max": 10983.83774219493,
          "curl_RMS": 0.041924111735327924,
          "curl_near_RMS": 0.7823930019912313,
          "delta_p": 0.0,
          "delta_q": 0.0,
          "detg_min": 1.155133974589865,
          "dt": 0.004091987007030344,
          "e_G": 0.2525735373254669,
          "e_alpha": 0.4177312356750674,
          "effective_CFL": 0.05000082216685096,
          "fit_cells": 1032.0,
          "physical_lapse_max": 0.9761629847200756,
          "physical_lapse_min": 0.00953947796096969,
          "reduction_RMS": 0.002760277780780114,
          "reduction_near_RMS": 0.05151263239999505,
          "regular_max": 18.97095983201361,
          "relative_D_Linf": 1.0,
          "relative_Psi_max": 5.812276375172364,
          "relative_WD_Linf": 0.0,
          "relative_inverse_Psi_max": 1.181707983016795,
          "relative_lapse_max": 1.792593232881676,
          "relative_lapse_min": 0.9998187760286024,
          "relative_metric_condition_max": 7.005217570080454,
          "relative_source_Linf": 0.0,
          "relative_v2_max": 0.3106590872957555,
          "shell_valid": true,
          "target_time": 4.6,
          "time": 4.602184783108195,
          "transition_amplitude": 0.6390190563051753,
          "xi": 0.5752730978885243,
          "xi_dot": 0.125
        },
        {
          "Delta_Linf": 49.70071248543093,
          "GH_RMS": 0.03158312189872252,
          "GH_near_RMS": 0.5870239012999661,
          "Phi_RMS": 0.322539800317726,
          "Pi_RMS": 0.4124525207324463,
          "Psi_error_RMS": 0.11234758391697504,
          "Q_Linf": 79.65203869592146,
          "bad_state": 0.0,
          "characteristic_speed_max": 0.9534290775941154,
          "common_constraints": {
            "interface_16": {
              "H_L1": 3.3931882366574536e-07,
              "H_Linf": 4.739615792754977e-06,
              "H_RMS": 7.568948517087378e-07,
              "M_L1": 4.61165259990183e-08,
              "M_Linf": 3.876850482129692e-07,
              "M_RMS": 8.891467512331112e-08,
              "volume": 28599.06832101676
            },
            "interface_2": {
              "H_L1": 0.0006792875231178467,
              "H_Linf": 0.01214715911699999,
              "H_RMS": 0.0012687888729372714,
              "M_L1": 0.0004973569962037065,
              "M_Linf": 0.001451957849686329,
              "M_RMS": 0.0005549080462841676,
              "volume": 147.0424928780574
            },
            "interface_32": {
              "H_L1": null,
              "H_Linf": 0.0,
              "H_RMS": null,
              "M_L1": null,
              "M_Linf": 0.0,
              "M_RMS": null,
              "volume": 0.0
            },
            "interface_4": {
              "H_L1": 1.7933418768587294e-05,
              "H_Linf": 0.0001060444895894232,
              "H_RMS": 2.8290849778602535e-05,
              "M_L1": 1.936136106188808e-05,
              "M_Linf": 0.0001071783099155413,
              "M_RMS": 2.6548971251876214e-05,
              "volume": 684.075062707572
            },
            "interface_64": {
              "H_L1": null,
              "H_Linf": 0.0,
              "H_RMS": null,
              "M_L1": null,
              "M_Linf": 0.0,
              "M_RMS": null,
              "volume": 0.0
            },
            "interface_8": {
              "H_L1": 1.4074028351920152e-07,
              "H_Linf": 2.429293788369977e-06,
              "H_RMS": 2.8204986415011917e-07,
              "M_L1": 6.747734755670081e-08,
              "M_Linf": 8.616498556376868e-07,
              "M_RMS": 1.0218657316693534e-07,
              "volume": 4127.25523205218
            },
            "r_2_4": {
              "H_L1": 0.00025607738183654557,
              "H_Linf": 0.006185729519832843,
              "H_RMS": 0.0005821708638652719,
              "M_L1": 0.00026308588737668096,
              "M_Linf": 0.0009459879128822979,
              "M_RMS": 0.0003421659372806134,
              "volume": 590.832623167676
            },
            "r_4_8": {
              "H_L1": 6.559453811352471e-06,
              "H_Linf": 0.0001060444895894232,
              "H_RMS": 1.4146787336058818e-05,
              "M_L1": 7.128378804658135e-06,
              "M_Linf": 5.618729973884293e-05,
              "M_RMS": 1.3358059804080252e-05,
              "volume": 3004.263493581994
            },
            "r_ge_8": {
              "H_L1": 0.0007223447137456381,
              "H_Linf": 0.01420147709678322,
              "H_RMS": 0.001758745182575273,
              "M_L1": 5.972009909387983e-06,
              "M_Linf": 7.122491672292384e-05,
              "M_RMS": 1.2941073929321927e-05,
              "volume": 124741.8526793741
            },
            "r_lt_1": {
              "H_L1": 2.4417009598042934,
              "H_Linf": 24.39057402050056,
              "H_RMS": 5.015864082009232,
              "M_L1": 0.9442893594852889,
              "M_Linf": 15.33003973383803,
              "M_RMS": 1.8791448771262889,
              "volume": 204.6625917143598
            },
            "r_lt_2": {
              "H_L1": 1.363571767424705,
              "H_Linf": 24.39057402050056,
              "H_RMS": 3.7181602322642644,
              "M_L1": 0.5199837524962637,
              "M_Linf": 15.33003973383803,
              "M_RMS": 1.392768826821741,
              "volume": 372.5666622054596
            },
            "whole": {
              "H_L1": 0.0046484442350758146,
              "H_Linf": 24.39057402050056,
              "H_RMS": 0.20005114637267013,
              "M_L1": 0.0015123235077759848,
              "M_Linf": 15.33003973383803,
              "M_RMS": 0.07493345077104084,
              "volume": 128709.5154583293
            }
          },
          "constraint_veto": 0.0,
          "coordinate_condition_max": 10983.64682887255,
          "curl_RMS": 0.07969847813316565,
          "curl_near_RMS": 1.4813352608611912,
          "delta_p": 0.0,
          "delta_q": 0.0,
          "detg_min": 1.15512852425946,
          "dt": 0.004088739165381387,
          "e_G": 0.2712122895699144,
          "e_alpha": 0.4542591112784856,
          "effective_CFL": 0.05000079654808689,
          "fit_cells": 1032.0,
          "physical_lapse_max": 0.9761576078115743,
          "physical_lapse_min": 0.009539118100882798,
          "reduction_RMS": 0.005197820765848359,
          "reduction_near_RMS": 0.09661055550336099,
          "regular_max": 26.66225987453075,
          "relative_D_Linf": 1.0,
          "relative_Psi_max": 7.385744269370641,
          "relative_WD_Linf": 0.0,
          "relative_inverse_Psi_max": 1.218185696544385,
          "relative_lapse_max": 1.990807952528592,
          "relative_lapse_min": 0.9997810596175901,
          "relative_metric_condition_max": 9.200183113771427,
          "relative_source_Linf": 0.0,
          "relative_v2_max": 0.675120025435035,
          "shell_valid": true,
          "target_time": 4.8,
          "time": 4.802610521835999,
          "transition_amplitude": 0.683123719230179,
          "xi": 0.6003263152294999,
          "xi_dot": 0.125
        },
        {
          "Delta_Linf": 61.66729358429714,
          "GH_RMS": 0.05388986025442082,
          "GH_near_RMS": 0.9999781031993301,
          "Phi_RMS": 0.390937682124571,
          "Pi_RMS": 0.4968414442759885,
          "Psi_error_RMS": 0.12679701777464658,
          "Q_Linf": 100.9653076949365,
          "bad_state": 0.0,
          "characteristic_speed_max": 0.9534423677868178,
          "common_constraints": {
            "interface_16": {
              "H_L1": 5.103666817097282e-07,
              "H_Linf": 6.539376847479909e-06,
              "H_RMS": 1.122350667014563e-06,
              "M_L1": 6.0732328319558e-08,
              "M_Linf": 5.022427938123578e-07,
              "M_RMS": 1.1697805040809072e-07,
              "volume": 28599.11147183408
            },
            "interface_2": {
              "H_L1": 0.0008845571667466113,
              "H_Linf": 0.01664120394847281,
              "H_RMS": 0.0016789640997153376,
              "M_L1": 0.0004947575559985939,
              "M_Linf": 0.001539184786069226,
              "M_RMS": 0.000553932799911796,
              "volume": 147.1687353108971
            },
            "interface_32": {
              "H_L1": null,
              "H_Linf": 0.0,
              "H_RMS": null,
              "M_L1": null,
              "M_Linf": 0.0,
              "M_RMS": null,
              "volume": 0.0
            },
            "interface_4": {
              "H_L1": 2.0291794890987294e-05,
              "H_Linf": 0.0001165229206439544,
              "H_RMS": 3.17501716771507e-05,
              "M_L1": 1.8985289706521138e-05,
              "M_Linf": 0.0001053664806125683,
              "M_RMS": 2.6084288293776997e-05,
              "volume": 684.2459662439235
            },
            "interface_64": {
              "H_L1": null,
              "H_Linf": 0.0,
              "H_RMS": null,
              "M_L1": null,
              "M_Linf": 0.0,
              "M_RMS": null,
              "volume": 0.0
            },
            "interface_8": {
              "H_L1": 1.5502709054355397e-07,
              "H_Linf": 2.66153421851772e-06,
              "H_RMS": 3.108027541593781e-07,
              "M_L1": 6.916666353184146e-08,
              "M_Linf": 8.047065555206399e-07,
              "M_RMS": 9.691416713698932e-08,
              "volume": 4127.350082604164
            },
            "r_2_4": {
              "H_L1": 0.0003212857292819045,
              "H_Linf": 0.007944118977526483,
              "H_RMS": 0.0007632940650637613,
              "M_L1": 0.00026060080408198247,
              "M_Linf": 0.000951056115195482,
              "M_RMS": 0.0003399970003817212,
              "volume": 591.2413109467685
            },
            "r_4_8": {
              "H_L1": 7.48246450372338e-06,
              "H_Linf": 0.0001165229206439544,
              "H_RMS": 1.5955578697835947e-05,
              "M_L1": 6.960525208667503e-06,
              "M_Linf": 5.525262365489625e-05,
              "M_RMS": 1.3111034781214196e-05,
              "volume": 3004.691789895558
            },
            "r_ge_8": {
              "H_L1": 0.0007860625283125222,
              "H_Linf": 0.01519781691169378,
              "H_RMS": 0.0018973436958643873,
              "M_L1": 6.160921284748264e-06,
              "M_Linf": 7.170575974604492e-05,
              "M_RMS": 1.3195819454213099e-05,
              "volume": 124742.1698334674
            },
            "r_lt_1": {
              "H_L1": 3.5242198498008213,
              "H_Linf": 55.65930555754306,
              "H_RMS": 7.652642203239921,
              "M_L1": 1.448452241532123,
              "M_Linf": 51.60703119287697,
              "M_RMS": 3.9230003295134797,
              "volume": 205.8132269659446
            },
            "r_lt_2": {
              "H_L1": 1.966957072559472,
              "H_Linf": 55.65930555754306,
              "H_RMS": 5.678869119601097,
              "M_L1": 0.7989930849827794,
              "M_Linf": 51.60703119287697,
              "M_RMS": 2.910922120524825,
              "volume": 373.8095308079649
            },
            "whole": {
              "H_L1": 0.006475973122850445,
              "H_Linf": 55.65930555754306,
              "H_RMS": 0.3060453377863769,
              "M_L1": 0.0023277934680726604,
              "M_Linf": 51.60703119287697,
              "M_RMS": 0.1568723512745925,
              "volume": 128711.9124651177
            }
          },
          "constraint_veto": 0.0,
          "coordinate_condition_max": 10983.54810731128,
          "curl_RMS": 0.10944016136683164,
          "curl_near_RMS": 2.030770805437203,
          "delta_p": 0.0,
          "delta_q": 0.0,
          "detg_min": 1.155125415776556,
          "dt": 0.004087190172278959,
          "e_G": 0.2791297858259302,
          "e_alpha": 0.4709198914147083,
          "effective_CFL": 0.05000078136708493,
          "fit_cells": 1032.0,
          "physical_lapse_max": 0.9761551146376682,
          "physical_lapse_min": 0.009538925883434227,
          "reduction_RMS": 0.007200190305010518,
          "reduction_near_RMS": 0.13360666685936765,
          "regular_max": 31.55647534526619,
          "relative_D_Linf": 1.0,
          "relative_Psi_max": 8.362013707072993,
          "relative_WD_Linf": 0.0,
          "relative_inverse_Psi_max": 1.237780744109342,
          "relative_lapse_max": 2.238880298576679,
          "relative_lapse_min": 0.9997609135870685,
          "relative_metric_condition_max": 10.61521324125168,
          "relative_source_Linf": 0.0,
          "relative_v2_max": 1.558133864962922,
          "shell_valid": true,
          "target_time": 4.9,
          "time": 4.900720838879647,
          "transition_amplitude": 0.7040787420727136,
          "xi": 0.6125901048599559,
          "xi_dot": 0.125
        }
      ],
      "remaining_causal_distance": 19.289731717532586,
      "segments": [
        {
          "directory": "artifacts/ref_gh_relative_damped_single_hole_20260830/wormhole_fixed_core_outer24_t4_8792715/run",
          "exit_status": 0,
          "target": null
        },
        {
          "directory": "artifacts/ref_gh_relative_damped_single_hole_20260830/wormhole_sector_discriminator_8792807_control_design_failure/wave_map",
          "exit_status": 143,
          "target": null
        }
      ]
    }
  },
  "claim_boundary": "history-level finite/constraint/causal evidence only; physical trumpet settling requires the separate binary64 profile analysis",
  "resolution_pairs": [],
  "schema": "ref-gh-relative-damped-wormhole-history-v1",
  "spacings": {}
}
