AthenaK Kokkos default execution space: Cuda

Root grid = 4 x 8 x 1 MeshBlocks
Total number of MeshBlocks = 32
Number of logical  levels of refinement = 3 (4 levels total)
Number of physical levels of refinement = 0 (1 levels total)
Number of parallel ranks = 1
AssembleZ4cTasks
Direct global Brill coefficient import: radial_points=128 angular_points=32 adm_mass=2.6606354586228815 min_psi4=1.253208493338164 lapse=psi^-2 min_lapse=0.31265947751541417 max_lapse=0.89328149063841522
Converted imported ADM data to Z4c proper_box_C_rms=1.194932932838908e-06 proper_box_H_rms=1.1942324432920616e-06 proper_box_M_rms=0 proper_box_Z_rms=2.0454738886546034e-08 coordinate_support_H_rms=6.0300426514493857e-11 coordinate_support_M_rms=0
Initialized Z4c from IrisK data mode=direct_global_coefficients path=/pscratch/sd/h/hzhu/z4c-vc-cartoon-axis-boundary-20260823/authority/brill_global_128x32_origin_control.coefficients bytes=95927

Setup complete, executing task list(s)...

elapsed=4.451978e+00 cycle=0 time=0.000000e+00 dt=2.702468e-03
elapsed=4.542367e+00 cycle=1 time=2.702468e-03 dt=2.700843e-03
elapsed=4.625153e+00 cycle=2 time=5.403311e-03 dt=2.698903e-03
elapsed=4.706947e+00 cycle=3 time=8.102214e-03 dt=2.697007e-03
elapsed=4.802726e+00 cycle=4 time=1.079922e-02 dt=2.695157e-03
elapsed=4.884891e+00 cycle=5 time=1.349438e-02 dt=2.693352e-03
elapsed=4.967233e+00 cycle=6 time=1.618773e-02 dt=2.691208e-03
elapsed=5.049405e+00 cycle=7 time=1.887894e-02 dt=2.689011e-03
elapsed=5.145747e+00 cycle=8 time=2.156795e-02 dt=2.686864e-03
elapsed=5.227773e+00 cycle=9 time=2.425481e-02 dt=2.684764e-03
elapsed=5.309893e+00 cycle=10 time=2.693958e-02 dt=2.682712e-03
elapsed=5.392317e+00 cycle=11 time=2.962229e-02 dt=2.680252e-03
elapsed=5.488449e+00 cycle=12 time=3.230254e-02 dt=2.677844e-03
elapsed=5.570378e+00 cycle=13 time=3.498038e-02 dt=2.675487e-03
elapsed=5.652603e+00 cycle=14 time=3.765587e-02 dt=2.673181e-03
elapsed=5.734828e+00 cycle=15 time=4.032905e-02 dt=2.670926e-03
elapsed=5.831570e+00 cycle=16 time=4.299998e-02 dt=2.668391e-03
elapsed=5.913699e+00 cycle=17 time=4.566837e-02 dt=2.665817e-03
elapsed=5.995974e+00 cycle=18 time=4.833419e-02 dt=2.663297e-03
elapsed=6.078196e+00 cycle=19 time=5.099748e-02 dt=2.660832e-03
elapsed=6.174737e+00 cycle=20 time=5.365832e-02 dt=2.658419e-03
elapsed=6.256918e+00 cycle=21 time=5.631673e-02 dt=2.656060e-03
elapsed=6.339187e+00 cycle=22 time=5.897279e-02 dt=2.653378e-03
elapsed=6.421304e+00 cycle=23 time=6.162617e-02 dt=2.650742e-03
elapsed=6.518118e+00 cycle=24 time=6.427691e-02 dt=2.648162e-03
elapsed=6.600423e+00 cycle=25 time=6.692508e-02 dt=2.645639e-03
elapsed=6.682691e+00 cycle=26 time=6.957072e-02 dt=2.643171e-03
elapsed=6.767030e+00 cycle=27 time=7.221389e-02 dt=2.640759e-03
elapsed=6.863846e+00 cycle=28 time=7.485465e-02 dt=2.638270e-03
elapsed=6.945966e+00 cycle=29 time=7.749292e-02 dt=2.635621e-03
elapsed=7.028049e+00 cycle=30 time=8.012854e-02 dt=2.633030e-03
elapsed=7.110518e+00 cycle=31 time=8.276157e-02 dt=2.630498e-03
elapsed=7.206930e+00 cycle=32 time=8.539207e-02 dt=2.628023e-03
elapsed=7.289359e+00 cycle=33 time=8.802009e-02 dt=2.625606e-03
elapsed=7.371279e+00 cycle=34 time=9.064570e-02 dt=2.623246e-03
elapsed=7.453707e+00 cycle=35 time=9.326894e-02 dt=2.620942e-03
elapsed=7.550429e+00 cycle=36 time=9.588988e-02 dt=2.618460e-03
elapsed=7.632660e+00 cycle=37 time=9.850834e-02 dt=2.615962e-03
elapsed=7.714748e+00 cycle=38 time=1.011243e-01 dt=2.613523e-03
elapsed=7.797250e+00 cycle=39 time=1.037378e-01 dt=2.611143e-03
elapsed=7.893692e+00 cycle=40 time=1.063490e-01 dt=2.608820e-03
elapsed=7.976031e+00 cycle=41 time=1.089578e-01 dt=2.606556e-03
elapsed=8.058204e+00 cycle=42 time=1.115643e-01 dt=2.604350e-03
elapsed=8.141960e+00 cycle=43 time=1.141687e-01 dt=2.602200e-03
elapsed=8.238712e+00 cycle=44 time=1.167709e-01 dt=2.600107e-03
elapsed=8.320673e+00 cycle=45 time=1.193710e-01 dt=2.597848e-03
elapsed=8.402943e+00 cycle=46 time=1.219689e-01 dt=2.595599e-03
elapsed=8.485382e+00 cycle=47 time=1.245644e-01 dt=2.593408e-03
elapsed=8.582176e+00 cycle=48 time=1.271579e-01 dt=2.591276e-03
elapsed=8.664024e+00 cycle=49 time=1.297491e-01 dt=2.589202e-03
elapsed=8.746280e+00 cycle=50 time=1.323383e-01 dt=2.587185e-03
elapsed=8.828772e+00 cycle=51 time=1.349255e-01 dt=2.585225e-03
elapsed=8.926235e+00 cycle=52 time=1.375107e-01 dt=2.583321e-03
elapsed=9.007951e+00 cycle=53 time=1.400941e-01 dt=2.581473e-03
elapsed=9.090391e+00 cycle=54 time=1.426755e-01 dt=2.579681e-03
elapsed=9.172667e+00 cycle=55 time=1.452552e-01 dt=2.577880e-03
elapsed=9.269099e+00 cycle=56 time=1.478331e-01 dt=2.575964e-03
elapsed=9.350783e+00 cycle=57 time=1.504091e-01 dt=2.574105e-03
elapsed=9.433022e+00 cycle=58 time=1.529832e-01 dt=2.572303e-03
elapsed=9.515443e+00 cycle=59 time=1.555555e-01 dt=2.570557e-03
elapsed=9.613636e+00 cycle=60 time=1.581260e-01 dt=2.568866e-03
elapsed=9.695491e+00 cycle=61 time=1.606949e-01 dt=2.567231e-03
elapsed=9.777698e+00 cycle=62 time=1.632621e-01 dt=2.565652e-03
elapsed=9.860142e+00 cycle=63 time=1.658278e-01 dt=2.564126e-03
elapsed=9.957375e+00 cycle=64 time=1.683919e-01 dt=2.562655e-03
elapsed=1.003947e+01 cycle=65 time=1.709546e-01 dt=2.561237e-03
elapsed=1.012189e+01 cycle=66 time=1.735158e-01 dt=2.559872e-03
elapsed=1.020412e+01 cycle=67 time=1.760757e-01 dt=2.558560e-03
elapsed=1.030059e+01 cycle=68 time=1.786342e-01 dt=2.557114e-03
elapsed=1.038228e+01 cycle=69 time=1.811913e-01 dt=2.555705e-03
elapsed=1.046446e+01 cycle=70 time=1.837470e-01 dt=2.554350e-03
elapsed=1.054689e+01 cycle=71 time=1.863014e-01 dt=2.553048e-03
elapsed=1.064366e+01 cycle=72 time=1.888544e-01 dt=2.551799e-03
elapsed=1.072555e+01 cycle=73 time=1.914062e-01 dt=2.550602e-03
elapsed=1.080776e+01 cycle=74 time=1.939568e-01 dt=2.549458e-03
elapsed=1.089019e+01 cycle=75 time=1.965063e-01 dt=2.548365e-03
elapsed=1.098659e+01 cycle=76 time=1.990547e-01 dt=2.547323e-03
elapsed=1.106890e+01 cycle=77 time=2.016020e-01 dt=2.546333e-03
elapsed=1.115113e+01 cycle=78 time=2.041483e-01 dt=2.545393e-03
elapsed=1.123363e+01 cycle=79 time=2.066937e-01 dt=2.544503e-03
elapsed=1.133026e+01 cycle=80 time=2.092382e-01 dt=2.543662e-03
elapsed=1.141243e+01 cycle=81 time=2.117819e-01 dt=2.542871e-03
elapsed=1.149467e+01 cycle=82 time=2.143248e-01 dt=2.541989e-03
elapsed=1.157710e+01 cycle=83 time=2.168667e-01 dt=2.541117e-03
elapsed=1.167322e+01 cycle=84 time=2.194079e-01 dt=2.540295e-03
elapsed=1.175516e+01 cycle=85 time=2.219482e-01 dt=2.539522e-03
elapsed=1.183760e+01 cycle=86 time=2.244877e-01 dt=2.538799e-03
elapsed=1.191990e+01 cycle=87 time=2.270265e-01 dt=2.538124e-03
elapsed=1.201632e+01 cycle=88 time=2.295646e-01 dt=2.537497e-03
elapsed=1.209847e+01 cycle=89 time=2.321021e-01 dt=2.536919e-03
elapsed=1.218095e+01 cycle=90 time=2.346390e-01 dt=2.536387e-03
elapsed=1.226312e+01 cycle=91 time=2.371754e-01 dt=2.535904e-03
elapsed=1.236013e+01 cycle=92 time=2.397113e-01 dt=2.535466e-03
elapsed=1.244257e+01 cycle=93 time=2.422468e-01 dt=2.535076e-03
elapsed=1.252472e+01 cycle=94 time=2.447818e-01 dt=2.534731e-03
elapsed=1.260724e+01 cycle=95 time=2.473166e-01 dt=2.534432e-03
elapsed=1.270440e+01 cycle=96 time=2.498510e-01 dt=2.534179e-03
elapsed=1.278667e+01 cycle=97 time=2.523852e-01 dt=2.533927e-03
elapsed=1.286908e+01 cycle=98 time=2.549191e-01 dt=2.533600e-03
elapsed=1.295131e+01 cycle=99 time=2.574527e-01 dt=2.533320e-03
elapsed=1.304876e+01 cycle=100 time=2.599860e-01 dt=2.533084e-03
elapsed=1.313071e+01 cycle=101 time=2.625191e-01 dt=2.532894e-03
elapsed=1.321297e+01 cycle=102 time=2.650520e-01 dt=2.532748e-03
elapsed=1.329539e+01 cycle=103 time=2.675848e-01 dt=2.532647e-03
elapsed=1.339275e+01 cycle=104 time=2.701174e-01 dt=2.532589e-03
elapsed=1.347464e+01 cycle=105 time=2.726500e-01 dt=2.532575e-03
elapsed=1.355706e+01 cycle=106 time=2.751826e-01 dt=2.532604e-03
elapsed=1.363934e+01 cycle=107 time=2.777152e-01 dt=2.532676e-03
elapsed=1.373642e+01 cycle=108 time=2.802479e-01 dt=2.532791e-03
elapsed=1.381881e+01 cycle=109 time=2.827806e-01 dt=2.532948e-03
elapsed=1.390103e+01 cycle=110 time=2.853136e-01 dt=2.533147e-03
elapsed=1.398345e+01 cycle=111 time=2.878467e-01 dt=2.533388e-03
elapsed=1.408066e+01 cycle=112 time=2.903801e-01 dt=2.533669e-03
elapsed=1.416273e+01 cycle=113 time=2.929138e-01 dt=2.533980e-03
elapsed=1.424512e+01 cycle=114 time=2.954478e-01 dt=2.534191e-03
elapsed=1.432725e+01 cycle=115 time=2.979820e-01 dt=2.534444e-03
elapsed=1.442404e+01 cycle=116 time=3.005164e-01 dt=2.534737e-03
elapsed=1.450688e+01 cycle=117 time=3.030512e-01 dt=2.535072e-03
elapsed=1.458917e+01 cycle=118 time=3.055862e-01 dt=2.535447e-03
elapsed=1.467147e+01 cycle=119 time=3.081217e-01 dt=2.535863e-03
elapsed=1.476786e+01 cycle=120 time=3.106575e-01 dt=2.536318e-03
elapsed=1.485035e+01 cycle=121 time=3.131939e-01 dt=2.536813e-03
elapsed=1.493264e+01 cycle=122 time=3.157307e-01 dt=2.537347e-03
elapsed=1.501493e+01 cycle=123 time=3.182680e-01 dt=2.537921e-03
elapsed=1.511193e+01 cycle=124 time=3.208059e-01 dt=2.538533e-03
elapsed=1.519385e+01 cycle=125 time=3.233445e-01 dt=2.539183e-03
elapsed=1.527612e+01 cycle=126 time=3.258836e-01 dt=2.539871e-03
elapsed=1.535845e+01 cycle=127 time=3.284235e-01 dt=2.540598e-03
elapsed=1.545484e+01 cycle=128 time=3.309641e-01 dt=2.541361e-03
elapsed=1.553735e+01 cycle=129 time=3.335055e-01 dt=2.542162e-03
elapsed=1.561963e+01 cycle=130 time=3.360476e-01 dt=2.542864e-03
elapsed=1.570194e+01 cycle=131 time=3.385905e-01 dt=2.543594e-03
elapsed=1.579854e+01 cycle=132 time=3.411341e-01 dt=2.544361e-03
elapsed=1.588081e+01 cycle=133 time=3.436785e-01 dt=2.545166e-03
elapsed=1.596313e+01 cycle=134 time=3.462236e-01 dt=2.546007e-03
elapsed=1.604538e+01 cycle=135 time=3.487696e-01 dt=2.546884e-03
elapsed=1.614272e+01 cycle=136 time=3.513165e-01 dt=2.547799e-03
elapsed=1.622477e+01 cycle=137 time=3.538643e-01 dt=2.548749e-03
elapsed=1.630722e+01 cycle=138 time=3.564131e-01 dt=2.549735e-03
elapsed=1.638936e+01 cycle=139 time=3.589628e-01 dt=2.550756e-03
elapsed=1.648581e+01 cycle=140 time=3.615136e-01 dt=2.551813e-03
elapsed=1.656769e+01 cycle=141 time=3.640654e-01 dt=2.552904e-03
elapsed=1.664999e+01 cycle=142 time=3.666183e-01 dt=2.554030e-03
elapsed=1.673223e+01 cycle=143 time=3.691723e-01 dt=2.555191e-03
elapsed=1.682856e+01 cycle=144 time=3.717275e-01 dt=2.556385e-03
elapsed=1.691099e+01 cycle=145 time=3.742839e-01 dt=2.557567e-03
elapsed=1.699329e+01 cycle=146 time=3.768414e-01 dt=2.558687e-03
elapsed=1.707545e+01 cycle=147 time=3.794001e-01 dt=2.559842e-03
elapsed=1.717250e+01 cycle=148 time=3.819600e-01 dt=2.561031e-03
elapsed=1.725468e+01 cycle=149 time=3.845210e-01 dt=2.562254e-03
elapsed=1.733721e+01 cycle=150 time=3.870833e-01 dt=2.563510e-03
elapsed=1.741922e+01 cycle=151 time=3.896468e-01 dt=2.564800e-03
elapsed=1.751571e+01 cycle=152 time=3.922116e-01 dt=2.566123e-03
elapsed=1.759765e+01 cycle=153 time=3.947777e-01 dt=2.567479e-03
elapsed=1.767983e+01 cycle=154 time=3.973452e-01 dt=2.568867e-03
elapsed=1.776213e+01 cycle=155 time=3.999140e-01 dt=2.570288e-03
elapsed=1.785825e+01 cycle=156 time=4.024843e-01 dt=2.571740e-03
elapsed=1.794017e+01 cycle=157 time=4.050561e-01 dt=2.573225e-03
elapsed=1.802252e+01 cycle=158 time=4.076293e-01 dt=2.574741e-03
elapsed=1.810470e+01 cycle=159 time=4.102040e-01 dt=2.576288e-03
elapsed=1.820163e+01 cycle=160 time=4.127803e-01 dt=2.577790e-03
elapsed=1.828363e+01 cycle=161 time=4.153581e-01 dt=2.579260e-03
elapsed=1.836641e+01 cycle=162 time=4.179374e-01 dt=2.580762e-03
elapsed=1.844881e+01 cycle=163 time=4.205181e-01 dt=2.582295e-03
elapsed=1.854540e+01 cycle=164 time=4.231004e-01 dt=2.583859e-03
elapsed=1.862769e+01 cycle=165 time=4.256843e-01 dt=2.585455e-03
elapsed=1.870982e+01 cycle=166 time=4.282697e-01 dt=2.587081e-03
elapsed=1.879224e+01 cycle=167 time=4.308568e-01 dt=2.588738e-03
elapsed=1.888860e+01 cycle=168 time=4.334456e-01 dt=2.590424e-03
elapsed=1.897106e+01 cycle=169 time=4.360360e-01 dt=2.592141e-03
elapsed=1.905313e+01 cycle=170 time=4.386281e-01 dt=2.593888e-03
elapsed=1.913561e+01 cycle=171 time=4.412220e-01 dt=2.595664e-03
elapsed=1.923217e+01 cycle=172 time=4.438177e-01 dt=2.597469e-03
elapsed=1.931443e+01 cycle=173 time=4.464151e-01 dt=2.599303e-03
elapsed=1.939655e+01 cycle=174 time=4.490144e-01 dt=2.601069e-03
elapsed=1.947898e+01 cycle=175 time=4.516155e-01 dt=2.602823e-03
elapsed=1.957739e+01 cycle=176 time=4.542183e-01 dt=2.604606e-03
elapsed=1.965966e+01 cycle=177 time=4.568229e-01 dt=2.606419e-03
elapsed=1.974192e+01 cycle=178 time=4.594294e-01 dt=2.608260e-03
elapsed=1.982409e+01 cycle=179 time=4.620376e-01 dt=2.610130e-03
elapsed=1.992107e+01 cycle=180 time=4.646478e-01 dt=2.612029e-03
elapsed=2.000312e+01 cycle=181 time=4.672598e-01 dt=2.613956e-03
elapsed=2.008536e+01 cycle=182 time=4.698737e-01 dt=2.615911e-03
elapsed=2.016760e+01 cycle=183 time=4.724897e-01 dt=2.617894e-03
elapsed=2.026535e+01 cycle=184 time=4.751075e-01 dt=2.619905e-03
elapsed=2.034730e+01 cycle=185 time=4.777275e-01 dt=2.621942e-03
elapsed=2.042940e+01 cycle=186 time=4.803494e-01 dt=2.624007e-03
elapsed=2.051180e+01 cycle=187 time=4.829734e-01 dt=2.625992e-03
elapsed=2.060854e+01 cycle=188 time=4.855994e-01 dt=2.627973e-03
elapsed=2.069060e+01 cycle=189 time=4.882274e-01 dt=2.629982e-03
elapsed=2.077271e+01 cycle=190 time=4.908573e-01 dt=2.632018e-03
elapsed=2.085511e+01 cycle=191 time=4.934894e-01 dt=2.634082e-03
elapsed=2.095175e+01 cycle=192 time=4.961234e-01 dt=2.636172e-03
elapsed=2.103395e+01 cycle=193 time=4.987596e-01 dt=2.638290e-03
elapsed=2.111604e+01 cycle=194 time=5.013979e-01 dt=2.640434e-03
elapsed=2.119847e+01 cycle=195 time=5.040383e-01 dt=2.642604e-03
elapsed=2.129472e+01 cycle=196 time=5.066809e-01 dt=2.644800e-03
elapsed=2.137707e+01 cycle=197 time=5.093257e-01 dt=2.647022e-03
elapsed=2.145919e+01 cycle=198 time=5.119728e-01 dt=2.649269e-03
elapsed=2.154162e+01 cycle=199 time=5.146220e-01 dt=2.651439e-03
elapsed=2.163794e+01 cycle=200 time=5.172735e-01 dt=2.653600e-03
elapsed=2.172026e+01 cycle=201 time=5.199271e-01 dt=2.655786e-03
elapsed=2.180241e+01 cycle=202 time=5.225829e-01 dt=2.657999e-03
elapsed=2.188492e+01 cycle=203 time=5.252409e-01 dt=2.660238e-03
elapsed=2.198110e+01 cycle=204 time=5.279011e-01 dt=2.662502e-03
elapsed=2.206283e+01 cycle=205 time=5.305636e-01 dt=2.664791e-03
elapsed=2.214523e+01 cycle=206 time=5.332284e-01 dt=2.667106e-03
elapsed=2.222744e+01 cycle=207 time=5.358955e-01 dt=2.669445e-03
elapsed=2.232453e+01 cycle=208 time=5.385649e-01 dt=2.671809e-03
elapsed=2.240685e+01 cycle=209 time=5.412368e-01 dt=2.674197e-03
elapsed=2.248913e+01 cycle=210 time=5.439109e-01 dt=2.676538e-03
elapsed=2.257153e+01 cycle=211 time=5.465875e-01 dt=2.678835e-03
elapsed=2.266855e+01 cycle=212 time=5.492663e-01 dt=2.681157e-03
elapsed=2.275026e+01 cycle=213 time=5.519475e-01 dt=2.683505e-03
elapsed=2.283254e+01 cycle=214 time=5.546310e-01 dt=2.685877e-03
elapsed=2.291499e+01 cycle=215 time=5.573169e-01 dt=2.688273e-03
elapsed=2.301200e+01 cycle=216 time=5.600051e-01 dt=2.690694e-03
elapsed=2.309370e+01 cycle=217 time=5.626958e-01 dt=2.693139e-03
elapsed=2.317593e+01 cycle=218 time=5.653890e-01 dt=2.695607e-03
elapsed=2.325835e+01 cycle=219 time=5.680846e-01 dt=2.698099e-03
elapsed=2.335570e+01 cycle=220 time=5.707827e-01 dt=2.700614e-03
elapsed=2.343753e+01 cycle=221 time=5.734833e-01 dt=2.703011e-03
elapsed=2.351992e+01 cycle=222 time=5.761863e-01 dt=2.705432e-03
elapsed=2.360226e+01 cycle=223 time=5.788917e-01 dt=2.707877e-03
elapsed=2.369873e+01 cycle=224 time=5.815996e-01 dt=2.710345e-03
elapsed=2.378063e+01 cycle=225 time=5.843100e-01 dt=2.712838e-03
elapsed=2.386311e+01 cycle=226 time=5.870228e-01 dt=2.715354e-03
elapsed=2.394530e+01 cycle=227 time=5.897381e-01 dt=2.717893e-03
elapsed=2.404174e+01 cycle=228 time=5.924560e-01 dt=2.720455e-03
elapsed=2.412361e+01 cycle=229 time=5.951765e-01 dt=2.723040e-03
elapsed=2.420593e+01 cycle=230 time=5.978995e-01 dt=2.725631e-03
elapsed=2.428839e+01 cycle=231 time=6.006252e-01 dt=2.728116e-03
elapsed=2.438512e+01 cycle=232 time=6.033533e-01 dt=2.730625e-03
elapsed=2.446689e+01 cycle=233 time=6.060839e-01 dt=2.733157e-03
elapsed=2.454919e+01 cycle=234 time=6.088171e-01 dt=2.735712e-03
elapsed=2.463156e+01 cycle=235 time=6.115528e-01 dt=2.738290e-03
elapsed=2.472781e+01 cycle=236 time=6.142911e-01 dt=2.740891e-03
elapsed=2.481027e+01 cycle=237 time=6.170320e-01 dt=2.743515e-03
elapsed=2.489250e+01 cycle=238 time=6.197755e-01 dt=2.746160e-03
elapsed=2.497501e+01 cycle=239 time=6.225216e-01 dt=2.748827e-03
elapsed=2.507122e+01 cycle=240 time=6.252705e-01 dt=2.751406e-03
elapsed=2.515377e+01 cycle=241 time=6.280219e-01 dt=2.753970e-03
elapsed=2.523596e+01 cycle=242 time=6.307758e-01 dt=2.756557e-03
elapsed=2.531851e+01 cycle=243 time=6.335324e-01 dt=2.759167e-03
elapsed=2.541480e+01 cycle=244 time=6.362916e-01 dt=2.761799e-03
elapsed=2.549726e+01 cycle=245 time=6.390534e-01 dt=2.764454e-03
elapsed=2.557952e+01 cycle=246 time=6.418178e-01 dt=2.767130e-03
elapsed=2.566196e+01 cycle=247 time=6.445849e-01 dt=2.769828e-03
elapsed=2.575857e+01 cycle=248 time=6.473548e-01 dt=2.772547e-03
elapsed=2.584065e+01 cycle=249 time=6.501273e-01 dt=2.775162e-03
elapsed=2.592291e+01 cycle=250 time=6.529025e-01 dt=2.777774e-03
elapsed=2.600536e+01 cycle=251 time=6.556802e-01 dt=2.780408e-03
elapsed=2.610206e+01 cycle=252 time=6.584607e-01 dt=2.783065e-03
elapsed=2.618404e+01 cycle=253 time=6.612437e-01 dt=2.785744e-03
elapsed=2.626633e+01 cycle=254 time=6.640295e-01 dt=2.788444e-03
elapsed=2.634870e+01 cycle=255 time=6.668179e-01 dt=2.791166e-03
elapsed=2.644534e+01 cycle=256 time=6.696091e-01 dt=2.793909e-03
elapsed=2.652742e+01 cycle=257 time=6.724030e-01 dt=2.796630e-03
elapsed=2.660968e+01 cycle=258 time=6.751996e-01 dt=2.799260e-03
elapsed=2.669206e+01 cycle=259 time=6.779989e-01 dt=2.801913e-03
elapsed=2.678901e+01 cycle=260 time=6.808008e-01 dt=2.804587e-03
elapsed=2.687123e+01 cycle=261 time=6.836054e-01 dt=2.807284e-03
elapsed=2.695368e+01 cycle=262 time=6.864127e-01 dt=2.810002e-03
elapsed=2.703594e+01 cycle=263 time=6.892227e-01 dt=2.812741e-03
elapsed=2.713236e+01 cycle=264 time=6.920354e-01 dt=2.815502e-03
elapsed=2.721458e+01 cycle=265 time=6.948509e-01 dt=2.818280e-03
elapsed=2.729703e+01 cycle=266 time=6.976692e-01 dt=2.820922e-03
elapsed=2.737927e+01 cycle=267 time=7.004901e-01 dt=2.823587e-03
elapsed=2.747579e+01 cycle=268 time=7.033137e-01 dt=2.826273e-03
elapsed=2.755787e+01 cycle=269 time=7.061400e-01 dt=2.828982e-03
elapsed=2.764026e+01 cycle=270 time=7.089689e-01 dt=2.831711e-03
elapsed=2.772254e+01 cycle=271 time=7.118007e-01 dt=2.834463e-03
elapsed=2.781894e+01 cycle=272 time=7.146351e-01 dt=2.837235e-03
elapsed=2.790119e+01 cycle=273 time=7.174724e-01 dt=2.840027e-03
elapsed=2.798357e+01 cycle=274 time=7.203124e-01 dt=2.842677e-03
elapsed=2.806581e+01 cycle=275 time=7.231551e-01 dt=2.845348e-03
elapsed=2.816223e+01 cycle=276 time=7.260004e-01 dt=2.848041e-03
elapsed=2.824442e+01 cycle=277 time=7.288485e-01 dt=2.850755e-03
elapsed=2.832685e+01 cycle=278 time=7.316992e-01 dt=2.853492e-03
elapsed=2.840905e+01 cycle=279 time=7.345527e-01 dt=2.856249e-03
elapsed=2.850575e+01 cycle=280 time=7.374089e-01 dt=2.859027e-03
elapsed=2.858784e+01 cycle=281 time=7.402680e-01 dt=2.861799e-03
elapsed=2.867022e+01 cycle=282 time=7.431298e-01 dt=2.864449e-03
elapsed=2.875243e+01 cycle=283 time=7.459942e-01 dt=2.867122e-03
elapsed=2.884890e+01 cycle=284 time=7.488613e-01 dt=2.869816e-03
elapsed=2.893108e+01 cycle=285 time=7.517312e-01 dt=2.872532e-03
elapsed=2.901356e+01 cycle=286 time=7.546037e-01 dt=2.875269e-03
elapsed=2.909563e+01 cycle=287 time=7.574790e-01 dt=2.878028e-03
elapsed=2.919225e+01 cycle=288 time=7.603570e-01 dt=2.880807e-03
elapsed=2.927449e+01 cycle=289 time=7.632378e-01 dt=2.883526e-03
elapsed=2.935693e+01 cycle=290 time=7.661213e-01 dt=2.886173e-03
elapsed=2.943907e+01 cycle=291 time=7.690075e-01 dt=2.888843e-03
elapsed=2.953550e+01 cycle=292 time=7.718963e-01 dt=2.891534e-03
elapsed=2.961738e+01 cycle=293 time=7.747879e-01 dt=2.894247e-03
elapsed=2.969967e+01 cycle=294 time=7.776821e-01 dt=2.896981e-03
elapsed=2.978197e+01 cycle=295 time=7.805791e-01 dt=2.899736e-03
elapsed=2.987830e+01 cycle=296 time=7.834788e-01 dt=2.902512e-03
elapsed=2.996077e+01 cycle=297 time=7.863813e-01 dt=2.905152e-03
elapsed=3.004298e+01 cycle=298 time=7.892865e-01 dt=2.907791e-03
elapsed=3.012532e+01 cycle=299 time=7.921943e-01 dt=2.910454e-03
elapsed=3.022196e+01 cycle=300 time=7.951047e-01 dt=2.913138e-03
elapsed=3.030428e+01 cycle=301 time=7.980179e-01 dt=2.915843e-03
elapsed=3.038654e+01 cycle=302 time=8.009337e-01 dt=2.918570e-03
elapsed=3.046876e+01 cycle=303 time=8.038523e-01 dt=2.921318e-03
elapsed=3.056559e+01 cycle=304 time=8.067736e-01 dt=2.924017e-03
elapsed=3.064758e+01 cycle=305 time=8.096976e-01 dt=2.926624e-03
elapsed=3.072989e+01 cycle=306 time=8.126243e-01 dt=2.929253e-03
elapsed=3.081216e+01 cycle=307 time=8.155535e-01 dt=2.931904e-03
elapsed=3.090901e+01 cycle=308 time=8.184854e-01 dt=2.934577e-03
elapsed=3.099105e+01 cycle=309 time=8.214200e-01 dt=2.937272e-03
elapsed=3.107333e+01 cycle=310 time=8.243573e-01 dt=2.939988e-03
elapsed=3.115567e+01 cycle=311 time=8.272973e-01 dt=2.942725e-03
elapsed=3.125259e+01 cycle=312 time=8.302400e-01 dt=2.945307e-03
elapsed=3.133449e+01 cycle=313 time=8.331853e-01 dt=2.947900e-03
elapsed=3.141676e+01 cycle=314 time=8.361332e-01 dt=2.950515e-03
elapsed=3.149907e+01 cycle=315 time=8.390837e-01 dt=2.953152e-03
elapsed=3.159573e+01 cycle=316 time=8.420369e-01 dt=2.955811e-03
elapsed=3.167790e+01 cycle=317 time=8.449927e-01 dt=2.958491e-03
elapsed=3.176017e+01 cycle=318 time=8.479512e-01 dt=2.961193e-03
elapsed=3.184250e+01 cycle=319 time=8.509123e-01 dt=2.963813e-03
elapsed=3.194012e+01 cycle=320 time=8.538762e-01 dt=2.966366e-03
elapsed=3.202257e+01 cycle=321 time=8.568425e-01 dt=2.968942e-03
elapsed=3.210468e+01 cycle=322 time=8.598115e-01 dt=2.971540e-03
elapsed=3.218706e+01 cycle=323 time=8.627830e-01 dt=2.974160e-03
elapsed=3.228400e+01 cycle=324 time=8.657572e-01 dt=2.976802e-03
elapsed=3.236648e+01 cycle=325 time=8.687340e-01 dt=2.979465e-03
elapsed=3.244880e+01 cycle=326 time=8.717134e-01 dt=2.982119e-03
elapsed=3.253104e+01 cycle=327 time=8.746956e-01 dt=2.984629e-03
elapsed=3.262854e+01 cycle=328 time=8.776802e-01 dt=2.987162e-03
elapsed=3.271062e+01 cycle=329 time=8.806673e-01 dt=2.989718e-03
elapsed=3.279272e+01 cycle=330 time=8.836571e-01 dt=2.992297e-03
elapsed=3.287515e+01 cycle=331 time=8.866494e-01 dt=2.994897e-03
elapsed=3.297146e+01 cycle=332 time=8.896443e-01 dt=2.997520e-03
elapsed=3.305393e+01 cycle=333 time=8.926418e-01 dt=3.000163e-03
elapsed=3.313602e+01 cycle=334 time=8.956419e-01 dt=3.002669e-03
elapsed=3.321844e+01 cycle=335 time=8.986446e-01 dt=3.005158e-03
elapsed=3.331469e+01 cycle=336 time=9.016498e-01 dt=3.007669e-03
elapsed=3.339724e+01 cycle=337 time=9.046574e-01 dt=3.010204e-03
elapsed=3.347922e+01 cycle=338 time=9.076676e-01 dt=3.012760e-03
elapsed=3.356171e+01 cycle=339 time=9.106804e-01 dt=3.015339e-03
elapsed=3.365798e+01 cycle=340 time=9.136957e-01 dt=3.017939e-03
elapsed=3.373991e+01 cycle=341 time=9.167137e-01 dt=3.020472e-03
elapsed=3.382222e+01 cycle=342 time=9.197341e-01 dt=3.022913e-03
elapsed=3.390448e+01 cycle=343 time=9.227571e-01 dt=3.025378e-03
elapsed=3.400145e+01 cycle=344 time=9.257824e-01 dt=3.027866e-03
elapsed=3.408345e+01 cycle=345 time=9.288103e-01 dt=3.030376e-03
elapsed=3.416571e+01 cycle=346 time=9.318407e-01 dt=3.032909e-03
elapsed=3.424796e+01 cycle=347 time=9.348736e-01 dt=3.035464e-03
elapsed=3.434512e+01 cycle=348 time=9.379091e-01 dt=3.038024e-03
elapsed=3.442757e+01 cycle=349 time=9.409471e-01 dt=3.040416e-03
elapsed=3.450976e+01 cycle=350 time=9.439875e-01 dt=3.042833e-03
elapsed=3.459216e+01 cycle=351 time=9.470303e-01 dt=3.045272e-03
elapsed=3.468977e+01 cycle=352 time=9.500756e-01 dt=3.047735e-03
elapsed=3.477215e+01 cycle=353 time=9.531233e-01 dt=3.050220e-03
elapsed=3.485432e+01 cycle=354 time=9.561736e-01 dt=3.052728e-03
elapsed=3.493682e+01 cycle=355 time=9.592263e-01 dt=3.055257e-03
elapsed=3.503330e+01 cycle=356 time=9.622815e-01 dt=3.057659e-03
elapsed=3.511561e+01 cycle=357 time=9.653392e-01 dt=3.060025e-03
elapsed=3.519777e+01 cycle=358 time=9.683992e-01 dt=3.062415e-03
elapsed=3.528024e+01 cycle=359 time=9.714616e-01 dt=3.064827e-03
elapsed=3.537652e+01 cycle=360 time=9.745265e-01 dt=3.067263e-03
elapsed=3.545829e+01 cycle=361 time=9.775937e-01 dt=3.069722e-03
elapsed=3.554072e+01 cycle=362 time=9.806635e-01 dt=3.072203e-03
elapsed=3.562300e+01 cycle=363 time=9.837357e-01 dt=3.074633e-03
elapsed=3.571944e+01 cycle=364 time=9.868103e-01 dt=3.076948e-03
elapsed=3.580154e+01 cycle=365 time=9.898872e-01 dt=3.079286e-03
elapsed=3.588399e+01 cycle=366 time=9.929665e-01 dt=3.081648e-03
elapsed=3.596626e+01 cycle=367 time=9.960482e-01 dt=3.084033e-03
elapsed=3.606264e+01 cycle=368 time=9.991322e-01 dt=3.086441e-03
elapsed=3.614443e+01 cycle=369 time=1.002219e+00 dt=3.088872e-03
elapsed=3.622667e+01 cycle=370 time=1.005308e+00 dt=3.091325e-03
elapsed=3.630914e+01 cycle=371 time=1.008399e+00 dt=3.093598e-03
elapsed=3.640607e+01 cycle=372 time=1.011492e+00 dt=3.095884e-03
elapsed=3.648781e+01 cycle=373 time=1.014588e+00 dt=3.098194e-03
elapsed=3.657008e+01 cycle=374 time=1.017687e+00 dt=3.100527e-03
elapsed=3.665252e+01 cycle=375 time=1.020787e+00 dt=3.102884e-03
elapsed=3.674893e+01 cycle=376 time=1.023890e+00 dt=3.105263e-03
elapsed=3.683184e+01 cycle=377 time=1.026995e+00 dt=3.107664e-03
elapsed=3.691424e+01 cycle=378 time=1.030103e+00 dt=3.109973e-03
elapsed=3.699656e+01 cycle=379 time=1.033213e+00 dt=3.112206e-03
elapsed=3.709309e+01 cycle=380 time=1.036325e+00 dt=3.114463e-03
elapsed=3.717503e+01 cycle=381 time=1.039439e+00 dt=3.116743e-03
elapsed=3.725746e+01 cycle=382 time=1.042556e+00 dt=3.119047e-03
elapsed=3.733963e+01 cycle=383 time=1.045675e+00 dt=3.121373e-03
elapsed=3.743620e+01 cycle=384 time=1.048797e+00 dt=3.123723e-03
elapsed=3.751788e+01 cycle=385 time=1.051920e+00 dt=3.126073e-03
elapsed=3.760017e+01 cycle=386 time=1.055046e+00 dt=3.128251e-03
elapsed=3.768258e+01 cycle=387 time=1.058175e+00 dt=3.130454e-03
elapsed=3.777884e+01 cycle=388 time=1.061305e+00 dt=3.132681e-03
elapsed=3.786118e+01 cycle=389 time=1.064438e+00 dt=3.134931e-03
elapsed=3.794343e+01 cycle=390 time=1.067573e+00 dt=3.137204e-03
elapsed=3.802586e+01 cycle=391 time=1.070710e+00 dt=3.139501e-03
elapsed=3.812246e+01 cycle=392 time=1.073849e+00 dt=3.141820e-03
elapsed=3.820466e+01 cycle=393 time=1.076991e+00 dt=3.144021e-03
elapsed=3.828699e+01 cycle=394 time=1.080135e+00 dt=3.146169e-03
elapsed=3.836938e+01 cycle=395 time=1.083281e+00 dt=3.148342e-03
elapsed=3.846620e+01 cycle=396 time=1.086430e+00 dt=3.150538e-03
elapsed=3.854810e+01 cycle=397 time=1.089580e+00 dt=3.152757e-03
elapsed=3.863041e+01 cycle=398 time=1.092733e+00 dt=3.155000e-03
elapsed=3.871286e+01 cycle=399 time=1.095888e+00 dt=3.157266e-03
elapsed=3.880964e+01 cycle=400 time=1.099045e+00 dt=3.159517e-03
elapsed=3.889167e+01 cycle=401 time=1.102205e+00 dt=3.161610e-03
elapsed=3.897400e+01 cycle=402 time=1.105367e+00 dt=3.163728e-03
elapsed=3.905640e+01 cycle=403 time=1.108530e+00 dt=3.165870e-03
elapsed=3.915310e+01 cycle=404 time=1.111696e+00 dt=3.168035e-03
elapsed=3.923508e+01 cycle=405 time=1.114864e+00 dt=3.170224e-03
elapsed=3.931738e+01 cycle=406 time=1.118034e+00 dt=3.172436e-03
elapsed=3.939983e+01 cycle=407 time=1.121207e+00 dt=3.174670e-03
elapsed=3.949650e+01 cycle=408 time=1.124381e+00 dt=3.176781e-03
elapsed=3.957900e+01 cycle=409 time=1.127558e+00 dt=3.178843e-03
elapsed=3.966140e+01 cycle=410 time=1.130737e+00 dt=3.180930e-03
elapsed=3.974365e+01 cycle=411 time=1.133918e+00 dt=3.183041e-03
elapsed=3.984047e+01 cycle=412 time=1.137101e+00 dt=3.185175e-03
elapsed=3.992239e+01 cycle=413 time=1.140286e+00 dt=3.187333e-03
elapsed=4.000486e+01 cycle=414 time=1.143474e+00 dt=3.189513e-03
elapsed=4.008717e+01 cycle=415 time=1.146663e+00 dt=3.191684e-03
elapsed=4.018384e+01 cycle=416 time=1.149855e+00 dt=3.193691e-03
elapsed=4.026585e+01 cycle=417 time=1.153048e+00 dt=3.195723e-03
elapsed=4.034825e+01 cycle=418 time=1.156244e+00 dt=3.197779e-03
elapsed=4.043043e+01 cycle=419 time=1.159442e+00 dt=3.199859e-03
elapsed=4.052672e+01 cycle=420 time=1.162642e+00 dt=3.201962e-03
elapsed=4.060857e+01 cycle=421 time=1.165844e+00 dt=3.204088e-03
elapsed=4.069087e+01 cycle=422 time=1.169048e+00 dt=3.206237e-03
elapsed=4.077330e+01 cycle=423 time=1.172254e+00 dt=3.208276e-03
elapsed=4.086983e+01 cycle=424 time=1.175462e+00 dt=3.210253e-03
elapsed=4.095203e+01 cycle=425 time=1.178673e+00 dt=3.212254e-03
elapsed=4.103429e+01 cycle=426 time=1.181885e+00 dt=3.214279e-03
elapsed=4.111663e+01 cycle=427 time=1.185099e+00 dt=3.216327e-03
elapsed=4.121312e+01 cycle=428 time=1.188316e+00 dt=3.218399e-03
elapsed=4.129538e+01 cycle=429 time=1.191534e+00 dt=3.220494e-03
elapsed=4.137763e+01 cycle=430 time=1.194754e+00 dt=3.222603e-03
elapsed=4.145998e+01 cycle=431 time=1.197977e+00 dt=3.224525e-03
elapsed=4.155667e+01 cycle=432 time=1.201202e+00 dt=3.226471e-03
elapsed=4.163870e+01 cycle=433 time=1.204428e+00 dt=3.228441e-03
elapsed=4.172098e+01 cycle=434 time=1.207656e+00 dt=3.230435e-03
elapsed=4.180333e+01 cycle=435 time=1.210887e+00 dt=3.232452e-03
elapsed=4.189952e+01 cycle=436 time=1.214119e+00 dt=3.234493e-03
elapsed=4.198199e+01 cycle=437 time=1.217354e+00 dt=3.236556e-03
elapsed=4.206421e+01 cycle=438 time=1.220590e+00 dt=3.238544e-03
elapsed=4.214649e+01 cycle=439 time=1.223829e+00 dt=3.240436e-03
elapsed=4.224271e+01 cycle=440 time=1.227069e+00 dt=3.242351e-03
elapsed=4.232464e+01 cycle=441 time=1.230312e+00 dt=3.244290e-03
elapsed=4.240708e+01 cycle=442 time=1.233556e+00 dt=3.246253e-03
elapsed=4.248918e+01 cycle=443 time=1.236802e+00 dt=3.248239e-03
elapsed=4.258560e+01 cycle=444 time=1.240050e+00 dt=3.250249e-03
elapsed=4.266753e+01 cycle=445 time=1.243301e+00 dt=3.252281e-03
elapsed=4.274976e+01 cycle=446 time=1.246553e+00 dt=3.254153e-03
elapsed=4.283201e+01 cycle=447 time=1.249807e+00 dt=3.256014e-03
elapsed=4.292836e+01 cycle=448 time=1.253063e+00 dt=3.257899e-03
elapsed=4.301083e+01 cycle=449 time=1.256321e+00 dt=3.259808e-03
elapsed=4.309305e+01 cycle=450 time=1.259581e+00 dt=3.261740e-03
elapsed=4.317537e+01 cycle=451 time=1.262843e+00 dt=3.263695e-03
elapsed=4.327198e+01 cycle=452 time=1.266106e+00 dt=3.265673e-03
elapsed=4.335424e+01 cycle=453 time=1.269372e+00 dt=3.267629e-03
elapsed=4.343643e+01 cycle=454 time=1.272640e+00 dt=3.269436e-03
elapsed=4.351878e+01 cycle=455 time=1.275909e+00 dt=3.271267e-03
elapsed=4.361509e+01 cycle=456 time=1.279180e+00 dt=3.273122e-03
elapsed=4.369757e+01 cycle=457 time=1.282453e+00 dt=3.275000e-03
elapsed=4.377966e+01 cycle=458 time=1.285728e+00 dt=3.276901e-03
elapsed=4.386201e+01 cycle=459 time=1.289005e+00 dt=3.278826e-03
elapsed=4.395879e+01 cycle=460 time=1.292284e+00 dt=3.280773e-03
elapsed=4.404095e+01 cycle=461 time=1.295565e+00 dt=3.282623e-03
elapsed=4.412317e+01 cycle=462 time=1.298848e+00 dt=3.284400e-03
elapsed=4.420553e+01 cycle=463 time=1.302132e+00 dt=3.286201e-03
elapsed=4.430281e+01 cycle=464 time=1.305418e+00 dt=3.288026e-03
elapsed=4.438498e+01 cycle=465 time=1.308706e+00 dt=3.289874e-03
elapsed=4.446733e+01 cycle=466 time=1.311996e+00 dt=3.291745e-03
elapsed=4.454953e+01 cycle=467 time=1.315288e+00 dt=3.293638e-03
elapsed=4.464663e+01 cycle=468 time=1.318581e+00 dt=3.295554e-03
elapsed=4.472914e+01 cycle=469 time=1.321877e+00 dt=3.297305e-03
elapsed=4.481122e+01 cycle=470 time=1.325174e+00 dt=3.299052e-03
elapsed=4.489367e+01 cycle=471 time=1.328473e+00 dt=3.300824e-03
elapsed=4.498993e+01 cycle=472 time=1.331774e+00 dt=3.302618e-03
elapsed=4.507188e+01 cycle=473 time=1.335077e+00 dt=3.304436e-03
elapsed=4.515414e+01 cycle=474 time=1.338381e+00 dt=3.306277e-03
elapsed=4.523637e+01 cycle=475 time=1.341688e+00 dt=3.308140e-03
elapsed=4.533344e+01 cycle=476 time=1.344996e+00 dt=3.309986e-03
elapsed=4.541594e+01 cycle=477 time=1.348306e+00 dt=3.311681e-03
elapsed=4.549800e+01 cycle=478 time=1.351617e+00 dt=3.313399e-03
elapsed=4.558047e+01 cycle=479 time=1.354931e+00 dt=3.315142e-03
elapsed=4.567719e+01 cycle=480 time=1.358246e+00 dt=3.316907e-03
elapsed=4.575941e+01 cycle=481 time=1.361563e+00 dt=3.318695e-03
elapsed=4.584155e+01 cycle=482 time=1.364881e+00 dt=3.320505e-03
elapsed=4.592399e+01 cycle=483 time=1.368202e+00 dt=3.322338e-03
elapsed=4.602050e+01 cycle=484 time=1.371524e+00 dt=3.324093e-03
elapsed=4.610284e+01 cycle=485 time=1.374848e+00 dt=3.325759e-03
elapsed=4.618496e+01 cycle=486 time=1.378174e+00 dt=3.327449e-03
elapsed=4.626731e+01 cycle=487 time=1.381502e+00 dt=3.329162e-03
elapsed=4.636435e+01 cycle=488 time=1.384831e+00 dt=3.330898e-03
elapsed=4.644612e+01 cycle=489 time=1.388162e+00 dt=3.332656e-03
elapsed=4.652828e+01 cycle=490 time=1.391494e+00 dt=3.334437e-03
elapsed=4.661073e+01 cycle=491 time=1.394829e+00 dt=3.336240e-03
elapsed=4.670833e+01 cycle=492 time=1.398165e+00 dt=3.337908e-03
elapsed=4.679071e+01 cycle=493 time=1.401503e+00 dt=3.339546e-03
elapsed=4.687264e+01 cycle=494 time=1.404842e+00 dt=3.341208e-03
elapsed=4.695510e+01 cycle=495 time=1.408184e+00 dt=3.342892e-03
elapsed=4.705264e+01 cycle=496 time=1.411527e+00 dt=3.344599e-03
elapsed=4.713461e+01 cycle=497 time=1.414871e+00 dt=3.346328e-03
elapsed=4.721684e+01 cycle=498 time=1.418218e+00 dt=3.348080e-03
elapsed=4.729907e+01 cycle=499 time=1.421566e+00 dt=3.349853e-03
elapsed=4.739654e+01 cycle=500 time=1.424915e+00 dt=3.351440e-03
elapsed=4.747864e+01 cycle=501 time=1.428267e+00 dt=3.353050e-03
elapsed=4.756075e+01 cycle=502 time=1.431620e+00 dt=3.354683e-03
elapsed=4.764321e+01 cycle=503 time=1.434975e+00 dt=3.356339e-03
elapsed=4.774028e+01 cycle=504 time=1.438331e+00 dt=3.358017e-03
elapsed=4.782239e+01 cycle=505 time=1.441689e+00 dt=3.359717e-03
elapsed=4.790474e+01 cycle=506 time=1.445049e+00 dt=3.361440e-03
elapsed=4.798699e+01 cycle=507 time=1.448410e+00 dt=3.363134e-03
elapsed=4.808453e+01 cycle=508 time=1.451773e+00 dt=3.364694e-03
elapsed=4.816657e+01 cycle=509 time=1.455138e+00 dt=3.366276e-03
elapsed=4.824882e+01 cycle=510 time=1.458504e+00 dt=3.367882e-03
elapsed=4.833123e+01 cycle=511 time=1.461872e+00 dt=3.369510e-03
elapsed=4.842752e+01 cycle=512 time=1.465242e+00 dt=3.371160e-03
elapsed=4.850984e+01 cycle=513 time=1.468613e+00 dt=3.372831e-03
elapsed=4.859199e+01 cycle=514 time=1.471986e+00 dt=3.374525e-03
elapsed=4.867452e+01 cycle=515 time=1.475360e+00 dt=3.376145e-03
elapsed=4.877071e+01 cycle=516 time=1.478736e+00 dt=3.377678e-03
elapsed=4.885249e+01 cycle=517 time=1.482114e+00 dt=3.379233e-03
elapsed=4.893491e+01 cycle=518 time=1.485493e+00 dt=3.380811e-03
elapsed=4.901721e+01 cycle=519 time=1.488874e+00 dt=3.382412e-03
elapsed=4.911415e+01 cycle=520 time=1.492256e+00 dt=3.384033e-03
elapsed=4.919588e+01 cycle=521 time=1.495640e+00 dt=3.385677e-03
elapsed=4.927833e+01 cycle=522 time=1.499026e+00 dt=3.387342e-03
elapsed=4.936064e+01 cycle=523 time=1.502413e+00 dt=3.388893e-03
elapsed=4.945802e+01 cycle=524 time=1.505802e+00 dt=3.390399e-03
elapsed=4.954014e+01 cycle=525 time=1.509193e+00 dt=3.391928e-03
elapsed=4.962241e+01 cycle=526 time=1.512585e+00 dt=3.393478e-03
elapsed=4.970486e+01 cycle=527 time=1.515978e+00 dt=3.395051e-03
elapsed=4.980406e+01 cycle=528 time=1.519373e+00 dt=3.396646e-03
elapsed=4.988619e+01 cycle=529 time=1.522770e+00 dt=3.398261e-03
elapsed=4.996841e+01 cycle=530 time=1.526168e+00 dt=3.399898e-03
elapsed=5.005087e+01 cycle=531 time=1.529568e+00 dt=3.401383e-03
elapsed=5.014763e+01 cycle=532 time=1.532969e+00 dt=3.402863e-03
elapsed=5.022952e+01 cycle=533 time=1.536372e+00 dt=3.404366e-03
elapsed=5.031176e+01 cycle=534 time=1.539777e+00 dt=3.405890e-03
elapsed=5.039419e+01 cycle=535 time=1.543183e+00 dt=3.407436e-03
elapsed=5.049102e+01 cycle=536 time=1.546590e+00 dt=3.409003e-03
elapsed=5.057290e+01 cycle=537 time=1.549999e+00 dt=3.410591e-03
elapsed=5.065513e+01 cycle=538 time=1.553410e+00 dt=3.412191e-03
elapsed=5.073755e+01 cycle=539 time=1.556822e+00 dt=3.413623e-03
elapsed=5.083451e+01 cycle=540 time=1.560235e+00 dt=3.415078e-03
elapsed=5.091629e+01 cycle=541 time=1.563650e+00 dt=3.416554e-03
elapsed=5.099852e+01 cycle=542 time=1.567067e+00 dt=3.418052e-03
elapsed=5.108091e+01 cycle=543 time=1.570485e+00 dt=3.419571e-03
elapsed=5.117694e+01 cycle=544 time=1.573905e+00 dt=3.421111e-03
elapsed=5.125893e+01 cycle=545 time=1.577326e+00 dt=3.422672e-03
elapsed=5.134137e+01 cycle=546 time=1.580748e+00 dt=3.424213e-03
elapsed=5.142366e+01 cycle=547 time=1.584173e+00 dt=3.425620e-03
elapsed=5.152068e+01 cycle=548 time=1.587598e+00 dt=3.427049e-03
elapsed=5.160312e+01 cycle=549 time=1.591025e+00 dt=3.428500e-03
elapsed=5.168525e+01 cycle=550 time=1.594454e+00 dt=3.429972e-03
elapsed=5.176771e+01 cycle=551 time=1.597884e+00 dt=3.431465e-03
elapsed=5.186385e+01 cycle=552 time=1.601315e+00 dt=3.432978e-03
elapsed=5.194576e+01 cycle=553 time=1.604748e+00 dt=3.434512e-03
elapsed=5.202814e+01 cycle=554 time=1.608183e+00 dt=3.435996e-03
elapsed=5.211043e+01 cycle=555 time=1.611619e+00 dt=3.437379e-03
elapsed=5.220733e+01 cycle=556 time=1.615056e+00 dt=3.438783e-03
elapsed=5.228973e+01 cycle=557 time=1.618495e+00 dt=3.440209e-03
elapsed=5.237185e+01 cycle=558 time=1.621935e+00 dt=3.441655e-03
elapsed=5.245438e+01 cycle=559 time=1.625377e+00 dt=3.443122e-03
elapsed=5.255061e+01 cycle=560 time=1.628820e+00 dt=3.444609e-03
elapsed=5.263303e+01 cycle=561 time=1.632264e+00 dt=3.446116e-03
elapsed=5.271527e+01 cycle=562 time=1.635711e+00 dt=3.447548e-03
elapsed=5.279777e+01 cycle=563 time=1.639158e+00 dt=3.448906e-03
elapsed=5.289456e+01 cycle=564 time=1.642607e+00 dt=3.450286e-03
elapsed=5.297652e+01 cycle=565 time=1.646057e+00 dt=3.451687e-03
elapsed=5.305876e+01 cycle=566 time=1.649509e+00 dt=3.453108e-03
elapsed=5.314124e+01 cycle=567 time=1.652962e+00 dt=3.454549e-03
elapsed=5.323798e+01 cycle=568 time=1.656417e+00 dt=3.456011e-03
elapsed=5.331991e+01 cycle=569 time=1.659873e+00 dt=3.457492e-03
elapsed=5.340217e+01 cycle=570 time=1.663330e+00 dt=3.458874e-03
elapsed=5.348460e+01 cycle=571 time=1.666789e+00 dt=3.460208e-03
elapsed=5.358115e+01 cycle=572 time=1.670249e+00 dt=3.461564e-03
elapsed=5.366329e+01 cycle=573 time=1.673711e+00 dt=3.462940e-03
elapsed=5.374558e+01 cycle=574 time=1.677174e+00 dt=3.464337e-03
elapsed=5.382797e+01 cycle=575 time=1.680638e+00 dt=3.465753e-03
elapsed=5.392414e+01 cycle=576 time=1.684104e+00 dt=3.467189e-03
elapsed=5.400662e+01 cycle=577 time=1.687571e+00 dt=3.468644e-03
elapsed=5.408876e+01 cycle=578 time=1.691040e+00 dt=3.469979e-03
elapsed=5.417123e+01 cycle=579 time=1.694510e+00 dt=3.471291e-03
elapsed=5.426711e+01 cycle=580 time=1.697981e+00 dt=3.472622e-03
elapsed=5.434923e+01 cycle=581 time=1.701454e+00 dt=3.473974e-03
elapsed=5.443167e+01 cycle=582 time=1.704928e+00 dt=3.475346e-03
elapsed=5.451390e+01 cycle=583 time=1.708403e+00 dt=3.476738e-03
elapsed=5.461040e+01 cycle=584 time=1.711880e+00 dt=3.478149e-03
elapsed=5.469253e+01 cycle=585 time=1.715358e+00 dt=3.479578e-03
elapsed=5.477502e+01 cycle=586 time=1.718837e+00 dt=3.480870e-03
elapsed=5.485726e+01 cycle=587 time=1.722318e+00 dt=3.482159e-03
elapsed=5.495355e+01 cycle=588 time=1.725800e+00 dt=3.483467e-03
elapsed=5.503539e+01 cycle=589 time=1.729284e+00 dt=3.484795e-03
elapsed=5.511764e+01 cycle=590 time=1.732769e+00 dt=3.486143e-03
elapsed=5.519997e+01 cycle=591 time=1.736255e+00 dt=3.487510e-03
elapsed=5.529678e+01 cycle=592 time=1.739742e+00 dt=3.488896e-03
elapsed=5.537874e+01 cycle=593 time=1.743231e+00 dt=3.490300e-03
elapsed=5.546096e+01 cycle=594 time=1.746721e+00 dt=3.491552e-03
elapsed=5.554320e+01 cycle=595 time=1.750213e+00 dt=3.492818e-03
elapsed=5.564056e+01 cycle=596 time=1.753706e+00 dt=3.494103e-03
elapsed=5.572258e+01 cycle=597 time=1.757200e+00 dt=3.495408e-03
elapsed=5.580501e+01 cycle=598 time=1.760695e+00 dt=3.496732e-03
elapsed=5.588713e+01 cycle=599 time=1.764192e+00 dt=3.498075e-03
elapsed=5.598420e+01 cycle=600 time=1.767690e+00 dt=3.499436e-03
elapsed=5.606664e+01 cycle=601 time=1.771190e+00 dt=3.500806e-03
elapsed=5.614876e+01 cycle=602 time=1.774690e+00 dt=3.502030e-03
elapsed=5.623113e+01 cycle=603 time=1.778192e+00 dt=3.503273e-03
elapsed=5.632802e+01 cycle=604 time=1.781696e+00 dt=3.504536e-03
elapsed=5.641016e+01 cycle=605 time=1.785200e+00 dt=3.505818e-03
elapsed=5.649236e+01 cycle=606 time=1.788706e+00 dt=3.507119e-03
elapsed=5.657467e+01 cycle=607 time=1.792213e+00 dt=3.508438e-03
elapsed=5.667102e+01 cycle=608 time=1.795722e+00 dt=3.509775e-03
elapsed=5.675345e+01 cycle=609 time=1.799231e+00 dt=3.511106e-03
elapsed=5.683560e+01 cycle=610 time=1.802743e+00 dt=3.512308e-03
elapsed=5.691798e+01 cycle=611 time=1.806255e+00 dt=3.513530e-03
elapsed=5.701447e+01 cycle=612 time=1.809768e+00 dt=3.514770e-03
elapsed=5.709688e+01 cycle=613 time=1.813283e+00 dt=3.516030e-03
elapsed=5.717908e+01 cycle=614 time=1.816799e+00 dt=3.517307e-03
elapsed=5.726140e+01 cycle=615 time=1.820316e+00 dt=3.518603e-03
elapsed=5.735827e+01 cycle=616 time=1.823835e+00 dt=3.519917e-03
elapsed=5.744039e+01 cycle=617 time=1.827355e+00 dt=3.521212e-03
elapsed=5.752264e+01 cycle=618 time=1.830876e+00 dt=3.522393e-03
elapsed=5.760498e+01 cycle=619 time=1.834399e+00 dt=3.523593e-03
elapsed=5.770188e+01 cycle=620 time=1.837922e+00 dt=3.524811e-03
elapsed=5.778391e+01 cycle=621 time=1.841447e+00 dt=3.526048e-03
elapsed=5.786610e+01 cycle=622 time=1.844973e+00 dt=3.527303e-03
elapsed=5.794841e+01 cycle=623 time=1.848500e+00 dt=3.528576e-03
elapsed=5.804543e+01 cycle=624 time=1.852029e+00 dt=3.529866e-03
elapsed=5.812726e+01 cycle=625 time=1.855559e+00 dt=3.531128e-03
elapsed=5.820944e+01 cycle=626 time=1.859090e+00 dt=3.532288e-03
elapsed=5.829184e+01 cycle=627 time=1.862622e+00 dt=3.533467e-03
elapsed=5.838842e+01 cycle=628 time=1.866156e+00 dt=3.534664e-03
elapsed=5.847066e+01 cycle=629 time=1.869690e+00 dt=3.535879e-03
elapsed=5.855273e+01 cycle=630 time=1.873226e+00 dt=3.537111e-03
elapsed=5.863517e+01 cycle=631 time=1.876763e+00 dt=3.538361e-03
elapsed=5.873278e+01 cycle=632 time=1.880302e+00 dt=3.539628e-03
elapsed=5.881528e+01 cycle=633 time=1.883841e+00 dt=3.540858e-03
elapsed=5.889741e+01 cycle=634 time=1.887382e+00 dt=3.541998e-03
elapsed=5.897982e+01 cycle=635 time=1.890924e+00 dt=3.543156e-03
elapsed=5.907725e+01 cycle=636 time=1.894467e+00 dt=3.544331e-03
elapsed=5.915910e+01 cycle=637 time=1.898012e+00 dt=3.545525e-03
elapsed=5.924132e+01 cycle=638 time=1.901557e+00 dt=3.546735e-03
elapsed=5.932357e+01 cycle=639 time=1.905104e+00 dt=3.547963e-03
elapsed=5.942030e+01 cycle=640 time=1.908652e+00 dt=3.549207e-03
elapsed=5.950248e+01 cycle=641 time=1.912201e+00 dt=3.550407e-03
elapsed=5.958474e+01 cycle=642 time=1.915751e+00 dt=3.551527e-03
elapsed=5.966700e+01 cycle=643 time=1.919303e+00 dt=3.552664e-03
elapsed=5.976349e+01 cycle=644 time=1.922856e+00 dt=3.553819e-03
elapsed=5.984529e+01 cycle=645 time=1.926410e+00 dt=3.554128e-03
elapsed=5.992737e+01 cycle=646 time=1.929964e+00 dt=3.554194e-03
elapsed=6.000979e+01 cycle=647 time=1.933518e+00 dt=3.554265e-03
elapsed=6.010672e+01 cycle=648 time=1.937072e+00 dt=3.554342e-03
elapsed=6.018856e+01 cycle=649 time=1.940626e+00 dt=3.554423e-03
elapsed=6.027052e+01 cycle=650 time=1.944181e+00 dt=3.554511e-03
elapsed=6.035290e+01 cycle=651 time=1.947735e+00 dt=3.554535e-03
elapsed=6.044990e+01 cycle=652 time=1.951290e+00 dt=3.554497e-03
elapsed=6.053168e+01 cycle=653 time=1.954844e+00 dt=3.554465e-03
elapsed=6.061381e+01 cycle=654 time=1.958399e+00 dt=3.554437e-03
elapsed=6.069623e+01 cycle=655 time=1.961953e+00 dt=3.554415e-03
elapsed=6.079294e+01 cycle=656 time=1.965508e+00 dt=3.554398e-03
elapsed=6.087511e+01 cycle=657 time=1.969062e+00 dt=3.554387e-03
elapsed=6.095726e+01 cycle=658 time=1.972616e+00 dt=3.554381e-03
elapsed=6.103961e+01 cycle=659 time=1.976171e+00 dt=3.554380e-03
elapsed=6.113580e+01 cycle=660 time=1.979725e+00 dt=3.554385e-03
elapsed=6.121824e+01 cycle=661 time=1.983280e+00 dt=3.554395e-03
elapsed=6.130028e+01 cycle=662 time=1.986834e+00 dt=3.554410e-03
elapsed=6.138272e+01 cycle=663 time=1.990388e+00 dt=3.554431e-03
elapsed=6.147914e+01 cycle=664 time=1.993943e+00 dt=3.554457e-03
elapsed=6.156163e+01 cycle=665 time=1.997497e+00 dt=3.554488e-03
elapsed=6.164376e+01 cycle=666 time=2.001052e+00 dt=3.554525e-03
elapsed=6.172616e+01 cycle=667 time=2.004606e+00 dt=3.554521e-03
elapsed=6.182236e+01 cycle=668 time=2.008161e+00 dt=3.554437e-03
elapsed=6.190485e+01 cycle=669 time=2.011715e+00 dt=3.554359e-03
elapsed=6.198700e+01 cycle=670 time=2.015270e+00 dt=3.554287e-03
elapsed=6.206948e+01 cycle=671 time=2.018824e+00 dt=3.554220e-03
elapsed=6.216573e+01 cycle=672 time=2.022378e+00 dt=3.554158e-03
elapsed=6.224805e+01 cycle=673 time=2.025932e+00 dt=3.554101e-03
elapsed=6.233032e+01 cycle=674 time=2.029486e+00 dt=8.869487e-05
output wall time = 5.479958e+00
elapsed=6.392737e+01 cycle=675 time=2.029575e+00 dt=1.773897e-04

Terminating on time limit
time=2.029575e+00 cycle=675
tlim=2.029575e+00 nlim=-1 nmb_total_limit=-1

MeshBlock-cycles = 21600
cpu time used  = 5.947541e+01
zone-cycles/cpu_second = 5.950264e+06
particle-updates/cpu_second = 0.000000e+00
