AthenaK Kokkos default execution space: Cuda

Root grid = 8 x 16 x 1 MeshBlocks
Total number of MeshBlocks = 128
Number of logical  levels of refinement = 4 (5 levels total)
Number of physical levels of refinement = 0 (1 levels total)
Number of parallel ranks = 1
AssembleZ4cTasks
Direct global Brill coefficient import: radial_points=128 angular_points=32 adm_mass=2.6606354586228815 min_psi4=1.1221906287226315 lapse=psi^-2 min_lapse=0.31260438298701243 max_lapse=0.94398845126053244
Converted imported ADM data to Z4c proper_box_C_rms=7.2811241858346722e-07 proper_box_H_rms=7.2772145561430275e-07 proper_box_M_rms=0 proper_box_Z_rms=1.1928716759006106e-08 coordinate_support_H_rms=1.6404424251534026e-10 coordinate_support_M_rms=0
Initialized Z4c from IrisK data mode=direct_global_coefficients path=/pscratch/sd/h/hzhu/z4c-vc-cartoon-axis-boundary-20260823/authority/brill_global_128x32_origin_control.coefficients bytes=95927

Setup complete, executing task list(s)...

elapsed=1.869645e+01 cycle=0 time=0.000000e+00 dt=2.702102e-03
elapsed=1.911600e+01 cycle=1 time=2.702102e-03 dt=2.700370e-03
elapsed=1.951593e+01 cycle=2 time=5.402472e-03 dt=2.698681e-03
elapsed=1.990304e+01 cycle=3 time=8.101153e-03 dt=2.697001e-03
elapsed=2.033937e+01 cycle=4 time=1.079815e-02 dt=2.694903e-03
elapsed=2.073419e+01 cycle=5 time=1.349306e-02 dt=2.692853e-03
elapsed=2.113036e+01 cycle=6 time=1.618591e-02 dt=2.690850e-03
elapsed=2.152494e+01 cycle=7 time=1.887676e-02 dt=2.688892e-03
elapsed=2.195183e+01 cycle=8 time=2.156565e-02 dt=2.686773e-03
elapsed=2.235384e+01 cycle=9 time=2.425243e-02 dt=2.684440e-03
elapsed=2.274360e+01 cycle=10 time=2.693687e-02 dt=2.682157e-03
elapsed=2.313716e+01 cycle=11 time=2.961902e-02 dt=2.679923e-03
elapsed=2.357054e+01 cycle=12 time=3.229895e-02 dt=2.677739e-03
elapsed=2.396745e+01 cycle=13 time=3.497669e-02 dt=2.675405e-03
elapsed=2.436445e+01 cycle=14 time=3.765209e-02 dt=2.672880e-03
elapsed=2.476082e+01 cycle=15 time=4.032497e-02 dt=2.670409e-03
elapsed=2.520182e+01 cycle=16 time=4.299538e-02 dt=2.667991e-03
elapsed=2.558364e+01 cycle=17 time=4.566337e-02 dt=2.665625e-03
elapsed=2.597086e+01 cycle=18 time=4.832900e-02 dt=2.663311e-03
elapsed=2.635932e+01 cycle=19 time=5.099231e-02 dt=2.660659e-03
elapsed=2.678222e+01 cycle=20 time=5.365297e-02 dt=2.658047e-03
elapsed=2.717530e+01 cycle=21 time=5.631101e-02 dt=2.655490e-03
elapsed=2.756279e+01 cycle=22 time=5.896650e-02 dt=2.652989e-03
elapsed=2.794342e+01 cycle=23 time=6.161949e-02 dt=2.650542e-03
elapsed=2.836897e+01 cycle=24 time=6.427003e-02 dt=2.648149e-03
elapsed=2.875758e+01 cycle=25 time=6.691818e-02 dt=2.645521e-03
elapsed=2.914614e+01 cycle=26 time=6.956370e-02 dt=2.642872e-03
elapsed=2.953769e+01 cycle=27 time=7.220658e-02 dt=2.640280e-03
elapsed=2.996653e+01 cycle=28 time=7.484686e-02 dt=2.637745e-03
elapsed=3.035067e+01 cycle=29 time=7.748460e-02 dt=2.635268e-03
elapsed=3.073692e+01 cycle=30 time=8.011987e-02 dt=2.632847e-03
elapsed=3.113340e+01 cycle=31 time=8.275272e-02 dt=2.630482e-03
elapsed=3.157714e+01 cycle=32 time=8.538320e-02 dt=2.627938e-03
elapsed=3.198259e+01 cycle=33 time=8.801114e-02 dt=2.625358e-03
elapsed=3.238655e+01 cycle=34 time=9.063649e-02 dt=2.622837e-03
elapsed=3.278950e+01 cycle=35 time=9.325933e-02 dt=2.620374e-03
elapsed=3.323675e+01 cycle=36 time=9.587970e-02 dt=2.617969e-03
elapsed=3.362235e+01 cycle=37 time=9.849767e-02 dt=2.615622e-03
elapsed=3.400796e+01 cycle=38 time=1.011133e-01 dt=2.613333e-03
elapsed=3.439569e+01 cycle=39 time=1.037266e-01 dt=2.611100e-03
elapsed=3.481849e+01 cycle=40 time=1.063377e-01 dt=2.608788e-03
elapsed=3.521826e+01 cycle=41 time=1.089465e-01 dt=2.606380e-03
elapsed=3.559680e+01 cycle=42 time=1.115529e-01 dt=2.604030e-03
elapsed=3.598410e+01 cycle=43 time=1.141569e-01 dt=2.601740e-03
elapsed=3.642858e+01 cycle=44 time=1.167587e-01 dt=2.599508e-03
elapsed=3.680800e+01 cycle=45 time=1.193582e-01 dt=2.597334e-03
elapsed=3.719961e+01 cycle=46 time=1.219555e-01 dt=2.595217e-03
elapsed=3.760193e+01 cycle=47 time=1.245507e-01 dt=2.593158e-03
elapsed=3.804769e+01 cycle=48 time=1.271439e-01 dt=2.591155e-03
elapsed=3.844578e+01 cycle=49 time=1.297350e-01 dt=2.589208e-03
elapsed=3.883421e+01 cycle=50 time=1.323242e-01 dt=2.587125e-03
elapsed=3.922531e+01 cycle=51 time=1.349114e-01 dt=2.585040e-03
elapsed=3.965340e+01 cycle=52 time=1.374964e-01 dt=2.583012e-03
elapsed=4.005226e+01 cycle=53 time=1.400794e-01 dt=2.581042e-03
elapsed=4.046413e+01 cycle=54 time=1.426605e-01 dt=2.579129e-03
elapsed=4.085568e+01 cycle=55 time=1.452396e-01 dt=2.577273e-03
elapsed=4.129878e+01 cycle=56 time=1.478169e-01 dt=2.575473e-03
elapsed=4.169675e+01 cycle=57 time=1.503923e-01 dt=2.573728e-03
elapsed=4.209366e+01 cycle=58 time=1.529661e-01 dt=2.572039e-03
elapsed=4.249090e+01 cycle=59 time=1.555381e-01 dt=2.570405e-03
elapsed=4.293351e+01 cycle=60 time=1.581085e-01 dt=2.568825e-03
elapsed=4.332300e+01 cycle=61 time=1.606773e-01 dt=2.567230e-03
elapsed=4.371096e+01 cycle=62 time=1.632446e-01 dt=2.565540e-03
elapsed=4.411102e+01 cycle=63 time=1.658101e-01 dt=2.563906e-03
elapsed=4.455448e+01 cycle=64 time=1.683740e-01 dt=2.562328e-03
elapsed=4.495869e+01 cycle=65 time=1.709363e-01 dt=2.560804e-03
elapsed=4.536149e+01 cycle=66 time=1.734971e-01 dt=2.559334e-03
elapsed=4.576420e+01 cycle=67 time=1.760565e-01 dt=2.557919e-03
elapsed=4.621262e+01 cycle=68 time=1.786144e-01 dt=2.556557e-03
elapsed=4.662129e+01 cycle=69 time=1.811710e-01 dt=2.555248e-03
elapsed=4.702537e+01 cycle=70 time=1.837262e-01 dt=2.553992e-03
elapsed=4.742879e+01 cycle=71 time=1.862802e-01 dt=2.552788e-03
elapsed=4.787407e+01 cycle=72 time=1.888330e-01 dt=2.551636e-03
elapsed=4.826583e+01 cycle=73 time=1.913846e-01 dt=2.550536e-03
elapsed=4.867062e+01 cycle=74 time=1.939352e-01 dt=2.549480e-03
elapsed=4.907699e+01 cycle=75 time=1.964846e-01 dt=2.548290e-03
elapsed=4.952251e+01 cycle=76 time=1.990329e-01 dt=2.547153e-03
elapsed=4.992658e+01 cycle=77 time=2.015801e-01 dt=2.546068e-03
elapsed=5.032937e+01 cycle=78 time=2.041261e-01 dt=2.545034e-03
elapsed=5.073325e+01 cycle=79 time=2.066712e-01 dt=2.544051e-03
elapsed=5.117761e+01 cycle=80 time=2.092152e-01 dt=2.543119e-03
elapsed=5.158596e+01 cycle=81 time=2.117584e-01 dt=2.542237e-03
elapsed=5.199128e+01 cycle=82 time=2.143006e-01 dt=2.541405e-03
elapsed=5.239980e+01 cycle=83 time=2.168420e-01 dt=2.540622e-03
elapsed=5.285264e+01 cycle=84 time=2.193826e-01 dt=2.539888e-03
elapsed=5.325587e+01 cycle=85 time=2.219225e-01 dt=2.539203e-03
elapsed=5.365860e+01 cycle=86 time=2.244617e-01 dt=2.538566e-03
elapsed=5.405625e+01 cycle=87 time=2.270003e-01 dt=2.537977e-03
elapsed=5.450109e+01 cycle=88 time=2.295383e-01 dt=2.537436e-03
elapsed=5.489724e+01 cycle=89 time=2.320757e-01 dt=2.536919e-03
elapsed=5.528994e+01 cycle=90 time=2.346126e-01 dt=2.536302e-03
elapsed=5.569170e+01 cycle=91 time=2.371489e-01 dt=2.535732e-03
elapsed=5.613395e+01 cycle=92 time=2.396846e-01 dt=2.535210e-03
elapsed=5.653638e+01 cycle=93 time=2.422198e-01 dt=2.534735e-03
elapsed=5.693917e+01 cycle=94 time=2.447546e-01 dt=2.534307e-03
elapsed=5.734115e+01 cycle=95 time=2.472889e-01 dt=2.533925e-03
elapsed=5.777870e+01 cycle=96 time=2.498228e-01 dt=2.533589e-03
elapsed=5.817503e+01 cycle=97 time=2.523564e-01 dt=2.533299e-03
elapsed=5.857702e+01 cycle=98 time=2.548897e-01 dt=2.533055e-03
elapsed=5.897842e+01 cycle=99 time=2.574228e-01 dt=2.532855e-03
elapsed=5.941621e+01 cycle=100 time=2.599556e-01 dt=2.532700e-03
elapsed=5.982033e+01 cycle=101 time=2.624883e-01 dt=2.532590e-03
elapsed=6.022196e+01 cycle=102 time=2.650209e-01 dt=2.532523e-03
elapsed=6.062086e+01 cycle=103 time=2.675534e-01 dt=2.532500e-03
elapsed=6.106014e+01 cycle=104 time=2.700859e-01 dt=2.532521e-03
elapsed=6.145971e+01 cycle=105 time=2.726184e-01 dt=2.532556e-03
elapsed=6.186172e+01 cycle=106 time=2.751510e-01 dt=2.532505e-03
elapsed=6.226110e+01 cycle=107 time=2.776835e-01 dt=2.532498e-03
elapsed=6.270443e+01 cycle=108 time=2.802160e-01 dt=2.532534e-03
elapsed=6.309531e+01 cycle=109 time=2.827485e-01 dt=2.532613e-03
elapsed=6.349094e+01 cycle=110 time=2.852812e-01 dt=2.532734e-03
elapsed=6.389127e+01 cycle=111 time=2.878139e-01 dt=2.532898e-03
elapsed=6.433254e+01 cycle=112 time=2.903468e-01 dt=2.533103e-03
elapsed=6.472690e+01 cycle=113 time=2.928799e-01 dt=2.533350e-03
elapsed=6.512799e+01 cycle=114 time=2.954132e-01 dt=2.533638e-03
elapsed=6.553046e+01 cycle=115 time=2.979469e-01 dt=2.533968e-03
elapsed=6.597342e+01 cycle=116 time=3.004808e-01 dt=2.534337e-03
elapsed=6.637438e+01 cycle=117 time=3.030152e-01 dt=2.534747e-03
elapsed=6.677635e+01 cycle=118 time=3.055499e-01 dt=2.535197e-03
elapsed=6.718826e+01 cycle=119 time=3.080851e-01 dt=2.535687e-03
elapsed=6.763102e+01 cycle=120 time=3.106208e-01 dt=2.536216e-03
elapsed=6.803101e+01 cycle=121 time=3.131570e-01 dt=2.536784e-03
elapsed=6.842651e+01 cycle=122 time=3.156938e-01 dt=2.537254e-03
elapsed=6.882569e+01 cycle=123 time=3.182311e-01 dt=2.537751e-03
elapsed=6.927029e+01 cycle=124 time=3.207688e-01 dt=2.538288e-03
elapsed=6.966863e+01 cycle=125 time=3.233071e-01 dt=2.538864e-03
elapsed=7.006953e+01 cycle=126 time=3.258460e-01 dt=2.539479e-03
elapsed=7.047374e+01 cycle=127 time=3.283854e-01 dt=2.540132e-03
elapsed=7.092342e+01 cycle=128 time=3.309256e-01 dt=2.540823e-03
elapsed=7.133655e+01 cycle=129 time=3.334664e-01 dt=2.541551e-03
elapsed=7.174361e+01 cycle=130 time=3.360080e-01 dt=2.542318e-03
elapsed=7.214883e+01 cycle=131 time=3.385503e-01 dt=2.543121e-03
elapsed=7.258974e+01 cycle=132 time=3.410934e-01 dt=2.543962e-03
elapsed=7.298872e+01 cycle=133 time=3.436374e-01 dt=2.544839e-03
elapsed=7.339226e+01 cycle=134 time=3.461822e-01 dt=2.545752e-03
elapsed=7.379091e+01 cycle=135 time=3.487279e-01 dt=2.546701e-03
elapsed=7.424307e+01 cycle=136 time=3.512746e-01 dt=2.547686e-03
elapsed=7.464422e+01 cycle=137 time=3.538223e-01 dt=2.548707e-03
elapsed=7.504786e+01 cycle=138 time=3.563710e-01 dt=2.549620e-03
elapsed=7.544108e+01 cycle=139 time=3.589207e-01 dt=2.550568e-03
elapsed=7.587903e+01 cycle=140 time=3.614712e-01 dt=2.551552e-03
elapsed=7.628168e+01 cycle=141 time=3.640228e-01 dt=2.552572e-03
elapsed=7.668023e+01 cycle=142 time=3.665754e-01 dt=2.553626e-03
elapsed=7.708081e+01 cycle=143 time=3.691290e-01 dt=2.554716e-03
elapsed=7.752485e+01 cycle=144 time=3.716837e-01 dt=2.555840e-03
elapsed=7.792823e+01 cycle=145 time=3.742395e-01 dt=2.556999e-03
elapsed=7.833508e+01 cycle=146 time=3.767965e-01 dt=2.558192e-03
elapsed=7.873630e+01 cycle=147 time=3.793547e-01 dt=2.559418e-03
elapsed=7.918444e+01 cycle=148 time=3.819141e-01 dt=2.560679e-03
elapsed=7.959242e+01 cycle=149 time=3.844748e-01 dt=2.561972e-03
elapsed=7.999327e+01 cycle=150 time=3.870368e-01 dt=2.563299e-03
elapsed=8.039288e+01 cycle=151 time=3.896001e-01 dt=2.564658e-03
elapsed=8.084829e+01 cycle=152 time=3.921648e-01 dt=2.566050e-03
elapsed=8.126040e+01 cycle=153 time=3.947308e-01 dt=2.567365e-03
elapsed=8.165293e+01 cycle=154 time=3.972982e-01 dt=2.568681e-03
elapsed=8.204389e+01 cycle=155 time=3.998668e-01 dt=2.570031e-03
elapsed=8.248294e+01 cycle=156 time=4.024369e-01 dt=2.571413e-03
elapsed=8.288966e+01 cycle=157 time=4.050083e-01 dt=2.572827e-03
elapsed=8.329849e+01 cycle=158 time=4.075811e-01 dt=2.574274e-03
elapsed=8.370464e+01 cycle=159 time=4.101554e-01 dt=2.575752e-03
elapsed=8.415572e+01 cycle=160 time=4.127311e-01 dt=2.577262e-03
elapsed=8.456338e+01 cycle=161 time=4.153084e-01 dt=2.578804e-03
elapsed=8.497131e+01 cycle=162 time=4.178872e-01 dt=2.580377e-03
elapsed=8.536834e+01 cycle=163 time=4.204676e-01 dt=2.581980e-03
elapsed=8.579293e+01 cycle=164 time=4.230496e-01 dt=2.583614e-03
elapsed=8.618321e+01 cycle=165 time=4.256332e-01 dt=2.585278e-03
elapsed=8.656318e+01 cycle=166 time=4.282185e-01 dt=2.586973e-03
elapsed=8.695061e+01 cycle=167 time=4.308054e-01 dt=2.588634e-03
elapsed=8.739095e+01 cycle=168 time=4.333941e-01 dt=2.590249e-03
elapsed=8.779231e+01 cycle=169 time=4.359843e-01 dt=2.591896e-03
elapsed=8.819574e+01 cycle=170 time=4.385762e-01 dt=2.593572e-03
elapsed=8.859809e+01 cycle=171 time=4.411698e-01 dt=2.595279e-03
elapsed=8.904164e+01 cycle=172 time=4.437651e-01 dt=2.597015e-03
elapsed=8.943226e+01 cycle=173 time=4.463621e-01 dt=2.598781e-03
elapsed=8.982030e+01 cycle=174 time=4.489609e-01 dt=2.600577e-03
elapsed=9.022153e+01 cycle=175 time=4.515614e-01 dt=2.602401e-03
elapsed=9.065931e+01 cycle=176 time=4.541638e-01 dt=2.604255e-03
elapsed=9.105269e+01 cycle=177 time=4.567681e-01 dt=2.606137e-03
elapsed=9.143889e+01 cycle=178 time=4.593742e-01 dt=2.608047e-03
elapsed=9.182546e+01 cycle=179 time=4.619823e-01 dt=2.609985e-03
elapsed=9.225219e+01 cycle=180 time=4.645923e-01 dt=2.611942e-03
elapsed=9.264813e+01 cycle=181 time=4.672042e-01 dt=2.613798e-03
elapsed=9.303919e+01 cycle=182 time=4.698180e-01 dt=2.615683e-03
elapsed=9.342380e+01 cycle=183 time=4.724337e-01 dt=2.617596e-03
elapsed=9.385641e+01 cycle=184 time=4.750513e-01 dt=2.619537e-03
elapsed=9.425642e+01 cycle=185 time=4.776708e-01 dt=2.621507e-03
elapsed=9.465624e+01 cycle=186 time=4.802923e-01 dt=2.623504e-03
elapsed=9.505647e+01 cycle=187 time=4.829158e-01 dt=2.625528e-03
elapsed=9.550018e+01 cycle=188 time=4.855414e-01 dt=2.627580e-03
elapsed=9.589901e+01 cycle=189 time=4.881689e-01 dt=2.629659e-03
elapsed=9.629656e+01 cycle=190 time=4.907986e-01 dt=2.631765e-03
elapsed=9.667823e+01 cycle=191 time=4.934304e-01 dt=2.633897e-03
elapsed=9.710695e+01 cycle=192 time=4.960643e-01 dt=2.636055e-03
elapsed=9.749993e+01 cycle=193 time=4.987003e-01 dt=2.638157e-03
elapsed=9.788577e+01 cycle=194 time=5.013385e-01 dt=2.640230e-03
elapsed=9.827190e+01 cycle=195 time=5.039787e-01 dt=2.642330e-03
elapsed=9.869980e+01 cycle=196 time=5.066210e-01 dt=2.644457e-03
elapsed=9.908936e+01 cycle=197 time=5.092655e-01 dt=2.646610e-03
elapsed=9.948841e+01 cycle=198 time=5.119121e-01 dt=2.648790e-03
elapsed=9.987779e+01 cycle=199 time=5.145609e-01 dt=2.650995e-03
elapsed=1.003116e+02 cycle=200 time=5.172119e-01 dt=2.653227e-03
elapsed=1.007026e+02 cycle=201 time=5.198651e-01 dt=2.655484e-03
elapsed=1.010935e+02 cycle=202 time=5.225206e-01 dt=2.657766e-03
elapsed=1.014789e+02 cycle=203 time=5.251784e-01 dt=2.660073e-03
elapsed=1.019192e+02 cycle=204 time=5.278384e-01 dt=2.662405e-03
elapsed=1.023177e+02 cycle=205 time=5.305008e-01 dt=2.664625e-03
elapsed=1.027106e+02 cycle=206 time=5.331655e-01 dt=2.666869e-03
elapsed=1.031110e+02 cycle=207 time=5.358323e-01 dt=2.669138e-03
elapsed=1.035484e+02 cycle=208 time=5.385015e-01 dt=2.671432e-03
elapsed=1.039445e+02 cycle=209 time=5.411729e-01 dt=2.673752e-03
elapsed=1.043370e+02 cycle=210 time=5.438467e-01 dt=2.676097e-03
elapsed=1.047251e+02 cycle=211 time=5.465227e-01 dt=2.678466e-03
elapsed=1.051619e+02 cycle=212 time=5.492012e-01 dt=2.680859e-03
elapsed=1.055446e+02 cycle=213 time=5.518821e-01 dt=2.683277e-03
elapsed=1.059414e+02 cycle=214 time=5.545653e-01 dt=2.685718e-03
elapsed=1.063372e+02 cycle=215 time=5.572511e-01 dt=2.688166e-03
elapsed=1.067624e+02 cycle=216 time=5.599392e-01 dt=2.690514e-03
elapsed=1.071757e+02 cycle=217 time=5.626297e-01 dt=2.692887e-03
elapsed=1.075875e+02 cycle=218 time=5.653226e-01 dt=2.695285e-03
elapsed=1.079811e+02 cycle=219 time=5.680179e-01 dt=2.697707e-03
elapsed=1.084197e+02 cycle=220 time=5.707156e-01 dt=2.700153e-03
elapsed=1.088177e+02 cycle=221 time=5.734158e-01 dt=2.702623e-03
elapsed=1.092154e+02 cycle=222 time=5.761184e-01 dt=2.705116e-03
elapsed=1.096204e+02 cycle=223 time=5.788235e-01 dt=2.707633e-03
elapsed=1.100589e+02 cycle=224 time=5.815312e-01 dt=2.710172e-03
elapsed=1.104520e+02 cycle=225 time=5.842413e-01 dt=2.712735e-03
elapsed=1.108422e+02 cycle=226 time=5.869541e-01 dt=2.715186e-03
elapsed=1.112315e+02 cycle=227 time=5.896692e-01 dt=2.717652e-03
elapsed=1.116641e+02 cycle=228 time=5.923869e-01 dt=2.720142e-03
elapsed=1.120568e+02 cycle=229 time=5.951070e-01 dt=2.722655e-03
elapsed=1.124578e+02 cycle=230 time=5.978297e-01 dt=2.725192e-03
elapsed=1.128506e+02 cycle=231 time=6.005549e-01 dt=2.727752e-03
elapsed=1.132840e+02 cycle=232 time=6.032826e-01 dt=2.730335e-03
elapsed=1.136715e+02 cycle=233 time=6.060130e-01 dt=2.732940e-03
elapsed=1.140668e+02 cycle=234 time=6.087459e-01 dt=2.735567e-03
elapsed=1.144586e+02 cycle=235 time=6.114815e-01 dt=2.738168e-03
elapsed=1.148921e+02 cycle=236 time=6.142196e-01 dt=2.740694e-03
elapsed=1.152785e+02 cycle=237 time=6.169603e-01 dt=2.743244e-03
elapsed=1.156650e+02 cycle=238 time=6.197036e-01 dt=2.745816e-03
elapsed=1.160748e+02 cycle=239 time=6.224494e-01 dt=2.748411e-03
elapsed=1.165100e+02 cycle=240 time=6.251978e-01 dt=2.751029e-03
elapsed=1.169006e+02 cycle=241 time=6.279488e-01 dt=2.753668e-03
elapsed=1.173056e+02 cycle=242 time=6.307025e-01 dt=2.756330e-03
elapsed=1.176991e+02 cycle=243 time=6.334588e-01 dt=2.759014e-03
elapsed=1.181450e+02 cycle=244 time=6.362179e-01 dt=2.761689e-03
elapsed=1.185353e+02 cycle=245 time=6.389795e-01 dt=2.764267e-03
elapsed=1.189329e+02 cycle=246 time=6.417438e-01 dt=2.766867e-03
elapsed=1.193339e+02 cycle=247 time=6.445107e-01 dt=2.769490e-03
elapsed=1.197717e+02 cycle=248 time=6.472802e-01 dt=2.772136e-03
elapsed=1.201738e+02 cycle=249 time=6.500523e-01 dt=2.774803e-03
elapsed=1.205714e+02 cycle=250 time=6.528271e-01 dt=2.777493e-03
elapsed=1.209680e+02 cycle=251 time=6.556046e-01 dt=2.780204e-03
elapsed=1.214040e+02 cycle=252 time=6.583848e-01 dt=2.782936e-03
elapsed=1.218063e+02 cycle=253 time=6.611677e-01 dt=2.785617e-03
elapsed=1.222111e+02 cycle=254 time=6.639534e-01 dt=2.788238e-03
elapsed=1.226044e+02 cycle=255 time=6.667416e-01 dt=2.790883e-03
elapsed=1.230379e+02 cycle=256 time=6.695325e-01 dt=2.793549e-03
elapsed=1.234342e+02 cycle=257 time=6.723260e-01 dt=2.796238e-03
elapsed=1.238266e+02 cycle=258 time=6.751223e-01 dt=2.798948e-03
elapsed=1.242226e+02 cycle=259 time=6.779212e-01 dt=2.801679e-03
elapsed=1.246750e+02 cycle=260 time=6.807229e-01 dt=2.804432e-03
elapsed=1.250782e+02 cycle=261 time=6.835273e-01 dt=2.807194e-03
elapsed=1.254700e+02 cycle=262 time=6.863345e-01 dt=2.809831e-03
elapsed=1.258651e+02 cycle=263 time=6.891443e-01 dt=2.812490e-03
elapsed=1.263035e+02 cycle=264 time=6.919568e-01 dt=2.815171e-03
elapsed=1.266997e+02 cycle=265 time=6.947720e-01 dt=2.817874e-03
elapsed=1.271010e+02 cycle=266 time=6.975899e-01 dt=2.820599e-03
elapsed=1.275054e+02 cycle=267 time=7.004105e-01 dt=2.823345e-03
elapsed=1.279370e+02 cycle=268 time=7.032338e-01 dt=2.826112e-03
elapsed=1.283295e+02 cycle=269 time=7.060599e-01 dt=2.828900e-03
elapsed=1.287296e+02 cycle=270 time=7.088888e-01 dt=2.831556e-03
elapsed=1.291380e+02 cycle=271 time=7.117204e-01 dt=2.834224e-03
elapsed=1.295795e+02 cycle=272 time=7.145546e-01 dt=2.836914e-03
elapsed=1.299816e+02 cycle=273 time=7.173915e-01 dt=2.839627e-03
elapsed=1.303834e+02 cycle=274 time=7.202312e-01 dt=2.842360e-03
elapsed=1.307956e+02 cycle=275 time=7.230735e-01 dt=2.845115e-03
elapsed=1.312500e+02 cycle=276 time=7.259186e-01 dt=2.847891e-03
elapsed=1.316457e+02 cycle=277 time=7.287665e-01 dt=2.850684e-03
elapsed=1.320513e+02 cycle=278 time=7.316172e-01 dt=2.853334e-03
elapsed=1.324552e+02 cycle=279 time=7.344705e-01 dt=2.856007e-03
elapsed=1.328874e+02 cycle=280 time=7.373266e-01 dt=2.858701e-03
elapsed=1.332833e+02 cycle=281 time=7.401853e-01 dt=2.861417e-03
elapsed=1.336737e+02 cycle=282 time=7.430467e-01 dt=2.864154e-03
elapsed=1.340692e+02 cycle=283 time=7.459108e-01 dt=2.866913e-03
elapsed=1.345092e+02 cycle=284 time=7.487777e-01 dt=2.869693e-03
elapsed=1.349056e+02 cycle=285 time=7.516474e-01 dt=2.872447e-03
elapsed=1.353068e+02 cycle=286 time=7.545199e-01 dt=2.875097e-03
elapsed=1.357003e+02 cycle=287 time=7.573950e-01 dt=2.877768e-03
elapsed=1.361379e+02 cycle=288 time=7.602727e-01 dt=2.880462e-03
elapsed=1.365264e+02 cycle=289 time=7.631532e-01 dt=2.883177e-03
elapsed=1.369221e+02 cycle=290 time=7.660364e-01 dt=2.885913e-03
elapsed=1.373158e+02 cycle=291 time=7.689223e-01 dt=2.888671e-03
elapsed=1.377549e+02 cycle=292 time=7.718110e-01 dt=2.891449e-03
elapsed=1.381536e+02 cycle=293 time=7.747024e-01 dt=2.894137e-03
elapsed=1.385447e+02 cycle=294 time=7.775966e-01 dt=2.896781e-03
elapsed=1.389463e+02 cycle=295 time=7.804933e-01 dt=2.899447e-03
elapsed=1.393839e+02 cycle=296 time=7.833928e-01 dt=2.902135e-03
elapsed=1.397929e+02 cycle=297 time=7.862949e-01 dt=2.904845e-03
elapsed=1.402033e+02 cycle=298 time=7.891998e-01 dt=2.907576e-03
elapsed=1.406142e+02 cycle=299 time=7.921073e-01 dt=2.910328e-03
elapsed=1.410526e+02 cycle=300 time=7.950177e-01 dt=2.913085e-03
elapsed=1.414381e+02 cycle=301 time=7.979308e-01 dt=2.915698e-03
elapsed=1.418297e+02 cycle=302 time=8.008464e-01 dt=2.918333e-03
elapsed=1.422268e+02 cycle=303 time=8.037648e-01 dt=2.920990e-03
elapsed=1.426699e+02 cycle=304 time=8.066858e-01 dt=2.923669e-03
elapsed=1.430670e+02 cycle=305 time=8.096094e-01 dt=2.926370e-03
elapsed=1.434583e+02 cycle=306 time=8.125358e-01 dt=2.929092e-03
elapsed=1.438504e+02 cycle=307 time=8.154649e-01 dt=2.931835e-03
elapsed=1.442891e+02 cycle=308 time=8.183967e-01 dt=2.934483e-03
elapsed=1.446790e+02 cycle=309 time=8.213312e-01 dt=2.937083e-03
elapsed=1.450718e+02 cycle=310 time=8.242683e-01 dt=2.939705e-03
elapsed=1.454644e+02 cycle=311 time=8.272080e-01 dt=2.942350e-03
elapsed=1.458967e+02 cycle=312 time=8.301504e-01 dt=2.945016e-03
elapsed=1.462923e+02 cycle=313 time=8.330954e-01 dt=2.947705e-03
elapsed=1.466876e+02 cycle=314 time=8.360431e-01 dt=2.950414e-03
elapsed=1.470774e+02 cycle=315 time=8.389935e-01 dt=2.953106e-03
elapsed=1.475086e+02 cycle=316 time=8.419466e-01 dt=2.955667e-03
elapsed=1.479065e+02 cycle=317 time=8.449023e-01 dt=2.958252e-03
elapsed=1.483022e+02 cycle=318 time=8.478605e-01 dt=2.960859e-03
elapsed=1.486952e+02 cycle=319 time=8.508214e-01 dt=2.963488e-03
elapsed=1.491348e+02 cycle=320 time=8.537849e-01 dt=2.966139e-03
elapsed=1.495258e+02 cycle=321 time=8.567510e-01 dt=2.968811e-03
elapsed=1.499168e+02 cycle=322 time=8.597198e-01 dt=2.971505e-03
elapsed=1.503092e+02 cycle=323 time=8.626913e-01 dt=2.974061e-03
elapsed=1.507406e+02 cycle=324 time=8.656654e-01 dt=2.976604e-03
elapsed=1.511401e+02 cycle=325 time=8.686420e-01 dt=2.979170e-03
elapsed=1.515331e+02 cycle=326 time=8.716212e-01 dt=2.981759e-03
elapsed=1.519269e+02 cycle=327 time=8.746029e-01 dt=2.984369e-03
elapsed=1.523585e+02 cycle=328 time=8.775873e-01 dt=2.987002e-03
elapsed=1.527457e+02 cycle=329 time=8.805743e-01 dt=2.989656e-03
elapsed=1.531432e+02 cycle=330 time=8.835639e-01 dt=2.992242e-03
elapsed=1.535374e+02 cycle=331 time=8.865562e-01 dt=2.994742e-03
elapsed=1.539686e+02 cycle=332 time=8.895509e-01 dt=2.997264e-03
elapsed=1.543657e+02 cycle=333 time=8.925482e-01 dt=2.999810e-03
elapsed=1.547544e+02 cycle=334 time=8.955480e-01 dt=3.002377e-03
elapsed=1.551564e+02 cycle=335 time=8.985504e-01 dt=3.004967e-03
elapsed=1.555930e+02 cycle=336 time=9.015553e-01 dt=3.007579e-03
elapsed=1.559812e+02 cycle=337 time=9.045629e-01 dt=3.010193e-03
elapsed=1.563805e+02 cycle=338 time=9.075731e-01 dt=3.012647e-03
elapsed=1.567828e+02 cycle=339 time=9.105858e-01 dt=3.015124e-03
elapsed=1.572271e+02 cycle=340 time=9.136009e-01 dt=3.017624e-03
elapsed=1.576329e+02 cycle=341 time=9.166185e-01 dt=3.020146e-03
elapsed=1.580387e+02 cycle=342 time=9.196387e-01 dt=3.022691e-03
elapsed=1.584297e+02 cycle=343 time=9.226613e-01 dt=3.025258e-03
elapsed=1.588669e+02 cycle=344 time=9.256866e-01 dt=3.027847e-03
elapsed=1.592643e+02 cycle=345 time=9.287145e-01 dt=3.030307e-03
elapsed=1.596573e+02 cycle=346 time=9.317448e-01 dt=3.032736e-03
elapsed=1.600650e+02 cycle=347 time=9.347775e-01 dt=3.035188e-03
elapsed=1.605140e+02 cycle=348 time=9.378127e-01 dt=3.037664e-03
elapsed=1.609057e+02 cycle=349 time=9.408503e-01 dt=3.040162e-03
elapsed=1.613052e+02 cycle=350 time=9.438905e-01 dt=3.042682e-03
elapsed=1.617031e+02 cycle=351 time=9.469332e-01 dt=3.045224e-03
elapsed=1.621536e+02 cycle=352 time=9.499784e-01 dt=3.047710e-03
elapsed=1.625479e+02 cycle=353 time=9.530261e-01 dt=3.050090e-03
elapsed=1.629490e+02 cycle=354 time=9.560762e-01 dt=3.052493e-03
elapsed=1.633501e+02 cycle=355 time=9.591287e-01 dt=3.054919e-03
elapsed=1.637876e+02 cycle=356 time=9.621836e-01 dt=3.057369e-03
elapsed=1.641911e+02 cycle=357 time=9.652410e-01 dt=3.059841e-03
elapsed=1.645849e+02 cycle=358 time=9.683008e-01 dt=3.062335e-03
elapsed=1.649825e+02 cycle=359 time=9.713632e-01 dt=3.064850e-03
elapsed=1.654212e+02 cycle=360 time=9.744280e-01 dt=3.067179e-03
elapsed=1.658243e+02 cycle=361 time=9.774952e-01 dt=3.069531e-03
elapsed=1.662255e+02 cycle=362 time=9.805647e-01 dt=3.071907e-03
elapsed=1.666176e+02 cycle=363 time=9.836366e-01 dt=3.074306e-03
elapsed=1.670567e+02 cycle=364 time=9.867109e-01 dt=3.076728e-03
elapsed=1.674490e+02 cycle=365 time=9.897877e-01 dt=3.079172e-03
elapsed=1.678405e+02 cycle=366 time=9.928668e-01 dt=3.081639e-03
elapsed=1.682311e+02 cycle=367 time=9.959485e-01 dt=3.083996e-03
elapsed=1.686581e+02 cycle=368 time=9.990325e-01 dt=3.086297e-03
elapsed=1.690538e+02 cycle=369 time=1.002119e+00 dt=3.088621e-03
elapsed=1.694477e+02 cycle=370 time=1.005207e+00 dt=3.090969e-03
elapsed=1.698383e+02 cycle=371 time=1.008298e+00 dt=3.093339e-03
elapsed=1.702763e+02 cycle=372 time=1.011392e+00 dt=3.095733e-03
elapsed=1.706652e+02 cycle=373 time=1.014487e+00 dt=3.098149e-03
elapsed=1.710653e+02 cycle=374 time=1.017586e+00 dt=3.100540e-03
elapsed=1.714595e+02 cycle=375 time=1.020686e+00 dt=3.102788e-03
elapsed=1.718924e+02 cycle=376 time=1.023789e+00 dt=3.105059e-03
elapsed=1.722964e+02 cycle=377 time=1.026894e+00 dt=3.107354e-03
elapsed=1.726956e+02 cycle=378 time=1.030001e+00 dt=3.109673e-03
elapsed=1.730942e+02 cycle=379 time=1.033111e+00 dt=3.112014e-03
elapsed=1.735305e+02 cycle=380 time=1.036223e+00 dt=3.114378e-03
elapsed=1.739253e+02 cycle=381 time=1.039337e+00 dt=3.116765e-03
elapsed=1.743232e+02 cycle=382 time=1.042454e+00 dt=3.119003e-03
elapsed=1.747149e+02 cycle=383 time=1.045573e+00 dt=3.121220e-03
elapsed=1.751540e+02 cycle=384 time=1.048694e+00 dt=3.123462e-03
elapsed=1.755427e+02 cycle=385 time=1.051818e+00 dt=3.125727e-03
elapsed=1.759400e+02 cycle=386 time=1.054944e+00 dt=3.128016e-03
elapsed=1.763289e+02 cycle=387 time=1.058072e+00 dt=3.130327e-03
elapsed=1.767612e+02 cycle=388 time=1.061202e+00 dt=3.132662e-03
elapsed=1.771717e+02 cycle=389 time=1.064335e+00 dt=3.134942e-03
elapsed=1.775782e+02 cycle=390 time=1.067470e+00 dt=3.137105e-03
elapsed=1.779738e+02 cycle=391 time=1.070607e+00 dt=3.139292e-03
elapsed=1.784082e+02 cycle=392 time=1.073746e+00 dt=3.141504e-03
elapsed=1.787987e+02 cycle=393 time=1.076887e+00 dt=3.143739e-03
elapsed=1.791943e+02 cycle=394 time=1.080031e+00 dt=3.145997e-03
elapsed=1.795842e+02 cycle=395 time=1.083177e+00 dt=3.148278e-03
elapsed=1.800208e+02 cycle=396 time=1.086325e+00 dt=3.150581e-03
elapsed=1.804134e+02 cycle=397 time=1.089476e+00 dt=3.152714e-03
elapsed=1.808020e+02 cycle=398 time=1.092629e+00 dt=3.154847e-03
elapsed=1.811983e+02 cycle=399 time=1.095784e+00 dt=3.157004e-03
elapsed=1.816288e+02 cycle=400 time=1.098941e+00 dt=3.159185e-03
elapsed=1.820193e+02 cycle=401 time=1.102100e+00 dt=3.161389e-03
elapsed=1.824074e+02 cycle=402 time=1.105261e+00 dt=3.163616e-03
elapsed=1.828016e+02 cycle=403 time=1.108425e+00 dt=3.165866e-03
elapsed=1.832360e+02 cycle=404 time=1.111591e+00 dt=3.168051e-03
elapsed=1.836404e+02 cycle=405 time=1.114759e+00 dt=3.170129e-03
elapsed=1.840309e+02 cycle=406 time=1.117929e+00 dt=3.172231e-03
elapsed=1.844201e+02 cycle=407 time=1.121101e+00 dt=3.174357e-03
elapsed=1.848499e+02 cycle=408 time=1.124275e+00 dt=3.176507e-03
elapsed=1.852434e+02 cycle=409 time=1.127452e+00 dt=3.178680e-03
elapsed=1.856323e+02 cycle=410 time=1.130631e+00 dt=3.180876e-03
elapsed=1.860233e+02 cycle=411 time=1.133811e+00 dt=3.183095e-03
elapsed=1.864717e+02 cycle=412 time=1.136995e+00 dt=3.185142e-03
elapsed=1.868764e+02 cycle=413 time=1.140180e+00 dt=3.187189e-03
elapsed=1.872891e+02 cycle=414 time=1.143367e+00 dt=3.189260e-03
elapsed=1.877022e+02 cycle=415 time=1.146556e+00 dt=3.191355e-03
elapsed=1.881561e+02 cycle=416 time=1.149748e+00 dt=3.193474e-03
elapsed=1.885593e+02 cycle=417 time=1.152941e+00 dt=3.195615e-03
elapsed=1.889567e+02 cycle=418 time=1.156137e+00 dt=3.197780e-03
elapsed=1.893541e+02 cycle=419 time=1.159334e+00 dt=3.199889e-03
elapsed=1.897846e+02 cycle=420 time=1.162534e+00 dt=3.201881e-03
elapsed=1.901829e+02 cycle=421 time=1.165736e+00 dt=3.203897e-03
elapsed=1.905769e+02 cycle=422 time=1.168940e+00 dt=3.205938e-03
elapsed=1.909876e+02 cycle=423 time=1.172146e+00 dt=3.208001e-03
elapsed=1.914467e+02 cycle=424 time=1.175354e+00 dt=3.210089e-03
elapsed=1.918626e+02 cycle=425 time=1.178564e+00 dt=3.212199e-03
elapsed=1.922704e+02 cycle=426 time=1.181776e+00 dt=3.214332e-03
elapsed=1.926813e+02 cycle=427 time=1.184991e+00 dt=3.216313e-03
elapsed=1.931243e+02 cycle=428 time=1.188207e+00 dt=3.218274e-03
elapsed=1.935297e+02 cycle=429 time=1.191425e+00 dt=3.220259e-03
elapsed=1.939338e+02 cycle=430 time=1.194645e+00 dt=3.222269e-03
elapsed=1.943470e+02 cycle=431 time=1.197868e+00 dt=3.224301e-03
elapsed=1.948209e+02 cycle=432 time=1.201092e+00 dt=3.226357e-03
elapsed=1.952258e+02 cycle=433 time=1.204318e+00 dt=3.228436e-03
elapsed=1.956180e+02 cycle=434 time=1.207547e+00 dt=3.230489e-03
elapsed=1.960135e+02 cycle=435 time=1.210777e+00 dt=3.232395e-03
elapsed=1.964472e+02 cycle=436 time=1.214010e+00 dt=3.234326e-03
elapsed=1.968446e+02 cycle=437 time=1.217244e+00 dt=3.236280e-03
elapsed=1.972383e+02 cycle=438 time=1.220480e+00 dt=3.238258e-03
elapsed=1.976374e+02 cycle=439 time=1.223719e+00 dt=3.240260e-03
elapsed=1.980968e+02 cycle=440 time=1.226959e+00 dt=3.242285e-03
elapsed=1.984896e+02 cycle=441 time=1.230201e+00 dt=3.244332e-03
elapsed=1.988947e+02 cycle=442 time=1.233445e+00 dt=3.246267e-03
elapsed=1.992989e+02 cycle=443 time=1.236692e+00 dt=3.248142e-03
elapsed=1.997385e+02 cycle=444 time=1.239940e+00 dt=3.250042e-03
elapsed=2.001407e+02 cycle=445 time=1.243190e+00 dt=3.251966e-03
elapsed=2.005397e+02 cycle=446 time=1.246442e+00 dt=3.253913e-03
elapsed=2.009348e+02 cycle=447 time=1.249696e+00 dt=3.255884e-03
elapsed=2.013666e+02 cycle=448 time=1.252952e+00 dt=3.257877e-03
elapsed=2.017595e+02 cycle=449 time=1.256210e+00 dt=3.259893e-03
elapsed=2.021611e+02 cycle=450 time=1.259469e+00 dt=3.261715e-03
elapsed=2.025677e+02 cycle=451 time=1.262731e+00 dt=3.263561e-03
elapsed=2.030234e+02 cycle=452 time=1.265995e+00 dt=3.265430e-03
elapsed=2.034292e+02 cycle=453 time=1.269260e+00 dt=3.267323e-03
elapsed=2.038301e+02 cycle=454 time=1.272527e+00 dt=3.269240e-03
elapsed=2.042216e+02 cycle=455 time=1.275797e+00 dt=3.271179e-03
elapsed=2.046523e+02 cycle=456 time=1.279068e+00 dt=3.273142e-03
elapsed=2.050536e+02 cycle=457 time=1.282341e+00 dt=3.275049e-03
elapsed=2.054457e+02 cycle=458 time=1.285616e+00 dt=3.276841e-03
elapsed=2.058457e+02 cycle=459 time=1.288893e+00 dt=3.278657e-03
elapsed=2.062815e+02 cycle=460 time=1.292172e+00 dt=3.280496e-03
elapsed=2.066803e+02 cycle=461 time=1.295452e+00 dt=3.282359e-03
elapsed=2.070772e+02 cycle=462 time=1.298734e+00 dt=3.284245e-03
elapsed=2.074720e+02 cycle=463 time=1.302019e+00 dt=3.286153e-03
elapsed=2.079052e+02 cycle=464 time=1.305305e+00 dt=3.288085e-03
elapsed=2.082978e+02 cycle=465 time=1.308593e+00 dt=3.289889e-03
elapsed=2.086910e+02 cycle=466 time=1.311883e+00 dt=3.291651e-03
elapsed=2.090885e+02 cycle=467 time=1.315174e+00 dt=3.293437e-03
elapsed=2.095261e+02 cycle=468 time=1.318468e+00 dt=3.295246e-03
elapsed=2.099229e+02 cycle=469 time=1.321763e+00 dt=3.297079e-03
elapsed=2.103155e+02 cycle=470 time=1.325060e+00 dt=3.298935e-03
elapsed=2.107132e+02 cycle=471 time=1.328359e+00 dt=3.300813e-03
elapsed=2.111505e+02 cycle=472 time=1.331660e+00 dt=3.302711e-03
elapsed=2.115437e+02 cycle=473 time=1.334963e+00 dt=3.304420e-03
elapsed=2.119443e+02 cycle=474 time=1.338267e+00 dt=3.306153e-03
elapsed=2.123379e+02 cycle=475 time=1.341573e+00 dt=3.307909e-03
elapsed=2.127646e+02 cycle=476 time=1.344881e+00 dt=3.309689e-03
elapsed=2.131689e+02 cycle=477 time=1.348191e+00 dt=3.311492e-03
elapsed=2.135604e+02 cycle=478 time=1.351502e+00 dt=3.313317e-03
elapsed=2.139565e+02 cycle=479 time=1.354816e+00 dt=3.315165e-03
elapsed=2.144087e+02 cycle=480 time=1.358131e+00 dt=3.316969e-03
elapsed=2.147984e+02 cycle=481 time=1.361448e+00 dt=3.318649e-03
elapsed=2.151959e+02 cycle=482 time=1.364766e+00 dt=3.320353e-03
elapsed=2.155897e+02 cycle=483 time=1.368087e+00 dt=3.322080e-03
elapsed=2.160294e+02 cycle=484 time=1.371409e+00 dt=3.323830e-03
elapsed=2.164228e+02 cycle=485 time=1.374733e+00 dt=3.325603e-03
elapsed=2.168184e+02 cycle=486 time=1.378058e+00 dt=3.327399e-03
elapsed=2.172174e+02 cycle=487 time=1.381386e+00 dt=3.329216e-03
elapsed=2.176651e+02 cycle=488 time=1.384715e+00 dt=3.330932e-03
elapsed=2.180568e+02 cycle=489 time=1.388046e+00 dt=3.332584e-03
elapsed=2.184522e+02 cycle=490 time=1.391378e+00 dt=3.334259e-03
elapsed=2.188463e+02 cycle=491 time=1.394713e+00 dt=3.335957e-03
elapsed=2.192768e+02 cycle=492 time=1.398049e+00 dt=3.337678e-03
elapsed=2.196610e+02 cycle=493 time=1.401386e+00 dt=3.339422e-03
elapsed=2.200524e+02 cycle=494 time=1.404726e+00 dt=3.341188e-03
elapsed=2.204425e+02 cycle=495 time=1.408067e+00 dt=3.342975e-03
elapsed=2.208810e+02 cycle=496 time=1.411410e+00 dt=3.344607e-03
elapsed=2.212817e+02 cycle=497 time=1.414755e+00 dt=3.346231e-03
elapsed=2.216676e+02 cycle=498 time=1.418101e+00 dt=3.347878e-03
elapsed=2.220653e+02 cycle=499 time=1.421449e+00 dt=3.349548e-03
elapsed=2.225092e+02 cycle=500 time=1.424798e+00 dt=3.351240e-03
elapsed=2.229083e+02 cycle=501 time=1.428149e+00 dt=3.352954e-03
elapsed=2.233051e+02 cycle=502 time=1.431502e+00 dt=3.354691e-03
elapsed=2.237004e+02 cycle=503 time=1.434857e+00 dt=3.356429e-03
elapsed=2.241444e+02 cycle=504 time=1.438213e+00 dt=3.358002e-03
elapsed=2.245385e+02 cycle=505 time=1.441571e+00 dt=3.359598e-03
elapsed=2.249316e+02 cycle=506 time=1.444931e+00 dt=3.361217e-03
elapsed=2.253326e+02 cycle=507 time=1.448292e+00 dt=3.362858e-03
elapsed=2.257633e+02 cycle=508 time=1.451655e+00 dt=3.364522e-03
elapsed=2.261752e+02 cycle=509 time=1.455020e+00 dt=3.366208e-03
elapsed=2.265940e+02 cycle=510 time=1.458386e+00 dt=3.367915e-03
elapsed=2.270061e+02 cycle=511 time=1.461754e+00 dt=3.369577e-03
elapsed=2.274552e+02 cycle=512 time=1.465123e+00 dt=3.371123e-03
elapsed=2.278531e+02 cycle=513 time=1.468494e+00 dt=3.372691e-03
elapsed=2.282519e+02 cycle=514 time=1.471867e+00 dt=3.374282e-03
elapsed=2.286382e+02 cycle=515 time=1.475241e+00 dt=3.375896e-03
elapsed=2.290818e+02 cycle=516 time=1.478617e+00 dt=3.377532e-03
elapsed=2.294789e+02 cycle=517 time=1.481995e+00 dt=3.379189e-03
elapsed=2.298797e+02 cycle=518 time=1.485374e+00 dt=3.380868e-03
elapsed=2.302823e+02 cycle=519 time=1.488755e+00 dt=3.382458e-03
elapsed=2.307194e+02 cycle=520 time=1.492137e+00 dt=3.383977e-03
elapsed=2.311130e+02 cycle=521 time=1.495521e+00 dt=3.385518e-03
elapsed=2.315124e+02 cycle=522 time=1.498907e+00 dt=3.387082e-03
elapsed=2.319143e+02 cycle=523 time=1.502294e+00 dt=3.388668e-03
elapsed=2.323595e+02 cycle=524 time=1.505683e+00 dt=3.390276e-03
elapsed=2.327572e+02 cycle=525 time=1.509073e+00 dt=3.391905e-03
elapsed=2.331580e+02 cycle=526 time=1.512465e+00 dt=3.393556e-03
elapsed=2.335518e+02 cycle=527 time=1.515858e+00 dt=3.395078e-03
elapsed=2.339846e+02 cycle=528 time=1.519253e+00 dt=3.396571e-03
elapsed=2.343900e+02 cycle=529 time=1.522650e+00 dt=3.398086e-03
elapsed=2.347917e+02 cycle=530 time=1.526048e+00 dt=3.399623e-03
elapsed=2.351907e+02 cycle=531 time=1.529448e+00 dt=3.401182e-03
elapsed=2.356235e+02 cycle=532 time=1.532849e+00 dt=3.402762e-03
elapsed=2.360262e+02 cycle=533 time=1.536252e+00 dt=3.404364e-03
elapsed=2.364197e+02 cycle=534 time=1.539656e+00 dt=3.405986e-03
elapsed=2.368139e+02 cycle=535 time=1.543062e+00 dt=3.407445e-03
elapsed=2.372567e+02 cycle=536 time=1.546469e+00 dt=3.408912e-03
elapsed=2.376451e+02 cycle=537 time=1.549878e+00 dt=3.410401e-03
elapsed=2.380425e+02 cycle=538 time=1.553289e+00 dt=3.411911e-03
elapsed=2.384417e+02 cycle=539 time=1.556701e+00 dt=3.413443e-03
elapsed=2.388749e+02 cycle=540 time=1.560114e+00 dt=3.414997e-03
elapsed=2.392758e+02 cycle=541 time=1.563529e+00 dt=3.416571e-03
elapsed=2.396765e+02 cycle=542 time=1.566946e+00 dt=3.418145e-03
elapsed=2.400764e+02 cycle=543 time=1.570364e+00 dt=3.419565e-03
elapsed=2.405107e+02 cycle=544 time=1.573783e+00 dt=3.421006e-03
elapsed=2.409105e+02 cycle=545 time=1.577204e+00 dt=3.422469e-03
elapsed=2.413140e+02 cycle=546 time=1.580627e+00 dt=3.423954e-03
elapsed=2.417099e+02 cycle=547 time=1.584051e+00 dt=3.425459e-03
elapsed=2.421569e+02 cycle=548 time=1.587476e+00 dt=3.426986e-03
elapsed=2.425433e+02 cycle=549 time=1.590903e+00 dt=3.428533e-03
elapsed=2.429489e+02 cycle=550 time=1.594332e+00 dt=3.430049e-03
elapsed=2.433546e+02 cycle=551 time=1.597762e+00 dt=3.431444e-03
elapsed=2.437928e+02 cycle=552 time=1.601193e+00 dt=3.432860e-03
elapsed=2.441908e+02 cycle=553 time=1.604626e+00 dt=3.434298e-03
elapsed=2.445897e+02 cycle=554 time=1.608060e+00 dt=3.435757e-03
elapsed=2.449863e+02 cycle=555 time=1.611496e+00 dt=3.437236e-03
elapsed=2.454211e+02 cycle=556 time=1.614933e+00 dt=3.438736e-03
elapsed=2.458130e+02 cycle=557 time=1.618372e+00 dt=3.440256e-03
elapsed=2.462173e+02 cycle=558 time=1.621812e+00 dt=3.441718e-03
elapsed=2.466096e+02 cycle=559 time=1.625254e+00 dt=3.443088e-03
elapsed=2.470452e+02 cycle=560 time=1.628697e+00 dt=3.444480e-03
elapsed=2.474427e+02 cycle=561 time=1.632142e+00 dt=3.445893e-03
elapsed=2.478410e+02 cycle=562 time=1.635588e+00 dt=3.447326e-03
elapsed=2.482429e+02 cycle=563 time=1.639035e+00 dt=3.448780e-03
elapsed=2.486826e+02 cycle=564 time=1.642484e+00 dt=3.450254e-03
elapsed=2.490910e+02 cycle=565 time=1.645934e+00 dt=3.451747e-03
elapsed=2.495037e+02 cycle=566 time=1.649386e+00 dt=3.453158e-03
elapsed=2.499142e+02 cycle=567 time=1.652839e+00 dt=3.454504e-03
elapsed=2.503745e+02 cycle=568 time=1.656293e+00 dt=3.455872e-03
elapsed=2.507750e+02 cycle=569 time=1.659749e+00 dt=3.457260e-03
elapsed=2.511812e+02 cycle=570 time=1.663207e+00 dt=3.458668e-03
elapsed=2.515877e+02 cycle=571 time=1.666665e+00 dt=3.460096e-03
elapsed=2.520416e+02 cycle=572 time=1.670125e+00 dt=3.461545e-03
elapsed=2.524473e+02 cycle=573 time=1.673587e+00 dt=3.463012e-03
elapsed=2.528573e+02 cycle=574 time=1.677050e+00 dt=3.464375e-03
elapsed=2.532699e+02 cycle=575 time=1.680514e+00 dt=3.465698e-03
elapsed=2.537172e+02 cycle=576 time=1.683980e+00 dt=3.467041e-03
elapsed=2.541272e+02 cycle=577 time=1.687447e+00 dt=3.468405e-03
elapsed=2.545338e+02 cycle=578 time=1.690915e+00 dt=3.469788e-03
elapsed=2.549421e+02 cycle=579 time=1.694385e+00 dt=3.471192e-03
elapsed=2.553838e+02 cycle=580 time=1.697856e+00 dt=3.472615e-03
elapsed=2.557792e+02 cycle=581 time=1.701329e+00 dt=3.474057e-03
elapsed=2.561838e+02 cycle=582 time=1.704803e+00 dt=3.475375e-03
elapsed=2.565762e+02 cycle=583 time=1.708278e+00 dt=3.476674e-03
elapsed=2.570070e+02 cycle=584 time=1.711755e+00 dt=3.477994e-03
elapsed=2.573946e+02 cycle=585 time=1.715233e+00 dt=3.479334e-03
elapsed=2.577813e+02 cycle=586 time=1.718712e+00 dt=3.480693e-03
elapsed=2.581764e+02 cycle=587 time=1.722193e+00 dt=3.482072e-03
elapsed=2.586156e+02 cycle=588 time=1.725675e+00 dt=3.483470e-03
elapsed=2.590243e+02 cycle=589 time=1.729159e+00 dt=3.484886e-03
elapsed=2.594169e+02 cycle=590 time=1.732644e+00 dt=3.486162e-03
elapsed=2.598131e+02 cycle=591 time=1.736130e+00 dt=3.487439e-03
elapsed=2.602502e+02 cycle=592 time=1.739617e+00 dt=3.488735e-03
elapsed=2.606451e+02 cycle=593 time=1.743106e+00 dt=3.490052e-03
elapsed=2.610511e+02 cycle=594 time=1.746596e+00 dt=3.491387e-03
elapsed=2.614597e+02 cycle=595 time=1.750087e+00 dt=3.492742e-03
elapsed=2.619121e+02 cycle=596 time=1.753580e+00 dt=3.494115e-03
elapsed=2.623162e+02 cycle=597 time=1.757074e+00 dt=3.495506e-03
elapsed=2.627191e+02 cycle=598 time=1.760570e+00 dt=3.496743e-03
elapsed=2.631256e+02 cycle=599 time=1.764066e+00 dt=3.497997e-03
elapsed=2.635578e+02 cycle=600 time=1.767564e+00 dt=3.499271e-03
elapsed=2.639602e+02 cycle=601 time=1.771064e+00 dt=3.500564e-03
elapsed=2.643663e+02 cycle=602 time=1.774564e+00 dt=3.501876e-03
elapsed=2.647554e+02 cycle=603 time=1.778066e+00 dt=3.503207e-03
elapsed=2.652041e+02 cycle=604 time=1.781569e+00 dt=3.504556e-03
elapsed=2.655980e+02 cycle=605 time=1.785074e+00 dt=3.505910e-03
elapsed=2.660027e+02 cycle=606 time=1.788580e+00 dt=3.507122e-03
elapsed=2.663984e+02 cycle=607 time=1.792087e+00 dt=3.508354e-03
elapsed=2.668328e+02 cycle=608 time=1.795595e+00 dt=3.509606e-03
elapsed=2.672284e+02 cycle=609 time=1.799105e+00 dt=3.510876e-03
elapsed=2.676173e+02 cycle=610 time=1.802616e+00 dt=3.512165e-03
elapsed=2.680097e+02 cycle=611 time=1.806128e+00 dt=3.513472e-03
elapsed=2.684461e+02 cycle=612 time=1.809641e+00 dt=3.514797e-03
elapsed=2.688423e+02 cycle=613 time=1.813156e+00 dt=3.516114e-03
elapsed=2.692509e+02 cycle=614 time=1.816672e+00 dt=3.517305e-03
elapsed=2.696598e+02 cycle=615 time=1.820190e+00 dt=3.518515e-03
elapsed=2.701086e+02 cycle=616 time=1.823708e+00 dt=3.519745e-03
elapsed=2.705194e+02 cycle=617 time=1.827228e+00 dt=3.520992e-03
elapsed=2.709070e+02 cycle=618 time=1.830749e+00 dt=3.522258e-03
elapsed=2.713025e+02 cycle=619 time=1.834271e+00 dt=3.523542e-03
elapsed=2.717377e+02 cycle=620 time=1.837795e+00 dt=3.524843e-03
elapsed=2.721367e+02 cycle=621 time=1.841320e+00 dt=3.526126e-03
elapsed=2.725315e+02 cycle=622 time=1.844846e+00 dt=3.527296e-03
elapsed=2.729259e+02 cycle=623 time=1.848373e+00 dt=3.528485e-03
elapsed=2.733736e+02 cycle=624 time=1.851901e+00 dt=3.529692e-03
elapsed=2.737837e+02 cycle=625 time=1.855431e+00 dt=3.530918e-03
elapsed=2.741956e+02 cycle=626 time=1.858962e+00 dt=3.532161e-03
elapsed=2.746049e+02 cycle=627 time=1.862494e+00 dt=3.533422e-03
elapsed=2.750428e+02 cycle=628 time=1.866028e+00 dt=3.534700e-03
elapsed=2.754319e+02 cycle=629 time=1.869562e+00 dt=3.535950e-03
elapsed=2.758274e+02 cycle=630 time=1.873098e+00 dt=3.537099e-03
elapsed=2.762191e+02 cycle=631 time=1.876635e+00 dt=3.538267e-03
elapsed=2.766498e+02 cycle=632 time=1.880174e+00 dt=3.539453e-03
elapsed=2.770497e+02 cycle=633 time=1.883713e+00 dt=3.540657e-03
elapsed=2.774482e+02 cycle=634 time=1.887254e+00 dt=3.541878e-03
elapsed=2.778476e+02 cycle=635 time=1.890796e+00 dt=3.543117e-03
elapsed=2.782945e+02 cycle=636 time=1.894339e+00 dt=3.544372e-03
elapsed=2.786835e+02 cycle=637 time=1.897883e+00 dt=3.545591e-03
elapsed=2.790812e+02 cycle=638 time=1.901429e+00 dt=3.546720e-03
elapsed=2.794696e+02 cycle=639 time=1.904975e+00 dt=3.547867e-03
elapsed=2.798900e+02 cycle=640 time=1.908523e+00 dt=3.549032e-03
elapsed=2.802857e+02 cycle=641 time=1.912072e+00 dt=3.550214e-03
elapsed=2.806787e+02 cycle=642 time=1.915623e+00 dt=3.551414e-03
elapsed=2.810898e+02 cycle=643 time=1.919174e+00 dt=3.552630e-03
elapsed=2.815653e+02 cycle=644 time=1.922727e+00 dt=3.553862e-03
elapsed=2.819808e+02 cycle=645 time=1.926280e+00 dt=3.554241e-03
elapsed=2.823769e+02 cycle=646 time=1.929835e+00 dt=3.554233e-03
elapsed=2.827321e+02 cycle=647 time=1.933389e+00 dt=3.554230e-03
elapsed=2.831759e+02 cycle=648 time=1.936943e+00 dt=3.554233e-03
elapsed=2.835696e+02 cycle=649 time=1.940497e+00 dt=3.554241e-03
elapsed=2.839742e+02 cycle=650 time=1.944052e+00 dt=3.554254e-03
elapsed=2.843659e+02 cycle=651 time=1.947606e+00 dt=3.554273e-03
elapsed=2.848085e+02 cycle=652 time=1.951160e+00 dt=3.554297e-03
elapsed=2.852176e+02 cycle=653 time=1.954714e+00 dt=3.554326e-03
elapsed=2.856037e+02 cycle=654 time=1.958269e+00 dt=3.554360e-03
elapsed=2.859987e+02 cycle=655 time=1.961823e+00 dt=3.554400e-03
elapsed=2.864342e+02 cycle=656 time=1.965378e+00 dt=3.554445e-03
elapsed=2.868221e+02 cycle=657 time=1.968932e+00 dt=3.554496e-03
elapsed=2.872291e+02 cycle=658 time=1.972486e+00 dt=3.554552e-03
elapsed=2.876139e+02 cycle=659 time=1.976041e+00 dt=3.554613e-03
elapsed=2.880566e+02 cycle=660 time=1.979596e+00 dt=3.554574e-03
elapsed=2.884540e+02 cycle=661 time=1.983150e+00 dt=3.554512e-03
elapsed=2.888444e+02 cycle=662 time=1.986705e+00 dt=3.554456e-03
elapsed=2.892498e+02 cycle=663 time=1.990259e+00 dt=3.554406e-03
elapsed=2.896833e+02 cycle=664 time=1.993814e+00 dt=3.554360e-03
elapsed=2.900854e+02 cycle=665 time=1.997368e+00 dt=3.554320e-03
elapsed=2.904813e+02 cycle=666 time=2.000922e+00 dt=3.554285e-03
elapsed=2.908770e+02 cycle=667 time=2.004477e+00 dt=3.554256e-03
elapsed=2.913221e+02 cycle=668 time=2.008031e+00 dt=3.554232e-03
elapsed=2.917251e+02 cycle=669 time=2.011585e+00 dt=3.554213e-03
elapsed=2.921321e+02 cycle=670 time=2.015139e+00 dt=3.554200e-03
elapsed=2.925304e+02 cycle=671 time=2.018693e+00 dt=3.554192e-03
elapsed=2.929687e+02 cycle=672 time=2.022248e+00 dt=3.554190e-03
elapsed=2.933654e+02 cycle=673 time=2.025802e+00 dt=3.554193e-03
elapsed=2.937611e+02 cycle=674 time=2.029356e+00 dt=2.191054e-04
output wall time = 1.911875e+01
elapsed=3.001543e+02 cycle=675 time=2.029575e+00 dt=4.382109e-04

Terminating on time limit
time=2.029575e+00 cycle=675
tlim=2.029575e+00 nlim=-1 nmb_total_limit=-1

MeshBlock-cycles = 86400
cpu time used  = 2.814579e+02
zone-cycles/cpu_second = 5.029448e+06
particle-updates/cpu_second = 0.000000e+00
