
Root grid = 3 x 3 x 3 MeshBlocks
Total number of MeshBlocks = 384
Number of logical  levels of refinement = 6 (7 levels total)
Number of physical levels of refinement = 4 (5 levels total)
  Physical level = 1 (logical level = 3): 208 MeshBlocks, cost = 208
  Physical level = 2 (logical level = 4): 56 MeshBlocks, cost = 56
  Physical level = 3 (logical level = 5): 56 MeshBlocks, cost = 56
  Physical level = 4 (logical level = 6): 64 MeshBlocks, cost = 64
Number of parallel ranks = 1
AssembleZ4cTasks

Setup complete, executing task list(s)...

elapsed=1.557650e+00 cycle=98 time=5.000000e-01 dt=5.208333e-03
elapsed=3.471735e+00 cycle=99 time=5.052083e-01 dt=5.208333e-03
elapsed=5.235499e+00 cycle=100 time=5.104167e-01 dt=5.208333e-03
elapsed=6.960926e+00 cycle=101 time=5.156250e-01 dt=5.208333e-03
elapsed=8.763639e+00 cycle=102 time=5.208333e-01 dt=5.208333e-03
elapsed=1.054650e+01 cycle=103 time=5.260417e-01 dt=5.208333e-03
elapsed=1.236335e+01 cycle=104 time=5.312500e-01 dt=5.208333e-03
elapsed=1.419353e+01 cycle=105 time=5.364583e-01 dt=5.208333e-03
elapsed=1.599889e+01 cycle=106 time=5.416667e-01 dt=5.208333e-03
elapsed=1.776128e+01 cycle=107 time=5.468750e-01 dt=5.208333e-03
elapsed=1.942089e+01 cycle=108 time=5.520833e-01 dt=5.208333e-03
elapsed=2.122963e+01 cycle=109 time=5.572917e-01 dt=5.208333e-03
elapsed=2.302729e+01 cycle=110 time=5.625000e-01 dt=5.208333e-03
elapsed=2.472028e+01 cycle=111 time=5.677083e-01 dt=5.208333e-03
elapsed=2.641151e+01 cycle=112 time=5.729167e-01 dt=5.208333e-03
elapsed=2.818884e+01 cycle=113 time=5.781250e-01 dt=5.208333e-03
elapsed=2.992507e+01 cycle=114 time=5.833333e-01 dt=5.208333e-03
elapsed=3.176195e+01 cycle=115 time=5.885417e-01 dt=5.208333e-03
elapsed=3.349132e+01 cycle=116 time=5.937500e-01 dt=5.208333e-03
elapsed=3.520812e+01 cycle=117 time=5.989583e-01 dt=5.208333e-03
elapsed=3.709145e+01 cycle=118 time=6.041667e-01 dt=5.208333e-03
elapsed=3.878750e+01 cycle=119 time=6.093750e-01 dt=5.208333e-03
elapsed=4.055417e+01 cycle=120 time=6.145833e-01 dt=5.208333e-03
elapsed=4.238138e+01 cycle=121 time=6.197917e-01 dt=5.208333e-03
elapsed=4.406214e+01 cycle=122 time=6.250000e-01 dt=5.208333e-03
elapsed=4.577809e+01 cycle=123 time=6.302083e-01 dt=5.208333e-03
elapsed=4.753708e+01 cycle=124 time=6.354167e-01 dt=5.208333e-03
elapsed=4.934693e+01 cycle=125 time=6.406250e-01 dt=5.208333e-03
elapsed=5.109992e+01 cycle=126 time=6.458333e-01 dt=5.208333e-03
elapsed=5.284010e+01 cycle=127 time=6.510417e-01 dt=5.208333e-03
elapsed=5.464777e+01 cycle=128 time=6.562500e-01 dt=5.208333e-03
elapsed=5.646097e+01 cycle=129 time=6.614583e-01 dt=5.208333e-03
elapsed=5.814777e+01 cycle=130 time=6.666667e-01 dt=5.208333e-03
elapsed=5.990713e+01 cycle=131 time=6.718750e-01 dt=5.208333e-03
elapsed=6.740228e+01 cycle=132 time=6.770833e-01 dt=5.208333e-03
elapsed=7.368691e+01 cycle=133 time=6.822917e-01 dt=5.208333e-03
elapsed=7.886912e+01 cycle=134 time=6.875000e-01 dt=5.208333e-03
elapsed=8.076909e+01 cycle=135 time=6.927083e-01 dt=5.208333e-03
elapsed=8.257162e+01 cycle=136 time=6.979167e-01 dt=5.208333e-03
elapsed=8.458692e+01 cycle=137 time=7.031250e-01 dt=5.208333e-03
elapsed=8.652145e+01 cycle=138 time=7.083333e-01 dt=5.208333e-03
elapsed=8.840259e+01 cycle=139 time=7.135417e-01 dt=5.208333e-03
elapsed=9.024332e+01 cycle=140 time=7.187500e-01 dt=5.208333e-03
elapsed=9.208729e+01 cycle=141 time=7.239583e-01 dt=5.208333e-03
elapsed=9.395342e+01 cycle=142 time=7.291667e-01 dt=5.208333e-03
elapsed=9.584040e+01 cycle=143 time=7.343750e-01 dt=5.208333e-03
elapsed=9.769898e+01 cycle=144 time=7.395833e-01 dt=5.208333e-03
elapsed=9.949779e+01 cycle=145 time=7.447917e-01 dt=5.208333e-03
elapsed=1.014400e+02 cycle=146 time=7.500000e-01 dt=5.208333e-03
elapsed=1.031949e+02 cycle=147 time=7.552083e-01 dt=5.208333e-03
elapsed=1.050752e+02 cycle=148 time=7.604167e-01 dt=5.208333e-03
elapsed=1.069148e+02 cycle=149 time=7.656250e-01 dt=5.208333e-03
elapsed=1.086779e+02 cycle=150 time=7.708333e-01 dt=5.208333e-03
elapsed=1.104351e+02 cycle=151 time=7.760417e-01 dt=5.208333e-03
elapsed=1.122646e+02 cycle=152 time=7.812500e-01 dt=5.208333e-03
elapsed=1.141068e+02 cycle=153 time=7.864583e-01 dt=5.208333e-03
elapsed=1.158801e+02 cycle=154 time=7.916667e-01 dt=5.208333e-03
elapsed=1.177490e+02 cycle=155 time=7.968750e-01 dt=5.208333e-03
elapsed=1.196463e+02 cycle=156 time=8.020833e-01 dt=5.208333e-03
elapsed=1.215526e+02 cycle=157 time=8.072917e-01 dt=5.208333e-03
elapsed=1.233400e+02 cycle=158 time=8.125000e-01 dt=5.208333e-03
elapsed=1.251178e+02 cycle=159 time=8.177083e-01 dt=5.208333e-03
elapsed=1.269906e+02 cycle=160 time=8.229167e-01 dt=5.208333e-03
elapsed=1.288419e+02 cycle=161 time=8.281250e-01 dt=5.208333e-03
elapsed=1.305531e+02 cycle=162 time=8.333333e-01 dt=5.208333e-03
elapsed=1.323708e+02 cycle=163 time=8.385417e-01 dt=5.208333e-03
elapsed=1.341522e+02 cycle=164 time=8.437500e-01 dt=5.208333e-03
elapsed=1.359728e+02 cycle=165 time=8.489583e-01 dt=5.208333e-03
elapsed=1.377458e+02 cycle=166 time=8.541667e-01 dt=5.208333e-03
elapsed=1.396146e+02 cycle=167 time=8.593750e-01 dt=5.208333e-03
elapsed=1.414597e+02 cycle=168 time=8.645833e-01 dt=5.208333e-03
elapsed=1.433163e+02 cycle=169 time=8.697917e-01 dt=5.208333e-03
elapsed=1.452147e+02 cycle=170 time=8.750000e-01 dt=5.208333e-03
elapsed=1.469046e+02 cycle=171 time=8.802083e-01 dt=5.208333e-03
elapsed=1.487896e+02 cycle=172 time=8.854167e-01 dt=5.208333e-03
elapsed=1.506304e+02 cycle=173 time=8.906250e-01 dt=5.208333e-03
elapsed=1.524648e+02 cycle=174 time=8.958333e-01 dt=5.208333e-03
elapsed=1.542650e+02 cycle=175 time=9.010417e-01 dt=5.208333e-03
elapsed=1.560963e+02 cycle=176 time=9.062500e-01 dt=5.208333e-03
elapsed=1.578836e+02 cycle=177 time=9.114583e-01 dt=5.208333e-03
elapsed=1.597067e+02 cycle=178 time=9.166667e-01 dt=5.208333e-03
elapsed=1.615881e+02 cycle=179 time=9.218750e-01 dt=5.208333e-03
elapsed=1.634578e+02 cycle=180 time=9.270833e-01 dt=5.208333e-03
elapsed=1.651413e+02 cycle=181 time=9.322917e-01 dt=5.208333e-03
elapsed=1.669977e+02 cycle=182 time=9.375000e-01 dt=5.208333e-03
elapsed=1.689296e+02 cycle=183 time=9.427083e-01 dt=5.208333e-03
elapsed=1.706380e+02 cycle=184 time=9.479167e-01 dt=5.208333e-03
elapsed=1.724893e+02 cycle=185 time=9.531250e-01 dt=5.208333e-03
elapsed=1.742966e+02 cycle=186 time=9.583333e-01 dt=5.208333e-03
elapsed=1.762204e+02 cycle=187 time=9.635417e-01 dt=5.208333e-03
elapsed=1.779828e+02 cycle=188 time=9.687500e-01 dt=5.208333e-03
elapsed=1.797981e+02 cycle=189 time=9.739583e-01 dt=5.208333e-03
elapsed=1.816251e+02 cycle=190 time=9.791667e-01 dt=5.208333e-03
elapsed=1.834587e+02 cycle=191 time=9.843750e-01 dt=5.208333e-03
elapsed=1.851866e+02 cycle=192 time=9.895833e-01 dt=5.208333e-03
elapsed=1.870026e+02 cycle=193 time=9.947917e-01 dt=5.208333e-03
elapsed=1.888937e+02 cycle=194 time=1.000000e+00 dt=7.105427e-15
elapsed=1.910782e+02 cycle=195 time=1.000000e+00 dt=1.421085e-14

Terminating on time limit
time=1.000000e+00 cycle=195
tlim=1.000000e+00 nlim=-1

MeshBlock-cycles = 37248
cpu time used  = 1.895205e+02
zone-cycles/cpu_second = 1.006275e+05
particle-updates/cpu_second = 0.000000e+00
