-- The C compiler identification is GNU 14.3.0
-- The CXX compiler identification is GNU 14.3.0
-- Cray Programming Environment 2.7.36 C
-- Detecting C compiler ABI info
-- Detecting C compiler ABI info - done
-- Check for working C compiler: /opt/cray/pe/craype/2.7.36/bin/cc - skipped
-- Detecting C compile features
-- Detecting C compile features - done
-- Cray Programming Environment 2.7.36 CXX
-- Detecting CXX compiler ABI info
-- Detecting CXX compiler ABI info - done
-- Check for working CXX compiler: /pscratch/sd/h/hzhu/refgh-fixed-reference-20260831.uk93aa/src_clean/kokkos/bin/nvcc_wrapper - skipped
-- Detecting CXX compile features
-- Detecting CXX compile features - done
-- Found MPI_CXX: /pscratch/sd/h/hzhu/refgh-fixed-reference-20260831.uk93aa/src_clean/kokkos/bin/nvcc_wrapper (found version "4.1") 
-- Found MPI: TRUE (found version "4.1") found components: CXX 
-- Setting default Kokkos CXX standard to 17
-- Kokkos version: 4.7.2
-- The project name is: Kokkos
-- Using internal gtest for testing
-- Configured git information in /pscratch/sd/h/hzhu/refgh-fixed-reference-20260831.uk93aa/build_57786944/kokkos/generated/Kokkos_Version_Info.cpp
-- Compiler Version: 13.2.78
-- Using -std=c++17 for C++17 standard as feature
-- Built-in Execution Spaces:
--     Device Parallel: Kokkos::Cuda
--     Host Parallel: NoTypeDefined
--       Host Serial: SERIAL
-- 
-- Architectures:
--  AMPERE80
-- Found CUDAToolkit: /opt/nvidia/hpc_sdk/Linux_x86_64/26.5/cuda/13.2/targets/x86_64-linux/include (found version "13.2.78") 
-- Performing Test CMAKE_HAVE_LIBC_PTHREAD
-- Performing Test CMAKE_HAVE_LIBC_PTHREAD - Success
-- Found Threads: TRUE  
-- Using internal desul_atomics copy
-- Performing Test KOKKOS_LINK_OPTIONS_CHECK
-- Performing Test KOKKOS_LINK_OPTIONS_CHECK - Success
-- Performing Test KOKKOS_COMPILE_OPTIONS_CHECK
-- Performing Test KOKKOS_COMPILE_OPTIONS_CHECK - Success
-- Experimental mdspan support is enabled
-- Using internal mdspan directory /pscratch/sd/h/hzhu/refgh-fixed-reference-20260831.uk93aa/src_clean/kokkos/tpls/mdspan/include
-- Kokkos Backends: SERIAL;CUDA
-- Configuring done (14.1s)
-- Generating done (0.4s)
-- Build files have been written to: /pscratch/sd/h/hzhu/refgh-fixed-reference-20260831.uk93aa/build_57786944
