
Root grid = 4 x 4 x 4 MeshBlocks
Total number of MeshBlocks = 400
Number of logical  levels of refinement = 8 (9 levels total)
Number of physical levels of refinement = 6 (7 levels total)
  Physical level = 0 (logical level = 2): 56 MeshBlocks, cost = 56
  Physical level = 1 (logical level = 3): 56 MeshBlocks, cost = 56
  Physical level = 2 (logical level = 4): 56 MeshBlocks, cost = 56
  Physical level = 3 (logical level = 5): 56 MeshBlocks, cost = 56
  Physical level = 4 (logical level = 6): 56 MeshBlocks, cost = 56
  Physical level = 5 (logical level = 7): 56 MeshBlocks, cost = 56
  Physical level = 6 (logical level = 8): 64 MeshBlocks, cost = 64
Number of parallel ranks = 12
  Rank = 0: 33 MeshBlocks, cost = 33
  Rank = 1: 33 MeshBlocks, cost = 33
  Rank = 2: 33 MeshBlocks, cost = 33
  Rank = 3: 33 MeshBlocks, cost = 33
  Rank = 4: 33 MeshBlocks, cost = 33
  Rank = 5: 33 MeshBlocks, cost = 33
  Rank = 6: 33 MeshBlocks, cost = 33
  Rank = 7: 33 MeshBlocks, cost = 33
  Rank = 8: 34 MeshBlocks, cost = 34
  Rank = 9: 34 MeshBlocks, cost = 34
  Rank = 10: 34 MeshBlocks, cost = 34
  Rank = 11: 34 MeshBlocks, cost = 34
Load Balancing:
  Maximum normalized cost = 1.0303, Average = 1.0101
AssembleZ4cTasks
OnePuncture initialized.
AssembleZ4cTasks
OnePuncture initialized.
AssembleZ4cTasks
OnePuncture initialized.
AssembleZ4cTasks
OnePuncture initialized.
AssembleZ4cTasks
OnePuncture initialized.
AssembleZ4cTasks
OnePuncture initialized.
AssembleZ4cTasks
OnePuncture initialized.
AssembleZ4cTasks
OnePuncture initialized.
AssembleZ4cTasks
OnePuncture initialized.
AssembleZ4cTasks
OnePuncture initialized.
AssembleZ4cTasks
OnePuncture initialized.
AssembleZ4cTasks
OnePuncture initialized.

Setup complete, executing task list(s)...

elapsed=4.725077e+01 cycle=0 time=0.000000e+00 dt=3.092331e-03

Terminating on cycle limit
time=1.245488e-02 cycle=4
tlim=2.000000e+01 nlim=4

Current number of MeshBlocks = 400
0 MeshBlocks created, 0 deleted by AMR
0 communicated for load balancing, load balancing efficiency = 9.900000e-01

MeshBlock-cycles = 1600
cpu time used  = 4.627332e+01
zone-cycles/cpu_second = 1.133024e+06
particle-updates/cpu_second = 0.000000e+00
