host=x4304c6s6b0n0 ZE_AFFINITY_MASK=0.1

Root grid = 1 x 1 x 1 MeshBlocks
Total number of MeshBlocks = 1
Number of logical  levels of refinement = 0 (1 levels total)
Number of physical levels of refinement = 0 (1 levels total)
Number of parallel ranks = 1
reference-GH puncture minimum cell-center radius = 0.0541266
ref_gh debug fence passed: ref_gh CalcRHS zero
ref_gh debug fence passed: ref_gh CalcRHS psi
ref_gh debug fence passed: ref_gh CalcRHS source
ref_gh debug fence passed: ref_gh CalcRHS primary
ref_gh debug fence passed: ref_gh CalcRHS compatible_phi
ref_gh debug fence passed: ref_gh CalcRHS dissipation
ref_gh debug fence passed: ref_gh CalcRHS
reference-GH stationary initial RHS Linf = 8.55241e-17, component=10, radius=0.858664, coordinate reference Ricci Linf=4.14162e-10, frame reference Ricci Linf=1.38778e-16
ref_gh debug fence passed: ref_gh RestrictU
### WARNING in /lus/flare/projects/CompactBinaryMerger/hzhu/refgh_aurora_stationary_frozen_20260819/athenak/src/parameter_input.cpp: input parameter <problem>/common_adm_fd_order = 4 was not used by the code (check for a typo)
### WARNING in /lus/flare/projects/CompactBinaryMerger/hzhu/refgh_aurora_stationary_frozen_20260819/athenak/src/parameter_input.cpp: input parameter <output2>/file_type = rst was not used by the code (check for a typo)
ref_gh debug fence passed: ref_gh InitRecv
ref_gh debug fence passed: ref_gh SendU
ref_gh debug fence passed: ref_gh RecvU
ref_gh debug fence passed: ref_gh Prolongate
ref_gh debug fence passed: ref_gh ApplyPhysicalBCs
ref_gh debug fence passed: ref_gh diagnostics ADM reconstruction
ref_gh debug fence passed: ref_gh diagnostics constraints
ref_gh debug fence passed: ref_gh diagnostics metric condition
ref_gh debug fence passed: ref_gh NewTimeStep
ref_gh debug fence passed: ref_gh diagnostics ADM reconstruction
ref_gh debug fence passed: ref_gh diagnostics constraints
ref_gh debug fence passed: ref_gh diagnostics metric condition
ref_gh debug fence passed: ref_gh history sums
ref_gh debug fence passed: ref_gh history source diagnostic max
ref_gh debug fence passed: ref_gh history source diagnostic max
ref_gh debug fence passed: ref_gh history source diagnostic max
ref_gh debug fence passed: ref_gh history source diagnostic max
ref_gh debug fence passed: ref_gh history source diagnostic max
ref_gh debug fence passed: ref_gh history source diagnostic max
ref_gh debug fence passed: ref_gh history source diagnostic max
ref_gh debug fence passed: ref_gh history source diagnostic max
ref_gh debug fence passed: ref_gh history source diagnostic max
ref_gh debug fence passed: ref_gh history alpha max
ref_gh debug fence passed: ref_gh history minus alpha min
ref_gh debug fence passed: ref_gh history regular max
ref_gh debug fence passed: ref_gh history geometry max

Setup complete, executing task list(s)...

elapsed=8.063962e+00 cycle=0 time=0.000000e+00 dt=5.118043e-03
ref_gh debug fence passed: ref_gh InitRecv
ref_gh debug fence passed: ref_gh CopyU
ref_gh debug fence passed: ref_gh CalcRHS zero
ref_gh debug fence passed: ref_gh CalcRHS psi
ref_gh debug fence passed: ref_gh CalcRHS source
ref_gh debug fence passed: ref_gh CalcRHS primary
ref_gh debug fence passed: ref_gh CalcRHS compatible_phi
ref_gh debug fence passed: ref_gh CalcRHS dissipation
ref_gh debug fence passed: ref_gh CalcRHS
ref_gh debug fence passed: ref_gh ExpRKUpdate
ref_gh debug fence passed: ref_gh RestrictU
ref_gh debug fence passed: ref_gh SendU
ref_gh debug fence passed: ref_gh RecvU
ref_gh debug fence passed: ref_gh Prolongate
ref_gh debug fence passed: ref_gh ApplyPhysicalBCs
ref_gh debug fence passed: ref_gh InitRecv
ref_gh debug fence passed: ref_gh CopyU
ref_gh debug fence passed: ref_gh CalcRHS zero
ref_gh debug fence passed: ref_gh CalcRHS psi
ref_gh debug fence passed: ref_gh CalcRHS source
ref_gh debug fence passed: ref_gh CalcRHS primary
ref_gh debug fence passed: ref_gh CalcRHS compatible_phi
ref_gh debug fence passed: ref_gh CalcRHS dissipation
ref_gh debug fence passed: ref_gh CalcRHS
ref_gh debug fence passed: ref_gh ExpRKUpdate
ref_gh debug fence passed: ref_gh RestrictU
ref_gh debug fence passed: ref_gh SendU
ref_gh debug fence passed: ref_gh RecvU
ref_gh debug fence passed: ref_gh Prolongate
ref_gh debug fence passed: ref_gh ApplyPhysicalBCs
ref_gh debug fence passed: ref_gh InitRecv
ref_gh debug fence passed: ref_gh CopyU
ref_gh debug fence passed: ref_gh CalcRHS zero
ref_gh debug fence passed: ref_gh CalcRHS psi
ref_gh debug fence passed: ref_gh CalcRHS source
ref_gh debug fence passed: ref_gh CalcRHS primary
ref_gh debug fence passed: ref_gh CalcRHS compatible_phi
ref_gh debug fence passed: ref_gh CalcRHS dissipation
ref_gh debug fence passed: ref_gh CalcRHS
ref_gh debug fence passed: ref_gh ExpRKUpdate
ref_gh debug fence passed: ref_gh RestrictU
ref_gh debug fence passed: ref_gh SendU
ref_gh debug fence passed: ref_gh RecvU
ref_gh debug fence passed: ref_gh Prolongate
ref_gh debug fence passed: ref_gh ApplyPhysicalBCs
ref_gh debug fence passed: ref_gh InitRecv
ref_gh debug fence passed: ref_gh CopyU
ref_gh debug fence passed: ref_gh CalcRHS zero
ref_gh debug fence passed: ref_gh CalcRHS psi
ref_gh debug fence passed: ref_gh CalcRHS source
ref_gh debug fence passed: ref_gh CalcRHS primary
ref_gh debug fence passed: ref_gh CalcRHS compatible_phi
ref_gh debug fence passed: ref_gh CalcRHS dissipation
ref_gh debug fence passed: ref_gh CalcRHS
ref_gh debug fence passed: ref_gh ExpRKUpdate
ref_gh debug fence passed: ref_gh RestrictU
ref_gh debug fence passed: ref_gh SendU
ref_gh debug fence passed: ref_gh RecvU
ref_gh debug fence passed: ref_gh Prolongate
ref_gh debug fence passed: ref_gh ApplyPhysicalBCs
ref_gh debug fence passed: ref_gh NewTimeStep
ref_gh debug fence passed: ref_gh diagnostics ADM reconstruction
ref_gh debug fence passed: ref_gh diagnostics constraints
ref_gh debug fence passed: ref_gh diagnostics metric condition
ref_gh debug fence passed: ref_gh history sums
ref_gh debug fence passed: ref_gh history source diagnostic max
ref_gh debug fence passed: ref_gh history source diagnostic max
ref_gh debug fence passed: ref_gh history source diagnostic max
ref_gh debug fence passed: ref_gh history source diagnostic max
ref_gh debug fence passed: ref_gh history source diagnostic max
ref_gh debug fence passed: ref_gh history source diagnostic max
ref_gh debug fence passed: ref_gh history source diagnostic max
ref_gh debug fence passed: ref_gh history source diagnostic max
ref_gh debug fence passed: ref_gh history source diagnostic max
ref_gh debug fence passed: ref_gh history alpha max
ref_gh debug fence passed: ref_gh history minus alpha min
ref_gh debug fence passed: ref_gh history regular max
ref_gh debug fence passed: ref_gh history geometry max
reference-GH stationary trumpet: field Linf=9.992007e-16, constraint Linf=2.461044e-14, RHS estimate=8.552412e-17

Terminating on cycle limit
time=5.118043e-03 cycle=1
tlim=1.000000e+00 nlim=1

MeshBlock-cycles = 1
cpu time used  = 1.251368e+01
zone-cycles/cpu_second = 2.094860e+04
particle-updates/cpu_second = 0.000000e+00
real 21.23
user 0.00
sys 0.00
