{
  "checkpoint_sha256": "db0cc85746d3a5182376b6e89f992f06c197801b42946e7236ecf7fe3072590f",
  "executable_sha256": "cffc7b1a29df74ae088aeea769281554c43268919b4f15f97739f3100f19f4ad",
  "results": [
    {
      "ratio": 1,
      "start": 0.004017652165832656,
      "end": 0.005617652165832656,
      "live_minus_frozen_max": 4.440892098500626e-16,
      "restart_max": 0.0,
      "intervals": 4
    },
    {
      "ratio": 2,
      "start": 0.004017652165832656,
      "end": 0.005617652165832656,
      "live_minus_frozen_max": 4.440892098500626e-16,
      "restart_max": 0.0,
      "intervals": 4
    }
  ]
}

