
Root grid = 1 x 1 x 1 MeshBlocks
Total number of MeshBlocks = 1
Number of logical  levels of refinement = 0 (1 levels total)
Number of physical levels of refinement = 0 (1 levels total)
Number of parallel ranks = 1
reference-GH production cache oracle conditioned scaled Linf = 0, time=0
reference-GH analytic theta time derivative oracle passed: scaled Linf=6.25281e-15, time=0

Setup complete, executing task list(s)...

elapsed=2.632027e+00 cycle=0 time=0.000000e+00 dt=1.250000e-02
reference-GH production cache oracle conditioned scaled Linf = 0.000000e+00, time=1.492180e-02
reference-GH analytic theta time derivative oracle passed: scaled Linf=1.145785e-15, time=1.492180e-02
reference-GH production cache oracle conditioned scaled Linf = 0.000000e+00, time=5.392517e-03
reference-GH analytic theta time derivative oracle passed: scaled Linf=4.935418e-14, time=5.392517e-03
reference-GH production cache oracle conditioned scaled Linf = 0.000000e+00, time=1.250000e-02
reference-GH analytic theta time derivative oracle passed: scaled Linf=1.191495e-14, time=1.250000e-02
reference-GH production cache oracle conditioned scaled Linf = 0.000000e+00, time=1.250000e-02
reference-GH analytic theta time derivative oracle passed: scaled Linf=1.191495e-14, time=1.250000e-02
reference-GH robust stability: growth=4.871112e+06, rate=1.231907e+03, Linf=1.969784e-03, reduction_growth=9.875703e-01
elapsed=1.298602e+01 cycle=1 time=1.250000e-02 dt=7.500000e-03

Terminating on cycle limit
time=1.250000e-02 cycle=1
tlim=2.000000e-02 nlim=1

MeshBlock-cycles = 1
cpu time used  = 1.035400e+01
zone-cycles/cpu_second = 4.944949e+01
particle-updates/cpu_second = 0.000000e+00
