
Root grid = 1 x 1 x 1 MeshBlocks
Total number of MeshBlocks = 1
Number of logical  levels of refinement = 0 (1 levels total)
Number of physical levels of refinement = 0 (1 levels total)
Number of parallel ranks = 1
reference-GH production cache oracle conditioned scaled Linf = 4.16334e-17, time=0
reference-GH analytic theta time derivative oracle passed: scaled Linf=1.9877e-15, time=0

Setup complete, executing task list(s)...

elapsed=3.563821e+00 cycle=0 time=0.000000e+00 dt=1.177856e-02
reference-GH production cache oracle conditioned scaled Linf = 2.775558e-17, time=1.406059e-02
reference-GH analytic theta time derivative oracle passed: scaled Linf=2.194425e-15, time=1.406059e-02
reference-GH production cache oracle conditioned scaled Linf = 1.387779e-17, time=5.081288e-03
reference-GH analytic theta time derivative oracle passed: scaled Linf=2.598616e-15, time=5.081288e-03
reference-GH production cache oracle conditioned scaled Linf = 1.387779e-17, time=1.177856e-02
reference-GH analytic theta time derivative oracle passed: scaled Linf=1.266637e-15, time=1.177856e-02
reference-GH production cache oracle conditioned scaled Linf = 1.387779e-17, time=1.177856e-02
reference-GH analytic theta time derivative oracle passed: scaled Linf=1.356987e-15, time=1.177856e-02
reference-GH Minkowski evolution passed: max error = 1.665335e-15
elapsed=1.759921e+01 cycle=1 time=1.177856e-02 dt=1.178830e-02

Terminating on cycle limit
time=1.177856e-02 cycle=1
tlim=2.000000e-01 nlim=1

MeshBlock-cycles = 1
cpu time used  = 1.403539e+01
zone-cycles/cpu_second = 3.647922e+01
particle-updates/cpu_second = 0.000000e+00
