
Root grid = 1 x 1 x 1 MeshBlocks
Total number of MeshBlocks = 1
Number of logical  levels of refinement = 0 (1 levels total)
Number of physical levels of refinement = 0 (1 levels total)
Number of parallel ranks = 1
reference-GH production cache oracle conditioned scaled Linf = 8.18723e-16, time=0
reference-GH analytic theta time derivative oracle passed: scaled Linf=1.76658e-17, time=0, stencil=forward

Setup complete, executing task list(s)...

elapsed=1.527642e+00 cycle=0 time=0.000000e+00 dt=9.310203e-03
reference-GH production cache oracle conditioned scaled Linf = 1.110223e-15, time=1.111400e-02
reference-GH analytic theta time derivative oracle passed: scaled Linf=1.192622e-17, time=1.111400e-02, stencil=centered
reference-GH production cache oracle conditioned scaled Linf = 1.203522e-15, time=4.016434e-03
reference-GH analytic theta time derivative oracle passed: scaled Linf=3.469447e-18, time=4.016434e-03, stencil=centered
reference-GH production cache oracle conditioned scaled Linf = 8.881784e-16, time=9.310203e-03
reference-GH analytic theta time derivative oracle passed: scaled Linf=1.132991e-17, time=9.310203e-03, stencil=centered
reference-GH production cache oracle conditioned scaled Linf = 8.881784e-16, time=9.310203e-03
reference-GH analytic theta time derivative oracle passed: scaled Linf=1.203464e-17, time=9.310203e-03, stencil=centered
reference-GH robust stability: growth=9.353698e+07, rate=1.971371e+03, Linf=5.433142e-02, reduction_growth=1.039418e+04
elapsed=7.271263e+00 cycle=1 time=9.310203e-03 dt=9.311347e-03

Terminating on cycle limit
time=9.310203e-03 cycle=1
tlim=2.000000e-02 nlim=1

MeshBlock-cycles = 1
cpu time used  = 5.743625e+00
zone-cycles/cpu_second = 3.760691e+01
particle-updates/cpu_second = 0.000000e+00
