
Root grid = 6 x 6 x 6 MeshBlocks
Total number of MeshBlocks = 216
Number of logical  levels of refinement = 3 (4 levels total)
Number of physical levels of refinement = 0 (1 levels total)
Number of parallel ranks = 12
  Rank = 0: 18 MeshBlocks, cost = 18
  Rank = 1: 18 MeshBlocks, cost = 18
  Rank = 2: 18 MeshBlocks, cost = 18
  Rank = 3: 18 MeshBlocks, cost = 18
  Rank = 4: 18 MeshBlocks, cost = 18
  Rank = 5: 18 MeshBlocks, cost = 18
  Rank = 6: 18 MeshBlocks, cost = 18
  Rank = 7: 18 MeshBlocks, cost = 18
  Rank = 8: 18 MeshBlocks, cost = 18
  Rank = 9: 18 MeshBlocks, cost = 18
  Rank = 10: 18 MeshBlocks, cost = 18
  Rank = 11: 18 MeshBlocks, cost = 18
Load Balancing:
  Maximum normalized cost = 1, Average = 1
ref_gh reference allocation backend=analytic_radial_q generic_bytes=0 analytic_static_components=12 analytic_stage_components=8 analytic_static_bytes=23887872 analytic_stage_bytes=15925248
reference-GH puncture minimum cell-center radius = 0.0360844
reference-GH initial RHS sector decomposition passed: conditioned error=0, production rerun=0, file=refgh_relative_damped_stationary_t20.ref_gh_rhs_sectors.tsv
reference-GH stationary initial RHS Linf = 3.1002e-13, component=10, radius=0.170528, coordinate reference Ricci Linf=1.37611e-08, frame reference Ricci Linf=2.77556e-16

Setup complete, executing task list(s)...

elapsed=1.978850e+01 cycle=0 time=0.000000e+00 dt=3.404497e-03
elapsed=2.114765e+01 cycle=10 time=3.404497e-02 dt=3.404497e-03
elapsed=2.275284e+01 cycle=20 time=6.808994e-02 dt=3.404497e-03
elapsed=2.435791e+01 cycle=30 time=1.021349e-01 dt=3.404497e-03
elapsed=2.571737e+01 cycle=40 time=1.361799e-01 dt=3.404497e-03
elapsed=2.732270e+01 cycle=50 time=1.702249e-01 dt=3.404497e-03
elapsed=2.895102e+01 cycle=60 time=2.042698e-01 dt=3.404497e-03
elapsed=3.030798e+01 cycle=70 time=2.383148e-01 dt=3.404497e-03
elapsed=3.191326e+01 cycle=80 time=2.723598e-01 dt=3.404497e-03
elapsed=3.353851e+01 cycle=90 time=3.064048e-01 dt=3.404497e-03
elapsed=3.489633e+01 cycle=100 time=3.404497e-01 dt=3.404497e-03
elapsed=3.649993e+01 cycle=110 time=3.744947e-01 dt=3.404497e-03
elapsed=3.812197e+01 cycle=120 time=4.085397e-01 dt=3.404497e-03
elapsed=3.948026e+01 cycle=130 time=4.425846e-01 dt=3.404497e-03
elapsed=4.108660e+01 cycle=140 time=4.766296e-01 dt=3.404497e-03
elapsed=4.270991e+01 cycle=150 time=5.106746e-01 dt=3.404497e-03
elapsed=4.406570e+01 cycle=160 time=5.447196e-01 dt=3.404497e-03
elapsed=4.567277e+01 cycle=170 time=5.787645e-01 dt=3.404497e-03
elapsed=4.729762e+01 cycle=180 time=6.128095e-01 dt=3.404497e-03
elapsed=4.865683e+01 cycle=190 time=6.468545e-01 dt=3.404497e-03
elapsed=5.026291e+01 cycle=200 time=6.808994e-01 dt=3.404497e-03
elapsed=5.188869e+01 cycle=210 time=7.149444e-01 dt=3.404497e-03
elapsed=5.324588e+01 cycle=220 time=7.489894e-01 dt=3.404497e-03
elapsed=5.485450e+01 cycle=230 time=7.830344e-01 dt=3.404497e-03
elapsed=5.650847e+01 cycle=240 time=8.170793e-01 dt=3.404497e-03
elapsed=5.817284e+01 cycle=250 time=8.511243e-01 dt=3.404497e-03
elapsed=5.953231e+01 cycle=260 time=8.851693e-01 dt=3.404497e-03
elapsed=6.132907e+01 cycle=270 time=9.192143e-01 dt=3.404497e-03
elapsed=6.304419e+01 cycle=280 time=9.532592e-01 dt=3.404497e-03
elapsed=6.440400e+01 cycle=290 time=9.873042e-01 dt=3.404497e-03
elapsed=6.632079e+01 cycle=300 time=1.021349e+00 dt=3.404497e-03
elapsed=7.070337e+01 cycle=310 time=1.055394e+00 dt=3.404497e-03
elapsed=7.206229e+01 cycle=320 time=1.089439e+00 dt=3.404497e-03
elapsed=7.534994e+01 cycle=330 time=1.123484e+00 dt=3.404497e-03
elapsed=7.699946e+01 cycle=340 time=1.157529e+00 dt=3.404497e-03
elapsed=7.835806e+01 cycle=350 time=1.191574e+00 dt=3.404497e-03
elapsed=8.095417e+01 cycle=360 time=1.225619e+00 dt=3.404497e-03
elapsed=8.295837e+01 cycle=370 time=1.259664e+00 dt=3.404497e-03
elapsed=8.431643e+01 cycle=380 time=1.293709e+00 dt=3.404497e-03
elapsed=8.618817e+01 cycle=390 time=1.327754e+00 dt=3.404497e-03
elapsed=8.795584e+01 cycle=400 time=1.361799e+00 dt=3.404497e-03
elapsed=8.931320e+01 cycle=410 time=1.395844e+00 dt=3.404497e-03
elapsed=9.108373e+01 cycle=420 time=1.429889e+00 dt=3.404497e-03
elapsed=9.273692e+01 cycle=430 time=1.463934e+00 dt=3.404497e-03
elapsed=9.409514e+01 cycle=440 time=1.497979e+00 dt=3.404497e-03
elapsed=9.579456e+01 cycle=450 time=1.532024e+00 dt=3.404497e-03
elapsed=9.747810e+01 cycle=460 time=1.566069e+00 dt=3.404497e-03
elapsed=9.920670e+01 cycle=470 time=1.600114e+00 dt=3.404497e-03
elapsed=1.005664e+02 cycle=480 time=1.634159e+00 dt=3.404497e-03
elapsed=1.022926e+02 cycle=490 time=1.668204e+00 dt=3.404497e-03
elapsed=1.041548e+02 cycle=500 time=1.702249e+00 dt=3.404497e-03
elapsed=1.055129e+02 cycle=510 time=1.736294e+00 dt=3.404497e-03
elapsed=1.072251e+02 cycle=520 time=1.770339e+00 dt=3.404497e-03
elapsed=1.090859e+02 cycle=530 time=1.804384e+00 dt=3.404497e-03
elapsed=1.104429e+02 cycle=540 time=1.838429e+00 dt=3.404497e-03
elapsed=1.120500e+02 cycle=550 time=1.872473e+00 dt=3.404497e-03
elapsed=1.137153e+02 cycle=560 time=1.906518e+00 dt=3.404497e-03
elapsed=1.150732e+02 cycle=570 time=1.940563e+00 dt=3.404497e-03
elapsed=1.166830e+02 cycle=580 time=1.974608e+00 dt=3.404497e-03
elapsed=1.185310e+02 cycle=590 time=2.008653e+00 dt=3.404497e-03
elapsed=1.198883e+02 cycle=600 time=2.042698e+00 dt=3.404497e-03
elapsed=1.215415e+02 cycle=610 time=2.076743e+00 dt=3.404497e-03
elapsed=1.232006e+02 cycle=620 time=2.110788e+00 dt=3.404497e-03
elapsed=1.245602e+02 cycle=630 time=2.144833e+00 dt=3.404497e-03
elapsed=1.262051e+02 cycle=640 time=2.178878e+00 dt=3.404497e-03
elapsed=1.278695e+02 cycle=650 time=2.212923e+00 dt=3.404497e-03
elapsed=1.292285e+02 cycle=660 time=2.246968e+00 dt=3.404497e-03
elapsed=1.308601e+02 cycle=670 time=2.281013e+00 dt=3.404497e-03
elapsed=1.325100e+02 cycle=680 time=2.315058e+00 dt=3.404497e-03
elapsed=1.338680e+02 cycle=690 time=2.349103e+00 dt=3.404497e-03
elapsed=1.355738e+02 cycle=700 time=2.383148e+00 dt=3.404497e-03
elapsed=1.372093e+02 cycle=710 time=2.417193e+00 dt=3.404497e-03
elapsed=1.389721e+02 cycle=720 time=2.451238e+00 dt=3.404497e-03
elapsed=1.403313e+02 cycle=730 time=2.485283e+00 dt=3.404497e-03
elapsed=1.419576e+02 cycle=740 time=2.519328e+00 dt=3.404497e-03
elapsed=1.435746e+02 cycle=750 time=2.553373e+00 dt=3.404497e-03
elapsed=1.449321e+02 cycle=760 time=2.587418e+00 dt=3.404497e-03
elapsed=1.466045e+02 cycle=770 time=2.621463e+00 dt=3.404497e-03
elapsed=1.482332e+02 cycle=780 time=2.655508e+00 dt=3.404497e-03
elapsed=1.495904e+02 cycle=790 time=2.689553e+00 dt=3.404497e-03
elapsed=1.514165e+02 cycle=800 time=2.723598e+00 dt=3.404497e-03
elapsed=1.531061e+02 cycle=810 time=2.757643e+00 dt=3.404497e-03
elapsed=1.544637e+02 cycle=820 time=2.791688e+00 dt=3.404497e-03
elapsed=1.563444e+02 cycle=830 time=2.825733e+00 dt=3.404497e-03
elapsed=1.579971e+02 cycle=840 time=2.859778e+00 dt=3.404497e-03
elapsed=1.593547e+02 cycle=850 time=2.893823e+00 dt=3.404497e-03
elapsed=1.610272e+02 cycle=860 time=2.927868e+00 dt=3.404497e-03
elapsed=1.626322e+02 cycle=870 time=2.961913e+00 dt=3.404497e-03
elapsed=1.639887e+02 cycle=880 time=2.995958e+00 dt=3.404497e-03
elapsed=1.656761e+02 cycle=890 time=3.030003e+00 dt=3.404497e-03
elapsed=1.672899e+02 cycle=900 time=3.064048e+00 dt=3.404497e-03
elapsed=1.686485e+02 cycle=910 time=3.098092e+00 dt=3.404497e-03
elapsed=1.702725e+02 cycle=920 time=3.132137e+00 dt=3.404497e-03
elapsed=1.726068e+02 cycle=930 time=3.166182e+00 dt=3.404497e-03
elapsed=1.782522e+02 cycle=940 time=3.200227e+00 dt=3.404497e-03
elapsed=1.796130e+02 cycle=950 time=3.234272e+00 dt=3.404497e-03
elapsed=1.821089e+02 cycle=960 time=3.268317e+00 dt=3.404497e-03
elapsed=1.839551e+02 cycle=970 time=3.302362e+00 dt=3.404497e-03
elapsed=1.853137e+02 cycle=980 time=3.336407e+00 dt=3.404497e-03
elapsed=1.870756e+02 cycle=990 time=3.370452e+00 dt=3.404497e-03
elapsed=1.888697e+02 cycle=1000 time=3.404497e+00 dt=3.404497e-03
elapsed=1.902281e+02 cycle=1010 time=3.438542e+00 dt=3.404497e-03
elapsed=1.919434e+02 cycle=1020 time=3.472587e+00 dt=3.404497e-03
elapsed=1.941815e+02 cycle=1030 time=3.506632e+00 dt=3.404497e-03
elapsed=1.955388e+02 cycle=1040 time=3.540677e+00 dt=3.404497e-03
elapsed=1.971964e+02 cycle=1050 time=3.574722e+00 dt=3.404497e-03
elapsed=1.991051e+02 cycle=1060 time=3.608767e+00 dt=3.404497e-03
elapsed=2.004631e+02 cycle=1070 time=3.642812e+00 dt=3.404497e-03
elapsed=2.021520e+02 cycle=1080 time=3.676857e+00 dt=3.404497e-03
elapsed=2.040169e+02 cycle=1090 time=3.710902e+00 dt=3.404497e-03
elapsed=2.053732e+02 cycle=1100 time=3.744947e+00 dt=3.404497e-03
elapsed=2.071020e+02 cycle=1110 time=3.778992e+00 dt=3.404497e-03
elapsed=2.090305e+02 cycle=1120 time=3.813037e+00 dt=3.404497e-03
elapsed=2.103891e+02 cycle=1130 time=3.847082e+00 dt=3.404497e-03
elapsed=2.120119e+02 cycle=1140 time=3.881127e+00 dt=3.404497e-03
elapsed=2.138574e+02 cycle=1150 time=3.915172e+00 dt=3.404497e-03
elapsed=2.152150e+02 cycle=1160 time=3.949217e+00 dt=3.404497e-03
elapsed=2.168192e+02 cycle=1170 time=3.983262e+00 dt=3.404497e-03
elapsed=2.186745e+02 cycle=1180 time=4.017307e+00 dt=3.404497e-03
elapsed=2.203586e+02 cycle=1190 time=4.051352e+00 dt=3.404497e-03
elapsed=2.217160e+02 cycle=1200 time=4.085397e+00 dt=3.404497e-03
elapsed=2.234608e+02 cycle=1210 time=4.119442e+00 dt=3.404497e-03
elapsed=2.251886e+02 cycle=1220 time=4.153487e+00 dt=3.404497e-03
elapsed=2.265463e+02 cycle=1230 time=4.187532e+00 dt=3.404497e-03
elapsed=2.284678e+02 cycle=1240 time=4.221577e+00 dt=3.404497e-03
elapsed=2.301630e+02 cycle=1250 time=4.255622e+00 dt=3.404497e-03
elapsed=2.315218e+02 cycle=1260 time=4.289667e+00 dt=3.404497e-03
elapsed=2.333850e+02 cycle=1270 time=4.323711e+00 dt=3.404497e-03
elapsed=2.349890e+02 cycle=1280 time=4.357756e+00 dt=3.404497e-03
elapsed=2.363453e+02 cycle=1290 time=4.391801e+00 dt=3.404497e-03
elapsed=2.379691e+02 cycle=1300 time=4.425846e+00 dt=3.404497e-03
elapsed=2.396128e+02 cycle=1310 time=4.459891e+00 dt=3.404497e-03
elapsed=2.409703e+02 cycle=1320 time=4.493936e+00 dt=3.404497e-03
elapsed=2.425936e+02 cycle=1330 time=4.527981e+00 dt=3.404497e-03
elapsed=2.441992e+02 cycle=1340 time=4.562026e+00 dt=3.404497e-03
elapsed=2.455584e+02 cycle=1350 time=4.596071e+00 dt=3.404497e-03
elapsed=2.472649e+02 cycle=1360 time=4.630116e+00 dt=3.404497e-03
elapsed=2.489665e+02 cycle=1370 time=4.664161e+00 dt=3.404497e-03
elapsed=2.503252e+02 cycle=1380 time=4.698206e+00 dt=3.404497e-03
elapsed=2.519530e+02 cycle=1390 time=4.732251e+00 dt=3.404497e-03
elapsed=2.536433e+02 cycle=1400 time=4.766296e+00 dt=3.404497e-03
elapsed=2.552769e+02 cycle=1410 time=4.800341e+00 dt=3.404497e-03
elapsed=2.566338e+02 cycle=1420 time=4.834386e+00 dt=3.404497e-03
elapsed=2.582403e+02 cycle=1430 time=4.868431e+00 dt=3.404497e-03
elapsed=2.598653e+02 cycle=1440 time=4.902476e+00 dt=3.404497e-03
elapsed=2.612238e+02 cycle=1450 time=4.936521e+00 dt=3.404497e-03
elapsed=2.629537e+02 cycle=1460 time=4.970566e+00 dt=3.404497e-03
elapsed=2.802788e+02 cycle=1470 time=5.004611e+00 dt=3.404497e-03
elapsed=2.816405e+02 cycle=1480 time=5.038656e+00 dt=3.404497e-03
elapsed=2.833760e+02 cycle=1490 time=5.072701e+00 dt=3.404497e-03
elapsed=2.853165e+02 cycle=1500 time=5.106746e+00 dt=3.404497e-03
elapsed=2.866751e+02 cycle=1510 time=5.140791e+00 dt=3.404497e-03
elapsed=2.883537e+02 cycle=1520 time=5.174836e+00 dt=3.404497e-03
elapsed=2.902590e+02 cycle=1530 time=5.208881e+00 dt=3.404497e-03
elapsed=2.916168e+02 cycle=1540 time=5.242926e+00 dt=3.404497e-03
elapsed=2.933088e+02 cycle=1550 time=5.276971e+00 dt=3.404497e-03
elapsed=2.951531e+02 cycle=1560 time=5.311016e+00 dt=3.404497e-03
elapsed=2.965106e+02 cycle=1570 time=5.345061e+00 dt=3.404497e-03
elapsed=2.982213e+02 cycle=1580 time=5.379106e+00 dt=3.404497e-03
elapsed=3.000708e+02 cycle=1590 time=5.413151e+00 dt=3.404497e-03
elapsed=3.014285e+02 cycle=1600 time=5.447196e+00 dt=3.404497e-03
elapsed=3.031441e+02 cycle=1610 time=5.481241e+00 dt=3.404497e-03
elapsed=3.049447e+02 cycle=1620 time=5.515286e+00 dt=3.404497e-03
elapsed=3.063010e+02 cycle=1630 time=5.549330e+00 dt=3.404497e-03
elapsed=3.079086e+02 cycle=1640 time=5.583375e+00 dt=3.404497e-03
elapsed=3.095337e+02 cycle=1650 time=5.617420e+00 dt=3.404497e-03
elapsed=3.111398e+02 cycle=1660 time=5.651465e+00 dt=3.404497e-03
elapsed=3.124969e+02 cycle=1670 time=5.685510e+00 dt=3.404497e-03
elapsed=3.141199e+02 cycle=1680 time=5.719555e+00 dt=3.404497e-03
elapsed=3.157610e+02 cycle=1690 time=5.753600e+00 dt=3.404497e-03
elapsed=3.171174e+02 cycle=1700 time=5.787645e+00 dt=3.404497e-03
elapsed=3.187431e+02 cycle=1710 time=5.821690e+00 dt=3.404497e-03
elapsed=3.203497e+02 cycle=1720 time=5.855735e+00 dt=3.404497e-03
elapsed=3.217069e+02 cycle=1730 time=5.889780e+00 dt=3.404497e-03
elapsed=3.233332e+02 cycle=1740 time=5.923825e+00 dt=3.404497e-03
elapsed=3.249406e+02 cycle=1750 time=5.957870e+00 dt=3.404497e-03
elapsed=3.262987e+02 cycle=1760 time=5.991915e+00 dt=3.404497e-03
elapsed=3.279264e+02 cycle=1770 time=6.025960e+00 dt=3.404497e-03
elapsed=3.295318e+02 cycle=1780 time=6.060005e+00 dt=3.404497e-03
elapsed=3.308904e+02 cycle=1790 time=6.094050e+00 dt=3.404497e-03
elapsed=3.325974e+02 cycle=1800 time=6.128095e+00 dt=3.404497e-03
elapsed=3.342056e+02 cycle=1810 time=6.162140e+00 dt=3.404497e-03
elapsed=3.355638e+02 cycle=1820 time=6.196185e+00 dt=3.404497e-03
elapsed=3.372290e+02 cycle=1830 time=6.230230e+00 dt=3.404497e-03
elapsed=3.388819e+02 cycle=1840 time=6.264275e+00 dt=3.404497e-03
elapsed=3.402393e+02 cycle=1850 time=6.298320e+00 dt=3.404497e-03
elapsed=3.418968e+02 cycle=1860 time=6.332365e+00 dt=3.404497e-03
elapsed=3.435175e+02 cycle=1870 time=6.366410e+00 dt=3.404497e-03
elapsed=3.451744e+02 cycle=1880 time=6.400455e+00 dt=3.404497e-03
elapsed=3.465337e+02 cycle=1890 time=6.434500e+00 dt=3.404497e-03
elapsed=3.482464e+02 cycle=1900 time=6.468545e+00 dt=3.404497e-03
elapsed=3.498689e+02 cycle=1910 time=6.502590e+00 dt=3.404497e-03
elapsed=3.512282e+02 cycle=1920 time=6.536635e+00 dt=3.404497e-03
elapsed=3.529050e+02 cycle=1930 time=6.570680e+00 dt=3.404497e-03
elapsed=3.547903e+02 cycle=1940 time=6.604725e+00 dt=3.404497e-03
elapsed=3.561477e+02 cycle=1950 time=6.638770e+00 dt=3.404497e-03
elapsed=3.578725e+02 cycle=1960 time=6.672815e+00 dt=3.404497e-03
elapsed=3.597668e+02 cycle=1970 time=6.706860e+00 dt=3.404497e-03
elapsed=3.611247e+02 cycle=1980 time=6.740905e+00 dt=3.404497e-03
elapsed=3.628402e+02 cycle=1990 time=6.774949e+00 dt=3.404497e-03
elapsed=3.648114e+02 cycle=2000 time=6.808994e+00 dt=3.404497e-03
elapsed=3.661689e+02 cycle=2010 time=6.843039e+00 dt=3.404497e-03
elapsed=3.677914e+02 cycle=2020 time=6.877084e+00 dt=3.404497e-03
elapsed=3.696749e+02 cycle=2030 time=6.911129e+00 dt=3.404497e-03
elapsed=3.710338e+02 cycle=2040 time=6.945174e+00 dt=3.404497e-03
elapsed=3.728042e+02 cycle=2050 time=6.979219e+00 dt=3.404497e-03
elapsed=3.747308e+02 cycle=2060 time=7.013264e+00 dt=3.404497e-03
elapsed=3.760876e+02 cycle=2070 time=7.047309e+00 dt=3.404497e-03
elapsed=3.777791e+02 cycle=2080 time=7.081354e+00 dt=3.404497e-03
elapsed=3.796930e+02 cycle=2090 time=7.115399e+00 dt=3.404497e-03
elapsed=3.810512e+02 cycle=2100 time=7.149444e+00 dt=3.404497e-03
elapsed=3.827672e+02 cycle=2110 time=7.183489e+00 dt=3.404497e-03
elapsed=3.861089e+02 cycle=2120 time=7.217534e+00 dt=3.404497e-03
elapsed=3.881160e+02 cycle=2130 time=7.251579e+00 dt=3.404497e-03
elapsed=3.894740e+02 cycle=2140 time=7.285624e+00 dt=3.404497e-03
elapsed=3.930098e+02 cycle=2150 time=7.319669e+00 dt=3.404497e-03
elapsed=3.952572e+02 cycle=2160 time=7.353714e+00 dt=3.404497e-03
elapsed=3.966157e+02 cycle=2170 time=7.387759e+00 dt=3.404497e-03
elapsed=3.982694e+02 cycle=2180 time=7.421804e+00 dt=3.404497e-03
elapsed=4.008261e+02 cycle=2190 time=7.455849e+00 dt=3.404497e-03
elapsed=4.021833e+02 cycle=2200 time=7.489894e+00 dt=3.404497e-03
elapsed=4.050487e+02 cycle=2210 time=7.523939e+00 dt=3.404497e-03
elapsed=4.069443e+02 cycle=2220 time=7.557984e+00 dt=3.404497e-03
elapsed=4.083015e+02 cycle=2230 time=7.592029e+00 dt=3.404497e-03
elapsed=4.105698e+02 cycle=2240 time=7.626074e+00 dt=3.404497e-03
elapsed=4.123124e+02 cycle=2250 time=7.660119e+00 dt=3.404497e-03
elapsed=4.136711e+02 cycle=2260 time=7.694164e+00 dt=3.404497e-03
elapsed=4.163302e+02 cycle=2270 time=7.728209e+00 dt=3.404497e-03
elapsed=4.180300e+02 cycle=2280 time=7.762254e+00 dt=3.404497e-03
elapsed=4.193898e+02 cycle=2290 time=7.796299e+00 dt=3.404497e-03
elapsed=4.211697e+02 cycle=2300 time=7.830344e+00 dt=3.404497e-03
elapsed=4.228698e+02 cycle=2310 time=7.864389e+00 dt=3.404497e-03
elapsed=4.242287e+02 cycle=2320 time=7.898434e+00 dt=3.404497e-03
elapsed=4.258532e+02 cycle=2330 time=7.932479e+00 dt=3.404497e-03
elapsed=4.274619e+02 cycle=2340 time=7.966524e+00 dt=3.404497e-03
elapsed=4.290844e+02 cycle=2350 time=8.000568e+00 dt=3.404497e-03
elapsed=4.304442e+02 cycle=2360 time=8.034613e+00 dt=3.404497e-03
elapsed=4.321247e+02 cycle=2370 time=8.068658e+00 dt=3.404497e-03
elapsed=4.339390e+02 cycle=2380 time=8.102703e+00 dt=3.404497e-03
elapsed=4.352969e+02 cycle=2390 time=8.136748e+00 dt=3.404497e-03
elapsed=4.369023e+02 cycle=2400 time=8.170793e+00 dt=3.404497e-03
elapsed=4.385258e+02 cycle=2410 time=8.204838e+00 dt=3.404497e-03
elapsed=4.398826e+02 cycle=2420 time=8.238883e+00 dt=3.404497e-03
elapsed=4.414890e+02 cycle=2430 time=8.272928e+00 dt=3.404497e-03
elapsed=4.431223e+02 cycle=2440 time=8.306973e+00 dt=3.404497e-03
elapsed=4.444804e+02 cycle=2450 time=8.341018e+00 dt=3.404497e-03
elapsed=4.460861e+02 cycle=2460 time=8.375063e+00 dt=3.404497e-03
elapsed=4.477098e+02 cycle=2470 time=8.409108e+00 dt=3.404497e-03
elapsed=4.490685e+02 cycle=2480 time=8.443153e+00 dt=3.404497e-03
elapsed=4.506773e+02 cycle=2490 time=8.477198e+00 dt=3.404497e-03
elapsed=4.524720e+02 cycle=2500 time=8.511243e+00 dt=3.404497e-03
elapsed=4.538313e+02 cycle=2510 time=8.545288e+00 dt=3.404497e-03
elapsed=4.555078e+02 cycle=2520 time=8.579333e+00 dt=3.404497e-03
elapsed=4.573019e+02 cycle=2530 time=8.613378e+00 dt=3.404497e-03
elapsed=4.586608e+02 cycle=2540 time=8.647423e+00 dt=3.404497e-03
elapsed=4.603814e+02 cycle=2550 time=8.681468e+00 dt=3.404497e-03
elapsed=4.622875e+02 cycle=2560 time=8.715513e+00 dt=3.404497e-03
elapsed=4.636444e+02 cycle=2570 time=8.749558e+00 dt=3.404497e-03
elapsed=4.652778e+02 cycle=2580 time=8.783603e+00 dt=3.404497e-03
elapsed=4.670567e+02 cycle=2590 time=8.817648e+00 dt=3.404497e-03
elapsed=4.687204e+02 cycle=2600 time=8.851693e+00 dt=3.404497e-03
elapsed=4.700804e+02 cycle=2610 time=8.885738e+00 dt=3.404497e-03
elapsed=4.719066e+02 cycle=2620 time=8.919783e+00 dt=3.404497e-03
elapsed=4.736229e+02 cycle=2630 time=8.953828e+00 dt=3.404497e-03
elapsed=4.749814e+02 cycle=2640 time=8.987873e+00 dt=3.404497e-03
elapsed=4.768536e+02 cycle=2650 time=9.021918e+00 dt=3.404497e-03
elapsed=4.785787e+02 cycle=2660 time=9.055963e+00 dt=3.404497e-03
elapsed=4.799375e+02 cycle=2670 time=9.090008e+00 dt=3.404497e-03
elapsed=4.817642e+02 cycle=2680 time=9.124053e+00 dt=3.404497e-03
elapsed=4.834543e+02 cycle=2690 time=9.158098e+00 dt=3.404497e-03
elapsed=4.848129e+02 cycle=2700 time=9.192143e+00 dt=3.404497e-03
elapsed=4.866196e+02 cycle=2710 time=9.226188e+00 dt=3.404497e-03
elapsed=4.882279e+02 cycle=2720 time=9.260232e+00 dt=3.404497e-03
elapsed=4.895859e+02 cycle=2730 time=9.294277e+00 dt=3.404497e-03
elapsed=4.912848e+02 cycle=2740 time=9.328322e+00 dt=3.404497e-03
elapsed=4.929219e+02 cycle=2750 time=9.362367e+00 dt=3.404497e-03
elapsed=4.942805e+02 cycle=2760 time=9.396412e+00 dt=3.404497e-03
elapsed=4.959038e+02 cycle=2770 time=9.430457e+00 dt=3.404497e-03
elapsed=4.975192e+02 cycle=2780 time=9.464502e+00 dt=3.404497e-03
elapsed=4.988768e+02 cycle=2790 time=9.498547e+00 dt=3.404497e-03
elapsed=5.005382e+02 cycle=2800 time=9.532592e+00 dt=3.404497e-03
elapsed=5.021457e+02 cycle=2810 time=9.566637e+00 dt=3.404497e-03
elapsed=5.039297e+02 cycle=2820 time=9.600682e+00 dt=3.404497e-03
elapsed=5.052888e+02 cycle=2830 time=9.634727e+00 dt=3.404497e-03
elapsed=5.069985e+02 cycle=2840 time=9.668772e+00 dt=3.404497e-03
elapsed=5.087109e+02 cycle=2850 time=9.702817e+00 dt=3.404497e-03
elapsed=5.100709e+02 cycle=2860 time=9.736862e+00 dt=3.404497e-03
elapsed=5.117618e+02 cycle=2870 time=9.770907e+00 dt=3.404497e-03
elapsed=5.134957e+02 cycle=2880 time=9.804952e+00 dt=3.404497e-03
elapsed=5.148530e+02 cycle=2890 time=9.838997e+00 dt=3.404497e-03
elapsed=5.164590e+02 cycle=2900 time=9.873042e+00 dt=3.404497e-03
elapsed=5.180831e+02 cycle=2910 time=9.907087e+00 dt=3.404497e-03
elapsed=5.194424e+02 cycle=2920 time=9.941132e+00 dt=3.404497e-03
elapsed=5.211089e+02 cycle=2930 time=9.975177e+00 dt=3.404497e-03
elapsed=5.385676e+02 cycle=2940 time=1.000922e+01 dt=3.404497e-03
elapsed=5.399275e+02 cycle=2950 time=1.004327e+01 dt=3.404497e-03
elapsed=5.416882e+02 cycle=2960 time=1.007731e+01 dt=3.404497e-03
elapsed=5.435821e+02 cycle=2970 time=1.011136e+01 dt=3.404497e-03
elapsed=5.449406e+02 cycle=2980 time=1.014540e+01 dt=3.404497e-03
elapsed=5.466646e+02 cycle=2990 time=1.017945e+01 dt=3.404497e-03
elapsed=5.486368e+02 cycle=3000 time=1.021349e+01 dt=3.404497e-03
elapsed=5.499949e+02 cycle=3010 time=1.024754e+01 dt=3.404497e-03
elapsed=5.516922e+02 cycle=3020 time=1.028158e+01 dt=3.404497e-03
elapsed=5.534027e+02 cycle=3030 time=1.031563e+01 dt=3.404497e-03
elapsed=5.547627e+02 cycle=3040 time=1.034967e+01 dt=3.404497e-03
elapsed=5.563700e+02 cycle=3050 time=1.038372e+01 dt=3.404497e-03
elapsed=5.582620e+02 cycle=3060 time=1.041776e+01 dt=3.404497e-03
elapsed=5.598681e+02 cycle=3070 time=1.045181e+01 dt=3.404497e-03
elapsed=5.612260e+02 cycle=3080 time=1.048585e+01 dt=3.404497e-03
elapsed=5.631187e+02 cycle=3090 time=1.051990e+01 dt=3.404497e-03
elapsed=5.647244e+02 cycle=3100 time=1.055394e+01 dt=3.404497e-03
elapsed=5.660815e+02 cycle=3110 time=1.058799e+01 dt=3.404497e-03
elapsed=5.679732e+02 cycle=3120 time=1.062203e+01 dt=3.404497e-03
elapsed=5.696616e+02 cycle=3130 time=1.065608e+01 dt=3.404497e-03
elapsed=5.710194e+02 cycle=3140 time=1.069012e+01 dt=3.404497e-03
elapsed=5.727656e+02 cycle=3150 time=1.072417e+01 dt=3.404497e-03
elapsed=5.744437e+02 cycle=3160 time=1.075821e+01 dt=3.404497e-03
elapsed=5.758015e+02 cycle=3170 time=1.079226e+01 dt=3.404497e-03
elapsed=5.776604e+02 cycle=3180 time=1.082630e+01 dt=3.404497e-03
elapsed=5.792686e+02 cycle=3190 time=1.086035e+01 dt=3.404497e-03
elapsed=5.806265e+02 cycle=3200 time=1.089439e+01 dt=3.404497e-03
elapsed=5.822528e+02 cycle=3210 time=1.092844e+01 dt=3.404497e-03
elapsed=5.838600e+02 cycle=3220 time=1.096248e+01 dt=3.404497e-03
elapsed=5.852200e+02 cycle=3230 time=1.099653e+01 dt=3.404497e-03
elapsed=5.868770e+02 cycle=3240 time=1.103057e+01 dt=3.404497e-03
elapsed=5.885099e+02 cycle=3250 time=1.106462e+01 dt=3.404497e-03
elapsed=5.898694e+02 cycle=3260 time=1.109866e+01 dt=3.404497e-03
elapsed=5.916241e+02 cycle=3270 time=1.113271e+01 dt=3.404497e-03
elapsed=5.932321e+02 cycle=3280 time=1.116675e+01 dt=3.404497e-03
elapsed=5.950263e+02 cycle=3290 time=1.120080e+01 dt=3.404497e-03
elapsed=5.963855e+02 cycle=3300 time=1.123484e+01 dt=3.404497e-03
elapsed=5.981054e+02 cycle=3310 time=1.126889e+01 dt=3.404497e-03
elapsed=5.997306e+02 cycle=3320 time=1.130293e+01 dt=3.404497e-03
elapsed=6.010886e+02 cycle=3330 time=1.133698e+01 dt=3.404497e-03
elapsed=6.027709e+02 cycle=3340 time=1.137102e+01 dt=3.404497e-03
elapsed=6.044205e+02 cycle=3350 time=1.140507e+01 dt=3.404497e-03
elapsed=6.057791e+02 cycle=3360 time=1.143911e+01 dt=3.404497e-03
elapsed=6.073868e+02 cycle=3370 time=1.147316e+01 dt=3.404497e-03
elapsed=6.090123e+02 cycle=3380 time=1.150720e+01 dt=3.404497e-03
elapsed=6.103723e+02 cycle=3390 time=1.154125e+01 dt=3.404497e-03
elapsed=6.119797e+02 cycle=3400 time=1.157529e+01 dt=3.404497e-03
elapsed=6.136036e+02 cycle=3410 time=1.160934e+01 dt=3.404497e-03
elapsed=6.149624e+02 cycle=3420 time=1.164338e+01 dt=3.404497e-03
elapsed=6.165699e+02 cycle=3430 time=1.167743e+01 dt=3.404497e-03
elapsed=6.181946e+02 cycle=3440 time=1.171147e+01 dt=3.404497e-03
elapsed=6.195536e+02 cycle=3450 time=1.174552e+01 dt=3.404497e-03
elapsed=6.211598e+02 cycle=3460 time=1.177956e+01 dt=3.404497e-03
elapsed=6.227843e+02 cycle=3470 time=1.181361e+01 dt=3.404497e-03
elapsed=6.241421e+02 cycle=3480 time=1.184765e+01 dt=3.404497e-03
elapsed=6.259220e+02 cycle=3490 time=1.188170e+01 dt=3.404497e-03
elapsed=6.278830e+02 cycle=3500 time=1.191574e+01 dt=3.404497e-03
elapsed=6.292404e+02 cycle=3510 time=1.194979e+01 dt=3.404497e-03
elapsed=6.310070e+02 cycle=3520 time=1.198383e+01 dt=3.404497e-03
elapsed=6.326344e+02 cycle=3530 time=1.201788e+01 dt=3.404497e-03
elapsed=6.343588e+02 cycle=3540 time=1.205192e+01 dt=3.404497e-03
elapsed=6.357175e+02 cycle=3550 time=1.208597e+01 dt=3.404497e-03
elapsed=6.373666e+02 cycle=3560 time=1.212001e+01 dt=3.404497e-03
elapsed=6.389736e+02 cycle=3570 time=1.215406e+01 dt=3.404497e-03
elapsed=6.403320e+02 cycle=3580 time=1.218810e+01 dt=3.404497e-03
elapsed=6.421464e+02 cycle=3590 time=1.222215e+01 dt=3.404497e-03
elapsed=6.438329e+02 cycle=3600 time=1.225619e+01 dt=3.404497e-03
elapsed=6.451909e+02 cycle=3610 time=1.229024e+01 dt=3.404497e-03
elapsed=6.470957e+02 cycle=3620 time=1.232428e+01 dt=3.404497e-03
elapsed=6.488138e+02 cycle=3630 time=1.235832e+01 dt=3.404497e-03
elapsed=6.501730e+02 cycle=3640 time=1.239237e+01 dt=3.404497e-03
elapsed=6.520687e+02 cycle=3650 time=1.242641e+01 dt=3.404497e-03
elapsed=6.537387e+02 cycle=3660 time=1.246046e+01 dt=3.404497e-03
elapsed=6.550969e+02 cycle=3670 time=1.249450e+01 dt=3.404497e-03
elapsed=6.569922e+02 cycle=3680 time=1.252855e+01 dt=3.404497e-03
elapsed=6.586971e+02 cycle=3690 time=1.256259e+01 dt=3.404497e-03
elapsed=6.600573e+02 cycle=3700 time=1.259664e+01 dt=3.404497e-03
elapsed=6.618569e+02 cycle=3710 time=1.263068e+01 dt=3.404497e-03
elapsed=6.635101e+02 cycle=3720 time=1.266473e+01 dt=3.404497e-03
elapsed=6.648686e+02 cycle=3730 time=1.269877e+01 dt=3.404497e-03
elapsed=6.665130e+02 cycle=3740 time=1.273282e+01 dt=3.404497e-03
elapsed=6.681205e+02 cycle=3750 time=1.276686e+01 dt=3.404497e-03
elapsed=6.699399e+02 cycle=3760 time=1.280091e+01 dt=3.404497e-03
elapsed=6.712989e+02 cycle=3770 time=1.283495e+01 dt=3.404497e-03
elapsed=6.729690e+02 cycle=3780 time=1.286900e+01 dt=3.404497e-03
elapsed=6.746293e+02 cycle=3790 time=1.290304e+01 dt=3.404497e-03
elapsed=6.759861e+02 cycle=3800 time=1.293709e+01 dt=3.404497e-03
elapsed=6.775934e+02 cycle=3810 time=1.297113e+01 dt=3.404497e-03
elapsed=6.818168e+02 cycle=3820 time=1.300518e+01 dt=3.404497e-03
elapsed=6.831760e+02 cycle=3830 time=1.303922e+01 dt=3.404497e-03
elapsed=6.848390e+02 cycle=3840 time=1.307327e+01 dt=3.404497e-03
elapsed=6.913098e+02 cycle=3850 time=1.310731e+01 dt=3.404497e-03
elapsed=6.926702e+02 cycle=3860 time=1.314136e+01 dt=3.404497e-03
elapsed=6.952832e+02 cycle=3870 time=1.317540e+01 dt=3.404497e-03
elapsed=6.972133e+02 cycle=3880 time=1.320945e+01 dt=3.404497e-03
elapsed=6.985730e+02 cycle=3890 time=1.324349e+01 dt=3.404497e-03
elapsed=7.002662e+02 cycle=3900 time=1.327754e+01 dt=3.404497e-03
elapsed=7.018906e+02 cycle=3910 time=1.331158e+01 dt=3.404497e-03
elapsed=7.032478e+02 cycle=3920 time=1.334563e+01 dt=3.404497e-03
elapsed=7.048545e+02 cycle=3930 time=1.337967e+01 dt=3.404497e-03
elapsed=7.065228e+02 cycle=3940 time=1.341372e+01 dt=3.404497e-03
elapsed=7.078803e+02 cycle=3950 time=1.344776e+01 dt=3.404497e-03
elapsed=7.094867e+02 cycle=3960 time=1.348181e+01 dt=3.404497e-03
elapsed=7.111109e+02 cycle=3970 time=1.351585e+01 dt=3.404497e-03
elapsed=7.124695e+02 cycle=3980 time=1.354990e+01 dt=3.404497e-03
elapsed=7.142142e+02 cycle=3990 time=1.358394e+01 dt=3.404497e-03
elapsed=7.160774e+02 cycle=4000 time=1.361799e+01 dt=3.404497e-03
elapsed=7.177709e+02 cycle=4010 time=1.365203e+01 dt=3.404497e-03
elapsed=7.191282e+02 cycle=4020 time=1.368608e+01 dt=3.404497e-03
elapsed=7.209865e+02 cycle=4030 time=1.372012e+01 dt=3.404497e-03
elapsed=7.226833e+02 cycle=4040 time=1.375417e+01 dt=3.404497e-03
elapsed=7.240417e+02 cycle=4050 time=1.378821e+01 dt=3.404497e-03
elapsed=7.259347e+02 cycle=4060 time=1.382226e+01 dt=3.404497e-03
elapsed=7.275604e+02 cycle=4070 time=1.385630e+01 dt=3.404497e-03
elapsed=7.289193e+02 cycle=4080 time=1.389035e+01 dt=3.404497e-03
elapsed=7.305364e+02 cycle=4090 time=1.392439e+01 dt=3.404497e-03
elapsed=7.321934e+02 cycle=4100 time=1.395844e+01 dt=3.404497e-03
elapsed=7.335513e+02 cycle=4110 time=1.399248e+01 dt=3.404497e-03
elapsed=7.351834e+02 cycle=4120 time=1.402653e+01 dt=3.404497e-03
elapsed=7.369055e+02 cycle=4130 time=1.406057e+01 dt=3.404497e-03
elapsed=7.382639e+02 cycle=4140 time=1.409462e+01 dt=3.404497e-03
elapsed=7.401586e+02 cycle=4150 time=1.412866e+01 dt=3.404497e-03
elapsed=7.418240e+02 cycle=4160 time=1.416271e+01 dt=3.404497e-03
elapsed=7.431822e+02 cycle=4170 time=1.419675e+01 dt=3.404497e-03
elapsed=7.450626e+02 cycle=4180 time=1.423080e+01 dt=3.404497e-03
elapsed=7.466687e+02 cycle=4190 time=1.426484e+01 dt=3.404497e-03
elapsed=7.480255e+02 cycle=4200 time=1.429889e+01 dt=3.404497e-03
elapsed=7.498330e+02 cycle=4210 time=1.433293e+01 dt=3.404497e-03
elapsed=7.514493e+02 cycle=4220 time=1.436698e+01 dt=3.404497e-03
elapsed=7.530693e+02 cycle=4230 time=1.440102e+01 dt=3.404497e-03
elapsed=7.544276e+02 cycle=4240 time=1.443507e+01 dt=3.404497e-03
elapsed=7.560427e+02 cycle=4250 time=1.446911e+01 dt=3.404497e-03
elapsed=7.576876e+02 cycle=4260 time=1.450316e+01 dt=3.404497e-03
elapsed=7.590471e+02 cycle=4270 time=1.453720e+01 dt=3.404497e-03
elapsed=7.607292e+02 cycle=4280 time=1.457125e+01 dt=3.404497e-03
elapsed=7.623543e+02 cycle=4290 time=1.460529e+01 dt=3.404497e-03
elapsed=7.637139e+02 cycle=4300 time=1.463934e+01 dt=3.404497e-03
elapsed=7.653753e+02 cycle=4310 time=1.467338e+01 dt=3.404497e-03
elapsed=7.670195e+02 cycle=4320 time=1.470743e+01 dt=3.404497e-03
elapsed=7.683770e+02 cycle=4330 time=1.474147e+01 dt=3.404497e-03
elapsed=7.700014e+02 cycle=4340 time=1.477552e+01 dt=3.404497e-03
elapsed=7.716485e+02 cycle=4350 time=1.480956e+01 dt=3.404497e-03
elapsed=7.730066e+02 cycle=4360 time=1.484361e+01 dt=3.404497e-03
elapsed=7.746151e+02 cycle=4370 time=1.487765e+01 dt=3.404497e-03
elapsed=7.762909e+02 cycle=4380 time=1.491170e+01 dt=3.404497e-03
elapsed=7.776491e+02 cycle=4390 time=1.494574e+01 dt=3.404497e-03
elapsed=7.792560e+02 cycle=4400 time=1.497979e+01 dt=3.404497e-03
elapsed=7.961858e+02 cycle=4410 time=1.501383e+01 dt=3.404497e-03
elapsed=7.975461e+02 cycle=4420 time=1.504788e+01 dt=3.404497e-03
elapsed=7.992398e+02 cycle=4430 time=1.508192e+01 dt=3.404497e-03
elapsed=8.008762e+02 cycle=4440 time=1.511597e+01 dt=3.404497e-03
elapsed=8.024843e+02 cycle=4450 time=1.515001e+01 dt=3.404497e-03
elapsed=8.038439e+02 cycle=4460 time=1.518406e+01 dt=3.404497e-03
elapsed=8.058680e+02 cycle=4470 time=1.521810e+01 dt=3.404497e-03
elapsed=8.075755e+02 cycle=4480 time=1.525215e+01 dt=3.404497e-03
elapsed=8.089321e+02 cycle=4490 time=1.528619e+01 dt=3.404497e-03
elapsed=8.108340e+02 cycle=4500 time=1.532024e+01 dt=3.404497e-03
elapsed=8.125384e+02 cycle=4510 time=1.535428e+01 dt=3.404497e-03
elapsed=8.138997e+02 cycle=4520 time=1.538833e+01 dt=3.404497e-03
elapsed=8.157301e+02 cycle=4530 time=1.542237e+01 dt=3.404497e-03
elapsed=8.174200e+02 cycle=4540 time=1.545642e+01 dt=3.404497e-03
elapsed=8.187785e+02 cycle=4550 time=1.549046e+01 dt=3.404497e-03
elapsed=8.204034e+02 cycle=4560 time=1.552451e+01 dt=3.404497e-03
elapsed=8.221912e+02 cycle=4570 time=1.555855e+01 dt=3.404497e-03
elapsed=8.235511e+02 cycle=4580 time=1.559260e+01 dt=3.404497e-03
elapsed=8.254395e+02 cycle=4590 time=1.562664e+01 dt=3.404497e-03
elapsed=8.271007e+02 cycle=4600 time=1.566069e+01 dt=3.404497e-03
elapsed=8.284588e+02 cycle=4610 time=1.569473e+01 dt=3.404497e-03
elapsed=8.301411e+02 cycle=4620 time=1.572878e+01 dt=3.404497e-03
elapsed=8.317505e+02 cycle=4630 time=1.576282e+01 dt=3.404497e-03
elapsed=8.331097e+02 cycle=4640 time=1.579687e+01 dt=3.404497e-03
elapsed=8.347667e+02 cycle=4650 time=1.583091e+01 dt=3.404497e-03
elapsed=8.364572e+02 cycle=4660 time=1.586496e+01 dt=3.404497e-03
elapsed=8.378157e+02 cycle=4670 time=1.589900e+01 dt=3.404497e-03
elapsed=8.396225e+02 cycle=4680 time=1.593305e+01 dt=3.404497e-03
elapsed=8.413245e+02 cycle=4690 time=1.596709e+01 dt=3.404497e-03
elapsed=8.429951e+02 cycle=4700 time=1.600114e+01 dt=3.404497e-03
elapsed=8.443553e+02 cycle=4710 time=1.603518e+01 dt=3.404497e-03
elapsed=8.459863e+02 cycle=4720 time=1.606923e+01 dt=3.404497e-03
elapsed=8.477454e+02 cycle=4730 time=1.610327e+01 dt=3.404497e-03
elapsed=8.491033e+02 cycle=4740 time=1.613732e+01 dt=3.404497e-03
elapsed=8.507363e+02 cycle=4750 time=1.617136e+01 dt=3.404497e-03
elapsed=8.523628e+02 cycle=4760 time=1.620541e+01 dt=3.404497e-03
elapsed=8.537201e+02 cycle=4770 time=1.623945e+01 dt=3.404497e-03
elapsed=8.553319e+02 cycle=4780 time=1.627350e+01 dt=3.404497e-03
elapsed=8.570043e+02 cycle=4790 time=1.630754e+01 dt=3.404497e-03
elapsed=8.583638e+02 cycle=4800 time=1.634159e+01 dt=3.404497e-03
elapsed=8.599722e+02 cycle=4810 time=1.637563e+01 dt=3.404497e-03
elapsed=8.615987e+02 cycle=4820 time=1.640968e+01 dt=3.404497e-03
elapsed=8.629582e+02 cycle=4830 time=1.644372e+01 dt=3.404497e-03
elapsed=8.645685e+02 cycle=4840 time=1.647777e+01 dt=3.404497e-03
elapsed=8.662180e+02 cycle=4850 time=1.651181e+01 dt=3.404497e-03
elapsed=8.675757e+02 cycle=4860 time=1.654586e+01 dt=3.404497e-03
elapsed=8.691827e+02 cycle=4870 time=1.657990e+01 dt=3.404497e-03
elapsed=8.708357e+02 cycle=4880 time=1.661395e+01 dt=3.404497e-03
elapsed=8.721946e+02 cycle=4890 time=1.664799e+01 dt=3.404497e-03
elapsed=8.738018e+02 cycle=4900 time=1.668204e+01 dt=3.404497e-03
elapsed=8.754253e+02 cycle=4910 time=1.671608e+01 dt=3.404497e-03
elapsed=8.770327e+02 cycle=4920 time=1.675013e+01 dt=3.404497e-03
elapsed=8.783927e+02 cycle=4930 time=1.678417e+01 dt=3.404497e-03
elapsed=8.801734e+02 cycle=4940 time=1.681822e+01 dt=3.404497e-03
elapsed=8.818673e+02 cycle=4950 time=1.685226e+01 dt=3.404497e-03
elapsed=8.832243e+02 cycle=4960 time=1.688631e+01 dt=3.404497e-03
elapsed=8.851473e+02 cycle=4970 time=1.692035e+01 dt=3.404497e-03
elapsed=8.868349e+02 cycle=4980 time=1.695440e+01 dt=3.404497e-03
elapsed=8.881910e+02 cycle=4990 time=1.698844e+01 dt=3.404497e-03
elapsed=8.900578e+02 cycle=5000 time=1.702249e+01 dt=3.404497e-03
elapsed=8.917448e+02 cycle=5010 time=1.705653e+01 dt=3.404497e-03
elapsed=8.931020e+02 cycle=5020 time=1.709058e+01 dt=3.404497e-03
elapsed=8.948842e+02 cycle=5030 time=1.712462e+01 dt=3.404497e-03
elapsed=8.965491e+02 cycle=5040 time=1.715867e+01 dt=3.404497e-03
elapsed=8.979102e+02 cycle=5050 time=1.719271e+01 dt=3.404497e-03
elapsed=8.997769e+02 cycle=5060 time=1.722676e+01 dt=3.404497e-03
elapsed=9.014676e+02 cycle=5070 time=1.726080e+01 dt=3.404497e-03
elapsed=9.028251e+02 cycle=5080 time=1.729485e+01 dt=3.404497e-03
elapsed=9.045993e+02 cycle=5090 time=1.732889e+01 dt=3.404497e-03
elapsed=9.062577e+02 cycle=5100 time=1.736294e+01 dt=3.404497e-03
elapsed=9.076168e+02 cycle=5110 time=1.739698e+01 dt=3.404497e-03
elapsed=9.094907e+02 cycle=5120 time=1.743103e+01 dt=3.404497e-03
elapsed=9.111785e+02 cycle=5130 time=1.746507e+01 dt=3.404497e-03
elapsed=9.125368e+02 cycle=5140 time=1.749912e+01 dt=3.404497e-03
elapsed=9.141688e+02 cycle=5150 time=1.753316e+01 dt=3.404497e-03
elapsed=9.158196e+02 cycle=5160 time=1.756721e+01 dt=3.404497e-03
elapsed=9.175279e+02 cycle=5170 time=1.760125e+01 dt=3.404497e-03
elapsed=9.188866e+02 cycle=5180 time=1.763530e+01 dt=3.404497e-03
elapsed=9.205811e+02 cycle=5190 time=1.766934e+01 dt=3.404497e-03
elapsed=9.224906e+02 cycle=5200 time=1.770339e+01 dt=3.404497e-03
elapsed=9.238478e+02 cycle=5210 time=1.773743e+01 dt=3.404497e-03
elapsed=9.255017e+02 cycle=5220 time=1.777148e+01 dt=3.404497e-03
elapsed=9.273501e+02 cycle=5230 time=1.780552e+01 dt=3.404497e-03
elapsed=9.287100e+02 cycle=5240 time=1.783957e+01 dt=3.404497e-03
elapsed=9.304138e+02 cycle=5250 time=1.787361e+01 dt=3.404497e-03
elapsed=9.322964e+02 cycle=5260 time=1.790766e+01 dt=3.404497e-03
elapsed=9.336554e+02 cycle=5270 time=1.794170e+01 dt=3.404497e-03
elapsed=9.353331e+02 cycle=5280 time=1.797575e+01 dt=3.404497e-03
elapsed=9.372325e+02 cycle=5290 time=1.800979e+01 dt=3.404497e-03
elapsed=9.385903e+02 cycle=5300 time=1.804384e+01 dt=3.404497e-03
elapsed=9.403067e+02 cycle=5310 time=1.807788e+01 dt=3.404497e-03
elapsed=9.419345e+02 cycle=5320 time=1.811193e+01 dt=3.404497e-03
elapsed=9.432923e+02 cycle=5330 time=1.814597e+01 dt=3.404497e-03
elapsed=9.449840e+02 cycle=5340 time=1.818002e+01 dt=3.404497e-03
elapsed=9.466096e+02 cycle=5350 time=1.821406e+01 dt=3.404497e-03
elapsed=9.479687e+02 cycle=5360 time=1.824811e+01 dt=3.404497e-03
elapsed=9.495768e+02 cycle=5370 time=1.828215e+01 dt=3.404497e-03
elapsed=9.512032e+02 cycle=5380 time=1.831620e+01 dt=3.404497e-03
elapsed=9.528088e+02 cycle=5390 time=1.835024e+01 dt=3.404497e-03
elapsed=9.541684e+02 cycle=5400 time=1.838429e+01 dt=3.404497e-03
elapsed=9.558626e+02 cycle=5410 time=1.841833e+01 dt=3.404497e-03
elapsed=9.574715e+02 cycle=5420 time=1.845238e+01 dt=3.404497e-03
elapsed=9.588312e+02 cycle=5430 time=1.848642e+01 dt=3.404497e-03
elapsed=9.605189e+02 cycle=5440 time=1.852046e+01 dt=3.404497e-03
elapsed=9.621257e+02 cycle=5450 time=1.855451e+01 dt=3.404497e-03
elapsed=9.634845e+02 cycle=5460 time=1.858855e+01 dt=3.404497e-03
elapsed=9.651129e+02 cycle=5470 time=1.862260e+01 dt=3.404497e-03
elapsed=9.667401e+02 cycle=5480 time=1.865664e+01 dt=3.404497e-03
elapsed=9.680977e+02 cycle=5490 time=1.869069e+01 dt=3.404497e-03
elapsed=9.699303e+02 cycle=5500 time=1.872473e+01 dt=3.404497e-03
elapsed=9.716371e+02 cycle=5510 time=1.875878e+01 dt=3.404497e-03
elapsed=9.729964e+02 cycle=5520 time=1.879282e+01 dt=3.404497e-03
elapsed=9.748337e+02 cycle=5530 time=1.882687e+01 dt=3.404497e-03
elapsed=9.765919e+02 cycle=5540 time=1.886091e+01 dt=3.404497e-03
elapsed=9.779489e+02 cycle=5550 time=1.889496e+01 dt=3.404497e-03
elapsed=9.798576e+02 cycle=5560 time=1.892900e+01 dt=3.404497e-03
elapsed=9.815418e+02 cycle=5570 time=1.896305e+01 dt=3.404497e-03
elapsed=9.829012e+02 cycle=5580 time=1.899709e+01 dt=3.404497e-03
elapsed=9.845264e+02 cycle=5590 time=1.903114e+01 dt=3.404497e-03
elapsed=9.861344e+02 cycle=5600 time=1.906518e+01 dt=3.404497e-03
elapsed=9.874932e+02 cycle=5610 time=1.909923e+01 dt=3.404497e-03
elapsed=9.893741e+02 cycle=5620 time=1.913327e+01 dt=3.404497e-03
elapsed=9.909869e+02 cycle=5630 time=1.916732e+01 dt=3.404497e-03
elapsed=9.926828e+02 cycle=5640 time=1.920136e+01 dt=3.404497e-03
elapsed=9.940419e+02 cycle=5650 time=1.923541e+01 dt=3.404497e-03
elapsed=9.956496e+02 cycle=5660 time=1.926945e+01 dt=3.404497e-03
elapsed=9.972750e+02 cycle=5670 time=1.930350e+01 dt=3.404497e-03
elapsed=9.986334e+02 cycle=5680 time=1.933754e+01 dt=3.404497e-03
elapsed=1.000241e+03 cycle=5690 time=1.937159e+01 dt=3.404497e-03
elapsed=1.006445e+03 cycle=5700 time=1.940563e+01 dt=3.404497e-03
elapsed=1.007804e+03 cycle=5710 time=1.943968e+01 dt=3.404497e-03
elapsed=1.010671e+03 cycle=5720 time=1.947372e+01 dt=3.404497e-03
elapsed=1.012841e+03 cycle=5730 time=1.950777e+01 dt=3.404497e-03
elapsed=1.014200e+03 cycle=5740 time=1.954181e+01 dt=3.404497e-03
elapsed=1.015916e+03 cycle=5750 time=1.957586e+01 dt=3.404497e-03
elapsed=1.019366e+03 cycle=5760 time=1.960990e+01 dt=3.404497e-03
elapsed=1.020721e+03 cycle=5770 time=1.964395e+01 dt=3.404497e-03
elapsed=1.022449e+03 cycle=5780 time=1.967799e+01 dt=3.404497e-03
elapsed=1.024610e+03 cycle=5790 time=1.971204e+01 dt=3.404497e-03
elapsed=1.025969e+03 cycle=5800 time=1.974608e+01 dt=3.404497e-03
elapsed=1.027628e+03 cycle=5810 time=1.978013e+01 dt=3.404497e-03
elapsed=1.029268e+03 cycle=5820 time=1.981417e+01 dt=3.404497e-03
elapsed=1.030627e+03 cycle=5830 time=1.984822e+01 dt=3.404497e-03
elapsed=1.032281e+03 cycle=5840 time=1.988226e+01 dt=3.404497e-03
elapsed=1.033978e+03 cycle=5850 time=1.991631e+01 dt=3.404497e-03
elapsed=1.035583e+03 cycle=5860 time=1.995035e+01 dt=3.404497e-03
elapsed=1.036942e+03 cycle=5870 time=1.998440e+01 dt=3.404497e-03
reference-GH stationary trumpet: field Linf=2.892375e-11, physical metric Linf=2.142912e-09, lapse Linf=1.205924e-12, shift Linf=9.436354e-13, constraint Linf=2.407849e-11, RHS estimate=3.100197e-13

Terminating on time limit
time=2.000000e+01 cycle=5875
tlim=2.000000e+01 nlim=-1

MeshBlock-cycles = 1269000
cpu time used  = 1.047587e+03
zone-cycles/cpu_second = 4.961709e+06
particle-updates/cpu_second = 0.000000e+00
real 1068.43
user 0.02
sys 0.04
