
Root grid = 6 x 6 x 6 MeshBlocks
Total number of MeshBlocks = 216
Number of logical  levels of refinement = 3 (4 levels total)
Number of physical levels of refinement = 0 (1 levels total)
Number of parallel ranks = 12
  Rank = 0: 18 MeshBlocks, cost = 18
  Rank = 1: 18 MeshBlocks, cost = 18
  Rank = 2: 18 MeshBlocks, cost = 18
  Rank = 3: 18 MeshBlocks, cost = 18
  Rank = 4: 18 MeshBlocks, cost = 18
  Rank = 5: 18 MeshBlocks, cost = 18
  Rank = 6: 18 MeshBlocks, cost = 18
  Rank = 7: 18 MeshBlocks, cost = 18
  Rank = 8: 18 MeshBlocks, cost = 18
  Rank = 9: 18 MeshBlocks, cost = 18
  Rank = 10: 18 MeshBlocks, cost = 18
  Rank = 11: 18 MeshBlocks, cost = 18
Load Balancing:
  Maximum normalized cost = 1, Average = 1
ref_gh reference allocation backend=analytic_radial_q generic_bytes=0 analytic_static_components=12 analytic_stage_components=8 analytic_static_bytes=23887872 analytic_stage_bytes=15925248
reference-GH puncture minimum cell-center radius = 0.0360844
reference-GH stationary initial RHS Linf = 6.57289e-13, component=10, radius=0.14878, coordinate reference Ricci Linf=1.37611e-08, frame reference Ricci Linf=2.77556e-16
### WARNING in /lus/flare/projects/CompactBinaryMerger/hzhu/refgh_ordering_gauge_discriminator_phase23_20260829_2c848055/src/src/parameter_input.cpp: input parameter <output2>/file_type = rst was not used by the code (check for a typo)
### WARNING in /lus/flare/projects/CompactBinaryMerger/hzhu/refgh_ordering_gauge_discriminator_phase23_20260829_2c848055/src/src/parameter_input.cpp: input parameter <output3>/file_type = cbin was not used by the code (check for a typo)
### WARNING in /lus/flare/projects/CompactBinaryMerger/hzhu/refgh_ordering_gauge_discriminator_phase23_20260829_2c848055/src/src/parameter_input.cpp: input parameter <output3>/variable = ref_gh was not used by the code (check for a typo)
### WARNING in /lus/flare/projects/CompactBinaryMerger/hzhu/refgh_ordering_gauge_discriminator_phase23_20260829_2c848055/src/src/parameter_input.cpp: input parameter <output3>/id = ref_gh_health was not used by the code (check for a typo)
### WARNING in /lus/flare/projects/CompactBinaryMerger/hzhu/refgh_ordering_gauge_discriminator_phase23_20260829_2c848055/src/src/parameter_input.cpp: input parameter <output3>/coarsen_factor = 1 was not used by the code (check for a typo)
### WARNING in /lus/flare/projects/CompactBinaryMerger/hzhu/refgh_ordering_gauge_discriminator_phase23_20260829_2c848055/src/src/parameter_input.cpp: input parameter <output3>/compute_moments = false was not used by the code (check for a typo)
### WARNING in /lus/flare/projects/CompactBinaryMerger/hzhu/refgh_ordering_gauge_discriminator_phase23_20260829_2c848055/src/src/parameter_input.cpp: input parameter <output3>/binary64 = true was not used by the code (check for a typo)
### WARNING in /lus/flare/projects/CompactBinaryMerger/hzhu/refgh_ordering_gauge_discriminator_phase23_20260829_2c848055/src/src/parameter_input.cpp: input parameter <output3>/single_file_per_rank = false was not used by the code (check for a typo)
### WARNING in /lus/flare/projects/CompactBinaryMerger/hzhu/refgh_ordering_gauge_discriminator_phase23_20260829_2c848055/src/src/parameter_input.cpp: input parameter <output4>/file_type = cbin was not used by the code (check for a typo)
### WARNING in /lus/flare/projects/CompactBinaryMerger/hzhu/refgh_ordering_gauge_discriminator_phase23_20260829_2c848055/src/src/parameter_input.cpp: input parameter <output4>/variable = ref_gh_native_con was not used by the code (check for a typo)
### WARNING in /lus/flare/projects/CompactBinaryMerger/hzhu/refgh_ordering_gauge_discriminator_phase23_20260829_2c848055/src/src/parameter_input.cpp: input parameter <output4>/id = ref_gh_native_health was not used by the code (check for a typo)
### WARNING in /lus/flare/projects/CompactBinaryMerger/hzhu/refgh_ordering_gauge_discriminator_phase23_20260829_2c848055/src/src/parameter_input.cpp: input parameter <output4>/coarsen_factor = 1 was not used by the code (check for a typo)
### WARNING in /lus/flare/projects/CompactBinaryMerger/hzhu/refgh_ordering_gauge_discriminator_phase23_20260829_2c848055/src/src/parameter_input.cpp: input parameter <output4>/compute_moments = false was not used by the code (check for a typo)
### WARNING in /lus/flare/projects/CompactBinaryMerger/hzhu/refgh_ordering_gauge_discriminator_phase23_20260829_2c848055/src/src/parameter_input.cpp: input parameter <output4>/binary64 = true was not used by the code (check for a typo)
### WARNING in /lus/flare/projects/CompactBinaryMerger/hzhu/refgh_ordering_gauge_discriminator_phase23_20260829_2c848055/src/src/parameter_input.cpp: input parameter <output4>/single_file_per_rank = false was not used by the code (check for a typo)
### WARNING in /lus/flare/projects/CompactBinaryMerger/hzhu/refgh_ordering_gauge_discriminator_phase23_20260829_2c848055/src/src/parameter_input.cpp: input parameter <output5>/file_type = cbin was not used by the code (check for a typo)
### WARNING in /lus/flare/projects/CompactBinaryMerger/hzhu/refgh_ordering_gauge_discriminator_phase23_20260829_2c848055/src/src/parameter_input.cpp: input parameter <output5>/variable = adm_common was not used by the code (check for a typo)
### WARNING in /lus/flare/projects/CompactBinaryMerger/hzhu/refgh_ordering_gauge_discriminator_phase23_20260829_2c848055/src/src/parameter_input.cpp: input parameter <output5>/id = adm_common_health was not used by the code (check for a typo)
### WARNING in /lus/flare/projects/CompactBinaryMerger/hzhu/refgh_ordering_gauge_discriminator_phase23_20260829_2c848055/src/src/parameter_input.cpp: input parameter <output5>/coarsen_factor = 1 was not used by the code (check for a typo)
### WARNING in /lus/flare/projects/CompactBinaryMerger/hzhu/refgh_ordering_gauge_discriminator_phase23_20260829_2c848055/src/src/parameter_input.cpp: input parameter <output5>/compute_moments = false was not used by the code (check for a typo)
### WARNING in /lus/flare/projects/CompactBinaryMerger/hzhu/refgh_ordering_gauge_discriminator_phase23_20260829_2c848055/src/src/parameter_input.cpp: input parameter <output5>/binary64 = true was not used by the code (check for a typo)
### WARNING in /lus/flare/projects/CompactBinaryMerger/hzhu/refgh_ordering_gauge_discriminator_phase23_20260829_2c848055/src/src/parameter_input.cpp: input parameter <output5>/single_file_per_rank = false was not used by the code (check for a typo)
### WARNING in /lus/flare/projects/CompactBinaryMerger/hzhu/refgh_ordering_gauge_discriminator_phase23_20260829_2c848055/src/src/parameter_input.cpp: input parameter <output5>/common_adm_fd_order = 4 was not used by the code (check for a typo)

Setup complete, executing task list(s)...

elapsed=3.193490e+00 cycle=0 time=0.000000e+00 dt=3.404497e-03
elapsed=4.740324e+00 cycle=10 time=3.404497e-02 dt=3.404497e-03
elapsed=8.119823e+00 cycle=20 time=6.808994e-02 dt=3.404497e-03
elapsed=1.069047e+01 cycle=30 time=1.021349e-01 dt=3.404497e-03
elapsed=1.220582e+01 cycle=40 time=1.361799e-01 dt=3.404497e-03
elapsed=1.425674e+01 cycle=50 time=1.702249e-01 dt=3.404497e-03
elapsed=1.653014e+01 cycle=60 time=2.042698e-01 dt=3.404497e-03
elapsed=1.805206e+01 cycle=70 time=2.383148e-01 dt=3.404497e-03
elapsed=1.991488e+01 cycle=80 time=2.723598e-01 dt=3.404497e-03
elapsed=2.170005e+01 cycle=90 time=3.064048e-01 dt=3.404497e-03
elapsed=2.323926e+01 cycle=100 time=3.404497e-01 dt=3.404497e-03
elapsed=2.499450e+01 cycle=110 time=3.744947e-01 dt=3.404497e-03
elapsed=2.705443e+01 cycle=120 time=4.085397e-01 dt=3.404497e-03
elapsed=2.860185e+01 cycle=130 time=4.425846e-01 dt=3.404497e-03
elapsed=3.042155e+01 cycle=140 time=4.766296e-01 dt=3.404497e-03
elapsed=3.231735e+01 cycle=150 time=5.106746e-01 dt=3.404497e-03
elapsed=3.386171e+01 cycle=160 time=5.447196e-01 dt=3.404497e-03
elapsed=3.568272e+01 cycle=170 time=5.787645e-01 dt=3.404497e-03
elapsed=3.766041e+01 cycle=180 time=6.128095e-01 dt=3.404497e-03
elapsed=3.921215e+01 cycle=190 time=6.468545e-01 dt=3.404497e-03
elapsed=4.108654e+01 cycle=200 time=6.808994e-01 dt=3.404497e-03
elapsed=4.305473e+01 cycle=210 time=7.149444e-01 dt=3.404497e-03
elapsed=4.456204e+01 cycle=220 time=7.489894e-01 dt=3.404497e-03
elapsed=4.642450e+01 cycle=230 time=7.830344e-01 dt=3.404497e-03
elapsed=4.845484e+01 cycle=240 time=8.170793e-01 dt=3.404497e-03
elapsed=5.030454e+01 cycle=250 time=8.511243e-01 dt=3.404497e-03
elapsed=5.182877e+01 cycle=260 time=8.851693e-01 dt=3.404497e-03
elapsed=5.388995e+01 cycle=270 time=9.192143e-01 dt=3.404497e-03
elapsed=5.575249e+01 cycle=280 time=9.532592e-01 dt=3.404497e-03
elapsed=5.728787e+01 cycle=290 time=9.873042e-01 dt=3.404497e-03
elapsed=5.933936e+01 cycle=300 time=1.021349e+00 dt=3.404497e-03
elapsed=6.119244e+01 cycle=310 time=1.055394e+00 dt=3.404497e-03
elapsed=6.273646e+01 cycle=320 time=1.089439e+00 dt=3.404497e-03
elapsed=6.474473e+01 cycle=330 time=1.123484e+00 dt=3.404497e-03
elapsed=6.670250e+01 cycle=340 time=1.157529e+00 dt=3.404497e-03
elapsed=6.824553e+01 cycle=350 time=1.191574e+00 dt=3.404497e-03
elapsed=7.009243e+01 cycle=360 time=1.225619e+00 dt=3.404497e-03
elapsed=7.196617e+01 cycle=370 time=1.259664e+00 dt=3.404497e-03
elapsed=7.348943e+01 cycle=380 time=1.293709e+00 dt=3.404497e-03
elapsed=7.832659e+01 cycle=390 time=1.327754e+00 dt=3.404497e-03
elapsed=8.034868e+01 cycle=400 time=1.361799e+00 dt=3.404497e-03
elapsed=8.188639e+01 cycle=410 time=1.395844e+00 dt=3.404497e-03
elapsed=8.364279e+01 cycle=420 time=1.429889e+00 dt=3.404497e-03
elapsed=8.568107e+01 cycle=430 time=1.463934e+00 dt=3.404497e-03
elapsed=8.719245e+01 cycle=440 time=1.497979e+00 dt=3.404497e-03
elapsed=8.920766e+01 cycle=450 time=1.532024e+00 dt=3.404497e-03
elapsed=9.101177e+01 cycle=460 time=1.566069e+00 dt=3.404497e-03
elapsed=9.299490e+01 cycle=470 time=1.600114e+00 dt=3.404497e-03
elapsed=9.455943e+01 cycle=480 time=1.634159e+00 dt=3.404497e-03
elapsed=9.737176e+01 cycle=490 time=1.668204e+00 dt=3.404497e-03
elapsed=9.957950e+01 cycle=500 time=1.702249e+00 dt=3.404497e-03
elapsed=1.011270e+02 cycle=510 time=1.736294e+00 dt=3.404497e-03
elapsed=1.041111e+02 cycle=520 time=1.770339e+00 dt=3.404497e-03
elapsed=1.086269e+02 cycle=530 time=1.804384e+00 dt=3.404497e-03
elapsed=1.101738e+02 cycle=540 time=1.838429e+00 dt=3.404497e-03
elapsed=1.120508e+02 cycle=550 time=1.872473e+00 dt=3.404497e-03
elapsed=1.141078e+02 cycle=560 time=1.906518e+00 dt=3.404497e-03
elapsed=1.156281e+02 cycle=570 time=1.940563e+00 dt=3.404497e-03
elapsed=1.175290e+02 cycle=580 time=1.974608e+00 dt=3.404497e-03
elapsed=1.195803e+02 cycle=590 time=2.008653e+00 dt=3.404497e-03
elapsed=1.211138e+02 cycle=600 time=2.042698e+00 dt=3.404497e-03
elapsed=1.242619e+02 cycle=610 time=2.076743e+00 dt=3.404497e-03
elapsed=1.303499e+02 cycle=620 time=2.110788e+00 dt=3.404497e-03
elapsed=1.318854e+02 cycle=630 time=2.144833e+00 dt=3.404497e-03
elapsed=1.343083e+02 cycle=640 time=2.178878e+00 dt=3.404497e-03
elapsed=1.362950e+02 cycle=650 time=2.212923e+00 dt=3.404497e-03
elapsed=1.378373e+02 cycle=660 time=2.246968e+00 dt=3.404497e-03
elapsed=1.424945e+02 cycle=670 time=2.281013e+00 dt=3.404497e-03
elapsed=1.445633e+02 cycle=680 time=2.315058e+00 dt=3.404497e-03
elapsed=1.460981e+02 cycle=690 time=2.349103e+00 dt=3.404497e-03
elapsed=1.489408e+02 cycle=700 time=2.383148e+00 dt=3.404497e-03
elapsed=1.508619e+02 cycle=710 time=2.417193e+00 dt=3.404497e-03
elapsed=1.527036e+02 cycle=720 time=2.451238e+00 dt=3.404497e-03
elapsed=1.542098e+02 cycle=730 time=2.485283e+00 dt=3.404497e-03
elapsed=1.562619e+02 cycle=740 time=2.519328e+00 dt=3.404497e-03
elapsed=1.581038e+02 cycle=750 time=2.553373e+00 dt=3.404497e-03
elapsed=1.596399e+02 cycle=760 time=2.587418e+00 dt=3.404497e-03
elapsed=1.616150e+02 cycle=770 time=2.621463e+00 dt=3.404497e-03
elapsed=1.634769e+02 cycle=780 time=2.655508e+00 dt=3.404497e-03
elapsed=1.650259e+02 cycle=790 time=2.689553e+00 dt=3.404497e-03
elapsed=1.670072e+02 cycle=800 time=2.723598e+00 dt=3.404497e-03
elapsed=1.688102e+02 cycle=810 time=2.757643e+00 dt=3.404497e-03
elapsed=1.703398e+02 cycle=820 time=2.791688e+00 dt=3.404497e-03
elapsed=1.723988e+02 cycle=830 time=2.825733e+00 dt=3.404497e-03
elapsed=1.742389e+02 cycle=840 time=2.859778e+00 dt=3.404497e-03
elapsed=1.757833e+02 cycle=850 time=2.893823e+00 dt=3.404497e-03
elapsed=1.777513e+02 cycle=860 time=2.927868e+00 dt=3.404497e-03
elapsed=1.796479e+02 cycle=870 time=2.961913e+00 dt=3.404497e-03
elapsed=1.811880e+02 cycle=880 time=2.995958e+00 dt=3.404497e-03
elapsed=1.832603e+02 cycle=890 time=3.030003e+00 dt=3.404497e-03
elapsed=1.851155e+02 cycle=900 time=3.064048e+00 dt=3.404497e-03
elapsed=1.866196e+02 cycle=910 time=3.098092e+00 dt=3.404497e-03
elapsed=1.885525e+02 cycle=920 time=3.132137e+00 dt=3.404497e-03
elapsed=1.904144e+02 cycle=930 time=3.166182e+00 dt=3.404497e-03
elapsed=1.924289e+02 cycle=940 time=3.200227e+00 dt=3.404497e-03
elapsed=1.939803e+02 cycle=950 time=3.234272e+00 dt=3.404497e-03
elapsed=1.958463e+02 cycle=960 time=3.268317e+00 dt=3.404497e-03
elapsed=1.978191e+02 cycle=970 time=3.302362e+00 dt=3.404497e-03
elapsed=1.993296e+02 cycle=980 time=3.336407e+00 dt=3.404497e-03
elapsed=2.011938e+02 cycle=990 time=3.370452e+00 dt=3.404497e-03
elapsed=2.033182e+02 cycle=1000 time=3.404497e+00 dt=3.404497e-03
elapsed=2.048129e+02 cycle=1010 time=3.438542e+00 dt=3.404497e-03
elapsed=2.066555e+02 cycle=1020 time=3.472587e+00 dt=3.404497e-03
elapsed=2.110748e+02 cycle=1030 time=3.506632e+00 dt=3.404497e-03
elapsed=2.126287e+02 cycle=1040 time=3.540677e+00 dt=3.404497e-03
elapsed=2.159452e+02 cycle=1050 time=3.574722e+00 dt=3.404497e-03
elapsed=2.186376e+02 cycle=1060 time=3.608767e+00 dt=3.404497e-03
elapsed=2.201973e+02 cycle=1070 time=3.642812e+00 dt=3.404497e-03
elapsed=2.220292e+02 cycle=1080 time=3.676857e+00 dt=3.404497e-03
elapsed=2.282054e+02 cycle=1090 time=3.710902e+00 dt=3.404497e-03
elapsed=2.297537e+02 cycle=1100 time=3.744947e+00 dt=3.404497e-03
elapsed=2.332184e+02 cycle=1110 time=3.778992e+00 dt=3.404497e-03
elapsed=2.354164e+02 cycle=1120 time=3.813037e+00 dt=3.404497e-03
elapsed=2.369598e+02 cycle=1130 time=3.847082e+00 dt=3.404497e-03
elapsed=2.387932e+02 cycle=1140 time=3.881127e+00 dt=3.404497e-03
elapsed=2.407895e+02 cycle=1150 time=3.915172e+00 dt=3.404497e-03
elapsed=2.423192e+02 cycle=1160 time=3.949217e+00 dt=3.404497e-03
elapsed=2.441374e+02 cycle=1170 time=3.983262e+00 dt=3.404497e-03
elapsed=2.460255e+02 cycle=1180 time=4.017307e+00 dt=3.404497e-03
elapsed=2.477920e+02 cycle=1190 time=4.051352e+00 dt=3.404497e-03
elapsed=2.493081e+02 cycle=1200 time=4.085397e+00 dt=3.404497e-03
elapsed=2.550647e+02 cycle=1210 time=4.119442e+00 dt=3.404497e-03
elapsed=2.586809e+02 cycle=1220 time=4.153487e+00 dt=3.404497e-03
elapsed=2.602228e+02 cycle=1230 time=4.187532e+00 dt=3.404497e-03
elapsed=2.632635e+02 cycle=1240 time=4.221577e+00 dt=3.404497e-03
elapsed=2.650835e+02 cycle=1250 time=4.255622e+00 dt=3.404497e-03
elapsed=2.665912e+02 cycle=1260 time=4.289667e+00 dt=3.404497e-03
elapsed=2.714247e+02 cycle=1270 time=4.323711e+00 dt=3.404497e-03
elapsed=2.737349e+02 cycle=1280 time=4.357756e+00 dt=3.404497e-03
elapsed=2.752705e+02 cycle=1290 time=4.391801e+00 dt=3.404497e-03
elapsed=2.779709e+02 cycle=1300 time=4.425846e+00 dt=3.404497e-03
elapsed=2.798440e+02 cycle=1310 time=4.459891e+00 dt=3.404497e-03
elapsed=2.813677e+02 cycle=1320 time=4.493936e+00 dt=3.404497e-03
elapsed=2.834835e+02 cycle=1330 time=4.527981e+00 dt=3.404497e-03
elapsed=2.853639e+02 cycle=1340 time=4.562026e+00 dt=3.404497e-03
elapsed=2.868771e+02 cycle=1350 time=4.596071e+00 dt=3.404497e-03
elapsed=2.888420e+02 cycle=1360 time=4.630116e+00 dt=3.404497e-03
elapsed=2.906787e+02 cycle=1370 time=4.664161e+00 dt=3.404497e-03
elapsed=2.922218e+02 cycle=1380 time=4.698206e+00 dt=3.404497e-03
elapsed=2.942611e+02 cycle=1390 time=4.732251e+00 dt=3.404497e-03
elapsed=2.961349e+02 cycle=1400 time=4.766296e+00 dt=3.404497e-03
elapsed=2.980480e+02 cycle=1410 time=4.800341e+00 dt=3.404497e-03
elapsed=2.995855e+02 cycle=1420 time=4.834386e+00 dt=3.404497e-03
elapsed=3.014048e+02 cycle=1430 time=4.868431e+00 dt=3.404497e-03
elapsed=3.033779e+02 cycle=1440 time=4.902476e+00 dt=3.404497e-03
elapsed=3.048901e+02 cycle=1450 time=4.936521e+00 dt=3.404497e-03
elapsed=3.067287e+02 cycle=1460 time=4.970566e+00 dt=3.404497e-03
reference-GH stationary trumpet: field Linf=2.413403e-12, physical metric Linf=1.979572e-10, lapse Linf=9.000578e-13, shift Linf=5.855580e-15, constraint Linf=5.949273e-11, RHS estimate=6.572891e-13

Terminating on time limit
time=5.000000e+00 cycle=1469
tlim=5.000000e+00 nlim=-1

MeshBlock-cycles = 317304
cpu time used  = 3.173032e+02
zone-cycles/cpu_second = 4.096010e+06
particle-updates/cpu_second = 0.000000e+00
real 323.76
user 0.00
sys 0.02
