
Root grid = 1 x 1 x 1 MeshBlocks
Total number of MeshBlocks = 1
Number of logical  levels of refinement = 0 (1 levels total)
Number of physical levels of refinement = 0 (1 levels total)
Number of parallel ranks = 1
ref_gh reference allocation backend=generic_cache_oracle generic_bytes=38371328 analytic_static_components=0 analytic_stage_components=0 analytic_static_bytes=0 analytic_stage_bytes=0
rank-packed same-level boundary contract oracle passed
reference-relative damped gauge algebra passed: D=0 matched, exact zero core, derivative error=1.09198e-10 correction derivative error=8.90287e-11 source error=3.46945e-18
reference-GH exact matched q=1 predicate passed
reference-GH inverse-coframe derivative identity passed: max error = 5.55112e-17
reference-GH improved gauge-driver frame and physical-target algebra passed: max error = 1.249e-16, source error = 1.38778e-16, target error = 1.38778e-17
reference-GH gamma2 characteristic, symmetrizer, reduction, and curl algebra passed: max error = 3.02601e-16
reference-GH combined Einstein/gauge characteristic and inverse oracle passed: max error = 1.51328e-16
reference-GH mixed-time jet algebra passed: max error = 2.04968e-16
reference-GH Phi-ordering algebra maximum error = 4.996e-16
reference-GH flat covariant source unit passed: samples = 1000, max error = 5.55112e-17
reference-GH nonflat covariant source unit passed: samples = 128, max error = 3.88578e-16
reference-GH dynamic spatial oracle passed: frame-coordinate curvature Linf=8.83186e-18, coordinate curvature Linf=1.82387e-17, source Linf=3.88578e-16, spin scale=1.41746e-17, dt spatial frame scale=0.0714141
reference-GH controlled hard-freeze time-derivative oracle passed exactly: samples=35 max_jet=0 max_time_invariance=0

Setup complete, executing task list(s)...

reference-GH Minkowski evolution passed: max error = 0
elapsed=1.071058e-01 cycle=0 time=0.000000e+00 dt=1.250000e-02

Terminating on cycle limit
time=0.000000e+00 cycle=0
tlim=0.000000e+00 nlim=0

MeshBlock-cycles = 0
cpu time used  = 8.761000e-05
zone-cycles/cpu_second = 0.000000e+00
particle-updates/cpu_second = 0.000000e+00
