
Root grid = 1 x 1 x 1 MeshBlocks
Total number of MeshBlocks = 176
Number of logical  levels of refinement = 4 (5 levels total)
Number of physical levels of refinement = 4 (5 levels total)
  Physical level = 2 (logical level = 2): 56 MeshBlocks, cost = 56
  Physical level = 3 (logical level = 3): 56 MeshBlocks, cost = 56
  Physical level = 4 (logical level = 4): 96 MeshBlocks, cost = 64
Number of parallel ranks = 1
AssembleZ4cTasks

Setup complete, executing task list(s)...

elapsed=7.527157e-01 cycle=129 time=2.000000e+00 dt=1.562500e-02
elapsed=1.568231e+00 cycle=130 time=2.015625e+00 dt=1.562500e-02
elapsed=2.230007e+00 cycle=131 time=2.031250e+00 dt=1.562500e-02
elapsed=2.968950e+00 cycle=132 time=2.046875e+00 dt=1.562500e-02
elapsed=3.696996e+00 cycle=133 time=2.062500e+00 dt=1.562500e-02
elapsed=4.378839e+00 cycle=134 time=2.078125e+00 dt=1.562500e-02
elapsed=5.085847e+00 cycle=135 time=2.093750e+00 dt=1.562500e-02
elapsed=5.769609e+00 cycle=136 time=2.109375e+00 dt=1.562500e-02
elapsed=6.449539e+00 cycle=137 time=2.125000e+00 dt=1.562500e-02
elapsed=7.136157e+00 cycle=138 time=2.140625e+00 dt=1.562500e-02
elapsed=7.827778e+00 cycle=139 time=2.156250e+00 dt=1.562500e-02
elapsed=8.588042e+00 cycle=140 time=2.171875e+00 dt=1.562500e-02
elapsed=9.252889e+00 cycle=141 time=2.187500e+00 dt=1.562500e-02
elapsed=9.980197e+00 cycle=142 time=2.203125e+00 dt=1.562500e-02
elapsed=1.071576e+01 cycle=143 time=2.218750e+00 dt=1.562500e-02
elapsed=1.143788e+01 cycle=144 time=2.234375e+00 dt=1.562500e-02
elapsed=1.213659e+01 cycle=145 time=2.250000e+00 dt=1.562500e-02
elapsed=1.281065e+01 cycle=146 time=2.265625e+00 dt=1.562500e-02
elapsed=1.353011e+01 cycle=147 time=2.281250e+00 dt=1.562500e-02
elapsed=1.424204e+01 cycle=148 time=2.296875e+00 dt=1.562500e-02
elapsed=1.493363e+01 cycle=149 time=2.312500e+00 dt=1.562500e-02
elapsed=1.568560e+01 cycle=150 time=2.328125e+00 dt=1.562500e-02
elapsed=1.639098e+01 cycle=151 time=2.343750e+00 dt=1.562500e-02
elapsed=1.707585e+01 cycle=152 time=2.359375e+00 dt=1.562500e-02
elapsed=1.773579e+01 cycle=153 time=2.375000e+00 dt=1.562500e-02
elapsed=1.843891e+01 cycle=154 time=2.390625e+00 dt=1.562500e-02
elapsed=1.917924e+01 cycle=155 time=2.406250e+00 dt=1.562500e-02
elapsed=1.991301e+01 cycle=156 time=2.421875e+00 dt=1.562500e-02
elapsed=2.062326e+01 cycle=157 time=2.437500e+00 dt=1.562500e-02
elapsed=2.137278e+01 cycle=158 time=2.453125e+00 dt=1.562500e-02
elapsed=2.209396e+01 cycle=159 time=2.468750e+00 dt=1.562500e-02
elapsed=2.289155e+01 cycle=160 time=2.484375e+00 dt=1.562500e-02
elapsed=2.357854e+01 cycle=161 time=2.500000e+00 dt=1.562500e-02
elapsed=2.424297e+01 cycle=162 time=2.515625e+00 dt=1.562500e-02
elapsed=2.490839e+01 cycle=163 time=2.531250e+00 dt=1.562500e-02
elapsed=2.569276e+01 cycle=164 time=2.546875e+00 dt=1.562500e-02
elapsed=2.641366e+01 cycle=165 time=2.562500e+00 dt=1.562500e-02
elapsed=2.716888e+01 cycle=166 time=2.578125e+00 dt=1.562500e-02
elapsed=2.787607e+01 cycle=167 time=2.593750e+00 dt=1.562500e-02
elapsed=2.864578e+01 cycle=168 time=2.609375e+00 dt=1.562500e-02
elapsed=2.929830e+01 cycle=169 time=2.625000e+00 dt=1.562500e-02
elapsed=3.001204e+01 cycle=170 time=2.640625e+00 dt=1.562500e-02
elapsed=3.078647e+01 cycle=171 time=2.656250e+00 dt=1.562500e-02
elapsed=3.145467e+01 cycle=172 time=2.671875e+00 dt=1.562500e-02
elapsed=3.223723e+01 cycle=173 time=2.687500e+00 dt=1.562500e-02
elapsed=3.298323e+01 cycle=174 time=2.703125e+00 dt=1.562500e-02
elapsed=3.370972e+01 cycle=175 time=2.718750e+00 dt=1.562500e-02
elapsed=3.445888e+01 cycle=176 time=2.734375e+00 dt=1.562500e-02
elapsed=3.511887e+01 cycle=177 time=2.750000e+00 dt=1.562500e-02
elapsed=3.588703e+01 cycle=178 time=2.765625e+00 dt=1.562500e-02
elapsed=3.659659e+01 cycle=179 time=2.781250e+00 dt=1.562500e-02
elapsed=3.726522e+01 cycle=180 time=2.796875e+00 dt=1.562500e-02
elapsed=3.801626e+01 cycle=181 time=2.812500e+00 dt=1.562500e-02
elapsed=3.881499e+01 cycle=182 time=2.828125e+00 dt=1.562500e-02
elapsed=3.952467e+01 cycle=183 time=2.843750e+00 dt=1.562500e-02
elapsed=4.021002e+01 cycle=184 time=2.859375e+00 dt=1.562500e-02
elapsed=4.092805e+01 cycle=185 time=2.875000e+00 dt=1.562500e-02
elapsed=4.166562e+01 cycle=186 time=2.890625e+00 dt=1.562500e-02
elapsed=4.242882e+01 cycle=187 time=2.906250e+00 dt=1.562500e-02
elapsed=4.316715e+01 cycle=188 time=2.921875e+00 dt=1.562500e-02
elapsed=4.388032e+01 cycle=189 time=2.937500e+00 dt=1.562500e-02
elapsed=4.462731e+01 cycle=190 time=2.953125e+00 dt=1.562500e-02
elapsed=4.536473e+01 cycle=191 time=2.968750e+00 dt=1.562500e-02
elapsed=4.611573e+01 cycle=192 time=2.984375e+00 dt=1.562500e-02
elapsed=4.684906e+01 cycle=193 time=3.000000e+00 dt=1.562500e-02
elapsed=4.756562e+01 cycle=194 time=3.015625e+00 dt=1.562500e-02
elapsed=4.832560e+01 cycle=195 time=3.031250e+00 dt=1.562500e-02
elapsed=4.902574e+01 cycle=196 time=3.046875e+00 dt=1.562500e-02
elapsed=4.972806e+01 cycle=197 time=3.062500e+00 dt=1.562500e-02
elapsed=5.042083e+01 cycle=198 time=3.078125e+00 dt=1.562500e-02
elapsed=5.116825e+01 cycle=199 time=3.093750e+00 dt=1.562500e-02
elapsed=5.193602e+01 cycle=200 time=3.109375e+00 dt=1.562500e-02
elapsed=5.268862e+01 cycle=201 time=3.125000e+00 dt=1.562500e-02
elapsed=5.338196e+01 cycle=202 time=3.140625e+00 dt=1.562500e-02
elapsed=5.415701e+01 cycle=203 time=3.156250e+00 dt=1.562500e-02
elapsed=5.489127e+01 cycle=204 time=3.171875e+00 dt=1.562500e-02
elapsed=5.559674e+01 cycle=205 time=3.187500e+00 dt=1.562500e-02
elapsed=5.636358e+01 cycle=206 time=3.203125e+00 dt=1.562500e-02
elapsed=5.706928e+01 cycle=207 time=3.218750e+00 dt=1.562500e-02
elapsed=5.780970e+01 cycle=208 time=3.234375e+00 dt=1.562500e-02
elapsed=5.856830e+01 cycle=209 time=3.250000e+00 dt=1.562500e-02
elapsed=5.927828e+01 cycle=210 time=3.265625e+00 dt=1.562500e-02
elapsed=6.001433e+01 cycle=211 time=3.281250e+00 dt=1.562500e-02
elapsed=6.079866e+01 cycle=212 time=3.296875e+00 dt=1.562500e-02
elapsed=6.150847e+01 cycle=213 time=3.312500e+00 dt=1.562500e-02
elapsed=6.217974e+01 cycle=214 time=3.328125e+00 dt=1.562500e-02
elapsed=6.297341e+01 cycle=215 time=3.343750e+00 dt=1.562500e-02
elapsed=6.367157e+01 cycle=216 time=3.359375e+00 dt=1.562500e-02
elapsed=6.440408e+01 cycle=217 time=3.375000e+00 dt=1.562500e-02
elapsed=6.512303e+01 cycle=218 time=3.390625e+00 dt=1.562500e-02
elapsed=6.586859e+01 cycle=219 time=3.406250e+00 dt=1.562500e-02
elapsed=6.658492e+01 cycle=220 time=3.421875e+00 dt=1.562500e-02
elapsed=6.732066e+01 cycle=221 time=3.437500e+00 dt=1.562500e-02
elapsed=6.804576e+01 cycle=222 time=3.453125e+00 dt=1.562500e-02
elapsed=6.883247e+01 cycle=223 time=3.468750e+00 dt=1.562500e-02
elapsed=6.948704e+01 cycle=224 time=3.484375e+00 dt=1.562500e-02
elapsed=7.020266e+01 cycle=225 time=3.500000e+00 dt=1.562500e-02
elapsed=7.093941e+01 cycle=226 time=3.515625e+00 dt=1.562500e-02
elapsed=7.159552e+01 cycle=227 time=3.531250e+00 dt=1.562500e-02
elapsed=7.228568e+01 cycle=228 time=3.546875e+00 dt=1.562500e-02
elapsed=7.301340e+01 cycle=229 time=3.562500e+00 dt=1.562500e-02
elapsed=7.368306e+01 cycle=230 time=3.578125e+00 dt=1.562500e-02
elapsed=7.438854e+01 cycle=231 time=3.593750e+00 dt=1.562500e-02
elapsed=7.509690e+01 cycle=232 time=3.609375e+00 dt=1.562500e-02
elapsed=7.585490e+01 cycle=233 time=3.625000e+00 dt=1.562500e-02
elapsed=7.660300e+01 cycle=234 time=3.640625e+00 dt=1.562500e-02
elapsed=7.731435e+01 cycle=235 time=3.656250e+00 dt=1.562500e-02
elapsed=7.807657e+01 cycle=236 time=3.671875e+00 dt=1.562500e-02
elapsed=7.882791e+01 cycle=237 time=3.687500e+00 dt=1.562500e-02
elapsed=7.950432e+01 cycle=238 time=3.703125e+00 dt=1.562500e-02
elapsed=8.023007e+01 cycle=239 time=3.718750e+00 dt=1.562500e-02
elapsed=8.094018e+01 cycle=240 time=3.734375e+00 dt=1.562500e-02
elapsed=8.163659e+01 cycle=241 time=3.750000e+00 dt=1.562500e-02
elapsed=8.234656e+01 cycle=242 time=3.765625e+00 dt=1.562500e-02
elapsed=8.307108e+01 cycle=243 time=3.781250e+00 dt=1.562500e-02
elapsed=8.376551e+01 cycle=244 time=3.796875e+00 dt=1.562500e-02
elapsed=8.447861e+01 cycle=245 time=3.812500e+00 dt=1.562500e-02
elapsed=8.518503e+01 cycle=246 time=3.828125e+00 dt=1.562500e-02
elapsed=8.592893e+01 cycle=247 time=3.843750e+00 dt=1.562500e-02
elapsed=8.658484e+01 cycle=248 time=3.859375e+00 dt=1.562500e-02
elapsed=8.723085e+01 cycle=249 time=3.875000e+00 dt=1.562500e-02
elapsed=8.804708e+01 cycle=250 time=3.890625e+00 dt=1.562500e-02
elapsed=8.875954e+01 cycle=251 time=3.906250e+00 dt=1.562500e-02
elapsed=8.943448e+01 cycle=252 time=3.921875e+00 dt=1.562500e-02
elapsed=9.020417e+01 cycle=253 time=3.937500e+00 dt=1.562500e-02
elapsed=9.092597e+01 cycle=254 time=3.953125e+00 dt=1.562500e-02
elapsed=9.162401e+01 cycle=255 time=3.968750e+00 dt=1.562500e-02
elapsed=9.231453e+01 cycle=256 time=3.984375e+00 dt=1.562500e-02
elapsed=9.300270e+01 cycle=257 time=4.000000e+00 dt=1.562500e-02
elapsed=9.374994e+01 cycle=258 time=4.015625e+00 dt=1.562500e-02
elapsed=9.449383e+01 cycle=259 time=4.031250e+00 dt=1.562500e-02
elapsed=9.526269e+01 cycle=260 time=4.046875e+00 dt=1.562500e-02
elapsed=9.603619e+01 cycle=261 time=4.062500e+00 dt=1.562500e-02
elapsed=9.679249e+01 cycle=262 time=4.078125e+00 dt=1.562500e-02
elapsed=9.754713e+01 cycle=263 time=4.093750e+00 dt=1.562500e-02
elapsed=9.833098e+01 cycle=264 time=4.109375e+00 dt=1.562500e-02
elapsed=9.900981e+01 cycle=265 time=4.125000e+00 dt=1.562500e-02
elapsed=9.967128e+01 cycle=266 time=4.140625e+00 dt=1.562500e-02
elapsed=1.004615e+02 cycle=267 time=4.156250e+00 dt=1.562500e-02
elapsed=1.011671e+02 cycle=268 time=4.171875e+00 dt=1.562500e-02
elapsed=1.019235e+02 cycle=269 time=4.187500e+00 dt=1.562500e-02
elapsed=1.026925e+02 cycle=270 time=4.203125e+00 dt=1.562500e-02
elapsed=1.033759e+02 cycle=271 time=4.218750e+00 dt=1.562500e-02
elapsed=1.040923e+02 cycle=272 time=4.234375e+00 dt=1.562500e-02
elapsed=1.048806e+02 cycle=273 time=4.250000e+00 dt=1.562500e-02
elapsed=1.056034e+02 cycle=274 time=4.265625e+00 dt=1.562500e-02
elapsed=1.062738e+02 cycle=275 time=4.281250e+00 dt=1.562500e-02
elapsed=1.069431e+02 cycle=276 time=4.296875e+00 dt=1.562500e-02
elapsed=1.076828e+02 cycle=277 time=4.312500e+00 dt=1.562500e-02
elapsed=1.084388e+02 cycle=278 time=4.328125e+00 dt=1.562500e-02
elapsed=1.091069e+02 cycle=279 time=4.343750e+00 dt=1.562500e-02
elapsed=1.099104e+02 cycle=280 time=4.359375e+00 dt=1.562500e-02
elapsed=1.106272e+02 cycle=281 time=4.375000e+00 dt=1.562500e-02
elapsed=1.113089e+02 cycle=282 time=4.390625e+00 dt=1.562500e-02
elapsed=1.120572e+02 cycle=283 time=4.406250e+00 dt=1.562500e-02
elapsed=1.128109e+02 cycle=284 time=4.421875e+00 dt=1.562500e-02
elapsed=1.134705e+02 cycle=285 time=4.437500e+00 dt=1.562500e-02
elapsed=1.141796e+02 cycle=286 time=4.453125e+00 dt=1.562500e-02
elapsed=1.148991e+02 cycle=287 time=4.468750e+00 dt=1.562500e-02
elapsed=1.155785e+02 cycle=288 time=4.484375e+00 dt=1.562500e-02
elapsed=1.162864e+02 cycle=289 time=4.500000e+00 dt=1.562500e-02
elapsed=1.170015e+02 cycle=290 time=4.515625e+00 dt=1.562500e-02
elapsed=1.177420e+02 cycle=291 time=4.531250e+00 dt=1.562500e-02
elapsed=1.185094e+02 cycle=292 time=4.546875e+00 dt=1.562500e-02
elapsed=1.192337e+02 cycle=293 time=4.562500e+00 dt=1.562500e-02
elapsed=1.200268e+02 cycle=294 time=4.578125e+00 dt=1.562500e-02
elapsed=1.207841e+02 cycle=295 time=4.593750e+00 dt=1.562500e-02
elapsed=1.214646e+02 cycle=296 time=4.609375e+00 dt=1.562500e-02
elapsed=1.221789e+02 cycle=297 time=4.625000e+00 dt=1.562500e-02
elapsed=1.228974e+02 cycle=298 time=4.640625e+00 dt=1.562500e-02
elapsed=1.236594e+02 cycle=299 time=4.656250e+00 dt=1.562500e-02
elapsed=1.244094e+02 cycle=300 time=4.671875e+00 dt=1.562500e-02
elapsed=1.250781e+02 cycle=301 time=4.687500e+00 dt=1.562500e-02
elapsed=1.258366e+02 cycle=302 time=4.703125e+00 dt=1.562500e-02
elapsed=1.266001e+02 cycle=303 time=4.718750e+00 dt=1.562500e-02
elapsed=1.273598e+02 cycle=304 time=4.734375e+00 dt=1.562500e-02
elapsed=1.280520e+02 cycle=305 time=4.750000e+00 dt=1.562500e-02
elapsed=1.287508e+02 cycle=306 time=4.765625e+00 dt=1.562500e-02
elapsed=1.294845e+02 cycle=307 time=4.781250e+00 dt=1.562500e-02
elapsed=1.302055e+02 cycle=308 time=4.796875e+00 dt=1.562500e-02
elapsed=1.309219e+02 cycle=309 time=4.812500e+00 dt=1.562500e-02
elapsed=1.317029e+02 cycle=310 time=4.828125e+00 dt=1.562500e-02
elapsed=1.325130e+02 cycle=311 time=4.843750e+00 dt=1.562500e-02
elapsed=1.331616e+02 cycle=312 time=4.859375e+00 dt=1.562500e-02
elapsed=1.338805e+02 cycle=313 time=4.875000e+00 dt=1.562500e-02
elapsed=1.346101e+02 cycle=314 time=4.890625e+00 dt=1.562500e-02
elapsed=1.352890e+02 cycle=315 time=4.906250e+00 dt=1.562500e-02
elapsed=1.359609e+02 cycle=316 time=4.921875e+00 dt=1.562500e-02
elapsed=1.366777e+02 cycle=317 time=4.937500e+00 dt=1.562500e-02
elapsed=1.373800e+02 cycle=318 time=4.953125e+00 dt=1.562500e-02
elapsed=1.381466e+02 cycle=319 time=4.968750e+00 dt=1.562500e-02
elapsed=1.388238e+02 cycle=320 time=4.984375e+00 dt=1.562500e-02
elapsed=1.397092e+02 cycle=321 time=5.000000e+00 dt=1.562500e-02

Terminating on time limit
time=5.000000e+00 cycle=321
tlim=5.000000e+00 nlim=-1

MeshBlock-cycles = 33792
cpu time used  = 1.389565e+02
zone-cycles/cpu_second = 1.245102e+05
particle-updates/cpu_second = 0.000000e+00
