
Root grid = 2 x 2 x 2 MeshBlocks
Total number of MeshBlocks = 8
Number of logical  levels of refinement = 1 (2 levels total)
Number of physical levels of refinement = 0 (1 levels total)
Number of parallel ranks = 8
  Rank = 0: 1 MeshBlocks, cost = 1
  Rank = 1: 1 MeshBlocks, cost = 1
  Rank = 2: 1 MeshBlocks, cost = 1
  Rank = 3: 1 MeshBlocks, cost = 1
  Rank = 4: 1 MeshBlocks, cost = 1
  Rank = 5: 1 MeshBlocks, cost = 1
  Rank = 6: 1 MeshBlocks, cost = 1
  Rank = 7: 1 MeshBlocks, cost = 1
Load Balancing:
  Maximum normalized cost = 1, Average = 1
reference-GH puncture minimum cell-center radius = 0.0541266
reference-GH stationary initial RHS Linf = 1.10048e-16, component=10, radius=0.487139, coordinate reference Ricci Linf=4.14162e-10, frame reference Ricci Linf=1.38778e-16

Setup complete, executing task list(s)...

elapsed=1.078919e+00 cycle=0 time=0.000000e+00 dt=5.118043e-03
elapsed=1.460705e+00 cycle=10 time=5.118043e-02 dt=5.118043e-03
elapsed=1.872710e+00 cycle=20 time=1.023609e-01 dt=5.118043e-03
elapsed=2.253380e+00 cycle=30 time=1.535413e-01 dt=5.118043e-03
elapsed=2.664919e+00 cycle=40 time=2.047217e-01 dt=5.118043e-03
elapsed=3.045446e+00 cycle=50 time=2.559022e-01 dt=5.118043e-03
elapsed=3.455161e+00 cycle=60 time=3.070826e-01 dt=5.118043e-03
elapsed=3.835747e+00 cycle=70 time=3.582630e-01 dt=5.118043e-03
elapsed=4.261396e+00 cycle=80 time=4.094435e-01 dt=5.118043e-03
elapsed=4.642034e+00 cycle=90 time=4.606239e-01 dt=5.118043e-03
elapsed=5.053435e+00 cycle=100 time=5.118043e-01 dt=5.118043e-03
elapsed=5.433959e+00 cycle=110 time=5.629848e-01 dt=5.118043e-03
elapsed=5.856102e+00 cycle=120 time=6.141652e-01 dt=5.118043e-03
elapsed=6.236622e+00 cycle=130 time=6.653457e-01 dt=5.118043e-03
elapsed=6.646846e+00 cycle=140 time=7.165261e-01 dt=5.118043e-03
elapsed=7.027259e+00 cycle=150 time=7.677065e-01 dt=5.118043e-03
elapsed=7.448514e+00 cycle=160 time=8.188870e-01 dt=5.118043e-03
elapsed=7.829193e+00 cycle=170 time=8.700674e-01 dt=5.118043e-03
elapsed=8.240345e+00 cycle=180 time=9.212478e-01 dt=5.118043e-03
elapsed=8.620669e+00 cycle=190 time=9.724283e-01 dt=5.118043e-03
elapsed=9.043322e+00 cycle=200 time=1.023609e+00 dt=5.118043e-03
elapsed=9.423882e+00 cycle=210 time=1.074789e+00 dt=5.118043e-03
elapsed=9.835771e+00 cycle=220 time=1.125970e+00 dt=5.118043e-03
elapsed=1.021601e+01 cycle=230 time=1.177150e+00 dt=5.118043e-03
elapsed=1.063736e+01 cycle=240 time=1.228330e+00 dt=5.118043e-03
elapsed=1.101778e+01 cycle=250 time=1.279511e+00 dt=5.118043e-03
elapsed=1.142890e+01 cycle=260 time=1.330691e+00 dt=5.118043e-03
elapsed=1.180940e+01 cycle=270 time=1.381872e+00 dt=5.118043e-03
elapsed=1.223106e+01 cycle=280 time=1.433052e+00 dt=5.118043e-03
elapsed=1.261149e+01 cycle=290 time=1.484233e+00 dt=5.118043e-03
elapsed=1.302248e+01 cycle=300 time=1.535413e+00 dt=5.118043e-03
elapsed=1.340286e+01 cycle=310 time=1.586593e+00 dt=5.118043e-03
elapsed=1.382382e+01 cycle=320 time=1.637774e+00 dt=5.118043e-03
elapsed=1.420410e+01 cycle=330 time=1.688954e+00 dt=5.118043e-03
elapsed=1.461480e+01 cycle=340 time=1.740135e+00 dt=5.118043e-03
elapsed=1.499529e+01 cycle=350 time=1.791315e+00 dt=5.118043e-03
elapsed=1.541809e+01 cycle=360 time=1.842496e+00 dt=5.118043e-03
elapsed=1.579866e+01 cycle=370 time=1.893676e+00 dt=5.118043e-03
elapsed=1.621010e+01 cycle=380 time=1.944857e+00 dt=5.118043e-03
elapsed=1.659049e+01 cycle=390 time=1.996037e+00 dt=5.118043e-03
elapsed=1.744786e+01 cycle=400 time=2.047217e+00 dt=5.118043e-03
elapsed=1.782847e+01 cycle=410 time=2.098398e+00 dt=5.118043e-03
elapsed=1.824042e+01 cycle=420 time=2.149578e+00 dt=5.118043e-03
elapsed=1.866385e+01 cycle=430 time=2.200759e+00 dt=5.118043e-03
elapsed=1.904470e+01 cycle=440 time=2.251939e+00 dt=5.118043e-03
elapsed=1.945583e+01 cycle=450 time=2.303120e+00 dt=5.118043e-03
elapsed=1.983661e+01 cycle=460 time=2.354300e+00 dt=5.118043e-03
elapsed=2.025743e+01 cycle=470 time=2.405480e+00 dt=5.118043e-03
elapsed=2.063902e+01 cycle=480 time=2.456661e+00 dt=5.118043e-03
elapsed=2.104966e+01 cycle=490 time=2.507841e+00 dt=5.118043e-03
elapsed=2.142996e+01 cycle=500 time=2.559022e+00 dt=5.118043e-03
elapsed=2.185050e+01 cycle=510 time=2.610202e+00 dt=5.118043e-03
elapsed=2.223103e+01 cycle=520 time=2.661383e+00 dt=5.118043e-03
elapsed=2.264288e+01 cycle=530 time=2.712563e+00 dt=5.118043e-03
elapsed=2.302317e+01 cycle=540 time=2.763743e+00 dt=5.118043e-03
elapsed=2.344504e+01 cycle=550 time=2.814924e+00 dt=5.118043e-03
elapsed=2.382549e+01 cycle=560 time=2.866104e+00 dt=5.118043e-03
elapsed=2.423670e+01 cycle=570 time=2.917285e+00 dt=5.118043e-03
elapsed=2.461730e+01 cycle=580 time=2.968465e+00 dt=5.118043e-03
elapsed=2.503852e+01 cycle=590 time=3.019646e+00 dt=5.118043e-03
elapsed=2.541896e+01 cycle=600 time=3.070826e+00 dt=5.118043e-03
elapsed=2.583056e+01 cycle=610 time=3.122007e+00 dt=5.118043e-03
elapsed=2.621108e+01 cycle=620 time=3.173187e+00 dt=5.118043e-03
elapsed=2.663380e+01 cycle=630 time=3.224367e+00 dt=5.118043e-03
elapsed=2.701411e+01 cycle=640 time=3.275548e+00 dt=5.118043e-03
elapsed=2.742613e+01 cycle=650 time=3.326728e+00 dt=5.118043e-03
elapsed=2.780676e+01 cycle=660 time=3.377909e+00 dt=5.118043e-03
elapsed=2.822853e+01 cycle=670 time=3.429089e+00 dt=5.118043e-03
elapsed=2.860888e+01 cycle=680 time=3.480270e+00 dt=5.118043e-03
elapsed=2.901926e+01 cycle=690 time=3.531450e+00 dt=5.118043e-03
elapsed=2.939978e+01 cycle=700 time=3.582630e+00 dt=5.118043e-03
elapsed=2.981975e+01 cycle=710 time=3.633811e+00 dt=5.118043e-03
elapsed=3.020000e+01 cycle=720 time=3.684991e+00 dt=5.118043e-03
elapsed=3.061009e+01 cycle=730 time=3.736172e+00 dt=5.118043e-03
elapsed=3.099128e+01 cycle=740 time=3.787352e+00 dt=5.118043e-03
elapsed=3.141307e+01 cycle=750 time=3.838533e+00 dt=5.118043e-03
elapsed=3.179357e+01 cycle=760 time=3.889713e+00 dt=5.118043e-03
elapsed=3.220548e+01 cycle=770 time=3.940893e+00 dt=5.118043e-03
elapsed=3.258597e+01 cycle=780 time=3.992074e+00 dt=5.118043e-03
elapsed=3.352505e+01 cycle=790 time=4.043254e+00 dt=5.118043e-03
elapsed=3.390552e+01 cycle=800 time=4.094435e+00 dt=5.118043e-03
elapsed=3.431727e+01 cycle=810 time=4.145615e+00 dt=5.118043e-03
elapsed=3.469764e+01 cycle=820 time=4.196796e+00 dt=5.118043e-03
elapsed=3.512001e+01 cycle=830 time=4.247976e+00 dt=5.118043e-03
elapsed=3.550024e+01 cycle=840 time=4.299157e+00 dt=5.118043e-03
elapsed=3.591086e+01 cycle=850 time=4.350337e+00 dt=5.118043e-03
elapsed=3.633236e+01 cycle=860 time=4.401517e+00 dt=5.118043e-03
elapsed=3.671305e+01 cycle=870 time=4.452698e+00 dt=5.118043e-03
elapsed=3.712483e+01 cycle=880 time=4.503878e+00 dt=5.118043e-03
elapsed=3.750505e+01 cycle=890 time=4.555059e+00 dt=5.118043e-03
elapsed=3.792539e+01 cycle=900 time=4.606239e+00 dt=5.118043e-03
elapsed=3.830601e+01 cycle=910 time=4.657420e+00 dt=5.118043e-03
elapsed=3.871705e+01 cycle=920 time=4.708600e+00 dt=5.118043e-03
elapsed=3.909743e+01 cycle=930 time=4.759780e+00 dt=5.118043e-03
elapsed=3.951714e+01 cycle=940 time=4.810961e+00 dt=5.118043e-03
elapsed=3.989775e+01 cycle=950 time=4.862141e+00 dt=5.118043e-03
elapsed=4.030923e+01 cycle=960 time=4.913322e+00 dt=5.118043e-03
elapsed=4.068974e+01 cycle=970 time=4.964502e+00 dt=5.118043e-03
elapsed=4.111060e+01 cycle=980 time=5.015683e+00 dt=5.118043e-03
elapsed=4.149107e+01 cycle=990 time=5.066863e+00 dt=5.118043e-03
elapsed=4.190181e+01 cycle=1000 time=5.118043e+00 dt=5.118043e-03
elapsed=4.228214e+01 cycle=1010 time=5.169224e+00 dt=5.118043e-03
elapsed=4.270310e+01 cycle=1020 time=5.220404e+00 dt=5.118043e-03
elapsed=4.308333e+01 cycle=1030 time=5.271585e+00 dt=5.118043e-03
elapsed=4.349413e+01 cycle=1040 time=5.322765e+00 dt=5.118043e-03
elapsed=4.387449e+01 cycle=1050 time=5.373946e+00 dt=5.118043e-03
elapsed=4.429525e+01 cycle=1060 time=5.425126e+00 dt=5.118043e-03
elapsed=4.467581e+01 cycle=1070 time=5.476307e+00 dt=5.118043e-03
elapsed=4.508662e+01 cycle=1080 time=5.527487e+00 dt=5.118043e-03
elapsed=4.546710e+01 cycle=1090 time=5.578667e+00 dt=5.118043e-03
elapsed=4.588718e+01 cycle=1100 time=5.629848e+00 dt=5.118043e-03
elapsed=4.626794e+01 cycle=1110 time=5.681028e+00 dt=5.118043e-03
elapsed=4.667847e+01 cycle=1120 time=5.732209e+00 dt=5.118043e-03
elapsed=4.705892e+01 cycle=1130 time=5.783389e+00 dt=5.118043e-03
elapsed=4.748121e+01 cycle=1140 time=5.834570e+00 dt=5.118043e-03
elapsed=4.786151e+01 cycle=1150 time=5.885750e+00 dt=5.118043e-03
elapsed=4.827241e+01 cycle=1160 time=5.936930e+00 dt=5.118043e-03
elapsed=4.865295e+01 cycle=1170 time=5.988111e+00 dt=5.118043e-03
elapsed=4.947629e+01 cycle=1180 time=6.039291e+00 dt=5.118043e-03
elapsed=4.985679e+01 cycle=1190 time=6.090472e+00 dt=5.118043e-03
elapsed=5.026848e+01 cycle=1200 time=6.141652e+00 dt=5.118043e-03
elapsed=5.064877e+01 cycle=1210 time=6.192833e+00 dt=5.118043e-03
elapsed=5.106941e+01 cycle=1220 time=6.244013e+00 dt=5.118043e-03
elapsed=5.144992e+01 cycle=1230 time=6.295193e+00 dt=5.118043e-03
elapsed=5.185980e+01 cycle=1240 time=6.346374e+00 dt=5.118043e-03
elapsed=5.224055e+01 cycle=1250 time=6.397554e+00 dt=5.118043e-03
elapsed=5.266022e+01 cycle=1260 time=6.448735e+00 dt=5.118043e-03
elapsed=5.304069e+01 cycle=1270 time=6.499915e+00 dt=5.118043e-03
elapsed=5.345121e+01 cycle=1280 time=6.551096e+00 dt=5.118043e-03
elapsed=5.387236e+01 cycle=1290 time=6.602276e+00 dt=5.118043e-03
elapsed=5.425282e+01 cycle=1300 time=6.653457e+00 dt=5.118043e-03
elapsed=5.466277e+01 cycle=1310 time=6.704637e+00 dt=5.118043e-03
elapsed=5.504305e+01 cycle=1320 time=6.755817e+00 dt=5.118043e-03
elapsed=5.546235e+01 cycle=1330 time=6.806998e+00 dt=5.118043e-03
elapsed=5.584266e+01 cycle=1340 time=6.858178e+00 dt=5.118043e-03
elapsed=5.625279e+01 cycle=1350 time=6.909359e+00 dt=5.118043e-03
elapsed=5.663298e+01 cycle=1360 time=6.960539e+00 dt=5.118043e-03
elapsed=5.705188e+01 cycle=1370 time=7.011720e+00 dt=5.118043e-03
elapsed=5.743239e+01 cycle=1380 time=7.062900e+00 dt=5.118043e-03
elapsed=5.784208e+01 cycle=1390 time=7.114080e+00 dt=5.118043e-03
elapsed=5.822261e+01 cycle=1400 time=7.165261e+00 dt=5.118043e-03
elapsed=5.864178e+01 cycle=1410 time=7.216441e+00 dt=5.118043e-03
elapsed=5.902214e+01 cycle=1420 time=7.267622e+00 dt=5.118043e-03
elapsed=5.943177e+01 cycle=1430 time=7.318802e+00 dt=5.118043e-03
elapsed=5.981220e+01 cycle=1440 time=7.369983e+00 dt=5.118043e-03
elapsed=6.023353e+01 cycle=1450 time=7.421163e+00 dt=5.118043e-03
elapsed=6.061392e+01 cycle=1460 time=7.472344e+00 dt=5.118043e-03
elapsed=6.102408e+01 cycle=1470 time=7.523524e+00 dt=5.118043e-03
elapsed=6.140481e+01 cycle=1480 time=7.574704e+00 dt=5.118043e-03
elapsed=6.182527e+01 cycle=1490 time=7.625885e+00 dt=5.118043e-03
elapsed=6.220585e+01 cycle=1500 time=7.677065e+00 dt=5.118043e-03
elapsed=6.261612e+01 cycle=1510 time=7.728246e+00 dt=5.118043e-03
elapsed=6.299643e+01 cycle=1520 time=7.779426e+00 dt=5.118043e-03
elapsed=6.341716e+01 cycle=1530 time=7.830607e+00 dt=5.118043e-03
elapsed=6.379770e+01 cycle=1540 time=7.881787e+00 dt=5.118043e-03
elapsed=6.420775e+01 cycle=1550 time=7.932967e+00 dt=5.118043e-03
elapsed=6.458817e+01 cycle=1560 time=7.984148e+00 dt=5.118043e-03
elapsed=6.542187e+01 cycle=1570 time=8.035328e+00 dt=5.118043e-03
elapsed=6.580223e+01 cycle=1580 time=8.086509e+00 dt=5.118043e-03
elapsed=6.621362e+01 cycle=1590 time=8.137689e+00 dt=5.118043e-03
elapsed=6.659399e+01 cycle=1600 time=8.188870e+00 dt=5.118043e-03
elapsed=6.701336e+01 cycle=1610 time=8.240050e+00 dt=5.118043e-03
elapsed=6.739378e+01 cycle=1620 time=8.291230e+00 dt=5.118043e-03
elapsed=6.780448e+01 cycle=1630 time=8.342411e+00 dt=5.118043e-03
elapsed=6.818508e+01 cycle=1640 time=8.393591e+00 dt=5.118043e-03
elapsed=6.860566e+01 cycle=1650 time=8.444772e+00 dt=5.118043e-03
elapsed=6.898635e+01 cycle=1660 time=8.495952e+00 dt=5.118043e-03
elapsed=6.939761e+01 cycle=1670 time=8.547133e+00 dt=5.118043e-03
elapsed=6.977803e+01 cycle=1680 time=8.598313e+00 dt=5.118043e-03
elapsed=7.019888e+01 cycle=1690 time=8.649494e+00 dt=5.118043e-03
elapsed=7.060885e+01 cycle=1700 time=8.700674e+00 dt=5.118043e-03
elapsed=7.098919e+01 cycle=1710 time=8.751854e+00 dt=5.118043e-03
elapsed=7.140968e+01 cycle=1720 time=8.803035e+00 dt=5.118043e-03
elapsed=7.179024e+01 cycle=1730 time=8.854215e+00 dt=5.118043e-03
elapsed=7.220186e+01 cycle=1740 time=8.905396e+00 dt=5.118043e-03
elapsed=7.258232e+01 cycle=1750 time=8.956576e+00 dt=5.118043e-03
elapsed=7.300346e+01 cycle=1760 time=9.007757e+00 dt=5.118043e-03
elapsed=7.338420e+01 cycle=1770 time=9.058937e+00 dt=5.118043e-03
elapsed=7.379510e+01 cycle=1780 time=9.110117e+00 dt=5.118043e-03
elapsed=7.417567e+01 cycle=1790 time=9.161298e+00 dt=5.118043e-03
elapsed=7.459577e+01 cycle=1800 time=9.212478e+00 dt=5.118043e-03
elapsed=7.497620e+01 cycle=1810 time=9.263659e+00 dt=5.118043e-03
elapsed=7.538734e+01 cycle=1820 time=9.314839e+00 dt=5.118043e-03
elapsed=7.576799e+01 cycle=1830 time=9.366020e+00 dt=5.118043e-03
elapsed=7.619033e+01 cycle=1840 time=9.417200e+00 dt=5.118043e-03
elapsed=7.657098e+01 cycle=1850 time=9.468380e+00 dt=5.118043e-03
elapsed=7.698192e+01 cycle=1860 time=9.519561e+00 dt=5.118043e-03
elapsed=7.736226e+01 cycle=1870 time=9.570741e+00 dt=5.118043e-03
elapsed=7.778323e+01 cycle=1880 time=9.621922e+00 dt=5.118043e-03
elapsed=7.816371e+01 cycle=1890 time=9.673102e+00 dt=5.118043e-03
elapsed=7.857484e+01 cycle=1900 time=9.724283e+00 dt=5.118043e-03
elapsed=7.895552e+01 cycle=1910 time=9.775463e+00 dt=5.118043e-03
elapsed=7.937566e+01 cycle=1920 time=9.826644e+00 dt=5.118043e-03
elapsed=7.975599e+01 cycle=1930 time=9.877824e+00 dt=5.118043e-03
elapsed=8.016657e+01 cycle=1940 time=9.929004e+00 dt=5.118043e-03
elapsed=8.054741e+01 cycle=1950 time=9.980185e+00 dt=5.118043e-03
elapsed=8.143996e+01 cycle=1960 time=1.003137e+01 dt=5.118043e-03
elapsed=8.182045e+01 cycle=1970 time=1.008255e+01 dt=5.118043e-03
elapsed=8.223101e+01 cycle=1980 time=1.013373e+01 dt=5.118043e-03
elapsed=8.261150e+01 cycle=1990 time=1.018491e+01 dt=5.118043e-03
elapsed=8.302949e+01 cycle=2000 time=1.023609e+01 dt=5.118043e-03
elapsed=8.341017e+01 cycle=2010 time=1.028727e+01 dt=5.118043e-03
elapsed=8.382089e+01 cycle=2020 time=1.033845e+01 dt=5.118043e-03
elapsed=8.420112e+01 cycle=2030 time=1.038963e+01 dt=5.118043e-03
elapsed=8.462001e+01 cycle=2040 time=1.044081e+01 dt=5.118043e-03
elapsed=8.500070e+01 cycle=2050 time=1.049199e+01 dt=5.118043e-03
elapsed=8.541128e+01 cycle=2060 time=1.054317e+01 dt=5.118043e-03
elapsed=8.579188e+01 cycle=2070 time=1.059435e+01 dt=5.118043e-03
elapsed=8.620994e+01 cycle=2080 time=1.064553e+01 dt=5.118043e-03
elapsed=8.659040e+01 cycle=2090 time=1.069671e+01 dt=5.118043e-03
elapsed=8.699898e+01 cycle=2100 time=1.074789e+01 dt=5.118043e-03
elapsed=8.737965e+01 cycle=2110 time=1.079907e+01 dt=5.118043e-03
elapsed=8.779859e+01 cycle=2120 time=1.085025e+01 dt=5.118043e-03
elapsed=8.820899e+01 cycle=2130 time=1.090143e+01 dt=5.118043e-03
elapsed=8.858940e+01 cycle=2140 time=1.095261e+01 dt=5.118043e-03
elapsed=8.900823e+01 cycle=2150 time=1.100379e+01 dt=5.118043e-03
elapsed=8.938871e+01 cycle=2160 time=1.105497e+01 dt=5.118043e-03
elapsed=8.979955e+01 cycle=2170 time=1.110615e+01 dt=5.118043e-03
elapsed=9.017983e+01 cycle=2180 time=1.115733e+01 dt=5.118043e-03
elapsed=9.059838e+01 cycle=2190 time=1.120852e+01 dt=5.118043e-03
elapsed=9.097907e+01 cycle=2200 time=1.125970e+01 dt=5.118043e-03
elapsed=9.139002e+01 cycle=2210 time=1.131088e+01 dt=5.118043e-03
elapsed=9.177041e+01 cycle=2220 time=1.136206e+01 dt=5.118043e-03
elapsed=9.219026e+01 cycle=2230 time=1.141324e+01 dt=5.118043e-03
elapsed=9.257076e+01 cycle=2240 time=1.146442e+01 dt=5.118043e-03
elapsed=9.298148e+01 cycle=2250 time=1.151560e+01 dt=5.118043e-03
elapsed=9.336201e+01 cycle=2260 time=1.156678e+01 dt=5.118043e-03
elapsed=9.378151e+01 cycle=2270 time=1.161796e+01 dt=5.118043e-03
elapsed=9.416207e+01 cycle=2280 time=1.166914e+01 dt=5.118043e-03
elapsed=9.457256e+01 cycle=2290 time=1.172032e+01 dt=5.118043e-03
elapsed=9.495304e+01 cycle=2300 time=1.177150e+01 dt=5.118043e-03
elapsed=9.537471e+01 cycle=2310 time=1.182268e+01 dt=5.118043e-03
elapsed=9.575488e+01 cycle=2320 time=1.187386e+01 dt=5.118043e-03
elapsed=9.616599e+01 cycle=2330 time=1.192504e+01 dt=5.118043e-03
elapsed=9.654659e+01 cycle=2340 time=1.197622e+01 dt=5.118043e-03
elapsed=9.737176e+01 cycle=2350 time=1.202740e+01 dt=5.118043e-03
elapsed=9.775221e+01 cycle=2360 time=1.207858e+01 dt=5.118043e-03
elapsed=9.816456e+01 cycle=2370 time=1.212976e+01 dt=5.118043e-03
elapsed=9.854505e+01 cycle=2380 time=1.218094e+01 dt=5.118043e-03
elapsed=9.896703e+01 cycle=2390 time=1.223212e+01 dt=5.118043e-03
elapsed=9.934736e+01 cycle=2400 time=1.228330e+01 dt=5.118043e-03
elapsed=9.976010e+01 cycle=2410 time=1.233448e+01 dt=5.118043e-03
elapsed=1.001406e+02 cycle=2420 time=1.238567e+01 dt=5.118043e-03
elapsed=1.005632e+02 cycle=2430 time=1.243685e+01 dt=5.118043e-03
elapsed=1.009438e+02 cycle=2440 time=1.248803e+01 dt=5.118043e-03
elapsed=1.013561e+02 cycle=2450 time=1.253921e+01 dt=5.118043e-03
elapsed=1.017365e+02 cycle=2460 time=1.259039e+01 dt=5.118043e-03
elapsed=1.021594e+02 cycle=2470 time=1.264157e+01 dt=5.118043e-03
elapsed=1.025399e+02 cycle=2480 time=1.269275e+01 dt=5.118043e-03
elapsed=1.029517e+02 cycle=2490 time=1.274393e+01 dt=5.118043e-03
elapsed=1.033323e+02 cycle=2500 time=1.279511e+01 dt=5.118043e-03
elapsed=1.037550e+02 cycle=2510 time=1.284629e+01 dt=5.118043e-03
elapsed=1.041353e+02 cycle=2520 time=1.289747e+01 dt=5.118043e-03
elapsed=1.045471e+02 cycle=2530 time=1.294865e+01 dt=5.118043e-03
elapsed=1.049273e+02 cycle=2540 time=1.299983e+01 dt=5.118043e-03
elapsed=1.053485e+02 cycle=2550 time=1.305101e+01 dt=5.118043e-03
elapsed=1.057597e+02 cycle=2560 time=1.310219e+01 dt=5.118043e-03
elapsed=1.061402e+02 cycle=2570 time=1.315337e+01 dt=5.118043e-03
elapsed=1.065635e+02 cycle=2580 time=1.320455e+01 dt=5.118043e-03
elapsed=1.069439e+02 cycle=2590 time=1.325573e+01 dt=5.118043e-03
elapsed=1.073548e+02 cycle=2600 time=1.330691e+01 dt=5.118043e-03
elapsed=1.077351e+02 cycle=2610 time=1.335809e+01 dt=5.118043e-03
elapsed=1.081578e+02 cycle=2620 time=1.340927e+01 dt=5.118043e-03
elapsed=1.085380e+02 cycle=2630 time=1.346045e+01 dt=5.118043e-03
elapsed=1.089494e+02 cycle=2640 time=1.351163e+01 dt=5.118043e-03
elapsed=1.093300e+02 cycle=2650 time=1.356282e+01 dt=5.118043e-03
elapsed=1.097526e+02 cycle=2660 time=1.361400e+01 dt=5.118043e-03
elapsed=1.101330e+02 cycle=2670 time=1.366518e+01 dt=5.118043e-03
elapsed=1.105443e+02 cycle=2680 time=1.371636e+01 dt=5.118043e-03
elapsed=1.109249e+02 cycle=2690 time=1.376754e+01 dt=5.118043e-03
elapsed=1.113464e+02 cycle=2700 time=1.381872e+01 dt=5.118043e-03
elapsed=1.117271e+02 cycle=2710 time=1.386990e+01 dt=5.118043e-03
elapsed=1.121385e+02 cycle=2720 time=1.392108e+01 dt=5.118043e-03
elapsed=1.125189e+02 cycle=2730 time=1.397226e+01 dt=5.118043e-03
elapsed=1.133446e+02 cycle=2740 time=1.402344e+01 dt=5.118043e-03
elapsed=1.137252e+02 cycle=2750 time=1.407462e+01 dt=5.118043e-03
elapsed=1.141379e+02 cycle=2760 time=1.412580e+01 dt=5.118043e-03
elapsed=1.145184e+02 cycle=2770 time=1.417698e+01 dt=5.118043e-03
elapsed=1.149375e+02 cycle=2780 time=1.422816e+01 dt=5.118043e-03
elapsed=1.153178e+02 cycle=2790 time=1.427934e+01 dt=5.118043e-03
elapsed=1.157294e+02 cycle=2800 time=1.433052e+01 dt=5.118043e-03
elapsed=1.161097e+02 cycle=2810 time=1.438170e+01 dt=5.118043e-03
elapsed=1.165324e+02 cycle=2820 time=1.443288e+01 dt=5.118043e-03
elapsed=1.169128e+02 cycle=2830 time=1.448406e+01 dt=5.118043e-03
elapsed=1.173249e+02 cycle=2840 time=1.453524e+01 dt=5.118043e-03
elapsed=1.177054e+02 cycle=2850 time=1.458642e+01 dt=5.118043e-03
elapsed=1.181279e+02 cycle=2860 time=1.463760e+01 dt=5.118043e-03
elapsed=1.185085e+02 cycle=2870 time=1.468878e+01 dt=5.118043e-03
elapsed=1.189195e+02 cycle=2880 time=1.473997e+01 dt=5.118043e-03
elapsed=1.192999e+02 cycle=2890 time=1.479115e+01 dt=5.118043e-03
elapsed=1.197194e+02 cycle=2900 time=1.484233e+01 dt=5.118043e-03
elapsed=1.201001e+02 cycle=2910 time=1.489351e+01 dt=5.118043e-03
elapsed=1.205124e+02 cycle=2920 time=1.494469e+01 dt=5.118043e-03
elapsed=1.208930e+02 cycle=2930 time=1.499587e+01 dt=5.118043e-03
elapsed=1.213106e+02 cycle=2940 time=1.504705e+01 dt=5.118043e-03
elapsed=1.216911e+02 cycle=2950 time=1.509823e+01 dt=5.118043e-03
elapsed=1.221022e+02 cycle=2960 time=1.514941e+01 dt=5.118043e-03
elapsed=1.225223e+02 cycle=2970 time=1.520059e+01 dt=5.118043e-03
elapsed=1.229029e+02 cycle=2980 time=1.525177e+01 dt=5.118043e-03
elapsed=1.233150e+02 cycle=2990 time=1.530295e+01 dt=5.118043e-03
elapsed=1.236956e+02 cycle=3000 time=1.535413e+01 dt=5.118043e-03
elapsed=1.241171e+02 cycle=3010 time=1.540531e+01 dt=5.118043e-03
elapsed=1.244977e+02 cycle=3020 time=1.545649e+01 dt=5.118043e-03
elapsed=1.249100e+02 cycle=3030 time=1.550767e+01 dt=5.118043e-03
elapsed=1.252905e+02 cycle=3040 time=1.555885e+01 dt=5.118043e-03
elapsed=1.257141e+02 cycle=3050 time=1.561003e+01 dt=5.118043e-03
elapsed=1.260946e+02 cycle=3060 time=1.566121e+01 dt=5.118043e-03
elapsed=1.265059e+02 cycle=3070 time=1.571239e+01 dt=5.118043e-03
elapsed=1.268864e+02 cycle=3080 time=1.576357e+01 dt=5.118043e-03
elapsed=1.273080e+02 cycle=3090 time=1.581475e+01 dt=5.118043e-03
elapsed=1.276884e+02 cycle=3100 time=1.586593e+01 dt=5.118043e-03
elapsed=1.281000e+02 cycle=3110 time=1.591712e+01 dt=5.118043e-03
elapsed=1.284805e+02 cycle=3120 time=1.596830e+01 dt=5.118043e-03
elapsed=1.292895e+02 cycle=3130 time=1.601948e+01 dt=5.118043e-03
elapsed=1.296700e+02 cycle=3140 time=1.607066e+01 dt=5.118043e-03
elapsed=1.300815e+02 cycle=3150 time=1.612184e+01 dt=5.118043e-03
elapsed=1.304620e+02 cycle=3160 time=1.617302e+01 dt=5.118043e-03
elapsed=1.308820e+02 cycle=3170 time=1.622420e+01 dt=5.118043e-03
elapsed=1.312622e+02 cycle=3180 time=1.627538e+01 dt=5.118043e-03
elapsed=1.316756e+02 cycle=3190 time=1.632656e+01 dt=5.118043e-03
elapsed=1.320560e+02 cycle=3200 time=1.637774e+01 dt=5.118043e-03
elapsed=1.324768e+02 cycle=3210 time=1.642892e+01 dt=5.118043e-03
elapsed=1.328570e+02 cycle=3220 time=1.648010e+01 dt=5.118043e-03
elapsed=1.332686e+02 cycle=3230 time=1.653128e+01 dt=5.118043e-03
elapsed=1.336492e+02 cycle=3240 time=1.658246e+01 dt=5.118043e-03
elapsed=1.340706e+02 cycle=3250 time=1.663364e+01 dt=5.118043e-03
elapsed=1.344512e+02 cycle=3260 time=1.668482e+01 dt=5.118043e-03
elapsed=1.348626e+02 cycle=3270 time=1.673600e+01 dt=5.118043e-03
elapsed=1.352432e+02 cycle=3280 time=1.678718e+01 dt=5.118043e-03
elapsed=1.356647e+02 cycle=3290 time=1.683836e+01 dt=5.118043e-03
elapsed=1.360453e+02 cycle=3300 time=1.688954e+01 dt=5.118043e-03
elapsed=1.364560e+02 cycle=3310 time=1.694072e+01 dt=5.118043e-03
elapsed=1.368363e+02 cycle=3320 time=1.699190e+01 dt=5.118043e-03
elapsed=1.372583e+02 cycle=3330 time=1.704308e+01 dt=5.118043e-03
elapsed=1.376389e+02 cycle=3340 time=1.709427e+01 dt=5.118043e-03
elapsed=1.380505e+02 cycle=3350 time=1.714545e+01 dt=5.118043e-03
elapsed=1.384310e+02 cycle=3360 time=1.719663e+01 dt=5.118043e-03
elapsed=1.388530e+02 cycle=3370 time=1.724781e+01 dt=5.118043e-03
elapsed=1.392335e+02 cycle=3380 time=1.729899e+01 dt=5.118043e-03
elapsed=1.396461e+02 cycle=3390 time=1.735017e+01 dt=5.118043e-03
elapsed=1.400681e+02 cycle=3400 time=1.740135e+01 dt=5.118043e-03
elapsed=1.404484e+02 cycle=3410 time=1.745253e+01 dt=5.118043e-03
elapsed=1.408590e+02 cycle=3420 time=1.750371e+01 dt=5.118043e-03
elapsed=1.412397e+02 cycle=3430 time=1.755489e+01 dt=5.118043e-03
elapsed=1.416593e+02 cycle=3440 time=1.760607e+01 dt=5.118043e-03
elapsed=1.420398e+02 cycle=3450 time=1.765725e+01 dt=5.118043e-03
elapsed=1.424511e+02 cycle=3460 time=1.770843e+01 dt=5.118043e-03
elapsed=1.428317e+02 cycle=3470 time=1.775961e+01 dt=5.118043e-03
elapsed=1.432531e+02 cycle=3480 time=1.781079e+01 dt=5.118043e-03
elapsed=1.436332e+02 cycle=3490 time=1.786197e+01 dt=5.118043e-03
elapsed=1.440447e+02 cycle=3500 time=1.791315e+01 dt=5.118043e-03
elapsed=1.444253e+02 cycle=3510 time=1.796433e+01 dt=5.118043e-03
elapsed=1.452473e+02 cycle=3520 time=1.801551e+01 dt=5.118043e-03
elapsed=1.456277e+02 cycle=3530 time=1.806669e+01 dt=5.118043e-03
elapsed=1.460384e+02 cycle=3540 time=1.811787e+01 dt=5.118043e-03
elapsed=1.464187e+02 cycle=3550 time=1.816905e+01 dt=5.118043e-03
elapsed=1.468402e+02 cycle=3560 time=1.822023e+01 dt=5.118043e-03
elapsed=1.472206e+02 cycle=3570 time=1.827142e+01 dt=5.118043e-03
elapsed=1.476328e+02 cycle=3580 time=1.832260e+01 dt=5.118043e-03
elapsed=1.480135e+02 cycle=3590 time=1.837378e+01 dt=5.118043e-03
elapsed=1.484358e+02 cycle=3600 time=1.842496e+01 dt=5.118043e-03
elapsed=1.488165e+02 cycle=3610 time=1.847614e+01 dt=5.118043e-03
elapsed=1.492274e+02 cycle=3620 time=1.852732e+01 dt=5.118043e-03
elapsed=1.496079e+02 cycle=3630 time=1.857850e+01 dt=5.118043e-03
elapsed=1.500286e+02 cycle=3640 time=1.862968e+01 dt=5.118043e-03
elapsed=1.504090e+02 cycle=3650 time=1.868086e+01 dt=5.118043e-03
elapsed=1.508212e+02 cycle=3660 time=1.873204e+01 dt=5.118043e-03
elapsed=1.512017e+02 cycle=3670 time=1.878322e+01 dt=5.118043e-03
elapsed=1.516250e+02 cycle=3680 time=1.883440e+01 dt=5.118043e-03
elapsed=1.520052e+02 cycle=3690 time=1.888558e+01 dt=5.118043e-03
elapsed=1.524164e+02 cycle=3700 time=1.893676e+01 dt=5.118043e-03
elapsed=1.527967e+02 cycle=3710 time=1.898794e+01 dt=5.118043e-03
elapsed=1.532176e+02 cycle=3720 time=1.903912e+01 dt=5.118043e-03
elapsed=1.535980e+02 cycle=3730 time=1.909030e+01 dt=5.118043e-03
elapsed=1.540102e+02 cycle=3740 time=1.914148e+01 dt=5.118043e-03
elapsed=1.543907e+02 cycle=3750 time=1.919266e+01 dt=5.118043e-03
elapsed=1.548111e+02 cycle=3760 time=1.924384e+01 dt=5.118043e-03
elapsed=1.551917e+02 cycle=3770 time=1.929502e+01 dt=5.118043e-03
elapsed=1.556026e+02 cycle=3780 time=1.934620e+01 dt=5.118043e-03
elapsed=1.559830e+02 cycle=3790 time=1.939738e+01 dt=5.118043e-03
elapsed=1.564041e+02 cycle=3800 time=1.944857e+01 dt=5.118043e-03
elapsed=1.567845e+02 cycle=3810 time=1.949975e+01 dt=5.118043e-03
elapsed=1.571952e+02 cycle=3820 time=1.955093e+01 dt=5.118043e-03
elapsed=1.576171e+02 cycle=3830 time=1.960211e+01 dt=5.118043e-03
elapsed=1.579978e+02 cycle=3840 time=1.965329e+01 dt=5.118043e-03
elapsed=1.584094e+02 cycle=3850 time=1.970447e+01 dt=5.118043e-03
elapsed=1.587899e+02 cycle=3860 time=1.975565e+01 dt=5.118043e-03
elapsed=1.592102e+02 cycle=3870 time=1.980683e+01 dt=5.118043e-03
elapsed=1.595905e+02 cycle=3880 time=1.985801e+01 dt=5.118043e-03
elapsed=1.600007e+02 cycle=3890 time=1.990919e+01 dt=5.118043e-03
elapsed=1.603811e+02 cycle=3900 time=1.996037e+01 dt=5.118043e-03
reference-GH stationary trumpet: field Linf=6.465162e-12, constraint Linf=9.321782e-11, RHS estimate=1.100478e-16

Terminating on time limit
time=2.000000e+01 cycle=3908
tlim=2.000000e+01 nlim=-1

MeshBlock-cycles = 31264
cpu time used  = 1.602390e+02
zone-cycles/cpu_second = 6.393318e+06
particle-updates/cpu_second = 0.000000e+00
real 162.20
user 0.00
sys 0.01
