
Root grid = 1 x 1 x 1 MeshBlocks
Total number of MeshBlocks = 1
Number of logical  levels of refinement = 0 (1 levels total)
Number of physical levels of refinement = 0 (1 levels total)
Number of parallel ranks = 1
### WARNING in /home/hzhu/Desktop/research/gr/athenak/src/parameter_input.cpp: input parameter <output2>/file_type = rst was not used by the code (check for a typo)

Setup complete, executing task list(s)...

elapsed=4.502027e-02 cycle=0 time=0.000000e+00 dt=1.681669e-02
elapsed=1.932704e-01 cycle=1 time=1.681669e-02 dt=1.681669e-02
elapsed=3.195291e-01 cycle=2 time=3.363339e-02 dt=1.681669e-02
elapsed=4.474878e-01 cycle=3 time=5.045007e-02 dt=1.681668e-02
elapsed=5.748595e-01 cycle=4 time=6.726675e-02 dt=1.681666e-02
elapsed=7.019724e-01 cycle=5 time=8.408341e-02 dt=1.681664e-02
elapsed=8.269058e-01 cycle=6 time=1.009001e-01 dt=1.681662e-02
elapsed=9.534392e-01 cycle=7 time=1.177167e-01 dt=1.681660e-02
elapsed=1.080435e+00 cycle=8 time=1.345333e-01 dt=1.681658e-02
elapsed=1.206931e+00 cycle=9 time=1.513499e-01 dt=1.681655e-02
elapsed=1.332914e+00 cycle=10 time=1.681664e-01 dt=1.681652e-02
elapsed=1.459208e+00 cycle=11 time=1.849829e-01 dt=1.681649e-02
elapsed=1.585958e+00 cycle=12 time=2.017994e-01 dt=1.681646e-02
elapsed=1.712379e+00 cycle=13 time=2.186159e-01 dt=1.681643e-02
elapsed=1.839032e+00 cycle=14 time=2.354323e-01 dt=1.681639e-02
elapsed=1.965837e+00 cycle=15 time=2.522487e-01 dt=1.681636e-02
elapsed=2.092369e+00 cycle=16 time=2.690650e-01 dt=1.681632e-02
elapsed=2.218872e+00 cycle=17 time=2.858814e-01 dt=1.681628e-02
elapsed=2.345545e+00 cycle=18 time=3.026977e-01 dt=1.681625e-02
elapsed=2.472261e+00 cycle=19 time=3.195139e-01 dt=1.681621e-02
elapsed=2.599152e+00 cycle=20 time=3.363301e-01 dt=1.681617e-02
elapsed=2.726728e+00 cycle=21 time=3.531463e-01 dt=1.681614e-02
elapsed=2.853558e+00 cycle=22 time=3.699624e-01 dt=1.681610e-02
elapsed=2.982175e+00 cycle=23 time=3.867785e-01 dt=1.681606e-02
elapsed=3.109569e+00 cycle=24 time=4.035946e-01 dt=1.681603e-02
elapsed=3.236211e+00 cycle=25 time=4.204106e-01 dt=1.681599e-02
elapsed=3.363077e+00 cycle=26 time=4.372266e-01 dt=1.681596e-02
elapsed=3.490971e+00 cycle=27 time=4.540426e-01 dt=1.681592e-02
elapsed=3.619524e+00 cycle=28 time=4.708585e-01 dt=1.681589e-02
elapsed=3.746482e+00 cycle=29 time=4.876744e-01 dt=1.681586e-02
elapsed=3.873506e+00 cycle=30 time=5.044902e-01 dt=1.681583e-02
elapsed=4.000794e+00 cycle=31 time=5.213060e-01 dt=1.681580e-02
elapsed=4.128569e+00 cycle=32 time=5.381218e-01 dt=1.681577e-02
elapsed=4.256509e+00 cycle=33 time=5.549376e-01 dt=1.681574e-02
elapsed=4.384435e+00 cycle=34 time=5.717534e-01 dt=1.681572e-02
elapsed=4.513427e+00 cycle=35 time=5.885691e-01 dt=1.681569e-02
elapsed=4.643320e+00 cycle=36 time=6.053848e-01 dt=1.681567e-02
elapsed=4.770728e+00 cycle=37 time=6.222004e-01 dt=1.681565e-02
elapsed=4.898466e+00 cycle=38 time=6.390161e-01 dt=1.681563e-02
elapsed=5.027328e+00 cycle=39 time=6.558317e-01 dt=1.681562e-02
elapsed=5.154685e+00 cycle=40 time=6.726473e-01 dt=1.681560e-02
elapsed=5.281439e+00 cycle=41 time=6.894629e-01 dt=1.681559e-02
elapsed=5.408497e+00 cycle=42 time=7.062785e-01 dt=1.681558e-02
elapsed=5.537102e+00 cycle=43 time=7.230941e-01 dt=1.681558e-02
elapsed=5.665140e+00 cycle=44 time=7.399097e-01 dt=1.681557e-02
elapsed=5.793042e+00 cycle=45 time=7.567253e-01 dt=1.681557e-02
elapsed=5.920079e+00 cycle=46 time=7.735408e-01 dt=1.681557e-02
elapsed=6.047284e+00 cycle=47 time=7.903564e-01 dt=1.681558e-02
elapsed=6.174679e+00 cycle=48 time=8.071720e-01 dt=1.681558e-02
elapsed=6.302660e+00 cycle=49 time=8.239876e-01 dt=1.681559e-02
elapsed=6.429962e+00 cycle=50 time=8.408032e-01 dt=1.681561e-02
elapsed=6.556571e+00 cycle=51 time=8.576188e-01 dt=1.681562e-02
elapsed=6.685325e+00 cycle=52 time=8.744344e-01 dt=1.681564e-02
elapsed=6.815856e+00 cycle=53 time=8.912500e-01 dt=1.681567e-02
elapsed=6.945086e+00 cycle=54 time=9.080657e-01 dt=1.681569e-02
elapsed=7.071351e+00 cycle=55 time=9.248814e-01 dt=1.681572e-02
elapsed=7.197194e+00 cycle=56 time=9.416971e-01 dt=1.681576e-02
elapsed=7.323049e+00 cycle=57 time=9.585129e-01 dt=1.681580e-02
elapsed=7.451737e+00 cycle=58 time=9.753287e-01 dt=1.681584e-02
elapsed=7.590728e+00 cycle=59 time=9.921445e-01 dt=1.681588e-02
elapsed=7.717271e+00 cycle=60 time=1.008960e+00 dt=1.681594e-02
elapsed=7.844398e+00 cycle=61 time=1.025776e+00 dt=1.681599e-02
elapsed=7.972011e+00 cycle=62 time=1.042592e+00 dt=1.681605e-02
elapsed=8.100198e+00 cycle=63 time=1.059408e+00 dt=1.681612e-02
elapsed=8.228380e+00 cycle=64 time=1.076224e+00 dt=1.681619e-02
elapsed=8.356350e+00 cycle=65 time=1.093041e+00 dt=1.681626e-02
elapsed=8.483670e+00 cycle=66 time=1.109857e+00 dt=1.681634e-02
elapsed=8.613198e+00 cycle=67 time=1.126673e+00 dt=1.681642e-02
elapsed=8.742289e+00 cycle=68 time=1.143490e+00 dt=1.681651e-02
elapsed=8.871300e+00 cycle=69 time=1.160306e+00 dt=1.681661e-02
elapsed=8.999828e+00 cycle=70 time=1.177123e+00 dt=1.681671e-02
elapsed=9.129346e+00 cycle=71 time=1.193940e+00 dt=1.681682e-02
elapsed=9.259509e+00 cycle=72 time=1.210756e+00 dt=1.681693e-02
elapsed=9.391926e+00 cycle=73 time=1.227573e+00 dt=1.681705e-02
elapsed=9.522583e+00 cycle=74 time=1.244390e+00 dt=1.681717e-02
elapsed=9.648527e+00 cycle=75 time=1.261208e+00 dt=1.681731e-02
elapsed=9.775400e+00 cycle=76 time=1.278025e+00 dt=1.681744e-02
elapsed=9.902143e+00 cycle=77 time=1.294842e+00 dt=1.681759e-02
elapsed=1.002997e+01 cycle=78 time=1.311660e+00 dt=1.681774e-02
elapsed=1.016425e+01 cycle=79 time=1.328478e+00 dt=1.681790e-02
elapsed=1.029438e+01 cycle=80 time=1.345295e+00 dt=1.681806e-02
elapsed=1.042684e+01 cycle=81 time=1.362114e+00 dt=1.681823e-02
elapsed=1.055740e+01 cycle=82 time=1.378932e+00 dt=1.681841e-02
elapsed=1.068471e+01 cycle=83 time=1.395750e+00 dt=1.681860e-02
elapsed=1.081097e+01 cycle=84 time=1.412569e+00 dt=1.681879e-02
elapsed=1.093869e+01 cycle=85 time=1.429388e+00 dt=1.681900e-02
elapsed=1.106712e+01 cycle=86 time=1.446207e+00 dt=1.681921e-02
elapsed=1.119523e+01 cycle=87 time=1.463026e+00 dt=1.681942e-02
elapsed=1.132335e+01 cycle=88 time=1.479845e+00 dt=1.681965e-02
elapsed=1.145192e+01 cycle=89 time=1.496665e+00 dt=1.681988e-02
elapsed=1.158011e+01 cycle=90 time=1.513485e+00 dt=1.682013e-02
elapsed=1.170846e+01 cycle=91 time=1.530305e+00 dt=1.682038e-02
elapsed=1.183684e+01 cycle=92 time=1.547125e+00 dt=1.682064e-02
elapsed=1.196459e+01 cycle=93 time=1.563946e+00 dt=1.682091e-02
elapsed=1.209448e+01 cycle=94 time=1.580767e+00 dt=1.682118e-02
elapsed=1.222505e+01 cycle=95 time=1.597588e+00 dt=1.682147e-02
elapsed=1.235694e+01 cycle=96 time=1.614409e+00 dt=1.682177e-02
elapsed=1.248556e+01 cycle=97 time=1.631231e+00 dt=1.682207e-02
elapsed=1.261395e+01 cycle=98 time=1.648053e+00 dt=1.682239e-02
elapsed=1.274085e+01 cycle=99 time=1.664876e+00 dt=1.682271e-02
elapsed=1.287286e+01 cycle=100 time=1.681698e+00 dt=1.682305e-02
elapsed=1.300176e+01 cycle=101 time=1.698521e+00 dt=1.682339e-02
elapsed=1.313039e+01 cycle=102 time=1.715345e+00 dt=1.682375e-02
elapsed=1.325957e+01 cycle=103 time=1.732169e+00 dt=1.682411e-02
elapsed=1.338742e+01 cycle=104 time=1.748993e+00 dt=1.682448e-02
elapsed=1.351553e+01 cycle=105 time=1.765817e+00 dt=1.682487e-02
elapsed=1.364275e+01 cycle=106 time=1.782642e+00 dt=1.682527e-02
elapsed=1.377141e+01 cycle=107 time=1.799467e+00 dt=1.682567e-02
elapsed=1.389960e+01 cycle=108 time=1.816293e+00 dt=1.682609e-02
elapsed=1.402756e+01 cycle=109 time=1.833119e+00 dt=1.682652e-02
elapsed=1.415553e+01 cycle=110 time=1.849946e+00 dt=1.682696e-02
elapsed=1.428365e+01 cycle=111 time=1.866773e+00 dt=1.682741e-02
elapsed=1.441250e+01 cycle=112 time=1.883600e+00 dt=1.682787e-02
elapsed=1.454521e+01 cycle=113 time=1.900428e+00 dt=1.682834e-02
elapsed=1.467839e+01 cycle=114 time=1.917256e+00 dt=1.682883e-02
elapsed=1.481076e+01 cycle=115 time=1.934085e+00 dt=1.682932e-02
elapsed=1.494017e+01 cycle=116 time=1.950914e+00 dt=1.682983e-02
elapsed=1.507035e+01 cycle=117 time=1.967744e+00 dt=1.683035e-02
elapsed=1.519942e+01 cycle=118 time=1.984574e+00 dt=1.683088e-02
elapsed=1.532883e+01 cycle=119 time=2.001405e+00 dt=1.683143e-02
elapsed=1.545770e+01 cycle=120 time=2.018237e+00 dt=1.683198e-02
elapsed=1.558665e+01 cycle=121 time=2.035069e+00 dt=1.683255e-02
elapsed=1.571633e+01 cycle=122 time=2.051901e+00 dt=1.683313e-02
elapsed=1.584681e+01 cycle=123 time=2.068734e+00 dt=1.683372e-02
elapsed=1.597521e+01 cycle=124 time=2.085568e+00 dt=1.683433e-02
elapsed=1.610390e+01 cycle=125 time=2.102402e+00 dt=1.683494e-02
elapsed=1.623272e+01 cycle=126 time=2.119237e+00 dt=1.683557e-02
elapsed=1.636030e+01 cycle=127 time=2.136073e+00 dt=1.683621e-02
elapsed=1.648826e+01 cycle=128 time=2.152909e+00 dt=1.683687e-02
elapsed=1.661812e+01 cycle=129 time=2.169746e+00 dt=1.683754e-02
elapsed=1.675041e+01 cycle=130 time=2.186584e+00 dt=1.683822e-02
elapsed=1.687793e+01 cycle=131 time=2.203422e+00 dt=1.683891e-02
elapsed=1.700537e+01 cycle=132 time=2.220261e+00 dt=1.683962e-02
elapsed=1.713345e+01 cycle=133 time=2.237100e+00 dt=1.684033e-02
elapsed=1.726077e+01 cycle=134 time=2.253941e+00 dt=1.684107e-02
elapsed=1.738822e+01 cycle=135 time=2.270782e+00 dt=1.684181e-02
elapsed=1.752009e+01 cycle=136 time=2.287624e+00 dt=1.684257e-02
elapsed=1.764883e+01 cycle=137 time=2.304466e+00 dt=1.684334e-02
elapsed=1.777756e+01 cycle=138 time=2.321309e+00 dt=1.684412e-02
elapsed=1.791252e+01 cycle=139 time=2.338154e+00 dt=1.684492e-02
elapsed=1.805788e+01 cycle=140 time=2.354999e+00 dt=1.684573e-02
elapsed=1.818579e+01 cycle=141 time=2.371844e+00 dt=1.684656e-02
elapsed=1.832428e+01 cycle=142 time=2.388691e+00 dt=1.684739e-02
elapsed=1.845676e+01 cycle=143 time=2.405538e+00 dt=1.684824e-02
elapsed=1.859354e+01 cycle=144 time=2.422386e+00 dt=1.684911e-02
elapsed=1.872103e+01 cycle=145 time=2.439236e+00 dt=1.684998e-02
elapsed=1.884826e+01 cycle=146 time=2.456086e+00 dt=1.685088e-02
elapsed=1.897410e+01 cycle=147 time=2.472936e+00 dt=1.685178e-02
elapsed=1.910123e+01 cycle=148 time=2.489788e+00 dt=1.685270e-02
elapsed=1.922950e+01 cycle=149 time=2.506641e+00 dt=1.685363e-02
elapsed=1.935751e+01 cycle=150 time=2.523495e+00 dt=1.685457e-02
elapsed=1.948530e+01 cycle=151 time=2.540349e+00 dt=1.685553e-02
elapsed=1.961299e+01 cycle=152 time=2.557205e+00 dt=1.685650e-02
elapsed=1.974126e+01 cycle=153 time=2.574061e+00 dt=1.685748e-02
elapsed=1.986908e+01 cycle=154 time=2.590919e+00 dt=1.685848e-02
elapsed=1.999730e+01 cycle=155 time=2.607777e+00 dt=1.685949e-02
elapsed=2.012484e+01 cycle=156 time=2.624637e+00 dt=1.686051e-02
elapsed=2.025246e+01 cycle=157 time=2.641497e+00 dt=1.686155e-02
elapsed=2.038024e+01 cycle=158 time=2.658359e+00 dt=1.686260e-02
elapsed=2.050874e+01 cycle=159 time=2.675221e+00 dt=1.686366e-02
elapsed=2.063570e+01 cycle=160 time=2.692085e+00 dt=1.686474e-02
elapsed=2.076291e+01 cycle=161 time=2.708950e+00 dt=1.686583e-02
elapsed=2.089017e+01 cycle=162 time=2.725815e+00 dt=1.686693e-02
elapsed=2.101870e+01 cycle=163 time=2.742682e+00 dt=1.686804e-02
elapsed=2.114654e+01 cycle=164 time=2.759550e+00 dt=1.686917e-02
elapsed=2.127422e+01 cycle=165 time=2.776420e+00 dt=1.687031e-02
elapsed=2.140228e+01 cycle=166 time=2.793290e+00 dt=1.687147e-02
elapsed=2.153057e+01 cycle=167 time=2.810161e+00 dt=1.687263e-02
elapsed=2.165839e+01 cycle=168 time=2.827034e+00 dt=1.687381e-02
elapsed=2.178688e+01 cycle=169 time=2.843908e+00 dt=1.687501e-02
elapsed=2.191504e+01 cycle=170 time=2.860783e+00 dt=1.687621e-02
elapsed=2.204297e+01 cycle=171 time=2.877659e+00 dt=1.687743e-02
elapsed=2.217659e+01 cycle=172 time=2.894536e+00 dt=1.687866e-02
elapsed=2.230709e+01 cycle=173 time=2.911415e+00 dt=1.687990e-02
elapsed=2.243857e+01 cycle=174 time=2.928295e+00 dt=1.688115e-02
elapsed=2.256892e+01 cycle=175 time=2.945176e+00 dt=1.688242e-02
elapsed=2.270228e+01 cycle=176 time=2.962059e+00 dt=1.688370e-02
elapsed=2.283055e+01 cycle=177 time=2.978942e+00 dt=1.688499e-02
elapsed=2.295915e+01 cycle=178 time=2.995827e+00 dt=1.688629e-02
elapsed=2.308773e+01 cycle=179 time=3.012714e+00 dt=1.688761e-02
elapsed=2.321596e+01 cycle=180 time=3.029601e+00 dt=1.688893e-02
elapsed=2.334322e+01 cycle=181 time=3.046490e+00 dt=1.689027e-02
elapsed=2.347508e+01 cycle=182 time=3.063380e+00 dt=1.689162e-02
elapsed=2.360525e+01 cycle=183 time=3.080272e+00 dt=1.689298e-02
elapsed=2.373433e+01 cycle=184 time=3.097165e+00 dt=1.689436e-02
elapsed=2.386348e+01 cycle=185 time=3.114059e+00 dt=1.689574e-02
elapsed=2.399386e+01 cycle=186 time=3.130955e+00 dt=1.689714e-02
elapsed=2.412618e+01 cycle=187 time=3.147852e+00 dt=1.689854e-02
elapsed=2.425673e+01 cycle=188 time=3.164751e+00 dt=1.689996e-02
elapsed=2.438576e+01 cycle=189 time=3.181651e+00 dt=1.690139e-02
elapsed=2.451628e+01 cycle=190 time=3.198552e+00 dt=1.690283e-02
elapsed=2.465390e+01 cycle=191 time=3.215455e+00 dt=1.690428e-02
elapsed=2.478098e+01 cycle=192 time=3.232359e+00 dt=1.690574e-02
elapsed=2.490842e+01 cycle=193 time=3.249265e+00 dt=1.690721e-02
elapsed=2.503616e+01 cycle=194 time=3.266172e+00 dt=1.690869e-02
elapsed=2.516332e+01 cycle=195 time=3.283081e+00 dt=1.691018e-02
elapsed=2.529128e+01 cycle=196 time=3.299991e+00 dt=1.691168e-02
elapsed=2.541831e+01 cycle=197 time=3.316903e+00 dt=1.691319e-02
elapsed=2.554615e+01 cycle=198 time=3.333816e+00 dt=1.691472e-02
elapsed=2.567356e+01 cycle=199 time=3.350731e+00 dt=1.691625e-02
elapsed=2.580072e+01 cycle=200 time=3.367647e+00 dt=1.691779e-02
elapsed=2.592829e+01 cycle=201 time=3.384565e+00 dt=1.691934e-02
elapsed=2.605671e+01 cycle=202 time=3.401484e+00 dt=1.692090e-02
elapsed=2.618463e+01 cycle=203 time=3.418405e+00 dt=1.692246e-02
elapsed=2.631219e+01 cycle=204 time=3.435327e+00 dt=1.692404e-02
elapsed=2.644000e+01 cycle=205 time=3.452251e+00 dt=1.692563e-02
elapsed=2.656778e+01 cycle=206 time=3.469177e+00 dt=1.692722e-02
elapsed=2.669551e+01 cycle=207 time=3.486104e+00 dt=1.692883e-02
elapsed=2.682364e+01 cycle=208 time=3.503033e+00 dt=1.693044e-02
elapsed=2.695061e+01 cycle=209 time=3.519964e+00 dt=1.693206e-02
elapsed=2.707895e+01 cycle=210 time=3.536896e+00 dt=1.693369e-02
elapsed=2.720651e+01 cycle=211 time=3.553829e+00 dt=1.693533e-02
elapsed=2.733373e+01 cycle=212 time=3.570765e+00 dt=1.693697e-02
elapsed=2.746091e+01 cycle=213 time=3.587702e+00 dt=1.693862e-02
elapsed=2.758824e+01 cycle=214 time=3.604640e+00 dt=1.694028e-02
elapsed=2.771583e+01 cycle=215 time=3.621580e+00 dt=1.694195e-02
elapsed=2.784440e+01 cycle=216 time=3.638522e+00 dt=1.694363e-02
elapsed=2.797233e+01 cycle=217 time=3.655466e+00 dt=1.694531e-02
elapsed=2.810008e+01 cycle=218 time=3.672411e+00 dt=1.694700e-02
elapsed=2.822967e+01 cycle=219 time=3.689358e+00 dt=1.694869e-02
elapsed=2.836020e+01 cycle=220 time=3.706307e+00 dt=1.695039e-02
elapsed=2.849742e+01 cycle=221 time=3.723257e+00 dt=1.695210e-02
elapsed=2.862864e+01 cycle=222 time=3.740210e+00 dt=1.695382e-02
elapsed=2.876438e+01 cycle=223 time=3.757163e+00 dt=1.695554e-02
elapsed=2.889430e+01 cycle=224 time=3.774119e+00 dt=1.695727e-02
elapsed=2.903577e+01 cycle=225 time=3.791076e+00 dt=1.695900e-02
elapsed=2.916982e+01 cycle=226 time=3.808035e+00 dt=1.696074e-02
elapsed=2.929918e+01 cycle=227 time=3.824996e+00 dt=1.696248e-02
elapsed=2.943106e+01 cycle=228 time=3.841958e+00 dt=1.696423e-02
elapsed=2.956465e+01 cycle=229 time=3.858923e+00 dt=1.696599e-02
elapsed=2.969264e+01 cycle=230 time=3.875889e+00 dt=1.696775e-02
elapsed=2.982115e+01 cycle=231 time=3.892856e+00 dt=1.696951e-02
elapsed=2.994949e+01 cycle=232 time=3.909826e+00 dt=1.697128e-02
elapsed=3.007741e+01 cycle=233 time=3.926797e+00 dt=1.697305e-02
elapsed=3.020513e+01 cycle=234 time=3.943770e+00 dt=1.697483e-02
elapsed=3.033318e+01 cycle=235 time=3.960745e+00 dt=1.697661e-02
elapsed=3.046100e+01 cycle=236 time=3.977722e+00 dt=1.697840e-02
elapsed=3.059013e+01 cycle=237 time=3.994700e+00 dt=1.698019e-02
elapsed=3.071983e+01 cycle=238 time=4.011680e+00 dt=1.698198e-02
elapsed=3.085030e+01 cycle=239 time=4.028662e+00 dt=1.698378e-02
elapsed=3.098045e+01 cycle=240 time=4.045646e+00 dt=1.698558e-02
elapsed=3.111033e+01 cycle=241 time=4.062632e+00 dt=1.698738e-02
elapsed=3.124007e+01 cycle=242 time=4.079619e+00 dt=1.698919e-02
elapsed=3.136841e+01 cycle=243 time=4.096608e+00 dt=1.699100e-02
elapsed=3.149732e+01 cycle=244 time=4.113599e+00 dt=1.699281e-02
elapsed=3.162700e+01 cycle=245 time=4.130592e+00 dt=1.699462e-02
elapsed=3.175819e+01 cycle=246 time=4.147587e+00 dt=1.699643e-02
elapsed=3.188914e+01 cycle=247 time=4.164583e+00 dt=1.699825e-02
elapsed=3.201958e+01 cycle=248 time=4.181581e+00 dt=1.700007e-02
elapsed=3.214828e+01 cycle=249 time=4.198581e+00 dt=1.700188e-02
elapsed=3.227644e+01 cycle=250 time=4.215583e+00 dt=1.700371e-02
elapsed=3.240280e+01 cycle=251 time=4.232587e+00 dt=1.700553e-02
elapsed=3.253036e+01 cycle=252 time=4.249592e+00 dt=1.700735e-02
elapsed=3.265800e+01 cycle=253 time=4.266600e+00 dt=1.700917e-02
elapsed=3.278475e+01 cycle=254 time=4.283609e+00 dt=1.701099e-02
elapsed=3.291189e+01 cycle=255 time=4.300620e+00 dt=1.701281e-02
elapsed=3.303977e+01 cycle=256 time=4.317633e+00 dt=1.701464e-02
elapsed=3.316849e+01 cycle=257 time=4.334647e+00 dt=1.701646e-02
elapsed=3.329750e+01 cycle=258 time=4.351664e+00 dt=1.701828e-02
elapsed=3.342483e+01 cycle=259 time=4.368682e+00 dt=1.702010e-02
elapsed=3.355291e+01 cycle=260 time=4.385702e+00 dt=1.702192e-02
elapsed=3.368605e+01 cycle=261 time=4.402724e+00 dt=1.702374e-02
elapsed=3.381606e+01 cycle=262 time=4.419748e+00 dt=1.702555e-02
elapsed=3.394619e+01 cycle=263 time=4.436773e+00 dt=1.702737e-02
elapsed=3.407538e+01 cycle=264 time=4.453801e+00 dt=1.702918e-02
elapsed=3.420962e+01 cycle=265 time=4.470830e+00 dt=1.703099e-02
elapsed=3.434699e+01 cycle=266 time=4.487861e+00 dt=1.703279e-02
elapsed=3.447857e+01 cycle=267 time=4.504894e+00 dt=1.703459e-02
elapsed=3.460968e+01 cycle=268 time=4.521928e+00 dt=1.703639e-02
elapsed=3.473932e+01 cycle=269 time=4.538965e+00 dt=1.703819e-02
elapsed=3.487088e+01 cycle=270 time=4.556003e+00 dt=1.703998e-02
elapsed=3.499860e+01 cycle=271 time=4.573043e+00 dt=1.704177e-02
elapsed=3.513042e+01 cycle=272 time=4.590085e+00 dt=1.704355e-02
elapsed=3.525790e+01 cycle=273 time=4.607128e+00 dt=1.704533e-02
elapsed=3.538499e+01 cycle=274 time=4.624174e+00 dt=1.704710e-02
elapsed=3.551371e+01 cycle=275 time=4.641221e+00 dt=1.704887e-02
elapsed=3.564271e+01 cycle=276 time=4.658270e+00 dt=1.705063e-02
elapsed=3.577162e+01 cycle=277 time=4.675320e+00 dt=1.705239e-02
elapsed=3.590222e+01 cycle=278 time=4.692373e+00 dt=1.705414e-02
elapsed=3.603122e+01 cycle=279 time=4.709427e+00 dt=1.705588e-02
elapsed=3.615861e+01 cycle=280 time=4.726483e+00 dt=1.705761e-02
elapsed=3.628512e+01 cycle=281 time=4.743540e+00 dt=1.705934e-02
elapsed=3.641154e+01 cycle=282 time=4.760600e+00 dt=1.706106e-02
elapsed=3.653862e+01 cycle=283 time=4.777661e+00 dt=1.706277e-02
elapsed=3.666573e+01 cycle=284 time=4.794723e+00 dt=1.706447e-02
elapsed=3.679414e+01 cycle=285 time=4.811788e+00 dt=1.706616e-02
elapsed=3.692062e+01 cycle=286 time=4.828854e+00 dt=1.706784e-02
elapsed=3.704974e+01 cycle=287 time=4.845922e+00 dt=1.706951e-02
elapsed=3.717713e+01 cycle=288 time=4.862991e+00 dt=1.707117e-02
elapsed=3.730296e+01 cycle=289 time=4.880063e+00 dt=1.707281e-02
elapsed=3.742941e+01 cycle=290 time=4.897135e+00 dt=1.707445e-02
elapsed=3.755739e+01 cycle=291 time=4.914210e+00 dt=1.707607e-02
elapsed=3.768546e+01 cycle=292 time=4.931286e+00 dt=1.707768e-02
elapsed=3.781310e+01 cycle=293 time=4.948364e+00 dt=1.707928e-02
elapsed=3.794029e+01 cycle=294 time=4.965443e+00 dt=1.708086e-02
elapsed=3.806806e+01 cycle=295 time=4.982524e+00 dt=1.708243e-02
elapsed=3.819550e+01 cycle=296 time=4.999606e+00 dt=3.939107e-04
FO-GH puncture boundedness passed: rmin=4.330127e-01, state max=1.129909e+00, near RHS max=5.997276e-01, ADM adapter error=0.000000e+00
elapsed=3.835558e+01 cycle=297 time=5.000000e+00 dt=7.878214e-04

Terminating on time limit
time=5.000000e+00 cycle=297
tlim=5.000000e+00 nlim=-1

MeshBlock-cycles = 297
cpu time used  = 3.831056e+01
zone-cycles/cpu_second = 3.175396e+04
particle-updates/cpu_second = 0.000000e+00
