
Root grid = 1 x 1 x 1 MeshBlocks
Total number of MeshBlocks = 1
Number of logical  levels of refinement = 0 (1 levels total)
Number of physical levels of refinement = 0 (1 levels total)
Number of parallel ranks = 1
### WARNING in /lus/flare/projects/CompactBinaryMerger/hzhu/refgh_simple_controlled_20260822_1162bab4_v1/src/src/parameter_input.cpp: input parameter <time>/start_time = 0 was not used by the code (check for a typo)

Setup complete, executing task list(s)...

elapsed=2.730839e-01 cycle=1 time=1.089307e-02 dt=1.089307e-02
reference-GH controlled Schwarzschild final: time=2.178615e-02 state Linf=1.000013e+00 bad-state=0.000000e+00
elapsed=1.740313e+00 cycle=2 time=2.178615e-02 dt=1.089307e-02

Terminating on cycle limit
time=2.178615e-02 cycle=2
tlim=1.000000e-01 nlim=2

MeshBlock-cycles = 1
cpu time used  = 1.467241e+00
zone-cycles/cpu_second = 2.233307e+04
particle-updates/cpu_second = 0.000000e+00
real 2.34
user 0.00
sys 0.00
