
Root grid = 2 x 2 x 1 MeshBlocks
Total number of MeshBlocks = 7
Number of logical  levels of refinement = 2 (3 levels total)
Number of physical levels of refinement = 1 (2 levels total)
Number of parallel ranks = 1

Setup complete, executing task list(s)...

elapsed=2.503196e-02 cycle=0 time=0.000000e+00 dt=6.250000e-05
elapsed=1.050815e-01 cycle=1 time=6.250000e-05 dt=6.250000e-05
elapsed=1.835096e-01 cycle=2 time=1.250000e-04 dt=6.250000e-05
elapsed=2.622782e-01 cycle=3 time=1.875000e-04 dt=6.250000e-05
elapsed=3.407667e-01 cycle=4 time=2.500000e-04 dt=6.250000e-05
elapsed=4.194582e-01 cycle=5 time=3.125000e-04 dt=6.250000e-05
elapsed=4.981485e-01 cycle=6 time=3.750000e-04 dt=6.250000e-05
elapsed=5.767788e-01 cycle=7 time=4.375000e-04 dt=6.250000e-05
elapsed=6.557646e-01 cycle=8 time=5.000000e-04 dt=6.250000e-05
elapsed=7.349288e-01 cycle=9 time=5.625000e-04 dt=6.250000e-05
elapsed=8.136341e-01 cycle=10 time=6.250000e-04 dt=6.250000e-05
elapsed=8.927784e-01 cycle=11 time=6.875000e-04 dt=6.250000e-05
elapsed=9.718308e-01 cycle=12 time=7.500000e-04 dt=6.250000e-05
elapsed=1.050729e+00 cycle=13 time=8.125000e-04 dt=6.250000e-05
elapsed=1.129676e+00 cycle=14 time=8.750000e-04 dt=6.250000e-05
elapsed=1.208779e+00 cycle=15 time=9.375000e-04 dt=6.250000e-05
elapsed=1.287553e+00 cycle=16 time=1.000000e-03 dt=6.250000e-05
elapsed=1.366496e+00 cycle=17 time=1.062500e-03 dt=6.250000e-05
elapsed=1.445413e+00 cycle=18 time=1.125000e-03 dt=6.250000e-05
elapsed=1.524358e+00 cycle=19 time=1.187500e-03 dt=6.250000e-05
elapsed=1.603423e+00 cycle=20 time=1.250000e-03 dt=6.250000e-05
elapsed=1.682605e+00 cycle=21 time=1.312500e-03 dt=6.250000e-05
elapsed=1.761608e+00 cycle=22 time=1.375000e-03 dt=6.250000e-05
elapsed=1.840564e+00 cycle=23 time=1.437500e-03 dt=6.250000e-05
elapsed=1.919420e+00 cycle=24 time=1.500000e-03 dt=6.250000e-05
elapsed=1.998222e+00 cycle=25 time=1.562500e-03 dt=6.250000e-05
elapsed=2.077136e+00 cycle=26 time=1.625000e-03 dt=6.250000e-05
elapsed=2.155897e+00 cycle=27 time=1.687500e-03 dt=6.250000e-05
elapsed=2.234825e+00 cycle=28 time=1.750000e-03 dt=6.250000e-05
elapsed=2.313516e+00 cycle=29 time=1.812500e-03 dt=6.250000e-05
elapsed=2.392306e+00 cycle=30 time=1.875000e-03 dt=6.250000e-05
elapsed=2.473945e+00 cycle=31 time=1.937500e-03 dt=6.250000e-05
elapsed=2.553425e+00 cycle=32 time=2.000000e-03 dt=6.250000e-05
elapsed=2.632524e+00 cycle=33 time=2.062500e-03 dt=6.250000e-05
elapsed=2.711508e+00 cycle=34 time=2.125000e-03 dt=6.250000e-05
elapsed=2.790656e+00 cycle=35 time=2.187500e-03 dt=6.250000e-05
elapsed=2.869871e+00 cycle=36 time=2.250000e-03 dt=6.250000e-05
elapsed=2.949050e+00 cycle=37 time=2.312500e-03 dt=6.250000e-05
elapsed=3.028269e+00 cycle=38 time=2.375000e-03 dt=6.250000e-05
elapsed=3.107277e+00 cycle=39 time=2.437500e-03 dt=6.250000e-05
elapsed=3.186295e+00 cycle=40 time=2.500000e-03 dt=6.250000e-05
elapsed=3.265483e+00 cycle=41 time=2.562500e-03 dt=6.250000e-05
elapsed=3.344756e+00 cycle=42 time=2.625000e-03 dt=6.250000e-05
elapsed=3.423855e+00 cycle=43 time=2.687500e-03 dt=6.250000e-05
elapsed=3.503377e+00 cycle=44 time=2.750000e-03 dt=6.250000e-05
elapsed=3.582713e+00 cycle=45 time=2.812500e-03 dt=6.250000e-05
elapsed=3.661789e+00 cycle=46 time=2.875000e-03 dt=6.250000e-05
elapsed=3.740632e+00 cycle=47 time=2.937500e-03 dt=6.250000e-05
elapsed=3.819662e+00 cycle=48 time=3.000000e-03 dt=6.250000e-05
elapsed=3.898667e+00 cycle=49 time=3.062500e-03 dt=6.250000e-05
elapsed=3.977698e+00 cycle=50 time=3.125000e-03 dt=6.250000e-05
elapsed=4.056932e+00 cycle=51 time=3.187500e-03 dt=6.250000e-05
elapsed=4.135847e+00 cycle=52 time=3.250000e-03 dt=6.250000e-05
elapsed=4.215004e+00 cycle=53 time=3.312500e-03 dt=6.250000e-05
elapsed=4.294346e+00 cycle=54 time=3.375000e-03 dt=6.250000e-05
elapsed=4.373611e+00 cycle=55 time=3.437500e-03 dt=6.250000e-05
elapsed=4.452674e+00 cycle=56 time=3.500000e-03 dt=6.250000e-05
elapsed=4.531775e+00 cycle=57 time=3.562500e-03 dt=6.250000e-05
elapsed=4.610613e+00 cycle=58 time=3.625000e-03 dt=6.250000e-05
elapsed=4.689785e+00 cycle=59 time=3.687500e-03 dt=6.250000e-05
elapsed=4.768820e+00 cycle=60 time=3.750000e-03 dt=6.250000e-05
elapsed=4.847806e+00 cycle=61 time=3.812500e-03 dt=6.250000e-05
elapsed=4.927017e+00 cycle=62 time=3.875000e-03 dt=6.250000e-05
elapsed=5.005968e+00 cycle=63 time=3.937500e-03 dt=6.250000e-05
elapsed=5.084998e+00 cycle=64 time=4.000000e-03 dt=6.250000e-05
elapsed=5.163920e+00 cycle=65 time=4.062500e-03 dt=6.250000e-05
elapsed=5.243150e+00 cycle=66 time=4.125000e-03 dt=6.250000e-05
elapsed=5.322188e+00 cycle=67 time=4.187500e-03 dt=6.250000e-05
elapsed=5.401556e+00 cycle=68 time=4.250000e-03 dt=6.250000e-05
elapsed=5.480744e+00 cycle=69 time=4.312500e-03 dt=6.250000e-05
elapsed=5.559956e+00 cycle=70 time=4.375000e-03 dt=6.250000e-05
elapsed=5.639006e+00 cycle=71 time=4.437500e-03 dt=6.250000e-05
elapsed=5.717937e+00 cycle=72 time=4.500000e-03 dt=6.250000e-05
elapsed=5.797003e+00 cycle=73 time=4.562500e-03 dt=6.250000e-05
elapsed=5.876198e+00 cycle=74 time=4.625000e-03 dt=6.250000e-05
elapsed=5.955287e+00 cycle=75 time=4.687500e-03 dt=6.250000e-05
elapsed=6.034585e+00 cycle=76 time=4.750000e-03 dt=6.250000e-05
elapsed=6.113511e+00 cycle=77 time=4.812500e-03 dt=6.250000e-05
elapsed=6.192862e+00 cycle=78 time=4.875000e-03 dt=6.250000e-05
elapsed=6.271934e+00 cycle=79 time=4.937500e-03 dt=6.250000e-05
elapsed=6.359890e+00 cycle=80 time=5.000000e-03 dt=6.250000e-05
elapsed=6.439145e+00 cycle=81 time=5.062500e-03 dt=6.250000e-05
elapsed=6.518123e+00 cycle=82 time=5.125000e-03 dt=6.250000e-05
elapsed=6.597124e+00 cycle=83 time=5.187500e-03 dt=6.250000e-05
elapsed=6.676146e+00 cycle=84 time=5.250000e-03 dt=6.250000e-05
elapsed=6.754974e+00 cycle=85 time=5.312500e-03 dt=6.250000e-05
elapsed=6.833754e+00 cycle=86 time=5.375000e-03 dt=6.250000e-05
elapsed=6.912863e+00 cycle=87 time=5.437500e-03 dt=6.250000e-05
elapsed=6.992010e+00 cycle=88 time=5.500000e-03 dt=6.250000e-05
elapsed=7.071082e+00 cycle=89 time=5.562500e-03 dt=6.250000e-05
elapsed=7.150001e+00 cycle=90 time=5.625000e-03 dt=6.250000e-05
elapsed=7.228933e+00 cycle=91 time=5.687500e-03 dt=6.250000e-05
elapsed=7.307789e+00 cycle=92 time=5.750000e-03 dt=6.250000e-05
elapsed=7.386922e+00 cycle=93 time=5.812500e-03 dt=6.250000e-05
elapsed=7.466024e+00 cycle=94 time=5.875000e-03 dt=6.250000e-05
elapsed=7.545138e+00 cycle=95 time=5.937500e-03 dt=6.250000e-05
elapsed=7.624250e+00 cycle=96 time=6.000000e-03 dt=6.250000e-05
elapsed=7.704380e+00 cycle=97 time=6.062500e-03 dt=6.250000e-05
elapsed=7.783925e+00 cycle=98 time=6.125000e-03 dt=6.250000e-05
elapsed=7.863629e+00 cycle=99 time=6.187500e-03 dt=6.250000e-05
elapsed=7.943326e+00 cycle=100 time=6.250000e-03 dt=6.250000e-05
elapsed=8.022853e+00 cycle=101 time=6.312500e-03 dt=6.250000e-05
elapsed=8.102193e+00 cycle=102 time=6.375000e-03 dt=6.250000e-05
elapsed=8.181509e+00 cycle=103 time=6.437500e-03 dt=6.250000e-05
elapsed=8.260711e+00 cycle=104 time=6.500000e-03 dt=6.250000e-05
elapsed=8.339807e+00 cycle=105 time=6.562500e-03 dt=6.250000e-05
elapsed=8.419041e+00 cycle=106 time=6.625000e-03 dt=6.250000e-05
elapsed=8.498107e+00 cycle=107 time=6.687500e-03 dt=6.250000e-05
elapsed=8.577328e+00 cycle=108 time=6.750000e-03 dt=6.250000e-05
elapsed=8.656708e+00 cycle=109 time=6.812500e-03 dt=6.250000e-05
elapsed=8.735816e+00 cycle=110 time=6.875000e-03 dt=6.250000e-05
elapsed=8.814901e+00 cycle=111 time=6.937500e-03 dt=6.250000e-05
elapsed=8.894157e+00 cycle=112 time=7.000000e-03 dt=6.250000e-05
elapsed=8.973338e+00 cycle=113 time=7.062500e-03 dt=6.250000e-05
elapsed=9.052626e+00 cycle=114 time=7.125000e-03 dt=6.250000e-05
elapsed=9.131902e+00 cycle=115 time=7.187500e-03 dt=6.250000e-05
elapsed=9.211085e+00 cycle=116 time=7.250000e-03 dt=6.250000e-05
elapsed=9.290167e+00 cycle=117 time=7.312500e-03 dt=6.250000e-05
elapsed=9.369562e+00 cycle=118 time=7.375000e-03 dt=6.250000e-05
elapsed=9.449022e+00 cycle=119 time=7.437500e-03 dt=6.250000e-05
elapsed=9.528559e+00 cycle=120 time=7.500000e-03 dt=6.250000e-05
elapsed=9.607730e+00 cycle=121 time=7.562500e-03 dt=6.250000e-05
elapsed=9.686826e+00 cycle=122 time=7.625000e-03 dt=6.250000e-05
elapsed=9.766122e+00 cycle=123 time=7.687500e-03 dt=6.250000e-05
elapsed=9.845177e+00 cycle=124 time=7.750000e-03 dt=6.250000e-05
elapsed=9.924380e+00 cycle=125 time=7.812500e-03 dt=6.250000e-05
elapsed=1.000442e+01 cycle=126 time=7.875000e-03 dt=6.250000e-05
elapsed=1.008359e+01 cycle=127 time=7.937500e-03 dt=6.250000e-05
elapsed=1.016288e+01 cycle=128 time=8.000000e-03 dt=6.250000e-05
elapsed=1.024217e+01 cycle=129 time=8.062500e-03 dt=6.250000e-05
elapsed=1.032115e+01 cycle=130 time=8.125000e-03 dt=6.250000e-05
elapsed=1.040008e+01 cycle=131 time=8.187500e-03 dt=6.250000e-05
elapsed=1.047930e+01 cycle=132 time=8.250000e-03 dt=6.250000e-05
elapsed=1.055853e+01 cycle=133 time=8.312500e-03 dt=6.250000e-05
elapsed=1.063747e+01 cycle=134 time=8.375000e-03 dt=6.250000e-05
elapsed=1.071676e+01 cycle=135 time=8.437500e-03 dt=6.250000e-05
elapsed=1.079612e+01 cycle=136 time=8.500000e-03 dt=6.250000e-05
elapsed=1.087529e+01 cycle=137 time=8.562500e-03 dt=6.250000e-05
elapsed=1.095455e+01 cycle=138 time=8.625000e-03 dt=6.250000e-05
elapsed=1.103372e+01 cycle=139 time=8.687500e-03 dt=6.250000e-05
elapsed=1.111300e+01 cycle=140 time=8.750000e-03 dt=6.250000e-05
elapsed=1.119247e+01 cycle=141 time=8.812500e-03 dt=6.250000e-05
elapsed=1.127182e+01 cycle=142 time=8.875000e-03 dt=6.250000e-05
elapsed=1.135108e+01 cycle=143 time=8.937500e-03 dt=6.250000e-05
elapsed=1.143040e+01 cycle=144 time=9.000000e-03 dt=6.250000e-05
elapsed=1.150966e+01 cycle=145 time=9.062500e-03 dt=6.250000e-05
elapsed=1.158896e+01 cycle=146 time=9.125000e-03 dt=6.250000e-05
elapsed=1.166852e+01 cycle=147 time=9.187500e-03 dt=6.250000e-05
elapsed=1.174768e+01 cycle=148 time=9.250000e-03 dt=6.250000e-05
elapsed=1.182714e+01 cycle=149 time=9.312500e-03 dt=6.250000e-05
elapsed=1.190621e+01 cycle=150 time=9.375000e-03 dt=6.250000e-05
elapsed=1.198533e+01 cycle=151 time=9.437500e-03 dt=6.250000e-05
elapsed=1.206440e+01 cycle=152 time=9.500000e-03 dt=6.250000e-05
elapsed=1.214353e+01 cycle=153 time=9.562500e-03 dt=6.250000e-05
elapsed=1.222264e+01 cycle=154 time=9.625000e-03 dt=6.250000e-05
elapsed=1.230167e+01 cycle=155 time=9.687500e-03 dt=6.250000e-05
elapsed=1.238065e+01 cycle=156 time=9.750000e-03 dt=6.250000e-05
elapsed=1.245982e+01 cycle=157 time=9.812500e-03 dt=6.250000e-05
elapsed=1.253944e+01 cycle=158 time=9.875000e-03 dt=6.250000e-05
elapsed=1.261939e+01 cycle=159 time=9.937500e-03 dt=6.250000e-05
elapsed=1.270790e+01 cycle=160 time=1.000000e-02 dt=6.250000e-05
elapsed=1.278765e+01 cycle=161 time=1.006250e-02 dt=6.250000e-05
elapsed=1.286686e+01 cycle=162 time=1.012500e-02 dt=6.250000e-05
elapsed=1.294629e+01 cycle=163 time=1.018750e-02 dt=6.250000e-05
elapsed=1.302537e+01 cycle=164 time=1.025000e-02 dt=6.250000e-05
elapsed=1.310462e+01 cycle=165 time=1.031250e-02 dt=6.250000e-05
elapsed=1.318507e+01 cycle=166 time=1.037500e-02 dt=6.250000e-05
elapsed=1.326422e+01 cycle=167 time=1.043750e-02 dt=6.250000e-05
elapsed=1.334320e+01 cycle=168 time=1.050000e-02 dt=6.250000e-05
elapsed=1.342252e+01 cycle=169 time=1.056250e-02 dt=6.250000e-05
elapsed=1.350181e+01 cycle=170 time=1.062500e-02 dt=6.250000e-05
elapsed=1.358088e+01 cycle=171 time=1.068750e-02 dt=6.250000e-05
elapsed=1.366034e+01 cycle=172 time=1.075000e-02 dt=6.250000e-05
elapsed=1.373973e+01 cycle=173 time=1.081250e-02 dt=6.250000e-05
elapsed=1.381884e+01 cycle=174 time=1.087500e-02 dt=6.250000e-05
elapsed=1.389836e+01 cycle=175 time=1.093750e-02 dt=6.250000e-05
elapsed=1.397799e+01 cycle=176 time=1.100000e-02 dt=6.250000e-05
elapsed=1.405714e+01 cycle=177 time=1.106250e-02 dt=6.250000e-05
elapsed=1.413631e+01 cycle=178 time=1.112500e-02 dt=6.250000e-05
elapsed=1.421587e+01 cycle=179 time=1.118750e-02 dt=6.250000e-05
elapsed=1.429513e+01 cycle=180 time=1.125000e-02 dt=6.250000e-05
elapsed=1.437430e+01 cycle=181 time=1.131250e-02 dt=6.250000e-05
elapsed=1.445406e+01 cycle=182 time=1.137500e-02 dt=6.250000e-05
elapsed=1.453306e+01 cycle=183 time=1.143750e-02 dt=6.250000e-05
elapsed=1.461257e+01 cycle=184 time=1.150000e-02 dt=6.250000e-05
elapsed=1.469198e+01 cycle=185 time=1.156250e-02 dt=6.250000e-05
elapsed=1.477119e+01 cycle=186 time=1.162500e-02 dt=6.250000e-05
elapsed=1.485025e+01 cycle=187 time=1.168750e-02 dt=6.250000e-05
elapsed=1.492949e+01 cycle=188 time=1.175000e-02 dt=6.250000e-05
elapsed=1.500876e+01 cycle=189 time=1.181250e-02 dt=6.250000e-05
elapsed=1.508804e+01 cycle=190 time=1.187500e-02 dt=6.250000e-05
elapsed=1.516733e+01 cycle=191 time=1.193750e-02 dt=6.250000e-05
elapsed=1.524648e+01 cycle=192 time=1.200000e-02 dt=6.250000e-05
elapsed=1.532554e+01 cycle=193 time=1.206250e-02 dt=6.250000e-05
elapsed=1.540484e+01 cycle=194 time=1.212500e-02 dt=6.250000e-05
elapsed=1.548407e+01 cycle=195 time=1.218750e-02 dt=6.250000e-05
elapsed=1.556351e+01 cycle=196 time=1.225000e-02 dt=6.250000e-05
elapsed=1.564273e+01 cycle=197 time=1.231250e-02 dt=6.250000e-05
elapsed=1.572196e+01 cycle=198 time=1.237500e-02 dt=6.250000e-05
elapsed=1.580115e+01 cycle=199 time=1.243750e-02 dt=6.250000e-05
elapsed=1.588056e+01 cycle=200 time=1.250000e-02 dt=6.250000e-05
elapsed=1.595979e+01 cycle=201 time=1.256250e-02 dt=6.250000e-05
elapsed=1.603935e+01 cycle=202 time=1.262500e-02 dt=6.250000e-05
elapsed=1.611913e+01 cycle=203 time=1.268750e-02 dt=6.250000e-05
elapsed=1.619847e+01 cycle=204 time=1.275000e-02 dt=6.250000e-05
elapsed=1.627783e+01 cycle=205 time=1.281250e-02 dt=6.250000e-05
elapsed=1.635728e+01 cycle=206 time=1.287500e-02 dt=6.250000e-05
elapsed=1.643668e+01 cycle=207 time=1.293750e-02 dt=6.250000e-05
elapsed=1.651584e+01 cycle=208 time=1.300000e-02 dt=6.250000e-05
elapsed=1.659532e+01 cycle=209 time=1.306250e-02 dt=6.250000e-05
elapsed=1.667473e+01 cycle=210 time=1.312500e-02 dt=6.250000e-05
elapsed=1.675447e+01 cycle=211 time=1.318750e-02 dt=6.250000e-05
elapsed=1.683404e+01 cycle=212 time=1.325000e-02 dt=6.250000e-05
elapsed=1.691322e+01 cycle=213 time=1.331250e-02 dt=6.250000e-05
elapsed=1.699243e+01 cycle=214 time=1.337500e-02 dt=6.250000e-05
elapsed=1.707207e+01 cycle=215 time=1.343750e-02 dt=6.250000e-05
elapsed=1.715130e+01 cycle=216 time=1.350000e-02 dt=6.250000e-05
elapsed=1.723066e+01 cycle=217 time=1.356250e-02 dt=6.250000e-05
elapsed=1.730998e+01 cycle=218 time=1.362500e-02 dt=6.250000e-05
elapsed=1.738914e+01 cycle=219 time=1.368750e-02 dt=6.250000e-05
elapsed=1.746859e+01 cycle=220 time=1.375000e-02 dt=6.250000e-05
elapsed=1.754794e+01 cycle=221 time=1.381250e-02 dt=6.250000e-05
elapsed=1.762713e+01 cycle=222 time=1.387500e-02 dt=6.250000e-05
elapsed=1.770650e+01 cycle=223 time=1.393750e-02 dt=6.250000e-05
elapsed=1.778605e+01 cycle=224 time=1.400000e-02 dt=6.250000e-05
elapsed=1.786520e+01 cycle=225 time=1.406250e-02 dt=6.250000e-05
elapsed=1.794448e+01 cycle=226 time=1.412500e-02 dt=6.250000e-05
elapsed=1.802373e+01 cycle=227 time=1.418750e-02 dt=6.250000e-05
elapsed=1.810305e+01 cycle=228 time=1.425000e-02 dt=6.250000e-05
elapsed=1.818255e+01 cycle=229 time=1.431250e-02 dt=6.250000e-05
elapsed=1.826205e+01 cycle=230 time=1.437500e-02 dt=6.250000e-05
elapsed=1.834158e+01 cycle=231 time=1.443750e-02 dt=6.250000e-05
elapsed=1.842087e+01 cycle=232 time=1.450000e-02 dt=6.250000e-05
elapsed=1.850033e+01 cycle=233 time=1.456250e-02 dt=6.250000e-05
elapsed=1.857959e+01 cycle=234 time=1.462500e-02 dt=6.250000e-05
elapsed=1.865912e+01 cycle=235 time=1.468750e-02 dt=6.250000e-05
elapsed=1.873862e+01 cycle=236 time=1.475000e-02 dt=6.250000e-05
elapsed=1.881832e+01 cycle=237 time=1.481250e-02 dt=6.250000e-05
elapsed=1.889790e+01 cycle=238 time=1.487500e-02 dt=6.250000e-05
elapsed=1.897759e+01 cycle=239 time=1.493750e-02 dt=6.250000e-05
elapsed=1.906578e+01 cycle=240 time=1.500000e-02 dt=6.250000e-05
elapsed=1.914577e+01 cycle=241 time=1.506250e-02 dt=6.250000e-05
elapsed=1.922501e+01 cycle=242 time=1.512500e-02 dt=6.250000e-05
elapsed=1.930443e+01 cycle=243 time=1.518750e-02 dt=6.250000e-05
elapsed=1.938399e+01 cycle=244 time=1.525000e-02 dt=6.250000e-05
elapsed=1.946332e+01 cycle=245 time=1.531250e-02 dt=6.250000e-05
elapsed=1.954276e+01 cycle=246 time=1.537500e-02 dt=6.250000e-05
elapsed=1.962235e+01 cycle=247 time=1.543750e-02 dt=6.250000e-05
elapsed=1.970143e+01 cycle=248 time=1.550000e-02 dt=6.250000e-05
elapsed=1.978094e+01 cycle=249 time=1.556250e-02 dt=6.250000e-05
elapsed=1.986042e+01 cycle=250 time=1.562500e-02 dt=6.250000e-05
elapsed=1.993969e+01 cycle=251 time=1.568750e-02 dt=6.250000e-05
elapsed=2.001922e+01 cycle=252 time=1.575000e-02 dt=6.250000e-05
elapsed=2.009870e+01 cycle=253 time=1.581250e-02 dt=6.250000e-05
elapsed=2.017836e+01 cycle=254 time=1.587500e-02 dt=6.250000e-05
elapsed=2.025788e+01 cycle=255 time=1.593750e-02 dt=6.250000e-05
elapsed=2.033714e+01 cycle=256 time=1.600000e-02 dt=6.250000e-05
elapsed=2.041640e+01 cycle=257 time=1.606250e-02 dt=6.250000e-05
elapsed=2.049585e+01 cycle=258 time=1.612500e-02 dt=6.250000e-05
elapsed=2.057499e+01 cycle=259 time=1.618750e-02 dt=6.250000e-05
elapsed=2.065436e+01 cycle=260 time=1.625000e-02 dt=6.250000e-05
elapsed=2.073655e+01 cycle=261 time=1.631250e-02 dt=6.250000e-05
elapsed=2.082017e+01 cycle=262 time=1.637500e-02 dt=6.250000e-05
elapsed=2.090029e+01 cycle=263 time=1.643750e-02 dt=6.250000e-05
elapsed=2.098001e+01 cycle=264 time=1.650000e-02 dt=6.250000e-05
elapsed=2.106011e+01 cycle=265 time=1.656250e-02 dt=6.250000e-05
elapsed=2.113960e+01 cycle=266 time=1.662500e-02 dt=6.250000e-05
elapsed=2.121909e+01 cycle=267 time=1.668750e-02 dt=6.250000e-05
elapsed=2.129889e+01 cycle=268 time=1.675000e-02 dt=6.250000e-05
elapsed=2.137802e+01 cycle=269 time=1.681250e-02 dt=6.250000e-05
elapsed=2.145733e+01 cycle=270 time=1.687500e-02 dt=6.250000e-05
elapsed=2.153719e+01 cycle=271 time=1.693750e-02 dt=6.250000e-05
elapsed=2.161635e+01 cycle=272 time=1.700000e-02 dt=6.250000e-05
elapsed=2.169605e+01 cycle=273 time=1.706250e-02 dt=6.250000e-05
elapsed=2.177533e+01 cycle=274 time=1.712500e-02 dt=6.250000e-05
elapsed=2.185475e+01 cycle=275 time=1.718750e-02 dt=6.250000e-05
elapsed=2.193460e+01 cycle=276 time=1.725000e-02 dt=6.250000e-05
elapsed=2.201406e+01 cycle=277 time=1.731250e-02 dt=6.250000e-05
elapsed=2.209322e+01 cycle=278 time=1.737500e-02 dt=6.250000e-05
elapsed=2.217255e+01 cycle=279 time=1.743750e-02 dt=6.250000e-05
elapsed=2.225202e+01 cycle=280 time=1.750000e-02 dt=6.250000e-05
elapsed=2.233110e+01 cycle=281 time=1.756250e-02 dt=6.250000e-05
elapsed=2.241096e+01 cycle=282 time=1.762500e-02 dt=6.250000e-05
elapsed=2.249009e+01 cycle=283 time=1.768750e-02 dt=6.250000e-05
elapsed=2.256933e+01 cycle=284 time=1.775000e-02 dt=6.250000e-05
elapsed=2.264851e+01 cycle=285 time=1.781250e-02 dt=6.250000e-05
elapsed=2.272876e+01 cycle=286 time=1.787500e-02 dt=6.250000e-05
elapsed=2.280817e+01 cycle=287 time=1.793750e-02 dt=6.250000e-05
elapsed=2.288804e+01 cycle=288 time=1.800000e-02 dt=6.250000e-05
elapsed=2.296776e+01 cycle=289 time=1.806250e-02 dt=6.250000e-05
elapsed=2.304733e+01 cycle=290 time=1.812500e-02 dt=6.250000e-05
elapsed=2.312703e+01 cycle=291 time=1.818750e-02 dt=6.250000e-05
elapsed=2.320668e+01 cycle=292 time=1.825000e-02 dt=6.250000e-05
elapsed=2.328625e+01 cycle=293 time=1.831250e-02 dt=6.250000e-05
elapsed=2.336585e+01 cycle=294 time=1.837500e-02 dt=6.250000e-05
elapsed=2.344568e+01 cycle=295 time=1.843750e-02 dt=6.250000e-05
elapsed=2.352531e+01 cycle=296 time=1.850000e-02 dt=6.250000e-05
elapsed=2.360492e+01 cycle=297 time=1.856250e-02 dt=6.250000e-05
elapsed=2.368456e+01 cycle=298 time=1.862500e-02 dt=6.250000e-05
elapsed=2.376398e+01 cycle=299 time=1.868750e-02 dt=6.250000e-05
elapsed=2.384359e+01 cycle=300 time=1.875000e-02 dt=6.250000e-05
elapsed=2.392306e+01 cycle=301 time=1.881250e-02 dt=6.250000e-05
elapsed=2.400268e+01 cycle=302 time=1.887500e-02 dt=6.250000e-05
elapsed=2.408247e+01 cycle=303 time=1.893750e-02 dt=6.250000e-05
elapsed=2.416177e+01 cycle=304 time=1.900000e-02 dt=6.250000e-05
elapsed=2.424127e+01 cycle=305 time=1.906250e-02 dt=6.250000e-05
elapsed=2.432094e+01 cycle=306 time=1.912500e-02 dt=6.250000e-05
elapsed=2.440031e+01 cycle=307 time=1.918750e-02 dt=6.250000e-05
elapsed=2.448004e+01 cycle=308 time=1.925000e-02 dt=6.250000e-05
elapsed=2.455958e+01 cycle=309 time=1.931250e-02 dt=6.250000e-05
elapsed=2.463900e+01 cycle=310 time=1.937500e-02 dt=6.250000e-05
elapsed=2.471885e+01 cycle=311 time=1.943750e-02 dt=6.250000e-05
elapsed=2.479847e+01 cycle=312 time=1.950000e-02 dt=6.250000e-05
elapsed=2.487835e+01 cycle=313 time=1.956250e-02 dt=6.250000e-05
elapsed=2.495824e+01 cycle=314 time=1.962500e-02 dt=6.250000e-05
elapsed=2.503798e+01 cycle=315 time=1.968750e-02 dt=6.250000e-05
elapsed=2.511724e+01 cycle=316 time=1.975000e-02 dt=6.250000e-05
elapsed=2.519682e+01 cycle=317 time=1.981250e-02 dt=6.250000e-05
elapsed=2.527644e+01 cycle=318 time=1.987500e-02 dt=6.250000e-05
elapsed=2.535572e+01 cycle=319 time=1.993750e-02 dt=6.250000e-05
elapsed=2.544530e+01 cycle=320 time=2.000000e-02 dt=6.250000e-05

Terminating on cycle limit
time=2.000000e-02 cycle=320
tlim=2.000000e-02 nlim=320

MeshBlock-cycles = 2240
cpu time used  = 2.542028e+01
zone-cycles/cpu_second = 9.023348e+04
particle-updates/cpu_second = 0.000000e+00
