
Root grid = 1 x 1 x 1 MeshBlocks
Total number of MeshBlocks = 1
Number of logical  levels of refinement = 0 (1 levels total)
Number of physical levels of refinement = 0 (1 levels total)
Number of parallel ranks = 1
ref_gh reference allocation backend=analytic_radial_q generic_bytes=0 analytic_static_components=12 analytic_stage_components=8 analytic_static_bytes=1327104 analytic_stage_bytes=884736
ref_gh compact q sample list local_count=2112 bytes=25344
reference-GH puncture minimum cell-center radius = 0.216506
reference-GH stationary physical-target audit: |F-H_constraint|_Linf=5.52336e-15, |tildeGamma|_Linf=3.33067e-16, |stored_Hhat_A|_Linf=0.223356, |stored_theta_A|_Linf=0.0525357
reference-GH stationary initial RHS Linf = 0.0864387, component=51, radius=0.649519, coordinate reference Ricci Linf=8.01492e-12, frame reference Ricci Linf=1.66533e-16
reference-GH stationary RHS retained as a convergence observable; no single-resolution stationarity claim is made.

Setup complete, executing task list(s)...

elapsed=3.407997e+00 cycle=0 time=0.000000e+00 dt=2.090302e-02
reference-GH stationary trumpet: field Linf=2.054734e-03, physical metric Linf=6.499984e-05, lapse Linf=2.848095e-07, shift Linf=8.663063e-08, constraint Linf=4.947602e-03, RHS estimate=8.643866e-02
elapsed=6.206632e+00 cycle=1 time=2.090302e-02 dt=2.090300e-02

Terminating on cycle limit
time=2.090302e-02 cycle=1
tlim=1.000000e+00 nlim=1

MeshBlock-cycles = 1
cpu time used  = 2.798641e+00
zone-cycles/cpu_second = 1.463568e+03
particle-updates/cpu_second = 0.000000e+00
