AthenaK Kokkos default execution space: Cuda

Root grid = 4 x 8 x 1 MeshBlocks
Total number of MeshBlocks = 32
Number of logical  levels of refinement = 23 (24 levels total)
Number of physical levels of refinement = 20 (21 levels total)
  Physical level = 0 (logical level = 3): 32 MeshBlocks, cost = 32
Number of parallel ranks = 1
AssembleZ4cTasks
Direct global Brill coefficient import: radial_points=128 angular_points=32 adm_mass=2.6606354586228815 min_psi4=1.2508593099257228 lapse=psi^-2 min_lapse=0.31260438298701243 max_lapse=0.89411991335365681
Converted imported ADM data to Z4c proper_box_C_rms=9.1989478020873627e-06 proper_box_H_rms=9.1761024807172038e-06 proper_box_M_rms=0 proper_box_Z_rms=3.2395367296246831e-07 coordinate_support_H_rms=3.4438285062437475e-09 coordinate_support_M_rms=0
Initialized Z4c from IrisK data mode=direct_global_coefficients path=/pscratch/sd/h/hzhu/z4c-vc-native-authority-20260824/runs/n512_native_replay_tau4_v1/brill_global_128x32.coefficients bytes=95927

Setup complete, executing task list(s)...

elapsed=1.767016e+00 cycle=0 time=0.000000e+00 dt=5.404204e-03
AMR_HISTORY_TIMESTEP_CLIP event=1 time_hex=0x1.61f217a4cdd3cp-7 candidate_dt_hex=0x1.614baa871fbdfp-8 applied_dt_hex=0x1.6cdfd020caep-16 target_time_hex=0x1.62a8878cde393p-7
CARTOON_AMR_TRANSACTION cycle=3 requested_refine=2 requested_derefine_leaves=0 accepted_derefine_parents=0 created_leaves=6 deleted_leaves=0 mirror_mismatches=0
AMR_HISTORY_REPLAY event=1 time_hex=0x1.62a8878cde393p-7 requested_leaves=38 accepted_leaves=38 max_level=4 checksum=6d1dc10512d42608 exact_match=true shadow_refine=2 shadow_derefine=0
elapsed=1.928768e+00 cycle=4 time=1.086681e-02 dt=8.699280e-05
elapsed=2.058903e+00 cycle=8 time=1.217170e-02 dt=1.391885e-03
AMR_HISTORY_TIMESTEP_CLIP event=2 time_hex=0x1.bc739bc4f0265p-7 candidate_dt_hex=0x1.60f36458412cbp-9 applied_dt_hex=0x1.5b6b0362b6284p-9 target_time_hex=0x1.09a72e4eced83p-6
CARTOON_AMR_TRANSACTION cycle=10 requested_refine=4 requested_derefine_leaves=0 accepted_derefine_parents=0 created_leaves=12 deleted_leaves=0 mirror_mismatches=0
AMR_HISTORY_REPLAY event=2 time_hex=0x1.09a72e4eced83p-6 requested_leaves=50 accepted_leaves=50 max_level=5 checksum=e38dd0ebe7826578 exact_match=true shadow_refine=0 shadow_derefine=6
elapsed=2.314720e+00 cycle=12 time=1.890450e-02 dt=1.344360e-03
elapsed=2.472217e+00 cycle=16 time=2.427872e-02 dt=1.342209e-03
elapsed=2.692694e+00 cycle=20 time=2.964414e-02 dt=1.339952e-03
elapsed=2.883693e+00 cycle=24 time=3.500043e-02 dt=1.337598e-03
elapsed=3.041657e+00 cycle=28 time=4.034729e-02 dt=1.335196e-03
elapsed=3.274184e+00 cycle=32 time=4.568445e-02 dt=1.332763e-03
elapsed=3.430245e+00 cycle=36 time=5.101173e-02 dt=1.330271e-03
elapsed=3.666182e+00 cycle=40 time=5.632906e-02 dt=1.327738e-03
elapsed=3.823270e+00 cycle=44 time=6.163627e-02 dt=1.325227e-03
elapsed=3.996518e+00 cycle=48 time=6.693332e-02 dt=1.322675e-03
elapsed=4.234104e+00 cycle=52 time=7.222026e-02 dt=1.320136e-03
elapsed=4.487606e+00 cycle=56 time=7.749701e-02 dt=1.317631e-03
elapsed=4.644295e+00 cycle=60 time=8.276376e-02 dt=1.315106e-03
elapsed=4.901261e+00 cycle=64 time=8.802048e-02 dt=1.312660e-03
elapsed=5.057851e+00 cycle=68 time=9.326740e-02 dt=1.310187e-03
elapsed=5.286957e+00 cycle=72 time=9.850455e-02 dt=1.307812e-03
elapsed=5.448070e+00 cycle=76 time=1.037322e-01 dt=1.305429e-03
elapsed=5.605256e+00 cycle=80 time=1.089505e-01 dt=1.303135e-03
elapsed=5.848300e+00 cycle=84 time=1.141596e-01 dt=1.300874e-03
elapsed=6.009761e+00 cycle=88 time=1.193598e-01 dt=1.298671e-03
elapsed=6.271272e+00 cycle=92 time=1.245513e-01 dt=1.296562e-03
elapsed=6.428582e+00 cycle=96 time=1.297344e-01 dt=1.294458e-03
elapsed=6.618956e+00 cycle=100 time=1.349092e-01 dt=1.292469e-03
elapsed=6.831250e+00 cycle=104 time=1.400762e-01 dt=1.290528e-03
elapsed=6.985363e+00 cycle=108 time=1.452354e-01 dt=1.288644e-03
elapsed=7.220587e+00 cycle=112 time=1.503873e-01 dt=1.286872e-03
elapsed=7.377328e+00 cycle=116 time=1.555322e-01 dt=1.285134e-03
elapsed=7.597444e+00 cycle=120 time=1.606702e-01 dt=1.283471e-03
elapsed=7.788695e+00 cycle=124 time=1.658017e-01 dt=1.281917e-03
elapsed=7.943521e+00 cycle=128 time=1.709271e-01 dt=1.280411e-03
elapsed=8.191121e+00 cycle=132 time=1.760466e-01 dt=1.278968e-03
elapsed=8.349644e+00 cycle=136 time=1.811604e-01 dt=1.277633e-03
elapsed=8.589264e+00 cycle=140 time=1.862691e-01 dt=1.276378e-03
elapsed=8.757636e+00 cycle=144 time=1.913727e-01 dt=1.275154e-03
elapsed=8.955889e+00 cycle=148 time=1.964716e-01 dt=1.274034e-03
elapsed=9.165902e+00 cycle=152 time=2.015662e-01 dt=1.273017e-03
elapsed=9.321582e+00 cycle=156 time=2.066568e-01 dt=1.272035e-03
elapsed=9.572655e+00 cycle=160 time=2.117436e-01 dt=1.271128e-03
elapsed=9.729787e+00 cycle=164 time=2.168268e-01 dt=1.270320e-03
elapsed=9.935271e+00 cycle=168 time=2.219070e-01 dt=1.269610e-03
elapsed=1.011856e+01 cycle=172 time=2.269844e-01 dt=1.268911e-03
elapsed=1.027528e+01 cycle=176 time=2.320591e-01 dt=1.268308e-03
elapsed=1.051583e+01 cycle=180 time=2.371315e-01 dt=1.267799e-03
elapsed=1.067468e+01 cycle=184 time=2.422021e-01 dt=1.267376e-03
elapsed=1.090082e+01 cycle=188 time=2.472709e-01 dt=1.266971e-03
elapsed=1.133687e+01 cycle=192 time=2.523383e-01 dt=1.266657e-03
elapsed=1.153178e+01 cycle=196 time=2.574046e-01 dt=1.266435e-03
elapsed=1.168807e+01 cycle=200 time=2.624701e-01 dt=1.266293e-03
elapsed=1.192182e+01 cycle=204 time=2.675351e-01 dt=1.266169e-03
elapsed=1.207872e+01 cycle=208 time=2.725997e-01 dt=1.266132e-03
elapsed=1.233922e+01 cycle=212 time=2.776642e-01 dt=1.266182e-03
elapsed=1.249661e+01 cycle=216 time=2.827291e-01 dt=1.266313e-03
elapsed=1.265110e+01 cycle=220 time=2.877946e-01 dt=1.266455e-03
elapsed=1.289913e+01 cycle=224 time=2.928607e-01 dt=1.266681e-03
AMR_HISTORY_TIMESTEP_CLIP event=3 time_hex=0x1.311400903b6b7p-2 candidate_dt_hex=0x1.4c22359aa1984p-10 applied_dt_hex=0x1.0cca8c2075p-14 target_time_hex=0x1.3124cd38fd72cp-2
elapsed=1.305407e+01 cycle=228 time=2.979279e-01 dt=6.408482e-05
CARTOON_AMR_TRANSACTION cycle=229 requested_refine=0 requested_derefine_leaves=8 accepted_derefine_parents=2 created_leaves=0 deleted_leaves=6 mirror_mismatches=0
AMR_HISTORY_REPLAY event=3 time_hex=0x1.3124cd38fd72cp-2 requested_leaves=44 accepted_leaves=44 max_level=4 checksum=b6c60694c30a2049 exact_match=true shadow_refine=0 shadow_derefine=22
elapsed=1.330167e+01 cycle=232 time=2.988891e-01 dt=1.025357e-03
elapsed=1.344927e+01 cycle=236 time=3.070348e-01 dt=2.535493e-03
elapsed=1.363669e+01 cycle=240 time=3.171799e-01 dt=2.537554e-03
elapsed=1.384253e+01 cycle=244 time=3.273334e-01 dt=2.539870e-03
elapsed=1.399435e+01 cycle=248 time=3.374971e-01 dt=2.542797e-03
elapsed=1.421781e+01 cycle=252 time=3.476734e-01 dt=2.546316e-03
elapsed=1.436272e+01 cycle=256 time=3.578646e-01 dt=2.550184e-03
elapsed=1.460002e+01 cycle=260 time=3.680712e-01 dt=2.554273e-03
elapsed=1.474497e+01 cycle=264 time=3.782951e-01 dt=2.558919e-03
elapsed=1.495221e+01 cycle=268 time=3.885384e-01 dt=2.564103e-03
elapsed=1.511899e+01 cycle=272 time=3.988030e-01 dt=2.569481e-03
elapsed=1.526596e+01 cycle=276 time=4.090893e-01 dt=2.575148e-03
elapsed=1.550590e+01 cycle=280 time=4.193990e-01 dt=2.581324e-03
elapsed=1.565488e+01 cycle=284 time=4.297341e-01 dt=2.587986e-03
elapsed=1.585472e+01 cycle=288 time=4.400958e-01 dt=2.594580e-03
elapsed=1.604641e+01 cycle=292 time=4.504846e-01 dt=2.601654e-03
elapsed=1.619343e+01 cycle=296 time=4.609023e-01 dt=2.609190e-03
elapsed=1.641569e+01 cycle=300 time=4.713506e-01 dt=2.616811e-03
elapsed=1.655925e+01 cycle=304 time=4.818296e-01 dt=2.624698e-03
elapsed=1.670410e+01 cycle=308 time=4.923407e-01 dt=2.633021e-03
elapsed=1.721355e+01 cycle=312 time=5.028856e-01 dt=2.641468e-03
elapsed=1.744490e+01 cycle=316 time=5.134643e-01 dt=2.650089e-03
elapsed=1.758994e+01 cycle=320 time=5.240780e-01 dt=2.659125e-03
elapsed=1.784441e+01 cycle=324 time=5.347283e-01 dt=2.668206e-03
elapsed=1.799757e+01 cycle=328 time=5.454149e-01 dt=2.677492e-03
elapsed=1.814561e+01 cycle=332 time=5.561393e-01 dt=2.687169e-03
elapsed=1.837288e+01 cycle=336 time=5.669022e-01 dt=2.696711e-03
elapsed=1.852633e+01 cycle=340 time=5.777038e-01 dt=2.706597e-03
elapsed=1.878345e+01 cycle=344 time=5.885453e-01 dt=2.716638e-03
elapsed=1.893273e+01 cycle=348 time=5.994269e-01 dt=2.726699e-03
elapsed=1.907861e+01 cycle=352 time=6.103492e-01 dt=2.737125e-03
elapsed=1.932058e+01 cycle=356 time=6.213129e-01 dt=2.747343e-03
elapsed=1.946741e+01 cycle=360 time=6.323180e-01 dt=2.757909e-03
elapsed=1.967026e+01 cycle=364 time=6.433656e-01 dt=2.768411e-03
elapsed=1.985363e+01 cycle=368 time=6.544551e-01 dt=2.779088e-03
elapsed=1.999972e+01 cycle=372 time=6.655877e-01 dt=2.789794e-03
elapsed=2.024933e+01 cycle=376 time=6.767629e-01 dt=2.800555e-03
elapsed=2.039731e+01 cycle=380 time=6.879816e-01 dt=2.811395e-03
elapsed=2.064813e+01 cycle=384 time=6.992433e-01 dt=2.822214e-03
elapsed=2.080477e+01 cycle=388 time=7.105487e-01 dt=2.833126e-03
elapsed=2.095147e+01 cycle=392 time=7.218974e-01 dt=2.843981e-03
elapsed=2.118082e+01 cycle=396 time=7.332899e-01 dt=2.854906e-03
elapsed=2.132616e+01 cycle=400 time=7.447257e-01 dt=2.865777e-03
elapsed=2.164694e+01 cycle=404 time=7.562054e-01 dt=2.876668e-03
elapsed=2.179409e+01 cycle=408 time=7.677282e-01 dt=2.887535e-03
elapsed=2.201434e+01 cycle=412 time=7.792948e-01 dt=2.898349e-03
elapsed=2.218867e+01 cycle=416 time=7.909044e-01 dt=2.909195e-03
elapsed=2.233508e+01 cycle=420 time=8.025574e-01 dt=2.919896e-03
elapsed=2.258212e+01 cycle=424 time=8.142531e-01 dt=2.930704e-03
elapsed=2.272963e+01 cycle=428 time=8.259919e-01 dt=2.941261e-03
elapsed=2.293345e+01 cycle=432 time=8.377729e-01 dt=2.952019e-03
elapsed=2.310762e+01 cycle=436 time=8.495965e-01 dt=2.962405e-03
elapsed=2.325200e+01 cycle=440 time=8.614621e-01 dt=2.973023e-03
elapsed=2.349246e+01 cycle=444 time=8.733695e-01 dt=2.983294e-03
elapsed=2.363568e+01 cycle=448 time=8.853185e-01 dt=2.993712e-03
elapsed=2.377836e+01 cycle=452 time=8.973085e-01 dt=3.003900e-03
elapsed=2.402549e+01 cycle=456 time=9.093396e-01 dt=3.014103e-03
elapsed=2.416768e+01 cycle=460 time=9.214111e-01 dt=3.024200e-03
elapsed=2.439533e+01 cycle=464 time=9.335231e-01 dt=3.034178e-03
elapsed=2.454092e+01 cycle=468 time=9.456747e-01 dt=3.044176e-03
elapsed=2.468557e+01 cycle=472 time=9.578662e-01 dt=3.053919e-03
elapsed=2.494057e+01 cycle=476 time=9.700966e-01 dt=3.063814e-03
elapsed=2.508497e+01 cycle=480 time=9.823662e-01 dt=3.073317e-03
elapsed=2.530485e+01 cycle=484 time=9.946740e-01 dt=3.083058e-03
elapsed=2.575670e+01 cycle=488 time=1.007020e+00 dt=3.092362e-03
elapsed=2.592145e+01 cycle=492 time=1.019404e+00 dt=3.101862e-03
elapsed=2.606384e+01 cycle=496 time=1.031825e+00 dt=3.111049e-03
elapsed=2.630595e+01 cycle=500 time=1.044283e+00 dt=3.120306e-03
elapsed=2.644825e+01 cycle=504 time=1.056778e+00 dt=3.129374e-03
elapsed=2.660222e+01 cycle=508 time=1.069309e+00 dt=3.138391e-03
elapsed=2.684008e+01 cycle=512 time=1.081876e+00 dt=3.147337e-03
elapsed=2.698303e+01 cycle=516 time=1.094479e+00 dt=3.156115e-03
elapsed=2.720847e+01 cycle=520 time=1.107117e+00 dt=3.164938e-03
elapsed=2.735062e+01 cycle=524 time=1.119789e+00 dt=3.173481e-03
elapsed=2.749509e+01 cycle=528 time=1.132496e+00 dt=3.182180e-03
elapsed=2.772783e+01 cycle=532 time=1.145237e+00 dt=3.190491e-03
elapsed=2.787887e+01 cycle=536 time=1.158012e+00 dt=3.199065e-03
elapsed=2.808638e+01 cycle=540 time=1.170820e+00 dt=3.207150e-03
elapsed=2.826762e+01 cycle=544 time=1.183662e+00 dt=3.215514e-03
elapsed=2.840952e+01 cycle=548 time=1.196536e+00 dt=3.223463e-03
elapsed=2.865534e+01 cycle=552 time=1.209442e+00 dt=3.231609e-03
elapsed=2.880309e+01 cycle=556 time=1.222380e+00 dt=3.239434e-03
elapsed=2.895120e+01 cycle=560 time=1.235350e+00 dt=3.247369e-03
elapsed=2.917436e+01 cycle=564 time=1.248351e+00 dt=3.255071e-03
elapsed=2.958315e+01 cycle=568 time=1.261383e+00 dt=3.262799e-03
elapsed=2.972586e+01 cycle=572 time=1.274445e+00 dt=3.270379e-03
elapsed=2.986885e+01 cycle=576 time=1.287538e+00 dt=3.277907e-03
elapsed=3.012429e+01 cycle=580 time=1.300661e+00 dt=3.285365e-03
elapsed=3.037326e+01 cycle=584 time=1.313814e+00 dt=3.292700e-03
elapsed=3.051704e+01 cycle=588 time=1.326995e+00 dt=3.300037e-03
elapsed=3.065967e+01 cycle=592 time=1.340207e+00 dt=3.307184e-03
elapsed=3.090208e+01 cycle=596 time=1.353446e+00 dt=3.314402e-03
elapsed=3.104433e+01 cycle=600 time=1.366714e+00 dt=3.321367e-03
elapsed=3.123790e+01 cycle=604 time=1.380010e+00 dt=3.328466e-03
elapsed=3.141319e+01 cycle=608 time=1.393334e+00 dt=3.335256e-03
elapsed=3.156430e+01 cycle=612 time=1.406686e+00 dt=3.342237e-03
elapsed=3.179780e+01 cycle=616 time=1.420065e+00 dt=3.348858e-03
elapsed=3.194033e+01 cycle=620 time=1.433470e+00 dt=3.355723e-03
elapsed=3.208462e+01 cycle=624 time=1.446903e+00 dt=3.362180e-03
elapsed=3.233784e+01 cycle=628 time=1.460362e+00 dt=3.368930e-03
elapsed=3.248170e+01 cycle=632 time=1.473847e+00 dt=3.375230e-03
elapsed=3.268895e+01 cycle=636 time=1.487358e+00 dt=3.381840e-03
elapsed=3.308489e+01 cycle=640 time=1.500894e+00 dt=3.388013e-03
elapsed=3.328534e+01 cycle=644 time=1.514456e+00 dt=3.394471e-03
elapsed=3.342810e+01 cycle=648 time=1.528043e+00 dt=3.400538e-03
elapsed=3.367509e+01 cycle=652 time=1.541654e+00 dt=3.406848e-03
elapsed=3.381735e+01 cycle=656 time=1.555291e+00 dt=3.412811e-03
elapsed=3.395899e+01 cycle=660 time=1.568951e+00 dt=3.418978e-03
elapsed=3.419953e+01 cycle=664 time=1.582636e+00 dt=3.424837e-03
elapsed=3.434186e+01 cycle=668 time=1.596344e+00 dt=3.430868e-03
elapsed=3.456963e+01 cycle=672 time=1.610076e+00 dt=3.436625e-03
elapsed=3.471331e+01 cycle=676 time=1.623832e+00 dt=3.442522e-03
elapsed=3.488281e+01 cycle=680 time=1.637610e+00 dt=3.448179e-03
elapsed=3.508141e+01 cycle=684 time=1.651412e+00 dt=3.453948e-03
elapsed=3.522346e+01 cycle=688 time=1.665236e+00 dt=3.459506e-03
elapsed=3.547064e+01 cycle=692 time=1.679083e+00 dt=3.465151e-03
elapsed=3.561373e+01 cycle=696 time=1.692951e+00 dt=3.470612e-03
elapsed=3.575538e+01 cycle=700 time=1.706842e+00 dt=3.476137e-03
elapsed=3.599061e+01 cycle=704 time=1.720755e+00 dt=3.481502e-03
elapsed=3.613319e+01 cycle=708 time=1.734689e+00 dt=3.486911e-03
elapsed=3.630363e+01 cycle=712 time=1.748644e+00 dt=3.492182e-03
elapsed=3.665406e+01 cycle=716 time=1.762621e+00 dt=3.497479e-03
elapsed=3.690728e+01 cycle=720 time=1.776619e+00 dt=3.502657e-03
elapsed=3.705005e+01 cycle=724 time=1.790638e+00 dt=3.507845e-03
elapsed=3.719285e+01 cycle=728 time=1.804677e+00 dt=3.512931e-03
elapsed=3.744341e+01 cycle=732 time=1.818736e+00 dt=3.518015e-03
elapsed=3.758599e+01 cycle=736 time=1.832816e+00 dt=3.523011e-03
elapsed=3.780219e+01 cycle=740 time=1.846915e+00 dt=3.527993e-03
elapsed=3.797671e+01 cycle=744 time=1.861035e+00 dt=3.532901e-03
elapsed=3.811978e+01 cycle=748 time=1.875174e+00 dt=3.537784e-03
elapsed=3.834554e+01 cycle=752 time=1.889332e+00 dt=3.542605e-03
elapsed=3.848835e+01 cycle=756 time=1.903510e+00 dt=3.547393e-03
elapsed=3.867145e+01 cycle=760 time=1.917706e+00 dt=3.552127e-03
elapsed=3.889635e+01 cycle=764 time=1.931920e+00 dt=3.554239e-03
elapsed=3.903989e+01 cycle=768 time=1.946137e+00 dt=3.554272e-03
elapsed=3.928592e+01 cycle=772 time=1.960355e+00 dt=3.554391e-03
elapsed=3.942924e+01 cycle=776 time=1.974572e+00 dt=3.554595e-03
elapsed=3.957293e+01 cycle=780 time=1.988791e+00 dt=3.554433e-03
elapsed=4.004292e+01 cycle=784 time=2.003008e+00 dt=3.554275e-03
elapsed=4.027592e+01 cycle=788 time=2.017225e+00 dt=3.554203e-03
elapsed=4.047536e+01 cycle=792 time=2.031442e+00 dt=3.554216e-03
elapsed=4.066320e+01 cycle=796 time=2.045659e+00 dt=3.553940e-03
elapsed=4.081025e+01 cycle=800 time=2.059874e+00 dt=3.553611e-03
elapsed=4.105530e+01 cycle=804 time=2.074088e+00 dt=3.553369e-03
elapsed=4.119874e+01 cycle=808 time=2.088301e+00 dt=3.553214e-03
elapsed=4.141610e+01 cycle=812 time=2.102514e+00 dt=3.552917e-03
elapsed=4.159279e+01 cycle=816 time=2.116725e+00 dt=3.552439e-03
elapsed=4.173549e+01 cycle=820 time=2.130934e+00 dt=3.552047e-03
elapsed=4.196759e+01 cycle=824 time=2.145141e+00 dt=3.551742e-03
elapsed=4.211139e+01 cycle=828 time=2.159348e+00 dt=3.551509e-03
elapsed=4.228673e+01 cycle=832 time=2.173553e+00 dt=3.550899e-03
elapsed=4.248478e+01 cycle=836 time=2.187756e+00 dt=3.550375e-03
elapsed=4.262780e+01 cycle=840 time=2.201957e+00 dt=3.549938e-03
elapsed=4.288597e+01 cycle=844 time=2.216156e+00 dt=3.549588e-03
elapsed=4.303001e+01 cycle=848 time=2.230354e+00 dt=3.549118e-03
elapsed=4.317585e+01 cycle=852 time=2.244549e+00 dt=3.548261e-03
elapsed=4.357320e+01 cycle=856 time=2.258740e+00 dt=3.546625e-03
elapsed=4.377496e+01 cycle=860 time=2.272924e+00 dt=3.545081e-03
elapsed=4.394718e+01 cycle=864 time=2.287102e+00 dt=3.543629e-03
elapsed=4.408933e+01 cycle=868 time=2.301275e+00 dt=3.542268e-03
elapsed=4.431525e+01 cycle=872 time=2.315442e+00 dt=3.540748e-03
elapsed=4.445912e+01 cycle=876 time=2.329602e+00 dt=3.538991e-03
elapsed=4.469634e+01 cycle=880 time=2.343755e+00 dt=3.537326e-03
elapsed=4.484152e+01 cycle=884 time=2.357902e+00 dt=3.535752e-03
elapsed=4.498769e+01 cycle=888 time=2.372043e+00 dt=3.534269e-03
elapsed=4.523853e+01 cycle=892 time=2.386178e+00 dt=3.532878e-03
elapsed=4.538131e+01 cycle=896 time=2.400307e+00 dt=3.531051e-03
elapsed=4.558814e+01 cycle=900 time=2.414428e+00 dt=3.529282e-03
elapsed=4.574961e+01 cycle=904 time=2.428543e+00 dt=3.527603e-03
elapsed=4.589268e+01 cycle=908 time=2.442651e+00 dt=3.526015e-03
elapsed=4.612024e+01 cycle=912 time=2.456753e+00 dt=3.524517e-03
elapsed=4.626318e+01 cycle=916 time=2.470849e+00 dt=3.522962e-03
elapsed=4.640625e+01 cycle=920 time=2.484938e+00 dt=3.521104e-03
elapsed=4.664527e+01 cycle=924 time=2.499019e+00 dt=3.519335e-03
elapsed=4.708606e+01 cycle=928 time=2.513094e+00 dt=3.517657e-03
elapsed=4.722949e+01 cycle=932 time=2.527162e+00 dt=3.516067e-03
elapsed=4.741520e+01 cycle=936 time=2.541224e+00 dt=3.514557e-03
elapsed=4.760369e+01 cycle=940 time=2.555280e+00 dt=3.512925e-03
elapsed=4.774690e+01 cycle=944 time=2.569329e+00 dt=3.511080e-03
elapsed=4.799869e+01 cycle=948 time=2.583371e+00 dt=3.509314e-03
elapsed=4.814252e+01 cycle=952 time=2.597406e+00 dt=3.507617e-03
elapsed=4.828544e+01 cycle=956 time=2.611434e+00 dt=3.506008e-03
elapsed=4.854009e+01 cycle=960 time=2.625455e+00 dt=3.504488e-03
elapsed=4.868648e+01 cycle=964 time=2.639471e+00 dt=3.502911e-03
elapsed=4.894770e+01 cycle=968 time=2.653480e+00 dt=3.501059e-03
elapsed=4.909127e+01 cycle=972 time=2.667481e+00 dt=3.499294e-03
elapsed=4.923464e+01 cycle=976 time=2.681476e+00 dt=3.497617e-03
elapsed=4.945697e+01 cycle=980 time=2.695464e+00 dt=3.496027e-03
elapsed=4.960252e+01 cycle=984 time=2.709446e+00 dt=3.494524e-03
elapsed=4.980254e+01 cycle=988 time=2.723422e+00 dt=3.493030e-03
elapsed=4.998824e+01 cycle=992 time=2.737391e+00 dt=3.491206e-03
elapsed=5.030239e+01 cycle=996 time=2.751353e+00 dt=3.489469e-03
elapsed=5.047605e+01 cycle=1000 time=2.765309e+00 dt=3.487817e-03
elapsed=5.072863e+01 cycle=1004 time=2.779258e+00 dt=3.486251e-03
elapsed=5.087388e+01 cycle=1008 time=2.793200e+00 dt=3.484771e-03
elapsed=5.105176e+01 cycle=1012 time=2.807137e+00 dt=3.483376e-03
elapsed=5.125687e+01 cycle=1016 time=2.821068e+00 dt=3.481630e-03
elapsed=5.140081e+01 cycle=1020 time=2.834992e+00 dt=3.479923e-03
elapsed=5.162924e+01 cycle=1024 time=2.848910e+00 dt=3.478301e-03
elapsed=5.177267e+01 cycle=1028 time=2.862820e+00 dt=3.476763e-03
elapsed=5.191856e+01 cycle=1032 time=2.876725e+00 dt=3.475308e-03
elapsed=5.214903e+01 cycle=1036 time=2.890624e+00 dt=3.473937e-03
elapsed=5.229239e+01 cycle=1040 time=2.904518e+00 dt=3.472396e-03
elapsed=5.250018e+01 cycle=1044 time=2.918405e+00 dt=3.470723e-03
elapsed=5.268288e+01 cycle=1048 time=2.932286e+00 dt=3.469131e-03
elapsed=5.283461e+01 cycle=1052 time=2.946160e+00 dt=3.467622e-03
elapsed=5.306965e+01 cycle=1056 time=2.960028e+00 dt=3.466195e-03
elapsed=5.321256e+01 cycle=1060 time=2.973891e+00 dt=3.464850e-03
elapsed=5.335512e+01 cycle=1064 time=2.987748e+00 dt=3.463551e-03
elapsed=5.380414e+01 cycle=1068 time=3.001600e+00 dt=3.461910e-03
elapsed=5.405610e+01 cycle=1072 time=3.015445e+00 dt=3.460351e-03
elapsed=5.420148e+01 cycle=1076 time=3.029285e+00 dt=3.458871e-03
elapsed=5.442225e+01 cycle=1080 time=3.043118e+00 dt=3.457472e-03
elapsed=5.458490e+01 cycle=1084 time=3.056946e+00 dt=3.456153e-03
elapsed=5.479791e+01 cycle=1088 time=3.070768e+00 dt=3.454914e-03
elapsed=5.495266e+01 cycle=1092 time=3.084586e+00 dt=3.453514e-03
elapsed=5.509610e+01 cycle=1096 time=3.098398e+00 dt=3.451985e-03
elapsed=5.533240e+01 cycle=1100 time=3.112204e+00 dt=3.450535e-03
elapsed=5.547638e+01 cycle=1104 time=3.126004e+00 dt=3.449164e-03
elapsed=5.564797e+01 cycle=1108 time=3.139798e+00 dt=3.447870e-03
elapsed=5.586009e+01 cycle=1112 time=3.153588e+00 dt=3.446655e-03
elapsed=5.600352e+01 cycle=1116 time=3.167373e+00 dt=3.445518e-03
elapsed=5.623725e+01 cycle=1120 time=3.181153e+00 dt=3.444048e-03
elapsed=5.638044e+01 cycle=1124 time=3.194927e+00 dt=3.442625e-03
elapsed=5.652363e+01 cycle=1128 time=3.208695e+00 dt=3.441280e-03
elapsed=5.674885e+01 cycle=1132 time=3.222459e+00 dt=3.440011e-03
elapsed=5.689845e+01 cycle=1136 time=3.236217e+00 dt=3.438818e-03
elapsed=5.710805e+01 cycle=1140 time=3.249970e+00 dt=3.437702e-03
elapsed=5.746072e+01 cycle=1144 time=3.263720e+00 dt=3.436539e-03
elapsed=5.769871e+01 cycle=1148 time=3.277464e+00 dt=3.435142e-03
elapsed=5.784483e+01 cycle=1152 time=3.291202e+00 dt=3.433821e-03
elapsed=5.802741e+01 cycle=1156 time=3.304936e+00 dt=3.432574e-03
elapsed=5.821111e+01 cycle=1160 time=3.318664e+00 dt=3.431402e-03
elapsed=5.835436e+01 cycle=1164 time=3.332388e+00 dt=3.430305e-03
elapsed=5.859594e+01 cycle=1168 time=3.346108e+00 dt=3.429281e-03
elapsed=5.875120e+01 cycle=1172 time=3.359823e+00 dt=3.428078e-03
elapsed=5.889931e+01 cycle=1176 time=3.373533e+00 dt=3.426778e-03
elapsed=5.915248e+01 cycle=1180 time=3.387239e+00 dt=3.425551e-03
elapsed=5.929531e+01 cycle=1184 time=3.400939e+00 dt=3.424397e-03
elapsed=5.950187e+01 cycle=1188 time=3.414635e+00 dt=3.423316e-03
elapsed=5.966274e+01 cycle=1192 time=3.428327e+00 dt=3.422308e-03
elapsed=5.980669e+01 cycle=1196 time=3.442015e+00 dt=3.421372e-03
elapsed=6.003924e+01 cycle=1200 time=3.455698e+00 dt=3.420136e-03
elapsed=6.018685e+01 cycle=1204 time=3.469377e+00 dt=3.418926e-03
elapsed=6.036670e+01 cycle=1208 time=3.483051e+00 dt=3.417788e-03
elapsed=6.058234e+01 cycle=1212 time=3.496721e+00 dt=3.416721e-03
elapsed=6.095294e+01 cycle=1216 time=3.510386e+00 dt=3.415725e-03
elapsed=6.117454e+01 cycle=1220 time=3.524047e+00 dt=3.414800e-03
elapsed=6.131729e+01 cycle=1224 time=3.537705e+00 dt=3.413876e-03
elapsed=6.151450e+01 cycle=1228 time=3.551359e+00 dt=3.412681e-03
elapsed=6.170208e+01 cycle=1232 time=3.565008e+00 dt=3.411555e-03
elapsed=6.184458e+01 cycle=1236 time=3.578653e+00 dt=3.410499e-03
elapsed=6.209921e+01 cycle=1240 time=3.592293e+00 dt=3.409512e-03
elapsed=6.224523e+01 cycle=1244 time=3.605930e+00 dt=3.408595e-03
elapsed=6.238816e+01 cycle=1248 time=3.619563e+00 dt=3.407748e-03
elapsed=6.262829e+01 cycle=1252 time=3.633193e+00 dt=3.406791e-03
elapsed=6.277498e+01 cycle=1256 time=3.646818e+00 dt=3.405675e-03
elapsed=6.297394e+01 cycle=1260 time=3.660439e+00 dt=3.404627e-03
elapsed=6.314548e+01 cycle=1264 time=3.674056e+00 dt=3.403647e-03
elapsed=6.328900e+01 cycle=1268 time=3.687669e+00 dt=3.402736e-03
elapsed=6.351830e+01 cycle=1272 time=3.701279e+00 dt=3.401892e-03
elapsed=6.366117e+01 cycle=1276 time=3.714885e+00 dt=3.401117e-03
elapsed=6.380356e+01 cycle=1280 time=3.728489e+00 dt=3.400124e-03
elapsed=6.405405e+01 cycle=1284 time=3.742087e+00 dt=3.399081e-03
elapsed=6.441534e+01 cycle=1288 time=3.755682e+00 dt=3.398106e-03
elapsed=6.456989e+01 cycle=1292 time=3.769273e+00 dt=3.397197e-03
elapsed=6.471216e+01 cycle=1296 time=3.782861e+00 dt=3.396356e-03
elapsed=6.494276e+01 cycle=1300 time=3.796445e+00 dt=3.395580e-03
elapsed=6.508530e+01 cycle=1304 time=3.810026e+00 dt=3.394872e-03
elapsed=6.525356e+01 cycle=1308 time=3.823604e+00 dt=3.393837e-03
elapsed=6.547270e+01 cycle=1312 time=3.837178e+00 dt=3.392863e-03
elapsed=6.561544e+01 cycle=1316 time=3.850748e+00 dt=3.391955e-03
elapsed=6.585004e+01 cycle=1320 time=3.864315e+00 dt=3.391113e-03
elapsed=6.599310e+01 cycle=1324 time=3.877878e+00 dt=3.390335e-03
elapsed=6.613553e+01 cycle=1328 time=3.891438e+00 dt=3.389623e-03
elapsed=6.635958e+01 cycle=1332 time=3.904996e+00 dt=3.388870e-03
elapsed=6.650226e+01 cycle=1336 time=3.918550e+00 dt=3.387895e-03
elapsed=6.668444e+01 cycle=1340 time=3.932100e+00 dt=3.386985e-03
elapsed=6.690502e+01 cycle=1344 time=3.945647e+00 dt=3.386139e-03
elapsed=6.704778e+01 cycle=1348 time=3.959190e+00 dt=3.385358e-03
elapsed=6.729758e+01 cycle=1352 time=3.972730e+00 dt=3.384640e-03
elapsed=6.744087e+01 cycle=1356 time=3.986268e+00 dt=3.383987e-03
elapsed=6.758306e+01 cycle=1360 time=3.999803e+00 dt=3.383177e-03
elapsed=6.798109e+01 cycle=1364 time=4.013334e+00 dt=3.382263e-03
elapsed=6.818226e+01 cycle=1368 time=4.026862e+00 dt=3.381412e-03
elapsed=6.834780e+01 cycle=1372 time=4.040386e+00 dt=3.380625e-03
elapsed=6.849166e+01 cycle=1376 time=4.053908e+00 dt=3.379900e-03
elapsed=6.874214e+01 cycle=1380 time=4.067426e+00 dt=3.379238e-03
elapsed=6.889331e+01 cycle=1384 time=4.080942e+00 dt=3.378640e-03
elapsed=6.907414e+01 cycle=1388 time=4.094456e+00 dt=3.377768e-03
elapsed=6.928150e+01 cycle=1392 time=4.107965e+00 dt=3.376910e-03
elapsed=6.942491e+01 cycle=1396 time=4.121472e+00 dt=3.376114e-03
elapsed=6.967012e+01 cycle=1400 time=4.134975e+00 dt=3.375380e-03
elapsed=6.981409e+01 cycle=1404 time=4.148476e+00 dt=3.374708e-03
elapsed=6.995739e+01 cycle=1408 time=4.161973e+00 dt=3.374099e-03
elapsed=7.019242e+01 cycle=1412 time=4.175469e+00 dt=3.373477e-03
elapsed=7.033560e+01 cycle=1416 time=4.188962e+00 dt=3.372610e-03
elapsed=7.054770e+01 cycle=1420 time=4.202451e+00 dt=3.371805e-03
elapsed=7.071703e+01 cycle=1424 time=4.215937e+00 dt=3.371060e-03
elapsed=7.093945e+01 cycle=1428 time=4.229420e+00 dt=3.370377e-03
elapsed=7.108221e+01 cycle=1432 time=4.242901e+00 dt=3.369755e-03
elapsed=7.151145e+01 cycle=1436 time=4.256379e+00 dt=3.369194e-03
elapsed=7.172429e+01 cycle=1440 time=4.269855e+00 dt=3.368495e-03
elapsed=7.189127e+01 cycle=1444 time=4.283327e+00 dt=3.367678e-03
elapsed=7.203462e+01 cycle=1448 time=4.296797e+00 dt=3.366922e-03
elapsed=7.226418e+01 cycle=1452 time=4.310264e+00 dt=3.366226e-03
elapsed=7.240804e+01 cycle=1456 time=4.323728e+00 dt=3.365590e-03
elapsed=7.257985e+01 cycle=1460 time=4.337189e+00 dt=3.365014e-03
elapsed=7.278540e+01 cycle=1464 time=4.350648e+00 dt=3.364498e-03
elapsed=7.293253e+01 cycle=1468 time=4.364105e+00 dt=3.363717e-03
elapsed=7.318389e+01 cycle=1472 time=4.377559e+00 dt=3.362947e-03
elapsed=7.332785e+01 cycle=1476 time=4.391010e+00 dt=3.362237e-03
elapsed=7.347172e+01 cycle=1480 time=4.404458e+00 dt=3.361586e-03
elapsed=7.370174e+01 cycle=1484 time=4.417903e+00 dt=3.360994e-03
elapsed=7.384525e+01 cycle=1488 time=4.431346e+00 dt=3.360462e-03
elapsed=7.403879e+01 cycle=1492 time=4.444787e+00 dt=3.359904e-03
elapsed=7.421467e+01 cycle=1496 time=4.458226e+00 dt=3.359120e-03
elapsed=7.435821e+01 cycle=1500 time=4.471661e+00 dt=3.358395e-03
elapsed=7.460041e+01 cycle=1504 time=4.485094e+00 dt=3.357728e-03
elapsed=7.474426e+01 cycle=1508 time=4.498524e+00 dt=3.357120e-03
elapsed=7.513402e+01 cycle=1512 time=4.511951e+00 dt=3.356571e-03
elapsed=7.527737e+01 cycle=1516 time=4.525377e+00 dt=3.356080e-03
elapsed=7.550318e+01 cycle=1520 time=4.538800e+00 dt=3.355427e-03
elapsed=7.564669e+01 cycle=1524 time=4.552221e+00 dt=3.354685e-03
elapsed=7.579228e+01 cycle=1528 time=4.565639e+00 dt=3.354002e-03
elapsed=7.603849e+01 cycle=1532 time=4.579054e+00 dt=3.353377e-03
elapsed=7.618255e+01 cycle=1536 time=4.592466e+00 dt=3.352809e-03
elapsed=7.636937e+01 cycle=1540 time=4.605877e+00 dt=3.352299e-03
elapsed=7.655320e+01 cycle=1544 time=4.619285e+00 dt=3.351848e-03
elapsed=7.669652e+01 cycle=1548 time=4.632691e+00 dt=3.351096e-03
elapsed=7.693552e+01 cycle=1552 time=4.646095e+00 dt=3.350395e-03
elapsed=7.707861e+01 cycle=1556 time=4.659495e+00 dt=3.349752e-03
elapsed=7.722169e+01 cycle=1560 time=4.672893e+00 dt=3.349165e-03
elapsed=7.747130e+01 cycle=1564 time=4.686289e+00 dt=3.348636e-03
elapsed=7.761493e+01 cycle=1568 time=4.699683e+00 dt=3.348165e-03
elapsed=7.786587e+01 cycle=1572 time=4.713075e+00 dt=3.347613e-03
elapsed=7.802565e+01 cycle=1576 time=4.726464e+00 dt=3.346895e-03
elapsed=7.817285e+01 cycle=1580 time=4.739851e+00 dt=3.346233e-03
elapsed=7.858899e+01 cycle=1584 time=4.753235e+00 dt=3.345628e-03
elapsed=7.886999e+01 cycle=1588 time=4.766617e+00 dt=3.345079e-03
elapsed=7.901628e+01 cycle=1592 time=4.779996e+00 dt=3.344587e-03
elapsed=7.916064e+01 cycle=1596 time=4.793374e+00 dt=3.344151e-03
elapsed=7.938670e+01 cycle=1600 time=4.806750e+00 dt=3.343492e-03
elapsed=7.952996e+01 cycle=1604 time=4.820123e+00 dt=3.342811e-03
elapsed=7.974296e+01 cycle=1608 time=4.833493e+00 dt=3.342186e-03
elapsed=7.991741e+01 cycle=1612 time=4.846861e+00 dt=3.341617e-03
elapsed=8.006158e+01 cycle=1616 time=4.860226e+00 dt=3.341104e-03
elapsed=8.031787e+01 cycle=1620 time=4.873590e+00 dt=3.340648e-03
elapsed=8.046449e+01 cycle=1624 time=4.886952e+00 dt=3.340176e-03
elapsed=8.063067e+01 cycle=1628 time=4.900312e+00 dt=3.339476e-03
elapsed=8.084398e+01 cycle=1632 time=4.913669e+00 dt=3.338831e-03
elapsed=8.099074e+01 cycle=1636 time=4.927023e+00 dt=3.338242e-03
elapsed=8.121695e+01 cycle=1640 time=4.940375e+00 dt=3.337708e-03
elapsed=8.136204e+01 cycle=1644 time=4.953725e+00 dt=3.337230e-03
elapsed=8.150904e+01 cycle=1648 time=4.967074e+00 dt=3.336807e-03
elapsed=8.176122e+01 cycle=1652 time=4.980420e+00 dt=3.336219e-03
elapsed=8.191003e+01 cycle=1656 time=4.993764e+00 dt=3.335555e-03
elapsed=8.228850e+01 cycle=1660 time=5.007105e+00 dt=3.334945e-03
elapsed=8.243375e+01 cycle=1664 time=5.020444e+00 dt=3.334390e-03
elapsed=8.265698e+01 cycle=1668 time=5.033781e+00 dt=3.333890e-03
elapsed=8.280299e+01 cycle=1672 time=5.047116e+00 dt=3.333445e-03
elapsed=8.294764e+01 cycle=1676 time=5.060449e+00 dt=3.333033e-03
elapsed=8.317942e+01 cycle=1680 time=5.073780e+00 dt=3.332349e-03
elapsed=8.332572e+01 cycle=1684 time=5.087109e+00 dt=3.331718e-03
elapsed=8.355544e+01 cycle=1688 time=5.100435e+00 dt=3.331142e-03
elapsed=8.371163e+01 cycle=1692 time=5.113758e+00 dt=3.330620e-03
elapsed=8.385610e+01 cycle=1696 time=5.127080e+00 dt=3.330153e-03
elapsed=8.408576e+01 cycle=1700 time=5.140400e+00 dt=3.329740e-03
elapsed=8.423028e+01 cycle=1704 time=5.153718e+00 dt=3.329207e-03
elapsed=8.440319e+01 cycle=1708 time=5.167034e+00 dt=3.328556e-03
elapsed=8.460019e+01 cycle=1712 time=5.180347e+00 dt=3.327958e-03
elapsed=8.474688e+01 cycle=1716 time=5.193658e+00 dt=3.327415e-03
elapsed=8.500757e+01 cycle=1720 time=5.206967e+00 dt=3.326925e-03
elapsed=8.519020e+01 cycle=1724 time=5.220274e+00 dt=3.326490e-03
elapsed=8.539136e+01 cycle=1728 time=5.233580e+00 dt=3.326108e-03
elapsed=8.559268e+01 cycle=1732 time=5.246883e+00 dt=3.325451e-03
elapsed=8.592386e+01 cycle=1736 time=5.260184e+00 dt=3.324833e-03
elapsed=8.615994e+01 cycle=1740 time=5.273483e+00 dt=3.324268e-03
elapsed=8.630384e+01 cycle=1744 time=5.286779e+00 dt=3.323756e-03
elapsed=8.651389e+01 cycle=1748 time=5.300073e+00 dt=3.323298e-03
elapsed=8.669824e+01 cycle=1752 time=5.313366e+00 dt=3.322893e-03
elapsed=8.685451e+01 cycle=1756 time=5.326657e+00 dt=3.322400e-03
elapsed=8.708387e+01 cycle=1760 time=5.339945e+00 dt=3.321760e-03
elapsed=8.722672e+01 cycle=1764 time=5.353231e+00 dt=3.321173e-03
elapsed=8.738351e+01 cycle=1768 time=5.366515e+00 dt=3.320639e-03
elapsed=8.758924e+01 cycle=1772 time=5.379797e+00 dt=3.320159e-03
elapsed=8.773235e+01 cycle=1776 time=5.393077e+00 dt=3.319731e-03
elapsed=8.799212e+01 cycle=1780 time=5.406355e+00 dt=3.319356e-03
elapsed=8.813626e+01 cycle=1784 time=5.419632e+00 dt=3.318735e-03
elapsed=8.827813e+01 cycle=1788 time=5.432906e+00 dt=3.318127e-03
elapsed=8.853185e+01 cycle=1792 time=5.446178e+00 dt=3.317571e-03
elapsed=8.868568e+01 cycle=1796 time=5.459447e+00 dt=3.317068e-03
elapsed=8.891928e+01 cycle=1800 time=5.472715e+00 dt=3.316617e-03
elapsed=8.909401e+01 cycle=1804 time=5.485981e+00 dt=3.316220e-03
elapsed=8.923686e+01 cycle=1808 time=5.499245e+00 dt=3.315754e-03
elapsed=8.960435e+01 cycle=1812 time=5.512507e+00 dt=3.315125e-03
elapsed=8.974881e+01 cycle=1816 time=5.525767e+00 dt=3.314547e-03
elapsed=8.998253e+01 cycle=1820 time=5.539024e+00 dt=3.314022e-03
elapsed=9.013479e+01 cycle=1824 time=5.552279e+00 dt=3.313549e-03
elapsed=9.038641e+01 cycle=1828 time=5.565533e+00 dt=3.313127e-03
elapsed=9.053240e+01 cycle=1832 time=5.578785e+00 dt=3.312759e-03
elapsed=9.067417e+01 cycle=1836 time=5.592035e+00 dt=3.312163e-03
elapsed=9.091859e+01 cycle=1840 time=5.605283e+00 dt=3.311563e-03
elapsed=9.106151e+01 cycle=1844 time=5.618528e+00 dt=3.311016e-03
elapsed=9.123027e+01 cycle=1848 time=5.631772e+00 dt=3.310520e-03
elapsed=9.142502e+01 cycle=1852 time=5.645013e+00 dt=3.310076e-03
elapsed=9.157902e+01 cycle=1856 time=5.658253e+00 dt=3.309684e-03
elapsed=9.181848e+01 cycle=1860 time=5.671491e+00 dt=3.309236e-03
elapsed=9.196118e+01 cycle=1864 time=5.684727e+00 dt=3.308616e-03
elapsed=9.210355e+01 cycle=1868 time=5.697960e+00 dt=3.308046e-03
elapsed=9.236031e+01 cycle=1872 time=5.711192e+00 dt=3.307528e-03
elapsed=9.250640e+01 cycle=1876 time=5.724421e+00 dt=3.307061e-03
elapsed=9.271362e+01 cycle=1880 time=5.737649e+00 dt=3.306645e-03
elapsed=9.307104e+01 cycle=1884 time=5.750875e+00 dt=3.306281e-03
elapsed=9.329271e+01 cycle=1888 time=5.764099e+00 dt=3.305700e-03
elapsed=9.343526e+01 cycle=1892 time=5.777321e+00 dt=3.305109e-03
elapsed=9.362636e+01 cycle=1896 time=5.790541e+00 dt=3.304568e-03
elapsed=9.381214e+01 cycle=1900 time=5.803758e+00 dt=3.304078e-03
elapsed=9.395513e+01 cycle=1904 time=5.816974e+00 dt=3.303639e-03
elapsed=9.420291e+01 cycle=1908 time=5.830188e+00 dt=3.303249e-03
elapsed=9.434544e+01 cycle=1912 time=5.843400e+00 dt=3.302805e-03
elapsed=9.448898e+01 cycle=1916 time=5.856610e+00 dt=3.302190e-03
elapsed=9.472275e+01 cycle=1920 time=5.869818e+00 dt=3.301624e-03
elapsed=9.486578e+01 cycle=1924 time=5.883024e+00 dt=3.301109e-03
elapsed=9.506255e+01 cycle=1928 time=5.896228e+00 dt=3.300645e-03
elapsed=9.523356e+01 cycle=1932 time=5.909430e+00 dt=3.300231e-03
elapsed=9.537727e+01 cycle=1936 time=5.922630e+00 dt=3.299868e-03
elapsed=9.562244e+01 cycle=1940 time=5.935829e+00 dt=3.299287e-03
elapsed=9.576565e+01 cycle=1944 time=5.949025e+00 dt=3.298699e-03
elapsed=9.590883e+01 cycle=1948 time=5.962219e+00 dt=3.298161e-03
elapsed=9.616180e+01 cycle=1952 time=5.975411e+00 dt=3.297674e-03
elapsed=9.630452e+01 cycle=1956 time=5.988601e+00 dt=3.297236e-03
elapsed=9.673482e+01 cycle=1960 time=6.001789e+00 dt=3.296849e-03
elapsed=9.694442e+01 cycle=1964 time=6.014976e+00 dt=3.296403e-03
elapsed=9.712283e+01 cycle=1968 time=6.028161e+00 dt=3.295793e-03
elapsed=9.726885e+01 cycle=1972 time=6.041343e+00 dt=3.295232e-03
elapsed=9.751934e+01 cycle=1976 time=6.054523e+00 dt=3.294721e-03
elapsed=9.766618e+01 cycle=1980 time=6.067701e+00 dt=3.294259e-03
elapsed=9.781076e+01 cycle=1984 time=6.080878e+00 dt=3.293848e-03
elapsed=9.805734e+01 cycle=1988 time=6.094053e+00 dt=3.293486e-03
elapsed=9.819989e+01 cycle=1992 time=6.107226e+00 dt=3.292899e-03
elapsed=9.841004e+01 cycle=1996 time=6.120397e+00 dt=3.292315e-03
elapsed=9.856153e+01 cycle=2000 time=6.133565e+00 dt=3.291780e-03
elapsed=9.871160e+01 cycle=2004 time=6.146731e+00 dt=3.291294e-03
elapsed=9.898784e+01 cycle=2008 time=6.159896e+00 dt=3.290858e-03
elapsed=9.913094e+01 cycle=2012 time=6.173059e+00 dt=3.290471e-03
elapsed=9.933645e+01 cycle=2016 time=6.186220e+00 dt=3.290011e-03
elapsed=9.952251e+01 cycle=2020 time=6.199379e+00 dt=3.289403e-03
elapsed=9.966514e+01 cycle=2024 time=6.212536e+00 dt=3.288844e-03
elapsed=9.991746e+01 cycle=2028 time=6.225690e+00 dt=3.288334e-03
elapsed=1.000614e+02 cycle=2032 time=6.238843e+00 dt=3.287873e-03
elapsed=1.003769e+02 cycle=2036 time=6.251994e+00 dt=3.287461e-03
elapsed=1.005238e+02 cycle=2040 time=6.265143e+00 dt=3.287098e-03
elapsed=1.006663e+02 cycle=2044 time=6.278291e+00 dt=3.286489e-03
elapsed=1.009026e+02 cycle=2048 time=6.291436e+00 dt=3.285906e-03
elapsed=1.011120e+02 cycle=2052 time=6.304579e+00 dt=3.285371e-03
elapsed=1.012676e+02 cycle=2056 time=6.317719e+00 dt=3.284884e-03
elapsed=1.015217e+02 cycle=2060 time=6.330858e+00 dt=3.284446e-03
elapsed=1.016649e+02 cycle=2064 time=6.343995e+00 dt=3.284056e-03
elapsed=1.018075e+02 cycle=2068 time=6.357131e+00 dt=3.283565e-03
elapsed=1.020554e+02 cycle=2072 time=6.370264e+00 dt=3.282956e-03
elapsed=1.021997e+02 cycle=2076 time=6.383395e+00 dt=3.282396e-03
elapsed=1.023789e+02 cycle=2080 time=6.396524e+00 dt=3.281883e-03
elapsed=1.025934e+02 cycle=2084 time=6.409651e+00 dt=3.281418e-03
elapsed=1.027385e+02 cycle=2088 time=6.422776e+00 dt=3.281002e-03
elapsed=1.029721e+02 cycle=2092 time=6.435899e+00 dt=3.280621e-03
elapsed=1.031181e+02 cycle=2096 time=6.449021e+00 dt=3.279987e-03
elapsed=1.032634e+02 cycle=2100 time=6.462140e+00 dt=3.279400e-03
elapsed=1.034881e+02 cycle=2104 time=6.475257e+00 dt=3.278860e-03
elapsed=1.036330e+02 cycle=2108 time=6.488371e+00 dt=3.278368e-03
output wall time = 6.868606e+00
elapsed=1.040861e+02 cycle=2112 time=6.500000e+00 dt=3.277972e-03

Terminating on time limit
time=6.500000e+00 cycle=2112
tlim=6.500000e+00 nlim=-1 nmb_total_limit=-1

Current number of MeshBlocks = 44
18 MeshBlocks created, 6 deleted by AMR
0 communicated for load balancing, load balancing efficiency = 0.000000e+00

MeshBlock-cycles = 94164
cpu time used  = 1.023191e+02
zone-cycles/cpu_second = 3.769538e+06
particle-updates/cpu_second = 0.000000e+00
