
Root grid = 2 x 2 x 2 MeshBlocks
Total number of MeshBlocks = 232
Number of logical  levels of refinement = 5 (6 levels total)
Number of physical levels of refinement = 4 (5 levels total)
  Physical level = 1 (logical level = 2): 56 MeshBlocks, cost = 56
  Physical level = 2 (logical level = 3): 56 MeshBlocks, cost = 56
  Physical level = 3 (logical level = 4): 56 MeshBlocks, cost = 56
  Physical level = 4 (logical level = 5): 64 MeshBlocks, cost = 64
Number of parallel ranks = 1
AssembleZ4cTasks

Setup complete, executing task list(s)...

elapsed=1.026787e+00 cycle=33 time=2.500000e-01 dt=6.250000e-03
elapsed=1.975592e+00 cycle=34 time=2.562500e-01 dt=7.812500e-03
elapsed=2.914257e+00 cycle=35 time=2.640625e-01 dt=7.812500e-03
elapsed=4.012542e+00 cycle=36 time=2.718750e-01 dt=7.812500e-03
elapsed=5.003852e+00 cycle=37 time=2.796875e-01 dt=7.812500e-03
elapsed=6.059746e+00 cycle=38 time=2.875000e-01 dt=7.812500e-03
elapsed=7.056532e+00 cycle=39 time=2.953125e-01 dt=7.812500e-03
elapsed=8.089923e+00 cycle=40 time=3.031250e-01 dt=7.812500e-03
elapsed=9.130888e+00 cycle=41 time=3.109375e-01 dt=7.812500e-03
elapsed=1.018665e+01 cycle=42 time=3.187500e-01 dt=7.812500e-03
elapsed=1.123669e+01 cycle=43 time=3.265625e-01 dt=7.812500e-03
elapsed=1.225047e+01 cycle=44 time=3.343750e-01 dt=7.812500e-03
elapsed=1.324290e+01 cycle=45 time=3.421875e-01 dt=7.812500e-03
elapsed=1.428993e+01 cycle=46 time=3.500000e-01 dt=7.812500e-03
elapsed=1.533643e+01 cycle=47 time=3.578125e-01 dt=7.812500e-03
elapsed=1.633488e+01 cycle=48 time=3.656250e-01 dt=7.812500e-03
elapsed=1.738700e+01 cycle=49 time=3.734375e-01 dt=7.812500e-03
elapsed=1.832811e+01 cycle=50 time=3.812500e-01 dt=7.812500e-03
elapsed=1.936325e+01 cycle=51 time=3.890625e-01 dt=7.812500e-03
elapsed=2.041465e+01 cycle=52 time=3.968750e-01 dt=7.812500e-03
elapsed=2.141330e+01 cycle=53 time=4.046875e-01 dt=7.812500e-03
elapsed=2.245488e+01 cycle=54 time=4.125000e-01 dt=7.812500e-03
elapsed=2.348528e+01 cycle=55 time=4.203125e-01 dt=7.812500e-03
elapsed=2.457647e+01 cycle=56 time=4.281250e-01 dt=7.812500e-03
elapsed=2.567087e+01 cycle=57 time=4.359375e-01 dt=7.812500e-03
elapsed=2.670620e+01 cycle=58 time=4.437500e-01 dt=7.812500e-03
elapsed=2.776899e+01 cycle=59 time=4.515625e-01 dt=7.812500e-03
elapsed=2.877326e+01 cycle=60 time=4.593750e-01 dt=7.812500e-03
elapsed=2.984450e+01 cycle=61 time=4.671875e-01 dt=7.812500e-03
elapsed=3.076398e+01 cycle=62 time=4.750000e-01 dt=7.812500e-03
elapsed=3.171897e+01 cycle=63 time=4.828125e-01 dt=7.812500e-03
elapsed=3.279895e+01 cycle=64 time=4.906250e-01 dt=7.812500e-03
elapsed=3.378851e+01 cycle=65 time=4.984375e-01 dt=1.562500e-03
elapsed=3.505363e+01 cycle=66 time=5.000000e-01 dt=3.125000e-03

Terminating on time limit
time=5.000000e-01 cycle=66
tlim=5.000000e-01 nlim=-1

MeshBlock-cycles = 7656
cpu time used  = 3.402686e+01
zone-cycles/cpu_second = 1.151994e+05
particle-updates/cpu_second = 0.000000e+00
