
Root grid = 1 x 1 x 1 MeshBlocks
Total number of MeshBlocks = 1
Number of logical  levels of refinement = 0 (1 levels total)
Number of physical levels of refinement = 0 (1 levels total)
Number of parallel ranks = 1
reference-GH puncture minimum cell-center radius = 0.0270633
reference-GH stationary physical-target audit: |F-H_constraint|_Linf=2.43574e-11, |tildeGamma|_Linf=5.32907e-15, |stored_Hhat_A|_Linf=6.65068e-12, |stored_theta_A|_Linf=2.27374e-11
reference-GH production cache oracle conditioned scaled Linf = 5.68434e-14, time=0
reference-GH stationary initial RHS Linf = 8.56744e-11, component=10, radius=0.0811899, coordinate reference Ricci Linf=5.33182e-08, frame reference Ricci Linf=4.996e-16

Setup complete, executing task list(s)...

elapsed=9.023917e+00 cycle=0 time=0.000000e+00 dt=6.287349e-03
elapsed=1.247551e+01 cycle=1 time=6.287349e-03 dt=6.287349e-03
elapsed=1.589055e+01 cycle=2 time=1.257470e-02 dt=6.287349e-03
elapsed=1.921066e+01 cycle=3 time=1.886205e-02 dt=6.287349e-03
elapsed=2.329300e+01 cycle=4 time=2.514940e-02 dt=6.287349e-03
elapsed=2.665940e+01 cycle=5 time=3.143675e-02 dt=6.287349e-03
elapsed=3.007839e+01 cycle=6 time=3.772410e-02 dt=6.287349e-03
elapsed=3.346765e+01 cycle=7 time=4.401145e-02 dt=6.287349e-03
elapsed=3.741925e+01 cycle=8 time=5.029880e-02 dt=6.287349e-03
elapsed=4.083153e+01 cycle=9 time=5.658615e-02 dt=6.287349e-03
elapsed=4.418853e+01 cycle=10 time=6.287349e-02 dt=6.287349e-03
elapsed=4.758365e+01 cycle=11 time=6.916084e-02 dt=6.287349e-03
elapsed=5.161817e+01 cycle=12 time=7.544819e-02 dt=6.287349e-03
elapsed=5.513740e+01 cycle=13 time=8.173554e-02 dt=6.287349e-03
elapsed=5.853457e+01 cycle=14 time=8.802289e-02 dt=6.287349e-03
elapsed=6.194557e+01 cycle=15 time=9.431024e-02 dt=5.689758e-03
reference-GH stationary trumpet: field Linf=2.527894e-11, physical metric Linf=7.219114e-12, lapse Linf=4.475587e-15, shift Linf=3.096481e-16, constraint Linf=2.221379e-11, RHS estimate=8.567439e-11
elapsed=6.685855e+01 cycle=16 time=1.000000e-01 dt=6.287349e-03

Terminating on time limit
time=1.000000e-01 cycle=16
tlim=1.000000e-01 nlim=-1

MeshBlock-cycles = 16
cpu time used  = 5.783463e+01
zone-cycles/cpu_second = 9.065295e+03
particle-updates/cpu_second = 0.000000e+00
