### WARNING in /lus/flare/projects/CompactBinaryMerger/hzhu/refgh_feedback_continuation_20260823_2466879e_v1/src/src/mesh/load_balance.cpp at line 83
Number of MeshBlocks cannot be divided evenly by number of MPI ranks. This will result in poor load balancing.

Root grid = 3 x 3 x 3 MeshBlocks
Total number of MeshBlocks = 34
Number of logical  levels of refinement = 3 (4 levels total)
Number of physical levels of refinement = 1 (2 levels total)
Number of parallel ranks = 12
  Rank = 0: 2 MeshBlocks, cost = 2
  Rank = 1: 2 MeshBlocks, cost = 2
  Rank = 2: 3 MeshBlocks, cost = 3
  Rank = 3: 3 MeshBlocks, cost = 3
  Rank = 4: 3 MeshBlocks, cost = 3
  Rank = 5: 3 MeshBlocks, cost = 3
  Rank = 6: 3 MeshBlocks, cost = 3
  Rank = 7: 3 MeshBlocks, cost = 3
  Rank = 8: 3 MeshBlocks, cost = 3
  Rank = 9: 3 MeshBlocks, cost = 3
  Rank = 10: 3 MeshBlocks, cost = 3
  Rank = 11: 3 MeshBlocks, cost = 3
Load Balancing:
  Maximum normalized cost = 1.5, Average = 1.41667
### WARNING in /lus/flare/projects/CompactBinaryMerger/hzhu/refgh_feedback_continuation_20260823_2466879e_v1/src/src/parameter_input.cpp: input parameter <mesh_refinement>/num_levels = 2 was not used by the code (check for a typo)
### WARNING in /lus/flare/projects/CompactBinaryMerger/hzhu/refgh_feedback_continuation_20260823_2466879e_v1/src/src/parameter_input.cpp: input parameter <mesh_refinement>/max_nmb_per_rank = 128 was not used by the code (check for a typo)
### WARNING in /lus/flare/projects/CompactBinaryMerger/hzhu/refgh_feedback_continuation_20260823_2466879e_v1/src/src/parameter_input.cpp: input parameter <refined_region1>/level = 1 was not used by the code (check for a typo)
### WARNING in /lus/flare/projects/CompactBinaryMerger/hzhu/refgh_feedback_continuation_20260823_2466879e_v1/src/src/parameter_input.cpp: input parameter <refined_region1>/x1min = -2.0 was not used by the code (check for a typo)
### WARNING in /lus/flare/projects/CompactBinaryMerger/hzhu/refgh_feedback_continuation_20260823_2466879e_v1/src/src/parameter_input.cpp: input parameter <refined_region1>/x1max = 2.0 was not used by the code (check for a typo)
### WARNING in /lus/flare/projects/CompactBinaryMerger/hzhu/refgh_feedback_continuation_20260823_2466879e_v1/src/src/parameter_input.cpp: input parameter <refined_region1>/x2min = -2.0 was not used by the code (check for a typo)
### WARNING in /lus/flare/projects/CompactBinaryMerger/hzhu/refgh_feedback_continuation_20260823_2466879e_v1/src/src/parameter_input.cpp: input parameter <refined_region1>/x2max = 2.0 was not used by the code (check for a typo)
### WARNING in /lus/flare/projects/CompactBinaryMerger/hzhu/refgh_feedback_continuation_20260823_2466879e_v1/src/src/parameter_input.cpp: input parameter <refined_region1>/x3min = -2.0 was not used by the code (check for a typo)
### WARNING in /lus/flare/projects/CompactBinaryMerger/hzhu/refgh_feedback_continuation_20260823_2466879e_v1/src/src/parameter_input.cpp: input parameter <refined_region1>/x3max = 2.0 was not used by the code (check for a typo)
### WARNING in /lus/flare/projects/CompactBinaryMerger/hzhu/refgh_feedback_continuation_20260823_2466879e_v1/src/src/parameter_input.cpp: input parameter <time>/start_time = 0 was not used by the code (check for a typo)

Setup complete, executing task list(s)...

elapsed=1.479270e+00 cycle=700 time=2.500000e+00 dt=3.581243e-03
elapsed=3.834446e+01 cycle=710 time=2.535811e+00 dt=3.580886e-03
elapsed=7.694902e+01 cycle=720 time=2.571618e+00 dt=3.580520e-03
elapsed=1.154854e+02 cycle=730 time=2.607422e+00 dt=3.580147e-03
elapsed=1.534640e+02 cycle=740 time=2.643221e+00 dt=3.579766e-03
elapsed=1.920388e+02 cycle=750 time=2.679017e+00 dt=3.579376e-03
elapsed=2.306072e+02 cycle=760 time=2.714809e+00 dt=3.578977e-03
elapsed=2.699754e+02 cycle=770 time=2.750597e+00 dt=3.578569e-03
elapsed=3.069367e+02 cycle=780 time=2.786381e+00 dt=3.578149e-03
elapsed=3.453818e+02 cycle=790 time=2.822161e+00 dt=3.577717e-03
elapsed=3.838456e+02 cycle=800 time=2.857936e+00 dt=3.577271e-03
elapsed=4.217105e+02 cycle=810 time=2.893706e+00 dt=3.576809e-03
elapsed=4.601776e+02 cycle=820 time=2.929472e+00 dt=3.576329e-03
elapsed=4.986116e+02 cycle=830 time=2.965233e+00 dt=3.575827e-03
reference-GH controlled Schwarzschild final: time=3.000000e+00 state Linf=1.318037e+00 bad-state=0.000000e+00
elapsed=5.422188e+02 cycle=840 time=3.000000e+00 dt=3.575315e-03

Terminating on time limit
time=3.000000e+00 cycle=840
tlim=3.000000e+00 nlim=-1

MeshBlock-cycles = 4760
cpu time used  = 5.407396e+02
zone-cycles/cpu_second = 9.735146e+05
particle-updates/cpu_second = 0.000000e+00
real 544.24
user 0.00
sys 0.01
