
Root grid = 1 x 1 x 1 MeshBlocks
Total number of MeshBlocks = 1
Number of logical  levels of refinement = 0 (1 levels total)
Number of physical levels of refinement = 0 (1 levels total)
Number of parallel ranks = 1
### WARNING in /tmp/athenak-exact-telemetry-src.RbbhDQ/src/parameter_input.cpp: input parameter <refined_region1>/level = 3 was not used by the code (check for a typo)
### WARNING in /tmp/athenak-exact-telemetry-src.RbbhDQ/src/parameter_input.cpp: input parameter <refined_region1>/x1min = -2.0 was not used by the code (check for a typo)
### WARNING in /tmp/athenak-exact-telemetry-src.RbbhDQ/src/parameter_input.cpp: input parameter <refined_region1>/x1max = 2.0 was not used by the code (check for a typo)
### WARNING in /tmp/athenak-exact-telemetry-src.RbbhDQ/src/parameter_input.cpp: input parameter <refined_region1>/x2min = -2.0 was not used by the code (check for a typo)
### WARNING in /tmp/athenak-exact-telemetry-src.RbbhDQ/src/parameter_input.cpp: input parameter <refined_region1>/x2max = 2.0 was not used by the code (check for a typo)
### WARNING in /tmp/athenak-exact-telemetry-src.RbbhDQ/src/parameter_input.cpp: input parameter <refined_region1>/x3min = -2.0 was not used by the code (check for a typo)
### WARNING in /tmp/athenak-exact-telemetry-src.RbbhDQ/src/parameter_input.cpp: input parameter <refined_region1>/x3max = 2.0 was not used by the code (check for a typo)
### WARNING in /tmp/athenak-exact-telemetry-src.RbbhDQ/src/parameter_input.cpp: input parameter <problem>/near_radius = 2.0 was not used by the code (check for a typo)

Setup complete, executing task list(s)...

elapsed=4.671819e-02 cycle=0 time=0.000000e+00 dt=1.039049e-01
elapsed=1.663708e+00 cycle=10 time=1.039049e+00 dt=1.039049e-01
elapsed=3.265335e+00 cycle=20 time=2.078099e+00 dt=1.039051e-01
elapsed=4.852209e+00 cycle=30 time=3.117152e+00 dt=1.039055e-01
elapsed=6.434070e+00 cycle=40 time=4.156208e+00 dt=1.039059e-01
elapsed=8.016040e+00 cycle=50 time=5.195270e+00 dt=1.039065e-01
elapsed=9.591118e+00 cycle=60 time=6.234339e+00 dt=1.039073e-01
elapsed=1.116997e+01 cycle=70 time=7.273416e+00 dt=1.039082e-01
elapsed=1.274978e+01 cycle=80 time=8.312503e+00 dt=1.039093e-01
elapsed=1.432778e+01 cycle=90 time=9.351601e+00 dt=1.039106e-01
FO-GH puncture boundedness passed: rmin=3.464102e+00, state max=1.013637e+00, near RHS max=2.356617e-02, ADM adapter error=0.000000e+00

Terminating on time limit
time=1.000000e+01 cycle=97
tlim=1.000000e+01 nlim=-1

MeshBlock-cycles = 97
cpu time used  = 1.543512e+01
zone-cycles/cpu_second = 2.574078e+04
particle-updates/cpu_second = 0.000000e+00
