### WARNING in /lus/flare/projects/CompactBinaryMerger/hzhu/refgh_relative_damped_single_hole_20260830_pvc_v2/src/src/mesh/load_balance.cpp at line 83
Number of MeshBlocks cannot be divided evenly by number of MPI ranks. This will result in poor load balancing.

Root grid = 3 x 3 x 3 MeshBlocks
Total number of MeshBlocks = 34
Number of logical  levels of refinement = 3 (4 levels total)
Number of physical levels of refinement = 1 (2 levels total)
Number of parallel ranks = 12
  Rank = 0: 2 MeshBlocks, cost = 2
  Rank = 1: 2 MeshBlocks, cost = 2
  Rank = 2: 3 MeshBlocks, cost = 3
  Rank = 3: 3 MeshBlocks, cost = 3
  Rank = 4: 3 MeshBlocks, cost = 3
  Rank = 5: 3 MeshBlocks, cost = 3
  Rank = 6: 3 MeshBlocks, cost = 3
  Rank = 7: 3 MeshBlocks, cost = 3
  Rank = 8: 3 MeshBlocks, cost = 3
  Rank = 9: 3 MeshBlocks, cost = 3
  Rank = 10: 3 MeshBlocks, cost = 3
  Rank = 11: 3 MeshBlocks, cost = 3
Load Balancing:
  Maximum normalized cost = 1.5, Average = 1.41667
ref_gh reference allocation backend=generic_cache_oracle generic_bytes=3290341376 analytic_static_components=0 analytic_stage_components=0 analytic_static_bytes=0 analytic_stage_bytes=0
reference-GH puncture vertex audit passed; minimum cell radius=0.0360844, wormhole match state=0, G=0, lapse=1.91962e-14, shift=0
### WARNING in /lus/flare/projects/CompactBinaryMerger/hzhu/refgh_relative_damped_single_hole_20260830_pvc_v2/src/src/parameter_input.cpp: input parameter <mesh_refinement>/num_levels = 2 was not used by the code (check for a typo)
### WARNING in /lus/flare/projects/CompactBinaryMerger/hzhu/refgh_relative_damped_single_hole_20260830_pvc_v2/src/src/parameter_input.cpp: input parameter <mesh_refinement>/max_nmb_per_rank = 128 was not used by the code (check for a typo)

Setup complete, executing task list(s)...

elapsed=7.465547e+00 cycle=0 time=0.000000e+00 dt=3.591537e-03
elapsed=5.305668e+01 cycle=10 time=3.591536e-02 dt=3.591534e-03
elapsed=1.003493e+02 cycle=20 time=7.183065e-02 dt=3.591519e-03
elapsed=1.476946e+02 cycle=30 time=1.077457e-01 dt=3.591485e-03
elapsed=1.952390e+02 cycle=40 time=1.436603e-01 dt=3.591422e-03
elapsed=2.418130e+02 cycle=50 time=1.795741e-01 dt=3.591324e-03
elapsed=2.891126e+02 cycle=60 time=2.154868e-01 dt=3.591184e-03
elapsed=3.366498e+02 cycle=70 time=2.513978e-01 dt=3.590994e-03
elapsed=3.838700e+02 cycle=80 time=2.873067e-01 dt=3.590750e-03
elapsed=4.321298e+02 cycle=90 time=3.232128e-01 dt=3.590444e-03
elapsed=4.777453e+02 cycle=100 time=3.591157e-01 dt=3.590073e-03
elapsed=5.251700e+02 cycle=110 time=3.950145e-01 dt=3.589630e-03
elapsed=5.723741e+02 cycle=120 time=4.309085e-01 dt=3.589112e-03
elapsed=6.197697e+02 cycle=130 time=4.667970e-01 dt=3.588515e-03
elapsed=6.680331e+02 cycle=140 time=5.026792e-01 dt=3.587835e-03
elapsed=7.135673e+02 cycle=150 time=5.385541e-01 dt=3.587068e-03
elapsed=7.610913e+02 cycle=160 time=5.744210e-01 dt=3.586212e-03
elapsed=8.083622e+02 cycle=170 time=6.102790e-01 dt=3.585265e-03
elapsed=8.559194e+02 cycle=180 time=6.461270e-01 dt=3.584224e-03
elapsed=9.041906e+02 cycle=190 time=6.819642e-01 dt=3.583088e-03
elapsed=9.497568e+02 cycle=200 time=7.177896e-01 dt=3.581855e-03
elapsed=9.970042e+02 cycle=210 time=7.536023e-01 dt=3.580524e-03
elapsed=1.044450e+03 cycle=220 time=7.894012e-01 dt=3.579096e-03
elapsed=1.091771e+03 cycle=230 time=8.251853e-01 dt=3.577569e-03
elapsed=1.139929e+03 cycle=240 time=8.609538e-01 dt=3.575943e-03
elapsed=1.185462e+03 cycle=250 time=8.967055e-01 dt=3.574219e-03
elapsed=1.232739e+03 cycle=260 time=9.324396e-01 dt=3.572398e-03
elapsed=1.280021e+03 cycle=270 time=9.681550e-01 dt=3.570480e-03
reference-GH controlled Schwarzschild final: time=1.000000e+00 state Linf=1.289333e+01 bad-state=0.000000e+00

Terminating on time limit
time=1.000000e+00 cycle=279
tlim=1.000000e+00 nlim=-1

MeshBlock-cycles = 9486
cpu time used  = 1.322909e+03
zone-cycles/cpu_second = 7.930069e+05
particle-updates/cpu_second = 0.000000e+00
real 1331.65
user 0.01
sys 0.04
