AthenaK Kokkos default execution space: Cuda

Root grid = 4 x 8 x 1 MeshBlocks
Total number of MeshBlocks = 32
Number of logical  levels of refinement = 3 (4 levels total)
Number of physical levels of refinement = 0 (1 levels total)
Number of parallel ranks = 1
AssembleZ4cTasks
Direct global Brill coefficient import: radial_points=48 angular_points=32 adm_mass=2.660301967997158 min_psi4=1.2508595860554816 lapse=psi^-2 min_lapse=0.31259759801780729 max_lapse=0.8941198146642706
Converted imported ADM data to Z4c proper_box_C_rms=0.00031357094957936045 proper_box_H_rms=0.00031357028380797554 proper_box_M_rms=0 proper_box_Z_rms=3.2308384650594483e-07 coordinate_support_H_rms=0.00044455402202905257 coordinate_support_M_rms=0
Initialized Z4c from IrisK data mode=direct_global_coefficients path=/pscratch/sd/h/hzhu/z4c-vc-brill-transfer-qualification-20260823/authority/brill_global_48x32.coefficients bytes=35988

Setup complete, executing task list(s)...

elapsed=5.910888e-01 cycle=0 time=0.000000e+00 dt=5.404204e-03
elapsed=6.405849e-01 cycle=1 time=5.404204e-03 dt=5.397361e-03
elapsed=6.639804e-01 cycle=2 time=1.080156e-02 dt=5.390863e-03
elapsed=6.822074e-01 cycle=3 time=1.619243e-02 dt=5.383171e-03
elapsed=7.030841e-01 cycle=4 time=2.157560e-02 dt=5.373531e-03
elapsed=7.235987e-01 cycle=5 time=2.694913e-02 dt=5.364295e-03
elapsed=7.418553e-01 cycle=6 time=3.231342e-02 dt=5.355457e-03
elapsed=7.600836e-01 cycle=7 time=3.766888e-02 dt=5.347010e-03
elapsed=7.815100e-01 cycle=8 time=4.301589e-02 dt=5.337628e-03
elapsed=7.997793e-01 cycle=9 time=4.835352e-02 dt=5.326611e-03
elapsed=8.179876e-01 cycle=10 time=5.368013e-02 dt=5.316047e-03
elapsed=8.362340e-01 cycle=11 time=5.899618e-02 dt=5.305929e-03
elapsed=8.573954e-01 cycle=12 time=6.430211e-02 dt=5.296248e-03
elapsed=8.756344e-01 cycle=13 time=6.959835e-02 dt=5.286999e-03
elapsed=8.938004e-01 cycle=14 time=7.488535e-02 dt=5.277642e-03
elapsed=9.120076e-01 cycle=15 time=8.016300e-02 dt=5.266478e-03
elapsed=9.330647e-01 cycle=16 time=8.542947e-02 dt=5.255798e-03
elapsed=9.513611e-01 cycle=17 time=9.068527e-02 dt=5.245594e-03
elapsed=9.696930e-01 cycle=18 time=9.593087e-02 dt=5.235860e-03
elapsed=1.032354e+00 cycle=19 time=1.011667e-01 dt=5.226588e-03
elapsed=1.079606e+00 cycle=20 time=1.063933e-01 dt=5.217770e-03
elapsed=1.107041e+00 cycle=21 time=1.116111e-01 dt=5.209400e-03
elapsed=1.125222e+00 cycle=22 time=1.168205e-01 dt=5.201471e-03
elapsed=1.143461e+00 cycle=23 time=1.220220e-01 dt=5.192012e-03
elapsed=1.164593e+00 cycle=24 time=1.272140e-01 dt=5.182845e-03
elapsed=1.182810e+00 cycle=25 time=1.323968e-01 dt=5.174155e-03
elapsed=1.202799e+00 cycle=26 time=1.375710e-01 dt=5.165932e-03
elapsed=1.220968e+00 cycle=27 time=1.427369e-01 dt=5.158169e-03
elapsed=1.242252e+00 cycle=28 time=1.478951e-01 dt=5.150860e-03
elapsed=1.260605e+00 cycle=29 time=1.530459e-01 dt=5.143997e-03
elapsed=1.280519e+00 cycle=30 time=1.581899e-01 dt=5.137574e-03
elapsed=1.298662e+00 cycle=31 time=1.633275e-01 dt=5.131582e-03
elapsed=1.319856e+00 cycle=32 time=1.684591e-01 dt=5.126017e-03
elapsed=1.342261e+00 cycle=33 time=1.735851e-01 dt=5.120870e-03
elapsed=1.360426e+00 cycle=34 time=1.787060e-01 dt=5.115388e-03
elapsed=1.378595e+00 cycle=35 time=1.838214e-01 dt=5.109457e-03
elapsed=1.399656e+00 cycle=36 time=1.889308e-01 dt=5.103961e-03
elapsed=1.417819e+00 cycle=37 time=1.940348e-01 dt=5.098894e-03
elapsed=1.462932e+00 cycle=38 time=1.991337e-01 dt=5.094248e-03
elapsed=1.514069e+00 cycle=39 time=2.042279e-01 dt=5.090016e-03
elapsed=1.551314e+00 cycle=40 time=2.093179e-01 dt=5.086193e-03
elapsed=1.569549e+00 cycle=41 time=2.144041e-01 dt=5.082771e-03
elapsed=1.587770e+00 cycle=42 time=2.194869e-01 dt=5.079745e-03
elapsed=1.605979e+00 cycle=43 time=2.245666e-01 dt=5.077108e-03
elapsed=1.630334e+00 cycle=44 time=2.296437e-01 dt=5.074854e-03
elapsed=1.648526e+00 cycle=45 time=2.347186e-01 dt=5.072977e-03
elapsed=1.666678e+00 cycle=46 time=2.397916e-01 dt=5.071471e-03
elapsed=1.684800e+00 cycle=47 time=2.448631e-01 dt=5.070331e-03
elapsed=1.711891e+00 cycle=48 time=2.499334e-01 dt=5.069550e-03
elapsed=1.735662e+00 cycle=49 time=2.550029e-01 dt=5.068313e-03
elapsed=1.753819e+00 cycle=50 time=2.600712e-01 dt=5.066953e-03
elapsed=1.773790e+00 cycle=51 time=2.651382e-01 dt=5.065957e-03
elapsed=1.795084e+00 cycle=52 time=2.702042e-01 dt=5.065320e-03
elapsed=1.813286e+00 cycle=53 time=2.752695e-01 dt=5.065037e-03
elapsed=1.831379e+00 cycle=54 time=2.803345e-01 dt=5.065101e-03
elapsed=1.849500e+00 cycle=55 time=2.853996e-01 dt=5.065508e-03
elapsed=1.880102e+00 cycle=56 time=2.904651e-01 dt=5.066253e-03
elapsed=1.938839e+00 cycle=57 time=2.955314e-01 dt=5.067330e-03
elapsed=1.976473e+00 cycle=58 time=3.005987e-01 dt=5.068734e-03
elapsed=2.000269e+00 cycle=59 time=3.056674e-01 dt=5.070460e-03
elapsed=2.021773e+00 cycle=60 time=3.107379e-01 dt=5.072503e-03
elapsed=2.040036e+00 cycle=61 time=3.158104e-01 dt=5.074858e-03
elapsed=2.058200e+00 cycle=62 time=3.208853e-01 dt=5.077521e-03
elapsed=2.076418e+00 cycle=63 time=3.259628e-01 dt=5.080485e-03
elapsed=2.098359e+00 cycle=64 time=3.310433e-01 dt=5.083746e-03
elapsed=2.116541e+00 cycle=65 time=3.361270e-01 dt=5.086800e-03
elapsed=2.134682e+00 cycle=66 time=3.412138e-01 dt=5.089491e-03
elapsed=2.152789e+00 cycle=67 time=3.463033e-01 dt=5.092482e-03
elapsed=2.174024e+00 cycle=68 time=3.513958e-01 dt=5.095771e-03
elapsed=2.192152e+00 cycle=69 time=3.564916e-01 dt=5.099352e-03
elapsed=2.210305e+00 cycle=70 time=3.615909e-01 dt=5.103221e-03
elapsed=2.228499e+00 cycle=71 time=3.666941e-01 dt=5.107374e-03
elapsed=2.249534e+00 cycle=72 time=3.718015e-01 dt=5.111805e-03
elapsed=2.268338e+00 cycle=73 time=3.769133e-01 dt=5.116512e-03
elapsed=2.286443e+00 cycle=74 time=3.820298e-01 dt=5.121489e-03
elapsed=2.304555e+00 cycle=75 time=3.871513e-01 dt=5.126733e-03
elapsed=2.353416e+00 cycle=76 time=3.922780e-01 dt=5.132238e-03
elapsed=2.411365e+00 cycle=77 time=3.974103e-01 dt=5.138001e-03
elapsed=2.446305e+00 cycle=78 time=4.025483e-01 dt=5.144017e-03
elapsed=2.464527e+00 cycle=79 time=4.076923e-01 dt=5.150282e-03
elapsed=2.485932e+00 cycle=80 time=4.128426e-01 dt=5.156552e-03
elapsed=2.504151e+00 cycle=81 time=4.179991e-01 dt=5.162197e-03
elapsed=2.522317e+00 cycle=82 time=4.231613e-01 dt=5.168099e-03
elapsed=2.540497e+00 cycle=83 time=4.283294e-01 dt=5.174253e-03
elapsed=2.562668e+00 cycle=84 time=4.335037e-01 dt=5.180655e-03
elapsed=2.580894e+00 cycle=85 time=4.386843e-01 dt=5.187302e-03
elapsed=2.599036e+00 cycle=86 time=4.438716e-01 dt=5.194189e-03
elapsed=2.617176e+00 cycle=87 time=4.490658e-01 dt=5.201313e-03
elapsed=2.638474e+00 cycle=88 time=4.542671e-01 dt=5.208669e-03
elapsed=2.656685e+00 cycle=89 time=4.594758e-01 dt=5.216254e-03
elapsed=2.674824e+00 cycle=90 time=4.646921e-01 dt=5.224063e-03
elapsed=2.692928e+00 cycle=91 time=4.699161e-01 dt=5.232092e-03
elapsed=2.714147e+00 cycle=92 time=4.751482e-01 dt=5.240338e-03
elapsed=2.732260e+00 cycle=93 time=4.803886e-01 dt=5.248795e-03
elapsed=2.750357e+00 cycle=94 time=4.856374e-01 dt=5.256567e-03
elapsed=2.783773e+00 cycle=95 time=4.908939e-01 dt=5.264361e-03
elapsed=2.845820e+00 cycle=96 time=4.961583e-01 dt=5.272378e-03
elapsed=2.876607e+00 cycle=97 time=5.014307e-01 dt=5.280614e-03
elapsed=2.900324e+00 cycle=98 time=5.067113e-01 dt=5.289067e-03
elapsed=2.918564e+00 cycle=99 time=5.120003e-01 dt=5.297731e-03
elapsed=2.939728e+00 cycle=100 time=5.172981e-01 dt=5.306603e-03
elapsed=2.957925e+00 cycle=101 time=5.226047e-01 dt=5.315679e-03
elapsed=2.976076e+00 cycle=102 time=5.279204e-01 dt=5.324954e-03
elapsed=2.994237e+00 cycle=103 time=5.332453e-01 dt=5.334425e-03
elapsed=3.015545e+00 cycle=104 time=5.385797e-01 dt=5.344088e-03
elapsed=3.033810e+00 cycle=105 time=5.439238e-01 dt=5.353743e-03
elapsed=3.051973e+00 cycle=106 time=5.492776e-01 dt=5.362674e-03
elapsed=3.070314e+00 cycle=107 time=5.546402e-01 dt=5.371812e-03
elapsed=3.091584e+00 cycle=108 time=5.600120e-01 dt=5.381151e-03
elapsed=3.109747e+00 cycle=109 time=5.653932e-01 dt=5.390689e-03
elapsed=3.127861e+00 cycle=110 time=5.707839e-01 dt=5.400421e-03
elapsed=3.145937e+00 cycle=111 time=5.761843e-01 dt=5.410343e-03
elapsed=3.167187e+00 cycle=112 time=5.815947e-01 dt=5.420451e-03
elapsed=3.185322e+00 cycle=113 time=5.870151e-01 dt=5.430741e-03
elapsed=3.203402e+00 cycle=114 time=5.924458e-01 dt=5.441208e-03
elapsed=3.249995e+00 cycle=115 time=5.978871e-01 dt=5.451848e-03
elapsed=3.304057e+00 cycle=116 time=6.033389e-01 dt=5.461551e-03
elapsed=3.338636e+00 cycle=117 time=6.088004e-01 dt=5.471411e-03
elapsed=3.356861e+00 cycle=118 time=6.142719e-01 dt=5.481463e-03
elapsed=3.375038e+00 cycle=119 time=6.197533e-01 dt=5.491700e-03
elapsed=3.396279e+00 cycle=120 time=6.252450e-01 dt=5.502120e-03
elapsed=3.414501e+00 cycle=121 time=6.307471e-01 dt=5.512718e-03
elapsed=3.432603e+00 cycle=122 time=6.362599e-01 dt=5.523490e-03
elapsed=3.450711e+00 cycle=123 time=6.417834e-01 dt=5.534431e-03
elapsed=3.472053e+00 cycle=124 time=6.473178e-01 dt=5.545537e-03
elapsed=3.490251e+00 cycle=125 time=6.528633e-01 dt=5.555814e-03
elapsed=3.508393e+00 cycle=126 time=6.584191e-01 dt=5.566065e-03
elapsed=3.526509e+00 cycle=127 time=6.639852e-01 dt=5.576500e-03
elapsed=3.547744e+00 cycle=128 time=6.695617e-01 dt=5.587115e-03
elapsed=3.565954e+00 cycle=129 time=6.751488e-01 dt=5.597906e-03
elapsed=3.584067e+00 cycle=130 time=6.807467e-01 dt=5.608868e-03
elapsed=3.602152e+00 cycle=131 time=6.863556e-01 dt=5.619997e-03
elapsed=3.623453e+00 cycle=132 time=6.919756e-01 dt=5.631289e-03
elapsed=3.641675e+00 cycle=133 time=6.976069e-01 dt=5.642211e-03
elapsed=3.674467e+00 cycle=134 time=7.032491e-01 dt=5.652561e-03
elapsed=3.730121e+00 cycle=135 time=7.089016e-01 dt=5.663093e-03
elapsed=3.764776e+00 cycle=136 time=7.145647e-01 dt=5.673803e-03
elapsed=3.787635e+00 cycle=137 time=7.202385e-01 dt=5.684688e-03
elapsed=3.805808e+00 cycle=138 time=7.259232e-01 dt=5.695742e-03
elapsed=3.824029e+00 cycle=139 time=7.316190e-01 dt=5.706962e-03
elapsed=3.845295e+00 cycle=140 time=7.373259e-01 dt=5.718342e-03
elapsed=3.863511e+00 cycle=141 time=7.430443e-01 dt=5.729232e-03
elapsed=3.881649e+00 cycle=142 time=7.487735e-01 dt=5.739594e-03
elapsed=3.899790e+00 cycle=143 time=7.545131e-01 dt=5.750138e-03
elapsed=3.921016e+00 cycle=144 time=7.602632e-01 dt=5.760860e-03
elapsed=3.939241e+00 cycle=145 time=7.660241e-01 dt=5.771755e-03
elapsed=3.957383e+00 cycle=146 time=7.717959e-01 dt=5.782818e-03
elapsed=3.979369e+00 cycle=147 time=7.775787e-01 dt=5.794046e-03
elapsed=4.000579e+00 cycle=148 time=7.833727e-01 dt=5.805433e-03
elapsed=4.018718e+00 cycle=149 time=7.891782e-01 dt=5.815785e-03
elapsed=4.036803e+00 cycle=150 time=7.949939e-01 dt=5.826090e-03
elapsed=4.054889e+00 cycle=151 time=8.008200e-01 dt=5.836576e-03
elapsed=4.075995e+00 cycle=152 time=8.066566e-01 dt=5.847239e-03
elapsed=4.094175e+00 cycle=153 time=8.125038e-01 dt=5.858075e-03
elapsed=4.141507e+00 cycle=154 time=8.183619e-01 dt=5.869079e-03
elapsed=4.186460e+00 cycle=155 time=8.242310e-01 dt=5.880246e-03
elapsed=4.219636e+00 cycle=156 time=8.301112e-01 dt=5.891025e-03
elapsed=4.237849e+00 cycle=157 time=8.360023e-01 dt=5.901029e-03
elapsed=4.256055e+00 cycle=158 time=8.419033e-01 dt=5.911220e-03
elapsed=4.274259e+00 cycle=159 time=8.478145e-01 dt=5.921592e-03
elapsed=4.295526e+00 cycle=160 time=8.537361e-01 dt=5.932141e-03
elapsed=4.317034e+00 cycle=161 time=8.596682e-01 dt=5.942863e-03
elapsed=4.339249e+00 cycle=162 time=8.656111e-01 dt=5.953752e-03
elapsed=4.357399e+00 cycle=163 time=8.715649e-01 dt=5.964804e-03
elapsed=4.378508e+00 cycle=164 time=8.775297e-01 dt=5.974500e-03
elapsed=4.396685e+00 cycle=165 time=8.835042e-01 dt=5.984347e-03
elapsed=4.470268e+00 cycle=166 time=8.894885e-01 dt=5.994381e-03
elapsed=4.488485e+00 cycle=167 time=8.954829e-01 dt=6.004596e-03
elapsed=4.509830e+00 cycle=168 time=9.014875e-01 dt=6.014987e-03
elapsed=4.528123e+00 cycle=169 time=9.075025e-01 dt=6.025551e-03
elapsed=4.572967e+00 cycle=170 time=9.135280e-01 dt=6.036282e-03
elapsed=4.633552e+00 cycle=171 time=9.195643e-01 dt=6.046184e-03
elapsed=4.667952e+00 cycle=172 time=9.256105e-01 dt=6.055651e-03
elapsed=4.686248e+00 cycle=173 time=9.316661e-01 dt=6.065309e-03
elapsed=4.704474e+00 cycle=174 time=9.377315e-01 dt=6.075152e-03
elapsed=4.722682e+00 cycle=175 time=9.438066e-01 dt=6.085177e-03
elapsed=4.743845e+00 cycle=176 time=9.498918e-01 dt=6.095379e-03
elapsed=4.763594e+00 cycle=177 time=9.559872e-01 dt=6.105752e-03
elapsed=4.781873e+00 cycle=178 time=9.620929e-01 dt=6.115876e-03
elapsed=4.800160e+00 cycle=179 time=9.682088e-01 dt=6.124936e-03
elapsed=4.821407e+00 cycle=180 time=9.743337e-01 dt=6.134190e-03
elapsed=4.839670e+00 cycle=181 time=9.804679e-01 dt=6.143634e-03
elapsed=4.857997e+00 cycle=182 time=9.866116e-01 dt=6.153263e-03
elapsed=4.876231e+00 cycle=183 time=9.927648e-01 dt=6.163074e-03
elapsed=4.897351e+00 cycle=184 time=9.989279e-01 dt=6.173060e-03
elapsed=4.915576e+00 cycle=185 time=1.005101e+00 dt=6.183217e-03
elapsed=4.933699e+00 cycle=186 time=1.011284e+00 dt=6.192085e-03
elapsed=4.951851e+00 cycle=187 time=1.017476e+00 dt=6.200916e-03
elapsed=4.973013e+00 cycle=188 time=1.023677e+00 dt=6.209940e-03
elapsed=5.022136e+00 cycle=189 time=1.029887e+00 dt=6.219154e-03
elapsed=5.072340e+00 cycle=190 time=1.036106e+00 dt=6.228552e-03
elapsed=5.103622e+00 cycle=191 time=1.042335e+00 dt=6.238131e-03
elapsed=5.125942e+00 cycle=192 time=1.048573e+00 dt=6.247884e-03
elapsed=5.144188e+00 cycle=193 time=1.054821e+00 dt=6.257048e-03
elapsed=5.162368e+00 cycle=194 time=1.061078e+00 dt=6.265441e-03
elapsed=5.180530e+00 cycle=195 time=1.067343e+00 dt=6.274032e-03
elapsed=5.201680e+00 cycle=196 time=1.073617e+00 dt=6.282816e-03
elapsed=5.219954e+00 cycle=197 time=1.079900e+00 dt=6.291788e-03
elapsed=5.238094e+00 cycle=198 time=1.086192e+00 dt=6.300944e-03
elapsed=5.256241e+00 cycle=199 time=1.092493e+00 dt=6.310278e-03
elapsed=5.277481e+00 cycle=200 time=1.098803e+00 dt=6.319785e-03
elapsed=5.295825e+00 cycle=201 time=1.105123e+00 dt=6.327772e-03
elapsed=5.314092e+00 cycle=202 time=1.111451e+00 dt=6.335921e-03
elapsed=5.332294e+00 cycle=203 time=1.117787e+00 dt=6.344267e-03
elapsed=5.353679e+00 cycle=204 time=1.124131e+00 dt=6.352804e-03
elapsed=5.373863e+00 cycle=205 time=1.130484e+00 dt=6.361528e-03
elapsed=5.392080e+00 cycle=206 time=1.136845e+00 dt=6.370433e-03
elapsed=5.410356e+00 cycle=207 time=1.143216e+00 dt=6.379516e-03
elapsed=5.443543e+00 cycle=208 time=1.149595e+00 dt=6.387952e-03
elapsed=5.500869e+00 cycle=209 time=1.155983e+00 dt=6.395657e-03
elapsed=5.538803e+00 cycle=210 time=1.162379e+00 dt=6.403561e-03
elapsed=5.562280e+00 cycle=211 time=1.168782e+00 dt=6.411659e-03
elapsed=5.583440e+00 cycle=212 time=1.175194e+00 dt=6.419946e-03
elapsed=5.601782e+00 cycle=213 time=1.181614e+00 dt=6.428419e-03
elapsed=5.620043e+00 cycle=214 time=1.188042e+00 dt=6.437071e-03
elapsed=5.638284e+00 cycle=215 time=1.194479e+00 dt=6.445897e-03
elapsed=5.659525e+00 cycle=216 time=1.200925e+00 dt=6.453314e-03
elapsed=5.677852e+00 cycle=217 time=1.207379e+00 dt=6.460776e-03
elapsed=5.696093e+00 cycle=218 time=1.213839e+00 dt=6.468435e-03
elapsed=5.714361e+00 cycle=219 time=1.220308e+00 dt=6.476285e-03
elapsed=5.735600e+00 cycle=220 time=1.226784e+00 dt=6.484322e-03
elapsed=5.753906e+00 cycle=221 time=1.233268e+00 dt=6.492542e-03
elapsed=5.772178e+00 cycle=222 time=1.239761e+00 dt=6.500939e-03
elapsed=5.790406e+00 cycle=223 time=1.246262e+00 dt=6.508973e-03
elapsed=5.811605e+00 cycle=224 time=1.252771e+00 dt=6.515996e-03
elapsed=5.829935e+00 cycle=225 time=1.259287e+00 dt=6.523218e-03
elapsed=5.848175e+00 cycle=226 time=1.265810e+00 dt=6.530633e-03
elapsed=5.866389e+00 cycle=227 time=1.272341e+00 dt=6.538237e-03
elapsed=5.926403e+00 cycle=228 time=1.278879e+00 dt=6.546025e-03
elapsed=5.971766e+00 cycle=229 time=1.285425e+00 dt=6.553992e-03
elapsed=6.001870e+00 cycle=230 time=1.291979e+00 dt=6.562134e-03
elapsed=6.020122e+00 cycle=231 time=1.298541e+00 dt=6.569306e-03
elapsed=6.041378e+00 cycle=232 time=1.305110e+00 dt=6.576095e-03
elapsed=6.059704e+00 cycle=233 time=1.311687e+00 dt=6.583080e-03
elapsed=6.077952e+00 cycle=234 time=1.318270e+00 dt=6.590254e-03
elapsed=6.096229e+00 cycle=235 time=1.324860e+00 dt=6.597614e-03
elapsed=6.117381e+00 cycle=236 time=1.331458e+00 dt=6.605156e-03
elapsed=6.135724e+00 cycle=237 time=1.338063e+00 dt=6.612873e-03
elapsed=6.153904e+00 cycle=238 time=1.344676e+00 dt=6.620760e-03
elapsed=6.172162e+00 cycle=239 time=1.351296e+00 dt=6.627159e-03
elapsed=6.193328e+00 cycle=240 time=1.357923e+00 dt=6.633719e-03
elapsed=6.211630e+00 cycle=241 time=1.364557e+00 dt=6.640471e-03
elapsed=6.229876e+00 cycle=242 time=1.371198e+00 dt=6.647409e-03
elapsed=6.248087e+00 cycle=243 time=1.377845e+00 dt=6.654530e-03
elapsed=6.269275e+00 cycle=244 time=1.384500e+00 dt=6.661828e-03
elapsed=6.287551e+00 cycle=245 time=1.391161e+00 dt=6.669297e-03
elapsed=6.307456e+00 cycle=246 time=1.397831e+00 dt=6.676503e-03
elapsed=6.346608e+00 cycle=247 time=1.404507e+00 dt=6.682649e-03
elapsed=6.410406e+00 cycle=248 time=1.411190e+00 dt=6.688986e-03
elapsed=6.446658e+00 cycle=249 time=1.417879e+00 dt=6.695510e-03
elapsed=6.467050e+00 cycle=250 time=1.424574e+00 dt=6.702218e-03
elapsed=6.485294e+00 cycle=251 time=1.431277e+00 dt=6.709103e-03
elapsed=6.506624e+00 cycle=252 time=1.437986e+00 dt=6.716161e-03
elapsed=6.524910e+00 cycle=253 time=1.444702e+00 dt=6.723388e-03
elapsed=6.543190e+00 cycle=254 time=1.451425e+00 dt=6.729961e-03
elapsed=6.561429e+00 cycle=255 time=1.458155e+00 dt=6.735894e-03
elapsed=6.582646e+00 cycle=256 time=1.464891e+00 dt=6.742013e-03
elapsed=6.600932e+00 cycle=257 time=1.471633e+00 dt=6.748316e-03
elapsed=6.619194e+00 cycle=258 time=1.478381e+00 dt=6.754798e-03
elapsed=6.637394e+00 cycle=259 time=1.485136e+00 dt=6.761453e-03
elapsed=6.658525e+00 cycle=260 time=1.491898e+00 dt=6.768277e-03
elapsed=6.676855e+00 cycle=261 time=1.498666e+00 dt=6.775263e-03
elapsed=6.695123e+00 cycle=262 time=1.505441e+00 dt=6.781277e-03
elapsed=6.713332e+00 cycle=263 time=1.512223e+00 dt=6.787003e-03
elapsed=6.734573e+00 cycle=264 time=1.519010e+00 dt=6.792911e-03
elapsed=6.752869e+00 cycle=265 time=1.525802e+00 dt=6.798999e-03
elapsed=6.771157e+00 cycle=266 time=1.532601e+00 dt=6.805260e-03
elapsed=6.826721e+00 cycle=267 time=1.539407e+00 dt=6.811690e-03
elapsed=6.880899e+00 cycle=268 time=1.546218e+00 dt=6.818283e-03
elapsed=6.906753e+00 cycle=269 time=1.553037e+00 dt=6.825035e-03
elapsed=6.925046e+00 cycle=270 time=1.559862e+00 dt=6.830552e-03
elapsed=6.943318e+00 cycle=271 time=1.566692e+00 dt=6.836078e-03
elapsed=6.964450e+00 cycle=272 time=1.573528e+00 dt=6.841782e-03
elapsed=6.982739e+00 cycle=273 time=1.580370e+00 dt=6.847660e-03
elapsed=7.000990e+00 cycle=274 time=1.587218e+00 dt=6.853706e-03
elapsed=7.019255e+00 cycle=275 time=1.594071e+00 dt=6.859916e-03
elapsed=7.040404e+00 cycle=276 time=1.600931e+00 dt=6.866285e-03
elapsed=7.058677e+00 cycle=277 time=1.607798e+00 dt=6.872734e-03
elapsed=7.076908e+00 cycle=278 time=1.614670e+00 dt=6.877889e-03
elapsed=7.095124e+00 cycle=279 time=1.621548e+00 dt=6.883222e-03
elapsed=7.117944e+00 cycle=280 time=1.628432e+00 dt=6.888727e-03
elapsed=7.136353e+00 cycle=281 time=1.635320e+00 dt=6.894401e-03
elapsed=7.154755e+00 cycle=282 time=1.642215e+00 dt=6.900239e-03
elapsed=7.173051e+00 cycle=283 time=1.649115e+00 dt=6.906235e-03
elapsed=7.194451e+00 cycle=284 time=1.656021e+00 dt=6.912384e-03
elapsed=7.212755e+00 cycle=285 time=1.662933e+00 dt=6.918415e-03
elapsed=7.256274e+00 cycle=286 time=1.669852e+00 dt=6.923389e-03
elapsed=7.310085e+00 cycle=287 time=1.676775e+00 dt=6.928535e-03
elapsed=7.348212e+00 cycle=288 time=1.683704e+00 dt=6.933849e-03
elapsed=7.366543e+00 cycle=289 time=1.690638e+00 dt=6.939326e-03
elapsed=7.384807e+00 cycle=290 time=1.697577e+00 dt=6.944960e-03
elapsed=7.403074e+00 cycle=291 time=1.704522e+00 dt=6.950748e-03
elapsed=7.424396e+00 cycle=292 time=1.711473e+00 dt=6.956683e-03
elapsed=7.442705e+00 cycle=293 time=1.718429e+00 dt=6.962346e-03
elapsed=7.460958e+00 cycle=294 time=1.725392e+00 dt=6.967146e-03
elapsed=7.479252e+00 cycle=295 time=1.732359e+00 dt=6.972112e-03
elapsed=7.500710e+00 cycle=296 time=1.739331e+00 dt=6.977240e-03
elapsed=7.519023e+00 cycle=297 time=1.746308e+00 dt=6.982525e-03
elapsed=7.540445e+00 cycle=298 time=1.753291e+00 dt=6.987963e-03
elapsed=7.588864e+00 cycle=299 time=1.760279e+00 dt=6.993548e-03
elapsed=7.643781e+00 cycle=300 time=1.767272e+00 dt=6.999274e-03
elapsed=7.670415e+00 cycle=301 time=1.774272e+00 dt=7.004606e-03
elapsed=7.688673e+00 cycle=302 time=1.781276e+00 dt=7.009238e-03
elapsed=7.706971e+00 cycle=303 time=1.788285e+00 dt=7.014029e-03
elapsed=7.728168e+00 cycle=304 time=1.795299e+00 dt=7.018978e-03
elapsed=7.746469e+00 cycle=305 time=1.802318e+00 dt=7.024077e-03
elapsed=7.764746e+00 cycle=306 time=1.809342e+00 dt=7.029323e-03
elapsed=7.783022e+00 cycle=307 time=1.816372e+00 dt=7.034711e-03
elapsed=7.804194e+00 cycle=308 time=1.823407e+00 dt=7.040233e-03
elapsed=7.822522e+00 cycle=309 time=1.830447e+00 dt=7.045274e-03
elapsed=7.840855e+00 cycle=310 time=1.837492e+00 dt=7.049743e-03
elapsed=7.859155e+00 cycle=311 time=1.844542e+00 dt=7.054367e-03
elapsed=7.880443e+00 cycle=312 time=1.851596e+00 dt=7.059142e-03
elapsed=7.898790e+00 cycle=313 time=1.858655e+00 dt=7.064062e-03
elapsed=7.917013e+00 cycle=314 time=1.865719e+00 dt=7.069122e-03
elapsed=7.961441e+00 cycle=315 time=1.872788e+00 dt=7.074317e-03
elapsed=8.016631e+00 cycle=316 time=1.879863e+00 dt=7.079641e-03
elapsed=8.052008e+00 cycle=317 time=1.886942e+00 dt=7.084437e-03
elapsed=8.070320e+00 cycle=318 time=1.894027e+00 dt=7.088751e-03
elapsed=8.088596e+00 cycle=319 time=1.901116e+00 dt=7.093213e-03
elapsed=8.109781e+00 cycle=320 time=1.908209e+00 dt=7.097820e-03
elapsed=8.128070e+00 cycle=321 time=1.915307e+00 dt=7.102566e-03
elapsed=8.146337e+00 cycle=322 time=1.922409e+00 dt=7.107446e-03
elapsed=8.164602e+00 cycle=323 time=1.929517e+00 dt=7.109666e-03
elapsed=8.185842e+00 cycle=324 time=1.936626e+00 dt=7.110172e-03
elapsed=8.204159e+00 cycle=325 time=1.943736e+00 dt=7.110720e-03
elapsed=8.222424e+00 cycle=326 time=1.950847e+00 dt=7.110615e-03
elapsed=8.240680e+00 cycle=327 time=1.957958e+00 dt=7.110248e-03
elapsed=8.261981e+00 cycle=328 time=1.965068e+00 dt=7.109923e-03
elapsed=8.280303e+00 cycle=329 time=1.972178e+00 dt=7.109640e-03
elapsed=8.298501e+00 cycle=330 time=1.979288e+00 dt=7.109400e-03
elapsed=8.316703e+00 cycle=331 time=1.986397e+00 dt=7.109203e-03
elapsed=8.337922e+00 cycle=332 time=1.993506e+00 dt=7.109048e-03
elapsed=8.356152e+00 cycle=333 time=2.000615e+00 dt=7.108936e-03
elapsed=8.388667e+00 cycle=334 time=2.007724e+00 dt=7.108867e-03
elapsed=8.442405e+00 cycle=335 time=2.014833e+00 dt=7.108842e-03
elapsed=8.481782e+00 cycle=336 time=2.021942e+00 dt=7.108859e-03
elapsed=8.504859e+00 cycle=337 time=2.029051e+00 dt=7.108920e-03
elapsed=8.523085e+00 cycle=338 time=2.036160e+00 dt=7.109024e-03
elapsed=8.541307e+00 cycle=339 time=2.043269e+00 dt=7.109143e-03
elapsed=8.562513e+00 cycle=340 time=2.050378e+00 dt=7.109246e-03
elapsed=8.580712e+00 cycle=341 time=2.057487e+00 dt=7.109392e-03
elapsed=8.598956e+00 cycle=342 time=2.064597e+00 dt=7.109281e-03
elapsed=8.617110e+00 cycle=343 time=2.071706e+00 dt=7.108593e-03
elapsed=8.638298e+00 cycle=344 time=2.078814e+00 dt=7.107947e-03
elapsed=8.656489e+00 cycle=345 time=2.085922e+00 dt=7.107344e-03
elapsed=8.674691e+00 cycle=346 time=2.093030e+00 dt=7.106784e-03
elapsed=8.692837e+00 cycle=347 time=2.100136e+00 dt=7.106267e-03
elapsed=8.713982e+00 cycle=348 time=2.107243e+00 dt=7.105793e-03
elapsed=8.732215e+00 cycle=349 time=2.114349e+00 dt=7.105362e-03
elapsed=8.750385e+00 cycle=350 time=2.121454e+00 dt=7.104974e-03
elapsed=8.768567e+00 cycle=351 time=2.128559e+00 dt=7.104630e-03
elapsed=8.789819e+00 cycle=352 time=2.135663e+00 dt=7.104329e-03
elapsed=8.808023e+00 cycle=353 time=2.142768e+00 dt=7.104072e-03
elapsed=8.854406e+00 cycle=354 time=2.149872e+00 dt=7.103858e-03
elapsed=8.905376e+00 cycle=355 time=2.156976e+00 dt=7.103659e-03
elapsed=8.943854e+00 cycle=356 time=2.164079e+00 dt=7.103444e-03
elapsed=8.962115e+00 cycle=357 time=2.171183e+00 dt=7.103273e-03
elapsed=8.980374e+00 cycle=358 time=2.178286e+00 dt=7.103145e-03
elapsed=8.998581e+00 cycle=359 time=2.185389e+00 dt=7.103061e-03
elapsed=9.019758e+00 cycle=360 time=2.192492e+00 dt=7.102663e-03
elapsed=9.038006e+00 cycle=361 time=2.199595e+00 dt=7.101814e-03
elapsed=9.056132e+00 cycle=362 time=2.206697e+00 dt=7.101007e-03
elapsed=9.074387e+00 cycle=363 time=2.213798e+00 dt=7.100243e-03
elapsed=9.095613e+00 cycle=364 time=2.220898e+00 dt=7.099522e-03
elapsed=9.113820e+00 cycle=365 time=2.227998e+00 dt=7.098844e-03
elapsed=9.131993e+00 cycle=366 time=2.235096e+00 dt=7.098210e-03
elapsed=9.150145e+00 cycle=367 time=2.242195e+00 dt=7.097618e-03
elapsed=9.171232e+00 cycle=368 time=2.249292e+00 dt=7.097070e-03
elapsed=9.189421e+00 cycle=369 time=2.256389e+00 dt=7.096196e-03
elapsed=9.207692e+00 cycle=370 time=2.263486e+00 dt=7.095176e-03
elapsed=9.225807e+00 cycle=371 time=2.270581e+00 dt=7.094204e-03
elapsed=9.246804e+00 cycle=372 time=2.277675e+00 dt=7.092441e-03
elapsed=9.276871e+00 cycle=373 time=2.284767e+00 dt=7.090450e-03
elapsed=9.332183e+00 cycle=374 time=2.291858e+00 dt=7.088505e-03
elapsed=9.368393e+00 cycle=375 time=2.298946e+00 dt=7.086558e-03
elapsed=9.395949e+00 cycle=376 time=2.306033e+00 dt=7.084635e-03
elapsed=9.414173e+00 cycle=377 time=2.313117e+00 dt=7.082757e-03
elapsed=9.432355e+00 cycle=378 time=2.320200e+00 dt=7.080925e-03
elapsed=9.450551e+00 cycle=379 time=2.327281e+00 dt=7.079139e-03
elapsed=9.471856e+00 cycle=380 time=2.334360e+00 dt=7.077398e-03
elapsed=9.490204e+00 cycle=381 time=2.341438e+00 dt=7.075704e-03
elapsed=9.508502e+00 cycle=382 time=2.348513e+00 dt=7.074056e-03
elapsed=9.526741e+00 cycle=383 time=2.355587e+00 dt=7.072453e-03
elapsed=9.547890e+00 cycle=384 time=2.362660e+00 dt=7.070896e-03
elapsed=9.566183e+00 cycle=385 time=2.369731e+00 dt=7.069386e-03
elapsed=9.584411e+00 cycle=386 time=2.376800e+00 dt=7.067921e-03
elapsed=9.602619e+00 cycle=387 time=2.383868e+00 dt=7.066502e-03
elapsed=9.623966e+00 cycle=388 time=2.390935e+00 dt=7.065129e-03
elapsed=9.642280e+00 cycle=389 time=2.398000e+00 dt=7.063802e-03
elapsed=9.660544e+00 cycle=390 time=2.405064e+00 dt=7.062521e-03
elapsed=9.678761e+00 cycle=391 time=2.412126e+00 dt=7.061285e-03
elapsed=9.700168e+00 cycle=392 time=2.419187e+00 dt=7.060095e-03
elapsed=9.745598e+00 cycle=393 time=2.426247e+00 dt=7.058951e-03
elapsed=9.790826e+00 cycle=394 time=2.433306e+00 dt=7.057172e-03
elapsed=9.820905e+00 cycle=395 time=2.440364e+00 dt=7.055018e-03
elapsed=9.842260e+00 cycle=396 time=2.447419e+00 dt=7.052909e-03
elapsed=9.860580e+00 cycle=397 time=2.454472e+00 dt=7.050844e-03
elapsed=9.878904e+00 cycle=398 time=2.461522e+00 dt=7.048825e-03
elapsed=9.897174e+00 cycle=399 time=2.468571e+00 dt=7.046851e-03
elapsed=9.918509e+00 cycle=400 time=2.475618e+00 dt=7.044923e-03
elapsed=9.936810e+00 cycle=401 time=2.482663e+00 dt=7.043039e-03
elapsed=9.955118e+00 cycle=402 time=2.489706e+00 dt=7.041200e-03
elapsed=9.973386e+00 cycle=403 time=2.496747e+00 dt=7.039407e-03
elapsed=9.994547e+00 cycle=404 time=2.503787e+00 dt=7.037659e-03
elapsed=1.001284e+01 cycle=405 time=2.510824e+00 dt=7.035955e-03
elapsed=1.003109e+01 cycle=406 time=2.517860e+00 dt=7.034297e-03
elapsed=1.004937e+01 cycle=407 time=2.524895e+00 dt=7.032684e-03
elapsed=1.007050e+01 cycle=408 time=2.531927e+00 dt=7.031116e-03
elapsed=1.008882e+01 cycle=409 time=2.538958e+00 dt=7.029592e-03
elapsed=1.010708e+01 cycle=410 time=2.545988e+00 dt=7.028114e-03
elapsed=1.012535e+01 cycle=411 time=2.553016e+00 dt=7.026680e-03
elapsed=1.016368e+01 cycle=412 time=2.560043e+00 dt=7.025292e-03
elapsed=1.022280e+01 cycle=413 time=2.567068e+00 dt=7.023948e-03
elapsed=1.025476e+01 cycle=414 time=2.574092e+00 dt=7.022649e-03
elapsed=1.027736e+01 cycle=415 time=2.581115e+00 dt=7.021394e-03
elapsed=1.029873e+01 cycle=416 time=2.588136e+00 dt=7.020185e-03
elapsed=1.031704e+01 cycle=417 time=2.595156e+00 dt=7.018692e-03
elapsed=1.033532e+01 cycle=418 time=2.602175e+00 dt=7.016539e-03
elapsed=1.035356e+01 cycle=419 time=2.609191e+00 dt=7.014429e-03
elapsed=1.037502e+01 cycle=420 time=2.616206e+00 dt=7.012364e-03
elapsed=1.039327e+01 cycle=421 time=2.623218e+00 dt=7.010343e-03
elapsed=1.041145e+01 cycle=422 time=2.630229e+00 dt=7.008366e-03
elapsed=1.042963e+01 cycle=423 time=2.637237e+00 dt=7.006432e-03
elapsed=1.045078e+01 cycle=424 time=2.644243e+00 dt=7.004543e-03
elapsed=1.046907e+01 cycle=425 time=2.651248e+00 dt=7.002697e-03
elapsed=1.048726e+01 cycle=426 time=2.658251e+00 dt=7.000895e-03
elapsed=1.050541e+01 cycle=427 time=2.665251e+00 dt=6.999137e-03
elapsed=1.052672e+01 cycle=428 time=2.672251e+00 dt=6.997422e-03
elapsed=1.054503e+01 cycle=429 time=2.679248e+00 dt=6.995752e-03
elapsed=1.056331e+01 cycle=430 time=2.686244e+00 dt=6.994125e-03
elapsed=1.058153e+01 cycle=431 time=2.693238e+00 dt=6.992541e-03
elapsed=1.064068e+01 cycle=432 time=2.700230e+00 dt=6.991001e-03
elapsed=1.068422e+01 cycle=433 time=2.707221e+00 dt=6.989505e-03
elapsed=1.071216e+01 cycle=434 time=2.714211e+00 dt=6.988052e-03
elapsed=1.073042e+01 cycle=435 time=2.721199e+00 dt=6.986643e-03
elapsed=1.075164e+01 cycle=436 time=2.728186e+00 dt=6.985277e-03
elapsed=1.076994e+01 cycle=437 time=2.735171e+00 dt=6.983955e-03
elapsed=1.078824e+01 cycle=438 time=2.742155e+00 dt=6.982675e-03
elapsed=1.080646e+01 cycle=439 time=2.749138e+00 dt=6.981439e-03
elapsed=1.082773e+01 cycle=440 time=2.756119e+00 dt=6.980247e-03
elapsed=1.084604e+01 cycle=441 time=2.763099e+00 dt=6.979097e-03
elapsed=1.086434e+01 cycle=442 time=2.770078e+00 dt=6.977190e-03
elapsed=1.088258e+01 cycle=443 time=2.777056e+00 dt=6.975152e-03
elapsed=1.090385e+01 cycle=444 time=2.784031e+00 dt=6.973156e-03
elapsed=1.092217e+01 cycle=445 time=2.791004e+00 dt=6.971203e-03
elapsed=1.094037e+01 cycle=446 time=2.797975e+00 dt=6.969292e-03
elapsed=1.095859e+01 cycle=447 time=2.804944e+00 dt=6.967423e-03
elapsed=1.098271e+01 cycle=448 time=2.811912e+00 dt=6.965596e-03
elapsed=1.100451e+01 cycle=449 time=2.818877e+00 dt=6.963812e-03
elapsed=1.102277e+01 cycle=450 time=2.825841e+00 dt=6.962070e-03
elapsed=1.106796e+01 cycle=451 time=2.832803e+00 dt=6.960370e-03
elapsed=1.112228e+01 cycle=452 time=2.839764e+00 dt=6.958712e-03
elapsed=1.115637e+01 cycle=453 time=2.846722e+00 dt=6.957096e-03
elapsed=1.117465e+01 cycle=454 time=2.853679e+00 dt=6.955522e-03
elapsed=1.119292e+01 cycle=455 time=2.860635e+00 dt=6.953991e-03
elapsed=1.121955e+01 cycle=456 time=2.867589e+00 dt=6.952501e-03
elapsed=1.123785e+01 cycle=457 time=2.874541e+00 dt=6.951053e-03
elapsed=1.125630e+01 cycle=458 time=2.881492e+00 dt=6.949646e-03
elapsed=1.127458e+01 cycle=459 time=2.888442e+00 dt=6.948282e-03
elapsed=1.129599e+01 cycle=460 time=2.895390e+00 dt=6.946959e-03
elapsed=1.131426e+01 cycle=461 time=2.902337e+00 dt=6.945679e-03
elapsed=1.133883e+01 cycle=462 time=2.909283e+00 dt=6.944439e-03
elapsed=1.135706e+01 cycle=463 time=2.916227e+00 dt=6.943241e-03
elapsed=1.137851e+01 cycle=464 time=2.923171e+00 dt=6.942085e-03
elapsed=1.139676e+01 cycle=465 time=2.930113e+00 dt=6.940970e-03
elapsed=1.141501e+01 cycle=466 time=2.937054e+00 dt=6.939897e-03
elapsed=1.143322e+01 cycle=467 time=2.943994e+00 dt=6.938525e-03
elapsed=1.145447e+01 cycle=468 time=2.950932e+00 dt=6.936608e-03
elapsed=1.147277e+01 cycle=469 time=2.957869e+00 dt=6.934731e-03
elapsed=1.152625e+01 cycle=470 time=2.964804e+00 dt=6.932895e-03
elapsed=1.156992e+01 cycle=471 time=2.971736e+00 dt=6.931100e-03
elapsed=1.160292e+01 cycle=472 time=2.978668e+00 dt=6.929344e-03
elapsed=1.162456e+01 cycle=473 time=2.985597e+00 dt=6.927630e-03
elapsed=1.164282e+01 cycle=474 time=2.992524e+00 dt=6.925955e-03
elapsed=1.166107e+01 cycle=475 time=2.999450e+00 dt=6.924321e-03
elapsed=1.168248e+01 cycle=476 time=3.006375e+00 dt=6.922728e-03
elapsed=1.170325e+01 cycle=477 time=3.013298e+00 dt=6.921174e-03
elapsed=1.172368e+01 cycle=478 time=3.020219e+00 dt=6.919661e-03
elapsed=1.174505e+01 cycle=479 time=3.027138e+00 dt=6.918188e-03
elapsed=1.176634e+01 cycle=480 time=3.034057e+00 dt=6.916756e-03
elapsed=1.178625e+01 cycle=481 time=3.040973e+00 dt=6.915363e-03
elapsed=1.180454e+01 cycle=482 time=3.047889e+00 dt=6.914011e-03
elapsed=1.182282e+01 cycle=483 time=3.054803e+00 dt=6.912698e-03
elapsed=1.184395e+01 cycle=484 time=3.061715e+00 dt=6.911425e-03
elapsed=1.186222e+01 cycle=485 time=3.068627e+00 dt=6.910193e-03
elapsed=1.188051e+01 cycle=486 time=3.075537e+00 dt=6.909000e-03
elapsed=1.189878e+01 cycle=487 time=3.082446e+00 dt=6.907847e-03
elapsed=1.192034e+01 cycle=488 time=3.089354e+00 dt=6.906734e-03
elapsed=1.196875e+01 cycle=489 time=3.096261e+00 dt=6.905660e-03
elapsed=1.202033e+01 cycle=490 time=3.103166e+00 dt=6.904626e-03
elapsed=1.205122e+01 cycle=491 time=3.110071e+00 dt=6.903632e-03
elapsed=1.207251e+01 cycle=492 time=3.116974e+00 dt=6.902677e-03
elapsed=1.209208e+01 cycle=493 time=3.123877e+00 dt=6.901567e-03
elapsed=1.211036e+01 cycle=494 time=3.130779e+00 dt=6.899803e-03
elapsed=1.212861e+01 cycle=495 time=3.137679e+00 dt=6.898079e-03
elapsed=1.214991e+01 cycle=496 time=3.144577e+00 dt=6.896393e-03
elapsed=1.216824e+01 cycle=497 time=3.151473e+00 dt=6.894746e-03
elapsed=1.218653e+01 cycle=498 time=3.158368e+00 dt=6.893137e-03
elapsed=1.220478e+01 cycle=499 time=3.165261e+00 dt=6.891567e-03
elapsed=1.222612e+01 cycle=500 time=3.172152e+00 dt=6.890035e-03
elapsed=1.224444e+01 cycle=501 time=3.179042e+00 dt=6.888542e-03
elapsed=1.226415e+01 cycle=502 time=3.185931e+00 dt=6.887088e-03
elapsed=1.228243e+01 cycle=503 time=3.192818e+00 dt=6.885671e-03
elapsed=1.230372e+01 cycle=504 time=3.199704e+00 dt=6.884294e-03
elapsed=1.232197e+01 cycle=505 time=3.206588e+00 dt=6.882954e-03
elapsed=1.234020e+01 cycle=506 time=3.213471e+00 dt=6.881653e-03
elapsed=1.235841e+01 cycle=507 time=3.220353e+00 dt=6.880390e-03
elapsed=1.240082e+01 cycle=508 time=3.227233e+00 dt=6.879165e-03
elapsed=1.245889e+01 cycle=509 time=3.234112e+00 dt=6.877979e-03
elapsed=1.248908e+01 cycle=510 time=3.240990e+00 dt=6.876830e-03
elapsed=1.250838e+01 cycle=511 time=3.247867e+00 dt=6.875720e-03
elapsed=1.252968e+01 cycle=512 time=3.254743e+00 dt=6.874648e-03
elapsed=1.254951e+01 cycle=513 time=3.261617e+00 dt=6.873613e-03
elapsed=1.256779e+01 cycle=514 time=3.268491e+00 dt=6.872617e-03
elapsed=1.258607e+01 cycle=515 time=3.275364e+00 dt=6.871658e-03
elapsed=1.260737e+01 cycle=516 time=3.282235e+00 dt=6.870738e-03
elapsed=1.262566e+01 cycle=517 time=3.289106e+00 dt=6.869855e-03
elapsed=1.264392e+01 cycle=518 time=3.295976e+00 dt=6.869010e-03
elapsed=1.266216e+01 cycle=519 time=3.302845e+00 dt=6.868203e-03
elapsed=1.268341e+01 cycle=520 time=3.309713e+00 dt=6.866902e-03
elapsed=1.270170e+01 cycle=521 time=3.316580e+00 dt=6.865314e-03
elapsed=1.271994e+01 cycle=522 time=3.323445e+00 dt=6.863762e-03
elapsed=1.273816e+01 cycle=523 time=3.330309e+00 dt=6.862248e-03
elapsed=1.275936e+01 cycle=524 time=3.337171e+00 dt=6.860770e-03
elapsed=1.277764e+01 cycle=525 time=3.344032e+00 dt=6.859330e-03
elapsed=1.279616e+01 cycle=526 time=3.350891e+00 dt=6.857926e-03
elapsed=1.282589e+01 cycle=527 time=3.357749e+00 dt=6.856558e-03
elapsed=1.287663e+01 cycle=528 time=3.364606e+00 dt=6.855227e-03
elapsed=1.291150e+01 cycle=529 time=3.371461e+00 dt=6.853933e-03
elapsed=1.293968e+01 cycle=530 time=3.378315e+00 dt=6.852676e-03
elapsed=1.295799e+01 cycle=531 time=3.385168e+00 dt=6.851455e-03
elapsed=1.297926e+01 cycle=532 time=3.392019e+00 dt=6.850271e-03
elapsed=1.299751e+01 cycle=533 time=3.398869e+00 dt=6.849123e-03
elapsed=1.301578e+01 cycle=534 time=3.405719e+00 dt=6.848011e-03
elapsed=1.303405e+01 cycle=535 time=3.412567e+00 dt=6.846936e-03
elapsed=1.305524e+01 cycle=536 time=3.419414e+00 dt=6.845898e-03
elapsed=1.307354e+01 cycle=537 time=3.426259e+00 dt=6.844895e-03
elapsed=1.309182e+01 cycle=538 time=3.433104e+00 dt=6.843929e-03
elapsed=1.311005e+01 cycle=539 time=3.439948e+00 dt=6.843000e-03
elapsed=1.313129e+01 cycle=540 time=3.446791e+00 dt=6.842106e-03
elapsed=1.314956e+01 cycle=541 time=3.453633e+00 dt=6.841249e-03
elapsed=1.316782e+01 cycle=542 time=3.460475e+00 dt=6.840428e-03
elapsed=1.318609e+01 cycle=543 time=3.467315e+00 dt=6.839643e-03
elapsed=1.320731e+01 cycle=544 time=3.474155e+00 dt=6.838894e-03
elapsed=1.322560e+01 cycle=545 time=3.480994e+00 dt=6.838181e-03
elapsed=1.324388e+01 cycle=546 time=3.487832e+00 dt=6.837504e-03
elapsed=1.328883e+01 cycle=547 time=3.494669e+00 dt=6.836211e-03
elapsed=1.334497e+01 cycle=548 time=3.501505e+00 dt=6.834775e-03
elapsed=1.337523e+01 cycle=549 time=3.508340e+00 dt=6.833375e-03
elapsed=1.339349e+01 cycle=550 time=3.515174e+00 dt=6.832010e-03
elapsed=1.341177e+01 cycle=551 time=3.522006e+00 dt=6.830680e-03
elapsed=1.343294e+01 cycle=552 time=3.528836e+00 dt=6.829385e-03
elapsed=1.345125e+01 cycle=553 time=3.535666e+00 dt=6.828124e-03
elapsed=1.346949e+01 cycle=554 time=3.542494e+00 dt=6.826899e-03
elapsed=1.348776e+01 cycle=555 time=3.549321e+00 dt=6.825709e-03
elapsed=1.350899e+01 cycle=556 time=3.556146e+00 dt=6.824554e-03
elapsed=1.352736e+01 cycle=557 time=3.562971e+00 dt=6.823434e-03
elapsed=1.354558e+01 cycle=558 time=3.569794e+00 dt=6.822349e-03
elapsed=1.356388e+01 cycle=559 time=3.576617e+00 dt=6.821298e-03
elapsed=1.358520e+01 cycle=560 time=3.583438e+00 dt=6.820283e-03
elapsed=1.360350e+01 cycle=561 time=3.590258e+00 dt=6.819302e-03
elapsed=1.362177e+01 cycle=562 time=3.597078e+00 dt=6.818356e-03
elapsed=1.364004e+01 cycle=563 time=3.603896e+00 dt=6.817445e-03
elapsed=1.366132e+01 cycle=564 time=3.610713e+00 dt=6.816569e-03
elapsed=1.367964e+01 cycle=565 time=3.617530e+00 dt=6.815727e-03
elapsed=1.372192e+01 cycle=566 time=3.624346e+00 dt=6.814920e-03
elapsed=1.377171e+01 cycle=567 time=3.631161e+00 dt=6.814147e-03
elapsed=1.380679e+01 cycle=568 time=3.637975e+00 dt=6.813409e-03
elapsed=1.382805e+01 cycle=569 time=3.644788e+00 dt=6.812706e-03
elapsed=1.384627e+01 cycle=570 time=3.651601e+00 dt=6.812037e-03
elapsed=1.386454e+01 cycle=571 time=3.658413e+00 dt=6.811403e-03
elapsed=1.388574e+01 cycle=572 time=3.665224e+00 dt=6.810804e-03
elapsed=1.390401e+01 cycle=573 time=3.672035e+00 dt=6.810238e-03
elapsed=1.392227e+01 cycle=574 time=3.678845e+00 dt=6.808993e-03
elapsed=1.394050e+01 cycle=575 time=3.685654e+00 dt=6.807688e-03
elapsed=1.396177e+01 cycle=576 time=3.692462e+00 dt=6.806417e-03
elapsed=1.398324e+01 cycle=577 time=3.699269e+00 dt=6.805179e-03
elapsed=1.400141e+01 cycle=578 time=3.706074e+00 dt=6.803974e-03
elapsed=1.401964e+01 cycle=579 time=3.712878e+00 dt=6.802804e-03
elapsed=1.404075e+01 cycle=580 time=3.719680e+00 dt=6.801666e-03
elapsed=1.405897e+01 cycle=581 time=3.726482e+00 dt=6.800563e-03
elapsed=1.407714e+01 cycle=582 time=3.733283e+00 dt=6.799492e-03
elapsed=1.409531e+01 cycle=583 time=3.740082e+00 dt=6.798456e-03
elapsed=1.411641e+01 cycle=584 time=3.746881e+00 dt=6.797452e-03
elapsed=1.414229e+01 cycle=585 time=3.753678e+00 dt=6.796482e-03
elapsed=1.419517e+01 cycle=586 time=3.760475e+00 dt=6.795546e-03
elapsed=1.424382e+01 cycle=587 time=3.767270e+00 dt=6.794643e-03
elapsed=1.427272e+01 cycle=588 time=3.774065e+00 dt=6.793773e-03
elapsed=1.429100e+01 cycle=589 time=3.780859e+00 dt=6.792937e-03
elapsed=1.430923e+01 cycle=590 time=3.787651e+00 dt=6.792134e-03
elapsed=1.433408e+01 cycle=591 time=3.794444e+00 dt=6.791364e-03
elapsed=1.435537e+01 cycle=592 time=3.801235e+00 dt=6.790628e-03
elapsed=1.437360e+01 cycle=593 time=3.808026e+00 dt=6.789925e-03
elapsed=1.439184e+01 cycle=594 time=3.814816e+00 dt=6.789255e-03
elapsed=1.441285e+01 cycle=595 time=3.821605e+00 dt=6.788619e-03
elapsed=1.443580e+01 cycle=596 time=3.828393e+00 dt=6.788015e-03
elapsed=1.445402e+01 cycle=597 time=3.835181e+00 dt=6.787445e-03
elapsed=1.447325e+01 cycle=598 time=3.841969e+00 dt=6.786908e-03
elapsed=1.449147e+01 cycle=599 time=3.848756e+00 dt=6.786404e-03
elapsed=1.451256e+01 cycle=600 time=3.855542e+00 dt=6.785933e-03
elapsed=1.453074e+01 cycle=601 time=3.862328e+00 dt=6.784719e-03
elapsed=1.454886e+01 cycle=602 time=3.869113e+00 dt=6.783524e-03
elapsed=1.456698e+01 cycle=603 time=3.875896e+00 dt=6.782362e-03
elapsed=1.459377e+01 cycle=604 time=3.882679e+00 dt=6.781232e-03
elapsed=1.466185e+01 cycle=605 time=3.889460e+00 dt=6.780135e-03
elapsed=1.469353e+01 cycle=606 time=3.896240e+00 dt=6.779069e-03
elapsed=1.471698e+01 cycle=607 time=3.903019e+00 dt=6.778036e-03
elapsed=1.473811e+01 cycle=608 time=3.909797e+00 dt=6.777035e-03
elapsed=1.475644e+01 cycle=609 time=3.916574e+00 dt=6.776066e-03
elapsed=1.477470e+01 cycle=610 time=3.923350e+00 dt=6.775130e-03
elapsed=1.479302e+01 cycle=611 time=3.930125e+00 dt=6.774225e-03
elapsed=1.481424e+01 cycle=612 time=3.936900e+00 dt=6.773353e-03
elapsed=1.483249e+01 cycle=613 time=3.943673e+00 dt=6.772513e-03
elapsed=1.485073e+01 cycle=614 time=3.950446e+00 dt=6.771705e-03
elapsed=1.486885e+01 cycle=615 time=3.957217e+00 dt=6.770929e-03
elapsed=1.488998e+01 cycle=616 time=3.963988e+00 dt=6.770185e-03
elapsed=1.490819e+01 cycle=617 time=3.970758e+00 dt=6.769473e-03
elapsed=1.492636e+01 cycle=618 time=3.977528e+00 dt=6.768794e-03
elapsed=1.494453e+01 cycle=619 time=3.984297e+00 dt=6.768146e-03
elapsed=1.496573e+01 cycle=620 time=3.991065e+00 dt=6.767530e-03
elapsed=1.498395e+01 cycle=621 time=3.997832e+00 dt=6.766947e-03
elapsed=1.500211e+01 cycle=622 time=4.004599e+00 dt=6.766395e-03
elapsed=1.502024e+01 cycle=623 time=4.011366e+00 dt=6.765876e-03
elapsed=1.506695e+01 cycle=624 time=4.018131e+00 dt=6.765388e-03
elapsed=1.511759e+01 cycle=625 time=4.024897e+00 dt=6.764933e-03
elapsed=1.515098e+01 cycle=626 time=4.031662e+00 dt=6.764509e-03
elapsed=1.517023e+01 cycle=627 time=4.038426e+00 dt=6.763986e-03
elapsed=1.519148e+01 cycle=628 time=4.045190e+00 dt=6.762853e-03
elapsed=1.520973e+01 cycle=629 time=4.051953e+00 dt=6.761752e-03
elapsed=1.522793e+01 cycle=630 time=4.058715e+00 dt=6.760682e-03
elapsed=1.524613e+01 cycle=631 time=4.065476e+00 dt=6.759642e-03
elapsed=1.526727e+01 cycle=632 time=4.072235e+00 dt=6.758634e-03
elapsed=1.528550e+01 cycle=633 time=4.078994e+00 dt=6.757657e-03
elapsed=1.530365e+01 cycle=634 time=4.085752e+00 dt=6.756711e-03
elapsed=1.532186e+01 cycle=635 time=4.092508e+00 dt=6.755796e-03
elapsed=1.534298e+01 cycle=636 time=4.099264e+00 dt=6.754912e-03
elapsed=1.536455e+01 cycle=637 time=4.106019e+00 dt=6.754060e-03
elapsed=1.538274e+01 cycle=638 time=4.112773e+00 dt=6.753238e-03
elapsed=1.540089e+01 cycle=639 time=4.119526e+00 dt=6.752447e-03
elapsed=1.542205e+01 cycle=640 time=4.126279e+00 dt=6.751688e-03
elapsed=1.544024e+01 cycle=641 time=4.133030e+00 dt=6.750959e-03
elapsed=1.545840e+01 cycle=642 time=4.139781e+00 dt=6.750261e-03
elapsed=1.549182e+01 cycle=643 time=4.146532e+00 dt=6.749595e-03
elapsed=1.555387e+01 cycle=644 time=4.153281e+00 dt=6.748959e-03
elapsed=1.558462e+01 cycle=645 time=4.160030e+00 dt=6.748355e-03
elapsed=1.560724e+01 cycle=646 time=4.166779e+00 dt=6.747781e-03
elapsed=1.562545e+01 cycle=647 time=4.173526e+00 dt=6.747239e-03
elapsed=1.564680e+01 cycle=648 time=4.180274e+00 dt=6.746728e-03
elapsed=1.566504e+01 cycle=649 time=4.187020e+00 dt=6.746247e-03
elapsed=1.568333e+01 cycle=650 time=4.193767e+00 dt=6.745798e-03
elapsed=1.570151e+01 cycle=651 time=4.200512e+00 dt=6.745379e-03
elapsed=1.572274e+01 cycle=652 time=4.207258e+00 dt=6.744992e-03
elapsed=1.574096e+01 cycle=653 time=4.214003e+00 dt=6.744635e-03
elapsed=1.575930e+01 cycle=654 time=4.220747e+00 dt=6.743969e-03
elapsed=1.577746e+01 cycle=655 time=4.227491e+00 dt=6.742917e-03
elapsed=1.579873e+01 cycle=656 time=4.234234e+00 dt=6.741895e-03
elapsed=1.581692e+01 cycle=657 time=4.240976e+00 dt=6.740903e-03
elapsed=1.583508e+01 cycle=658 time=4.247717e+00 dt=6.739941e-03
elapsed=1.585329e+01 cycle=659 time=4.254457e+00 dt=6.739009e-03
elapsed=1.587447e+01 cycle=660 time=4.261196e+00 dt=6.738108e-03
elapsed=1.589268e+01 cycle=661 time=4.267934e+00 dt=6.737236e-03
elapsed=1.591090e+01 cycle=662 time=4.274671e+00 dt=6.736395e-03
elapsed=1.595620e+01 cycle=663 time=4.281408e+00 dt=6.735584e-03
elapsed=1.601122e+01 cycle=664 time=4.288143e+00 dt=6.734803e-03
elapsed=1.604602e+01 cycle=665 time=4.294878e+00 dt=6.734052e-03
elapsed=1.606427e+01 cycle=666 time=4.301612e+00 dt=6.733331e-03
elapsed=1.608249e+01 cycle=667 time=4.308345e+00 dt=6.732640e-03
elapsed=1.610389e+01 cycle=668 time=4.315078e+00 dt=6.731979e-03
elapsed=1.612215e+01 cycle=669 time=4.321810e+00 dt=6.731349e-03
elapsed=1.614034e+01 cycle=670 time=4.328541e+00 dt=6.730748e-03
elapsed=1.615854e+01 cycle=671 time=4.335272e+00 dt=6.730178e-03
elapsed=1.617983e+01 cycle=672 time=4.342002e+00 dt=6.729638e-03
elapsed=1.619804e+01 cycle=673 time=4.348732e+00 dt=6.729128e-03
elapsed=1.621628e+01 cycle=674 time=4.355461e+00 dt=6.728648e-03
elapsed=1.623448e+01 cycle=675 time=4.362190e+00 dt=6.728198e-03
elapsed=1.625574e+01 cycle=676 time=4.368918e+00 dt=6.727778e-03
elapsed=1.627394e+01 cycle=677 time=4.375646e+00 dt=6.727388e-03
elapsed=1.629212e+01 cycle=678 time=4.382373e+00 dt=6.727029e-03
elapsed=1.631199e+01 cycle=679 time=4.389100e+00 dt=6.726699e-03
elapsed=1.633316e+01 cycle=680 time=4.395827e+00 dt=6.726400e-03
elapsed=1.635136e+01 cycle=681 time=4.402553e+00 dt=6.725513e-03
elapsed=1.638586e+01 cycle=682 time=4.409279e+00 dt=6.724530e-03
elapsed=1.645310e+01 cycle=683 time=4.416003e+00 dt=6.723575e-03
elapsed=1.648489e+01 cycle=684 time=4.422727e+00 dt=6.722650e-03
elapsed=1.650519e+01 cycle=685 time=4.429450e+00 dt=6.721754e-03
elapsed=1.652338e+01 cycle=686 time=4.436171e+00 dt=6.720888e-03
elapsed=1.654162e+01 cycle=687 time=4.442892e+00 dt=6.720051e-03
elapsed=1.656295e+01 cycle=688 time=4.449612e+00 dt=6.719243e-03
elapsed=1.658118e+01 cycle=689 time=4.456331e+00 dt=6.718464e-03
elapsed=1.659939e+01 cycle=690 time=4.463050e+00 dt=6.717714e-03
elapsed=1.661756e+01 cycle=691 time=4.469768e+00 dt=6.716994e-03
elapsed=1.663896e+01 cycle=692 time=4.476485e+00 dt=6.716303e-03
elapsed=1.665720e+01 cycle=693 time=4.483201e+00 dt=6.715642e-03
elapsed=1.667538e+01 cycle=694 time=4.489917e+00 dt=6.715009e-03
elapsed=1.669356e+01 cycle=695 time=4.496632e+00 dt=6.714406e-03
elapsed=1.671504e+01 cycle=696 time=4.503346e+00 dt=6.713833e-03
elapsed=1.673339e+01 cycle=697 time=4.510060e+00 dt=6.713288e-03
elapsed=1.675160e+01 cycle=698 time=4.516773e+00 dt=6.712773e-03
elapsed=1.676974e+01 cycle=699 time=4.523486e+00 dt=6.712287e-03
elapsed=1.679116e+01 cycle=700 time=4.530198e+00 dt=6.711831e-03
elapsed=1.681011e+01 cycle=701 time=4.536910e+00 dt=6.711404e-03
elapsed=1.685826e+01 cycle=702 time=4.543621e+00 dt=6.711006e-03
elapsed=1.690726e+01 cycle=703 time=4.550332e+00 dt=6.710638e-03
elapsed=1.693985e+01 cycle=704 time=4.557043e+00 dt=6.710299e-03
elapsed=1.695809e+01 cycle=705 time=4.563753e+00 dt=6.709989e-03
elapsed=1.697631e+01 cycle=706 time=4.570463e+00 dt=6.709709e-03
elapsed=1.699457e+01 cycle=707 time=4.577173e+00 dt=6.709222e-03
elapsed=1.701588e+01 cycle=708 time=4.583882e+00 dt=6.708270e-03
elapsed=1.703407e+01 cycle=709 time=4.590591e+00 dt=6.707346e-03
elapsed=1.705224e+01 cycle=710 time=4.597298e+00 dt=6.706451e-03
elapsed=1.707039e+01 cycle=711 time=4.604004e+00 dt=6.705585e-03
elapsed=1.709158e+01 cycle=712 time=4.610710e+00 dt=6.704747e-03
elapsed=1.710979e+01 cycle=713 time=4.617415e+00 dt=6.703937e-03
elapsed=1.712795e+01 cycle=714 time=4.624119e+00 dt=6.703156e-03
elapsed=1.714611e+01 cycle=715 time=4.630822e+00 dt=6.702404e-03
elapsed=1.716739e+01 cycle=716 time=4.637524e+00 dt=6.701680e-03
elapsed=1.718557e+01 cycle=717 time=4.644226e+00 dt=6.700985e-03
elapsed=1.720370e+01 cycle=718 time=4.650927e+00 dt=6.700318e-03
elapsed=1.722181e+01 cycle=719 time=4.657627e+00 dt=6.699680e-03
elapsed=1.724308e+01 cycle=720 time=4.664327e+00 dt=6.699070e-03
elapsed=1.728782e+01 cycle=721 time=4.671026e+00 dt=6.698490e-03
elapsed=1.734034e+01 cycle=722 time=4.677724e+00 dt=6.697937e-03
elapsed=1.737075e+01 cycle=723 time=4.684422e+00 dt=6.697414e-03
elapsed=1.739298e+01 cycle=724 time=4.691120e+00 dt=6.696919e-03
elapsed=1.741128e+01 cycle=725 time=4.697817e+00 dt=6.696452e-03
elapsed=1.742947e+01 cycle=726 time=4.704513e+00 dt=6.696015e-03
elapsed=1.744769e+01 cycle=727 time=4.711209e+00 dt=6.695606e-03
elapsed=1.746886e+01 cycle=728 time=4.717905e+00 dt=6.695225e-03
elapsed=1.748705e+01 cycle=729 time=4.724600e+00 dt=6.694874e-03
elapsed=1.750519e+01 cycle=730 time=4.731295e+00 dt=6.694551e-03
elapsed=1.752336e+01 cycle=731 time=4.737989e+00 dt=6.694257e-03
elapsed=1.754451e+01 cycle=732 time=4.744684e+00 dt=6.693991e-03
elapsed=1.756271e+01 cycle=733 time=4.751378e+00 dt=6.693755e-03
elapsed=1.761630e+01 cycle=734 time=4.758071e+00 dt=6.692902e-03
elapsed=1.765968e+01 cycle=735 time=4.764764e+00 dt=6.692003e-03
elapsed=1.769282e+01 cycle=736 time=4.771456e+00 dt=6.691133e-03
elapsed=1.771113e+01 cycle=737 time=4.778147e+00 dt=6.690290e-03
elapsed=1.772939e+01 cycle=738 time=4.784838e+00 dt=6.689475e-03
elapsed=1.774759e+01 cycle=739 time=4.791527e+00 dt=6.688688e-03
elapsed=1.776888e+01 cycle=740 time=4.798216e+00 dt=6.687928e-03
elapsed=1.778713e+01 cycle=741 time=4.804904e+00 dt=6.687197e-03
elapsed=1.780538e+01 cycle=742 time=4.811591e+00 dt=6.686493e-03
elapsed=1.782353e+01 cycle=743 time=4.818277e+00 dt=6.685818e-03
elapsed=1.784471e+01 cycle=744 time=4.824963e+00 dt=6.685170e-03
elapsed=1.786289e+01 cycle=745 time=4.831648e+00 dt=6.684551e-03
elapsed=1.788105e+01 cycle=746 time=4.838333e+00 dt=6.683959e-03
elapsed=1.789919e+01 cycle=747 time=4.845017e+00 dt=6.683395e-03
elapsed=1.792047e+01 cycle=748 time=4.851700e+00 dt=6.682859e-03
elapsed=1.793874e+01 cycle=749 time=4.858383e+00 dt=6.682352e-03
elapsed=1.795686e+01 cycle=750 time=4.865066e+00 dt=6.681872e-03
elapsed=1.797500e+01 cycle=751 time=4.871747e+00 dt=6.681420e-03
elapsed=1.799623e+01 cycle=752 time=4.878429e+00 dt=6.680997e-03
elapsed=1.802866e+01 cycle=753 time=4.885110e+00 dt=6.680601e-03
elapsed=1.807916e+01 cycle=754 time=4.891790e+00 dt=6.680233e-03
elapsed=1.813831e+01 cycle=755 time=4.898471e+00 dt=6.679894e-03
elapsed=1.816409e+01 cycle=756 time=4.905151e+00 dt=6.679583e-03
elapsed=1.818232e+01 cycle=757 time=4.911830e+00 dt=6.679300e-03
elapsed=1.820053e+01 cycle=758 time=4.918509e+00 dt=6.679045e-03
elapsed=1.821869e+01 cycle=759 time=4.925189e+00 dt=6.678818e-03
elapsed=1.824002e+01 cycle=760 time=4.931867e+00 dt=6.678214e-03
elapsed=1.825826e+01 cycle=761 time=4.938546e+00 dt=6.677337e-03
elapsed=1.827647e+01 cycle=762 time=4.945223e+00 dt=6.676486e-03
elapsed=1.829463e+01 cycle=763 time=4.951899e+00 dt=6.675663e-03
elapsed=1.831588e+01 cycle=764 time=4.958575e+00 dt=6.674867e-03
elapsed=1.833407e+01 cycle=765 time=4.965250e+00 dt=6.674099e-03
elapsed=1.835224e+01 cycle=766 time=4.971924e+00 dt=6.673358e-03
elapsed=1.837040e+01 cycle=767 time=4.978597e+00 dt=6.672644e-03
elapsed=1.839167e+01 cycle=768 time=4.985270e+00 dt=6.671957e-03
elapsed=1.840983e+01 cycle=769 time=4.991942e+00 dt=6.671298e-03
elapsed=1.842799e+01 cycle=770 time=4.998613e+00 dt=1.386724e-03
output wall time = 9.210694e-01
elapsed=1.861134e+01 cycle=771 time=5.000000e+00 dt=2.773448e-03

Terminating on time limit
time=5.000000e+00 cycle=771
tlim=5.000000e+00 nlim=-1 nmb_total_limit=-1

MeshBlock-cycles = 24672
cpu time used  = 1.802025e+01
zone-cycles/cpu_second = 5.607940e+06
particle-updates/cpu_second = 0.000000e+00
