
Root grid = 4 x 4 x 4 MeshBlocks
Total number of MeshBlocks = 232
Number of logical  levels of refinement = 5 (6 levels total)
Number of physical levels of refinement = 3 (4 levels total)
  Physical level = 0 (logical level = 2): 56 MeshBlocks, cost = 56
  Physical level = 1 (logical level = 3): 56 MeshBlocks, cost = 56
  Physical level = 2 (logical level = 4): 56 MeshBlocks, cost = 56
  Physical level = 3 (logical level = 5): 64 MeshBlocks, cost = 64
Number of parallel ranks = 8
  Rank = 0: 29 MeshBlocks, cost = 29
  Rank = 1: 29 MeshBlocks, cost = 29
  Rank = 2: 29 MeshBlocks, cost = 29
  Rank = 3: 29 MeshBlocks, cost = 29
  Rank = 4: 29 MeshBlocks, cost = 29
  Rank = 5: 29 MeshBlocks, cost = 29
  Rank = 6: 29 MeshBlocks, cost = 29
  Rank = 7: 29 MeshBlocks, cost = 29
Load Balancing:
  Maximum normalized cost = 1, Average = 1
### WARNING in /pscratch/sd/h/hzhu/fo-gh-20m-20260817.57196231/src/src/parameter_input.cpp: input parameter <problem>/near_radius = 2.0 was not used by the code (check for a typo)

Setup complete, executing task list(s)...

elapsed=9.133581e+00 cycle=0 time=0.000000e+00 dt=2.069156e-03
FO-GH puncture boundedness passed: rmin=5.412659e-02, state max=1.000003e+00, near RHS max=2.243144e-02, ADM adapter error=0.000000e+00

Terminating on time limit
time=1.000000e-02 cycle=5
tlim=1.000000e-02 nlim=-1

MeshBlock-cycles = 1160
cpu time used  = 1.831861e+01
zone-cycles/cpu_second = 2.074987e+06
particle-updates/cpu_second = 0.000000e+00
