
Root grid = 4 x 4 x 4 MeshBlocks
Total number of MeshBlocks = 232
Number of logical  levels of refinement = 5 (6 levels total)
Number of physical levels of refinement = 3 (4 levels total)
  Physical level = 0 (logical level = 2): 56 MeshBlocks, cost = 56
  Physical level = 1 (logical level = 3): 56 MeshBlocks, cost = 56
  Physical level = 2 (logical level = 4): 56 MeshBlocks, cost = 56
  Physical level = 3 (logical level = 5): 64 MeshBlocks, cost = 64
Number of parallel ranks = 8
  Rank = 0: 29 MeshBlocks, cost = 29
  Rank = 1: 29 MeshBlocks, cost = 29
  Rank = 2: 29 MeshBlocks, cost = 29
  Rank = 3: 29 MeshBlocks, cost = 29
  Rank = 4: 29 MeshBlocks, cost = 29
  Rank = 5: 29 MeshBlocks, cost = 29
  Rank = 6: 29 MeshBlocks, cost = 29
  Rank = 7: 29 MeshBlocks, cost = 29
Load Balancing:
  Maximum normalized cost = 1, Average = 1
### WARNING in /pscratch/sd/h/hzhu/fo-gh-20m-20260817.57196231/src/src/parameter_input.cpp: input parameter <problem>/near_radius = 2.0 was not used by the code (check for a typo)

Setup complete, executing task list(s)...

elapsed=2.433169e+01 cycle=0 time=0.000000e+00 dt=1.378458e-03
elapsed=2.958674e+01 cycle=10 time=1.378458e-02 dt=1.378458e-03
elapsed=3.486061e+01 cycle=20 time=2.756916e-02 dt=1.378458e-03
elapsed=4.013063e+01 cycle=30 time=4.135374e-02 dt=1.378458e-03
elapsed=4.540458e+01 cycle=40 time=5.513831e-02 dt=1.378458e-03
elapsed=5.067561e+01 cycle=50 time=6.892289e-02 dt=1.378458e-03
elapsed=5.594713e+01 cycle=60 time=8.270747e-02 dt=1.378458e-03
elapsed=6.121830e+01 cycle=70 time=9.649204e-02 dt=1.378457e-03
elapsed=6.648813e+01 cycle=80 time=1.102766e-01 dt=1.378457e-03
elapsed=7.175683e+01 cycle=90 time=1.240612e-01 dt=1.378457e-03
elapsed=7.702916e+01 cycle=100 time=1.378458e-01 dt=1.378457e-03
elapsed=8.230086e+01 cycle=110 time=1.516303e-01 dt=1.378457e-03
elapsed=8.757190e+01 cycle=120 time=1.654149e-01 dt=1.378456e-03
elapsed=9.284755e+01 cycle=130 time=1.791994e-01 dt=1.378456e-03
elapsed=9.811976e+01 cycle=140 time=1.929840e-01 dt=1.378456e-03
elapsed=1.034726e+02 cycle=150 time=2.067686e-01 dt=1.378455e-03
elapsed=1.087464e+02 cycle=160 time=2.205531e-01 dt=1.378455e-03
elapsed=1.140207e+02 cycle=170 time=2.343377e-01 dt=1.378455e-03
elapsed=1.192915e+02 cycle=180 time=2.481222e-01 dt=1.378454e-03
elapsed=1.245622e+02 cycle=190 time=2.619067e-01 dt=1.378454e-03
elapsed=1.298346e+02 cycle=200 time=2.756913e-01 dt=1.378453e-03
elapsed=1.351090e+02 cycle=210 time=2.894758e-01 dt=1.378453e-03
elapsed=1.403795e+02 cycle=220 time=3.032603e-01 dt=1.378452e-03
elapsed=1.456531e+02 cycle=230 time=3.170449e-01 dt=1.378452e-03
elapsed=1.509237e+02 cycle=240 time=3.308294e-01 dt=1.378451e-03
elapsed=1.561940e+02 cycle=250 time=3.446139e-01 dt=1.378450e-03
elapsed=1.614650e+02 cycle=260 time=3.583984e-01 dt=1.378450e-03
elapsed=1.667403e+02 cycle=270 time=3.721829e-01 dt=1.378449e-03
elapsed=1.720106e+02 cycle=280 time=3.859674e-01 dt=1.378448e-03
elapsed=1.772810e+02 cycle=290 time=3.997518e-01 dt=1.378448e-03
elapsed=1.826257e+02 cycle=300 time=4.135363e-01 dt=1.378447e-03
elapsed=1.878961e+02 cycle=310 time=4.273208e-01 dt=1.378446e-03
elapsed=1.931662e+02 cycle=320 time=4.411052e-01 dt=1.378445e-03
elapsed=1.984365e+02 cycle=330 time=4.548897e-01 dt=1.378444e-03
elapsed=2.037068e+02 cycle=340 time=4.686741e-01 dt=1.378443e-03
elapsed=2.089737e+02 cycle=350 time=4.824586e-01 dt=1.378442e-03
elapsed=2.142448e+02 cycle=360 time=4.962430e-01 dt=1.378441e-03
elapsed=2.195165e+02 cycle=370 time=5.100274e-01 dt=1.378440e-03
elapsed=2.247851e+02 cycle=380 time=5.238118e-01 dt=1.378439e-03
elapsed=2.300544e+02 cycle=390 time=5.375962e-01 dt=1.378438e-03
elapsed=2.353222e+02 cycle=400 time=5.513805e-01 dt=1.378437e-03
elapsed=2.405930e+02 cycle=410 time=5.651649e-01 dt=1.378436e-03
elapsed=2.458630e+02 cycle=420 time=5.789493e-01 dt=1.378434e-03
elapsed=2.511373e+02 cycle=430 time=5.927336e-01 dt=1.378433e-03
elapsed=2.564858e+02 cycle=440 time=6.065179e-01 dt=1.378432e-03
elapsed=2.617571e+02 cycle=450 time=6.203022e-01 dt=1.378431e-03
elapsed=2.670267e+02 cycle=460 time=6.340865e-01 dt=1.378429e-03
elapsed=2.723011e+02 cycle=470 time=6.478708e-01 dt=1.378428e-03
elapsed=2.775757e+02 cycle=480 time=6.616551e-01 dt=1.378426e-03
elapsed=2.828473e+02 cycle=490 time=6.754393e-01 dt=1.378425e-03
elapsed=2.881196e+02 cycle=500 time=6.892236e-01 dt=1.378423e-03
elapsed=2.933902e+02 cycle=510 time=7.030078e-01 dt=1.378422e-03
elapsed=2.986626e+02 cycle=520 time=7.167920e-01 dt=1.378420e-03
elapsed=3.039338e+02 cycle=530 time=7.305762e-01 dt=1.378418e-03
elapsed=3.092042e+02 cycle=540 time=7.443604e-01 dt=1.378417e-03
elapsed=3.144755e+02 cycle=550 time=7.581445e-01 dt=1.378415e-03
elapsed=3.197461e+02 cycle=560 time=7.719287e-01 dt=1.378413e-03
elapsed=3.250156e+02 cycle=570 time=7.857128e-01 dt=1.378411e-03
elapsed=3.302874e+02 cycle=580 time=7.994969e-01 dt=1.378409e-03
elapsed=3.356402e+02 cycle=590 time=8.132810e-01 dt=1.378407e-03
elapsed=3.409092e+02 cycle=600 time=8.270651e-01 dt=1.378405e-03
elapsed=3.461778e+02 cycle=610 time=8.408491e-01 dt=1.378403e-03
elapsed=3.514476e+02 cycle=620 time=8.546331e-01 dt=1.378401e-03
elapsed=3.567186e+02 cycle=630 time=8.684171e-01 dt=1.378399e-03
elapsed=3.619848e+02 cycle=640 time=8.822011e-01 dt=1.378397e-03
elapsed=3.672527e+02 cycle=650 time=8.959851e-01 dt=1.378395e-03
elapsed=3.725200e+02 cycle=660 time=9.097690e-01 dt=1.378393e-03
elapsed=3.777914e+02 cycle=670 time=9.235529e-01 dt=1.378390e-03
elapsed=3.830616e+02 cycle=680 time=9.373368e-01 dt=1.378388e-03
elapsed=3.883347e+02 cycle=690 time=9.511207e-01 dt=1.378386e-03
elapsed=3.936021e+02 cycle=700 time=9.649045e-01 dt=1.378383e-03
elapsed=3.988701e+02 cycle=710 time=9.786884e-01 dt=1.378381e-03
elapsed=4.041391e+02 cycle=720 time=9.924722e-01 dt=1.378378e-03
elapsed=4.094839e+02 cycle=730 time=1.006256e+00 dt=1.378375e-03
elapsed=4.147622e+02 cycle=740 time=1.020040e+00 dt=1.378373e-03
elapsed=4.200341e+02 cycle=750 time=1.033823e+00 dt=1.378370e-03
elapsed=4.253031e+02 cycle=760 time=1.047607e+00 dt=1.378367e-03
elapsed=4.305752e+02 cycle=770 time=1.061391e+00 dt=1.378365e-03
elapsed=4.358418e+02 cycle=780 time=1.075174e+00 dt=1.378362e-03
elapsed=4.411087e+02 cycle=790 time=1.088958e+00 dt=1.378359e-03
elapsed=4.463826e+02 cycle=800 time=1.102742e+00 dt=1.378356e-03
elapsed=4.516553e+02 cycle=810 time=1.116525e+00 dt=1.378353e-03
elapsed=4.569242e+02 cycle=820 time=1.130309e+00 dt=1.378350e-03
elapsed=4.621978e+02 cycle=830 time=1.144092e+00 dt=1.378347e-03
elapsed=4.674710e+02 cycle=840 time=1.157876e+00 dt=1.378344e-03
elapsed=4.727488e+02 cycle=850 time=1.171659e+00 dt=1.378341e-03
elapsed=4.780153e+02 cycle=860 time=1.185442e+00 dt=1.378337e-03
elapsed=4.832850e+02 cycle=870 time=1.199226e+00 dt=1.378334e-03
elapsed=4.886380e+02 cycle=880 time=1.213009e+00 dt=1.378331e-03
elapsed=4.939111e+02 cycle=890 time=1.226792e+00 dt=1.378327e-03
elapsed=4.991833e+02 cycle=900 time=1.240576e+00 dt=1.378324e-03
elapsed=5.044518e+02 cycle=910 time=1.254359e+00 dt=1.378320e-03
elapsed=5.097217e+02 cycle=920 time=1.268142e+00 dt=1.378317e-03
elapsed=5.149956e+02 cycle=930 time=1.281925e+00 dt=1.378313e-03
elapsed=5.202671e+02 cycle=940 time=1.295708e+00 dt=1.378310e-03
elapsed=5.255402e+02 cycle=950 time=1.309491e+00 dt=1.378306e-03
elapsed=5.308179e+02 cycle=960 time=1.323274e+00 dt=1.378302e-03
elapsed=5.360890e+02 cycle=970 time=1.337057e+00 dt=1.378298e-03
elapsed=5.413601e+02 cycle=980 time=1.350840e+00 dt=1.378294e-03
elapsed=5.466306e+02 cycle=990 time=1.364623e+00 dt=1.378291e-03
elapsed=5.519049e+02 cycle=1000 time=1.378406e+00 dt=1.378287e-03
elapsed=5.571759e+02 cycle=1010 time=1.392189e+00 dt=1.378283e-03
elapsed=5.625269e+02 cycle=1020 time=1.405972e+00 dt=1.378278e-03
elapsed=5.677989e+02 cycle=1030 time=1.419755e+00 dt=1.378274e-03
elapsed=5.730686e+02 cycle=1040 time=1.433537e+00 dt=1.378270e-03
elapsed=5.783399e+02 cycle=1050 time=1.447320e+00 dt=1.378266e-03
elapsed=5.836120e+02 cycle=1060 time=1.461103e+00 dt=1.378262e-03
elapsed=5.888879e+02 cycle=1070 time=1.474885e+00 dt=1.378257e-03
elapsed=5.941592e+02 cycle=1080 time=1.488668e+00 dt=1.378253e-03
elapsed=5.994302e+02 cycle=1090 time=1.502450e+00 dt=1.378248e-03
elapsed=6.047011e+02 cycle=1100 time=1.516233e+00 dt=1.378244e-03
elapsed=6.099702e+02 cycle=1110 time=1.530015e+00 dt=1.378239e-03
elapsed=6.152365e+02 cycle=1120 time=1.543798e+00 dt=1.378234e-03
elapsed=6.205074e+02 cycle=1130 time=1.557580e+00 dt=1.378230e-03
elapsed=6.257772e+02 cycle=1140 time=1.571362e+00 dt=1.378225e-03
elapsed=6.310452e+02 cycle=1150 time=1.585144e+00 dt=1.378220e-03
elapsed=6.363139e+02 cycle=1160 time=1.598927e+00 dt=1.378215e-03
elapsed=6.416610e+02 cycle=1170 time=1.612709e+00 dt=1.378210e-03
elapsed=6.469276e+02 cycle=1180 time=1.626491e+00 dt=1.378205e-03
elapsed=6.521983e+02 cycle=1190 time=1.640273e+00 dt=1.378200e-03
elapsed=6.574644e+02 cycle=1200 time=1.654055e+00 dt=1.378195e-03
elapsed=6.627349e+02 cycle=1210 time=1.667837e+00 dt=1.378190e-03
elapsed=6.680026e+02 cycle=1220 time=1.681619e+00 dt=1.378185e-03
elapsed=6.732723e+02 cycle=1230 time=1.695400e+00 dt=1.378179e-03
elapsed=6.785431e+02 cycle=1240 time=1.709182e+00 dt=1.378174e-03
elapsed=6.838111e+02 cycle=1250 time=1.722964e+00 dt=1.378168e-03
elapsed=6.890809e+02 cycle=1260 time=1.736746e+00 dt=1.378163e-03
elapsed=6.943508e+02 cycle=1270 time=1.750527e+00 dt=1.378157e-03
elapsed=6.996207e+02 cycle=1280 time=1.764309e+00 dt=1.378152e-03
elapsed=7.048943e+02 cycle=1290 time=1.778090e+00 dt=1.378146e-03
elapsed=7.101657e+02 cycle=1300 time=1.791872e+00 dt=1.378140e-03
elapsed=7.155174e+02 cycle=1310 time=1.805653e+00 dt=1.378135e-03
elapsed=7.207886e+02 cycle=1320 time=1.819434e+00 dt=1.378129e-03
elapsed=7.260606e+02 cycle=1330 time=1.833216e+00 dt=1.378123e-03
elapsed=7.313323e+02 cycle=1340 time=1.846997e+00 dt=1.378117e-03
elapsed=7.366004e+02 cycle=1350 time=1.860778e+00 dt=1.378111e-03
elapsed=7.418698e+02 cycle=1360 time=1.874559e+00 dt=1.378105e-03
elapsed=7.471427e+02 cycle=1370 time=1.888340e+00 dt=1.378099e-03
elapsed=7.524137e+02 cycle=1380 time=1.902121e+00 dt=1.378092e-03
elapsed=7.576862e+02 cycle=1390 time=1.915902e+00 dt=1.378086e-03
elapsed=7.629547e+02 cycle=1400 time=1.929683e+00 dt=1.378080e-03
elapsed=7.682265e+02 cycle=1410 time=1.943463e+00 dt=1.378073e-03
elapsed=7.735039e+02 cycle=1420 time=1.957244e+00 dt=1.378067e-03
elapsed=7.787747e+02 cycle=1430 time=1.971025e+00 dt=1.378060e-03
elapsed=7.840448e+02 cycle=1440 time=1.984805e+00 dt=1.378053e-03
elapsed=7.893109e+02 cycle=1450 time=1.998586e+00 dt=1.378047e-03
elapsed=8.184655e+02 cycle=1460 time=2.012366e+00 dt=1.378040e-03
elapsed=8.237398e+02 cycle=1470 time=2.026147e+00 dt=1.378033e-03
elapsed=8.290091e+02 cycle=1480 time=2.039927e+00 dt=1.378026e-03
elapsed=8.342847e+02 cycle=1490 time=2.053707e+00 dt=1.378019e-03
elapsed=8.395578e+02 cycle=1500 time=2.067487e+00 dt=1.378012e-03
elapsed=8.448310e+02 cycle=1510 time=2.081267e+00 dt=1.378005e-03
elapsed=8.501014e+02 cycle=1520 time=2.095048e+00 dt=1.377998e-03
elapsed=8.553743e+02 cycle=1530 time=2.108827e+00 dt=1.377991e-03
elapsed=8.606495e+02 cycle=1540 time=2.122607e+00 dt=1.377984e-03
elapsed=8.659175e+02 cycle=1550 time=2.136387e+00 dt=1.377976e-03
elapsed=8.711900e+02 cycle=1560 time=2.150167e+00 dt=1.377969e-03
elapsed=8.764616e+02 cycle=1570 time=2.163947e+00 dt=1.377961e-03
elapsed=8.817299e+02 cycle=1580 time=2.177726e+00 dt=1.377954e-03
elapsed=8.869983e+02 cycle=1590 time=2.191506e+00 dt=1.377946e-03
elapsed=8.923479e+02 cycle=1600 time=2.205285e+00 dt=1.377938e-03
elapsed=8.976221e+02 cycle=1610 time=2.219064e+00 dt=1.377931e-03
elapsed=9.028935e+02 cycle=1620 time=2.232844e+00 dt=1.377923e-03
elapsed=9.081686e+02 cycle=1630 time=2.246623e+00 dt=1.377915e-03
elapsed=9.134396e+02 cycle=1640 time=2.260402e+00 dt=1.377907e-03
elapsed=9.187084e+02 cycle=1650 time=2.274181e+00 dt=1.377899e-03
elapsed=9.239810e+02 cycle=1660 time=2.287960e+00 dt=1.377891e-03
elapsed=9.292524e+02 cycle=1670 time=2.301739e+00 dt=1.377882e-03
elapsed=9.345201e+02 cycle=1680 time=2.315518e+00 dt=1.377874e-03
elapsed=9.397938e+02 cycle=1690 time=2.329296e+00 dt=1.377866e-03
elapsed=9.450631e+02 cycle=1700 time=2.343075e+00 dt=1.377857e-03
elapsed=9.503312e+02 cycle=1710 time=2.356853e+00 dt=1.377849e-03
elapsed=9.556002e+02 cycle=1720 time=2.370632e+00 dt=1.377840e-03
elapsed=9.608702e+02 cycle=1730 time=2.384410e+00 dt=1.377832e-03
elapsed=9.661421e+02 cycle=1740 time=2.398189e+00 dt=1.377823e-03
elapsed=9.714929e+02 cycle=1750 time=2.411967e+00 dt=1.377814e-03
elapsed=9.767640e+02 cycle=1760 time=2.425745e+00 dt=1.377805e-03
elapsed=9.820373e+02 cycle=1770 time=2.439523e+00 dt=1.377796e-03
elapsed=9.873065e+02 cycle=1780 time=2.453301e+00 dt=1.377787e-03
elapsed=9.925772e+02 cycle=1790 time=2.467079e+00 dt=1.377778e-03
elapsed=9.978486e+02 cycle=1800 time=2.480856e+00 dt=1.377769e-03
elapsed=1.003115e+03 cycle=1810 time=2.494634e+00 dt=1.377760e-03
elapsed=1.008383e+03 cycle=1820 time=2.508412e+00 dt=1.377750e-03
elapsed=1.013652e+03 cycle=1830 time=2.522189e+00 dt=1.377741e-03
elapsed=1.018924e+03 cycle=1840 time=2.535966e+00 dt=1.377732e-03
elapsed=1.024197e+03 cycle=1850 time=2.549744e+00 dt=1.377722e-03
elapsed=1.029466e+03 cycle=1860 time=2.563521e+00 dt=1.377712e-03
elapsed=1.034737e+03 cycle=1870 time=2.577298e+00 dt=1.377703e-03
elapsed=1.040005e+03 cycle=1880 time=2.591075e+00 dt=1.377693e-03
elapsed=1.045354e+03 cycle=1890 time=2.604852e+00 dt=1.377683e-03
elapsed=1.050630e+03 cycle=1900 time=2.618629e+00 dt=1.377673e-03
elapsed=1.055900e+03 cycle=1910 time=2.632405e+00 dt=1.377663e-03
elapsed=1.061171e+03 cycle=1920 time=2.646182e+00 dt=1.377653e-03
elapsed=1.066441e+03 cycle=1930 time=2.659958e+00 dt=1.377643e-03
elapsed=1.071714e+03 cycle=1940 time=2.673735e+00 dt=1.377633e-03
elapsed=1.076986e+03 cycle=1950 time=2.687511e+00 dt=1.377622e-03
elapsed=1.082255e+03 cycle=1960 time=2.701287e+00 dt=1.377612e-03
elapsed=1.087523e+03 cycle=1970 time=2.715063e+00 dt=1.377601e-03
elapsed=1.092789e+03 cycle=1980 time=2.728839e+00 dt=1.377591e-03
elapsed=1.098060e+03 cycle=1990 time=2.742615e+00 dt=1.377580e-03
elapsed=1.103330e+03 cycle=2000 time=2.756391e+00 dt=1.377569e-03
elapsed=1.108602e+03 cycle=2010 time=2.770166e+00 dt=1.377559e-03
elapsed=1.113872e+03 cycle=2020 time=2.783942e+00 dt=1.377548e-03
elapsed=1.119140e+03 cycle=2030 time=2.797717e+00 dt=1.377537e-03
elapsed=1.124484e+03 cycle=2040 time=2.811493e+00 dt=1.377526e-03
elapsed=1.129758e+03 cycle=2050 time=2.825268e+00 dt=1.377514e-03
elapsed=1.135030e+03 cycle=2060 time=2.839043e+00 dt=1.377503e-03
elapsed=1.140302e+03 cycle=2070 time=2.852818e+00 dt=1.377492e-03
elapsed=1.145573e+03 cycle=2080 time=2.866593e+00 dt=1.377480e-03
elapsed=1.150844e+03 cycle=2090 time=2.880368e+00 dt=1.377469e-03
elapsed=1.156116e+03 cycle=2100 time=2.894142e+00 dt=1.377457e-03
elapsed=1.161389e+03 cycle=2110 time=2.907917e+00 dt=1.377446e-03
elapsed=1.166662e+03 cycle=2120 time=2.921691e+00 dt=1.377434e-03
elapsed=1.171933e+03 cycle=2130 time=2.935465e+00 dt=1.377422e-03
elapsed=1.177202e+03 cycle=2140 time=2.949240e+00 dt=1.377410e-03
elapsed=1.182467e+03 cycle=2150 time=2.963014e+00 dt=1.377398e-03
elapsed=1.187744e+03 cycle=2160 time=2.976788e+00 dt=1.377386e-03
elapsed=1.193022e+03 cycle=2170 time=2.990561e+00 dt=1.377374e-03
elapsed=1.198372e+03 cycle=2180 time=3.004335e+00 dt=1.377361e-03
elapsed=1.203641e+03 cycle=2190 time=3.018109e+00 dt=1.377349e-03
elapsed=1.208913e+03 cycle=2200 time=3.024995e+00 dt=0.000000e+00
elapsed=1.214189e+03 cycle=2210 time=3.024995e+00 dt=0.000000e+00
elapsed=1.219473e+03 cycle=2220 time=3.024995e+00 dt=0.000000e+00
elapsed=1.224761e+03 cycle=2230 time=3.024995e+00 dt=0.000000e+00
elapsed=1.230048e+03 cycle=2240 time=3.024995e+00 dt=0.000000e+00
elapsed=1.235333e+03 cycle=2250 time=3.024995e+00 dt=0.000000e+00
elapsed=1.240618e+03 cycle=2260 time=3.024995e+00 dt=0.000000e+00
elapsed=1.245908e+03 cycle=2270 time=3.024995e+00 dt=0.000000e+00
elapsed=1.251195e+03 cycle=2280 time=3.024995e+00 dt=0.000000e+00
elapsed=1.256480e+03 cycle=2290 time=3.024995e+00 dt=0.000000e+00
elapsed=1.261768e+03 cycle=2300 time=3.024995e+00 dt=0.000000e+00
elapsed=1.267053e+03 cycle=2310 time=3.024995e+00 dt=0.000000e+00
elapsed=1.272343e+03 cycle=2320 time=3.024995e+00 dt=0.000000e+00
elapsed=1.277633e+03 cycle=2330 time=3.024995e+00 dt=0.000000e+00
elapsed=1.282918e+03 cycle=2340 time=3.024995e+00 dt=0.000000e+00
srun: Job step aborted: Waiting up to 32 seconds for job step to finish.
[2026-08-18T03:01:21.989] error: *** STEP 57196231.20 ON nid001133 CANCELLED AT 2026-08-18T03:01:21 DUE to SIGNAL Killed ***
srun: error: nid001133: task 3: Killed
srun: Terminating StepId=57196231.20
srun: error: nid001136: tasks 4,6-7: Killed
srun: error: nid001133: tasks 0-1: Killed
srun: error: nid001136: task 5: Killed
srun: error: nid001133: task 2: Killed
