
Root grid = 1 x 1 x 1 MeshBlocks
Total number of MeshBlocks = 1
Number of logical  levels of refinement = 0 (1 levels total)
Number of physical levels of refinement = 0 (1 levels total)
Number of parallel ranks = 1
### WARNING in /pscratch/sd/h/hzhu/fo-gh-20m-20260817.57196231/src/src/parameter_input.cpp: input parameter <refined_region1>/level = 3 was not used by the code (check for a typo)
### WARNING in /pscratch/sd/h/hzhu/fo-gh-20m-20260817.57196231/src/src/parameter_input.cpp: input parameter <refined_region1>/x1min = -2.0 was not used by the code (check for a typo)
### WARNING in /pscratch/sd/h/hzhu/fo-gh-20m-20260817.57196231/src/src/parameter_input.cpp: input parameter <refined_region1>/x1max = 2.0 was not used by the code (check for a typo)
### WARNING in /pscratch/sd/h/hzhu/fo-gh-20m-20260817.57196231/src/src/parameter_input.cpp: input parameter <refined_region1>/x2min = -2.0 was not used by the code (check for a typo)
### WARNING in /pscratch/sd/h/hzhu/fo-gh-20m-20260817.57196231/src/src/parameter_input.cpp: input parameter <refined_region1>/x2max = 2.0 was not used by the code (check for a typo)
### WARNING in /pscratch/sd/h/hzhu/fo-gh-20m-20260817.57196231/src/src/parameter_input.cpp: input parameter <refined_region1>/x3min = -2.0 was not used by the code (check for a typo)
### WARNING in /pscratch/sd/h/hzhu/fo-gh-20m-20260817.57196231/src/src/parameter_input.cpp: input parameter <refined_region1>/x3max = 2.0 was not used by the code (check for a typo)
### WARNING in /pscratch/sd/h/hzhu/fo-gh-20m-20260817.57196231/src/src/parameter_input.cpp: input parameter <problem>/near_radius = 2.0 was not used by the code (check for a typo)

Setup complete, executing task list(s)...

elapsed=5.143003e-02 cycle=0 time=0.000000e+00 dt=1.000000e-02
FO-GH puncture boundedness passed: rmin=4.330127e-01, state max=1.000002e+00, near RHS max=9.966167e-02, ADM adapter error=0.000000e+00

Terminating on time limit
time=1.000000e-02 cycle=1
tlim=1.000000e-02 nlim=-1

MeshBlock-cycles = 1
cpu time used  = 4.390154e-02
zone-cycles/cpu_second = 9.329969e+04
particle-updates/cpu_second = 0.000000e+00
