
Root grid = 4 x 4 x 4 MeshBlocks
Total number of MeshBlocks = 232
Number of logical  levels of refinement = 5 (6 levels total)
Number of physical levels of refinement = 3 (4 levels total)
  Physical level = 0 (logical level = 2): 56 MeshBlocks, cost = 56
  Physical level = 1 (logical level = 3): 56 MeshBlocks, cost = 56
  Physical level = 2 (logical level = 4): 56 MeshBlocks, cost = 56
  Physical level = 3 (logical level = 5): 64 MeshBlocks, cost = 64
Number of parallel ranks = 8
  Rank = 0: 29 MeshBlocks, cost = 29
  Rank = 1: 29 MeshBlocks, cost = 29
  Rank = 2: 29 MeshBlocks, cost = 29
  Rank = 3: 29 MeshBlocks, cost = 29
  Rank = 4: 29 MeshBlocks, cost = 29
  Rank = 5: 29 MeshBlocks, cost = 29
  Rank = 6: 29 MeshBlocks, cost = 29
  Rank = 7: 29 MeshBlocks, cost = 29
Load Balancing:
  Maximum normalized cost = 1, Average = 1
### WARNING in /pscratch/sd/h/hzhu/fo-gh-20m-20260817.57196231/src/src/parameter_input.cpp: input parameter <refined_region1>/level = 3 was not used by the code (check for a typo)
### WARNING in /pscratch/sd/h/hzhu/fo-gh-20m-20260817.57196231/src/src/parameter_input.cpp: input parameter <refined_region1>/x1min = -2.0 was not used by the code (check for a typo)
### WARNING in /pscratch/sd/h/hzhu/fo-gh-20m-20260817.57196231/src/src/parameter_input.cpp: input parameter <refined_region1>/x1max = 2.0 was not used by the code (check for a typo)
### WARNING in /pscratch/sd/h/hzhu/fo-gh-20m-20260817.57196231/src/src/parameter_input.cpp: input parameter <refined_region1>/x2min = -2.0 was not used by the code (check for a typo)
### WARNING in /pscratch/sd/h/hzhu/fo-gh-20m-20260817.57196231/src/src/parameter_input.cpp: input parameter <refined_region1>/x2max = 2.0 was not used by the code (check for a typo)
### WARNING in /pscratch/sd/h/hzhu/fo-gh-20m-20260817.57196231/src/src/parameter_input.cpp: input parameter <refined_region1>/x3min = -2.0 was not used by the code (check for a typo)
### WARNING in /pscratch/sd/h/hzhu/fo-gh-20m-20260817.57196231/src/src/parameter_input.cpp: input parameter <refined_region1>/x3max = 2.0 was not used by the code (check for a typo)
### WARNING in /pscratch/sd/h/hzhu/fo-gh-20m-20260817.57196231/src/src/parameter_input.cpp: input parameter <time>/start_time = 0 was not used by the code (check for a typo)
### WARNING in /pscratch/sd/h/hzhu/fo-gh-20m-20260817.57196231/src/src/parameter_input.cpp: input parameter <problem>/mass = 1.0 was not used by the code (check for a typo)
### WARNING in /pscratch/sd/h/hzhu/fo-gh-20m-20260817.57196231/src/src/parameter_input.cpp: input parameter <problem>/near_radius = 2.0 was not used by the code (check for a typo)

Setup complete, executing task list(s)...

FO-GH puncture boundedness passed: rmin=0.0541266, state max=1, near RHS max=0.0224314, ADM adapter error=0

Terminating on time limit
time=0.01 cycle=5
tlim=0.01 nlim=-1

MeshBlock-cycles = 464
cpu time used  = 9.22835
zone-cycles/cpu_second = 1.64757e+06
particle-updates/cpu_second = 0
