
Root grid = 2 x 2 x 2 MeshBlocks
Total number of MeshBlocks = 8
Number of logical  levels of refinement = 1 (2 levels total)
Number of physical levels of refinement = 0 (1 levels total)
Number of parallel ranks = 8
  Rank = 0: 1 MeshBlocks, cost = 1
  Rank = 1: 1 MeshBlocks, cost = 1
  Rank = 2: 1 MeshBlocks, cost = 1
  Rank = 3: 1 MeshBlocks, cost = 1
  Rank = 4: 1 MeshBlocks, cost = 1
  Rank = 5: 1 MeshBlocks, cost = 1
  Rank = 6: 1 MeshBlocks, cost = 1
  Rank = 7: 1 MeshBlocks, cost = 1
Load Balancing:
  Maximum normalized cost = 1, Average = 1
### WARNING in /pscratch/sd/h/hzhu/fo-gh-20m-20260817.57196231/src/src/parameter_input.cpp: input parameter <job>/basename = fo_gh_minkowski was not used by the code (check for a typo)

Setup complete, executing task list(s)...

elapsed=1.025374e-01 cycle=0 time=0.000000e+00 dt=6.250000e-03
elapsed=1.146092e-01 cycle=1 time=6.250000e-03 dt=6.250000e-03
elapsed=1.210503e-01 cycle=2 time=1.250000e-02 dt=6.250000e-03
elapsed=1.265959e-01 cycle=3 time=1.875000e-02 dt=1.250000e-03
FO-GH Minkowski evolution passed: max error = 0
FO-GH Minkowski evolution passed: max error = 0
FO-GH Minkowski evolution passed: max error = 0
FO-GH Minkowski evolution passed: max error = 0
FO-GH Minkowski evolution passed: max error = 0.000000e+00
elapsed=1.338446e-01 cycle=4 time=2.000000e-02 dt=2.500000e-03

Terminating on time limit
time=2.000000e-02 cycle=4
tlim=2.000000e-02 nlim=-1

MeshBlock-cycles = 32
cpu time used  = 3.132011e-02
zone-cycles/cpu_second = 5.231144e+05
particle-updates/cpu_second = 0.000000e+00
FO-GH Minkowski evolution passed: max error = 0
FO-GH Minkowski evolution passed: max error = 0
FO-GH Minkowski evolution passed: max error = 0
