
Root grid = 1 x 1 x 1 MeshBlocks
Total number of MeshBlocks = 176
Number of logical  levels of refinement = 4 (5 levels total)
Number of physical levels of refinement = 4 (5 levels total)
  Physical level = 2 (logical level = 2): 56 MeshBlocks, cost = 56
  Physical level = 3 (logical level = 3): 56 MeshBlocks, cost = 56
  Physical level = 4 (logical level = 4): 96 MeshBlocks, cost = 64
Number of parallel ranks = 1
AssembleZ4cTasks

Setup complete, executing task list(s)...

elapsed=7.227658e-01 cycle=65 time=1.000000e+00 dt=1.562500e-02
elapsed=1.382994e+00 cycle=66 time=1.015625e+00 dt=1.562500e-02
elapsed=2.058493e+00 cycle=67 time=1.031250e+00 dt=1.562500e-02
elapsed=2.796210e+00 cycle=68 time=1.046875e+00 dt=1.562500e-02
elapsed=3.476382e+00 cycle=69 time=1.062500e+00 dt=1.562500e-02
elapsed=4.265937e+00 cycle=70 time=1.078125e+00 dt=1.562500e-02
elapsed=5.058391e+00 cycle=71 time=1.093750e+00 dt=1.562500e-02
elapsed=5.731855e+00 cycle=72 time=1.109375e+00 dt=1.562500e-02
elapsed=6.435838e+00 cycle=73 time=1.125000e+00 dt=1.562500e-02
elapsed=7.226925e+00 cycle=74 time=1.140625e+00 dt=1.562500e-02
elapsed=8.016354e+00 cycle=75 time=1.156250e+00 dt=1.562500e-02
elapsed=8.684713e+00 cycle=76 time=1.171875e+00 dt=1.562500e-02
elapsed=9.409937e+00 cycle=77 time=1.187500e+00 dt=1.562500e-02
elapsed=1.012425e+01 cycle=78 time=1.203125e+00 dt=1.562500e-02
elapsed=1.085041e+01 cycle=79 time=1.218750e+00 dt=1.562500e-02
elapsed=1.158806e+01 cycle=80 time=1.234375e+00 dt=1.562500e-02
elapsed=1.232802e+01 cycle=81 time=1.250000e+00 dt=1.562500e-02
elapsed=1.313395e+01 cycle=82 time=1.265625e+00 dt=1.562500e-02
elapsed=1.390856e+01 cycle=83 time=1.281250e+00 dt=1.562500e-02
elapsed=1.467042e+01 cycle=84 time=1.296875e+00 dt=1.562500e-02
elapsed=1.539203e+01 cycle=85 time=1.312500e+00 dt=1.562500e-02
elapsed=1.607963e+01 cycle=86 time=1.328125e+00 dt=1.562500e-02
elapsed=1.687219e+01 cycle=87 time=1.343750e+00 dt=1.562500e-02
elapsed=1.770026e+01 cycle=88 time=1.359375e+00 dt=1.562500e-02
elapsed=1.836347e+01 cycle=89 time=1.375000e+00 dt=1.562500e-02
elapsed=1.913825e+01 cycle=90 time=1.390625e+00 dt=1.562500e-02
elapsed=1.985092e+01 cycle=91 time=1.406250e+00 dt=1.562500e-02
elapsed=2.054883e+01 cycle=92 time=1.421875e+00 dt=1.562500e-02
elapsed=2.133594e+01 cycle=93 time=1.437500e+00 dt=1.562500e-02
elapsed=2.208382e+01 cycle=94 time=1.453125e+00 dt=1.562500e-02
elapsed=2.278288e+01 cycle=95 time=1.468750e+00 dt=1.562500e-02
elapsed=2.347958e+01 cycle=96 time=1.484375e+00 dt=1.562500e-02
elapsed=2.420723e+01 cycle=97 time=1.500000e+00 dt=1.562500e-02
elapsed=2.496005e+01 cycle=98 time=1.515625e+00 dt=1.562500e-02
elapsed=2.564002e+01 cycle=99 time=1.531250e+00 dt=1.562500e-02
elapsed=2.634138e+01 cycle=100 time=1.546875e+00 dt=1.562500e-02
elapsed=2.700821e+01 cycle=101 time=1.562500e+00 dt=1.562500e-02
elapsed=2.767527e+01 cycle=102 time=1.578125e+00 dt=1.562500e-02
elapsed=2.835865e+01 cycle=103 time=1.593750e+00 dt=1.562500e-02
elapsed=2.914103e+01 cycle=104 time=1.609375e+00 dt=1.562500e-02
elapsed=2.982890e+01 cycle=105 time=1.625000e+00 dt=1.562500e-02
elapsed=3.055552e+01 cycle=106 time=1.640625e+00 dt=1.562500e-02
elapsed=3.133774e+01 cycle=107 time=1.656250e+00 dt=1.562500e-02
elapsed=3.201030e+01 cycle=108 time=1.671875e+00 dt=1.562500e-02
elapsed=3.273808e+01 cycle=109 time=1.687500e+00 dt=1.562500e-02
elapsed=3.348481e+01 cycle=110 time=1.703125e+00 dt=1.562500e-02
elapsed=3.421603e+01 cycle=111 time=1.718750e+00 dt=1.562500e-02
elapsed=3.492490e+01 cycle=112 time=1.734375e+00 dt=1.562500e-02
elapsed=3.561543e+01 cycle=113 time=1.750000e+00 dt=1.562500e-02
elapsed=3.635484e+01 cycle=114 time=1.765625e+00 dt=1.562500e-02
elapsed=3.708751e+01 cycle=115 time=1.781250e+00 dt=1.562500e-02
elapsed=3.779031e+01 cycle=116 time=1.796875e+00 dt=1.562500e-02
elapsed=3.848362e+01 cycle=117 time=1.812500e+00 dt=1.562500e-02
elapsed=3.919541e+01 cycle=118 time=1.828125e+00 dt=1.562500e-02
elapsed=3.986815e+01 cycle=119 time=1.843750e+00 dt=1.562500e-02
elapsed=4.057852e+01 cycle=120 time=1.859375e+00 dt=1.562500e-02
elapsed=4.133785e+01 cycle=121 time=1.875000e+00 dt=1.562500e-02
elapsed=4.207648e+01 cycle=122 time=1.890625e+00 dt=1.562500e-02
elapsed=4.285679e+01 cycle=123 time=1.906250e+00 dt=1.562500e-02
elapsed=4.363563e+01 cycle=124 time=1.921875e+00 dt=1.562500e-02
elapsed=4.431122e+01 cycle=125 time=1.937500e+00 dt=1.562500e-02
elapsed=4.506911e+01 cycle=126 time=1.953125e+00 dt=1.562500e-02
elapsed=4.578812e+01 cycle=127 time=1.968750e+00 dt=1.562500e-02
elapsed=4.651530e+01 cycle=128 time=1.984375e+00 dt=1.562500e-02
elapsed=4.737211e+01 cycle=129 time=2.000000e+00 dt=1.562500e-02

Terminating on time limit
time=2.000000e+00 cycle=129
tlim=2.000000e+00 nlim=-1

MeshBlock-cycles = 11264
cpu time used  = 4.664936e+01
zone-cycles/cpu_second = 1.236280e+05
particle-updates/cpu_second = 0.000000e+00
