
Root grid = 2 x 2 x 2 MeshBlocks
Total number of MeshBlocks = 400
Number of logical  levels of refinement = 8 (9 levels total)
Number of physical levels of refinement = 7 (8 levels total)
  Physical level = 1 (logical level = 2): 56 MeshBlocks, cost = 56
  Physical level = 2 (logical level = 3): 56 MeshBlocks, cost = 56
  Physical level = 3 (logical level = 4): 56 MeshBlocks, cost = 56
  Physical level = 4 (logical level = 5): 56 MeshBlocks, cost = 56
  Physical level = 5 (logical level = 6): 56 MeshBlocks, cost = 56
  Physical level = 6 (logical level = 7): 56 MeshBlocks, cost = 56
  Physical level = 7 (logical level = 8): 64 MeshBlocks, cost = 64
Number of parallel ranks = 1
Research qualification execution backend: Cuda
PC-GH ADM initialization: min unguarded w=0.0217958, division_floor=1e-14, guarded cells=0
PC-GH one-puncture zero-step geometry: blocks=400 finest spacing=(0.1,0.1,0.1)

Setup complete, executing task list(s)...

elapsed=1.151011e+00 cycle=0 time=0.000000e+00 dt=1.250000e-02
elapsed=1.756515e+00 cycle=1 time=1.250000e-02 dt=1.250000e-02
elapsed=2.354533e+00 cycle=2 time=2.500000e-02 dt=1.250000e-02
elapsed=2.952849e+00 cycle=3 time=3.750000e-02 dt=1.250000e-02
elapsed=3.543798e+00 cycle=4 time=5.000000e-02 dt=1.250000e-02
elapsed=4.129190e+00 cycle=5 time=6.250000e-02 dt=1.250000e-02
elapsed=4.712412e+00 cycle=6 time=7.500000e-02 dt=1.250000e-02
elapsed=5.298834e+00 cycle=7 time=8.750000e-02 dt=1.250000e-02
elapsed=5.889391e+00 cycle=8 time=1.000000e-01 dt=1.250000e-02
elapsed=6.478323e+00 cycle=9 time=1.125000e-01 dt=1.250000e-02
elapsed=7.071018e+00 cycle=10 time=1.250000e-01 dt=1.250000e-02
elapsed=7.657263e+00 cycle=11 time=1.375000e-01 dt=1.250000e-02
elapsed=8.239847e+00 cycle=12 time=1.500000e-01 dt=1.250000e-02
elapsed=8.821751e+00 cycle=13 time=1.625000e-01 dt=1.250000e-02
elapsed=9.406467e+00 cycle=14 time=1.750000e-01 dt=1.250000e-02
elapsed=9.998974e+00 cycle=15 time=1.875000e-01 dt=1.250000e-02
elapsed=1.059012e+01 cycle=16 time=2.000000e-01 dt=1.250000e-02
elapsed=1.118180e+01 cycle=17 time=2.125000e-01 dt=1.250000e-02
elapsed=1.176853e+01 cycle=18 time=2.250000e-01 dt=1.250000e-02
elapsed=1.234924e+01 cycle=19 time=2.375000e-01 dt=1.250000e-02
elapsed=1.314699e+01 cycle=20 time=2.500000e-01 dt=1.250000e-02
elapsed=1.373175e+01 cycle=21 time=2.625000e-01 dt=1.250000e-02
elapsed=1.432426e+01 cycle=22 time=2.750000e-01 dt=1.250000e-02
elapsed=1.491566e+01 cycle=23 time=2.875000e-01 dt=1.250000e-02
elapsed=1.550688e+01 cycle=24 time=3.000000e-01 dt=1.250000e-02
elapsed=1.609007e+01 cycle=25 time=3.125000e-01 dt=1.250000e-02
elapsed=1.667233e+01 cycle=26 time=3.250000e-01 dt=1.250000e-02
elapsed=1.725247e+01 cycle=27 time=3.375000e-01 dt=1.250000e-02
elapsed=1.784374e+01 cycle=28 time=3.500000e-01 dt=1.250000e-02
elapsed=1.844624e+01 cycle=29 time=3.625000e-01 dt=1.250000e-02
elapsed=1.905700e+01 cycle=30 time=3.750000e-01 dt=1.250000e-02
elapsed=1.966496e+01 cycle=31 time=3.875000e-01 dt=1.250000e-02
elapsed=2.025744e+01 cycle=32 time=4.000000e-01 dt=1.250000e-02
elapsed=2.083855e+01 cycle=33 time=4.125000e-01 dt=1.250000e-02
elapsed=2.142012e+01 cycle=34 time=4.250000e-01 dt=1.250000e-02
elapsed=2.201256e+01 cycle=35 time=4.375000e-01 dt=1.250000e-02
elapsed=2.261510e+01 cycle=36 time=4.500000e-01 dt=1.250000e-02
elapsed=2.321804e+01 cycle=37 time=4.625000e-01 dt=1.250000e-02
elapsed=2.381070e+01 cycle=38 time=4.750000e-01 dt=1.250000e-02
elapsed=2.439284e+01 cycle=39 time=4.875000e-01 dt=1.250000e-02
elapsed=2.536110e+01 cycle=40 time=5.000000e-01 dt=1.250000e-02
elapsed=2.594343e+01 cycle=41 time=5.125000e-01 dt=1.250000e-02
elapsed=2.653174e+01 cycle=42 time=5.250000e-01 dt=1.250000e-02
elapsed=2.711973e+01 cycle=43 time=5.375000e-01 dt=1.250000e-02
elapsed=2.771348e+01 cycle=44 time=5.500000e-01 dt=1.250000e-02
elapsed=2.830374e+01 cycle=45 time=5.625000e-01 dt=1.250000e-02
elapsed=2.888543e+01 cycle=46 time=5.750000e-01 dt=1.250000e-02
elapsed=2.946479e+01 cycle=47 time=5.875000e-01 dt=1.250000e-02
elapsed=3.004560e+01 cycle=48 time=6.000000e-01 dt=1.250000e-02
elapsed=3.063031e+01 cycle=49 time=6.125000e-01 dt=1.250000e-02
elapsed=3.121800e+01 cycle=50 time=6.250000e-01 dt=1.250000e-02
elapsed=3.180598e+01 cycle=51 time=6.375000e-01 dt=1.250000e-02
elapsed=3.239690e+01 cycle=52 time=6.500000e-01 dt=1.250000e-02
elapsed=3.297716e+01 cycle=53 time=6.625000e-01 dt=1.250000e-02
elapsed=3.355804e+01 cycle=54 time=6.750000e-01 dt=1.250000e-02
elapsed=3.413586e+01 cycle=55 time=6.875000e-01 dt=1.250000e-02
elapsed=3.472546e+01 cycle=56 time=7.000000e-01 dt=1.250000e-02
elapsed=3.531088e+01 cycle=57 time=7.125000e-01 dt=1.250000e-02
elapsed=3.590676e+01 cycle=58 time=7.250000e-01 dt=1.250000e-02
elapsed=3.650251e+01 cycle=59 time=7.375000e-01 dt=1.250000e-02
elapsed=3.730123e+01 cycle=60 time=7.500000e-01 dt=1.250000e-02
elapsed=3.788063e+01 cycle=61 time=7.625000e-01 dt=1.250000e-02
elapsed=3.845970e+01 cycle=62 time=7.750000e-01 dt=1.250000e-02
elapsed=3.904825e+01 cycle=63 time=7.875000e-01 dt=1.250000e-02
elapsed=3.963476e+01 cycle=64 time=8.000000e-01 dt=1.250000e-02
elapsed=4.022194e+01 cycle=65 time=8.125000e-01 dt=1.250000e-02
elapsed=4.080955e+01 cycle=66 time=8.250000e-01 dt=1.250000e-02
elapsed=4.138877e+01 cycle=67 time=8.375000e-01 dt=1.250000e-02
elapsed=4.196858e+01 cycle=68 time=8.500000e-01 dt=1.250000e-02
elapsed=4.254659e+01 cycle=69 time=8.625000e-01 dt=1.250000e-02
elapsed=4.314510e+01 cycle=70 time=8.750000e-01 dt=1.250000e-02
elapsed=4.374377e+01 cycle=71 time=8.875000e-01 dt=1.250000e-02
elapsed=4.434640e+01 cycle=72 time=9.000000e-01 dt=1.250000e-02
elapsed=4.493491e+01 cycle=73 time=9.125000e-01 dt=1.250000e-02
elapsed=4.551536e+01 cycle=74 time=9.250000e-01 dt=1.250000e-02
elapsed=4.609464e+01 cycle=75 time=9.375000e-01 dt=1.250000e-02
elapsed=4.667394e+01 cycle=76 time=9.500000e-01 dt=1.250000e-02
elapsed=4.726732e+01 cycle=77 time=9.625000e-01 dt=1.250000e-02
elapsed=4.785936e+01 cycle=78 time=9.750000e-01 dt=1.250000e-02
elapsed=4.845119e+01 cycle=79 time=9.875000e-01 dt=1.250000e-02
elapsed=4.976875e+01 cycle=80 time=1.000000e+00 dt=1.250000e-02
elapsed=5.034913e+01 cycle=81 time=1.012500e+00 dt=1.250000e-02
elapsed=5.093635e+01 cycle=82 time=1.025000e+00 dt=1.250000e-02
elapsed=5.152017e+01 cycle=83 time=1.037500e+00 dt=1.250000e-02
elapsed=5.210866e+01 cycle=84 time=1.050000e+00 dt=1.250000e-02
elapsed=5.269829e+01 cycle=85 time=1.062500e+00 dt=1.250000e-02
elapsed=5.328800e+01 cycle=86 time=1.075000e+00 dt=1.250000e-02
elapsed=5.387213e+01 cycle=87 time=1.087500e+00 dt=1.250000e-02
elapsed=5.445430e+01 cycle=88 time=1.100000e+00 dt=1.250000e-02
elapsed=5.503553e+01 cycle=89 time=1.112500e+00 dt=1.250000e-02
elapsed=5.562724e+01 cycle=90 time=1.125000e+00 dt=1.250000e-02
elapsed=5.622915e+01 cycle=91 time=1.137500e+00 dt=1.250000e-02
elapsed=5.682255e+01 cycle=92 time=1.150000e+00 dt=1.250000e-02
elapsed=5.741286e+01 cycle=93 time=1.162500e+00 dt=1.250000e-02
elapsed=5.800448e+01 cycle=94 time=1.175000e+00 dt=1.250000e-02
elapsed=5.858491e+01 cycle=95 time=1.187500e+00 dt=1.250000e-02
elapsed=5.917084e+01 cycle=96 time=1.200000e+00 dt=1.250000e-02
elapsed=5.976313e+01 cycle=97 time=1.212500e+00 dt=1.250000e-02
elapsed=6.037012e+01 cycle=98 time=1.225000e+00 dt=1.250000e-02
elapsed=6.096875e+01 cycle=99 time=1.237500e+00 dt=1.250000e-02
elapsed=6.177476e+01 cycle=100 time=1.250000e+00 dt=1.250000e-02
elapsed=6.236093e+01 cycle=101 time=1.262500e+00 dt=1.250000e-02
elapsed=6.294266e+01 cycle=102 time=1.275000e+00 dt=1.250000e-02
elapsed=6.352197e+01 cycle=103 time=1.287500e+00 dt=1.250000e-02
elapsed=6.411011e+01 cycle=104 time=1.300000e+00 dt=1.250000e-02
elapsed=6.469575e+01 cycle=105 time=1.312500e+00 dt=1.250000e-02
elapsed=6.528500e+01 cycle=106 time=1.325000e+00 dt=1.250000e-02
elapsed=6.587500e+01 cycle=107 time=1.337500e+00 dt=1.250000e-02
elapsed=6.646151e+01 cycle=108 time=1.350000e+00 dt=1.250000e-02
elapsed=6.704230e+01 cycle=109 time=1.362500e+00 dt=1.250000e-02
elapsed=6.762327e+01 cycle=110 time=1.375000e+00 dt=1.250000e-02
elapsed=6.820860e+01 cycle=111 time=1.387500e+00 dt=1.250000e-02
elapsed=6.879624e+01 cycle=112 time=1.400000e+00 dt=1.250000e-02
elapsed=6.938438e+01 cycle=113 time=1.412500e+00 dt=1.250000e-02
elapsed=6.997648e+01 cycle=114 time=1.425000e+00 dt=1.250000e-02
elapsed=7.055872e+01 cycle=115 time=1.437500e+00 dt=1.250000e-02
elapsed=7.114124e+01 cycle=116 time=1.450000e+00 dt=1.250000e-02
elapsed=7.172128e+01 cycle=117 time=1.462500e+00 dt=1.250000e-02
elapsed=7.231416e+01 cycle=118 time=1.475000e+00 dt=1.250000e-02
elapsed=7.290055e+01 cycle=119 time=1.487500e+00 dt=1.250000e-02
elapsed=7.387580e+01 cycle=120 time=1.500000e+00 dt=1.250000e-02
elapsed=7.446727e+01 cycle=121 time=1.512500e+00 dt=1.250000e-02
elapsed=7.507124e+01 cycle=122 time=1.525000e+00 dt=1.250000e-02
elapsed=7.565229e+01 cycle=123 time=1.537500e+00 dt=1.250000e-02
elapsed=7.623677e+01 cycle=124 time=1.550000e+00 dt=1.250000e-02
elapsed=7.682842e+01 cycle=125 time=1.562500e+00 dt=1.250000e-02
elapsed=7.742957e+01 cycle=126 time=1.575000e+00 dt=1.250000e-02
elapsed=7.802369e+01 cycle=127 time=1.587500e+00 dt=1.250000e-02
elapsed=7.861341e+01 cycle=128 time=1.600000e+00 dt=1.250000e-02
elapsed=7.922207e+01 cycle=129 time=1.612500e+00 dt=1.250000e-02
elapsed=7.980184e+01 cycle=130 time=1.625000e+00 dt=1.250000e-02
elapsed=8.037988e+01 cycle=131 time=1.637500e+00 dt=1.250000e-02
elapsed=8.096762e+01 cycle=132 time=1.650000e+00 dt=1.250000e-02
elapsed=8.156513e+01 cycle=133 time=1.662500e+00 dt=1.250000e-02
elapsed=8.216495e+01 cycle=134 time=1.675000e+00 dt=1.250000e-02
elapsed=8.275073e+01 cycle=135 time=1.687500e+00 dt=1.250000e-02
elapsed=8.333174e+01 cycle=136 time=1.700000e+00 dt=1.250000e-02
elapsed=8.390978e+01 cycle=137 time=1.712500e+00 dt=1.250000e-02
elapsed=8.448872e+01 cycle=138 time=1.725000e+00 dt=1.250000e-02
elapsed=8.508884e+01 cycle=139 time=1.737500e+00 dt=1.250000e-02
elapsed=8.589327e+01 cycle=140 time=1.750000e+00 dt=1.250000e-02
elapsed=8.649110e+01 cycle=141 time=1.762500e+00 dt=1.250000e-02
elapsed=8.707894e+01 cycle=142 time=1.775000e+00 dt=1.250000e-02
elapsed=8.766246e+01 cycle=143 time=1.787500e+00 dt=1.250000e-02
elapsed=8.824157e+01 cycle=144 time=1.800000e+00 dt=1.250000e-02
elapsed=8.882432e+01 cycle=145 time=1.812500e+00 dt=1.250000e-02
elapsed=8.942225e+01 cycle=146 time=1.825000e+00 dt=1.250000e-02
elapsed=9.002007e+01 cycle=147 time=1.837500e+00 dt=1.250000e-02
elapsed=9.060960e+01 cycle=148 time=1.850000e+00 dt=1.250000e-02
elapsed=9.119240e+01 cycle=149 time=1.862500e+00 dt=1.250000e-02
elapsed=9.177252e+01 cycle=150 time=1.875000e+00 dt=1.250000e-02
elapsed=9.235027e+01 cycle=151 time=1.887500e+00 dt=1.250000e-02
elapsed=9.293826e+01 cycle=152 time=1.900000e+00 dt=1.250000e-02
elapsed=9.353491e+01 cycle=153 time=1.912500e+00 dt=1.250000e-02
elapsed=9.413451e+01 cycle=154 time=1.925000e+00 dt=1.250000e-02
elapsed=9.472281e+01 cycle=155 time=1.937500e+00 dt=1.250000e-02
elapsed=9.530731e+01 cycle=156 time=1.950000e+00 dt=1.250000e-02
elapsed=9.588568e+01 cycle=157 time=1.962500e+00 dt=1.250000e-02
elapsed=9.646627e+01 cycle=158 time=1.975000e+00 dt=1.250000e-02
elapsed=9.705507e+01 cycle=159 time=1.987500e+00 dt=1.250000e-02
elapsed=9.838608e+01 cycle=160 time=2.000000e+00 dt=1.250000e-02
elapsed=9.897752e+01 cycle=161 time=2.012500e+00 dt=1.250000e-02
elapsed=9.956978e+01 cycle=162 time=2.025000e+00 dt=1.250000e-02
elapsed=1.001503e+02 cycle=163 time=2.037500e+00 dt=1.250000e-02
elapsed=1.007301e+02 cycle=164 time=2.050000e+00 dt=1.250000e-02
elapsed=1.013087e+02 cycle=165 time=2.062500e+00 dt=1.250000e-02
elapsed=1.019002e+02 cycle=166 time=2.075000e+00 dt=1.250000e-02
elapsed=1.024970e+02 cycle=167 time=2.087500e+00 dt=1.250000e-02
elapsed=1.030971e+02 cycle=168 time=2.100000e+00 dt=1.250000e-02
elapsed=1.036940e+02 cycle=169 time=2.112500e+00 dt=1.250000e-02
elapsed=1.042778e+02 cycle=170 time=2.125000e+00 dt=1.250000e-02
elapsed=1.048608e+02 cycle=171 time=2.137500e+00 dt=1.250000e-02
elapsed=1.054497e+02 cycle=172 time=2.150000e+00 dt=1.250000e-02
elapsed=1.060434e+02 cycle=173 time=2.162500e+00 dt=1.250000e-02
elapsed=1.066374e+02 cycle=174 time=2.175000e+00 dt=1.250000e-02
elapsed=1.072294e+02 cycle=175 time=2.187500e+00 dt=1.250000e-02
elapsed=1.078221e+02 cycle=176 time=2.200000e+00 dt=1.250000e-02
elapsed=1.084053e+02 cycle=177 time=2.212500e+00 dt=1.250000e-02
elapsed=1.089926e+02 cycle=178 time=2.225000e+00 dt=1.250000e-02
elapsed=1.096010e+02 cycle=179 time=2.237500e+00 dt=1.250000e-02
elapsed=1.104051e+02 cycle=180 time=2.250000e+00 dt=1.250000e-02
elapsed=1.109926e+02 cycle=181 time=2.262500e+00 dt=1.250000e-02
elapsed=1.115847e+02 cycle=182 time=2.275000e+00 dt=1.250000e-02
elapsed=1.121731e+02 cycle=183 time=2.287500e+00 dt=1.250000e-02
elapsed=1.127578e+02 cycle=184 time=2.300000e+00 dt=1.250000e-02
elapsed=1.133372e+02 cycle=185 time=2.312500e+00 dt=1.250000e-02
elapsed=1.139176e+02 cycle=186 time=2.325000e+00 dt=1.250000e-02
elapsed=1.145071e+02 cycle=187 time=2.337500e+00 dt=1.250000e-02
elapsed=1.151093e+02 cycle=188 time=2.350000e+00 dt=1.250000e-02
elapsed=1.156990e+02 cycle=189 time=2.362500e+00 dt=1.250000e-02
elapsed=1.162882e+02 cycle=190 time=2.375000e+00 dt=1.250000e-02
elapsed=1.168690e+02 cycle=191 time=2.387500e+00 dt=1.250000e-02
elapsed=1.174504e+02 cycle=192 time=2.400000e+00 dt=1.250000e-02
elapsed=1.180297e+02 cycle=193 time=2.412500e+00 dt=1.250000e-02
elapsed=1.186302e+02 cycle=194 time=2.425000e+00 dt=1.250000e-02
elapsed=1.192315e+02 cycle=195 time=2.437500e+00 dt=1.250000e-02
elapsed=1.198285e+02 cycle=196 time=2.450000e+00 dt=1.250000e-02
elapsed=1.204161e+02 cycle=197 time=2.462500e+00 dt=1.250000e-02
elapsed=1.209987e+02 cycle=198 time=2.475000e+00 dt=1.250000e-02
elapsed=1.215800e+02 cycle=199 time=2.487500e+00 dt=1.250000e-02
elapsed=1.225490e+02 cycle=200 time=2.500000e+00 dt=1.250000e-02
elapsed=1.231373e+02 cycle=201 time=2.512500e+00 dt=1.250000e-02
elapsed=1.237320e+02 cycle=202 time=2.525000e+00 dt=1.250000e-02
elapsed=1.243233e+02 cycle=203 time=2.537500e+00 dt=1.250000e-02
elapsed=1.249136e+02 cycle=204 time=2.550000e+00 dt=1.250000e-02
elapsed=1.254960e+02 cycle=205 time=2.562500e+00 dt=1.250000e-02
elapsed=1.260786e+02 cycle=206 time=2.575000e+00 dt=1.250000e-02
elapsed=1.266665e+02 cycle=207 time=2.587500e+00 dt=1.250000e-02
elapsed=1.272686e+02 cycle=208 time=2.600000e+00 dt=1.250000e-02
elapsed=1.278668e+02 cycle=209 time=2.612500e+00 dt=1.250000e-02
elapsed=1.284611e+02 cycle=210 time=2.625000e+00 dt=1.250000e-02
elapsed=1.290459e+02 cycle=211 time=2.637500e+00 dt=1.250000e-02
elapsed=1.296267e+02 cycle=212 time=2.650000e+00 dt=1.250000e-02
elapsed=1.302053e+02 cycle=213 time=2.662500e+00 dt=1.250000e-02
elapsed=1.307891e+02 cycle=214 time=2.675000e+00 dt=1.250000e-02
elapsed=1.313749e+02 cycle=215 time=2.687500e+00 dt=1.250000e-02
elapsed=1.319631e+02 cycle=216 time=2.700000e+00 dt=1.250000e-02
elapsed=1.325514e+02 cycle=217 time=2.712500e+00 dt=1.250000e-02
elapsed=1.331350e+02 cycle=218 time=2.725000e+00 dt=1.250000e-02
elapsed=1.337141e+02 cycle=219 time=2.737500e+00 dt=1.250000e-02
elapsed=1.345096e+02 cycle=220 time=2.750000e+00 dt=1.250000e-02
elapsed=1.351048e+02 cycle=221 time=2.762500e+00 dt=1.250000e-02
elapsed=1.356910e+02 cycle=222 time=2.775000e+00 dt=1.250000e-02
elapsed=1.362786e+02 cycle=223 time=2.787500e+00 dt=1.250000e-02
elapsed=1.368704e+02 cycle=224 time=2.800000e+00 dt=1.250000e-02
elapsed=1.374517e+02 cycle=225 time=2.812500e+00 dt=1.250000e-02
elapsed=1.380320e+02 cycle=226 time=2.825000e+00 dt=1.250000e-02
elapsed=1.386104e+02 cycle=227 time=2.837500e+00 dt=1.250000e-02
elapsed=1.392148e+02 cycle=228 time=2.850000e+00 dt=1.250000e-02
elapsed=1.398007e+02 cycle=229 time=2.862500e+00 dt=1.250000e-02
elapsed=1.403916e+02 cycle=230 time=2.875000e+00 dt=1.250000e-02
elapsed=1.409800e+02 cycle=231 time=2.887500e+00 dt=1.250000e-02
elapsed=1.415608e+02 cycle=232 time=2.900000e+00 dt=1.250000e-02
elapsed=1.421399e+02 cycle=233 time=2.912500e+00 dt=1.250000e-02
elapsed=1.427200e+02 cycle=234 time=2.925000e+00 dt=1.250000e-02
elapsed=1.433158e+02 cycle=235 time=2.937500e+00 dt=1.250000e-02
elapsed=1.439093e+02 cycle=236 time=2.950000e+00 dt=1.250000e-02
elapsed=1.445085e+02 cycle=237 time=2.962500e+00 dt=1.250000e-02
elapsed=1.451021e+02 cycle=238 time=2.975000e+00 dt=1.250000e-02
elapsed=1.456849e+02 cycle=239 time=2.987500e+00 dt=1.250000e-02
elapsed=1.469901e+02 cycle=240 time=3.000000e+00 dt=1.250000e-02
elapsed=1.475711e+02 cycle=241 time=3.012500e+00 dt=1.250000e-02
elapsed=1.481644e+02 cycle=242 time=3.025000e+00 dt=1.250000e-02
elapsed=1.487541e+02 cycle=243 time=3.037500e+00 dt=1.250000e-02
elapsed=1.493483e+02 cycle=244 time=3.050000e+00 dt=1.250000e-02
elapsed=1.499371e+02 cycle=245 time=3.062500e+00 dt=1.250000e-02
elapsed=1.505207e+02 cycle=246 time=3.075000e+00 dt=1.250000e-02
elapsed=1.510986e+02 cycle=247 time=3.087500e+00 dt=1.250000e-02
elapsed=1.516771e+02 cycle=248 time=3.100000e+00 dt=1.250000e-02
elapsed=1.522670e+02 cycle=249 time=3.112500e+00 dt=1.250000e-02
elapsed=1.528546e+02 cycle=250 time=3.125000e+00 dt=1.250000e-02
elapsed=1.534432e+02 cycle=251 time=3.137500e+00 dt=1.250000e-02
elapsed=1.540360e+02 cycle=252 time=3.150000e+00 dt=1.250000e-02
elapsed=1.546246e+02 cycle=253 time=3.162500e+00 dt=1.250000e-02
elapsed=1.552062e+02 cycle=254 time=3.175000e+00 dt=1.250000e-02
elapsed=1.557872e+02 cycle=255 time=3.187500e+00 dt=1.250000e-02
elapsed=1.563810e+02 cycle=256 time=3.200000e+00 dt=1.250000e-02
elapsed=1.569684e+02 cycle=257 time=3.212500e+00 dt=1.250000e-02
elapsed=1.575603e+02 cycle=258 time=3.225000e+00 dt=1.250000e-02
elapsed=1.581473e+02 cycle=259 time=3.237500e+00 dt=1.250000e-02
elapsed=1.589440e+02 cycle=260 time=3.250000e+00 dt=1.250000e-02
elapsed=1.595244e+02 cycle=261 time=3.262500e+00 dt=1.250000e-02
elapsed=1.601109e+02 cycle=262 time=3.275000e+00 dt=1.250000e-02
elapsed=1.606987e+02 cycle=263 time=3.287500e+00 dt=1.250000e-02
elapsed=1.612890e+02 cycle=264 time=3.300000e+00 dt=1.250000e-02
elapsed=1.618810e+02 cycle=265 time=3.312500e+00 dt=1.250000e-02
elapsed=1.624685e+02 cycle=266 time=3.325000e+00 dt=1.250000e-02
elapsed=1.630496e+02 cycle=267 time=3.337500e+00 dt=1.250000e-02
elapsed=1.636314e+02 cycle=268 time=3.350000e+00 dt=1.250000e-02
elapsed=1.642191e+02 cycle=269 time=3.362500e+00 dt=1.250000e-02
elapsed=1.648108e+02 cycle=270 time=3.375000e+00 dt=1.250000e-02
elapsed=1.654069e+02 cycle=271 time=3.387500e+00 dt=1.250000e-02
elapsed=1.660147e+02 cycle=272 time=3.400000e+00 dt=1.250000e-02
elapsed=1.666062e+02 cycle=273 time=3.412500e+00 dt=1.250000e-02
elapsed=1.671910e+02 cycle=274 time=3.425000e+00 dt=1.250000e-02
elapsed=1.677725e+02 cycle=275 time=3.437500e+00 dt=1.250000e-02
elapsed=1.683605e+02 cycle=276 time=3.450000e+00 dt=1.250000e-02
elapsed=1.689539e+02 cycle=277 time=3.462500e+00 dt=1.250000e-02
elapsed=1.695555e+02 cycle=278 time=3.475000e+00 dt=1.250000e-02
elapsed=1.701474e+02 cycle=279 time=3.487500e+00 dt=1.250000e-02
elapsed=1.711175e+02 cycle=280 time=3.500000e+00 dt=1.250000e-02
elapsed=1.716994e+02 cycle=281 time=3.512500e+00 dt=1.250000e-02
elapsed=1.722813e+02 cycle=282 time=3.525000e+00 dt=1.250000e-02
elapsed=1.728675e+02 cycle=283 time=3.537500e+00 dt=1.250000e-02
elapsed=1.734605e+02 cycle=284 time=3.550000e+00 dt=1.250000e-02
elapsed=1.740505e+02 cycle=285 time=3.562500e+00 dt=1.250000e-02
elapsed=1.746440e+02 cycle=286 time=3.575000e+00 dt=1.250000e-02
elapsed=1.752264e+02 cycle=287 time=3.587500e+00 dt=1.250000e-02
elapsed=1.758089e+02 cycle=288 time=3.600000e+00 dt=1.250000e-02
elapsed=1.763888e+02 cycle=289 time=3.612500e+00 dt=1.250000e-02
elapsed=1.769776e+02 cycle=290 time=3.625000e+00 dt=1.250000e-02
elapsed=1.775686e+02 cycle=291 time=3.637500e+00 dt=1.250000e-02
elapsed=1.781596e+02 cycle=292 time=3.650000e+00 dt=1.250000e-02
elapsed=1.787491e+02 cycle=293 time=3.662500e+00 dt=1.250000e-02
elapsed=1.793297e+02 cycle=294 time=3.675000e+00 dt=1.250000e-02
elapsed=1.799084e+02 cycle=295 time=3.687500e+00 dt=1.250000e-02
elapsed=1.804894e+02 cycle=296 time=3.700000e+00 dt=1.250000e-02
elapsed=1.810772e+02 cycle=297 time=3.712500e+00 dt=1.250000e-02
elapsed=1.816642e+02 cycle=298 time=3.725000e+00 dt=1.250000e-02
elapsed=1.822515e+02 cycle=299 time=3.737500e+00 dt=1.250000e-02
elapsed=1.830538e+02 cycle=300 time=3.750000e+00 dt=1.250000e-02
elapsed=1.836341e+02 cycle=301 time=3.762500e+00 dt=1.250000e-02
elapsed=1.842143e+02 cycle=302 time=3.775000e+00 dt=1.250000e-02
elapsed=1.847923e+02 cycle=303 time=3.787500e+00 dt=1.250000e-02
elapsed=1.853939e+02 cycle=304 time=3.800000e+00 dt=1.250000e-02
elapsed=1.859957e+02 cycle=305 time=3.812500e+00 dt=1.250000e-02
elapsed=1.865926e+02 cycle=306 time=3.825000e+00 dt=1.250000e-02
elapsed=1.871775e+02 cycle=307 time=3.837500e+00 dt=1.250000e-02
elapsed=1.877591e+02 cycle=308 time=3.850000e+00 dt=1.250000e-02
elapsed=1.883390e+02 cycle=309 time=3.862500e+00 dt=1.250000e-02
elapsed=1.889226e+02 cycle=310 time=3.875000e+00 dt=1.250000e-02
elapsed=1.895079e+02 cycle=311 time=3.887500e+00 dt=1.250000e-02
elapsed=1.900964e+02 cycle=312 time=3.900000e+00 dt=1.250000e-02
elapsed=1.906868e+02 cycle=313 time=3.912500e+00 dt=1.250000e-02
elapsed=1.912712e+02 cycle=314 time=3.925000e+00 dt=1.250000e-02
elapsed=1.918506e+02 cycle=315 time=3.937500e+00 dt=1.250000e-02
elapsed=1.924299e+02 cycle=316 time=3.950000e+00 dt=1.250000e-02
elapsed=1.930167e+02 cycle=317 time=3.962500e+00 dt=1.250000e-02
elapsed=1.936165e+02 cycle=318 time=3.975000e+00 dt=1.250000e-02
elapsed=1.942160e+02 cycle=319 time=3.987500e+00 dt=1.250000e-02
elapsed=1.955461e+02 cycle=320 time=4.000000e+00 dt=1.250000e-02
elapsed=1.961295e+02 cycle=321 time=4.012500e+00 dt=1.250000e-02
elapsed=1.967097e+02 cycle=322 time=4.025000e+00 dt=1.250000e-02
elapsed=1.972873e+02 cycle=323 time=4.037500e+00 dt=1.250000e-02
elapsed=1.978730e+02 cycle=324 time=4.050000e+00 dt=1.250000e-02
elapsed=1.984594e+02 cycle=325 time=4.062500e+00 dt=1.250000e-02
elapsed=1.990567e+02 cycle=326 time=4.075000e+00 dt=1.250000e-02
elapsed=1.996619e+02 cycle=327 time=4.087500e+00 dt=1.250000e-02
elapsed=2.002428e+02 cycle=328 time=4.100000e+00 dt=1.250000e-02
elapsed=2.008213e+02 cycle=329 time=4.112500e+00 dt=1.250000e-02
elapsed=2.014000e+02 cycle=330 time=4.125000e+00 dt=1.250000e-02
elapsed=2.019957e+02 cycle=331 time=4.137500e+00 dt=1.250000e-02
elapsed=2.025937e+02 cycle=332 time=4.150000e+00 dt=1.250000e-02
elapsed=2.031830e+02 cycle=333 time=4.162500e+00 dt=1.250000e-02
elapsed=2.037777e+02 cycle=334 time=4.175000e+00 dt=1.250000e-02
elapsed=2.043603e+02 cycle=335 time=4.187500e+00 dt=1.250000e-02
elapsed=2.049424e+02 cycle=336 time=4.200000e+00 dt=1.250000e-02
elapsed=2.055225e+02 cycle=337 time=4.212500e+00 dt=1.250000e-02
elapsed=2.061229e+02 cycle=338 time=4.225000e+00 dt=1.250000e-02
elapsed=2.067200e+02 cycle=339 time=4.237500e+00 dt=1.250000e-02
elapsed=2.075267e+02 cycle=340 time=4.250000e+00 dt=1.250000e-02
elapsed=2.081158e+02 cycle=341 time=4.262500e+00 dt=1.250000e-02
elapsed=2.086990e+02 cycle=342 time=4.275000e+00 dt=1.250000e-02
elapsed=2.092792e+02 cycle=343 time=4.287500e+00 dt=1.250000e-02
elapsed=2.098600e+02 cycle=344 time=4.300000e+00 dt=1.250000e-02
elapsed=2.104484e+02 cycle=345 time=4.312500e+00 dt=1.250000e-02
elapsed=2.110374e+02 cycle=346 time=4.325000e+00 dt=1.250000e-02
elapsed=2.116280e+02 cycle=347 time=4.337500e+00 dt=1.250000e-02
elapsed=2.122182e+02 cycle=348 time=4.350000e+00 dt=1.250000e-02
elapsed=2.127999e+02 cycle=349 time=4.362500e+00 dt=1.250000e-02
elapsed=2.133833e+02 cycle=350 time=4.375000e+00 dt=1.250000e-02
elapsed=2.139702e+02 cycle=351 time=4.387500e+00 dt=1.250000e-02
elapsed=2.145693e+02 cycle=352 time=4.400000e+00 dt=1.250000e-02
elapsed=2.151604e+02 cycle=353 time=4.412500e+00 dt=1.250000e-02
elapsed=2.157760e+02 cycle=354 time=4.425000e+00 dt=1.250000e-02
elapsed=2.164122e+02 cycle=355 time=4.437500e+00 dt=1.250000e-02
elapsed=2.170026e+02 cycle=356 time=4.450000e+00 dt=1.250000e-02
elapsed=2.175908e+02 cycle=357 time=4.462500e+00 dt=1.250000e-02
elapsed=2.182028e+02 cycle=358 time=4.475000e+00 dt=1.250000e-02
elapsed=2.188496e+02 cycle=359 time=4.487500e+00 dt=1.250000e-02
elapsed=2.198702e+02 cycle=360 time=4.500000e+00 dt=1.250000e-02
elapsed=2.204765e+02 cycle=361 time=4.512500e+00 dt=1.250000e-02
elapsed=2.210633e+02 cycle=362 time=4.525000e+00 dt=1.250000e-02
elapsed=2.216459e+02 cycle=363 time=4.537500e+00 dt=1.250000e-02
elapsed=2.222289e+02 cycle=364 time=4.550000e+00 dt=1.250000e-02
elapsed=2.228201e+02 cycle=365 time=4.562500e+00 dt=1.250000e-02
elapsed=2.234147e+02 cycle=366 time=4.575000e+00 dt=1.250000e-02
elapsed=2.240077e+02 cycle=367 time=4.587500e+00 dt=1.250000e-02
elapsed=2.246029e+02 cycle=368 time=4.600000e+00 dt=1.250000e-02
elapsed=2.251890e+02 cycle=369 time=4.612500e+00 dt=1.250000e-02
elapsed=2.257728e+02 cycle=370 time=4.625000e+00 dt=1.250000e-02
elapsed=2.263550e+02 cycle=371 time=4.637500e+00 dt=1.250000e-02
elapsed=2.269508e+02 cycle=372 time=4.650000e+00 dt=1.250000e-02
elapsed=2.275447e+02 cycle=373 time=4.662500e+00 dt=1.250000e-02
elapsed=2.281416e+02 cycle=374 time=4.675000e+00 dt=1.250000e-02
elapsed=2.287322e+02 cycle=375 time=4.687500e+00 dt=1.250000e-02
elapsed=2.293329e+02 cycle=376 time=4.700000e+00 dt=1.250000e-02
elapsed=2.299116e+02 cycle=377 time=4.712500e+00 dt=1.250000e-02
elapsed=2.304915e+02 cycle=378 time=4.725000e+00 dt=1.250000e-02
elapsed=2.310824e+02 cycle=379 time=4.737500e+00 dt=1.250000e-02
elapsed=2.318892e+02 cycle=380 time=4.750000e+00 dt=1.250000e-02
elapsed=2.324805e+02 cycle=381 time=4.762500e+00 dt=1.250000e-02
elapsed=2.330705e+02 cycle=382 time=4.775000e+00 dt=1.250000e-02
elapsed=2.336500e+02 cycle=383 time=4.787500e+00 dt=1.250000e-02
elapsed=2.342309e+02 cycle=384 time=4.800000e+00 dt=1.250000e-02
elapsed=2.348114e+02 cycle=385 time=4.812500e+00 dt=1.250000e-02
elapsed=2.353992e+02 cycle=386 time=4.825000e+00 dt=1.250000e-02
elapsed=2.359890e+02 cycle=387 time=4.837500e+00 dt=1.250000e-02
elapsed=2.365801e+02 cycle=388 time=4.850000e+00 dt=1.250000e-02
elapsed=2.371643e+02 cycle=389 time=4.862500e+00 dt=1.250000e-02
elapsed=2.377469e+02 cycle=390 time=4.875000e+00 dt=1.250000e-02
elapsed=2.383249e+02 cycle=391 time=4.887500e+00 dt=1.250000e-02
elapsed=2.389078e+02 cycle=392 time=4.900000e+00 dt=1.250000e-02
elapsed=2.395026e+02 cycle=393 time=4.912500e+00 dt=1.250000e-02
elapsed=2.401008e+02 cycle=394 time=4.925000e+00 dt=1.250000e-02
elapsed=2.406917e+02 cycle=395 time=4.937500e+00 dt=1.250000e-02
elapsed=2.412849e+02 cycle=396 time=4.950000e+00 dt=1.250000e-02
elapsed=2.418642e+02 cycle=397 time=4.962500e+00 dt=1.250000e-02
elapsed=2.424433e+02 cycle=398 time=4.975000e+00 dt=1.250000e-02
elapsed=2.430260e+02 cycle=399 time=4.987500e+00 dt=1.250000e-02
elapsed=2.443380e+02 cycle=400 time=5.000000e+00 dt=1.250000e-02
elapsed=2.449295e+02 cycle=401 time=5.012500e+00 dt=1.250000e-02
elapsed=2.455211e+02 cycle=402 time=5.025000e+00 dt=1.250000e-02
elapsed=2.461019e+02 cycle=403 time=5.037500e+00 dt=1.250000e-02
elapsed=2.466823e+02 cycle=404 time=5.050000e+00 dt=1.250000e-02
elapsed=2.472598e+02 cycle=405 time=5.062500e+00 dt=1.250000e-02
elapsed=2.478528e+02 cycle=406 time=5.075000e+00 dt=1.250000e-02
elapsed=2.484515e+02 cycle=407 time=5.087500e+00 dt=1.250000e-02
elapsed=2.490567e+02 cycle=408 time=5.100000e+00 dt=1.250000e-02
elapsed=2.496485e+02 cycle=409 time=5.112500e+00 dt=1.250000e-02
elapsed=2.502294e+02 cycle=410 time=5.125000e+00 dt=1.250000e-02
elapsed=2.508076e+02 cycle=411 time=5.137500e+00 dt=1.250000e-02
elapsed=2.513860e+02 cycle=412 time=5.150000e+00 dt=1.250000e-02
elapsed=2.519732e+02 cycle=413 time=5.162500e+00 dt=1.250000e-02
elapsed=2.525699e+02 cycle=414 time=5.175000e+00 dt=1.250000e-02
elapsed=2.531686e+02 cycle=415 time=5.187500e+00 dt=1.250000e-02
elapsed=2.537621e+02 cycle=416 time=5.200000e+00 dt=1.250000e-02
elapsed=2.543450e+02 cycle=417 time=5.212500e+00 dt=1.250000e-02
elapsed=2.549284e+02 cycle=418 time=5.225000e+00 dt=1.250000e-02
elapsed=2.555089e+02 cycle=419 time=5.237500e+00 dt=1.250000e-02
elapsed=2.563293e+02 cycle=420 time=5.250000e+00 dt=1.250000e-02
elapsed=2.569206e+02 cycle=421 time=5.262500e+00 dt=1.250000e-02
elapsed=2.575141e+02 cycle=422 time=5.275000e+00 dt=1.250000e-02
elapsed=2.581026e+02 cycle=423 time=5.287500e+00 dt=1.250000e-02
elapsed=2.586866e+02 cycle=424 time=5.300000e+00 dt=1.250000e-02
elapsed=2.592829e+02 cycle=425 time=5.312500e+00 dt=1.250000e-02
elapsed=2.598671e+02 cycle=426 time=5.325000e+00 dt=1.250000e-02
elapsed=2.604548e+02 cycle=427 time=5.337500e+00 dt=1.250000e-02
elapsed=2.610470e+02 cycle=428 time=5.350000e+00 dt=1.250000e-02
elapsed=2.616411e+02 cycle=429 time=5.362500e+00 dt=1.250000e-02
elapsed=2.622287e+02 cycle=430 time=5.375000e+00 dt=1.250000e-02
elapsed=2.628102e+02 cycle=431 time=5.387500e+00 dt=1.250000e-02
elapsed=2.633923e+02 cycle=432 time=5.400000e+00 dt=1.250000e-02
elapsed=2.639782e+02 cycle=433 time=5.412500e+00 dt=1.250000e-02
elapsed=2.645690e+02 cycle=434 time=5.425000e+00 dt=1.250000e-02
elapsed=2.651588e+02 cycle=435 time=5.437500e+00 dt=1.250000e-02
elapsed=2.657514e+02 cycle=436 time=5.450000e+00 dt=1.250000e-02
elapsed=2.663344e+02 cycle=437 time=5.462500e+00 dt=1.250000e-02
elapsed=2.669168e+02 cycle=438 time=5.475000e+00 dt=1.250000e-02
elapsed=2.675012e+02 cycle=439 time=5.487500e+00 dt=1.250000e-02
elapsed=2.684776e+02 cycle=440 time=5.500000e+00 dt=1.250000e-02
elapsed=2.690667e+02 cycle=441 time=5.512500e+00 dt=1.250000e-02
elapsed=2.696576e+02 cycle=442 time=5.525000e+00 dt=1.250000e-02
elapsed=2.702487e+02 cycle=443 time=5.537500e+00 dt=1.250000e-02
elapsed=2.708363e+02 cycle=444 time=5.550000e+00 dt=1.250000e-02
elapsed=2.714166e+02 cycle=445 time=5.562500e+00 dt=1.250000e-02
elapsed=2.719988e+02 cycle=446 time=5.575000e+00 dt=1.250000e-02
elapsed=2.725885e+02 cycle=447 time=5.587500e+00 dt=1.250000e-02
elapsed=2.731782e+02 cycle=448 time=5.600000e+00 dt=1.250000e-02
elapsed=2.737700e+02 cycle=449 time=5.612500e+00 dt=1.250000e-02
elapsed=2.743626e+02 cycle=450 time=5.625000e+00 dt=1.250000e-02
elapsed=2.749447e+02 cycle=451 time=5.637500e+00 dt=1.250000e-02
elapsed=2.755267e+02 cycle=452 time=5.650000e+00 dt=1.250000e-02
elapsed=2.761070e+02 cycle=453 time=5.662500e+00 dt=1.250000e-02
elapsed=2.767044e+02 cycle=454 time=5.675000e+00 dt=1.250000e-02
elapsed=2.772971e+02 cycle=455 time=5.687500e+00 dt=1.250000e-02
elapsed=2.778889e+02 cycle=456 time=5.700000e+00 dt=1.250000e-02
elapsed=2.784758e+02 cycle=457 time=5.712500e+00 dt=1.250000e-02
elapsed=2.790577e+02 cycle=458 time=5.725000e+00 dt=1.250000e-02
elapsed=2.796361e+02 cycle=459 time=5.737500e+00 dt=1.250000e-02
elapsed=2.804316e+02 cycle=460 time=5.750000e+00 dt=1.250000e-02
elapsed=2.810219e+02 cycle=461 time=5.762500e+00 dt=1.250000e-02
elapsed=2.816112e+02 cycle=462 time=5.775000e+00 dt=1.250000e-02
elapsed=2.822006e+02 cycle=463 time=5.787500e+00 dt=1.250000e-02
elapsed=2.827870e+02 cycle=464 time=5.800000e+00 dt=1.250000e-02
elapsed=2.833661e+02 cycle=465 time=5.812500e+00 dt=1.250000e-02
elapsed=2.839461e+02 cycle=466 time=5.825000e+00 dt=1.250000e-02
elapsed=2.845306e+02 cycle=467 time=5.837500e+00 dt=1.250000e-02
elapsed=2.851279e+02 cycle=468 time=5.850000e+00 dt=1.250000e-02
elapsed=2.857280e+02 cycle=469 time=5.862500e+00 dt=1.250000e-02
elapsed=2.863202e+02 cycle=470 time=5.875000e+00 dt=1.250000e-02
elapsed=2.869035e+02 cycle=471 time=5.887500e+00 dt=1.250000e-02
elapsed=2.874839e+02 cycle=472 time=5.900000e+00 dt=1.250000e-02
elapsed=2.880633e+02 cycle=473 time=5.912500e+00 dt=1.250000e-02
elapsed=2.886544e+02 cycle=474 time=5.925000e+00 dt=1.250000e-02
elapsed=2.892564e+02 cycle=475 time=5.937500e+00 dt=1.250000e-02
elapsed=2.898473e+02 cycle=476 time=5.950000e+00 dt=1.250000e-02
elapsed=2.904373e+02 cycle=477 time=5.962500e+00 dt=1.250000e-02
elapsed=2.910202e+02 cycle=478 time=5.975000e+00 dt=1.250000e-02
elapsed=2.915995e+02 cycle=479 time=5.987500e+00 dt=1.250000e-02
elapsed=2.929041e+02 cycle=480 time=6.000000e+00 dt=1.250000e-02
elapsed=2.934926e+02 cycle=481 time=6.012500e+00 dt=1.250000e-02
elapsed=2.940821e+02 cycle=482 time=6.025000e+00 dt=1.250000e-02
elapsed=2.946701e+02 cycle=483 time=6.037500e+00 dt=1.250000e-02
elapsed=2.952614e+02 cycle=484 time=6.050000e+00 dt=1.250000e-02
elapsed=2.958422e+02 cycle=485 time=6.062500e+00 dt=1.250000e-02
elapsed=2.964221e+02 cycle=486 time=6.075000e+00 dt=1.250000e-02
elapsed=2.970000e+02 cycle=487 time=6.087500e+00 dt=1.250000e-02
elapsed=2.975915e+02 cycle=488 time=6.100000e+00 dt=1.250000e-02
elapsed=2.981852e+02 cycle=489 time=6.112500e+00 dt=1.250000e-02
elapsed=2.987854e+02 cycle=490 time=6.125000e+00 dt=1.250000e-02
elapsed=2.993729e+02 cycle=491 time=6.137500e+00 dt=1.250000e-02
elapsed=2.999538e+02 cycle=492 time=6.150000e+00 dt=1.250000e-02
elapsed=3.005316e+02 cycle=493 time=6.162500e+00 dt=1.250000e-02
elapsed=3.011171e+02 cycle=494 time=6.175000e+00 dt=1.250000e-02
elapsed=3.017054e+02 cycle=495 time=6.187500e+00 dt=1.250000e-02
elapsed=3.022965e+02 cycle=496 time=6.200000e+00 dt=1.250000e-02
elapsed=3.028844e+02 cycle=497 time=6.212500e+00 dt=1.250000e-02
elapsed=3.034744e+02 cycle=498 time=6.225000e+00 dt=1.250000e-02
elapsed=3.040560e+02 cycle=499 time=6.237500e+00 dt=1.250000e-02
elapsed=3.048515e+02 cycle=500 time=6.250000e+00 dt=1.250000e-02
elapsed=3.054309e+02 cycle=501 time=6.262500e+00 dt=1.250000e-02
elapsed=3.060266e+02 cycle=502 time=6.275000e+00 dt=1.250000e-02
elapsed=3.066141e+02 cycle=503 time=6.287500e+00 dt=1.250000e-02
elapsed=3.072154e+02 cycle=504 time=6.300000e+00 dt=1.250000e-02
elapsed=3.078020e+02 cycle=505 time=6.312500e+00 dt=1.250000e-02
elapsed=3.083840e+02 cycle=506 time=6.325000e+00 dt=1.250000e-02
elapsed=3.089633e+02 cycle=507 time=6.337500e+00 dt=1.250000e-02
elapsed=3.095529e+02 cycle=508 time=6.350000e+00 dt=1.250000e-02
elapsed=3.101458e+02 cycle=509 time=6.362500e+00 dt=1.250000e-02
elapsed=3.107344e+02 cycle=510 time=6.375000e+00 dt=1.250000e-02
elapsed=3.113249e+02 cycle=511 time=6.387500e+00 dt=1.250000e-02
elapsed=3.119175e+02 cycle=512 time=6.400000e+00 dt=1.250000e-02
elapsed=3.124986e+02 cycle=513 time=6.412500e+00 dt=1.250000e-02
elapsed=3.130797e+02 cycle=514 time=6.425000e+00 dt=1.250000e-02
elapsed=3.136668e+02 cycle=515 time=6.437500e+00 dt=1.250000e-02
elapsed=3.142551e+02 cycle=516 time=6.450000e+00 dt=1.250000e-02
elapsed=3.148438e+02 cycle=517 time=6.462500e+00 dt=1.250000e-02
elapsed=3.154363e+02 cycle=518 time=6.475000e+00 dt=1.250000e-02
elapsed=3.160191e+02 cycle=519 time=6.487500e+00 dt=1.250000e-02
elapsed=3.169839e+02 cycle=520 time=6.500000e+00 dt=1.250000e-02
elapsed=3.175664e+02 cycle=521 time=6.512500e+00 dt=1.250000e-02
elapsed=3.181542e+02 cycle=522 time=6.525000e+00 dt=1.250000e-02
elapsed=3.187410e+02 cycle=523 time=6.537500e+00 dt=1.250000e-02
elapsed=3.193533e+02 cycle=524 time=6.550000e+00 dt=1.250000e-02
elapsed=3.199443e+02 cycle=525 time=6.562500e+00 dt=1.250000e-02
elapsed=3.205273e+02 cycle=526 time=6.575000e+00 dt=1.250000e-02
elapsed=3.211089e+02 cycle=527 time=6.587500e+00 dt=1.250000e-02
elapsed=3.216897e+02 cycle=528 time=6.600000e+00 dt=1.250000e-02
elapsed=3.222836e+02 cycle=529 time=6.612500e+00 dt=1.250000e-02
elapsed=3.228878e+02 cycle=530 time=6.625000e+00 dt=1.250000e-02
elapsed=3.234781e+02 cycle=531 time=6.637500e+00 dt=1.250000e-02
elapsed=3.240695e+02 cycle=532 time=6.650000e+00 dt=1.250000e-02
elapsed=3.246518e+02 cycle=533 time=6.662500e+00 dt=1.250000e-02
elapsed=3.252333e+02 cycle=534 time=6.675000e+00 dt=1.250000e-02
elapsed=3.258152e+02 cycle=535 time=6.687500e+00 dt=1.250000e-02
elapsed=3.264062e+02 cycle=536 time=6.700000e+00 dt=1.250000e-02
elapsed=3.269939e+02 cycle=537 time=6.712500e+00 dt=1.250000e-02
elapsed=3.276037e+02 cycle=538 time=6.725000e+00 dt=1.250000e-02
elapsed=3.281928e+02 cycle=539 time=6.737500e+00 dt=1.250000e-02
elapsed=3.289892e+02 cycle=540 time=6.750000e+00 dt=1.250000e-02
elapsed=3.295685e+02 cycle=541 time=6.762500e+00 dt=1.250000e-02
elapsed=3.301504e+02 cycle=542 time=6.775000e+00 dt=1.250000e-02
elapsed=3.307404e+02 cycle=543 time=6.787500e+00 dt=1.250000e-02
elapsed=3.313293e+02 cycle=544 time=6.800000e+00 dt=1.250000e-02
elapsed=3.319183e+02 cycle=545 time=6.812500e+00 dt=1.250000e-02
elapsed=3.325094e+02 cycle=546 time=6.825000e+00 dt=1.250000e-02
elapsed=3.330886e+02 cycle=547 time=6.837500e+00 dt=1.250000e-02
elapsed=3.336678e+02 cycle=548 time=6.850000e+00 dt=1.250000e-02
elapsed=3.342518e+02 cycle=549 time=6.862500e+00 dt=1.250000e-02
elapsed=3.348375e+02 cycle=550 time=6.875000e+00 dt=1.250000e-02
elapsed=3.354237e+02 cycle=551 time=6.887500e+00 dt=1.250000e-02
elapsed=3.360144e+02 cycle=552 time=6.900000e+00 dt=1.250000e-02
elapsed=3.365965e+02 cycle=553 time=6.912500e+00 dt=1.250000e-02
elapsed=3.371773e+02 cycle=554 time=6.925000e+00 dt=1.250000e-02
elapsed=3.377553e+02 cycle=555 time=6.937500e+00 dt=1.250000e-02
elapsed=3.383442e+02 cycle=556 time=6.950000e+00 dt=1.250000e-02
elapsed=3.389421e+02 cycle=557 time=6.962500e+00 dt=1.250000e-02
elapsed=3.395381e+02 cycle=558 time=6.975000e+00 dt=1.250000e-02
elapsed=3.401283e+02 cycle=559 time=6.987500e+00 dt=1.250000e-02
elapsed=3.414389e+02 cycle=560 time=7.000000e+00 dt=1.250000e-02
elapsed=3.420253e+02 cycle=561 time=7.012500e+00 dt=1.250000e-02
elapsed=3.426050e+02 cycle=562 time=7.025000e+00 dt=1.250000e-02
elapsed=3.431893e+02 cycle=563 time=7.037500e+00 dt=1.250000e-02
elapsed=3.437761e+02 cycle=564 time=7.050000e+00 dt=1.250000e-02
elapsed=3.443648e+02 cycle=565 time=7.062500e+00 dt=1.250000e-02
elapsed=3.449589e+02 cycle=566 time=7.075000e+00 dt=1.250000e-02
elapsed=3.455385e+02 cycle=567 time=7.087500e+00 dt=1.250000e-02
elapsed=3.461212e+02 cycle=568 time=7.100000e+00 dt=1.250000e-02
elapsed=3.466989e+02 cycle=569 time=7.112500e+00 dt=1.250000e-02
elapsed=3.472854e+02 cycle=570 time=7.125000e+00 dt=1.250000e-02
elapsed=3.478700e+02 cycle=571 time=7.137500e+00 dt=1.250000e-02
elapsed=3.484583e+02 cycle=572 time=7.150000e+00 dt=1.250000e-02
elapsed=3.490507e+02 cycle=573 time=7.162500e+00 dt=1.250000e-02
elapsed=3.496426e+02 cycle=574 time=7.175000e+00 dt=1.250000e-02
elapsed=3.502215e+02 cycle=575 time=7.187500e+00 dt=1.250000e-02
elapsed=3.508001e+02 cycle=576 time=7.200000e+00 dt=1.250000e-02
elapsed=3.513897e+02 cycle=577 time=7.212500e+00 dt=1.250000e-02
elapsed=3.519771e+02 cycle=578 time=7.225000e+00 dt=1.250000e-02
elapsed=3.525649e+02 cycle=579 time=7.237500e+00 dt=1.250000e-02
elapsed=3.533684e+02 cycle=580 time=7.250000e+00 dt=1.250000e-02
elapsed=3.539594e+02 cycle=581 time=7.262500e+00 dt=1.250000e-02
elapsed=3.545408e+02 cycle=582 time=7.275000e+00 dt=1.250000e-02
elapsed=3.551192e+02 cycle=583 time=7.287500e+00 dt=1.250000e-02
elapsed=3.557088e+02 cycle=584 time=7.300000e+00 dt=1.250000e-02
elapsed=3.563069e+02 cycle=585 time=7.312500e+00 dt=1.250000e-02
elapsed=3.569044e+02 cycle=586 time=7.325000e+00 dt=1.250000e-02
elapsed=3.574943e+02 cycle=587 time=7.337500e+00 dt=1.250000e-02
elapsed=3.580799e+02 cycle=588 time=7.350000e+00 dt=1.250000e-02
elapsed=3.586601e+02 cycle=589 time=7.362500e+00 dt=1.250000e-02
elapsed=3.592472e+02 cycle=590 time=7.375000e+00 dt=1.250000e-02
elapsed=3.598473e+02 cycle=591 time=7.387500e+00 dt=1.250000e-02
elapsed=3.604498e+02 cycle=592 time=7.400000e+00 dt=1.250000e-02
elapsed=3.610460e+02 cycle=593 time=7.412500e+00 dt=1.250000e-02
elapsed=3.616362e+02 cycle=594 time=7.425000e+00 dt=1.250000e-02
elapsed=3.622177e+02 cycle=595 time=7.437500e+00 dt=1.250000e-02
elapsed=3.627996e+02 cycle=596 time=7.450000e+00 dt=1.250000e-02
elapsed=3.633846e+02 cycle=597 time=7.462500e+00 dt=1.250000e-02
elapsed=3.639727e+02 cycle=598 time=7.475000e+00 dt=1.250000e-02
elapsed=3.645603e+02 cycle=599 time=7.487500e+00 dt=1.250000e-02
elapsed=3.655387e+02 cycle=600 time=7.500000e+00 dt=1.250000e-02
elapsed=3.661254e+02 cycle=601 time=7.512500e+00 dt=1.250000e-02
elapsed=3.667088e+02 cycle=602 time=7.525000e+00 dt=1.250000e-02
elapsed=3.672883e+02 cycle=603 time=7.537500e+00 dt=1.250000e-02
elapsed=3.678779e+02 cycle=604 time=7.550000e+00 dt=1.250000e-02
elapsed=3.684779e+02 cycle=605 time=7.562500e+00 dt=1.250000e-02
elapsed=3.690796e+02 cycle=606 time=7.575000e+00 dt=1.250000e-02
elapsed=3.696843e+02 cycle=607 time=7.587500e+00 dt=1.250000e-02
elapsed=3.702697e+02 cycle=608 time=7.600000e+00 dt=1.250000e-02
elapsed=3.708523e+02 cycle=609 time=7.612500e+00 dt=1.250000e-02
elapsed=3.714380e+02 cycle=610 time=7.625000e+00 dt=1.250000e-02
elapsed=3.720272e+02 cycle=611 time=7.637500e+00 dt=1.250000e-02
elapsed=3.726157e+02 cycle=612 time=7.650000e+00 dt=1.250000e-02
elapsed=3.732063e+02 cycle=613 time=7.662500e+00 dt=1.250000e-02
elapsed=3.737983e+02 cycle=614 time=7.675000e+00 dt=1.250000e-02
elapsed=3.743801e+02 cycle=615 time=7.687500e+00 dt=1.250000e-02
elapsed=3.749647e+02 cycle=616 time=7.700000e+00 dt=1.250000e-02
elapsed=3.755444e+02 cycle=617 time=7.712500e+00 dt=1.250000e-02
elapsed=3.761394e+02 cycle=618 time=7.725000e+00 dt=1.250000e-02
elapsed=3.767298e+02 cycle=619 time=7.737500e+00 dt=1.250000e-02
elapsed=3.775362e+02 cycle=620 time=7.750000e+00 dt=1.250000e-02
elapsed=3.781245e+02 cycle=621 time=7.762500e+00 dt=1.250000e-02
elapsed=3.787065e+02 cycle=622 time=7.775000e+00 dt=1.250000e-02
elapsed=3.792982e+02 cycle=623 time=7.787500e+00 dt=1.250000e-02
elapsed=3.798786e+02 cycle=624 time=7.800000e+00 dt=1.250000e-02
elapsed=3.804692e+02 cycle=625 time=7.812500e+00 dt=1.250000e-02
elapsed=3.810611e+02 cycle=626 time=7.825000e+00 dt=1.250000e-02
elapsed=3.816484e+02 cycle=627 time=7.837500e+00 dt=1.250000e-02
elapsed=3.822357e+02 cycle=628 time=7.850000e+00 dt=1.250000e-02
elapsed=3.828151e+02 cycle=629 time=7.862500e+00 dt=1.250000e-02
elapsed=3.833953e+02 cycle=630 time=7.875000e+00 dt=1.250000e-02
elapsed=3.839730e+02 cycle=631 time=7.887500e+00 dt=1.250000e-02
elapsed=3.845766e+02 cycle=632 time=7.900000e+00 dt=1.250000e-02
elapsed=3.851676e+02 cycle=633 time=7.912500e+00 dt=1.250000e-02
elapsed=3.857573e+02 cycle=634 time=7.925000e+00 dt=1.250000e-02
elapsed=3.863444e+02 cycle=635 time=7.937500e+00 dt=1.250000e-02
elapsed=3.869248e+02 cycle=636 time=7.950000e+00 dt=1.250000e-02
elapsed=3.875038e+02 cycle=637 time=7.962500e+00 dt=1.250000e-02
elapsed=3.880895e+02 cycle=638 time=7.975000e+00 dt=1.250000e-02
elapsed=3.886891e+02 cycle=639 time=7.987500e+00 dt=1.250000e-02
elapsed=3.900160e+02 cycle=640 time=8.000000e+00 dt=1.250000e-02
elapsed=3.906121e+02 cycle=641 time=8.012500e+00 dt=1.250000e-02
elapsed=3.912002e+02 cycle=642 time=8.025000e+00 dt=1.250000e-02
elapsed=3.917791e+02 cycle=643 time=8.037500e+00 dt=1.250000e-02
elapsed=3.923588e+02 cycle=644 time=8.050000e+00 dt=1.250000e-02
elapsed=3.929462e+02 cycle=645 time=8.062500e+00 dt=1.250000e-02
elapsed=3.935471e+02 cycle=646 time=8.075000e+00 dt=1.250000e-02
elapsed=3.941412e+02 cycle=647 time=8.087500e+00 dt=1.250000e-02
elapsed=3.947306e+02 cycle=648 time=8.100000e+00 dt=1.250000e-02
elapsed=3.953130e+02 cycle=649 time=8.112500e+00 dt=1.250000e-02
elapsed=3.958929e+02 cycle=650 time=8.125000e+00 dt=1.250000e-02
elapsed=3.964716e+02 cycle=651 time=8.137500e+00 dt=1.250000e-02
elapsed=3.970590e+02 cycle=652 time=8.150000e+00 dt=1.250000e-02
elapsed=3.976436e+02 cycle=653 time=8.162500e+00 dt=1.250000e-02
elapsed=3.982368e+02 cycle=654 time=8.175000e+00 dt=1.250000e-02
elapsed=3.988356e+02 cycle=655 time=8.187500e+00 dt=1.250000e-02
elapsed=3.994184e+02 cycle=656 time=8.200000e+00 dt=1.250000e-02
elapsed=3.999966e+02 cycle=657 time=8.212500e+00 dt=1.250000e-02
elapsed=4.005796e+02 cycle=658 time=8.225000e+00 dt=1.250000e-02
elapsed=4.011703e+02 cycle=659 time=8.237500e+00 dt=1.250000e-02
elapsed=4.019870e+02 cycle=660 time=8.250000e+00 dt=1.250000e-02
elapsed=4.025764e+02 cycle=661 time=8.262500e+00 dt=1.250000e-02
elapsed=4.031732e+02 cycle=662 time=8.275000e+00 dt=1.250000e-02
elapsed=4.037669e+02 cycle=663 time=8.287500e+00 dt=1.250000e-02
elapsed=4.043512e+02 cycle=664 time=8.300000e+00 dt=1.250000e-02
elapsed=4.049345e+02 cycle=665 time=8.312500e+00 dt=1.250000e-02
elapsed=4.055215e+02 cycle=666 time=8.325000e+00 dt=1.250000e-02
elapsed=4.061081e+02 cycle=667 time=8.337500e+00 dt=1.250000e-02
elapsed=4.066988e+02 cycle=668 time=8.350000e+00 dt=1.250000e-02
elapsed=4.072897e+02 cycle=669 time=8.362500e+00 dt=1.250000e-02
elapsed=4.078730e+02 cycle=670 time=8.375000e+00 dt=1.250000e-02
elapsed=4.084533e+02 cycle=671 time=8.387500e+00 dt=1.250000e-02
elapsed=4.090371e+02 cycle=672 time=8.400000e+00 dt=1.250000e-02
elapsed=4.096581e+02 cycle=673 time=8.412500e+00 dt=1.250000e-02
elapsed=4.102663e+02 cycle=674 time=8.425000e+00 dt=1.250000e-02
elapsed=4.108681e+02 cycle=675 time=8.437500e+00 dt=1.250000e-02
elapsed=4.114603e+02 cycle=676 time=8.450000e+00 dt=1.250000e-02
elapsed=4.120415e+02 cycle=677 time=8.462500e+00 dt=1.250000e-02
elapsed=4.126280e+02 cycle=678 time=8.475000e+00 dt=1.250000e-02
elapsed=4.132099e+02 cycle=679 time=8.487500e+00 dt=1.250000e-02
elapsed=4.141965e+02 cycle=680 time=8.500000e+00 dt=1.250000e-02
elapsed=4.147883e+02 cycle=681 time=8.512500e+00 dt=1.250000e-02
elapsed=4.153827e+02 cycle=682 time=8.525000e+00 dt=1.250000e-02
elapsed=4.159723e+02 cycle=683 time=8.537500e+00 dt=1.250000e-02
elapsed=4.165554e+02 cycle=684 time=8.550000e+00 dt=1.250000e-02
elapsed=4.171359e+02 cycle=685 time=8.562500e+00 dt=1.250000e-02
elapsed=4.177259e+02 cycle=686 time=8.575000e+00 dt=1.250000e-02
elapsed=4.183256e+02 cycle=687 time=8.587500e+00 dt=1.250000e-02
elapsed=4.189280e+02 cycle=688 time=8.600000e+00 dt=1.250000e-02
elapsed=4.195310e+02 cycle=689 time=8.612500e+00 dt=1.250000e-02
elapsed=4.201194e+02 cycle=690 time=8.625000e+00 dt=1.250000e-02
elapsed=4.207010e+02 cycle=691 time=8.637500e+00 dt=1.250000e-02
elapsed=4.212845e+02 cycle=692 time=8.650000e+00 dt=1.250000e-02
elapsed=4.218682e+02 cycle=693 time=8.662500e+00 dt=1.250000e-02
elapsed=4.224580e+02 cycle=694 time=8.675000e+00 dt=1.250000e-02
elapsed=4.230483e+02 cycle=695 time=8.687500e+00 dt=1.250000e-02
elapsed=4.236442e+02 cycle=696 time=8.700000e+00 dt=1.250000e-02
elapsed=4.242299e+02 cycle=697 time=8.712500e+00 dt=1.250000e-02
elapsed=4.248128e+02 cycle=698 time=8.725000e+00 dt=1.250000e-02
elapsed=4.253915e+02 cycle=699 time=8.737500e+00 dt=1.250000e-02
elapsed=4.261947e+02 cycle=700 time=8.750000e+00 dt=1.250000e-02
elapsed=4.267944e+02 cycle=701 time=8.762500e+00 dt=1.250000e-02
elapsed=4.273948e+02 cycle=702 time=8.775000e+00 dt=1.250000e-02
elapsed=4.279875e+02 cycle=703 time=8.787500e+00 dt=1.250000e-02
elapsed=4.285702e+02 cycle=704 time=8.800000e+00 dt=1.250000e-02
elapsed=4.291489e+02 cycle=705 time=8.812500e+00 dt=1.250000e-02
elapsed=4.297282e+02 cycle=706 time=8.825000e+00 dt=1.250000e-02
elapsed=4.303190e+02 cycle=707 time=8.837500e+00 dt=1.250000e-02
elapsed=4.309210e+02 cycle=708 time=8.850000e+00 dt=1.250000e-02
elapsed=4.315188e+02 cycle=709 time=8.862500e+00 dt=1.250000e-02
elapsed=4.321103e+02 cycle=710 time=8.875000e+00 dt=1.250000e-02
elapsed=4.326904e+02 cycle=711 time=8.887500e+00 dt=1.250000e-02
elapsed=4.332713e+02 cycle=712 time=8.900000e+00 dt=1.250000e-02
elapsed=4.338494e+02 cycle=713 time=8.912500e+00 dt=1.250000e-02
elapsed=4.344447e+02 cycle=714 time=8.925000e+00 dt=1.250000e-02
elapsed=4.350484e+02 cycle=715 time=8.937500e+00 dt=1.250000e-02
elapsed=4.356388e+02 cycle=716 time=8.950000e+00 dt=1.250000e-02
elapsed=4.362280e+02 cycle=717 time=8.962500e+00 dt=1.250000e-02
elapsed=4.368087e+02 cycle=718 time=8.975000e+00 dt=1.250000e-02
elapsed=4.373869e+02 cycle=719 time=8.987500e+00 dt=1.250000e-02
elapsed=4.386903e+02 cycle=720 time=9.000000e+00 dt=1.250000e-02
elapsed=4.393024e+02 cycle=721 time=9.012500e+00 dt=1.250000e-02
elapsed=4.398936e+02 cycle=722 time=9.025000e+00 dt=1.250000e-02
elapsed=4.404829e+02 cycle=723 time=9.037500e+00 dt=1.250000e-02
elapsed=4.410719e+02 cycle=724 time=9.050000e+00 dt=1.250000e-02
elapsed=4.416535e+02 cycle=725 time=9.062500e+00 dt=1.250000e-02
elapsed=4.422330e+02 cycle=726 time=9.075000e+00 dt=1.250000e-02
elapsed=4.428115e+02 cycle=727 time=9.087500e+00 dt=1.250000e-02
elapsed=4.434010e+02 cycle=728 time=9.100000e+00 dt=1.250000e-02
elapsed=4.439882e+02 cycle=729 time=9.112500e+00 dt=1.250000e-02
elapsed=4.445786e+02 cycle=730 time=9.125000e+00 dt=1.250000e-02
elapsed=4.451647e+02 cycle=731 time=9.137500e+00 dt=1.250000e-02
elapsed=4.457459e+02 cycle=732 time=9.150000e+00 dt=1.250000e-02
elapsed=4.463239e+02 cycle=733 time=9.162500e+00 dt=1.250000e-02
elapsed=4.469060e+02 cycle=734 time=9.175000e+00 dt=1.250000e-02
elapsed=4.474932e+02 cycle=735 time=9.187500e+00 dt=1.250000e-02
elapsed=4.480802e+02 cycle=736 time=9.200000e+00 dt=1.250000e-02
elapsed=4.486691e+02 cycle=737 time=9.212500e+00 dt=1.250000e-02
elapsed=4.492540e+02 cycle=738 time=9.225000e+00 dt=1.250000e-02
elapsed=4.498368e+02 cycle=739 time=9.237500e+00 dt=1.250000e-02
elapsed=4.506349e+02 cycle=740 time=9.250000e+00 dt=1.250000e-02
elapsed=4.512247e+02 cycle=741 time=9.262500e+00 dt=1.250000e-02
elapsed=4.518219e+02 cycle=742 time=9.275000e+00 dt=1.250000e-02
elapsed=4.524094e+02 cycle=743 time=9.287500e+00 dt=1.250000e-02
elapsed=4.530118e+02 cycle=744 time=9.300000e+00 dt=1.250000e-02
elapsed=4.535987e+02 cycle=745 time=9.312500e+00 dt=1.250000e-02
elapsed=4.541808e+02 cycle=746 time=9.325000e+00 dt=1.250000e-02
elapsed=4.547600e+02 cycle=747 time=9.337500e+00 dt=1.250000e-02
elapsed=4.553485e+02 cycle=748 time=9.350000e+00 dt=1.250000e-02
elapsed=4.559397e+02 cycle=749 time=9.362500e+00 dt=1.250000e-02
elapsed=4.565370e+02 cycle=750 time=9.375000e+00 dt=1.250000e-02
elapsed=4.571269e+02 cycle=751 time=9.387500e+00 dt=1.250000e-02
elapsed=4.577123e+02 cycle=752 time=9.400000e+00 dt=1.250000e-02
elapsed=4.582959e+02 cycle=753 time=9.412500e+00 dt=1.250000e-02
elapsed=4.588768e+02 cycle=754 time=9.425000e+00 dt=1.250000e-02
elapsed=4.594636e+02 cycle=755 time=9.437500e+00 dt=1.250000e-02
elapsed=4.600587e+02 cycle=756 time=9.450000e+00 dt=1.250000e-02
elapsed=4.606602e+02 cycle=757 time=9.462500e+00 dt=1.250000e-02
elapsed=4.612531e+02 cycle=758 time=9.475000e+00 dt=1.250000e-02
elapsed=4.618407e+02 cycle=759 time=9.487500e+00 dt=1.250000e-02
elapsed=4.628087e+02 cycle=760 time=9.500000e+00 dt=1.250000e-02
elapsed=4.633904e+02 cycle=761 time=9.512500e+00 dt=1.250000e-02
elapsed=4.639855e+02 cycle=762 time=9.525000e+00 dt=1.250000e-02
elapsed=4.645803e+02 cycle=763 time=9.537500e+00 dt=1.250000e-02
elapsed=4.651727e+02 cycle=764 time=9.550000e+00 dt=1.250000e-02
elapsed=4.657648e+02 cycle=765 time=9.562500e+00 dt=1.250000e-02
elapsed=4.663494e+02 cycle=766 time=9.575000e+00 dt=1.250000e-02
elapsed=4.669302e+02 cycle=767 time=9.587500e+00 dt=1.250000e-02
elapsed=4.675156e+02 cycle=768 time=9.600000e+00 dt=1.250000e-02
elapsed=4.681105e+02 cycle=769 time=9.612500e+00 dt=1.250000e-02
elapsed=4.687166e+02 cycle=770 time=9.625000e+00 dt=1.250000e-02
elapsed=4.693247e+02 cycle=771 time=9.637500e+00 dt=1.250000e-02
elapsed=4.699191e+02 cycle=772 time=9.650000e+00 dt=1.250000e-02
elapsed=4.705014e+02 cycle=773 time=9.662500e+00 dt=1.250000e-02
elapsed=4.710832e+02 cycle=774 time=9.675000e+00 dt=1.250000e-02
elapsed=4.716630e+02 cycle=775 time=9.687500e+00 dt=1.250000e-02
elapsed=4.722528e+02 cycle=776 time=9.700000e+00 dt=1.250000e-02
elapsed=4.728399e+02 cycle=777 time=9.712500e+00 dt=1.250000e-02
elapsed=4.734422e+02 cycle=778 time=9.725000e+00 dt=1.250000e-02
elapsed=4.740338e+02 cycle=779 time=9.737500e+00 dt=1.250000e-02
elapsed=4.748306e+02 cycle=780 time=9.750000e+00 dt=1.250000e-02
elapsed=4.754094e+02 cycle=781 time=9.762500e+00 dt=1.250000e-02
elapsed=4.759894e+02 cycle=782 time=9.775000e+00 dt=1.250000e-02
elapsed=4.765768e+02 cycle=783 time=9.787500e+00 dt=1.250000e-02
elapsed=4.771633e+02 cycle=784 time=9.800000e+00 dt=1.250000e-02
elapsed=4.777546e+02 cycle=785 time=9.812500e+00 dt=1.250000e-02
elapsed=4.783435e+02 cycle=786 time=9.825000e+00 dt=1.250000e-02
elapsed=4.789229e+02 cycle=787 time=9.837500e+00 dt=1.250000e-02
elapsed=4.795024e+02 cycle=788 time=9.850000e+00 dt=1.250000e-02
elapsed=4.800804e+02 cycle=789 time=9.862500e+00 dt=1.250000e-02
elapsed=4.806790e+02 cycle=790 time=9.875000e+00 dt=1.250000e-02
elapsed=4.812761e+02 cycle=791 time=9.887500e+00 dt=1.250000e-02
elapsed=4.818669e+02 cycle=792 time=9.900000e+00 dt=1.250000e-02
elapsed=4.824533e+02 cycle=793 time=9.912500e+00 dt=1.250000e-02
elapsed=4.830344e+02 cycle=794 time=9.925000e+00 dt=1.250000e-02
elapsed=4.836127e+02 cycle=795 time=9.937500e+00 dt=1.250000e-02
elapsed=4.841918e+02 cycle=796 time=9.950000e+00 dt=1.250000e-02
elapsed=4.847883e+02 cycle=797 time=9.962500e+00 dt=1.250000e-02
elapsed=4.853862e+02 cycle=798 time=9.975000e+00 dt=1.250000e-02
elapsed=4.859856e+02 cycle=799 time=9.987500e+00 dt=1.250000e-02
elapsed=4.872972e+02 cycle=800 time=1.000000e+01 dt=1.250000e-02
elapsed=4.878810e+02 cycle=801 time=1.001250e+01 dt=1.250000e-02
elapsed=4.884613e+02 cycle=802 time=1.002500e+01 dt=1.250000e-02
elapsed=4.890400e+02 cycle=803 time=1.003750e+01 dt=1.250000e-02
elapsed=4.896298e+02 cycle=804 time=1.005000e+01 dt=1.250000e-02
elapsed=4.902168e+02 cycle=805 time=1.006250e+01 dt=1.250000e-02
elapsed=4.908077e+02 cycle=806 time=1.007500e+01 dt=1.250000e-02
elapsed=4.913929e+02 cycle=807 time=1.008750e+01 dt=1.250000e-02
elapsed=4.919746e+02 cycle=808 time=1.010000e+01 dt=1.250000e-02
elapsed=4.925541e+02 cycle=809 time=1.011250e+01 dt=1.250000e-02
elapsed=4.931370e+02 cycle=810 time=1.012500e+01 dt=1.250000e-02
elapsed=4.937330e+02 cycle=811 time=1.013750e+01 dt=1.250000e-02
elapsed=4.943221e+02 cycle=812 time=1.015000e+01 dt=1.250000e-02
elapsed=4.949145e+02 cycle=813 time=1.016250e+01 dt=1.250000e-02
elapsed=4.955002e+02 cycle=814 time=1.017500e+01 dt=1.250000e-02
elapsed=4.960795e+02 cycle=815 time=1.018750e+01 dt=1.250000e-02
elapsed=4.966648e+02 cycle=816 time=1.020000e+01 dt=1.250000e-02
elapsed=4.972473e+02 cycle=817 time=1.021250e+01 dt=1.250000e-02
elapsed=4.978337e+02 cycle=818 time=1.022500e+01 dt=1.250000e-02
elapsed=4.984208e+02 cycle=819 time=1.023750e+01 dt=1.250000e-02
elapsed=4.992283e+02 cycle=820 time=1.025000e+01 dt=1.250000e-02
elapsed=4.998274e+02 cycle=821 time=1.026250e+01 dt=1.250000e-02
elapsed=5.004113e+02 cycle=822 time=1.027500e+01 dt=1.250000e-02
elapsed=5.009928e+02 cycle=823 time=1.028750e+01 dt=1.250000e-02
elapsed=5.015790e+02 cycle=824 time=1.030000e+01 dt=1.250000e-02
elapsed=5.021839e+02 cycle=825 time=1.031250e+01 dt=1.250000e-02
elapsed=5.027746e+02 cycle=826 time=1.032500e+01 dt=1.250000e-02
elapsed=5.033683e+02 cycle=827 time=1.033750e+01 dt=1.250000e-02
elapsed=5.039570e+02 cycle=828 time=1.035000e+01 dt=1.250000e-02
elapsed=5.045400e+02 cycle=829 time=1.036250e+01 dt=1.250000e-02
elapsed=5.051214e+02 cycle=830 time=1.037500e+01 dt=1.250000e-02
elapsed=5.057065e+02 cycle=831 time=1.038750e+01 dt=1.250000e-02
elapsed=5.062943e+02 cycle=832 time=1.040000e+01 dt=1.250000e-02
elapsed=5.068857e+02 cycle=833 time=1.041250e+01 dt=1.250000e-02
elapsed=5.074819e+02 cycle=834 time=1.042500e+01 dt=1.250000e-02
elapsed=5.080642e+02 cycle=835 time=1.043750e+01 dt=1.250000e-02
elapsed=5.086481e+02 cycle=836 time=1.045000e+01 dt=1.250000e-02
elapsed=5.092283e+02 cycle=837 time=1.046250e+01 dt=1.250000e-02
elapsed=5.098237e+02 cycle=838 time=1.047500e+01 dt=1.250000e-02
elapsed=5.104217e+02 cycle=839 time=1.048750e+01 dt=1.250000e-02
elapsed=5.114168e+02 cycle=840 time=1.050000e+01 dt=1.250000e-02
elapsed=5.120111e+02 cycle=841 time=1.051250e+01 dt=1.250000e-02
elapsed=5.125942e+02 cycle=842 time=1.052500e+01 dt=1.250000e-02
elapsed=5.131751e+02 cycle=843 time=1.053750e+01 dt=1.250000e-02
elapsed=5.137572e+02 cycle=844 time=1.055000e+01 dt=1.250000e-02
elapsed=5.143547e+02 cycle=845 time=1.056250e+01 dt=1.250000e-02
elapsed=5.149563e+02 cycle=846 time=1.057500e+01 dt=1.250000e-02
elapsed=5.155577e+02 cycle=847 time=1.058750e+01 dt=1.250000e-02
elapsed=5.161478e+02 cycle=848 time=1.060000e+01 dt=1.250000e-02
elapsed=5.167335e+02 cycle=849 time=1.061250e+01 dt=1.250000e-02
elapsed=5.173166e+02 cycle=850 time=1.062500e+01 dt=1.250000e-02
elapsed=5.178986e+02 cycle=851 time=1.063750e+01 dt=1.250000e-02
elapsed=5.184888e+02 cycle=852 time=1.065000e+01 dt=1.250000e-02
elapsed=5.190770e+02 cycle=853 time=1.066250e+01 dt=1.250000e-02
elapsed=5.196704e+02 cycle=854 time=1.067500e+01 dt=1.250000e-02
elapsed=5.202595e+02 cycle=855 time=1.068750e+01 dt=1.250000e-02
elapsed=5.208437e+02 cycle=856 time=1.070000e+01 dt=1.250000e-02
elapsed=5.214243e+02 cycle=857 time=1.071250e+01 dt=1.250000e-02
elapsed=5.220093e+02 cycle=858 time=1.072500e+01 dt=1.250000e-02
elapsed=5.225993e+02 cycle=859 time=1.073750e+01 dt=1.250000e-02
elapsed=5.234059e+02 cycle=860 time=1.075000e+01 dt=1.250000e-02
elapsed=5.239997e+02 cycle=861 time=1.076250e+01 dt=1.250000e-02
elapsed=5.245874e+02 cycle=862 time=1.077500e+01 dt=1.250000e-02
elapsed=5.251678e+02 cycle=863 time=1.078750e+01 dt=1.250000e-02
elapsed=5.257485e+02 cycle=864 time=1.080000e+01 dt=1.250000e-02
elapsed=5.263313e+02 cycle=865 time=1.081250e+01 dt=1.250000e-02
elapsed=5.269231e+02 cycle=866 time=1.082500e+01 dt=1.250000e-02
elapsed=5.275141e+02 cycle=867 time=1.083750e+01 dt=1.250000e-02
elapsed=5.281219e+02 cycle=868 time=1.085000e+01 dt=1.250000e-02
elapsed=5.287123e+02 cycle=869 time=1.086250e+01 dt=1.250000e-02
elapsed=5.293123e+02 cycle=870 time=1.087500e+01 dt=1.250000e-02
elapsed=5.298939e+02 cycle=871 time=1.088750e+01 dt=1.250000e-02
elapsed=5.304784e+02 cycle=872 time=1.090000e+01 dt=1.250000e-02
elapsed=5.310664e+02 cycle=873 time=1.091250e+01 dt=1.250000e-02
elapsed=5.316614e+02 cycle=874 time=1.092500e+01 dt=1.250000e-02
elapsed=5.322520e+02 cycle=875 time=1.093750e+01 dt=1.250000e-02
elapsed=5.328361e+02 cycle=876 time=1.095000e+01 dt=1.250000e-02
elapsed=5.334155e+02 cycle=877 time=1.096250e+01 dt=1.250000e-02
elapsed=5.339952e+02 cycle=878 time=1.097500e+01 dt=1.250000e-02
elapsed=5.345858e+02 cycle=879 time=1.098750e+01 dt=1.250000e-02
elapsed=5.358984e+02 cycle=880 time=1.100000e+01 dt=1.250000e-02
elapsed=5.364926e+02 cycle=881 time=1.101250e+01 dt=1.250000e-02
elapsed=5.370885e+02 cycle=882 time=1.102500e+01 dt=1.250000e-02
elapsed=5.376729e+02 cycle=883 time=1.103750e+01 dt=1.250000e-02
elapsed=5.382534e+02 cycle=884 time=1.105000e+01 dt=1.250000e-02
elapsed=5.388327e+02 cycle=885 time=1.106250e+01 dt=1.250000e-02
elapsed=5.394280e+02 cycle=886 time=1.107500e+01 dt=1.250000e-02
elapsed=5.400197e+02 cycle=887 time=1.108750e+01 dt=1.250000e-02
elapsed=5.406126e+02 cycle=888 time=1.110000e+01 dt=1.250000e-02
elapsed=5.412032e+02 cycle=889 time=1.111250e+01 dt=1.250000e-02
elapsed=5.417872e+02 cycle=890 time=1.112500e+01 dt=1.250000e-02
elapsed=5.423669e+02 cycle=891 time=1.113750e+01 dt=1.250000e-02
elapsed=5.429464e+02 cycle=892 time=1.115000e+01 dt=1.250000e-02
elapsed=5.435410e+02 cycle=893 time=1.116250e+01 dt=1.250000e-02
elapsed=5.441434e+02 cycle=894 time=1.117500e+01 dt=1.250000e-02
elapsed=5.447452e+02 cycle=895 time=1.118750e+01 dt=1.250000e-02
elapsed=5.453375e+02 cycle=896 time=1.120000e+01 dt=1.250000e-02
elapsed=5.459182e+02 cycle=897 time=1.121250e+01 dt=1.250000e-02
elapsed=5.464993e+02 cycle=898 time=1.122500e+01 dt=1.250000e-02
elapsed=5.470775e+02 cycle=899 time=1.123750e+01 dt=1.250000e-02
elapsed=5.478819e+02 cycle=900 time=1.125000e+01 dt=1.250000e-02
elapsed=5.484699e+02 cycle=901 time=1.126250e+01 dt=1.250000e-02
elapsed=5.490683e+02 cycle=902 time=1.127500e+01 dt=1.250000e-02
elapsed=5.496713e+02 cycle=903 time=1.128750e+01 dt=1.250000e-02
elapsed=5.502600e+02 cycle=904 time=1.130000e+01 dt=1.250000e-02
elapsed=5.508435e+02 cycle=905 time=1.131250e+01 dt=1.250000e-02
elapsed=5.514264e+02 cycle=906 time=1.132500e+01 dt=1.250000e-02
elapsed=5.520291e+02 cycle=907 time=1.133750e+01 dt=1.250000e-02
elapsed=5.526214e+02 cycle=908 time=1.135000e+01 dt=1.250000e-02
elapsed=5.532207e+02 cycle=909 time=1.136250e+01 dt=1.250000e-02
elapsed=5.538281e+02 cycle=910 time=1.137500e+01 dt=1.250000e-02
elapsed=5.544106e+02 cycle=911 time=1.138750e+01 dt=1.250000e-02
elapsed=5.549973e+02 cycle=912 time=1.140000e+01 dt=1.250000e-02
elapsed=5.555782e+02 cycle=913 time=1.141250e+01 dt=1.250000e-02
elapsed=5.561788e+02 cycle=914 time=1.142500e+01 dt=1.250000e-02
elapsed=5.567809e+02 cycle=915 time=1.143750e+01 dt=1.250000e-02
elapsed=5.573742e+02 cycle=916 time=1.145000e+01 dt=1.250000e-02
elapsed=5.579695e+02 cycle=917 time=1.146250e+01 dt=1.250000e-02
elapsed=5.585532e+02 cycle=918 time=1.147500e+01 dt=1.250000e-02
elapsed=5.591484e+02 cycle=919 time=1.148750e+01 dt=1.250000e-02
elapsed=5.601225e+02 cycle=920 time=1.150000e+01 dt=1.250000e-02
elapsed=5.607134e+02 cycle=921 time=1.151250e+01 dt=1.250000e-02
elapsed=5.613054e+02 cycle=922 time=1.152500e+01 dt=1.250000e-02
elapsed=5.619080e+02 cycle=923 time=1.153750e+01 dt=1.250000e-02
elapsed=5.624969e+02 cycle=924 time=1.155000e+01 dt=1.250000e-02
elapsed=5.630789e+02 cycle=925 time=1.156250e+01 dt=1.250000e-02
elapsed=5.636627e+02 cycle=926 time=1.157500e+01 dt=1.250000e-02
elapsed=5.642524e+02 cycle=927 time=1.158750e+01 dt=1.250000e-02
elapsed=5.648403e+02 cycle=928 time=1.160000e+01 dt=1.250000e-02
elapsed=5.654295e+02 cycle=929 time=1.161250e+01 dt=1.250000e-02
elapsed=5.660225e+02 cycle=930 time=1.162500e+01 dt=1.250000e-02
elapsed=5.666089e+02 cycle=931 time=1.163750e+01 dt=1.250000e-02
elapsed=5.671938e+02 cycle=932 time=1.165000e+01 dt=1.250000e-02
elapsed=5.677795e+02 cycle=933 time=1.166250e+01 dt=1.250000e-02
elapsed=5.683672e+02 cycle=934 time=1.167500e+01 dt=1.250000e-02
elapsed=5.689559e+02 cycle=935 time=1.168750e+01 dt=1.250000e-02
elapsed=5.695620e+02 cycle=936 time=1.170000e+01 dt=1.250000e-02
elapsed=5.701669e+02 cycle=937 time=1.171250e+01 dt=1.250000e-02
elapsed=5.707533e+02 cycle=938 time=1.172500e+01 dt=1.250000e-02
elapsed=5.713350e+02 cycle=939 time=1.173750e+01 dt=1.250000e-02
elapsed=5.721379e+02 cycle=940 time=1.175000e+01 dt=1.250000e-02
elapsed=5.727249e+02 cycle=941 time=1.176250e+01 dt=1.250000e-02
elapsed=5.733164e+02 cycle=942 time=1.177500e+01 dt=1.250000e-02
elapsed=5.739053e+02 cycle=943 time=1.178750e+01 dt=1.250000e-02
elapsed=5.744966e+02 cycle=944 time=1.180000e+01 dt=1.250000e-02
elapsed=5.750788e+02 cycle=945 time=1.181250e+01 dt=1.250000e-02
elapsed=5.756601e+02 cycle=946 time=1.182500e+01 dt=1.250000e-02
elapsed=5.762387e+02 cycle=947 time=1.183750e+01 dt=1.250000e-02
elapsed=5.768261e+02 cycle=948 time=1.185000e+01 dt=1.250000e-02
elapsed=5.774117e+02 cycle=949 time=1.186250e+01 dt=1.250000e-02
elapsed=5.780012e+02 cycle=950 time=1.187500e+01 dt=1.250000e-02
elapsed=5.785912e+02 cycle=951 time=1.188750e+01 dt=1.250000e-02
elapsed=5.791728e+02 cycle=952 time=1.190000e+01 dt=1.250000e-02
elapsed=5.797520e+02 cycle=953 time=1.191250e+01 dt=1.250000e-02
elapsed=5.803323e+02 cycle=954 time=1.192500e+01 dt=1.250000e-02
elapsed=5.809174e+02 cycle=955 time=1.193750e+01 dt=1.250000e-02
elapsed=5.815043e+02 cycle=956 time=1.195000e+01 dt=1.250000e-02
elapsed=5.820922e+02 cycle=957 time=1.196250e+01 dt=1.250000e-02
elapsed=5.826818e+02 cycle=958 time=1.197500e+01 dt=1.250000e-02
elapsed=5.832619e+02 cycle=959 time=1.198750e+01 dt=1.250000e-02
elapsed=5.845697e+02 cycle=960 time=1.200000e+01 dt=1.250000e-02
elapsed=5.851596e+02 cycle=961 time=1.201250e+01 dt=1.250000e-02
elapsed=5.857492e+02 cycle=962 time=1.202500e+01 dt=1.250000e-02
elapsed=5.863371e+02 cycle=963 time=1.203750e+01 dt=1.250000e-02
elapsed=5.869294e+02 cycle=964 time=1.205000e+01 dt=1.250000e-02
elapsed=5.875199e+02 cycle=965 time=1.206250e+01 dt=1.250000e-02
elapsed=5.881049e+02 cycle=966 time=1.207500e+01 dt=1.250000e-02
elapsed=5.886846e+02 cycle=967 time=1.208750e+01 dt=1.250000e-02
elapsed=5.892781e+02 cycle=968 time=1.210000e+01 dt=1.250000e-02
elapsed=5.898738e+02 cycle=969 time=1.211250e+01 dt=1.250000e-02
elapsed=5.904749e+02 cycle=970 time=1.212500e+01 dt=1.250000e-02
elapsed=5.910754e+02 cycle=971 time=1.213750e+01 dt=1.250000e-02
elapsed=5.916700e+02 cycle=972 time=1.215000e+01 dt=1.250000e-02
elapsed=5.922541e+02 cycle=973 time=1.216250e+01 dt=1.250000e-02
elapsed=5.928338e+02 cycle=974 time=1.217500e+01 dt=1.250000e-02
elapsed=5.934115e+02 cycle=975 time=1.218750e+01 dt=1.250000e-02
elapsed=5.939992e+02 cycle=976 time=1.220000e+01 dt=1.250000e-02
elapsed=5.945872e+02 cycle=977 time=1.221250e+01 dt=1.250000e-02
elapsed=5.951899e+02 cycle=978 time=1.222500e+01 dt=1.250000e-02
elapsed=5.957818e+02 cycle=979 time=1.223750e+01 dt=1.250000e-02
elapsed=5.965767e+02 cycle=980 time=1.225000e+01 dt=1.250000e-02
elapsed=5.971572e+02 cycle=981 time=1.226250e+01 dt=1.250000e-02
elapsed=5.977405e+02 cycle=982 time=1.227500e+01 dt=1.250000e-02
elapsed=5.983363e+02 cycle=983 time=1.228750e+01 dt=1.250000e-02
elapsed=5.989246e+02 cycle=984 time=1.230000e+01 dt=1.250000e-02
elapsed=5.995132e+02 cycle=985 time=1.231250e+01 dt=1.250000e-02
elapsed=6.001018e+02 cycle=986 time=1.232500e+01 dt=1.250000e-02
elapsed=6.006829e+02 cycle=987 time=1.233750e+01 dt=1.250000e-02
elapsed=6.012633e+02 cycle=988 time=1.235000e+01 dt=1.250000e-02
elapsed=6.018488e+02 cycle=989 time=1.236250e+01 dt=1.250000e-02
elapsed=6.024504e+02 cycle=990 time=1.237500e+01 dt=1.250000e-02
elapsed=6.030570e+02 cycle=991 time=1.238750e+01 dt=1.250000e-02
elapsed=6.036620e+02 cycle=992 time=1.240000e+01 dt=1.250000e-02
elapsed=6.042486e+02 cycle=993 time=1.241250e+01 dt=1.250000e-02
elapsed=6.048327e+02 cycle=994 time=1.242500e+01 dt=1.250000e-02
elapsed=6.054150e+02 cycle=995 time=1.243750e+01 dt=1.250000e-02
elapsed=6.060012e+02 cycle=996 time=1.245000e+01 dt=1.250000e-02
elapsed=6.065869e+02 cycle=997 time=1.246250e+01 dt=1.250000e-02
elapsed=6.071769e+02 cycle=998 time=1.247500e+01 dt=1.250000e-02
elapsed=6.077676e+02 cycle=999 time=1.248750e+01 dt=1.250000e-02
elapsed=6.087459e+02 cycle=1000 time=1.250000e+01 dt=1.250000e-02
elapsed=6.093291e+02 cycle=1001 time=1.251250e+01 dt=1.250000e-02
elapsed=6.099113e+02 cycle=1002 time=1.252500e+01 dt=1.250000e-02
elapsed=6.104997e+02 cycle=1003 time=1.253750e+01 dt=1.250000e-02
elapsed=6.110884e+02 cycle=1004 time=1.255000e+01 dt=1.250000e-02
elapsed=6.116780e+02 cycle=1005 time=1.256250e+01 dt=1.250000e-02
elapsed=6.122717e+02 cycle=1006 time=1.257500e+01 dt=1.250000e-02
elapsed=6.128560e+02 cycle=1007 time=1.258750e+01 dt=1.250000e-02
elapsed=6.134388e+02 cycle=1008 time=1.260000e+01 dt=1.250000e-02
elapsed=6.140204e+02 cycle=1009 time=1.261250e+01 dt=1.250000e-02
elapsed=6.146159e+02 cycle=1010 time=1.262500e+01 dt=1.250000e-02
elapsed=6.152253e+02 cycle=1011 time=1.263750e+01 dt=1.250000e-02
elapsed=6.158292e+02 cycle=1012 time=1.265000e+01 dt=1.250000e-02
elapsed=6.164201e+02 cycle=1013 time=1.266250e+01 dt=1.250000e-02
elapsed=6.170172e+02 cycle=1014 time=1.267500e+01 dt=1.250000e-02
elapsed=6.175983e+02 cycle=1015 time=1.268750e+01 dt=1.250000e-02
elapsed=6.181797e+02 cycle=1016 time=1.270000e+01 dt=1.250000e-02
elapsed=6.187796e+02 cycle=1017 time=1.271250e+01 dt=1.250000e-02
elapsed=6.194068e+02 cycle=1018 time=1.272500e+01 dt=1.250000e-02
elapsed=6.199971e+02 cycle=1019 time=1.273750e+01 dt=1.250000e-02
elapsed=6.208043e+02 cycle=1020 time=1.275000e+01 dt=1.250000e-02
elapsed=6.213879e+02 cycle=1021 time=1.276250e+01 dt=1.250000e-02
elapsed=6.219797e+02 cycle=1022 time=1.277500e+01 dt=1.250000e-02
elapsed=6.225617e+02 cycle=1023 time=1.278750e+01 dt=1.250000e-02
elapsed=6.231539e+02 cycle=1024 time=1.280000e+01 dt=1.250000e-02
elapsed=6.237401e+02 cycle=1025 time=1.281250e+01 dt=1.250000e-02
elapsed=6.243292e+02 cycle=1026 time=1.282500e+01 dt=1.250000e-02
elapsed=6.249157e+02 cycle=1027 time=1.283750e+01 dt=1.250000e-02
elapsed=6.254972e+02 cycle=1028 time=1.285000e+01 dt=1.250000e-02
elapsed=6.260764e+02 cycle=1029 time=1.286250e+01 dt=1.250000e-02
elapsed=6.266568e+02 cycle=1030 time=1.287500e+01 dt=1.250000e-02
elapsed=6.272500e+02 cycle=1031 time=1.288750e+01 dt=1.250000e-02
elapsed=6.278473e+02 cycle=1032 time=1.290000e+01 dt=1.250000e-02
elapsed=6.284370e+02 cycle=1033 time=1.291250e+01 dt=1.250000e-02
elapsed=6.290234e+02 cycle=1034 time=1.292500e+01 dt=1.250000e-02
elapsed=6.296031e+02 cycle=1035 time=1.293750e+01 dt=1.250000e-02
elapsed=6.301846e+02 cycle=1036 time=1.295000e+01 dt=1.250000e-02
elapsed=6.307706e+02 cycle=1037 time=1.296250e+01 dt=1.250000e-02
elapsed=6.313700e+02 cycle=1038 time=1.297500e+01 dt=1.250000e-02
elapsed=6.319692e+02 cycle=1039 time=1.298750e+01 dt=1.250000e-02
elapsed=6.332814e+02 cycle=1040 time=1.300000e+01 dt=1.250000e-02
elapsed=6.338682e+02 cycle=1041 time=1.301250e+01 dt=1.250000e-02
elapsed=6.344503e+02 cycle=1042 time=1.302500e+01 dt=1.250000e-02
elapsed=6.350288e+02 cycle=1043 time=1.303750e+01 dt=1.250000e-02
elapsed=6.356174e+02 cycle=1044 time=1.305000e+01 dt=1.250000e-02
elapsed=6.362020e+02 cycle=1045 time=1.306250e+01 dt=1.250000e-02
elapsed=6.367900e+02 cycle=1046 time=1.307500e+01 dt=1.250000e-02
elapsed=6.373824e+02 cycle=1047 time=1.308750e+01 dt=1.250000e-02
elapsed=6.379757e+02 cycle=1048 time=1.310000e+01 dt=1.250000e-02
elapsed=6.385553e+02 cycle=1049 time=1.311250e+01 dt=1.250000e-02
elapsed=6.391349e+02 cycle=1050 time=1.312500e+01 dt=1.250000e-02
elapsed=6.397213e+02 cycle=1051 time=1.313750e+01 dt=1.250000e-02
elapsed=6.403073e+02 cycle=1052 time=1.315000e+01 dt=1.250000e-02
elapsed=6.408941e+02 cycle=1053 time=1.316250e+01 dt=1.250000e-02
elapsed=6.414839e+02 cycle=1054 time=1.317500e+01 dt=1.250000e-02
elapsed=6.420648e+02 cycle=1055 time=1.318750e+01 dt=1.250000e-02
elapsed=6.426464e+02 cycle=1056 time=1.320000e+01 dt=1.250000e-02
elapsed=6.432249e+02 cycle=1057 time=1.321250e+01 dt=1.250000e-02
elapsed=6.438206e+02 cycle=1058 time=1.322500e+01 dt=1.250000e-02
elapsed=6.444124e+02 cycle=1059 time=1.323750e+01 dt=1.250000e-02
elapsed=6.452233e+02 cycle=1060 time=1.325000e+01 dt=1.250000e-02
elapsed=6.458259e+02 cycle=1061 time=1.326250e+01 dt=1.250000e-02
elapsed=6.464075e+02 cycle=1062 time=1.327500e+01 dt=1.250000e-02
elapsed=6.469863e+02 cycle=1063 time=1.328750e+01 dt=1.250000e-02
elapsed=6.475719e+02 cycle=1064 time=1.330000e+01 dt=1.250000e-02
elapsed=6.481619e+02 cycle=1065 time=1.331250e+01 dt=1.250000e-02
elapsed=6.487494e+02 cycle=1066 time=1.332500e+01 dt=1.250000e-02
elapsed=6.493676e+02 cycle=1067 time=1.333750e+01 dt=1.250000e-02
elapsed=6.499590e+02 cycle=1068 time=1.335000e+01 dt=1.250000e-02
elapsed=6.505402e+02 cycle=1069 time=1.336250e+01 dt=1.250000e-02
elapsed=6.511214e+02 cycle=1070 time=1.337500e+01 dt=1.250000e-02
elapsed=6.517020e+02 cycle=1071 time=1.338750e+01 dt=1.250000e-02
elapsed=6.522925e+02 cycle=1072 time=1.340000e+01 dt=1.250000e-02
elapsed=6.528818e+02 cycle=1073 time=1.341250e+01 dt=1.250000e-02
elapsed=6.534777e+02 cycle=1074 time=1.342500e+01 dt=1.250000e-02
elapsed=6.540727e+02 cycle=1075 time=1.343750e+01 dt=1.250000e-02
elapsed=6.546568e+02 cycle=1076 time=1.345000e+01 dt=1.250000e-02
elapsed=6.552376e+02 cycle=1077 time=1.346250e+01 dt=1.250000e-02
elapsed=6.558221e+02 cycle=1078 time=1.347500e+01 dt=1.250000e-02
elapsed=6.564245e+02 cycle=1079 time=1.348750e+01 dt=1.250000e-02
elapsed=6.574132e+02 cycle=1080 time=1.350000e+01 dt=1.250000e-02
elapsed=6.580100e+02 cycle=1081 time=1.351250e+01 dt=1.250000e-02
elapsed=6.585975e+02 cycle=1082 time=1.352500e+01 dt=1.250000e-02
elapsed=6.591788e+02 cycle=1083 time=1.353750e+01 dt=1.250000e-02
elapsed=6.597605e+02 cycle=1084 time=1.355000e+01 dt=1.250000e-02
elapsed=6.603482e+02 cycle=1085 time=1.356250e+01 dt=1.250000e-02
elapsed=6.609499e+02 cycle=1086 time=1.357500e+01 dt=1.250000e-02
elapsed=6.615390e+02 cycle=1087 time=1.358750e+01 dt=1.250000e-02
elapsed=6.621318e+02 cycle=1088 time=1.360000e+01 dt=1.250000e-02
elapsed=6.627163e+02 cycle=1089 time=1.361250e+01 dt=1.250000e-02
elapsed=6.632991e+02 cycle=1090 time=1.362500e+01 dt=1.250000e-02
elapsed=6.638804e+02 cycle=1091 time=1.363750e+01 dt=1.250000e-02
elapsed=6.644734e+02 cycle=1092 time=1.365000e+01 dt=1.250000e-02
elapsed=6.650692e+02 cycle=1093 time=1.366250e+01 dt=1.250000e-02
elapsed=6.656610e+02 cycle=1094 time=1.367500e+01 dt=1.250000e-02
elapsed=6.662524e+02 cycle=1095 time=1.368750e+01 dt=1.250000e-02
elapsed=6.668374e+02 cycle=1096 time=1.370000e+01 dt=1.250000e-02
elapsed=6.674216e+02 cycle=1097 time=1.371250e+01 dt=1.250000e-02
elapsed=6.680039e+02 cycle=1098 time=1.372500e+01 dt=1.250000e-02
elapsed=6.685922e+02 cycle=1099 time=1.373750e+01 dt=1.250000e-02
elapsed=6.693967e+02 cycle=1100 time=1.375000e+01 dt=1.250000e-02
elapsed=6.699919e+02 cycle=1101 time=1.376250e+01 dt=1.250000e-02
elapsed=6.705851e+02 cycle=1102 time=1.377500e+01 dt=1.250000e-02
elapsed=6.711673e+02 cycle=1103 time=1.378750e+01 dt=1.250000e-02
elapsed=6.717496e+02 cycle=1104 time=1.380000e+01 dt=1.250000e-02
elapsed=6.723325e+02 cycle=1105 time=1.381250e+01 dt=1.250000e-02
elapsed=6.729195e+02 cycle=1106 time=1.382500e+01 dt=1.250000e-02
elapsed=6.735055e+02 cycle=1107 time=1.383750e+01 dt=1.250000e-02
elapsed=6.741082e+02 cycle=1108 time=1.385000e+01 dt=1.250000e-02
elapsed=6.747059e+02 cycle=1109 time=1.386250e+01 dt=1.250000e-02
elapsed=6.752911e+02 cycle=1110 time=1.387500e+01 dt=1.250000e-02
elapsed=6.758713e+02 cycle=1111 time=1.388750e+01 dt=1.250000e-02
elapsed=6.764510e+02 cycle=1112 time=1.390000e+01 dt=1.250000e-02
elapsed=6.770396e+02 cycle=1113 time=1.391250e+01 dt=1.250000e-02
elapsed=6.776270e+02 cycle=1114 time=1.392500e+01 dt=1.250000e-02
elapsed=6.782190e+02 cycle=1115 time=1.393750e+01 dt=1.250000e-02
elapsed=6.788060e+02 cycle=1116 time=1.395000e+01 dt=1.250000e-02
elapsed=6.794156e+02 cycle=1117 time=1.396250e+01 dt=1.250000e-02
elapsed=6.799967e+02 cycle=1118 time=1.397500e+01 dt=1.250000e-02
elapsed=6.805748e+02 cycle=1119 time=1.398750e+01 dt=1.250000e-02
elapsed=6.818951e+02 cycle=1120 time=1.400000e+01 dt=1.250000e-02
elapsed=6.824886e+02 cycle=1121 time=1.401250e+01 dt=1.250000e-02
elapsed=6.830821e+02 cycle=1122 time=1.402500e+01 dt=1.250000e-02
elapsed=6.836685e+02 cycle=1123 time=1.403750e+01 dt=1.250000e-02
elapsed=6.842503e+02 cycle=1124 time=1.405000e+01 dt=1.250000e-02
elapsed=6.848290e+02 cycle=1125 time=1.406250e+01 dt=1.250000e-02
elapsed=6.854136e+02 cycle=1126 time=1.407500e+01 dt=1.250000e-02
elapsed=6.860088e+02 cycle=1127 time=1.408750e+01 dt=1.250000e-02
elapsed=6.866138e+02 cycle=1128 time=1.410000e+01 dt=1.250000e-02
elapsed=6.872159e+02 cycle=1129 time=1.411250e+01 dt=1.250000e-02
elapsed=6.878140e+02 cycle=1130 time=1.412500e+01 dt=1.250000e-02
elapsed=6.883935e+02 cycle=1131 time=1.413750e+01 dt=1.250000e-02
elapsed=6.889741e+02 cycle=1132 time=1.415000e+01 dt=1.250000e-02
elapsed=6.895621e+02 cycle=1133 time=1.416250e+01 dt=1.250000e-02
elapsed=6.901608e+02 cycle=1134 time=1.417500e+01 dt=1.250000e-02
elapsed=6.907620e+02 cycle=1135 time=1.418750e+01 dt=1.250000e-02
elapsed=6.913542e+02 cycle=1136 time=1.420000e+01 dt=1.250000e-02
elapsed=6.919355e+02 cycle=1137 time=1.421250e+01 dt=1.250000e-02
elapsed=6.925245e+02 cycle=1138 time=1.422500e+01 dt=1.250000e-02
elapsed=6.931025e+02 cycle=1139 time=1.423750e+01 dt=1.250000e-02
elapsed=6.939049e+02 cycle=1140 time=1.425000e+01 dt=1.250000e-02
elapsed=6.944948e+02 cycle=1141 time=1.426250e+01 dt=1.250000e-02
elapsed=6.950872e+02 cycle=1142 time=1.427500e+01 dt=1.250000e-02
elapsed=6.956761e+02 cycle=1143 time=1.428750e+01 dt=1.250000e-02
elapsed=6.962586e+02 cycle=1144 time=1.430000e+01 dt=1.250000e-02
elapsed=6.968458e+02 cycle=1145 time=1.431250e+01 dt=1.250000e-02
elapsed=6.974281e+02 cycle=1146 time=1.432500e+01 dt=1.250000e-02
elapsed=6.980158e+02 cycle=1147 time=1.433750e+01 dt=1.250000e-02
elapsed=6.986045e+02 cycle=1148 time=1.435000e+01 dt=1.250000e-02
elapsed=6.992003e+02 cycle=1149 time=1.436250e+01 dt=1.250000e-02
elapsed=6.997906e+02 cycle=1150 time=1.437500e+01 dt=1.250000e-02
elapsed=7.003721e+02 cycle=1151 time=1.438750e+01 dt=1.250000e-02
elapsed=7.009535e+02 cycle=1152 time=1.440000e+01 dt=1.250000e-02
elapsed=7.015341e+02 cycle=1153 time=1.441250e+01 dt=1.250000e-02
elapsed=7.021263e+02 cycle=1154 time=1.442500e+01 dt=1.250000e-02
elapsed=7.027142e+02 cycle=1155 time=1.443750e+01 dt=1.250000e-02
elapsed=7.033203e+02 cycle=1156 time=1.445000e+01 dt=1.250000e-02
elapsed=7.039170e+02 cycle=1157 time=1.446250e+01 dt=1.250000e-02
elapsed=7.045014e+02 cycle=1158 time=1.447500e+01 dt=1.250000e-02
elapsed=7.050841e+02 cycle=1159 time=1.448750e+01 dt=1.250000e-02
elapsed=7.060523e+02 cycle=1160 time=1.450000e+01 dt=1.250000e-02
elapsed=7.066459e+02 cycle=1161 time=1.451250e+01 dt=1.250000e-02
elapsed=7.072367e+02 cycle=1162 time=1.452500e+01 dt=1.250000e-02
elapsed=7.078260e+02 cycle=1163 time=1.453750e+01 dt=1.250000e-02
elapsed=7.084136e+02 cycle=1164 time=1.455000e+01 dt=1.250000e-02
elapsed=7.089965e+02 cycle=1165 time=1.456250e+01 dt=1.250000e-02
elapsed=7.095938e+02 cycle=1166 time=1.457500e+01 dt=1.250000e-02
elapsed=7.101843e+02 cycle=1167 time=1.458750e+01 dt=1.250000e-02
elapsed=7.107907e+02 cycle=1168 time=1.460000e+01 dt=1.250000e-02
elapsed=7.113817e+02 cycle=1169 time=1.461250e+01 dt=1.250000e-02
elapsed=7.119758e+02 cycle=1170 time=1.462500e+01 dt=1.250000e-02
elapsed=7.125739e+02 cycle=1171 time=1.463750e+01 dt=1.250000e-02
elapsed=7.131579e+02 cycle=1172 time=1.465000e+01 dt=1.250000e-02
elapsed=7.137384e+02 cycle=1173 time=1.466250e+01 dt=1.250000e-02
elapsed=7.143342e+02 cycle=1174 time=1.467500e+01 dt=1.250000e-02
elapsed=7.149356e+02 cycle=1175 time=1.468750e+01 dt=1.250000e-02
elapsed=7.155401e+02 cycle=1176 time=1.470000e+01 dt=1.250000e-02
elapsed=7.161409e+02 cycle=1177 time=1.471250e+01 dt=1.250000e-02
elapsed=7.167265e+02 cycle=1178 time=1.472500e+01 dt=1.250000e-02
elapsed=7.173104e+02 cycle=1179 time=1.473750e+01 dt=1.250000e-02
elapsed=7.181107e+02 cycle=1180 time=1.475000e+01 dt=1.250000e-02
elapsed=7.187088e+02 cycle=1181 time=1.476250e+01 dt=1.250000e-02
elapsed=7.193093e+02 cycle=1182 time=1.477500e+01 dt=1.250000e-02
elapsed=7.199132e+02 cycle=1183 time=1.478750e+01 dt=1.250000e-02
elapsed=7.205134e+02 cycle=1184 time=1.480000e+01 dt=1.250000e-02
elapsed=7.210950e+02 cycle=1185 time=1.481250e+01 dt=1.250000e-02
elapsed=7.216765e+02 cycle=1186 time=1.482500e+01 dt=1.250000e-02
elapsed=7.222596e+02 cycle=1187 time=1.483750e+01 dt=1.250000e-02
elapsed=7.228489e+02 cycle=1188 time=1.485000e+01 dt=1.250000e-02
elapsed=7.234382e+02 cycle=1189 time=1.486250e+01 dt=1.250000e-02
elapsed=7.240315e+02 cycle=1190 time=1.487500e+01 dt=1.250000e-02
elapsed=7.246227e+02 cycle=1191 time=1.488750e+01 dt=1.250000e-02
elapsed=7.252042e+02 cycle=1192 time=1.490000e+01 dt=1.250000e-02
elapsed=7.257839e+02 cycle=1193 time=1.491250e+01 dt=1.250000e-02
elapsed=7.263639e+02 cycle=1194 time=1.492500e+01 dt=1.250000e-02
elapsed=7.269555e+02 cycle=1195 time=1.493750e+01 dt=1.250000e-02
elapsed=7.275440e+02 cycle=1196 time=1.495000e+01 dt=1.250000e-02
elapsed=7.281317e+02 cycle=1197 time=1.496250e+01 dt=1.250000e-02
elapsed=7.287197e+02 cycle=1198 time=1.497500e+01 dt=1.250000e-02
elapsed=7.292997e+02 cycle=1199 time=1.498750e+01 dt=1.250000e-02
elapsed=7.306068e+02 cycle=1200 time=1.500000e+01 dt=1.250000e-02
elapsed=7.311919e+02 cycle=1201 time=1.501250e+01 dt=1.250000e-02
elapsed=7.317823e+02 cycle=1202 time=1.502500e+01 dt=1.250000e-02
elapsed=7.323722e+02 cycle=1203 time=1.503750e+01 dt=1.250000e-02
elapsed=7.329645e+02 cycle=1204 time=1.505000e+01 dt=1.250000e-02
elapsed=7.335507e+02 cycle=1205 time=1.506250e+01 dt=1.250000e-02
elapsed=7.341339e+02 cycle=1206 time=1.507500e+01 dt=1.250000e-02
elapsed=7.347124e+02 cycle=1207 time=1.508750e+01 dt=1.250000e-02
elapsed=7.352993e+02 cycle=1208 time=1.510000e+01 dt=1.250000e-02
elapsed=7.358938e+02 cycle=1209 time=1.511250e+01 dt=1.250000e-02
elapsed=7.365011e+02 cycle=1210 time=1.512500e+01 dt=1.250000e-02
elapsed=7.371118e+02 cycle=1211 time=1.513750e+01 dt=1.250000e-02
elapsed=7.377155e+02 cycle=1212 time=1.515000e+01 dt=1.250000e-02
elapsed=7.382986e+02 cycle=1213 time=1.516250e+01 dt=1.250000e-02
elapsed=7.388833e+02 cycle=1214 time=1.517500e+01 dt=1.250000e-02
elapsed=7.394883e+02 cycle=1215 time=1.518750e+01 dt=1.250000e-02
elapsed=7.401045e+02 cycle=1216 time=1.520000e+01 dt=1.250000e-02
elapsed=7.407197e+02 cycle=1217 time=1.521250e+01 dt=1.250000e-02
elapsed=7.413332e+02 cycle=1218 time=1.522500e+01 dt=1.250000e-02
elapsed=7.419190e+02 cycle=1219 time=1.523750e+01 dt=1.250000e-02
elapsed=7.427145e+02 cycle=1220 time=1.525000e+01 dt=1.250000e-02
elapsed=7.432967e+02 cycle=1221 time=1.526250e+01 dt=1.250000e-02
elapsed=7.438843e+02 cycle=1222 time=1.527500e+01 dt=1.250000e-02
elapsed=7.444710e+02 cycle=1223 time=1.528750e+01 dt=1.250000e-02
elapsed=7.450599e+02 cycle=1224 time=1.530000e+01 dt=1.250000e-02
elapsed=7.456554e+02 cycle=1225 time=1.531250e+01 dt=1.250000e-02
elapsed=7.462403e+02 cycle=1226 time=1.532500e+01 dt=1.250000e-02
elapsed=7.468232e+02 cycle=1227 time=1.533750e+01 dt=1.250000e-02
elapsed=7.474060e+02 cycle=1228 time=1.535000e+01 dt=1.250000e-02
elapsed=7.479990e+02 cycle=1229 time=1.536250e+01 dt=1.250000e-02
elapsed=7.485899e+02 cycle=1230 time=1.537500e+01 dt=1.250000e-02
elapsed=7.491836e+02 cycle=1231 time=1.538750e+01 dt=1.250000e-02
elapsed=7.497762e+02 cycle=1232 time=1.540000e+01 dt=1.250000e-02
elapsed=7.503584e+02 cycle=1233 time=1.541250e+01 dt=1.250000e-02
elapsed=7.509403e+02 cycle=1234 time=1.542500e+01 dt=1.250000e-02
elapsed=7.515194e+02 cycle=1235 time=1.543750e+01 dt=1.250000e-02
elapsed=7.521083e+02 cycle=1236 time=1.545000e+01 dt=1.250000e-02
elapsed=7.526968e+02 cycle=1237 time=1.546250e+01 dt=1.250000e-02
elapsed=7.532882e+02 cycle=1238 time=1.547500e+01 dt=1.250000e-02
elapsed=7.538778e+02 cycle=1239 time=1.548750e+01 dt=1.250000e-02
elapsed=7.548435e+02 cycle=1240 time=1.550000e+01 dt=1.250000e-02
elapsed=7.554257e+02 cycle=1241 time=1.551250e+01 dt=1.250000e-02
elapsed=7.560085e+02 cycle=1242 time=1.552500e+01 dt=1.250000e-02
elapsed=7.566286e+02 cycle=1243 time=1.553750e+01 dt=1.250000e-02
elapsed=7.572537e+02 cycle=1244 time=1.555000e+01 dt=1.250000e-02
elapsed=7.578462e+02 cycle=1245 time=1.556250e+01 dt=1.250000e-02
elapsed=7.584353e+02 cycle=1246 time=1.557500e+01 dt=1.250000e-02
elapsed=7.590186e+02 cycle=1247 time=1.558750e+01 dt=1.250000e-02
elapsed=7.596046e+02 cycle=1248 time=1.560000e+01 dt=1.250000e-02
elapsed=7.601959e+02 cycle=1249 time=1.561250e+01 dt=1.250000e-02
elapsed=7.608256e+02 cycle=1250 time=1.562500e+01 dt=1.250000e-02
elapsed=7.614197e+02 cycle=1251 time=1.563750e+01 dt=1.250000e-02
elapsed=7.620317e+02 cycle=1252 time=1.565000e+01 dt=1.250000e-02
elapsed=7.626200e+02 cycle=1253 time=1.566250e+01 dt=1.250000e-02
elapsed=7.632037e+02 cycle=1254 time=1.567500e+01 dt=1.250000e-02
elapsed=7.637853e+02 cycle=1255 time=1.568750e+01 dt=1.250000e-02
elapsed=7.643727e+02 cycle=1256 time=1.570000e+01 dt=1.250000e-02
elapsed=7.649662e+02 cycle=1257 time=1.571250e+01 dt=1.250000e-02
elapsed=7.655907e+02 cycle=1258 time=1.572500e+01 dt=1.250000e-02
elapsed=7.661977e+02 cycle=1259 time=1.573750e+01 dt=1.250000e-02
elapsed=7.669986e+02 cycle=1260 time=1.575000e+01 dt=1.250000e-02
elapsed=7.675857e+02 cycle=1261 time=1.576250e+01 dt=1.250000e-02
elapsed=7.681683e+02 cycle=1262 time=1.577500e+01 dt=1.250000e-02
elapsed=7.687552e+02 cycle=1263 time=1.578750e+01 dt=1.250000e-02
elapsed=7.693599e+02 cycle=1264 time=1.580000e+01 dt=1.250000e-02
elapsed=7.699503e+02 cycle=1265 time=1.581250e+01 dt=1.250000e-02
elapsed=7.705414e+02 cycle=1266 time=1.582500e+01 dt=1.250000e-02
elapsed=7.711221e+02 cycle=1267 time=1.583750e+01 dt=1.250000e-02
elapsed=7.717043e+02 cycle=1268 time=1.585000e+01 dt=1.250000e-02
elapsed=7.722828e+02 cycle=1269 time=1.586250e+01 dt=1.250000e-02
elapsed=7.728710e+02 cycle=1270 time=1.587500e+01 dt=1.250000e-02
elapsed=7.734571e+02 cycle=1271 time=1.588750e+01 dt=1.250000e-02
elapsed=7.740473e+02 cycle=1272 time=1.590000e+01 dt=1.250000e-02
elapsed=7.746490e+02 cycle=1273 time=1.591250e+01 dt=1.250000e-02
elapsed=7.752419e+02 cycle=1274 time=1.592500e+01 dt=1.250000e-02
elapsed=7.758212e+02 cycle=1275 time=1.593750e+01 dt=1.250000e-02
elapsed=7.764012e+02 cycle=1276 time=1.595000e+01 dt=1.250000e-02
elapsed=7.769886e+02 cycle=1277 time=1.596250e+01 dt=1.250000e-02
elapsed=7.775872e+02 cycle=1278 time=1.597500e+01 dt=1.250000e-02
elapsed=7.781758e+02 cycle=1279 time=1.598750e+01 dt=1.250000e-02
elapsed=7.794922e+02 cycle=1280 time=1.600000e+01 dt=1.250000e-02
elapsed=7.800742e+02 cycle=1281 time=1.601250e+01 dt=1.250000e-02
elapsed=7.806548e+02 cycle=1282 time=1.602500e+01 dt=1.250000e-02
elapsed=7.812335e+02 cycle=1283 time=1.603750e+01 dt=1.250000e-02
elapsed=7.818228e+02 cycle=1284 time=1.605000e+01 dt=1.250000e-02
elapsed=7.824113e+02 cycle=1285 time=1.606250e+01 dt=1.250000e-02
elapsed=7.830009e+02 cycle=1286 time=1.607500e+01 dt=1.250000e-02
elapsed=7.835864e+02 cycle=1287 time=1.608750e+01 dt=1.250000e-02
elapsed=7.841675e+02 cycle=1288 time=1.610000e+01 dt=1.250000e-02
elapsed=7.847457e+02 cycle=1289 time=1.611250e+01 dt=1.250000e-02
elapsed=7.853343e+02 cycle=1290 time=1.612500e+01 dt=1.250000e-02
elapsed=7.859315e+02 cycle=1291 time=1.613750e+01 dt=1.250000e-02
elapsed=7.865331e+02 cycle=1292 time=1.615000e+01 dt=1.250000e-02
elapsed=7.871318e+02 cycle=1293 time=1.616250e+01 dt=1.250000e-02
elapsed=7.877180e+02 cycle=1294 time=1.617500e+01 dt=1.250000e-02
elapsed=7.882973e+02 cycle=1295 time=1.618750e+01 dt=1.250000e-02
elapsed=7.888770e+02 cycle=1296 time=1.620000e+01 dt=1.250000e-02
elapsed=7.894696e+02 cycle=1297 time=1.621250e+01 dt=1.250000e-02
elapsed=7.900696e+02 cycle=1298 time=1.622500e+01 dt=1.250000e-02
elapsed=7.906571e+02 cycle=1299 time=1.623750e+01 dt=1.250000e-02
elapsed=7.914632e+02 cycle=1300 time=1.625000e+01 dt=1.250000e-02
elapsed=7.920457e+02 cycle=1301 time=1.626250e+01 dt=1.250000e-02
elapsed=7.926355e+02 cycle=1302 time=1.627500e+01 dt=1.250000e-02
elapsed=7.932159e+02 cycle=1303 time=1.628750e+01 dt=1.250000e-02
elapsed=7.938039e+02 cycle=1304 time=1.630000e+01 dt=1.250000e-02
elapsed=7.943890e+02 cycle=1305 time=1.631250e+01 dt=1.250000e-02
elapsed=7.949887e+02 cycle=1306 time=1.632500e+01 dt=1.250000e-02
elapsed=7.955796e+02 cycle=1307 time=1.633750e+01 dt=1.250000e-02
elapsed=7.961643e+02 cycle=1308 time=1.635000e+01 dt=1.250000e-02
elapsed=7.967470e+02 cycle=1309 time=1.636250e+01 dt=1.250000e-02
elapsed=7.973285e+02 cycle=1310 time=1.637500e+01 dt=1.250000e-02
elapsed=7.979287e+02 cycle=1311 time=1.638750e+01 dt=1.250000e-02
elapsed=7.985292e+02 cycle=1312 time=1.640000e+01 dt=1.250000e-02
elapsed=7.991471e+02 cycle=1313 time=1.641250e+01 dt=1.250000e-02
elapsed=7.997400e+02 cycle=1314 time=1.642500e+01 dt=1.250000e-02
elapsed=8.003217e+02 cycle=1315 time=1.643750e+01 dt=1.250000e-02
elapsed=8.009041e+02 cycle=1316 time=1.645000e+01 dt=1.250000e-02
elapsed=8.014835e+02 cycle=1317 time=1.646250e+01 dt=1.250000e-02
elapsed=8.020814e+02 cycle=1318 time=1.647500e+01 dt=1.250000e-02
elapsed=8.026699e+02 cycle=1319 time=1.648750e+01 dt=1.250000e-02
elapsed=8.036432e+02 cycle=1320 time=1.650000e+01 dt=1.250000e-02
elapsed=8.042322e+02 cycle=1321 time=1.651250e+01 dt=1.250000e-02
elapsed=8.048145e+02 cycle=1322 time=1.652500e+01 dt=1.250000e-02
elapsed=8.053944e+02 cycle=1323 time=1.653750e+01 dt=1.250000e-02
elapsed=8.059842e+02 cycle=1324 time=1.655000e+01 dt=1.250000e-02
elapsed=8.065709e+02 cycle=1325 time=1.656250e+01 dt=1.250000e-02
elapsed=8.071616e+02 cycle=1326 time=1.657500e+01 dt=1.250000e-02
elapsed=8.077606e+02 cycle=1327 time=1.658750e+01 dt=1.250000e-02
elapsed=8.083481e+02 cycle=1328 time=1.660000e+01 dt=1.250000e-02
elapsed=8.089300e+02 cycle=1329 time=1.661250e+01 dt=1.250000e-02
elapsed=8.095117e+02 cycle=1330 time=1.662500e+01 dt=1.250000e-02
elapsed=8.101052e+02 cycle=1331 time=1.663750e+01 dt=1.250000e-02
elapsed=8.107124e+02 cycle=1332 time=1.665000e+01 dt=1.250000e-02
elapsed=8.113185e+02 cycle=1333 time=1.666250e+01 dt=1.250000e-02
elapsed=8.119239e+02 cycle=1334 time=1.667500e+01 dt=1.250000e-02
elapsed=8.125102e+02 cycle=1335 time=1.668750e+01 dt=1.250000e-02
elapsed=8.130954e+02 cycle=1336 time=1.670000e+01 dt=1.250000e-02
elapsed=8.136780e+02 cycle=1337 time=1.671250e+01 dt=1.250000e-02
elapsed=8.142702e+02 cycle=1338 time=1.672500e+01 dt=1.250000e-02
elapsed=8.148603e+02 cycle=1339 time=1.673750e+01 dt=1.250000e-02
elapsed=8.156785e+02 cycle=1340 time=1.675000e+01 dt=1.250000e-02
elapsed=8.162717e+02 cycle=1341 time=1.676250e+01 dt=1.250000e-02
elapsed=8.168557e+02 cycle=1342 time=1.677500e+01 dt=1.250000e-02
elapsed=8.174376e+02 cycle=1343 time=1.678750e+01 dt=1.250000e-02
elapsed=8.180211e+02 cycle=1344 time=1.680000e+01 dt=1.250000e-02
elapsed=8.186111e+02 cycle=1345 time=1.681250e+01 dt=1.250000e-02
elapsed=8.191998e+02 cycle=1346 time=1.682500e+01 dt=1.250000e-02
elapsed=8.197885e+02 cycle=1347 time=1.683750e+01 dt=1.250000e-02
elapsed=8.203779e+02 cycle=1348 time=1.685000e+01 dt=1.250000e-02
elapsed=8.209593e+02 cycle=1349 time=1.686250e+01 dt=1.250000e-02
elapsed=8.215396e+02 cycle=1350 time=1.687500e+01 dt=1.250000e-02
elapsed=8.221179e+02 cycle=1351 time=1.688750e+01 dt=1.250000e-02
elapsed=8.227130e+02 cycle=1352 time=1.690000e+01 dt=1.250000e-02
elapsed=8.233020e+02 cycle=1353 time=1.691250e+01 dt=1.250000e-02
elapsed=8.238936e+02 cycle=1354 time=1.692500e+01 dt=1.250000e-02
elapsed=8.244966e+02 cycle=1355 time=1.693750e+01 dt=1.250000e-02
elapsed=8.250925e+02 cycle=1356 time=1.695000e+01 dt=1.250000e-02
elapsed=8.256713e+02 cycle=1357 time=1.696250e+01 dt=1.250000e-02
elapsed=8.262507e+02 cycle=1358 time=1.697500e+01 dt=1.250000e-02
elapsed=8.268380e+02 cycle=1359 time=1.698750e+01 dt=1.250000e-02
elapsed=8.281708e+02 cycle=1360 time=1.700000e+01 dt=1.250000e-02
elapsed=8.287626e+02 cycle=1361 time=1.701250e+01 dt=1.250000e-02
elapsed=8.293687e+02 cycle=1362 time=1.702500e+01 dt=1.250000e-02
elapsed=8.299487e+02 cycle=1363 time=1.703750e+01 dt=1.250000e-02
elapsed=8.305292e+02 cycle=1364 time=1.705000e+01 dt=1.250000e-02
elapsed=8.311117e+02 cycle=1365 time=1.706250e+01 dt=1.250000e-02
elapsed=8.316979e+02 cycle=1366 time=1.707500e+01 dt=1.250000e-02
elapsed=8.322848e+02 cycle=1367 time=1.708750e+01 dt=1.250000e-02
elapsed=8.328828e+02 cycle=1368 time=1.710000e+01 dt=1.250000e-02
elapsed=8.334678e+02 cycle=1369 time=1.711250e+01 dt=1.250000e-02
elapsed=8.340488e+02 cycle=1370 time=1.712500e+01 dt=1.250000e-02
elapsed=8.346273e+02 cycle=1371 time=1.713750e+01 dt=1.250000e-02
elapsed=8.352187e+02 cycle=1372 time=1.715000e+01 dt=1.250000e-02
elapsed=8.358191e+02 cycle=1373 time=1.716250e+01 dt=1.250000e-02
elapsed=8.364132e+02 cycle=1374 time=1.717500e+01 dt=1.250000e-02
elapsed=8.370059e+02 cycle=1375 time=1.718750e+01 dt=1.250000e-02
elapsed=8.375928e+02 cycle=1376 time=1.720000e+01 dt=1.250000e-02
elapsed=8.381720e+02 cycle=1377 time=1.721250e+01 dt=1.250000e-02
elapsed=8.387514e+02 cycle=1378 time=1.722500e+01 dt=1.250000e-02
elapsed=8.393356e+02 cycle=1379 time=1.723750e+01 dt=1.250000e-02
elapsed=8.401401e+02 cycle=1380 time=1.725000e+01 dt=1.250000e-02
elapsed=8.407315e+02 cycle=1381 time=1.726250e+01 dt=1.250000e-02
elapsed=8.413222e+02 cycle=1382 time=1.727500e+01 dt=1.250000e-02
elapsed=8.419021e+02 cycle=1383 time=1.728750e+01 dt=1.250000e-02
elapsed=8.424826e+02 cycle=1384 time=1.730000e+01 dt=1.250000e-02
elapsed=8.430648e+02 cycle=1385 time=1.731250e+01 dt=1.250000e-02
elapsed=8.436601e+02 cycle=1386 time=1.732500e+01 dt=1.250000e-02
elapsed=8.442508e+02 cycle=1387 time=1.733750e+01 dt=1.250000e-02
elapsed=8.448443e+02 cycle=1388 time=1.735000e+01 dt=1.250000e-02
elapsed=8.454413e+02 cycle=1389 time=1.736250e+01 dt=1.250000e-02
elapsed=8.460377e+02 cycle=1390 time=1.737500e+01 dt=1.250000e-02
elapsed=8.466209e+02 cycle=1391 time=1.738750e+01 dt=1.250000e-02
elapsed=8.472028e+02 cycle=1392 time=1.740000e+01 dt=1.250000e-02
elapsed=8.477927e+02 cycle=1393 time=1.741250e+01 dt=1.250000e-02
elapsed=8.483821e+02 cycle=1394 time=1.742500e+01 dt=1.250000e-02
elapsed=8.489714e+02 cycle=1395 time=1.743750e+01 dt=1.250000e-02
elapsed=8.495604e+02 cycle=1396 time=1.745000e+01 dt=1.250000e-02
elapsed=8.501416e+02 cycle=1397 time=1.746250e+01 dt=1.250000e-02
elapsed=8.507244e+02 cycle=1398 time=1.747500e+01 dt=1.250000e-02
elapsed=8.513045e+02 cycle=1399 time=1.748750e+01 dt=1.250000e-02
elapsed=8.522812e+02 cycle=1400 time=1.750000e+01 dt=1.250000e-02
elapsed=8.528728e+02 cycle=1401 time=1.751250e+01 dt=1.250000e-02
elapsed=8.534650e+02 cycle=1402 time=1.752500e+01 dt=1.250000e-02
elapsed=8.540518e+02 cycle=1403 time=1.753750e+01 dt=1.250000e-02
elapsed=8.546350e+02 cycle=1404 time=1.755000e+01 dt=1.250000e-02
elapsed=8.552197e+02 cycle=1405 time=1.756250e+01 dt=1.250000e-02
elapsed=8.558077e+02 cycle=1406 time=1.757500e+01 dt=1.250000e-02
elapsed=8.564117e+02 cycle=1407 time=1.758750e+01 dt=1.250000e-02
elapsed=8.570195e+02 cycle=1408 time=1.760000e+01 dt=1.250000e-02
elapsed=8.576196e+02 cycle=1409 time=1.761250e+01 dt=1.250000e-02
elapsed=8.582071e+02 cycle=1410 time=1.762500e+01 dt=1.250000e-02
elapsed=8.587893e+02 cycle=1411 time=1.763750e+01 dt=1.250000e-02
elapsed=8.593962e+02 cycle=1412 time=1.765000e+01 dt=1.250000e-02
elapsed=8.599866e+02 cycle=1413 time=1.766250e+01 dt=1.250000e-02
elapsed=8.605870e+02 cycle=1414 time=1.767500e+01 dt=1.250000e-02
elapsed=8.611757e+02 cycle=1415 time=1.768750e+01 dt=1.250000e-02
elapsed=8.617675e+02 cycle=1416 time=1.770000e+01 dt=1.250000e-02
elapsed=8.623511e+02 cycle=1417 time=1.771250e+01 dt=1.250000e-02
elapsed=8.629352e+02 cycle=1418 time=1.772500e+01 dt=1.250000e-02
elapsed=8.635161e+02 cycle=1419 time=1.773750e+01 dt=1.250000e-02
elapsed=8.643182e+02 cycle=1420 time=1.775000e+01 dt=1.250000e-02
elapsed=8.649141e+02 cycle=1421 time=1.776250e+01 dt=1.250000e-02
elapsed=8.655064e+02 cycle=1422 time=1.777500e+01 dt=1.250000e-02
elapsed=8.660990e+02 cycle=1423 time=1.778750e+01 dt=1.250000e-02
elapsed=8.666830e+02 cycle=1424 time=1.780000e+01 dt=1.250000e-02
elapsed=8.672655e+02 cycle=1425 time=1.781250e+01 dt=1.250000e-02
elapsed=8.678561e+02 cycle=1426 time=1.782500e+01 dt=1.250000e-02
elapsed=8.684455e+02 cycle=1427 time=1.783750e+01 dt=1.250000e-02
elapsed=8.690344e+02 cycle=1428 time=1.785000e+01 dt=1.250000e-02
elapsed=8.696264e+02 cycle=1429 time=1.786250e+01 dt=1.250000e-02
elapsed=8.702311e+02 cycle=1430 time=1.787500e+01 dt=1.250000e-02
elapsed=8.708177e+02 cycle=1431 time=1.788750e+01 dt=1.250000e-02
elapsed=8.713986e+02 cycle=1432 time=1.790000e+01 dt=1.250000e-02
elapsed=8.719772e+02 cycle=1433 time=1.791250e+01 dt=1.250000e-02
elapsed=8.725704e+02 cycle=1434 time=1.792500e+01 dt=1.250000e-02
elapsed=8.731613e+02 cycle=1435 time=1.793750e+01 dt=1.250000e-02
elapsed=8.737594e+02 cycle=1436 time=1.795000e+01 dt=1.250000e-02
elapsed=8.743474e+02 cycle=1437 time=1.796250e+01 dt=1.250000e-02
elapsed=8.749319e+02 cycle=1438 time=1.797500e+01 dt=1.250000e-02
elapsed=8.755107e+02 cycle=1439 time=1.798750e+01 dt=1.250000e-02
elapsed=8.768127e+02 cycle=1440 time=1.800000e+01 dt=1.250000e-02
elapsed=8.774063e+02 cycle=1441 time=1.801250e+01 dt=1.250000e-02
elapsed=8.779963e+02 cycle=1442 time=1.802500e+01 dt=1.250000e-02
elapsed=8.785862e+02 cycle=1443 time=1.803750e+01 dt=1.250000e-02
elapsed=8.791745e+02 cycle=1444 time=1.805000e+01 dt=1.250000e-02
elapsed=8.797546e+02 cycle=1445 time=1.806250e+01 dt=1.250000e-02
elapsed=8.803347e+02 cycle=1446 time=1.807500e+01 dt=1.250000e-02
elapsed=8.809214e+02 cycle=1447 time=1.808750e+01 dt=1.250000e-02
elapsed=8.815201e+02 cycle=1448 time=1.810000e+01 dt=1.250000e-02
elapsed=8.821180e+02 cycle=1449 time=1.811250e+01 dt=1.250000e-02
elapsed=8.827225e+02 cycle=1450 time=1.812500e+01 dt=1.250000e-02
elapsed=8.833079e+02 cycle=1451 time=1.813750e+01 dt=1.250000e-02
elapsed=8.838887e+02 cycle=1452 time=1.815000e+01 dt=1.250000e-02
elapsed=8.844670e+02 cycle=1453 time=1.816250e+01 dt=1.250000e-02
elapsed=8.850589e+02 cycle=1454 time=1.817500e+01 dt=1.250000e-02
elapsed=8.856441e+02 cycle=1455 time=1.818750e+01 dt=1.250000e-02
elapsed=8.862350e+02 cycle=1456 time=1.820000e+01 dt=1.250000e-02
elapsed=8.868347e+02 cycle=1457 time=1.821250e+01 dt=1.250000e-02
elapsed=8.874182e+02 cycle=1458 time=1.822500e+01 dt=1.250000e-02
elapsed=8.879997e+02 cycle=1459 time=1.823750e+01 dt=1.250000e-02
elapsed=8.887940e+02 cycle=1460 time=1.825000e+01 dt=1.250000e-02
elapsed=8.894040e+02 cycle=1461 time=1.826250e+01 dt=1.250000e-02
elapsed=8.899953e+02 cycle=1462 time=1.827500e+01 dt=1.250000e-02
elapsed=8.905838e+02 cycle=1463 time=1.828750e+01 dt=1.250000e-02
elapsed=8.911750e+02 cycle=1464 time=1.830000e+01 dt=1.250000e-02
elapsed=8.917552e+02 cycle=1465 time=1.831250e+01 dt=1.250000e-02
elapsed=8.923353e+02 cycle=1466 time=1.832500e+01 dt=1.250000e-02
elapsed=8.929188e+02 cycle=1467 time=1.833750e+01 dt=1.250000e-02
elapsed=8.935106e+02 cycle=1468 time=1.835000e+01 dt=1.250000e-02
elapsed=8.941005e+02 cycle=1469 time=1.836250e+01 dt=1.250000e-02
elapsed=8.946924e+02 cycle=1470 time=1.837500e+01 dt=1.250000e-02
elapsed=8.952842e+02 cycle=1471 time=1.838750e+01 dt=1.250000e-02
elapsed=8.958673e+02 cycle=1472 time=1.840000e+01 dt=1.250000e-02
elapsed=8.964501e+02 cycle=1473 time=1.841250e+01 dt=1.250000e-02
elapsed=8.970324e+02 cycle=1474 time=1.842500e+01 dt=1.250000e-02
elapsed=8.976278e+02 cycle=1475 time=1.843750e+01 dt=1.250000e-02
elapsed=8.982184e+02 cycle=1476 time=1.845000e+01 dt=1.250000e-02
elapsed=8.988098e+02 cycle=1477 time=1.846250e+01 dt=1.250000e-02
elapsed=8.993997e+02 cycle=1478 time=1.847500e+01 dt=1.250000e-02
elapsed=8.999821e+02 cycle=1479 time=1.848750e+01 dt=1.250000e-02
PC-GH one puncture: t=1.850000e+01 max(GH,ADM,red,alg)=(2.153227e-01,2.076998e+00,7.350829e-01,2.875278e-04) min(A,chi,SPD)=(2.462980e-02,3.967579e-03,8.258531e-01)
elapsed=9.022238e+02 cycle=1480 time=1.850000e+01 dt=1.250000e-02

Terminating on wall clock limit
time=1.850000e+01 cycle=1480
tlim=2.000000e+01 nlim=-1

MeshBlock-cycles = 592000
cpu time used  = 9.010728e+02
zone-cycles/cpu_second = 6.569946e+05
particle-updates/cpu_second = 0.000000e+00
