Kokkos::OpenMP::initialize WARNING: OMP_PROC_BIND environment variable not set
  In general, for best performance with OpenMP 4.0 or better set OMP_PROC_BIND=spread and OMP_PLACES=threads
  For best performance with OpenMP 3.1 set OMP_PROC_BIND=true
  For unit testing set OMP_PROC_BIND=false


Root grid = 2 x 2 x 2 MeshBlocks
Total number of MeshBlocks = 8
Number of logical  levels of refinement = 1 (2 levels total)
Number of physical levels of refinement = 0 (1 levels total)
Number of parallel ranks = 1
AssembleZ4cTasks
PUNCTURE_BACKGROUND isotropic wormhole, M=1, horizon_r=0.5, alpha=psi^-2. Fixed residual background; not trumpet relaxation.
OUTER_SPONGE enabled=0 geometry=face width=2 rate=5
EXCISION_SETUP freeze=0 ramp=0 horizon=0.5 allingoing=0 allingoing_scope=Schwarzschild_zero_residual dx_current=0.1 buffer_cells=5 planned_dx=0
### WARNING: explicit freeze radius is not inside all zero-background radial characteristic cones.
### WARNING: horizon-to-ramp buffer is thinner than 8 cells on the current mesh near the horizon; refine this region or move the inner layer deeper.
z4c_tov_ks diagnostic: initialized pure analytic background.
Z4C_EXT_HMAX time=0 H=0.0081428 x=0.05 y=0.05 z=-0.55 r_bh=0.554527

Setup complete, executing task list(s)...

elapsed=1.175813e-01 cycle=0 time=0.000000e+00 dt=3.000000e-02
Z4C_CHARACTERISTIC_CPBC time=0.000000e+00 cycle=0 source=zero_rate incoming_modes=10 boundary_blocks_max=8,8,8 gauge=0.000000e+00 constraint=0.000000e+00 radiation=0.000000e+00 outgoing_gauge=0.000000e+00 outgoing_constraint=0.000000e+00 outgoing_radiation=0.000000e+00 enforcement=0.000000e+00 correction=0.000000e+00 shift_ratio=0.000000e+00 diagnostic_kernel_seconds=7.464750e-03 performance_valid=0 kernel_seconds=0.000000e+00 volume_rhs_seconds=0.000000e+00 kernel_fraction=0.000000e+00
Z4C_CHARACTERISTIC_CPBC time=0.000000e+00 cycle=0 source=zero_rate incoming_modes=10 boundary_blocks_max=8,8,8 gauge=0.000000e+00 constraint=0.000000e+00 radiation=0.000000e+00 outgoing_gauge=0.000000e+00 outgoing_constraint=0.000000e+00 outgoing_radiation=0.000000e+00 enforcement=0.000000e+00 correction=0.000000e+00 shift_ratio=0.000000e+00 diagnostic_kernel_seconds=7.534083e-03 performance_valid=0 kernel_seconds=0.000000e+00 volume_rhs_seconds=0.000000e+00 kernel_fraction=0.000000e+00
Z4C_EXT_HMAX time=1.020000e+00 H=8.142800e-03 x=5.000000e-02 y=5.000000e-02 z=-5.500000e-01 r_bh=5.545268e-01
Z4C_EXT_HMAX time=2.010000e+00 H=8.142800e-03 x=5.000000e-02 y=5.000000e-02 z=-5.500000e-01 r_bh=5.545268e-01
Z4C_EXT_HMAX time=3.000000e+00 H=8.142800e-03 x=5.000000e-02 y=5.000000e-02 z=-5.500000e-01 r_bh=5.545268e-01
elapsed=6.974391e+01 cycle=100 time=3.000000e+00 dt=3.000000e-02
Z4C_EXT_HMAX time=4.020000e+00 H=8.142800e-03 x=5.000000e-02 y=5.000000e-02 z=-5.500000e-01 r_bh=5.545268e-01
Z4C_EXT_HMAX time=5.010000e+00 H=8.142800e-03 x=5.000000e-02 y=5.000000e-02 z=-5.500000e-01 r_bh=5.545268e-01
Z4C_EXT_HMAX time=6.000000e+00 H=8.142800e-03 x=5.000000e-02 y=5.000000e-02 z=-5.500000e-01 r_bh=5.545268e-01
elapsed=1.463001e+02 cycle=200 time=6.000000e+00 dt=3.000000e-02
Z4C_CHARACTERISTIC_CPBC time=6.000000e+00 cycle=200 source=zero_rate incoming_modes=10 boundary_blocks_max=8,8,8 gauge=0.000000e+00 constraint=0.000000e+00 radiation=0.000000e+00 outgoing_gauge=0.000000e+00 outgoing_constraint=0.000000e+00 outgoing_radiation=0.000000e+00 enforcement=0.000000e+00 correction=0.000000e+00 shift_ratio=0.000000e+00 diagnostic_kernel_seconds=7.167625e-03 performance_valid=1 kernel_seconds=1.691042e-03 volume_rhs_seconds=1.322285e-01 kernel_fraction=1.278879e-02
Z4C_EXT_HMAX time=7.020000e+00 H=8.142800e-03 x=5.000000e-02 y=5.000000e-02 z=-5.500000e-01 r_bh=5.545268e-01
Z4C_EXT_HMAX time=8.010000e+00 H=8.142800e-03 x=5.000000e-02 y=5.000000e-02 z=-5.500000e-01 r_bh=5.545268e-01
Z4C_EXT_HMAX time=9.000000e+00 H=8.142800e-03 x=5.000000e-02 y=5.000000e-02 z=-5.500000e-01 r_bh=5.545268e-01
elapsed=2.172282e+02 cycle=300 time=9.000000e+00 dt=3.000000e-02
Z4C_EXT_HMAX time=1.002000e+01 H=8.142800e-03 x=5.000000e-02 y=5.000000e-02 z=-5.500000e-01 r_bh=5.545268e-01
Z4C_EXT_HMAX time=1.101000e+01 H=8.142800e-03 x=5.000000e-02 y=5.000000e-02 z=-5.500000e-01 r_bh=5.545268e-01
Z4C_EXT_HMAX time=1.200000e+01 H=8.142800e-03 x=5.000000e-02 y=5.000000e-02 z=-5.500000e-01 r_bh=5.545268e-01
elapsed=2.902088e+02 cycle=400 time=1.200000e+01 dt=3.000000e-02
Z4C_CHARACTERISTIC_CPBC time=1.200000e+01 cycle=400 source=zero_rate incoming_modes=10 boundary_blocks_max=8,8,8 gauge=0.000000e+00 constraint=0.000000e+00 radiation=0.000000e+00 outgoing_gauge=0.000000e+00 outgoing_constraint=0.000000e+00 outgoing_radiation=0.000000e+00 enforcement=0.000000e+00 correction=0.000000e+00 shift_ratio=0.000000e+00 diagnostic_kernel_seconds=7.267041e-03 performance_valid=1 kernel_seconds=1.745750e-03 volume_rhs_seconds=1.353525e-01 kernel_fraction=1.289780e-02
Z4C_EXT_HMAX time=1.302000e+01 H=8.142800e-03 x=5.000000e-02 y=5.000000e-02 z=-5.500000e-01 r_bh=5.545268e-01
Z4C_EXT_HMAX time=1.401000e+01 H=8.142800e-03 x=5.000000e-02 y=5.000000e-02 z=-5.500000e-01 r_bh=5.545268e-01
Z4C_EXT_HMAX time=1.500000e+01 H=8.142800e-03 x=5.000000e-02 y=5.000000e-02 z=-5.500000e-01 r_bh=5.545268e-01
elapsed=3.652269e+02 cycle=500 time=1.500000e+01 dt=3.000000e-02
Z4C_EXT_HMAX time=1.602000e+01 H=8.142800e-03 x=5.000000e-02 y=5.000000e-02 z=-5.500000e-01 r_bh=5.545268e-01
Z4C_EXT_HMAX time=1.701000e+01 H=8.142800e-03 x=5.000000e-02 y=5.000000e-02 z=-5.500000e-01 r_bh=5.545268e-01
Z4C_EXT_HMAX time=1.800000e+01 H=8.142800e-03 x=5.000000e-02 y=5.000000e-02 z=-5.500000e-01 r_bh=5.545268e-01
elapsed=4.442246e+02 cycle=600 time=1.800000e+01 dt=3.000000e-02
Z4C_CHARACTERISTIC_CPBC time=1.800000e+01 cycle=600 source=zero_rate incoming_modes=10 boundary_blocks_max=8,8,8 gauge=0.000000e+00 constraint=0.000000e+00 radiation=0.000000e+00 outgoing_gauge=0.000000e+00 outgoing_constraint=0.000000e+00 outgoing_radiation=0.000000e+00 enforcement=0.000000e+00 correction=0.000000e+00 shift_ratio=0.000000e+00 diagnostic_kernel_seconds=7.727958e-03 performance_valid=1 kernel_seconds=1.931125e-03 volume_rhs_seconds=1.456509e-01 kernel_fraction=1.325859e-02
Z4C_EXT_HMAX time=1.902000e+01 H=8.142800e-03 x=5.000000e-02 y=5.000000e-02 z=-5.500000e-01 r_bh=5.545268e-01
Z4C_EXT_HMAX time=2.001000e+01 H=8.142800e-03 x=5.000000e-02 y=5.000000e-02 z=-5.500000e-01 r_bh=5.545268e-01
Z4C_EXT_HMAX time=2.100000e+01 H=8.142800e-03 x=5.000000e-02 y=5.000000e-02 z=-5.500000e-01 r_bh=5.545268e-01
elapsed=5.238614e+02 cycle=700 time=2.100000e+01 dt=3.000000e-02
Z4C_EXT_HMAX time=2.202000e+01 H=8.142800e-03 x=5.000000e-02 y=5.000000e-02 z=-5.500000e-01 r_bh=5.545268e-01
Z4C_EXT_HMAX time=2.301000e+01 H=8.142800e-03 x=5.000000e-02 y=5.000000e-02 z=-5.500000e-01 r_bh=5.545268e-01
Z4C_EXT_HMAX time=2.400000e+01 H=8.142800e-03 x=5.000000e-02 y=5.000000e-02 z=-5.500000e-01 r_bh=5.545268e-01
elapsed=6.071880e+02 cycle=800 time=2.400000e+01 dt=3.000000e-02
Z4C_CHARACTERISTIC_CPBC time=2.400000e+01 cycle=800 source=zero_rate incoming_modes=10 boundary_blocks_max=8,8,8 gauge=0.000000e+00 constraint=0.000000e+00 radiation=0.000000e+00 outgoing_gauge=0.000000e+00 outgoing_constraint=0.000000e+00 outgoing_radiation=0.000000e+00 enforcement=0.000000e+00 correction=0.000000e+00 shift_ratio=0.000000e+00 diagnostic_kernel_seconds=8.078750e-03 performance_valid=1 kernel_seconds=1.804125e-03 volume_rhs_seconds=1.417357e-01 kernel_fraction=1.272880e-02
Z4C_EXT_HMAX time=2.502000e+01 H=8.142800e-03 x=5.000000e-02 y=5.000000e-02 z=-5.500000e-01 r_bh=5.545268e-01
Z4C_EXT_HMAX time=2.601000e+01 H=8.142800e-03 x=5.000000e-02 y=5.000000e-02 z=-5.500000e-01 r_bh=5.545268e-01
Z4C_EXT_HMAX time=2.700000e+01 H=8.142800e-03 x=5.000000e-02 y=5.000000e-02 z=-5.500000e-01 r_bh=5.545268e-01
elapsed=6.844329e+02 cycle=900 time=2.700000e+01 dt=3.000000e-02
Z4C_EXT_HMAX time=2.802000e+01 H=8.142800e-03 x=5.000000e-02 y=5.000000e-02 z=-5.500000e-01 r_bh=5.545268e-01
Z4C_EXT_HMAX time=2.901000e+01 H=8.142800e-03 x=5.000000e-02 y=5.000000e-02 z=-5.500000e-01 r_bh=5.545268e-01
Z4C_EXT_HMAX time=3.000000e+01 H=8.142800e-03 x=5.000000e-02 y=5.000000e-02 z=-5.500000e-01 r_bh=5.545268e-01
elapsed=7.566831e+02 cycle=1000 time=3.000000e+01 dt=3.000000e-02
Z4C_CHARACTERISTIC_CPBC time=3.000000e+01 cycle=1000 source=zero_rate incoming_modes=10 boundary_blocks_max=8,8,8 gauge=0.000000e+00 constraint=0.000000e+00 radiation=0.000000e+00 outgoing_gauge=0.000000e+00 outgoing_constraint=0.000000e+00 outgoing_radiation=0.000000e+00 enforcement=0.000000e+00 correction=0.000000e+00 shift_ratio=0.000000e+00 diagnostic_kernel_seconds=7.401000e-03 performance_valid=1 kernel_seconds=1.755667e-03 volume_rhs_seconds=1.326880e-01 kernel_fraction=1.323154e-02
Z4C_EXT_HMAX time=3.102000e+01 H=8.142800e-03 x=5.000000e-02 y=5.000000e-02 z=-5.500000e-01 r_bh=5.545268e-01
Z4C_EXT_HMAX time=3.201000e+01 H=8.142800e-03 x=5.000000e-02 y=5.000000e-02 z=-5.500000e-01 r_bh=5.545268e-01
Z4C_EXT_HMAX time=3.300000e+01 H=8.142800e-03 x=5.000000e-02 y=5.000000e-02 z=-5.500000e-01 r_bh=5.545268e-01
elapsed=8.306827e+02 cycle=1100 time=3.300000e+01 dt=3.000000e-02
Z4C_EXT_HMAX time=3.402000e+01 H=8.142800e-03 x=5.000000e-02 y=5.000000e-02 z=-5.500000e-01 r_bh=5.545268e-01
Z4C_EXT_HMAX time=3.501000e+01 H=8.142800e-03 x=5.000000e-02 y=5.000000e-02 z=-5.500000e-01 r_bh=5.545268e-01
Z4C_EXT_HMAX time=3.600000e+01 H=8.142800e-03 x=5.000000e-02 y=5.000000e-02 z=-5.500000e-01 r_bh=5.545268e-01
elapsed=9.063281e+02 cycle=1200 time=3.600000e+01 dt=3.000000e-02
Z4C_CHARACTERISTIC_CPBC time=3.600000e+01 cycle=1200 source=zero_rate incoming_modes=10 boundary_blocks_max=8,8,8 gauge=0.000000e+00 constraint=0.000000e+00 radiation=0.000000e+00 outgoing_gauge=0.000000e+00 outgoing_constraint=0.000000e+00 outgoing_radiation=0.000000e+00 enforcement=0.000000e+00 correction=0.000000e+00 shift_ratio=0.000000e+00 diagnostic_kernel_seconds=7.231542e-03 performance_valid=1 kernel_seconds=1.909709e-03 volume_rhs_seconds=1.357238e-01 kernel_fraction=1.407055e-02
Z4C_EXT_HMAX time=3.702000e+01 H=8.142800e-03 x=5.000000e-02 y=5.000000e-02 z=-5.500000e-01 r_bh=5.545268e-01
Z4C_EXT_HMAX time=3.801000e+01 H=8.142800e-03 x=5.000000e-02 y=5.000000e-02 z=-5.500000e-01 r_bh=5.545268e-01
Z4C_EXT_HMAX time=3.900000e+01 H=8.142800e-03 x=5.000000e-02 y=5.000000e-02 z=-5.500000e-01 r_bh=5.545268e-01
elapsed=9.819487e+02 cycle=1300 time=3.900000e+01 dt=3.000000e-02
Z4C_EXT_HMAX time=4.002000e+01 H=8.142800e-03 x=5.000000e-02 y=5.000000e-02 z=-5.500000e-01 r_bh=5.545268e-01
