-- The C compiler identification is IntelLLVM 2025.3.2
-- The CXX compiler identification is IntelLLVM 2025.3.2
-- Detecting C compiler ABI info
-- Detecting C compiler ABI info - done
-- Check for working C compiler: /opt/aurora/26.26.0/oneapi/compiler/latest/bin/icx - skipped
-- Detecting C compile features
-- Detecting C compile features - done
-- Detecting CXX compiler ABI info
-- Detecting CXX compiler ABI info - done
-- Check for working CXX compiler: /opt/aurora/26.26.0/oneapi/compiler/latest/bin/icpx - skipped
-- Detecting CXX compile features
-- Detecting CXX compile features - done
-- Setting default Kokkos CXX standard to 17
-- Kokkos version: 4.7.2
-- The project name is: Kokkos
-- Using internal gtest for testing
-- Configured git information in /home/hzhu/athenak-brill-contract-fixes-20260819-gpu-qualification-v1/build-sycl/kokkos/generated/Kokkos_Version_Info.cpp
-- Using -std=c++17 for C++17 standard as feature
-- Looking for SYCL_EXT_ONEAPI_DEVICE_GLOBAL
-- Looking for SYCL_EXT_ONEAPI_DEVICE_GLOBAL - found
-- Looking for SYCL_EXT_ONEAPI_GRAPH
-- Looking for SYCL_EXT_ONEAPI_GRAPH - found
-- Built-in Execution Spaces:
--     Device Parallel: Kokkos::SYCL
--     Host Parallel: NoTypeDefined
--       Host Serial: SERIAL
-- 
-- Architectures:
--  INTEL_PVC
-- Looking for C++ include oneapi/dpl/execution
-- Looking for C++ include oneapi/dpl/execution - found
-- Looking for C++ include oneapi/dpl/algorithm
-- Looking for C++ include oneapi/dpl/algorithm - found
-- Performing Test KOKKOS_NO_TBB_CONFLICT
-- Performing Test KOKKOS_NO_TBB_CONFLICT - Success
-- Using internal desul_atomics copy
-- Performing Test KOKKOS_LINK_OPTIONS_CHECK
-- Performing Test KOKKOS_LINK_OPTIONS_CHECK - Success
-- Performing Test KOKKOS_COMPILE_OPTIONS_CHECK
-- Performing Test KOKKOS_COMPILE_OPTIONS_CHECK - Success
-- Experimental mdspan support is enabled
-- Using internal mdspan directory /home/hzhu/athenak-brill-contract-fixes-20260819-git/kokkos/tpls/mdspan/include
-- Kokkos Backends: SERIAL;SYCL
CMake Warning (dev) at CMakeLists.txt:330 (find_package):
  Policy CMP0148 is not set: The FindPythonInterp and FindPythonLibs modules
  are removed.  Run "cmake --help-policy CMP0148" for policy details.  Use
  the cmake_policy command to set the policy and suppress this warning.

This warning is for project developers.  Use -Wno-dev to suppress it.

-- Found PythonInterp: /opt/aurora/26.26.0/spack/unified/1.1.1/install/linux-x86_64/python-3.12.12-nvje3vk/bin/python3 (found suitable version "3.12.12", minimum required is "3")
-- Configuring done (19.6s)
-- Generating done (4.5s)
-- Build files have been written to: /home/hzhu/athenak-brill-contract-fixes-20260819-gpu-qualification-v1/build-sycl
