
Root grid = 2 x 2 x 2 MeshBlocks
Total number of MeshBlocks = 232
Number of logical  levels of refinement = 5 (6 levels total)
Number of physical levels of refinement = 4 (5 levels total)
  Physical level = 1 (logical level = 2): 56 MeshBlocks, cost = 56
  Physical level = 2 (logical level = 3): 56 MeshBlocks, cost = 56
  Physical level = 3 (logical level = 4): 56 MeshBlocks, cost = 56
  Physical level = 4 (logical level = 5): 64 MeshBlocks, cost = 64
Number of parallel ranks = 1
AssembleZ4cTasks

Setup complete, executing task list(s)...

elapsed=9.511927e-01 cycle=641 time=5.000000e+00 dt=7.812500e-03
elapsed=1.990952e+00 cycle=642 time=5.007812e+00 dt=7.812500e-03
elapsed=2.932272e+00 cycle=643 time=5.015625e+00 dt=7.812500e-03
elapsed=3.925080e+00 cycle=644 time=5.023438e+00 dt=7.812500e-03
elapsed=4.950878e+00 cycle=645 time=5.031250e+00 dt=7.812500e-03
elapsed=5.872890e+00 cycle=646 time=5.039062e+00 dt=7.812500e-03
elapsed=6.811457e+00 cycle=647 time=5.046875e+00 dt=7.812500e-03
elapsed=7.785314e+00 cycle=648 time=5.054688e+00 dt=7.812500e-03
elapsed=8.765266e+00 cycle=649 time=5.062500e+00 dt=7.812500e-03
elapsed=9.801113e+00 cycle=650 time=5.070312e+00 dt=7.812500e-03
elapsed=1.072473e+01 cycle=651 time=5.078125e+00 dt=7.812500e-03
elapsed=1.163970e+01 cycle=652 time=5.085938e+00 dt=7.812500e-03
elapsed=1.257257e+01 cycle=653 time=5.093750e+00 dt=7.812500e-03
elapsed=1.349423e+01 cycle=654 time=5.101562e+00 dt=7.812500e-03
elapsed=1.452961e+01 cycle=655 time=5.109375e+00 dt=7.812500e-03
elapsed=1.553463e+01 cycle=656 time=5.117188e+00 dt=7.812500e-03
elapsed=1.647701e+01 cycle=657 time=5.125000e+00 dt=7.812500e-03
elapsed=1.739267e+01 cycle=658 time=5.132812e+00 dt=7.812500e-03
elapsed=1.839829e+01 cycle=659 time=5.140625e+00 dt=7.812500e-03
elapsed=1.936086e+01 cycle=660 time=5.148438e+00 dt=7.812500e-03
elapsed=2.034595e+01 cycle=661 time=5.156250e+00 dt=7.812500e-03
elapsed=2.132008e+01 cycle=662 time=5.164062e+00 dt=7.812500e-03
elapsed=2.223070e+01 cycle=663 time=5.171875e+00 dt=7.812500e-03
elapsed=2.320787e+01 cycle=664 time=5.179688e+00 dt=7.812500e-03
elapsed=2.416205e+01 cycle=665 time=5.187500e+00 dt=7.812500e-03
elapsed=2.509560e+01 cycle=666 time=5.195312e+00 dt=7.812500e-03
elapsed=2.609334e+01 cycle=667 time=5.203125e+00 dt=7.812500e-03
elapsed=2.705653e+01 cycle=668 time=5.210938e+00 dt=7.812500e-03
elapsed=2.803667e+01 cycle=669 time=5.218750e+00 dt=7.812500e-03
elapsed=2.901871e+01 cycle=670 time=5.226562e+00 dt=7.812500e-03
elapsed=3.002229e+01 cycle=671 time=5.234375e+00 dt=7.812500e-03
elapsed=3.105573e+01 cycle=672 time=5.242188e+00 dt=7.812500e-03
elapsed=3.206866e+01 cycle=673 time=5.250000e+00 dt=7.812500e-03
elapsed=3.304159e+01 cycle=674 time=5.257812e+00 dt=7.812500e-03
elapsed=3.405699e+01 cycle=675 time=5.265625e+00 dt=7.812500e-03
elapsed=3.503159e+01 cycle=676 time=5.273438e+00 dt=7.812500e-03
elapsed=3.603234e+01 cycle=677 time=5.281250e+00 dt=7.812500e-03
elapsed=3.700769e+01 cycle=678 time=5.289062e+00 dt=7.812500e-03
elapsed=3.804617e+01 cycle=679 time=5.296875e+00 dt=7.812500e-03
elapsed=3.904440e+01 cycle=680 time=5.304688e+00 dt=7.812500e-03
elapsed=4.011439e+01 cycle=681 time=5.312500e+00 dt=7.812500e-03
elapsed=4.116657e+01 cycle=682 time=5.320312e+00 dt=7.812500e-03
elapsed=4.216808e+01 cycle=683 time=5.328125e+00 dt=7.812500e-03
elapsed=4.320607e+01 cycle=684 time=5.335938e+00 dt=7.812500e-03
elapsed=4.411214e+01 cycle=685 time=5.343750e+00 dt=7.812500e-03
elapsed=4.506700e+01 cycle=686 time=5.351562e+00 dt=7.812500e-03
elapsed=4.611498e+01 cycle=687 time=5.359375e+00 dt=7.812500e-03
elapsed=4.714712e+01 cycle=688 time=5.367188e+00 dt=7.812500e-03
elapsed=4.817114e+01 cycle=689 time=5.375000e+00 dt=7.812500e-03
elapsed=4.914122e+01 cycle=690 time=5.382812e+00 dt=7.812500e-03
elapsed=5.014371e+01 cycle=691 time=5.390625e+00 dt=7.812500e-03
elapsed=5.117702e+01 cycle=692 time=5.398438e+00 dt=7.812500e-03
elapsed=5.217926e+01 cycle=693 time=5.406250e+00 dt=7.812500e-03
elapsed=5.319033e+01 cycle=694 time=5.414062e+00 dt=7.812500e-03
elapsed=5.414946e+01 cycle=695 time=5.421875e+00 dt=7.812500e-03
elapsed=5.506628e+01 cycle=696 time=5.429688e+00 dt=7.812500e-03
elapsed=5.600239e+01 cycle=697 time=5.437500e+00 dt=7.812500e-03
elapsed=5.694950e+01 cycle=698 time=5.445312e+00 dt=7.812500e-03
elapsed=5.791502e+01 cycle=699 time=5.453125e+00 dt=7.812500e-03
elapsed=5.883864e+01 cycle=700 time=5.460938e+00 dt=7.812500e-03
elapsed=5.979615e+01 cycle=701 time=5.468750e+00 dt=7.812500e-03
elapsed=6.084088e+01 cycle=702 time=5.476562e+00 dt=7.812500e-03
elapsed=6.181004e+01 cycle=703 time=5.484375e+00 dt=7.812500e-03
elapsed=6.283271e+01 cycle=704 time=5.492188e+00 dt=7.812500e-03
elapsed=6.378024e+01 cycle=705 time=5.500000e+00 dt=7.812500e-03
elapsed=6.479061e+01 cycle=706 time=5.507812e+00 dt=7.812500e-03
elapsed=6.593439e+01 cycle=707 time=5.515625e+00 dt=7.812500e-03
elapsed=6.711494e+01 cycle=708 time=5.523438e+00 dt=7.812500e-03
elapsed=6.819496e+01 cycle=709 time=5.531250e+00 dt=7.812500e-03
elapsed=6.935182e+01 cycle=710 time=5.539062e+00 dt=7.812500e-03
elapsed=7.065765e+01 cycle=711 time=5.546875e+00 dt=7.812500e-03
elapsed=7.175152e+01 cycle=712 time=5.554688e+00 dt=7.812500e-03
elapsed=7.302408e+01 cycle=713 time=5.562500e+00 dt=7.812500e-03
elapsed=7.414347e+01 cycle=714 time=5.570312e+00 dt=7.812500e-03
elapsed=7.530042e+01 cycle=715 time=5.578125e+00 dt=7.812500e-03
elapsed=7.647437e+01 cycle=716 time=5.585938e+00 dt=7.812500e-03
elapsed=7.767198e+01 cycle=717 time=5.593750e+00 dt=7.812500e-03
elapsed=7.886938e+01 cycle=718 time=5.601562e+00 dt=7.812500e-03
elapsed=7.997187e+01 cycle=719 time=5.609375e+00 dt=7.812500e-03
elapsed=8.115468e+01 cycle=720 time=5.617188e+00 dt=7.812500e-03
elapsed=8.230402e+01 cycle=721 time=5.625000e+00 dt=7.812500e-03
elapsed=8.335614e+01 cycle=722 time=5.632812e+00 dt=7.812500e-03
elapsed=8.456198e+01 cycle=723 time=5.640625e+00 dt=7.812500e-03
elapsed=8.577058e+01 cycle=724 time=5.648438e+00 dt=7.812500e-03
elapsed=8.692201e+01 cycle=725 time=5.656250e+00 dt=7.812500e-03
elapsed=8.819671e+01 cycle=726 time=5.664062e+00 dt=7.812500e-03
elapsed=8.941620e+01 cycle=727 time=5.671875e+00 dt=7.812500e-03
elapsed=9.061895e+01 cycle=728 time=5.679688e+00 dt=7.812500e-03
elapsed=9.172673e+01 cycle=729 time=5.687500e+00 dt=7.812500e-03
elapsed=9.297262e+01 cycle=730 time=5.695312e+00 dt=7.812500e-03
elapsed=9.409785e+01 cycle=731 time=5.703125e+00 dt=7.812500e-03
elapsed=9.525531e+01 cycle=732 time=5.710938e+00 dt=7.812500e-03
elapsed=9.621259e+01 cycle=733 time=5.718750e+00 dt=7.812500e-03
elapsed=9.716899e+01 cycle=734 time=5.726562e+00 dt=7.812500e-03
elapsed=9.811648e+01 cycle=735 time=5.734375e+00 dt=7.812500e-03
elapsed=9.907305e+01 cycle=736 time=5.742188e+00 dt=7.812500e-03
elapsed=1.001130e+02 cycle=737 time=5.750000e+00 dt=7.812500e-03
elapsed=1.010494e+02 cycle=738 time=5.757812e+00 dt=7.812500e-03
elapsed=1.019618e+02 cycle=739 time=5.765625e+00 dt=7.812500e-03
elapsed=1.029295e+02 cycle=740 time=5.773438e+00 dt=7.812500e-03
elapsed=1.039081e+02 cycle=741 time=5.781250e+00 dt=7.812500e-03
elapsed=1.049803e+02 cycle=742 time=5.789062e+00 dt=7.812500e-03
elapsed=1.059667e+02 cycle=743 time=5.796875e+00 dt=7.812500e-03
elapsed=1.069495e+02 cycle=744 time=5.804688e+00 dt=7.812500e-03
elapsed=1.079043e+02 cycle=745 time=5.812500e+00 dt=7.812500e-03
elapsed=1.088247e+02 cycle=746 time=5.820312e+00 dt=7.812500e-03
elapsed=1.097897e+02 cycle=747 time=5.828125e+00 dt=7.812500e-03
elapsed=1.107577e+02 cycle=748 time=5.835938e+00 dt=7.812500e-03
elapsed=1.117167e+02 cycle=749 time=5.843750e+00 dt=7.812500e-03
elapsed=1.126829e+02 cycle=750 time=5.851562e+00 dt=7.812500e-03
elapsed=1.136571e+02 cycle=751 time=5.859375e+00 dt=7.812500e-03
elapsed=1.146872e+02 cycle=752 time=5.867188e+00 dt=7.812500e-03
elapsed=1.155861e+02 cycle=753 time=5.875000e+00 dt=7.812500e-03
elapsed=1.165117e+02 cycle=754 time=5.882812e+00 dt=7.812500e-03
elapsed=1.174980e+02 cycle=755 time=5.890625e+00 dt=7.812500e-03
elapsed=1.184747e+02 cycle=756 time=5.898438e+00 dt=7.812500e-03
elapsed=1.194373e+02 cycle=757 time=5.906250e+00 dt=7.812500e-03
elapsed=1.203911e+02 cycle=758 time=5.914062e+00 dt=7.812500e-03
elapsed=1.213851e+02 cycle=759 time=5.921875e+00 dt=7.812500e-03
elapsed=1.223080e+02 cycle=760 time=5.929688e+00 dt=7.812500e-03
elapsed=1.232459e+02 cycle=761 time=5.937500e+00 dt=7.812500e-03
elapsed=1.243000e+02 cycle=762 time=5.945312e+00 dt=7.812500e-03
elapsed=1.252691e+02 cycle=763 time=5.953125e+00 dt=7.812500e-03
elapsed=1.262379e+02 cycle=764 time=5.960938e+00 dt=7.812500e-03
elapsed=1.272128e+02 cycle=765 time=5.968750e+00 dt=7.812500e-03
elapsed=1.281284e+02 cycle=766 time=5.976562e+00 dt=7.812500e-03
elapsed=1.291320e+02 cycle=767 time=5.984375e+00 dt=7.812500e-03
elapsed=1.300900e+02 cycle=768 time=5.992188e+00 dt=7.812500e-03
elapsed=1.310181e+02 cycle=769 time=6.000000e+00 dt=7.812500e-03
elapsed=1.320759e+02 cycle=770 time=6.007812e+00 dt=7.812500e-03
elapsed=1.330202e+02 cycle=771 time=6.015625e+00 dt=7.812500e-03
elapsed=1.340454e+02 cycle=772 time=6.023438e+00 dt=7.812500e-03
elapsed=1.350216e+02 cycle=773 time=6.031250e+00 dt=7.812500e-03
elapsed=1.359442e+02 cycle=774 time=6.039062e+00 dt=7.812500e-03
elapsed=1.369847e+02 cycle=775 time=6.046875e+00 dt=7.812500e-03
elapsed=1.379593e+02 cycle=776 time=6.054688e+00 dt=7.812500e-03
elapsed=1.389805e+02 cycle=777 time=6.062500e+00 dt=7.812500e-03
elapsed=1.398839e+02 cycle=778 time=6.070312e+00 dt=7.812500e-03
elapsed=1.408104e+02 cycle=779 time=6.078125e+00 dt=7.812500e-03
elapsed=1.418470e+02 cycle=780 time=6.085938e+00 dt=7.812500e-03
elapsed=1.428267e+02 cycle=781 time=6.093750e+00 dt=7.812500e-03
elapsed=1.437621e+02 cycle=782 time=6.101562e+00 dt=7.812500e-03
elapsed=1.446747e+02 cycle=783 time=6.109375e+00 dt=7.812500e-03
elapsed=1.456792e+02 cycle=784 time=6.117188e+00 dt=7.812500e-03
elapsed=1.467682e+02 cycle=785 time=6.125000e+00 dt=7.812500e-03
elapsed=1.477570e+02 cycle=786 time=6.132812e+00 dt=7.812500e-03
elapsed=1.488223e+02 cycle=787 time=6.140625e+00 dt=7.812500e-03
elapsed=1.498053e+02 cycle=788 time=6.148438e+00 dt=7.812500e-03
elapsed=1.508839e+02 cycle=789 time=6.156250e+00 dt=7.812500e-03
elapsed=1.518506e+02 cycle=790 time=6.164062e+00 dt=7.812500e-03
elapsed=1.528491e+02 cycle=791 time=6.171875e+00 dt=7.812500e-03
elapsed=1.538652e+02 cycle=792 time=6.179688e+00 dt=7.812500e-03
elapsed=1.548115e+02 cycle=793 time=6.187500e+00 dt=7.812500e-03
elapsed=1.557710e+02 cycle=794 time=6.195312e+00 dt=7.812500e-03
elapsed=1.567835e+02 cycle=795 time=6.203125e+00 dt=7.812500e-03
elapsed=1.578082e+02 cycle=796 time=6.210938e+00 dt=7.812500e-03
elapsed=1.588586e+02 cycle=797 time=6.218750e+00 dt=7.812500e-03
elapsed=1.598734e+02 cycle=798 time=6.226562e+00 dt=7.812500e-03
elapsed=1.608342e+02 cycle=799 time=6.234375e+00 dt=7.812500e-03
elapsed=1.618030e+02 cycle=800 time=6.242188e+00 dt=7.812500e-03
elapsed=1.629033e+02 cycle=801 time=6.250000e+00 dt=7.812500e-03
elapsed=1.640147e+02 cycle=802 time=6.257812e+00 dt=7.812500e-03
elapsed=1.650417e+02 cycle=803 time=6.265625e+00 dt=7.812500e-03
elapsed=1.661836e+02 cycle=804 time=6.273438e+00 dt=7.812500e-03
elapsed=1.672163e+02 cycle=805 time=6.281250e+00 dt=7.812500e-03
elapsed=1.683319e+02 cycle=806 time=6.289062e+00 dt=7.812500e-03
elapsed=1.692768e+02 cycle=807 time=6.296875e+00 dt=7.812500e-03
elapsed=1.702467e+02 cycle=808 time=6.304688e+00 dt=7.812500e-03
elapsed=1.711716e+02 cycle=809 time=6.312500e+00 dt=7.812500e-03
elapsed=1.721476e+02 cycle=810 time=6.320312e+00 dt=7.812500e-03
elapsed=1.731694e+02 cycle=811 time=6.328125e+00 dt=7.812500e-03
elapsed=1.741574e+02 cycle=812 time=6.335938e+00 dt=7.812500e-03
elapsed=1.751144e+02 cycle=813 time=6.343750e+00 dt=7.812500e-03
elapsed=1.760863e+02 cycle=814 time=6.351562e+00 dt=7.812500e-03
elapsed=1.770490e+02 cycle=815 time=6.359375e+00 dt=7.812500e-03
elapsed=1.780226e+02 cycle=816 time=6.367188e+00 dt=7.812500e-03
elapsed=1.789880e+02 cycle=817 time=6.375000e+00 dt=7.812500e-03
elapsed=1.799029e+02 cycle=818 time=6.382812e+00 dt=7.812500e-03
elapsed=1.807804e+02 cycle=819 time=6.390625e+00 dt=7.812500e-03
elapsed=1.816941e+02 cycle=820 time=6.398438e+00 dt=7.812500e-03
elapsed=1.826752e+02 cycle=821 time=6.406250e+00 dt=7.812500e-03
elapsed=1.836210e+02 cycle=822 time=6.414062e+00 dt=7.812500e-03
elapsed=1.845869e+02 cycle=823 time=6.421875e+00 dt=7.812500e-03
elapsed=1.855858e+02 cycle=824 time=6.429688e+00 dt=7.812500e-03
elapsed=1.866156e+02 cycle=825 time=6.437500e+00 dt=7.812500e-03
elapsed=1.876200e+02 cycle=826 time=6.445312e+00 dt=7.812500e-03
elapsed=1.887028e+02 cycle=827 time=6.453125e+00 dt=7.812500e-03
elapsed=1.897308e+02 cycle=828 time=6.460938e+00 dt=7.812500e-03
elapsed=1.907200e+02 cycle=829 time=6.468750e+00 dt=7.812500e-03
elapsed=1.916194e+02 cycle=830 time=6.476562e+00 dt=7.812500e-03
elapsed=1.925794e+02 cycle=831 time=6.484375e+00 dt=7.812500e-03
elapsed=1.935516e+02 cycle=832 time=6.492188e+00 dt=7.812500e-03
elapsed=1.945503e+02 cycle=833 time=6.500000e+00 dt=7.812500e-03
elapsed=1.956043e+02 cycle=834 time=6.507812e+00 dt=7.812500e-03
elapsed=1.965335e+02 cycle=835 time=6.515625e+00 dt=7.812500e-03
elapsed=1.975412e+02 cycle=836 time=6.523438e+00 dt=7.812500e-03
elapsed=1.985835e+02 cycle=837 time=6.531250e+00 dt=7.812500e-03
elapsed=1.994776e+02 cycle=838 time=6.539062e+00 dt=7.812500e-03
elapsed=2.004286e+02 cycle=839 time=6.546875e+00 dt=7.812500e-03
elapsed=2.013941e+02 cycle=840 time=6.554688e+00 dt=7.812500e-03
elapsed=2.024128e+02 cycle=841 time=6.562500e+00 dt=7.812500e-03
elapsed=2.034156e+02 cycle=842 time=6.570312e+00 dt=7.812500e-03
elapsed=2.043591e+02 cycle=843 time=6.578125e+00 dt=7.812500e-03
elapsed=2.054045e+02 cycle=844 time=6.585938e+00 dt=7.812500e-03
elapsed=2.063084e+02 cycle=845 time=6.593750e+00 dt=7.812500e-03
elapsed=2.072377e+02 cycle=846 time=6.601562e+00 dt=7.812500e-03
elapsed=2.081482e+02 cycle=847 time=6.609375e+00 dt=7.812500e-03
elapsed=2.091312e+02 cycle=848 time=6.617188e+00 dt=7.812500e-03
elapsed=2.101723e+02 cycle=849 time=6.625000e+00 dt=7.812500e-03
elapsed=2.111395e+02 cycle=850 time=6.632812e+00 dt=7.812500e-03
elapsed=2.121131e+02 cycle=851 time=6.640625e+00 dt=7.812500e-03
elapsed=2.131453e+02 cycle=852 time=6.648438e+00 dt=7.812500e-03
elapsed=2.141499e+02 cycle=853 time=6.656250e+00 dt=7.812500e-03
elapsed=2.151746e+02 cycle=854 time=6.664062e+00 dt=7.812500e-03
elapsed=2.161490e+02 cycle=855 time=6.671875e+00 dt=7.812500e-03
elapsed=2.170740e+02 cycle=856 time=6.679688e+00 dt=7.812500e-03
elapsed=2.180972e+02 cycle=857 time=6.687500e+00 dt=7.812500e-03
elapsed=2.191075e+02 cycle=858 time=6.695312e+00 dt=7.812500e-03
elapsed=2.200399e+02 cycle=859 time=6.703125e+00 dt=7.812500e-03
elapsed=2.210468e+02 cycle=860 time=6.710938e+00 dt=7.812500e-03
elapsed=2.219608e+02 cycle=861 time=6.718750e+00 dt=7.812500e-03
elapsed=2.229929e+02 cycle=862 time=6.726562e+00 dt=7.812500e-03
elapsed=2.240202e+02 cycle=863 time=6.734375e+00 dt=7.812500e-03
elapsed=2.250096e+02 cycle=864 time=6.742188e+00 dt=7.812500e-03
elapsed=2.259769e+02 cycle=865 time=6.750000e+00 dt=7.812500e-03
elapsed=2.269995e+02 cycle=866 time=6.757812e+00 dt=7.812500e-03
elapsed=2.279456e+02 cycle=867 time=6.765625e+00 dt=7.812500e-03
elapsed=2.289536e+02 cycle=868 time=6.773438e+00 dt=7.812500e-03
elapsed=2.299870e+02 cycle=869 time=6.781250e+00 dt=7.812500e-03
elapsed=2.310618e+02 cycle=870 time=6.789062e+00 dt=7.812500e-03
elapsed=2.321315e+02 cycle=871 time=6.796875e+00 dt=7.812500e-03
elapsed=2.330846e+02 cycle=872 time=6.804688e+00 dt=7.812500e-03
elapsed=2.340891e+02 cycle=873 time=6.812500e+00 dt=7.812500e-03
elapsed=2.351279e+02 cycle=874 time=6.820312e+00 dt=7.812500e-03
elapsed=2.361583e+02 cycle=875 time=6.828125e+00 dt=7.812500e-03
elapsed=2.371653e+02 cycle=876 time=6.835938e+00 dt=7.812500e-03
elapsed=2.381223e+02 cycle=877 time=6.843750e+00 dt=7.812500e-03
elapsed=2.390599e+02 cycle=878 time=6.851562e+00 dt=7.812500e-03
elapsed=2.399846e+02 cycle=879 time=6.859375e+00 dt=7.812500e-03
elapsed=2.409047e+02 cycle=880 time=6.867188e+00 dt=7.812500e-03
elapsed=2.419036e+02 cycle=881 time=6.875000e+00 dt=7.812500e-03
elapsed=2.428685e+02 cycle=882 time=6.882812e+00 dt=7.812500e-03
elapsed=2.438552e+02 cycle=883 time=6.890625e+00 dt=7.812500e-03
elapsed=2.448716e+02 cycle=884 time=6.898438e+00 dt=7.812500e-03
elapsed=2.458156e+02 cycle=885 time=6.906250e+00 dt=7.812500e-03
elapsed=2.468231e+02 cycle=886 time=6.914062e+00 dt=7.812500e-03
elapsed=2.478625e+02 cycle=887 time=6.921875e+00 dt=7.812500e-03
elapsed=2.488114e+02 cycle=888 time=6.929688e+00 dt=7.812500e-03
elapsed=2.498421e+02 cycle=889 time=6.937500e+00 dt=7.812500e-03
elapsed=2.507823e+02 cycle=890 time=6.945312e+00 dt=7.812500e-03
elapsed=2.517579e+02 cycle=891 time=6.953125e+00 dt=7.812500e-03
elapsed=2.528028e+02 cycle=892 time=6.960938e+00 dt=7.812500e-03
elapsed=2.537283e+02 cycle=893 time=6.968750e+00 dt=7.812500e-03
elapsed=2.547544e+02 cycle=894 time=6.976562e+00 dt=7.812500e-03
elapsed=2.557247e+02 cycle=895 time=6.984375e+00 dt=7.812500e-03
elapsed=2.566898e+02 cycle=896 time=6.992188e+00 dt=7.812500e-03
elapsed=2.577206e+02 cycle=897 time=7.000000e+00 dt=7.812500e-03
elapsed=2.588201e+02 cycle=898 time=7.007812e+00 dt=7.812500e-03
elapsed=2.597976e+02 cycle=899 time=7.015625e+00 dt=7.812500e-03
elapsed=2.607852e+02 cycle=900 time=7.023438e+00 dt=7.812500e-03
elapsed=2.617579e+02 cycle=901 time=7.031250e+00 dt=7.812500e-03
elapsed=2.627524e+02 cycle=902 time=7.039062e+00 dt=7.812500e-03
elapsed=2.637381e+02 cycle=903 time=7.046875e+00 dt=7.812500e-03
elapsed=2.647201e+02 cycle=904 time=7.054688e+00 dt=7.812500e-03
elapsed=2.656788e+02 cycle=905 time=7.062500e+00 dt=7.812500e-03
elapsed=2.666304e+02 cycle=906 time=7.070312e+00 dt=7.812500e-03
elapsed=2.675981e+02 cycle=907 time=7.078125e+00 dt=7.812500e-03
elapsed=2.685708e+02 cycle=908 time=7.085938e+00 dt=7.812500e-03
elapsed=2.695505e+02 cycle=909 time=7.093750e+00 dt=7.812500e-03
elapsed=2.705092e+02 cycle=910 time=7.101562e+00 dt=7.812500e-03
elapsed=2.715212e+02 cycle=911 time=7.109375e+00 dt=7.812500e-03
elapsed=2.724678e+02 cycle=912 time=7.117188e+00 dt=7.812500e-03
elapsed=2.734155e+02 cycle=913 time=7.125000e+00 dt=7.812500e-03
elapsed=2.743515e+02 cycle=914 time=7.132812e+00 dt=7.812500e-03
elapsed=2.753640e+02 cycle=915 time=7.140625e+00 dt=7.812500e-03
elapsed=2.763991e+02 cycle=916 time=7.148438e+00 dt=7.812500e-03
elapsed=2.773322e+02 cycle=917 time=7.156250e+00 dt=7.812500e-03
elapsed=2.783011e+02 cycle=918 time=7.164062e+00 dt=7.812500e-03
elapsed=2.793809e+02 cycle=919 time=7.171875e+00 dt=7.812500e-03
elapsed=2.802727e+02 cycle=920 time=7.179688e+00 dt=7.812500e-03
elapsed=2.812689e+02 cycle=921 time=7.187500e+00 dt=7.812500e-03
elapsed=2.822193e+02 cycle=922 time=7.195312e+00 dt=7.812500e-03
elapsed=2.832398e+02 cycle=923 time=7.203125e+00 dt=7.812500e-03
elapsed=2.842444e+02 cycle=924 time=7.210938e+00 dt=7.812500e-03
elapsed=2.852186e+02 cycle=925 time=7.218750e+00 dt=7.812500e-03
elapsed=2.862160e+02 cycle=926 time=7.226562e+00 dt=7.812500e-03
elapsed=2.871110e+02 cycle=927 time=7.234375e+00 dt=7.812500e-03
elapsed=2.880566e+02 cycle=928 time=7.242188e+00 dt=7.812500e-03
elapsed=2.890568e+02 cycle=929 time=7.250000e+00 dt=7.812500e-03
elapsed=2.900687e+02 cycle=930 time=7.257812e+00 dt=7.812500e-03
elapsed=2.911042e+02 cycle=931 time=7.265625e+00 dt=7.812500e-03
elapsed=2.920684e+02 cycle=932 time=7.273438e+00 dt=7.812500e-03
elapsed=2.929918e+02 cycle=933 time=7.281250e+00 dt=7.812500e-03
elapsed=2.939818e+02 cycle=934 time=7.289062e+00 dt=7.812500e-03
elapsed=2.949731e+02 cycle=935 time=7.296875e+00 dt=7.812500e-03
elapsed=2.959161e+02 cycle=936 time=7.304688e+00 dt=7.812500e-03
elapsed=2.968788e+02 cycle=937 time=7.312500e+00 dt=7.812500e-03
elapsed=2.979577e+02 cycle=938 time=7.320312e+00 dt=7.812500e-03
elapsed=2.990147e+02 cycle=939 time=7.328125e+00 dt=7.812500e-03
elapsed=2.999422e+02 cycle=940 time=7.335938e+00 dt=7.812500e-03
elapsed=3.010296e+02 cycle=941 time=7.343750e+00 dt=7.812500e-03
elapsed=3.020448e+02 cycle=942 time=7.351562e+00 dt=7.812500e-03
elapsed=3.030620e+02 cycle=943 time=7.359375e+00 dt=7.812500e-03
elapsed=3.040182e+02 cycle=944 time=7.367188e+00 dt=7.812500e-03
elapsed=3.050080e+02 cycle=945 time=7.375000e+00 dt=7.812500e-03
elapsed=3.060018e+02 cycle=946 time=7.382812e+00 dt=7.812500e-03
elapsed=3.070260e+02 cycle=947 time=7.390625e+00 dt=7.812500e-03
elapsed=3.079781e+02 cycle=948 time=7.398438e+00 dt=7.812500e-03
elapsed=3.089835e+02 cycle=949 time=7.406250e+00 dt=7.812500e-03
elapsed=3.099545e+02 cycle=950 time=7.414062e+00 dt=7.812500e-03
elapsed=3.109990e+02 cycle=951 time=7.421875e+00 dt=7.812500e-03
elapsed=3.120187e+02 cycle=952 time=7.429688e+00 dt=7.812500e-03
elapsed=3.130179e+02 cycle=953 time=7.437500e+00 dt=7.812500e-03
elapsed=3.139302e+02 cycle=954 time=7.445312e+00 dt=7.812500e-03
elapsed=3.149010e+02 cycle=955 time=7.453125e+00 dt=7.812500e-03
elapsed=3.158098e+02 cycle=956 time=7.460938e+00 dt=7.812500e-03
elapsed=3.167513e+02 cycle=957 time=7.468750e+00 dt=7.812500e-03
elapsed=3.177353e+02 cycle=958 time=7.476562e+00 dt=7.812500e-03
elapsed=3.186809e+02 cycle=959 time=7.484375e+00 dt=7.812500e-03
elapsed=3.196177e+02 cycle=960 time=7.492188e+00 dt=7.812500e-03
elapsed=3.205658e+02 cycle=961 time=7.500000e+00 dt=7.812500e-03
elapsed=3.215025e+02 cycle=962 time=7.507812e+00 dt=7.812500e-03
elapsed=3.225275e+02 cycle=963 time=7.515625e+00 dt=7.812500e-03
elapsed=3.235375e+02 cycle=964 time=7.523438e+00 dt=7.812500e-03
elapsed=3.244994e+02 cycle=965 time=7.531250e+00 dt=7.812500e-03
elapsed=3.254942e+02 cycle=966 time=7.539062e+00 dt=7.812500e-03
elapsed=3.264071e+02 cycle=967 time=7.546875e+00 dt=7.812500e-03
elapsed=3.273290e+02 cycle=968 time=7.554688e+00 dt=7.812500e-03
elapsed=3.282771e+02 cycle=969 time=7.562500e+00 dt=7.812500e-03
elapsed=3.292985e+02 cycle=970 time=7.570312e+00 dt=7.812500e-03
elapsed=3.303781e+02 cycle=971 time=7.578125e+00 dt=7.812500e-03
elapsed=3.313397e+02 cycle=972 time=7.585938e+00 dt=7.812500e-03
elapsed=3.323815e+02 cycle=973 time=7.593750e+00 dt=7.812500e-03
elapsed=3.333747e+02 cycle=974 time=7.601562e+00 dt=7.812500e-03
elapsed=3.343617e+02 cycle=975 time=7.609375e+00 dt=7.812500e-03
elapsed=3.353583e+02 cycle=976 time=7.617188e+00 dt=7.812500e-03
elapsed=3.363190e+02 cycle=977 time=7.625000e+00 dt=7.812500e-03
elapsed=3.372561e+02 cycle=978 time=7.632812e+00 dt=7.812500e-03
elapsed=3.381962e+02 cycle=979 time=7.640625e+00 dt=7.812500e-03
elapsed=3.391694e+02 cycle=980 time=7.648438e+00 dt=7.812500e-03
elapsed=3.402022e+02 cycle=981 time=7.656250e+00 dt=7.812500e-03
elapsed=3.411670e+02 cycle=982 time=7.664062e+00 dt=7.812500e-03
elapsed=3.421218e+02 cycle=983 time=7.671875e+00 dt=7.812500e-03
elapsed=3.430705e+02 cycle=984 time=7.679688e+00 dt=7.812500e-03
elapsed=3.440482e+02 cycle=985 time=7.687500e+00 dt=7.812500e-03
elapsed=3.450989e+02 cycle=986 time=7.695312e+00 dt=7.812500e-03
elapsed=3.460806e+02 cycle=987 time=7.703125e+00 dt=7.812500e-03
elapsed=3.470320e+02 cycle=988 time=7.710938e+00 dt=7.812500e-03
elapsed=3.480037e+02 cycle=989 time=7.718750e+00 dt=7.812500e-03
elapsed=3.489345e+02 cycle=990 time=7.726562e+00 dt=7.812500e-03
elapsed=3.498921e+02 cycle=991 time=7.734375e+00 dt=7.812500e-03
elapsed=3.509059e+02 cycle=992 time=7.742188e+00 dt=7.812500e-03
elapsed=3.518831e+02 cycle=993 time=7.750000e+00 dt=7.812500e-03
elapsed=3.528212e+02 cycle=994 time=7.757812e+00 dt=7.812500e-03
elapsed=3.537310e+02 cycle=995 time=7.765625e+00 dt=7.812500e-03
elapsed=3.548233e+02 cycle=996 time=7.773438e+00 dt=7.812500e-03
elapsed=3.558505e+02 cycle=997 time=7.781250e+00 dt=7.812500e-03
elapsed=3.568153e+02 cycle=998 time=7.789062e+00 dt=7.812500e-03
elapsed=3.577775e+02 cycle=999 time=7.796875e+00 dt=7.812500e-03
elapsed=3.587093e+02 cycle=1000 time=7.804688e+00 dt=7.812500e-03
elapsed=3.596827e+02 cycle=1001 time=7.812500e+00 dt=7.812500e-03
elapsed=3.606646e+02 cycle=1002 time=7.820312e+00 dt=7.812500e-03
elapsed=3.616470e+02 cycle=1003 time=7.828125e+00 dt=7.812500e-03
elapsed=3.627030e+02 cycle=1004 time=7.835938e+00 dt=7.812500e-03
elapsed=3.636396e+02 cycle=1005 time=7.843750e+00 dt=7.812500e-03
elapsed=3.645440e+02 cycle=1006 time=7.851562e+00 dt=7.812500e-03
elapsed=3.655367e+02 cycle=1007 time=7.859375e+00 dt=7.812500e-03
elapsed=3.664527e+02 cycle=1008 time=7.867188e+00 dt=7.812500e-03
elapsed=3.674081e+02 cycle=1009 time=7.875000e+00 dt=7.812500e-03
elapsed=3.684130e+02 cycle=1010 time=7.882812e+00 dt=7.812500e-03
elapsed=3.693523e+02 cycle=1011 time=7.890625e+00 dt=7.812500e-03
elapsed=3.702972e+02 cycle=1012 time=7.898438e+00 dt=7.812500e-03
elapsed=3.711915e+02 cycle=1013 time=7.906250e+00 dt=7.812500e-03
elapsed=3.721557e+02 cycle=1014 time=7.914062e+00 dt=7.812500e-03
elapsed=3.731440e+02 cycle=1015 time=7.921875e+00 dt=7.812500e-03
elapsed=3.740790e+02 cycle=1016 time=7.929688e+00 dt=7.812500e-03
elapsed=3.750392e+02 cycle=1017 time=7.937500e+00 dt=7.812500e-03
elapsed=3.760089e+02 cycle=1018 time=7.945312e+00 dt=7.812500e-03
elapsed=3.769300e+02 cycle=1019 time=7.953125e+00 dt=7.812500e-03
elapsed=3.779469e+02 cycle=1020 time=7.960938e+00 dt=7.812500e-03
elapsed=3.789233e+02 cycle=1021 time=7.968750e+00 dt=7.812500e-03
elapsed=3.798514e+02 cycle=1022 time=7.976562e+00 dt=7.812500e-03
elapsed=3.808238e+02 cycle=1023 time=7.984375e+00 dt=7.812500e-03
elapsed=3.817372e+02 cycle=1024 time=7.992188e+00 dt=7.812500e-03
elapsed=3.827176e+02 cycle=1025 time=8.000000e+00 dt=7.812500e-03
elapsed=3.836371e+02 cycle=1026 time=8.007812e+00 dt=7.812500e-03
elapsed=3.846287e+02 cycle=1027 time=8.015625e+00 dt=7.812500e-03
elapsed=3.856160e+02 cycle=1028 time=8.023438e+00 dt=7.812500e-03
elapsed=3.865298e+02 cycle=1029 time=8.031250e+00 dt=7.812500e-03
elapsed=3.874990e+02 cycle=1030 time=8.039062e+00 dt=7.812500e-03
elapsed=3.884256e+02 cycle=1031 time=8.046875e+00 dt=7.812500e-03
elapsed=3.893987e+02 cycle=1032 time=8.054688e+00 dt=7.812500e-03
elapsed=3.903453e+02 cycle=1033 time=8.062500e+00 dt=7.812500e-03
elapsed=3.913042e+02 cycle=1034 time=8.070312e+00 dt=7.812500e-03
elapsed=3.923147e+02 cycle=1035 time=8.078125e+00 dt=7.812500e-03
elapsed=3.932238e+02 cycle=1036 time=8.085938e+00 dt=7.812500e-03
elapsed=3.941618e+02 cycle=1037 time=8.093750e+00 dt=7.812500e-03
elapsed=3.951572e+02 cycle=1038 time=8.101562e+00 dt=7.812500e-03
elapsed=3.960978e+02 cycle=1039 time=8.109375e+00 dt=7.812500e-03
elapsed=3.970349e+02 cycle=1040 time=8.117188e+00 dt=7.812500e-03
elapsed=3.980054e+02 cycle=1041 time=8.125000e+00 dt=7.812500e-03
elapsed=3.989522e+02 cycle=1042 time=8.132812e+00 dt=7.812500e-03
elapsed=3.999205e+02 cycle=1043 time=8.140625e+00 dt=7.812500e-03
elapsed=4.008764e+02 cycle=1044 time=8.148438e+00 dt=7.812500e-03
elapsed=4.018168e+02 cycle=1045 time=8.156250e+00 dt=7.812500e-03
elapsed=4.028429e+02 cycle=1046 time=8.164062e+00 dt=7.812500e-03
elapsed=4.037907e+02 cycle=1047 time=8.171875e+00 dt=7.812500e-03
elapsed=4.047040e+02 cycle=1048 time=8.179688e+00 dt=7.812500e-03
elapsed=4.056115e+02 cycle=1049 time=8.187500e+00 dt=7.812500e-03
elapsed=4.066058e+02 cycle=1050 time=8.195312e+00 dt=7.812500e-03
elapsed=4.076134e+02 cycle=1051 time=8.203125e+00 dt=7.812500e-03
elapsed=4.085642e+02 cycle=1052 time=8.210938e+00 dt=7.812500e-03
elapsed=4.095802e+02 cycle=1053 time=8.218750e+00 dt=7.812500e-03
elapsed=4.105461e+02 cycle=1054 time=8.226562e+00 dt=7.812500e-03
elapsed=4.114492e+02 cycle=1055 time=8.234375e+00 dt=7.812500e-03
elapsed=4.123633e+02 cycle=1056 time=8.242188e+00 dt=7.812500e-03
elapsed=4.132537e+02 cycle=1057 time=8.250000e+00 dt=7.812500e-03
elapsed=4.142576e+02 cycle=1058 time=8.257812e+00 dt=7.812500e-03
elapsed=4.152913e+02 cycle=1059 time=8.265625e+00 dt=7.812500e-03
elapsed=4.163196e+02 cycle=1060 time=8.273438e+00 dt=7.812500e-03
elapsed=4.173223e+02 cycle=1061 time=8.281250e+00 dt=7.812500e-03
elapsed=4.182387e+02 cycle=1062 time=8.289062e+00 dt=7.812500e-03
elapsed=4.191610e+02 cycle=1063 time=8.296875e+00 dt=7.812500e-03
elapsed=4.201305e+02 cycle=1064 time=8.304688e+00 dt=7.812500e-03
elapsed=4.211337e+02 cycle=1065 time=8.312500e+00 dt=7.812500e-03
elapsed=4.221824e+02 cycle=1066 time=8.320312e+00 dt=7.812500e-03
elapsed=4.231439e+02 cycle=1067 time=8.328125e+00 dt=7.812500e-03
elapsed=4.241503e+02 cycle=1068 time=8.335938e+00 dt=7.812500e-03
elapsed=4.251544e+02 cycle=1069 time=8.343750e+00 dt=7.812500e-03
elapsed=4.261794e+02 cycle=1070 time=8.351562e+00 dt=7.812500e-03
elapsed=4.272727e+02 cycle=1071 time=8.359375e+00 dt=7.812500e-03
elapsed=4.282937e+02 cycle=1072 time=8.367188e+00 dt=7.812500e-03
elapsed=4.293299e+02 cycle=1073 time=8.375000e+00 dt=7.812500e-03
elapsed=4.302690e+02 cycle=1074 time=8.382812e+00 dt=7.812500e-03
elapsed=4.312809e+02 cycle=1075 time=8.390625e+00 dt=7.812500e-03
elapsed=4.322857e+02 cycle=1076 time=8.398438e+00 dt=7.812500e-03
elapsed=4.332915e+02 cycle=1077 time=8.406250e+00 dt=7.812500e-03
elapsed=4.343321e+02 cycle=1078 time=8.414062e+00 dt=7.812500e-03
elapsed=4.353222e+02 cycle=1079 time=8.421875e+00 dt=7.812500e-03
elapsed=4.363518e+02 cycle=1080 time=8.429688e+00 dt=7.812500e-03
elapsed=4.372630e+02 cycle=1081 time=8.437500e+00 dt=7.812500e-03
elapsed=4.382562e+02 cycle=1082 time=8.445312e+00 dt=7.812500e-03
elapsed=4.392117e+02 cycle=1083 time=8.453125e+00 dt=7.812500e-03
elapsed=4.401229e+02 cycle=1084 time=8.460938e+00 dt=7.812500e-03
elapsed=4.411183e+02 cycle=1085 time=8.468750e+00 dt=7.812500e-03
elapsed=4.421474e+02 cycle=1086 time=8.476562e+00 dt=7.812500e-03
elapsed=4.430888e+02 cycle=1087 time=8.484375e+00 dt=7.812500e-03
elapsed=4.440291e+02 cycle=1088 time=8.492188e+00 dt=7.812500e-03
elapsed=4.450899e+02 cycle=1089 time=8.500000e+00 dt=7.812500e-03
elapsed=4.459926e+02 cycle=1090 time=8.507812e+00 dt=7.812500e-03
elapsed=4.470098e+02 cycle=1091 time=8.515625e+00 dt=7.812500e-03
elapsed=4.479389e+02 cycle=1092 time=8.523438e+00 dt=7.812500e-03
elapsed=4.488984e+02 cycle=1093 time=8.531250e+00 dt=7.812500e-03
elapsed=4.498868e+02 cycle=1094 time=8.539062e+00 dt=7.812500e-03
elapsed=4.508477e+02 cycle=1095 time=8.546875e+00 dt=7.812500e-03
elapsed=4.517902e+02 cycle=1096 time=8.554688e+00 dt=7.812500e-03
elapsed=4.527443e+02 cycle=1097 time=8.562500e+00 dt=7.812500e-03
elapsed=4.536843e+02 cycle=1098 time=8.570312e+00 dt=7.812500e-03
elapsed=4.546277e+02 cycle=1099 time=8.578125e+00 dt=7.812500e-03
elapsed=4.555784e+02 cycle=1100 time=8.585938e+00 dt=7.812500e-03
elapsed=4.565569e+02 cycle=1101 time=8.593750e+00 dt=7.812500e-03
elapsed=4.575587e+02 cycle=1102 time=8.601562e+00 dt=7.812500e-03
elapsed=4.584679e+02 cycle=1103 time=8.609375e+00 dt=7.812500e-03
elapsed=4.593721e+02 cycle=1104 time=8.617188e+00 dt=7.812500e-03
elapsed=4.603299e+02 cycle=1105 time=8.625000e+00 dt=7.812500e-03
elapsed=4.612651e+02 cycle=1106 time=8.632812e+00 dt=7.812500e-03
elapsed=4.622366e+02 cycle=1107 time=8.640625e+00 dt=7.812500e-03
elapsed=4.632334e+02 cycle=1108 time=8.648438e+00 dt=7.812500e-03
elapsed=4.642259e+02 cycle=1109 time=8.656250e+00 dt=7.812500e-03
elapsed=4.652101e+02 cycle=1110 time=8.664062e+00 dt=7.812500e-03
elapsed=4.661311e+02 cycle=1111 time=8.671875e+00 dt=7.812500e-03
elapsed=4.671903e+02 cycle=1112 time=8.679688e+00 dt=7.812500e-03
elapsed=4.681335e+02 cycle=1113 time=8.687500e+00 dt=7.812500e-03
elapsed=4.691642e+02 cycle=1114 time=8.695312e+00 dt=7.812500e-03
elapsed=4.701565e+02 cycle=1115 time=8.703125e+00 dt=7.812500e-03
elapsed=4.710531e+02 cycle=1116 time=8.710938e+00 dt=7.812500e-03
elapsed=4.720305e+02 cycle=1117 time=8.718750e+00 dt=7.812500e-03
elapsed=4.729458e+02 cycle=1118 time=8.726562e+00 dt=7.812500e-03
elapsed=4.738558e+02 cycle=1119 time=8.734375e+00 dt=7.812500e-03
elapsed=4.748149e+02 cycle=1120 time=8.742188e+00 dt=7.812500e-03
elapsed=4.757544e+02 cycle=1121 time=8.750000e+00 dt=7.812500e-03
elapsed=4.767295e+02 cycle=1122 time=8.757812e+00 dt=7.812500e-03
elapsed=4.776679e+02 cycle=1123 time=8.765625e+00 dt=7.812500e-03
elapsed=4.786191e+02 cycle=1124 time=8.773438e+00 dt=7.812500e-03
elapsed=4.795687e+02 cycle=1125 time=8.781250e+00 dt=7.812500e-03
elapsed=4.805754e+02 cycle=1126 time=8.789062e+00 dt=7.812500e-03
elapsed=4.815315e+02 cycle=1127 time=8.796875e+00 dt=7.812500e-03
elapsed=4.825168e+02 cycle=1128 time=8.804688e+00 dt=7.812500e-03
elapsed=4.834822e+02 cycle=1129 time=8.812500e+00 dt=7.812500e-03
elapsed=4.844132e+02 cycle=1130 time=8.820312e+00 dt=7.812500e-03
elapsed=4.853947e+02 cycle=1131 time=8.828125e+00 dt=7.812500e-03
elapsed=4.863511e+02 cycle=1132 time=8.835938e+00 dt=7.812500e-03
elapsed=4.872931e+02 cycle=1133 time=8.843750e+00 dt=7.812500e-03
elapsed=4.882819e+02 cycle=1134 time=8.851562e+00 dt=7.812500e-03
elapsed=4.891958e+02 cycle=1135 time=8.859375e+00 dt=7.812500e-03
elapsed=4.901713e+02 cycle=1136 time=8.867188e+00 dt=7.812500e-03
elapsed=4.911189e+02 cycle=1137 time=8.875000e+00 dt=7.812500e-03
elapsed=4.921258e+02 cycle=1138 time=8.882812e+00 dt=7.812500e-03
elapsed=4.930584e+02 cycle=1139 time=8.890625e+00 dt=7.812500e-03
elapsed=4.940462e+02 cycle=1140 time=8.898438e+00 dt=7.812500e-03
elapsed=4.949437e+02 cycle=1141 time=8.906250e+00 dt=7.812500e-03
elapsed=4.958818e+02 cycle=1142 time=8.914062e+00 dt=7.812500e-03
elapsed=4.968308e+02 cycle=1143 time=8.921875e+00 dt=7.812500e-03
elapsed=4.977688e+02 cycle=1144 time=8.929688e+00 dt=7.812500e-03
elapsed=4.987421e+02 cycle=1145 time=8.937500e+00 dt=7.812500e-03
elapsed=4.997662e+02 cycle=1146 time=8.945312e+00 dt=7.812500e-03
elapsed=5.006739e+02 cycle=1147 time=8.953125e+00 dt=7.812500e-03
elapsed=5.016930e+02 cycle=1148 time=8.960938e+00 dt=7.812500e-03
elapsed=5.026459e+02 cycle=1149 time=8.968750e+00 dt=7.812500e-03
elapsed=5.036512e+02 cycle=1150 time=8.976562e+00 dt=7.812500e-03
elapsed=5.046839e+02 cycle=1151 time=8.984375e+00 dt=7.812500e-03
elapsed=5.056013e+02 cycle=1152 time=8.992188e+00 dt=7.812500e-03
elapsed=5.065416e+02 cycle=1153 time=9.000000e+00 dt=7.812500e-03
elapsed=5.075112e+02 cycle=1154 time=9.007812e+00 dt=7.812500e-03
elapsed=5.084961e+02 cycle=1155 time=9.015625e+00 dt=7.812500e-03
elapsed=5.095250e+02 cycle=1156 time=9.023438e+00 dt=7.812500e-03
elapsed=5.104408e+02 cycle=1157 time=9.031250e+00 dt=7.812500e-03
elapsed=5.113244e+02 cycle=1158 time=9.039062e+00 dt=7.812500e-03
elapsed=5.122321e+02 cycle=1159 time=9.046875e+00 dt=7.812500e-03
elapsed=5.131559e+02 cycle=1160 time=9.054688e+00 dt=7.812500e-03
elapsed=5.141245e+02 cycle=1161 time=9.062500e+00 dt=7.812500e-03
elapsed=5.151314e+02 cycle=1162 time=9.070312e+00 dt=7.812500e-03
elapsed=5.160343e+02 cycle=1163 time=9.078125e+00 dt=7.812500e-03
elapsed=5.170147e+02 cycle=1164 time=9.085938e+00 dt=7.812500e-03
elapsed=5.180130e+02 cycle=1165 time=9.093750e+00 dt=7.812500e-03
elapsed=5.189867e+02 cycle=1166 time=9.101562e+00 dt=7.812500e-03
elapsed=5.199934e+02 cycle=1167 time=9.109375e+00 dt=7.812500e-03
elapsed=5.209211e+02 cycle=1168 time=9.117188e+00 dt=7.812500e-03
elapsed=5.218532e+02 cycle=1169 time=9.125000e+00 dt=7.812500e-03
elapsed=5.227847e+02 cycle=1170 time=9.132812e+00 dt=7.812500e-03
elapsed=5.237301e+02 cycle=1171 time=9.140625e+00 dt=7.812500e-03
elapsed=5.247495e+02 cycle=1172 time=9.148438e+00 dt=7.812500e-03
elapsed=5.256784e+02 cycle=1173 time=9.156250e+00 dt=7.812500e-03
elapsed=5.266654e+02 cycle=1174 time=9.164062e+00 dt=7.812500e-03
elapsed=5.277298e+02 cycle=1175 time=9.171875e+00 dt=7.812500e-03
elapsed=5.286411e+02 cycle=1176 time=9.179688e+00 dt=7.812500e-03
elapsed=5.296629e+02 cycle=1177 time=9.187500e+00 dt=7.812500e-03
elapsed=5.306429e+02 cycle=1178 time=9.195312e+00 dt=7.812500e-03
elapsed=5.316236e+02 cycle=1179 time=9.203125e+00 dt=7.812500e-03
elapsed=5.325569e+02 cycle=1180 time=9.210938e+00 dt=7.812500e-03
elapsed=5.335302e+02 cycle=1181 time=9.218750e+00 dt=7.812500e-03
elapsed=5.345167e+02 cycle=1182 time=9.226562e+00 dt=7.812500e-03
elapsed=5.354528e+02 cycle=1183 time=9.234375e+00 dt=7.812500e-03
elapsed=5.364118e+02 cycle=1184 time=9.242188e+00 dt=7.812500e-03
elapsed=5.374005e+02 cycle=1185 time=9.250000e+00 dt=7.812500e-03
elapsed=5.384066e+02 cycle=1186 time=9.257812e+00 dt=7.812500e-03
elapsed=5.394246e+02 cycle=1187 time=9.265625e+00 dt=7.812500e-03
elapsed=5.403916e+02 cycle=1188 time=9.273438e+00 dt=7.812500e-03
elapsed=5.413113e+02 cycle=1189 time=9.281250e+00 dt=7.812500e-03
elapsed=5.422310e+02 cycle=1190 time=9.289062e+00 dt=7.812500e-03
elapsed=5.431759e+02 cycle=1191 time=9.296875e+00 dt=7.812500e-03
elapsed=5.441474e+02 cycle=1192 time=9.304688e+00 dt=7.812500e-03
elapsed=5.451316e+02 cycle=1193 time=9.312500e+00 dt=7.812500e-03
elapsed=5.460819e+02 cycle=1194 time=9.320312e+00 dt=7.812500e-03
elapsed=5.469654e+02 cycle=1195 time=9.328125e+00 dt=7.812500e-03
elapsed=5.478558e+02 cycle=1196 time=9.335938e+00 dt=7.812500e-03
elapsed=5.487647e+02 cycle=1197 time=9.343750e+00 dt=7.812500e-03
elapsed=5.497481e+02 cycle=1198 time=9.351562e+00 dt=7.812500e-03
elapsed=5.507182e+02 cycle=1199 time=9.359375e+00 dt=7.812500e-03
elapsed=5.516571e+02 cycle=1200 time=9.367188e+00 dt=7.812500e-03
elapsed=5.525771e+02 cycle=1201 time=9.375000e+00 dt=7.812500e-03
elapsed=5.535587e+02 cycle=1202 time=9.382812e+00 dt=7.812500e-03
elapsed=5.545219e+02 cycle=1203 time=9.390625e+00 dt=7.812500e-03
elapsed=5.555102e+02 cycle=1204 time=9.398438e+00 dt=7.812500e-03
elapsed=5.565398e+02 cycle=1205 time=9.406250e+00 dt=7.812500e-03
elapsed=5.574609e+02 cycle=1206 time=9.414062e+00 dt=7.812500e-03
elapsed=5.584148e+02 cycle=1207 time=9.421875e+00 dt=7.812500e-03
elapsed=5.593713e+02 cycle=1208 time=9.429688e+00 dt=7.812500e-03
elapsed=5.603426e+02 cycle=1209 time=9.437500e+00 dt=7.812500e-03
elapsed=5.613437e+02 cycle=1210 time=9.445312e+00 dt=7.812500e-03
elapsed=5.623078e+02 cycle=1211 time=9.453125e+00 dt=7.812500e-03
elapsed=5.632557e+02 cycle=1212 time=9.460938e+00 dt=7.812500e-03
elapsed=5.641510e+02 cycle=1213 time=9.468750e+00 dt=7.812500e-03
elapsed=5.650475e+02 cycle=1214 time=9.476562e+00 dt=7.812500e-03
elapsed=5.660341e+02 cycle=1215 time=9.484375e+00 dt=7.812500e-03
elapsed=5.669178e+02 cycle=1216 time=9.492188e+00 dt=7.812500e-03
elapsed=5.678447e+02 cycle=1217 time=9.500000e+00 dt=7.812500e-03
elapsed=5.688459e+02 cycle=1218 time=9.507812e+00 dt=7.812500e-03
elapsed=5.698176e+02 cycle=1219 time=9.515625e+00 dt=7.812500e-03
elapsed=5.708067e+02 cycle=1220 time=9.523438e+00 dt=7.812500e-03
elapsed=5.717218e+02 cycle=1221 time=9.531250e+00 dt=7.812500e-03
elapsed=5.727012e+02 cycle=1222 time=9.539062e+00 dt=7.812500e-03
elapsed=5.736617e+02 cycle=1223 time=9.546875e+00 dt=7.812500e-03
elapsed=5.745548e+02 cycle=1224 time=9.554688e+00 dt=7.812500e-03
elapsed=5.754677e+02 cycle=1225 time=9.562500e+00 dt=7.812500e-03
elapsed=5.764556e+02 cycle=1226 time=9.570312e+00 dt=7.812500e-03
elapsed=5.774641e+02 cycle=1227 time=9.578125e+00 dt=7.812500e-03
elapsed=5.784890e+02 cycle=1228 time=9.585938e+00 dt=7.812500e-03
elapsed=5.794587e+02 cycle=1229 time=9.593750e+00 dt=7.812500e-03
elapsed=5.803606e+02 cycle=1230 time=9.601562e+00 dt=7.812500e-03
elapsed=5.812776e+02 cycle=1231 time=9.609375e+00 dt=7.812500e-03
elapsed=5.822079e+02 cycle=1232 time=9.617188e+00 dt=7.812500e-03
elapsed=5.832966e+02 cycle=1233 time=9.625000e+00 dt=7.812500e-03
elapsed=5.842092e+02 cycle=1234 time=9.632812e+00 dt=7.812500e-03
elapsed=5.851401e+02 cycle=1235 time=9.640625e+00 dt=7.812500e-03
elapsed=5.860721e+02 cycle=1236 time=9.648438e+00 dt=7.812500e-03
elapsed=5.870014e+02 cycle=1237 time=9.656250e+00 dt=7.812500e-03
elapsed=5.880132e+02 cycle=1238 time=9.664062e+00 dt=7.812500e-03
elapsed=5.890414e+02 cycle=1239 time=9.671875e+00 dt=7.812500e-03
elapsed=5.899985e+02 cycle=1240 time=9.679688e+00 dt=7.812500e-03
elapsed=5.909882e+02 cycle=1241 time=9.687500e+00 dt=7.812500e-03
elapsed=5.918760e+02 cycle=1242 time=9.695312e+00 dt=7.812500e-03
elapsed=5.928114e+02 cycle=1243 time=9.703125e+00 dt=7.812500e-03
elapsed=5.937900e+02 cycle=1244 time=9.710938e+00 dt=7.812500e-03
elapsed=5.947420e+02 cycle=1245 time=9.718750e+00 dt=7.812500e-03
elapsed=5.957082e+02 cycle=1246 time=9.726562e+00 dt=7.812500e-03
elapsed=5.966600e+02 cycle=1247 time=9.734375e+00 dt=7.812500e-03
elapsed=5.975602e+02 cycle=1248 time=9.742188e+00 dt=7.812500e-03
elapsed=5.984717e+02 cycle=1249 time=9.750000e+00 dt=7.812500e-03
elapsed=5.994222e+02 cycle=1250 time=9.757812e+00 dt=7.812500e-03
elapsed=6.003459e+02 cycle=1251 time=9.765625e+00 dt=7.812500e-03
elapsed=6.013214e+02 cycle=1252 time=9.773438e+00 dt=7.812500e-03
elapsed=6.023133e+02 cycle=1253 time=9.781250e+00 dt=7.812500e-03
elapsed=6.033111e+02 cycle=1254 time=9.789062e+00 dt=7.812500e-03
elapsed=6.042024e+02 cycle=1255 time=9.796875e+00 dt=7.812500e-03
elapsed=6.051478e+02 cycle=1256 time=9.804688e+00 dt=7.812500e-03
elapsed=6.061512e+02 cycle=1257 time=9.812500e+00 dt=7.812500e-03
elapsed=6.071312e+02 cycle=1258 time=9.820312e+00 dt=7.812500e-03
elapsed=6.081068e+02 cycle=1259 time=9.828125e+00 dt=7.812500e-03
elapsed=6.090127e+02 cycle=1260 time=9.835938e+00 dt=7.812500e-03
elapsed=6.099599e+02 cycle=1261 time=9.843750e+00 dt=7.812500e-03
elapsed=6.109608e+02 cycle=1262 time=9.851562e+00 dt=7.812500e-03
elapsed=6.120274e+02 cycle=1263 time=9.859375e+00 dt=7.812500e-03
elapsed=6.130156e+02 cycle=1264 time=9.867188e+00 dt=7.812500e-03
elapsed=6.140268e+02 cycle=1265 time=9.875000e+00 dt=7.812500e-03
elapsed=6.150314e+02 cycle=1266 time=9.882812e+00 dt=7.812500e-03
elapsed=6.161033e+02 cycle=1267 time=9.890625e+00 dt=7.812500e-03
elapsed=6.170122e+02 cycle=1268 time=9.898438e+00 dt=7.812500e-03
elapsed=6.180271e+02 cycle=1269 time=9.906250e+00 dt=7.812500e-03
elapsed=6.189708e+02 cycle=1270 time=9.914062e+00 dt=7.812500e-03
elapsed=6.199632e+02 cycle=1271 time=9.921875e+00 dt=7.812500e-03
elapsed=6.209239e+02 cycle=1272 time=9.929688e+00 dt=7.812500e-03
elapsed=6.218548e+02 cycle=1273 time=9.937500e+00 dt=7.812500e-03
elapsed=6.227769e+02 cycle=1274 time=9.945312e+00 dt=7.812500e-03
elapsed=6.237843e+02 cycle=1275 time=9.953125e+00 dt=7.812500e-03
elapsed=6.247870e+02 cycle=1276 time=9.960938e+00 dt=7.812500e-03
elapsed=6.257779e+02 cycle=1277 time=9.968750e+00 dt=7.812500e-03
elapsed=6.267070e+02 cycle=1278 time=9.976562e+00 dt=7.812500e-03
elapsed=6.276237e+02 cycle=1279 time=9.984375e+00 dt=7.812500e-03
elapsed=6.286123e+02 cycle=1280 time=9.992188e+00 dt=7.812500e-03
elapsed=6.297550e+02 cycle=1281 time=1.000000e+01 dt=7.812500e-03

Terminating on time limit
time=1.000000e+01 cycle=1281
tlim=1.000000e+01 nlim=-1

MeshBlock-cycles = 148480
cpu time used  = 6.288038e+02
zone-cycles/cpu_second = 1.208990e+05
particle-updates/cpu_second = 0.000000e+00
