AthenaK Kokkos default execution space: Cuda

Root grid = 4 x 8 x 1 MeshBlocks
Total number of MeshBlocks = 8924
Number of logical  levels of refinement = 26 (27 levels total)
Number of physical levels of refinement = 23 (24 levels total)
  Physical level = 0 (logical level = 3): 14 MeshBlocks, cost = 14
  Physical level = 1 (logical level = 4): 54 MeshBlocks, cost = 54
  Physical level = 2 (logical level = 5): 54 MeshBlocks, cost = 54
  Physical level = 3 (logical level = 6): 60 MeshBlocks, cost = 60
  Physical level = 4 (logical level = 7): 26 MeshBlocks, cost = 26
  Physical level = 5 (logical level = 8): 54 MeshBlocks, cost = 54
  Physical level = 6 (logical level = 9): 80 MeshBlocks, cost = 80
  Physical level = 7 (logical level = 10): 152 MeshBlocks, cost = 152
  Physical level = 8 (logical level = 11): 178 MeshBlocks, cost = 178
  Physical level = 9 (logical level = 12): 238 MeshBlocks, cost = 238
  Physical level = 10 (logical level = 13): 534 MeshBlocks, cost = 534
  Physical level = 11 (logical level = 14): 824 MeshBlocks, cost = 824
  Physical level = 12 (logical level = 15): 784 MeshBlocks, cost = 784
  Physical level = 13 (logical level = 16): 732 MeshBlocks, cost = 732
  Physical level = 14 (logical level = 17): 1268 MeshBlocks, cost = 1268
  Physical level = 15 (logical level = 18): 2418 MeshBlocks, cost = 2418
  Physical level = 16 (logical level = 19): 876 MeshBlocks, cost = 876
  Physical level = 17 (logical level = 20): 554 MeshBlocks, cost = 554
  Physical level = 18 (logical level = 21): 24 MeshBlocks, cost = 24
Number of parallel ranks = 1
CHI_ERROR_HYSTERESIS effective_child_factor=0.015625 parent_factor=0.25
Z4C_CHI_TRUNCATION_SCALE reference_nx1=64 current_nx1=64 reference_threshold=0.001 effective_threshold=0.001 normalization_length=1 start_time=5 bootstrap_dchi_threshold=0.02
AssembleZ4cTasks
AMR_HISTORY_SOURCE_COMPATIBILITY recorded_source_id=athena-0.1-git-unknown current_source_id=athena-0.1-git-38c1fab49565794bb1ab6b7777b806e440eac07a mode=record explicit_match=true

Setup complete, executing task list(s)...

