
Root grid = 2 x 2 x 2 MeshBlocks
Total number of MeshBlocks = 232
Number of logical  levels of refinement = 5 (6 levels total)
Number of physical levels of refinement = 4 (5 levels total)
  Physical level = 1 (logical level = 2): 56 MeshBlocks, cost = 56
  Physical level = 2 (logical level = 3): 56 MeshBlocks, cost = 56
  Physical level = 3 (logical level = 4): 56 MeshBlocks, cost = 56
  Physical level = 4 (logical level = 5): 64 MeshBlocks, cost = 64
Number of parallel ranks = 1
AssembleZ4cTasks

Setup complete, executing task list(s)...

elapsed=9.636251e-01 cycle=33 time=2.500000e-01 dt=7.812500e-03
elapsed=1.903394e+00 cycle=34 time=2.578125e-01 dt=7.812500e-03
elapsed=2.872394e+00 cycle=35 time=2.656250e-01 dt=7.812500e-03
elapsed=3.812486e+00 cycle=36 time=2.734375e-01 dt=7.812500e-03
elapsed=4.793095e+00 cycle=37 time=2.812500e-01 dt=7.812500e-03
elapsed=5.694361e+00 cycle=38 time=2.890625e-01 dt=7.812500e-03
elapsed=6.627060e+00 cycle=39 time=2.968750e-01 dt=7.812500e-03
elapsed=7.585819e+00 cycle=40 time=3.046875e-01 dt=7.812500e-03
elapsed=8.499451e+00 cycle=41 time=3.125000e-01 dt=7.812500e-03
elapsed=9.461392e+00 cycle=42 time=3.203125e-01 dt=7.812500e-03
elapsed=1.044363e+01 cycle=43 time=3.281250e-01 dt=7.812500e-03
elapsed=1.138124e+01 cycle=44 time=3.359375e-01 dt=7.812500e-03
elapsed=1.229159e+01 cycle=45 time=3.437500e-01 dt=7.812500e-03
elapsed=1.323439e+01 cycle=46 time=3.515625e-01 dt=7.812500e-03
elapsed=1.416051e+01 cycle=47 time=3.593750e-01 dt=7.812500e-03
elapsed=1.511341e+01 cycle=48 time=3.671875e-01 dt=7.812500e-03
elapsed=1.613902e+01 cycle=49 time=3.750000e-01 dt=7.812500e-03
elapsed=1.716774e+01 cycle=50 time=3.828125e-01 dt=7.812500e-03
elapsed=1.812656e+01 cycle=51 time=3.906250e-01 dt=7.812500e-03
elapsed=1.906368e+01 cycle=52 time=3.984375e-01 dt=7.812500e-03
elapsed=1.997017e+01 cycle=53 time=4.062500e-01 dt=7.812500e-03
elapsed=2.089620e+01 cycle=54 time=4.140625e-01 dt=7.812500e-03
elapsed=2.183756e+01 cycle=55 time=4.218750e-01 dt=7.812500e-03
elapsed=2.273858e+01 cycle=56 time=4.296875e-01 dt=7.812500e-03
elapsed=2.372401e+01 cycle=57 time=4.375000e-01 dt=7.812500e-03
elapsed=2.473990e+01 cycle=58 time=4.453125e-01 dt=7.812500e-03
elapsed=2.564750e+01 cycle=59 time=4.531250e-01 dt=7.812500e-03
elapsed=2.664907e+01 cycle=60 time=4.609375e-01 dt=7.812500e-03
elapsed=2.757927e+01 cycle=61 time=4.687500e-01 dt=7.812500e-03
elapsed=2.848907e+01 cycle=62 time=4.765625e-01 dt=7.812500e-03
elapsed=2.950320e+01 cycle=63 time=4.843750e-01 dt=7.812500e-03
elapsed=3.047091e+01 cycle=64 time=4.921875e-01 dt=7.812500e-03
elapsed=3.160353e+01 cycle=65 time=5.000000e-01 dt=7.812500e-03

Terminating on time limit
time=5.000000e-01 cycle=65
tlim=5.000000e-01 nlim=-1

MeshBlock-cycles = 7424
cpu time used  = 3.063992e+01
zone-cycles/cpu_second = 1.240567e+05
particle-updates/cpu_second = 0.000000e+00
