### WARNING in /lus/flare/projects/CompactBinaryMerger/hzhu/refgh_standard_ordering_20260823T0525Z_6884b09/src/src/mesh/load_balance.cpp at line 83
Number of MeshBlocks cannot be divided evenly by number of MPI ranks. This will result in poor load balancing.

Root grid = 3 x 3 x 3 MeshBlocks
Total number of MeshBlocks = 34
Number of logical  levels of refinement = 3 (4 levels total)
Number of physical levels of refinement = 1 (2 levels total)
Number of parallel ranks = 12
  Rank = 0: 2 MeshBlocks, cost = 2
  Rank = 1: 2 MeshBlocks, cost = 2
  Rank = 2: 3 MeshBlocks, cost = 3
  Rank = 3: 3 MeshBlocks, cost = 3
  Rank = 4: 3 MeshBlocks, cost = 3
  Rank = 5: 3 MeshBlocks, cost = 3
  Rank = 6: 3 MeshBlocks, cost = 3
  Rank = 7: 3 MeshBlocks, cost = 3
  Rank = 8: 3 MeshBlocks, cost = 3
  Rank = 9: 3 MeshBlocks, cost = 3
  Rank = 10: 3 MeshBlocks, cost = 3
  Rank = 11: 3 MeshBlocks, cost = 3
Load Balancing:
  Maximum normalized cost = 1.5, Average = 1.41667
reference-GH puncture vertex audit passed; minimum cell radius=0.0541266, wormhole match state=0, G=0, lapse=3.94268e-16, shift=0
### WARNING in /lus/flare/projects/CompactBinaryMerger/hzhu/refgh_standard_ordering_20260823T0525Z_6884b09/src/src/parameter_input.cpp: input parameter <mesh_refinement>/num_levels = 2 was not used by the code (check for a typo)
### WARNING in /lus/flare/projects/CompactBinaryMerger/hzhu/refgh_standard_ordering_20260823T0525Z_6884b09/src/src/parameter_input.cpp: input parameter <mesh_refinement>/max_nmb_per_rank = 128 was not used by the code (check for a typo)

Setup complete, executing task list(s)...

elapsed=2.432654e+00 cycle=0 time=0.000000e+00 dt=5.401833e-03
elapsed=1.581400e+01 cycle=10 time=5.401831e-02 dt=5.401827e-03
elapsed=2.887343e+01 cycle=20 time=1.080365e-01 dt=5.401805e-03
elapsed=4.223038e+01 cycle=30 time=1.620544e-01 dt=5.401762e-03
elapsed=5.564002e+01 cycle=40 time=2.160717e-01 dt=5.401692e-03
elapsed=6.904969e+01 cycle=50 time=2.700882e-01 dt=5.401590e-03
elapsed=8.248370e+01 cycle=60 time=3.241035e-01 dt=5.401451e-03
elapsed=9.590583e+01 cycle=70 time=3.781172e-01 dt=5.401269e-03
elapsed=1.093363e+02 cycle=80 time=4.321289e-01 dt=5.401041e-03
elapsed=1.227161e+02 cycle=90 time=4.861381e-01 dt=5.400761e-03
elapsed=1.377329e+02 cycle=100 time=5.401443e-01 dt=5.400427e-03
elapsed=1.511017e+02 cycle=110 time=5.941468e-01 dt=5.400032e-03
elapsed=1.644774e+02 cycle=120 time=6.481452e-01 dt=5.399575e-03
elapsed=1.784293e+02 cycle=130 time=7.021386e-01 dt=5.399051e-03
elapsed=1.915405e+02 cycle=140 time=7.561265e-01 dt=5.398456e-03
elapsed=2.049837e+02 cycle=150 time=8.101081e-01 dt=5.397789e-03
elapsed=2.184072e+02 cycle=160 time=8.640827e-01 dt=5.397044e-03
elapsed=2.318488e+02 cycle=170 time=9.180495e-01 dt=5.396220e-03
elapsed=2.452822e+02 cycle=180 time=9.720077e-01 dt=5.395315e-03
elapsed=2.603990e+02 cycle=190 time=1.025956e+00 dt=5.394325e-03
elapsed=2.738145e+02 cycle=200 time=1.079895e+00 dt=5.393248e-03
elapsed=2.872305e+02 cycle=210 time=1.133822e+00 dt=5.392083e-03
elapsed=3.006618e+02 cycle=220 time=1.187738e+00 dt=5.390827e-03
elapsed=3.142001e+02 cycle=230 time=1.241640e+00 dt=5.389479e-03
elapsed=3.275317e+02 cycle=240 time=1.295528e+00 dt=5.388038e-03
elapsed=3.409259e+02 cycle=250 time=1.349402e+00 dt=5.386501e-03
elapsed=3.548472e+02 cycle=260 time=1.403259e+00 dt=5.384868e-03
elapsed=3.679225e+02 cycle=270 time=1.457100e+00 dt=5.383139e-03
elapsed=3.832154e+02 cycle=280 time=1.510924e+00 dt=5.381311e-03
elapsed=3.966649e+02 cycle=290 time=1.564728e+00 dt=5.379385e-03
elapsed=4.101059e+02 cycle=300 time=1.618513e+00 dt=5.377360e-03
elapsed=4.235435e+02 cycle=310 time=1.672277e+00 dt=5.375237e-03
elapsed=4.369808e+02 cycle=320 time=1.726020e+00 dt=5.373014e-03
elapsed=4.503873e+02 cycle=330 time=1.779739e+00 dt=5.370691e-03
elapsed=4.638395e+02 cycle=340 time=1.833435e+00 dt=5.368271e-03
elapsed=4.772728e+02 cycle=350 time=1.887107e+00 dt=5.365751e-03
elapsed=4.907178e+02 cycle=360 time=1.940753e+00 dt=5.363134e-03
elapsed=5.041546e+02 cycle=370 time=1.994372e+00 dt=5.360419e-03
elapsed=5.192741e+02 cycle=380 time=2.047964e+00 dt=5.357608e-03
elapsed=5.331829e+02 cycle=390 time=2.101527e+00 dt=5.354701e-03
elapsed=5.465546e+02 cycle=400 time=2.155060e+00 dt=5.351700e-03
reference-GH controlled Schwarzschild final: time=2.200000e+00 state Linf=1.459692e+00 bad-state=0.000000e+00

Terminating on time limit
time=2.200000e+00 cycle=409
tlim=2.200000e+00 nlim=-1

MeshBlock-cycles = 13906
cpu time used  = 5.582727e+02
zone-cycles/cpu_second = 8.162172e+05
particle-updates/cpu_second = 0.000000e+00
real 561.72
user 0.00
sys 0.02
