DIRECTORY docs/investigations/z4c_vc_brill_transfer_qualification_20260823/artifacts/perlmutter_phase0
OK expected=0cbda7a2ce50ec3575c6e1a04e4ef1651b5c2559ab1cc24ed4d091e0a9e66ef6 actual=0cbda7a2ce50ec3575c6e1a04e4ef1651b5c2559ab1cc24ed4d091e0a9e66ef6 path=docs/investigations/z4c_vc_brill_transfer_qualification_20260823/artifacts/perlmutter_phase0/build-products.sha256
OK expected=1401decc9fdb9bb871cc66e7cf8bb5f1b1ccb8c5d8ff74a1954f6e0005a3f785 actual=1401decc9fdb9bb871cc66e7cf8bb5f1b1ccb8c5d8ff74a1954f6e0005a3f785 path=docs/investigations/z4c_vc_brill_transfer_qualification_20260823/artifacts/perlmutter_phase0/cc-selector-relative-exact.json
OK expected=126fa1294d1c4b619a2b62cc66db00da2d92db98235cb499fc94fce52e41fac1 actual=126fa1294d1c4b619a2b62cc66db00da2d92db98235cb499fc94fce52e41fac1 path=docs/investigations/z4c_vc_brill_transfer_qualification_20260823/artifacts/perlmutter_phase0/cc-selector-relative-exact.log
OK expected=5adf25ac417b323836e168fcffb67ddd3bf98578722c17caa262e8d290d44470 actual=5adf25ac417b323836e168fcffb67ddd3bf98578722c17caa262e8d290d44470 path=docs/investigations/z4c_vc_brill_transfer_qualification_20260823/artifacts/perlmutter_phase0/compiler-bound-fingerprint.log
OK expected=aa67a169b0bba217aa0aa88a65346920c84c42447c36ba5f7ea65f422c1fe5d8 actual=aa67a169b0bba217aa0aa88a65346920c84c42447c36ba5f7ea65f422c1fe5d8 path=docs/investigations/z4c_vc_brill_transfer_qualification_20260823/artifacts/perlmutter_phase0/compiler-bound-fingerprint.status
OK expected=53be9862343d629bfa9f4c99a7834335124e4ec0ebafc969a3a19151cb81a6e8 actual=53be9862343d629bfa9f4c99a7834335124e4ec0ebafc969a3a19151cb81a6e8 path=docs/investigations/z4c_vc_brill_transfer_qualification_20260823/artifacts/perlmutter_phase0/ctest-command.txt
OK expected=3dca2bd1636ed661f74d5c41b9c9c9cb516db43469aa8bcf757e53ee1e49a6ee actual=3dca2bd1636ed661f74d5c41b9c9c9cb516db43469aa8bcf757e53ee1e49a6ee path=docs/investigations/z4c_vc_brill_transfer_qualification_20260823/artifacts/perlmutter_phase0/ctest-inventory.txt
OK expected=d0bc012cd473011b65ec31f5a52f54ff32fed607a05f6b21c649f3e26eaac0ef actual=d0bc012cd473011b65ec31f5a52f54ff32fed607a05f6b21c649f3e26eaac0ef path=docs/investigations/z4c_vc_brill_transfer_qualification_20260823/artifacts/perlmutter_phase0/ctest-portable.log
OK expected=98e91c66fb4272acf4268bd177a5063dfd9247df2a43adeeee521d49555acc7f actual=98e91c66fb4272acf4268bd177a5063dfd9247df2a43adeeee521d49555acc7f path=docs/investigations/z4c_vc_brill_transfer_qualification_20260823/artifacts/perlmutter_phase0/environment.txt
OK expected=9a271f2a916b0b6ee6cecb2426f0b3206ef074578be55d9bc94f6f3fe3ab86aa actual=9a271f2a916b0b6ee6cecb2426f0b3206ef074578be55d9bc94f6f3fe3ab86aa path=docs/investigations/z4c_vc_brill_transfer_qualification_20260823/artifacts/perlmutter_phase0/exit-status.txt
OK expected=dde4824dd3aceaee0311dbea7d3e3d74faeeb0fbf17de88008ea3558fe67d549 actual=dde4824dd3aceaee0311dbea7d3e3d74faeeb0fbf17de88008ea3558fe67d549 path=docs/investigations/z4c_vc_brill_transfer_qualification_20260823/artifacts/perlmutter_phase0/hosts.txt
OK expected=633d71afccb02062e6a1570a6e528d8bcdb2521ed6fd3fb77071dcf7305ac2a8 actual=633d71afccb02062e6a1570a6e528d8bcdb2521ed6fd3fb77071dcf7305ac2a8 path=docs/investigations/z4c_vc_brill_transfer_qualification_20260823/artifacts/perlmutter_phase0/o2-2d-command.txt
OK expected=cd48ec877fc0cb18b3cc9862540c3f48177846aefcf2a083cac07262ca50c899 actual=cd48ec877fc0cb18b3cc9862540c3f48177846aefcf2a083cac07262ca50c899 path=docs/investigations/z4c_vc_brill_transfer_qualification_20260823/artifacts/perlmutter_phase0/o2-2d.log
OK expected=3e20d187ed2e0ec61242994f2a3c2f59365c648285fd05f81e896c30df4903fe actual=3e20d187ed2e0ec61242994f2a3c2f59365c648285fd05f81e896c30df4903fe path=docs/investigations/z4c_vc_brill_transfer_qualification_20260823/artifacts/perlmutter_phase0/o2-3d-command.txt
OK expected=35df68594d7779a0ad994ac8ebb9f054468438a0af0b969a05ae93397be5705a actual=35df68594d7779a0ad994ac8ebb9f054468438a0af0b969a05ae93397be5705a path=docs/investigations/z4c_vc_brill_transfer_qualification_20260823/artifacts/perlmutter_phase0/o2-3d.log
OK expected=e18587d03a827004811c63eb893e304f4ccc1ac439a632320791aa9b0fff57d2 actual=e18587d03a827004811c63eb893e304f4ccc1ac439a632320791aa9b0fff57d2 path=docs/investigations/z4c_vc_brill_transfer_qualification_20260823/artifacts/perlmutter_phase0/o4-2d-command.txt
OK expected=e727975f69bbf1101e222e819fc60437604c5b07b7bfdfabc104669f81543126 actual=e727975f69bbf1101e222e819fc60437604c5b07b7bfdfabc104669f81543126 path=docs/investigations/z4c_vc_brill_transfer_qualification_20260823/artifacts/perlmutter_phase0/o4-2d.log
OK expected=1931d62debd3365f151a8c081e54acc53ef3312acd4e3fc67862872b32309168 actual=1931d62debd3365f151a8c081e54acc53ef3312acd4e3fc67862872b32309168 path=docs/investigations/z4c_vc_brill_transfer_qualification_20260823/artifacts/perlmutter_phase0/o4-3d-command.txt
OK expected=a55c92e69043904ebc243c34850e4f5ee3b8cad9ee8eae46d5bf1f8f0520d5a8 actual=a55c92e69043904ebc243c34850e4f5ee3b8cad9ee8eae46d5bf1f8f0520d5a8 path=docs/investigations/z4c_vc_brill_transfer_qualification_20260823/artifacts/perlmutter_phase0/o4-3d.log
OK expected=d1e6ea7d59c3097b5e4dd9386f5abb167890eddf8c4fd73e9b5c3cbf016f19ff actual=d1e6ea7d59c3097b5e4dd9386f5abb167890eddf8c4fd73e9b5c3cbf016f19ff path=docs/investigations/z4c_vc_brill_transfer_qualification_20260823/artifacts/perlmutter_phase0/o6-2d-command.txt
OK expected=ecaea36aca62a20a6560d5518176fdeabf59cf5cb3855ec5a51fe43dd01139ab actual=ecaea36aca62a20a6560d5518176fdeabf59cf5cb3855ec5a51fe43dd01139ab path=docs/investigations/z4c_vc_brill_transfer_qualification_20260823/artifacts/perlmutter_phase0/o6-2d.log
OK expected=83a2f59251d57b59977487bc1ab64fb6ee2c4c649b10fa8a8fd69de49da6b4e7 actual=83a2f59251d57b59977487bc1ab64fb6ee2c4c649b10fa8a8fd69de49da6b4e7 path=docs/investigations/z4c_vc_brill_transfer_qualification_20260823/artifacts/perlmutter_phase0/o6-3d-command.txt
OK expected=8de1682271a0947898610b51fac4b3a4073908afb71ee1a41bdfa96db93b0fd5 actual=8de1682271a0947898610b51fac4b3a4073908afb71ee1a41bdfa96db93b0fd5 path=docs/investigations/z4c_vc_brill_transfer_qualification_20260823/artifacts/perlmutter_phase0/o6-3d.log
OK expected=327b641c2ac5f89314cc1363a6600ed3c98ddd449d4d114b3d2b7917c44fcad7 actual=327b641c2ac5f89314cc1363a6600ed3c98ddd449d4d114b3d2b7917c44fcad7 path=docs/investigations/z4c_vc_brill_transfer_qualification_20260823/artifacts/perlmutter_phase0/python-packages.txt
OK expected=934e7dc3a3aa8ae318223c28c17cbcf83c6cc66d195708d4653d0aae2bbcc3aa actual=934e7dc3a3aa8ae318223c28c17cbcf83c6cc66d195708d4653d0aae2bbcc3aa path=docs/investigations/z4c_vc_brill_transfer_qualification_20260823/artifacts/perlmutter_phase0/slurm-job.txt
OK expected=17560580f7a6dbf2b0d918f812c72ab809ff196c3eee43ae717529bb05267572 actual=17560580f7a6dbf2b0d918f812c72ab809ff196c3eee43ae717529bb05267572 path=docs/investigations/z4c_vc_brill_transfer_qualification_20260823/artifacts/perlmutter_phase0/verdict.txt
RESULT failures=0
DIRECTORY docs/investigations/z4c_vc_brill_transfer_qualification_20260823/artifacts/perlmutter_phase3_cuda
OK expected=661ded341a3eecafef2e3277be3696603e7bcf2473b00619d0f9d9f062d6f76c actual=661ded341a3eecafef2e3277be3696603e7bcf2473b00619d0f9d9f062d6f76c path=docs/investigations/z4c_vc_brill_transfer_qualification_20260823/artifacts/perlmutter_phase3_cuda/build-products.sha256
OK expected=2440ede55342843dcc9358483578b8f5337233794404f6ee1a0facdf108f2024 actual=2440ede55342843dcc9358483578b8f5337233794404f6ee1a0facdf108f2024 path=docs/investigations/z4c_vc_brill_transfer_qualification_20260823/artifacts/perlmutter_phase3_cuda/cache-contract.txt
OK expected=6056c09f2d675ae26b4e4dfd5479b5d9d35258dbaa7a00da2ffcc8bf0ebd93f9 actual=6056c09f2d675ae26b4e4dfd5479b5d9d35258dbaa7a00da2ffcc8bf0ebd93f9 path=docs/investigations/z4c_vc_brill_transfer_qualification_20260823/artifacts/perlmutter_phase3_cuda/ctest-selected.log
OK expected=c1806d046d8a759f546145cd68b15e6ad09deaa49be11f863a3ce26f1c983fd9 actual=c1806d046d8a759f546145cd68b15e6ad09deaa49be11f863a3ce26f1c983fd9 path=docs/investigations/z4c_vc_brill_transfer_qualification_20260823/artifacts/perlmutter_phase3_cuda/environment.txt
OK expected=9a271f2a916b0b6ee6cecb2426f0b3206ef074578be55d9bc94f6f3fe3ab86aa actual=9a271f2a916b0b6ee6cecb2426f0b3206ef074578be55d9bc94f6f3fe3ab86aa path=docs/investigations/z4c_vc_brill_transfer_qualification_20260823/artifacts/perlmutter_phase3_cuda/exit-status.txt
OK expected=dde4824dd3aceaee0311dbea7d3e3d74faeeb0fbf17de88008ea3558fe67d549 actual=dde4824dd3aceaee0311dbea7d3e3d74faeeb0fbf17de88008ea3558fe67d549 path=docs/investigations/z4c_vc_brill_transfer_qualification_20260823/artifacts/perlmutter_phase3_cuda/hosts.txt
OK expected=8a32111818a523dfb818bf1164fdb7167bf9aea501247a717edaf05570cfbcd8 actual=8a32111818a523dfb818bf1164fdb7167bf9aea501247a717edaf05570cfbcd8 path=docs/investigations/z4c_vc_brill_transfer_qualification_20260823/artifacts/perlmutter_phase3_cuda/nvidia-smi.txt
OK expected=ced01c0d903b46bef822493ebb79a00e13074b1b1a5ab308bc336447afc16e8d actual=ced01c0d903b46bef822493ebb79a00e13074b1b1a5ab308bc336447afc16e8d path=docs/investigations/z4c_vc_brill_transfer_qualification_20260823/artifacts/perlmutter_phase3_cuda/o4-q4-2d.json
OK expected=15ced776bb569e36aa74da3953afa6a132e24ca0768d35969ed7580da473206b actual=15ced776bb569e36aa74da3953afa6a132e24ca0768d35969ed7580da473206b path=docs/investigations/z4c_vc_brill_transfer_qualification_20260823/artifacts/perlmutter_phase3_cuda/o4-q4-2d.log
OK expected=97f8463ec4a95d4b4bad867d8b6019a0e004e4b90d265230f05b8e813b70fbb8 actual=97f8463ec4a95d4b4bad867d8b6019a0e004e4b90d265230f05b8e813b70fbb8 path=docs/investigations/z4c_vc_brill_transfer_qualification_20260823/artifacts/perlmutter_phase3_cuda/o4-q4-3d.json
OK expected=fe6482200768159213aa02a13350ea3c9d00a1bb6513dd115320a45ae49bd65c actual=fe6482200768159213aa02a13350ea3c9d00a1bb6513dd115320a45ae49bd65c path=docs/investigations/z4c_vc_brill_transfer_qualification_20260823/artifacts/perlmutter_phase3_cuda/o4-q4-3d.log
OK expected=10ee898b7ff78ebb7aec2f39192236b78c6190de0606ae535f8962cb3a34ffe7 actual=10ee898b7ff78ebb7aec2f39192236b78c6190de0606ae535f8962cb3a34ffe7 path=docs/investigations/z4c_vc_brill_transfer_qualification_20260823/artifacts/perlmutter_phase3_cuda/o4-q6-2d.json
OK expected=2b8f51c709ac2d64e14e63ca9d4d8f544532db3610ad600185e87354868f54cf actual=2b8f51c709ac2d64e14e63ca9d4d8f544532db3610ad600185e87354868f54cf path=docs/investigations/z4c_vc_brill_transfer_qualification_20260823/artifacts/perlmutter_phase3_cuda/o4-q6-2d.log
OK expected=7248b20f250ca5f47459766a4aeb8e5a7bacb204da4d403bc90d7678c55ba985 actual=7248b20f250ca5f47459766a4aeb8e5a7bacb204da4d403bc90d7678c55ba985 path=docs/investigations/z4c_vc_brill_transfer_qualification_20260823/artifacts/perlmutter_phase3_cuda/o4-q6-3d.json
OK expected=a464038bdafd22713753d27ac0485d9b98c3de16b333180e7c5e0db1836ffee8 actual=a464038bdafd22713753d27ac0485d9b98c3de16b333180e7c5e0db1836ffee8 path=docs/investigations/z4c_vc_brill_transfer_qualification_20260823/artifacts/perlmutter_phase3_cuda/o4-q6-3d.log
OK expected=9edb787c6e80f090b4a1dc72016effcc6a6f397ffa5be7cc91a82a86d229ca09 actual=9edb787c6e80f090b4a1dc72016effcc6a6f397ffa5be7cc91a82a86d229ca09 path=docs/investigations/z4c_vc_brill_transfer_qualification_20260823/artifacts/perlmutter_phase3_cuda/slurm-job.txt
OK expected=fe903f0c816bed56d9796b157c51ce91582fe7575d9185a34e4b4310fab2b056 actual=fe903f0c816bed56d9796b157c51ce91582fe7575d9185a34e4b4310fab2b056 path=docs/investigations/z4c_vc_brill_transfer_qualification_20260823/artifacts/perlmutter_phase3_cuda/verdict.txt
RESULT failures=0
DIRECTORY docs/investigations/z4c_vc_brill_transfer_qualification_20260823/artifacts/perlmutter_phase4_current_cuda_mpi
OK expected=00016c645a80b596410ed403fc3360be9c8cc7a24ab36df1d4600b7ac65c234e actual=00016c645a80b596410ed403fc3360be9c8cc7a24ab36df1d4600b7ac65c234e path=docs/investigations/z4c_vc_brill_transfer_qualification_20260823/artifacts/perlmutter_phase4_current_cuda_mpi/build-products.sha256
OK expected=69733e4d0383c00005e55c41ed6c4f802bc5c807c0f630cd2b7e52427c21169d actual=69733e4d0383c00005e55c41ed6c4f802bc5c807c0f630cd2b7e52427c21169d path=docs/investigations/z4c_vc_brill_transfer_qualification_20260823/artifacts/perlmutter_phase4_current_cuda_mpi/cache-contract.txt
OK expected=275c876f748b222d04a478b4f5d09f35ca09df3b944054d9033146e3217b26c5 actual=275c876f748b222d04a478b4f5d09f35ca09df3b944054d9033146e3217b26c5 path=docs/investigations/z4c_vc_brill_transfer_qualification_20260823/artifacts/perlmutter_phase4_current_cuda_mpi/ctest-mpi2-one-gpu.log
OK expected=489a6654bf53a2b2b6cfc02e4687ccfe3d38a0a95f0c1ede3483575f4e2fb692 actual=489a6654bf53a2b2b6cfc02e4687ccfe3d38a0a95f0c1ede3483575f4e2fb692 path=docs/investigations/z4c_vc_brill_transfer_qualification_20260823/artifacts/perlmutter_phase4_current_cuda_mpi/ctest-single-gpu.log
OK expected=1b1f9fa7638c340e1b2fe3a2eb3ea39e7f960217630bc9ae761d67e6b952cf4a actual=1b1f9fa7638c340e1b2fe3a2eb3ea39e7f960217630bc9ae761d67e6b952cf4a path=docs/investigations/z4c_vc_brill_transfer_qualification_20260823/artifacts/perlmutter_phase4_current_cuda_mpi/environment.txt
OK expected=9a271f2a916b0b6ee6cecb2426f0b3206ef074578be55d9bc94f6f3fe3ab86aa actual=9a271f2a916b0b6ee6cecb2426f0b3206ef074578be55d9bc94f6f3fe3ab86aa path=docs/investigations/z4c_vc_brill_transfer_qualification_20260823/artifacts/perlmutter_phase4_current_cuda_mpi/exit-status.txt
OK expected=e1677ffadc328aaabad9aadf55ddcc8af168a4c12b220c011995c8dc2bf4c6c0 actual=e1677ffadc328aaabad9aadf55ddcc8af168a4c12b220c011995c8dc2bf4c6c0 path=docs/investigations/z4c_vc_brill_transfer_qualification_20260823/artifacts/perlmutter_phase4_current_cuda_mpi/hosts.txt
OK expected=356a736de1fbaf18434ae3f434680da19a75682ad4b3978629857b9107f2b2f5 actual=356a736de1fbaf18434ae3f434680da19a75682ad4b3978629857b9107f2b2f5 path=docs/investigations/z4c_vc_brill_transfer_qualification_20260823/artifacts/perlmutter_phase4_current_cuda_mpi/nvidia-smi.txt
OK expected=ced01c0d903b46bef822493ebb79a00e13074b1b1a5ab308bc336447afc16e8d actual=ced01c0d903b46bef822493ebb79a00e13074b1b1a5ab308bc336447afc16e8d path=docs/investigations/z4c_vc_brill_transfer_qualification_20260823/artifacts/perlmutter_phase4_current_cuda_mpi/o4-q4-2d.json
OK expected=15ced776bb569e36aa74da3953afa6a132e24ca0768d35969ed7580da473206b actual=15ced776bb569e36aa74da3953afa6a132e24ca0768d35969ed7580da473206b path=docs/investigations/z4c_vc_brill_transfer_qualification_20260823/artifacts/perlmutter_phase4_current_cuda_mpi/o4-q4-2d.log
OK expected=97f8463ec4a95d4b4bad867d8b6019a0e004e4b90d265230f05b8e813b70fbb8 actual=97f8463ec4a95d4b4bad867d8b6019a0e004e4b90d265230f05b8e813b70fbb8 path=docs/investigations/z4c_vc_brill_transfer_qualification_20260823/artifacts/perlmutter_phase4_current_cuda_mpi/o4-q4-3d.json
OK expected=fe6482200768159213aa02a13350ea3c9d00a1bb6513dd115320a45ae49bd65c actual=fe6482200768159213aa02a13350ea3c9d00a1bb6513dd115320a45ae49bd65c path=docs/investigations/z4c_vc_brill_transfer_qualification_20260823/artifacts/perlmutter_phase4_current_cuda_mpi/o4-q4-3d.log
OK expected=10ee898b7ff78ebb7aec2f39192236b78c6190de0606ae535f8962cb3a34ffe7 actual=10ee898b7ff78ebb7aec2f39192236b78c6190de0606ae535f8962cb3a34ffe7 path=docs/investigations/z4c_vc_brill_transfer_qualification_20260823/artifacts/perlmutter_phase4_current_cuda_mpi/o4-q6-2d.json
OK expected=2b8f51c709ac2d64e14e63ca9d4d8f544532db3610ad600185e87354868f54cf actual=2b8f51c709ac2d64e14e63ca9d4d8f544532db3610ad600185e87354868f54cf path=docs/investigations/z4c_vc_brill_transfer_qualification_20260823/artifacts/perlmutter_phase4_current_cuda_mpi/o4-q6-2d.log
OK expected=7248b20f250ca5f47459766a4aeb8e5a7bacb204da4d403bc90d7678c55ba985 actual=7248b20f250ca5f47459766a4aeb8e5a7bacb204da4d403bc90d7678c55ba985 path=docs/investigations/z4c_vc_brill_transfer_qualification_20260823/artifacts/perlmutter_phase4_current_cuda_mpi/o4-q6-3d.json
OK expected=a464038bdafd22713753d27ac0485d9b98c3de16b333180e7c5e0db1836ffee8 actual=a464038bdafd22713753d27ac0485d9b98c3de16b333180e7c5e0db1836ffee8 path=docs/investigations/z4c_vc_brill_transfer_qualification_20260823/artifacts/perlmutter_phase4_current_cuda_mpi/o4-q6-3d.log
OK expected=e139d1c4036bb34e26111fc3d4118806b9b8cafe3f2009030594a858885a57ed actual=e139d1c4036bb34e26111fc3d4118806b9b8cafe3f2009030594a858885a57ed path=docs/investigations/z4c_vc_brill_transfer_qualification_20260823/artifacts/perlmutter_phase4_current_cuda_mpi/slurm-job.txt
OK expected=ad9306824b109e5ce044c8ae4e7916a6e187be275a650726d15831e840c2fa06 actual=ad9306824b109e5ce044c8ae4e7916a6e187be275a650726d15831e840c2fa06 path=docs/investigations/z4c_vc_brill_transfer_qualification_20260823/artifacts/perlmutter_phase4_current_cuda_mpi/verdict.txt
RESULT failures=0
DIRECTORY docs/investigations/z4c_vc_brill_transfer_qualification_20260823/artifacts/perlmutter_phase5_brill_initial
OK expected=34b0e2896da0c408437cc47e6d343bc14f41d29216879a2c130ca4acf5837792 actual=34b0e2896da0c408437cc47e6d343bc14f41d29216879a2c130ca4acf5837792 path=docs/investigations/z4c_vc_brill_transfer_qualification_20260823/artifacts/perlmutter_phase5_brill_initial/analysis/constraint_summary.csv
OK expected=ae0197af1c44a243e868abd277472aaca058e7e8411fdbccd286c74d991384a8 actual=ae0197af1c44a243e868abd277472aaca058e7e8411fdbccd286c74d991384a8 path=docs/investigations/z4c_vc_brill_transfer_qualification_20260823/artifacts/perlmutter_phase5_brill_initial/analysis/initial_metrics.csv
OK expected=4ca4ea6d7a582c2493d632951d3fd848b1dc6c00ce376eb46f3f4388606c7f3b actual=4ca4ea6d7a582c2493d632951d3fd848b1dc6c00ce376eb46f3f4388606c7f3b path=docs/investigations/z4c_vc_brill_transfer_qualification_20260823/artifacts/perlmutter_phase5_brill_initial/analysis.log
OK expected=4ca4ea6d7a582c2493d632951d3fd848b1dc6c00ce376eb46f3f4388606c7f3b actual=4ca4ea6d7a582c2493d632951d3fd848b1dc6c00ce376eb46f3f4388606c7f3b path=docs/investigations/z4c_vc_brill_transfer_qualification_20260823/artifacts/perlmutter_phase5_brill_initial/analysis/summary.json
OK expected=9a271f2a916b0b6ee6cecb2426f0b3206ef074578be55d9bc94f6f3fe3ab86aa actual=9a271f2a916b0b6ee6cecb2426f0b3206ef074578be55d9bc94f6f3fe3ab86aa path=docs/investigations/z4c_vc_brill_transfer_qualification_20260823/artifacts/perlmutter_phase5_brill_initial/exit-status.txt
OK expected=24db9bcc5edf7bab206f2296428d752bd8ec448f25fd35b04f4e6278cb9e1ba4 actual=24db9bcc5edf7bab206f2296428d752bd8ec448f25fd35b04f4e6278cb9e1ba4 path=docs/investigations/z4c_vc_brill_transfer_qualification_20260823/artifacts/perlmutter_phase5_brill_initial/failed-attempt-manifest.sha256
OK expected=628a1721e36eff089b2c909416c1ae1009b4a5f3757009c868e2be3b0db2e722 actual=628a1721e36eff089b2c909416c1ae1009b4a5f3757009c868e2be3b0db2e722 path=docs/investigations/z4c_vc_brill_transfer_qualification_20260823/artifacts/perlmutter_phase5_brill_initial/raw-rhs-before-compression.sha256
OK expected=6f71c8e76e4ac5f8ec093fbdb37adc98b60cd5cea4e690a66d578e4c7452136e actual=6f71c8e76e4ac5f8ec093fbdb37adc98b60cd5cea4e690a66d578e4c7452136e path=docs/investigations/z4c_vc_brill_transfer_qualification_20260823/artifacts/perlmutter_phase5_brill_initial/run-products.sha256
OK expected=88422c457cad1041728d659b1972b567772ff44403791391a28d316764df1d6e actual=88422c457cad1041728d659b1972b567772ff44403791391a28d316764df1d6e path=docs/investigations/z4c_vc_brill_transfer_qualification_20260823/artifacts/perlmutter_phase5_brill_initial/verdict.txt
RESULT failures=0
DIRECTORY docs/investigations/z4c_vc_brill_transfer_qualification_20260823/artifacts/perlmutter_phase5_brill_initial_common_node
OK expected=34b0e2896da0c408437cc47e6d343bc14f41d29216879a2c130ca4acf5837792 actual=34b0e2896da0c408437cc47e6d343bc14f41d29216879a2c130ca4acf5837792 path=docs/investigations/z4c_vc_brill_transfer_qualification_20260823/artifacts/perlmutter_phase5_brill_initial_common_node/analysis/constraint_summary.csv
OK expected=ae0197af1c44a243e868abd277472aaca058e7e8411fdbccd286c74d991384a8 actual=ae0197af1c44a243e868abd277472aaca058e7e8411fdbccd286c74d991384a8 path=docs/investigations/z4c_vc_brill_transfer_qualification_20260823/artifacts/perlmutter_phase5_brill_initial_common_node/analysis/initial_metrics.csv
OK expected=45b97afc915cba3fd708e48e2aa8f654da7764b808adc374ab8911f8363319ba actual=45b97afc915cba3fd708e48e2aa8f654da7764b808adc374ab8911f8363319ba path=docs/investigations/z4c_vc_brill_transfer_qualification_20260823/artifacts/perlmutter_phase5_brill_initial_common_node/analysis.log
OK expected=45b97afc915cba3fd708e48e2aa8f654da7764b808adc374ab8911f8363319ba actual=45b97afc915cba3fd708e48e2aa8f654da7764b808adc374ab8911f8363319ba path=docs/investigations/z4c_vc_brill_transfer_qualification_20260823/artifacts/perlmutter_phase5_brill_initial_common_node/analysis/summary.json
OK expected=9a271f2a916b0b6ee6cecb2426f0b3206ef074578be55d9bc94f6f3fe3ab86aa actual=9a271f2a916b0b6ee6cecb2426f0b3206ef074578be55d9bc94f6f3fe3ab86aa path=docs/investigations/z4c_vc_brill_transfer_qualification_20260823/artifacts/perlmutter_phase5_brill_initial_common_node/exit-status.txt
OK expected=094c35bd8d06d4f5304a945ceee5217ca449e83fd833cccea71c4d94cfe95301 actual=094c35bd8d06d4f5304a945ceee5217ca449e83fd833cccea71c4d94cfe95301 path=docs/investigations/z4c_vc_brill_transfer_qualification_20260823/artifacts/perlmutter_phase5_brill_initial_common_node/prior-analysis-manifest.sha256
OK expected=6f71c8e76e4ac5f8ec093fbdb37adc98b60cd5cea4e690a66d578e4c7452136e actual=6f71c8e76e4ac5f8ec093fbdb37adc98b60cd5cea4e690a66d578e4c7452136e path=docs/investigations/z4c_vc_brill_transfer_qualification_20260823/artifacts/perlmutter_phase5_brill_initial_common_node/run-products.sha256
OK expected=371867095e310180248308ce576b1d9bb50e750e26720c2fd5789d6a920a0bb6 actual=371867095e310180248308ce576b1d9bb50e750e26720c2fd5789d6a920a0bb6 path=docs/investigations/z4c_vc_brill_transfer_qualification_20260823/artifacts/perlmutter_phase5_brill_initial_common_node/verdict.txt
RESULT failures=0
DIRECTORY docs/investigations/z4c_vc_brill_transfer_qualification_20260823/artifacts/perlmutter_phase5_brill_initial_failed
OK expected=34b0e2896da0c408437cc47e6d343bc14f41d29216879a2c130ca4acf5837792 actual=34b0e2896da0c408437cc47e6d343bc14f41d29216879a2c130ca4acf5837792 path=docs/investigations/z4c_vc_brill_transfer_qualification_20260823/artifacts/perlmutter_phase5_brill_initial_failed/analysis/constraint_summary.csv
OK expected=ae0197af1c44a243e868abd277472aaca058e7e8411fdbccd286c74d991384a8 actual=ae0197af1c44a243e868abd277472aaca058e7e8411fdbccd286c74d991384a8 path=docs/investigations/z4c_vc_brill_transfer_qualification_20260823/artifacts/perlmutter_phase5_brill_initial_failed/analysis/initial_metrics.csv
OK expected=20e3acf30bad4b79f830fbb297605386584d484c3a6175b296cdc2e0b089c6c5 actual=20e3acf30bad4b79f830fbb297605386584d484c3a6175b296cdc2e0b089c6c5 path=docs/investigations/z4c_vc_brill_transfer_qualification_20260823/artifacts/perlmutter_phase5_brill_initial_failed/analysis.log
OK expected=20e3acf30bad4b79f830fbb297605386584d484c3a6175b296cdc2e0b089c6c5 actual=20e3acf30bad4b79f830fbb297605386584d484c3a6175b296cdc2e0b089c6c5 path=docs/investigations/z4c_vc_brill_transfer_qualification_20260823/artifacts/perlmutter_phase5_brill_initial_failed/analysis/summary.json
OK expected=7a8d7d41211f659d942cb55e5d24382cd51c687a57a75ccb20da9683799ed1d6 actual=7a8d7d41211f659d942cb55e5d24382cd51c687a57a75ccb20da9683799ed1d6 path=docs/investigations/z4c_vc_brill_transfer_qualification_20260823/artifacts/perlmutter_phase5_brill_initial_failed/authority-products.sha256
OK expected=71330f2117aa899aff1f7c54f582e8fae0d45b27d84e83db4aa4fb36606a229a actual=71330f2117aa899aff1f7c54f582e8fae0d45b27d84e83db4aa4fb36606a229a path=docs/investigations/z4c_vc_brill_transfer_qualification_20260823/artifacts/perlmutter_phase5_brill_initial_failed/cache-contract.txt
OK expected=2a0b54c6e2f492399d0c8f3e48e80be8d077f4c671d74486e886d60b1efd3282 actual=2a0b54c6e2f492399d0c8f3e48e80be8d077f4c671d74486e886d60b1efd3282 path=docs/investigations/z4c_vc_brill_transfer_qualification_20260823/artifacts/perlmutter_phase5_brill_initial_failed/environment.txt
OK expected=4355a46b19d348dc2f57c046f8ef63d4538ebb936000f3c9ee954a27460dd865 actual=4355a46b19d348dc2f57c046f8ef63d4538ebb936000f3c9ee954a27460dd865 path=docs/investigations/z4c_vc_brill_transfer_qualification_20260823/artifacts/perlmutter_phase5_brill_initial_failed/exit-status.txt
OK expected=e1677ffadc328aaabad9aadf55ddcc8af168a4c12b220c011995c8dc2bf4c6c0 actual=e1677ffadc328aaabad9aadf55ddcc8af168a4c12b220c011995c8dc2bf4c6c0 path=docs/investigations/z4c_vc_brill_transfer_qualification_20260823/artifacts/perlmutter_phase5_brill_initial_failed/hosts.txt
OK expected=e3b0c44298fc1c149afbf4c8996fb92427ae41e4649b934ca495991b7852b855 actual=e3b0c44298fc1c149afbf4c8996fb92427ae41e4649b934ca495991b7852b855 path=docs/investigations/z4c_vc_brill_transfer_qualification_20260823/artifacts/perlmutter_phase5_brill_initial_failed/N128.stderr.log
OK expected=2cfb14c6b5715def71a219b7c80096f2f9577a2d172bdf58b9129112385e051a actual=2cfb14c6b5715def71a219b7c80096f2f9577a2d172bdf58b9129112385e051a path=docs/investigations/z4c_vc_brill_transfer_qualification_20260823/artifacts/perlmutter_phase5_brill_initial_failed/N128.stdout.log
OK expected=e3b0c44298fc1c149afbf4c8996fb92427ae41e4649b934ca495991b7852b855 actual=e3b0c44298fc1c149afbf4c8996fb92427ae41e4649b934ca495991b7852b855 path=docs/investigations/z4c_vc_brill_transfer_qualification_20260823/artifacts/perlmutter_phase5_brill_initial_failed/N256.stderr.log
OK expected=9198c74128f7a3d0da108c6154333b15ef5f984b70e6de1153149b31536e764c actual=9198c74128f7a3d0da108c6154333b15ef5f984b70e6de1153149b31536e764c path=docs/investigations/z4c_vc_brill_transfer_qualification_20260823/artifacts/perlmutter_phase5_brill_initial_failed/N256.stdout.log
OK expected=e3b0c44298fc1c149afbf4c8996fb92427ae41e4649b934ca495991b7852b855 actual=e3b0c44298fc1c149afbf4c8996fb92427ae41e4649b934ca495991b7852b855 path=docs/investigations/z4c_vc_brill_transfer_qualification_20260823/artifacts/perlmutter_phase5_brill_initial_failed/N512.stderr.log
OK expected=5c30eb5df9530cf6b5b1efc32a335b64ecf4f102d014a35ebb4344307820a2e1 actual=5c30eb5df9530cf6b5b1efc32a335b64ecf4f102d014a35ebb4344307820a2e1 path=docs/investigations/z4c_vc_brill_transfer_qualification_20260823/artifacts/perlmutter_phase5_brill_initial_failed/N512.stdout.log
OK expected=016d6eb9d3f1af06621c0fb5b7930a2cbb9d81960b8f28ac0bf5429acf0617e5 actual=016d6eb9d3f1af06621c0fb5b7930a2cbb9d81960b8f28ac0bf5429acf0617e5 path=docs/investigations/z4c_vc_brill_transfer_qualification_20260823/artifacts/perlmutter_phase5_brill_initial_failed/nvidia-smi.txt
OK expected=9001af7486c8011b83ee73b1f03bd324dd32854046e403b30c6ae3afa5588f84 actual=9001af7486c8011b83ee73b1f03bd324dd32854046e403b30c6ae3afa5588f84 path=docs/investigations/z4c_vc_brill_transfer_qualification_20260823/artifacts/perlmutter_phase5_brill_initial_failed/slurm-job.txt
RESULT failures=0
DIRECTORY docs/investigations/z4c_vc_brill_transfer_qualification_20260823/artifacts/perlmutter_phase6-fixed-brill
OK expected=482f859e50773fa6a1cb1a5bbe9ed922b3f0a68f1fc4ed49c7cb22ef88d1acec actual=482f859e50773fa6a1cb1a5bbe9ed922b3f0a68f1fc4ed49c7cb22ef88d1acec path=docs/investigations/z4c_vc_brill_transfer_qualification_20260823/artifacts/perlmutter_phase6-fixed-brill/authority-products.sha256
OK expected=71330f2117aa899aff1f7c54f582e8fae0d45b27d84e83db4aa4fb36606a229a actual=71330f2117aa899aff1f7c54f582e8fae0d45b27d84e83db4aa4fb36606a229a path=docs/investigations/z4c_vc_brill_transfer_qualification_20260823/artifacts/perlmutter_phase6-fixed-brill/cache-contract.txt
OK expected=48977c63211a56c54e7fa60182eec898272463d7dea10972957dd9699716180f actual=48977c63211a56c54e7fa60182eec898272463d7dea10972957dd9699716180f path=docs/investigations/z4c_vc_brill_transfer_qualification_20260823/artifacts/perlmutter_phase6-fixed-brill/environment.txt
OK expected=4355a46b19d348dc2f57c046f8ef63d4538ebb936000f3c9ee954a27460dd865 actual=4355a46b19d348dc2f57c046f8ef63d4538ebb936000f3c9ee954a27460dd865 path=docs/investigations/z4c_vc_brill_transfer_qualification_20260823/artifacts/perlmutter_phase6-fixed-brill/exit-status.txt
OK expected=e1677ffadc328aaabad9aadf55ddcc8af168a4c12b220c011995c8dc2bf4c6c0 actual=e1677ffadc328aaabad9aadf55ddcc8af168a4c12b220c011995c8dc2bf4c6c0 path=docs/investigations/z4c_vc_brill_transfer_qualification_20260823/artifacts/perlmutter_phase6-fixed-brill/hosts.txt
OK expected=e3b0c44298fc1c149afbf4c8996fb92427ae41e4649b934ca495991b7852b855 actual=e3b0c44298fc1c149afbf4c8996fb92427ae41e4649b934ca495991b7852b855 path=docs/investigations/z4c_vc_brill_transfer_qualification_20260823/artifacts/perlmutter_phase6-fixed-brill/N128.stderr.log
OK expected=f2edca4765c053e1f9b17e92483ef6c6e28920c2e42bb4bb89941b2e02074c35 actual=f2edca4765c053e1f9b17e92483ef6c6e28920c2e42bb4bb89941b2e02074c35 path=docs/investigations/z4c_vc_brill_transfer_qualification_20260823/artifacts/perlmutter_phase6-fixed-brill/N128.stdout.log
OK expected=4355a46b19d348dc2f57c046f8ef63d4538ebb936000f3c9ee954a27460dd865 actual=4355a46b19d348dc2f57c046f8ef63d4538ebb936000f3c9ee954a27460dd865 path=docs/investigations/z4c_vc_brill_transfer_qualification_20260823/artifacts/perlmutter_phase6-fixed-brill/N128.wall-seconds.txt
OK expected=016d6eb9d3f1af06621c0fb5b7930a2cbb9d81960b8f28ac0bf5429acf0617e5 actual=016d6eb9d3f1af06621c0fb5b7930a2cbb9d81960b8f28ac0bf5429acf0617e5 path=docs/investigations/z4c_vc_brill_transfer_qualification_20260823/artifacts/perlmutter_phase6-fixed-brill/nvidia-smi.txt
OK expected=304d7c7c14d484e83862f689b3f13b3189b91afc593003bde9ac863f52eedd30 actual=304d7c7c14d484e83862f689b3f13b3189b91afc593003bde9ac863f52eedd30 path=docs/investigations/z4c_vc_brill_transfer_qualification_20260823/artifacts/perlmutter_phase6-fixed-brill/slurm-job.txt
RESULT failures=0
DIRECTORY docs/investigations/z4c_vc_brill_transfer_qualification_20260823/artifacts/perlmutter_phase6-fixed-brill-retry1
OK expected=26c5138b0caec3a04d1ad7010ffcb13f8e38af70385764957c21bd01df422276 actual=26c5138b0caec3a04d1ad7010ffcb13f8e38af70385764957c21bd01df422276 path=docs/investigations/z4c_vc_brill_transfer_qualification_20260823/artifacts/perlmutter_phase6-fixed-brill-retry1/authority-products.sha256
OK expected=71330f2117aa899aff1f7c54f582e8fae0d45b27d84e83db4aa4fb36606a229a actual=71330f2117aa899aff1f7c54f582e8fae0d45b27d84e83db4aa4fb36606a229a path=docs/investigations/z4c_vc_brill_transfer_qualification_20260823/artifacts/perlmutter_phase6-fixed-brill-retry1/cache-contract.txt
OK expected=7dfba8f1b1eb5f20b8e67434290e6dce42f5be79b36a5a47005d50a2aa242f36 actual=7dfba8f1b1eb5f20b8e67434290e6dce42f5be79b36a5a47005d50a2aa242f36 path=docs/investigations/z4c_vc_brill_transfer_qualification_20260823/artifacts/perlmutter_phase6-fixed-brill-retry1/environment.txt
OK expected=9a271f2a916b0b6ee6cecb2426f0b3206ef074578be55d9bc94f6f3fe3ab86aa actual=9a271f2a916b0b6ee6cecb2426f0b3206ef074578be55d9bc94f6f3fe3ab86aa path=docs/investigations/z4c_vc_brill_transfer_qualification_20260823/artifacts/perlmutter_phase6-fixed-brill-retry1/exit-status.txt
OK expected=e1677ffadc328aaabad9aadf55ddcc8af168a4c12b220c011995c8dc2bf4c6c0 actual=e1677ffadc328aaabad9aadf55ddcc8af168a4c12b220c011995c8dc2bf4c6c0 path=docs/investigations/z4c_vc_brill_transfer_qualification_20260823/artifacts/perlmutter_phase6-fixed-brill-retry1/hosts.txt
OK expected=e3b0c44298fc1c149afbf4c8996fb92427ae41e4649b934ca495991b7852b855 actual=e3b0c44298fc1c149afbf4c8996fb92427ae41e4649b934ca495991b7852b855 path=docs/investigations/z4c_vc_brill_transfer_qualification_20260823/artifacts/perlmutter_phase6-fixed-brill-retry1/N128.stderr.log
OK expected=2b6a77f6be86438f38b1723524fababe50ab0b762309af8bb3b9b02aa65428c9 actual=2b6a77f6be86438f38b1723524fababe50ab0b762309af8bb3b9b02aa65428c9 path=docs/investigations/z4c_vc_brill_transfer_qualification_20260823/artifacts/perlmutter_phase6-fixed-brill-retry1/N128.stdout.log
OK expected=e83686e79cdaed779978071715fa2df610ccd75db4386d9f8b439a0292f660e1 actual=e83686e79cdaed779978071715fa2df610ccd75db4386d9f8b439a0292f660e1 path=docs/investigations/z4c_vc_brill_transfer_qualification_20260823/artifacts/perlmutter_phase6-fixed-brill-retry1/N128.terminal-products.sha256
OK expected=06e9d52c1720fca412803e3b07c4b228ff113e303f4c7ab94665319d832bbfb7 actual=06e9d52c1720fca412803e3b07c4b228ff113e303f4c7ab94665319d832bbfb7 path=docs/investigations/z4c_vc_brill_transfer_qualification_20260823/artifacts/perlmutter_phase6-fixed-brill-retry1/N128.wall-seconds.txt
OK expected=e3b0c44298fc1c149afbf4c8996fb92427ae41e4649b934ca495991b7852b855 actual=e3b0c44298fc1c149afbf4c8996fb92427ae41e4649b934ca495991b7852b855 path=docs/investigations/z4c_vc_brill_transfer_qualification_20260823/artifacts/perlmutter_phase6-fixed-brill-retry1/N256.stderr.log
OK expected=e56d02d925e602ee6d04c9c7306fff8b7d9c66eb0f8a980a35e2cee4ac81108d actual=e56d02d925e602ee6d04c9c7306fff8b7d9c66eb0f8a980a35e2cee4ac81108d path=docs/investigations/z4c_vc_brill_transfer_qualification_20260823/artifacts/perlmutter_phase6-fixed-brill-retry1/N256.stdout.log
OK expected=fedc80d94a2933511ade818865d07fdc793cc23def0b8d1c79bd2b7148806c81 actual=fedc80d94a2933511ade818865d07fdc793cc23def0b8d1c79bd2b7148806c81 path=docs/investigations/z4c_vc_brill_transfer_qualification_20260823/artifacts/perlmutter_phase6-fixed-brill-retry1/N256.terminal-products.sha256
OK expected=5378796307535df3ec8d8b15a2e2dc5641419c3d3060cfe32238c0fa973f7aa3 actual=5378796307535df3ec8d8b15a2e2dc5641419c3d3060cfe32238c0fa973f7aa3 path=docs/investigations/z4c_vc_brill_transfer_qualification_20260823/artifacts/perlmutter_phase6-fixed-brill-retry1/N256.wall-seconds.txt
OK expected=e3b0c44298fc1c149afbf4c8996fb92427ae41e4649b934ca495991b7852b855 actual=e3b0c44298fc1c149afbf4c8996fb92427ae41e4649b934ca495991b7852b855 path=docs/investigations/z4c_vc_brill_transfer_qualification_20260823/artifacts/perlmutter_phase6-fixed-brill-retry1/N512.stderr.log
OK expected=296b0c2f15aa45f274b5e48d1ae41d7d039dea872a7898ac2f15e2d1e395473a actual=296b0c2f15aa45f274b5e48d1ae41d7d039dea872a7898ac2f15e2d1e395473a path=docs/investigations/z4c_vc_brill_transfer_qualification_20260823/artifacts/perlmutter_phase6-fixed-brill-retry1/N512.stdout.log
OK expected=0805a5d950491a20c033d85736d60d2faa80766c351333f00e15befce0529f0d actual=0805a5d950491a20c033d85736d60d2faa80766c351333f00e15befce0529f0d path=docs/investigations/z4c_vc_brill_transfer_qualification_20260823/artifacts/perlmutter_phase6-fixed-brill-retry1/N512.terminal-products.sha256
OK expected=94d5a38598be77593d4781b8fbd74cb4e2cd05bb006b1b531988ab2db90de9c9 actual=94d5a38598be77593d4781b8fbd74cb4e2cd05bb006b1b531988ab2db90de9c9 path=docs/investigations/z4c_vc_brill_transfer_qualification_20260823/artifacts/perlmutter_phase6-fixed-brill-retry1/N512.wall-seconds.txt
OK expected=b0b848a3f1bfbe52305704e795c4881449596af57e57158e24bba656e28183d8 actual=b0b848a3f1bfbe52305704e795c4881449596af57e57158e24bba656e28183d8 path=docs/investigations/z4c_vc_brill_transfer_qualification_20260823/artifacts/perlmutter_phase6-fixed-brill-retry1/nvidia-smi.txt
OK expected=8b89b4e96f4ba98e8f29cf08cef58a851e379c2310aeae74e52730bedeac1ea5 actual=8b89b4e96f4ba98e8f29cf08cef58a851e379c2310aeae74e52730bedeac1ea5 path=docs/investigations/z4c_vc_brill_transfer_qualification_20260823/artifacts/perlmutter_phase6-fixed-brill-retry1/run-products.sha256
OK expected=ab705456e0c4f59355f4f14f1889c9aaf62cc63628f62b059bd4bb68d9e666e5 actual=ab705456e0c4f59355f4f14f1889c9aaf62cc63628f62b059bd4bb68d9e666e5 path=docs/investigations/z4c_vc_brill_transfer_qualification_20260823/artifacts/perlmutter_phase6-fixed-brill-retry1/slurm-job.txt
OK expected=fdb9332b12d67ab2e176c86fdaf8f0248b6a0cfeada054d91d4bf745dc93bb9e actual=fdb9332b12d67ab2e176c86fdaf8f0248b6a0cfeada054d91d4bf745dc93bb9e path=docs/investigations/z4c_vc_brill_transfer_qualification_20260823/artifacts/perlmutter_phase6-fixed-brill-retry1/verdict.txt
RESULT failures=0
DIRECTORY docs/investigations/z4c_vc_brill_transfer_qualification_20260823/artifacts/perlmutter_phase6-fixed-brill-analysis
OK expected=792b82434b3af180a122b51725c5a9b78a82ea18eb69a7681e83f29798c65b03 actual=792b82434b3af180a122b51725c5a9b78a82ea18eb69a7681e83f29798c65b03 path=docs/investigations/z4c_vc_brill_transfer_qualification_20260823/artifacts/perlmutter_phase6-fixed-brill-analysis/analysis/common_axis_time_history.csv
OK expected=db8b707a15e9dc41e64b5e223d8940a3876c94a8922807925808038fa648f4f9 actual=db8b707a15e9dc41e64b5e223d8940a3876c94a8922807925808038fa648f4f9 path=docs/investigations/z4c_vc_brill_transfer_qualification_20260823/artifacts/perlmutter_phase6-fixed-brill-analysis/analysis.log
OK expected=db8b707a15e9dc41e64b5e223d8940a3876c94a8922807925808038fa648f4f9 actual=db8b707a15e9dc41e64b5e223d8940a3876c94a8922807925808038fa648f4f9 path=docs/investigations/z4c_vc_brill_transfer_qualification_20260823/artifacts/perlmutter_phase6-fixed-brill-analysis/analysis/summary.json
OK expected=e0392d34e4cd498347471e6e2b6d73fed50c8a50a3e1a0e9a2f61822c42ef8dc actual=e0392d34e4cd498347471e6e2b6d73fed50c8a50a3e1a0e9a2f61822c42ef8dc path=docs/investigations/z4c_vc_brill_transfer_qualification_20260823/artifacts/perlmutter_phase6-fixed-brill-analysis/analysis/terminal_field_differences.csv
OK expected=5feceb66ffc86f38d952786c6d696c79c2dbc239dd4e91b46729d73a27fb57e9 actual=5feceb66ffc86f38d952786c6d696c79c2dbc239dd4e91b46729d73a27fb57e9 path=docs/investigations/z4c_vc_brill_transfer_qualification_20260823/artifacts/perlmutter_phase6-fixed-brill-analysis/exit-status.txt
OK expected=17a17b6b0ac673c863bd3ac6bc2301d8ceb7f24b23e9415622886b87c341f064 actual=17a17b6b0ac673c863bd3ac6bc2301d8ceb7f24b23e9415622886b87c341f064 path=docs/investigations/z4c_vc_brill_transfer_qualification_20260823/artifacts/perlmutter_phase6-fixed-brill-analysis/run-manifest.sha256
OK expected=17368c5bbc221c7d5158bfd84931dbc06fe9993270e211cba08c0965fdc5d05d actual=17368c5bbc221c7d5158bfd84931dbc06fe9993270e211cba08c0965fdc5d05d path=docs/investigations/z4c_vc_brill_transfer_qualification_20260823/artifacts/perlmutter_phase6-fixed-brill-analysis/verdict.txt
RESULT failures=0
DIRECTORY docs/investigations/z4c_vc_brill_transfer_qualification_20260823/artifacts/perlmutter_phase6-fixed-brill-terminal-rhs
OK expected=7c7659fa7ce456bbfd9512783bd3223e382101fc1f1175e4c4ebf1bb4d57bcfc actual=7c7659fa7ce456bbfd9512783bd3223e382101fc1f1175e4c4ebf1bb4d57bcfc path=docs/investigations/z4c_vc_brill_transfer_qualification_20260823/artifacts/perlmutter_phase6-fixed-brill-terminal-rhs/build-products.sha256
OK expected=9a271f2a916b0b6ee6cecb2426f0b3206ef074578be55d9bc94f6f3fe3ab86aa actual=9a271f2a916b0b6ee6cecb2426f0b3206ef074578be55d9bc94f6f3fe3ab86aa path=docs/investigations/z4c_vc_brill_transfer_qualification_20260823/artifacts/perlmutter_phase6-fixed-brill-terminal-rhs/exit-status.txt
OK expected=e1677ffadc328aaabad9aadf55ddcc8af168a4c12b220c011995c8dc2bf4c6c0 actual=e1677ffadc328aaabad9aadf55ddcc8af168a4c12b220c011995c8dc2bf4c6c0 path=docs/investigations/z4c_vc_brill_transfer_qualification_20260823/artifacts/perlmutter_phase6-fixed-brill-terminal-rhs/hosts.txt
OK expected=e3b0c44298fc1c149afbf4c8996fb92427ae41e4649b934ca495991b7852b855 actual=e3b0c44298fc1c149afbf4c8996fb92427ae41e4649b934ca495991b7852b855 path=docs/investigations/z4c_vc_brill_transfer_qualification_20260823/artifacts/perlmutter_phase6-fixed-brill-terminal-rhs/N128.stderr.log
OK expected=fa2ea75859844e346cca35d5fcfa6c47a0f93c17b267729797679c6772cfebee actual=fa2ea75859844e346cca35d5fcfa6c47a0f93c17b267729797679c6772cfebee path=docs/investigations/z4c_vc_brill_transfer_qualification_20260823/artifacts/perlmutter_phase6-fixed-brill-terminal-rhs/N128.stdout.log
OK expected=e3b0c44298fc1c149afbf4c8996fb92427ae41e4649b934ca495991b7852b855 actual=e3b0c44298fc1c149afbf4c8996fb92427ae41e4649b934ca495991b7852b855 path=docs/investigations/z4c_vc_brill_transfer_qualification_20260823/artifacts/perlmutter_phase6-fixed-brill-terminal-rhs/N256.stderr.log
OK expected=f798cc429e128ef0fc31a235ef8ddc81f44abfb6166d505ee7dda655e15ffea6 actual=f798cc429e128ef0fc31a235ef8ddc81f44abfb6166d505ee7dda655e15ffea6 path=docs/investigations/z4c_vc_brill_transfer_qualification_20260823/artifacts/perlmutter_phase6-fixed-brill-terminal-rhs/N256.stdout.log
OK expected=e3b0c44298fc1c149afbf4c8996fb92427ae41e4649b934ca495991b7852b855 actual=e3b0c44298fc1c149afbf4c8996fb92427ae41e4649b934ca495991b7852b855 path=docs/investigations/z4c_vc_brill_transfer_qualification_20260823/artifacts/perlmutter_phase6-fixed-brill-terminal-rhs/N512.stderr.log
OK expected=f27cec12b7ec99b364d69932f938d3b253b4a959dd6e9660f62ef68a5b088738 actual=f27cec12b7ec99b364d69932f938d3b253b4a959dd6e9660f62ef68a5b088738 path=docs/investigations/z4c_vc_brill_transfer_qualification_20260823/artifacts/perlmutter_phase6-fixed-brill-terminal-rhs/N512.stdout.log
OK expected=c4ebbd6d006e69e02e27b80e243a55eae9f2d43f7b2ffe0569458dbd5eeddf99 actual=c4ebbd6d006e69e02e27b80e243a55eae9f2d43f7b2ffe0569458dbd5eeddf99 path=docs/investigations/z4c_vc_brill_transfer_qualification_20260823/artifacts/perlmutter_phase6-fixed-brill-terminal-rhs/nvidia-smi.txt
OK expected=cb8063611883707ac0741ba35b2e98e69bcd28362d7404382557e3346087ce97 actual=cb8063611883707ac0741ba35b2e98e69bcd28362d7404382557e3346087ce97 path=docs/investigations/z4c_vc_brill_transfer_qualification_20260823/artifacts/perlmutter_phase6-fixed-brill-terminal-rhs/raw-rhs-before-compression.sha256
OK expected=9eef134a86497b1ab25abae3e20658fd3e2649cd25e3002dd70f633bc6522b05 actual=9eef134a86497b1ab25abae3e20658fd3e2649cd25e3002dd70f633bc6522b05 path=docs/investigations/z4c_vc_brill_transfer_qualification_20260823/artifacts/perlmutter_phase6-fixed-brill-terminal-rhs/run-products.sha256
OK expected=f520998c0c3a86f3f47064e2dfad602234f95f3e712f094e9db4c0ac3e4c00e0 actual=f520998c0c3a86f3f47064e2dfad602234f95f3e712f094e9db4c0ac3e4c00e0 path=docs/investigations/z4c_vc_brill_transfer_qualification_20260823/artifacts/perlmutter_phase6-fixed-brill-terminal-rhs/slurm-job.txt
OK expected=bfc95b8d1184872757e387c854533105f6768fc9c84d1f81773a945408c23e2a actual=bfc95b8d1184872757e387c854533105f6768fc9c84d1f81773a945408c23e2a path=docs/investigations/z4c_vc_brill_transfer_qualification_20260823/artifacts/perlmutter_phase6-fixed-brill-terminal-rhs/verdict.txt
RESULT failures=0
DIRECTORY docs/investigations/z4c_vc_brill_transfer_qualification_20260823/artifacts/perlmutter_phase6-fixed-brill-terminal-rhs-analysis
OK expected=6641494cd016fd4090758d2a96a443c6bf984ade3570fd2d0c1193e443ece988 actual=6641494cd016fd4090758d2a96a443c6bf984ade3570fd2d0c1193e443ece988 path=docs/investigations/z4c_vc_brill_transfer_qualification_20260823/artifacts/perlmutter_phase6-fixed-brill-terminal-rhs-analysis/analysis/differences.csv
OK expected=a9724245f893c47c0eee296cc82246ff0567be055bcb8529b213aa2a338ac5ea actual=a9724245f893c47c0eee296cc82246ff0567be055bcb8529b213aa2a338ac5ea path=docs/investigations/z4c_vc_brill_transfer_qualification_20260823/artifacts/perlmutter_phase6-fixed-brill-terminal-rhs-analysis/analysis.log
OK expected=34ce040e6bf2a6e929b407dad9aec2c94e1d84c4fab37fa64359b8cda63be53b actual=34ce040e6bf2a6e929b407dad9aec2c94e1d84c4fab37fa64359b8cda63be53b path=docs/investigations/z4c_vc_brill_transfer_qualification_20260823/artifacts/perlmutter_phase6-fixed-brill-terminal-rhs-analysis/analysis/orders.csv
OK expected=a9724245f893c47c0eee296cc82246ff0567be055bcb8529b213aa2a338ac5ea actual=a9724245f893c47c0eee296cc82246ff0567be055bcb8529b213aa2a338ac5ea path=docs/investigations/z4c_vc_brill_transfer_qualification_20260823/artifacts/perlmutter_phase6-fixed-brill-terminal-rhs-analysis/analysis/summary.json
OK expected=5feceb66ffc86f38d952786c6d696c79c2dbc239dd4e91b46729d73a27fb57e9 actual=5feceb66ffc86f38d952786c6d696c79c2dbc239dd4e91b46729d73a27fb57e9 path=docs/investigations/z4c_vc_brill_transfer_qualification_20260823/artifacts/perlmutter_phase6-fixed-brill-terminal-rhs-analysis/exit-status.txt
OK expected=adfa0edf586bc3d9ccf41d362c6cfe5ebc8c9a29afa4d14be8cee35ea2caf535 actual=adfa0edf586bc3d9ccf41d362c6cfe5ebc8c9a29afa4d14be8cee35ea2caf535 path=docs/investigations/z4c_vc_brill_transfer_qualification_20260823/artifacts/perlmutter_phase6-fixed-brill-terminal-rhs-analysis/verdict.txt
RESULT failures=0
