AthenaK Kokkos default execution space: OpenMP

Root grid = 2 x 2 x 1 MeshBlocks
Total number of MeshBlocks = 4
Number of logical  levels of refinement = 2 (3 levels total)
Number of physical levels of refinement = 1 (2 levels total)
Number of parallel ranks = 1
AssembleZ4cTasks

Setup complete, executing task list(s)...

elapsed=7.723568e-02 cycle=0 time=0.000000e+00 dt=3.124922e-03
elapsed=1.051577e-01 cycle=1 time=3.124922e-03 dt=3.124922e-03
elapsed=1.241794e-01 cycle=2 time=6.249844e-03 dt=3.124922e-03
elapsed=1.437206e-01 cycle=3 time=9.374766e-03 dt=3.124922e-03
elapsed=2.042523e-01 cycle=4 time=1.249969e-02 dt=1.562461e-03
elapsed=3.593964e-01 cycle=5 time=1.406215e-02 dt=1.562461e-03
elapsed=5.133061e-01 cycle=6 time=1.562461e-02 dt=1.562461e-03
elapsed=6.689734e-01 cycle=7 time=1.718707e-02 dt=1.562461e-03
elapsed=8.247199e-01 cycle=8 time=1.874953e-02 dt=1.049469e-03
output wall time = 3.883041e-03
elapsed=9.799017e-01 cycle=9 time=1.979900e-02 dt=1.562461e-03

Terminating on time limit
time=1.979900e-02 cycle=9
tlim=1.979900e-02 nlim=-1 nmb_total_limit=-1

Current number of MeshBlocks = 7
3 MeshBlocks created, 0 deleted by AMR

MeshBlock-cycles = 51
cpu time used  = 9.026663e-01
zone-cycles/cpu_second = 5.785527e+04
particle-updates/cpu_second = 0.000000e+00
