AthenaK Kokkos default execution space: OpenMP

Root grid = 2 x 2 x 1 MeshBlocks
Total number of MeshBlocks = 4
Number of logical  levels of refinement = 2 (3 levels total)
Number of physical levels of refinement = 1 (2 levels total)
Number of parallel ranks = 1
AssembleZ4cTasks

Setup complete, executing task list(s)...

elapsed=7.759239e-02 cycle=0 time=0.000000e+00 dt=3.124922e-03
elapsed=1.036268e-01 cycle=1 time=3.124922e-03 dt=3.124922e-03
elapsed=1.226456e-01 cycle=2 time=6.249844e-03 dt=3.124922e-03
elapsed=1.408971e-01 cycle=3 time=9.374766e-03 dt=3.124922e-03
elapsed=1.996163e-01 cycle=4 time=1.249969e-02 dt=1.562461e-03
elapsed=3.495340e-01 cycle=5 time=1.406215e-02 dt=1.562461e-03
elapsed=5.023772e-01 cycle=6 time=1.562461e-02 dt=1.562461e-03
elapsed=6.533892e-01 cycle=7 time=1.718707e-02 dt=1.562461e-03
elapsed=8.039344e-01 cycle=8 time=1.874953e-02 dt=1.049469e-03
output wall time = 4.514788e-03
elapsed=9.571962e-01 cycle=9 time=1.979900e-02 dt=1.562461e-03

Terminating on time limit
time=1.979900e-02 cycle=9
tlim=1.979900e-02 nlim=-1 nmb_total_limit=-1

Current number of MeshBlocks = 7
3 MeshBlocks created, 0 deleted by AMR

MeshBlock-cycles = 51
cpu time used  = 8.796035e-01
zone-cycles/cpu_second = 5.937221e+04
particle-updates/cpu_second = 0.000000e+00
