AthenaK Kokkos default execution space: OpenMP

Root grid = 2 x 2 x 1 MeshBlocks
Total number of MeshBlocks = 4
Number of logical  levels of refinement = 2 (3 levels total)
Number of physical levels of refinement = 1 (2 levels total)
Number of parallel ranks = 1
AssembleZ4cTasks

Setup complete, executing task list(s)...

elapsed=6.650215e-02 cycle=0 time=0.000000e+00 dt=3.124922e-03
elapsed=8.245231e-02 cycle=1 time=3.124922e-03 dt=3.124922e-03
elapsed=9.805354e-02 cycle=2 time=6.249844e-03 dt=3.124922e-03
elapsed=1.127819e-01 cycle=3 time=9.374766e-03 dt=3.124922e-03
elapsed=1.483520e-01 cycle=4 time=1.249969e-02 dt=1.562461e-03
elapsed=2.636724e-01 cycle=5 time=1.406215e-02 dt=1.562461e-03
elapsed=3.746048e-01 cycle=6 time=1.562461e-02 dt=1.562461e-03
elapsed=4.853183e-01 cycle=7 time=1.718707e-02 dt=1.562461e-03
elapsed=5.993259e-01 cycle=8 time=1.874953e-02 dt=1.562461e-03
elapsed=7.122486e-01 cycle=9 time=2.031199e-02 dt=1.562461e-03
elapsed=8.253621e-01 cycle=10 time=2.187445e-02 dt=1.562461e-03
elapsed=9.454153e-01 cycle=11 time=2.343691e-02 dt=1.562461e-03
elapsed=1.059275e+00 cycle=12 time=2.499938e-02 dt=1.562461e-03
elapsed=1.170624e+00 cycle=13 time=2.656184e-02 dt=1.562461e-03
elapsed=1.290216e+00 cycle=14 time=2.812430e-02 dt=1.600030e-04
output wall time = 5.656406e-03
elapsed=1.406907e+00 cycle=15 time=2.828430e-02 dt=3.200060e-04

Terminating on time limit
time=2.828430e-02 cycle=15
tlim=2.828430e-02 nlim=-1 nmb_total_limit=-1

Current number of MeshBlocks = 7
3 MeshBlocks created, 0 deleted by AMR

MeshBlock-cycles = 93
cpu time used  = 1.340405e+00
zone-cycles/cpu_second = 7.104719e+04
particle-updates/cpu_second = 0.000000e+00
