AthenaK Kokkos default execution space: OpenMP

Root grid = 2 x 2 x 1 MeshBlocks
Total number of MeshBlocks = 4
Number of logical  levels of refinement = 2 (3 levels total)
Number of physical levels of refinement = 1 (2 levels total)
Number of parallel ranks = 1
AssembleZ4cTasks

Setup complete, executing task list(s)...

elapsed=3.401196e-02 cycle=0 time=0.000000e+00 dt=6.249844e-03
elapsed=4.464914e-02 cycle=1 time=6.249844e-03 dt=6.249844e-03
elapsed=7.008790e-02 cycle=2 time=1.249969e-02 dt=3.124922e-03
elapsed=1.485767e-01 cycle=3 time=1.562461e-02 dt=3.124922e-03
elapsed=2.265405e-01 cycle=4 time=1.874953e-02 dt=1.049469e-03
output wall time = 2.378776e-03
elapsed=3.062824e-01 cycle=5 time=1.979900e-02 dt=2.098937e-03

Terminating on time limit
time=1.979900e-02 cycle=5
tlim=1.979900e-02 nlim=-1 nmb_total_limit=-1

Current number of MeshBlocks = 7
3 MeshBlocks created, 0 deleted by AMR

MeshBlock-cycles = 29
cpu time used  = 2.722690e-01
zone-cycles/cpu_second = 2.726715e+04
particle-updates/cpu_second = 0.000000e+00
