AthenaK Kokkos default execution space: OpenMP

Root grid = 2 x 2 x 1 MeshBlocks
Total number of MeshBlocks = 4
Number of logical  levels of refinement = 2 (3 levels total)
Number of physical levels of refinement = 1 (2 levels total)
Number of parallel ranks = 1
AssembleZ4cTasks

Setup complete, executing task list(s)...

elapsed=3.052942e-02 cycle=0 time=0.000000e+00 dt=6.249844e-03
elapsed=3.612377e-02 cycle=1 time=6.249844e-03 dt=6.249844e-03
elapsed=5.234427e-02 cycle=2 time=1.249969e-02 dt=3.124922e-03
elapsed=1.067232e-01 cycle=3 time=1.562461e-02 dt=3.124922e-03
elapsed=1.614769e-01 cycle=4 time=1.874953e-02 dt=3.124922e-03
elapsed=2.141682e-01 cycle=5 time=2.187445e-02 dt=3.124922e-03
elapsed=2.674751e-01 cycle=6 time=2.499938e-02 dt=3.124922e-03
elapsed=3.209889e-01 cycle=7 time=2.812430e-02 dt=1.600030e-04
output wall time = 2.449217e-03
elapsed=3.756135e-01 cycle=8 time=2.828430e-02 dt=3.200060e-04

Terminating on time limit
time=2.828430e-02 cycle=8
tlim=2.828430e-02 nlim=-1 nmb_total_limit=-1

Current number of MeshBlocks = 7
3 MeshBlocks created, 0 deleted by AMR

MeshBlock-cycles = 50
cpu time used  = 3.450846e-01
zone-cycles/cpu_second = 3.709235e+04
particle-updates/cpu_second = 0.000000e+00
