
Root grid = 2 x 2 x 2 MeshBlocks
Total number of MeshBlocks = 8
Number of logical  levels of refinement = 1 (2 levels total)
Number of physical levels of refinement = 0 (1 levels total)
Number of parallel ranks = 8
  Rank = 0: 1 MeshBlocks, cost = 1
  Rank = 1: 1 MeshBlocks, cost = 1
  Rank = 2: 1 MeshBlocks, cost = 1
  Rank = 3: 1 MeshBlocks, cost = 1
  Rank = 4: 1 MeshBlocks, cost = 1
  Rank = 5: 1 MeshBlocks, cost = 1
  Rank = 6: 1 MeshBlocks, cost = 1
  Rank = 7: 1 MeshBlocks, cost = 1
Load Balancing:
  Maximum normalized cost = 1, Average = 1
reference-GH puncture minimum cell-center radius = 0.0360844
reference-GH perturbed initial RHS Linf = 3.33864e-07, component=19, radius=0.313886, coordinate reference Ricci Linf=1.37611e-08, frame reference Ricci Linf=3.33067e-16

Setup complete, executing task list(s)...

elapsed=2.578772e+00 cycle=0 time=0.000000e+00 dt=3.404497e-03
elapsed=3.539036e+00 cycle=10 time=3.404497e-02 dt=3.404497e-03
elapsed=4.668300e+00 cycle=20 time=6.808994e-02 dt=3.404497e-03
elapsed=5.813561e+00 cycle=30 time=1.021349e-01 dt=3.404497e-03
elapsed=6.852696e+00 cycle=40 time=1.361799e-01 dt=3.404497e-03
elapsed=7.991062e+00 cycle=50 time=1.702249e-01 dt=3.404497e-03
elapsed=9.130221e+00 cycle=60 time=2.042698e-01 dt=3.404497e-03
elapsed=1.016720e+01 cycle=70 time=2.383148e-01 dt=3.404497e-03
elapsed=1.130711e+01 cycle=80 time=2.723598e-01 dt=3.404497e-03
elapsed=1.244715e+01 cycle=90 time=3.064048e-01 dt=3.404497e-03
elapsed=1.359204e+01 cycle=100 time=3.404497e-01 dt=3.404497e-03
elapsed=1.462908e+01 cycle=110 time=3.744947e-01 dt=3.404497e-03
reference-GH perturbed trumpet: field Linf=9.919930e-07, constraint Linf=1.173332e-06, RHS estimate=3.338645e-07

Terminating on time limit
time=4.000000e-01 cycle=118
tlim=4.000000e-01 nlim=-1

MeshBlock-cycles = 944
cpu time used  = 1.442460e+01
zone-cycles/cpu_second = 7.237554e+06
particle-updates/cpu_second = 0.000000e+00
real 17.92
user 0.00
sys 0.00
