
Root grid = 1 x 1 x 1 MeshBlocks
Total number of MeshBlocks = 1
Number of logical  levels of refinement = 0 (1 levels total)
Number of physical levels of refinement = 0 (1 levels total)
Number of parallel ranks = 1

Setup complete, executing task list(s)...

elapsed=5.918813e-02 cycle=0 time=0.000000e+00 dt=8.331065e-03
elapsed=7.730848e-02 cycle=1 time=8.331065e-03 dt=8.331065e-03
elapsed=8.619668e-02 cycle=2 time=1.666213e-02 dt=8.331065e-03
elapsed=9.160730e-02 cycle=3 time=2.499320e-02 dt=8.331064e-03
elapsed=9.704077e-02 cycle=4 time=3.332426e-02 dt=8.331063e-03
elapsed=1.024743e-01 cycle=5 time=4.165532e-02 dt=8.331062e-03
elapsed=1.079153e-01 cycle=6 time=4.998639e-02 dt=8.331061e-03
elapsed=1.133531e-01 cycle=7 time=5.831745e-02 dt=8.331060e-03
elapsed=1.187742e-01 cycle=8 time=6.664851e-02 dt=8.331058e-03
elapsed=1.242097e-01 cycle=9 time=7.497956e-02 dt=8.331056e-03
elapsed=1.296274e-01 cycle=10 time=8.331062e-02 dt=8.331054e-03
elapsed=1.350499e-01 cycle=11 time=9.164167e-02 dt=8.331052e-03
elapsed=1.404769e-01 cycle=12 time=9.997273e-02 dt=8.331049e-03
elapsed=1.469425e-01 cycle=13 time=1.083038e-01 dt=8.331046e-03
elapsed=1.519620e-01 cycle=14 time=1.166348e-01 dt=8.331044e-03
elapsed=1.574044e-01 cycle=15 time=1.249659e-01 dt=8.331041e-03
elapsed=1.628303e-01 cycle=16 time=1.332969e-01 dt=8.331037e-03
elapsed=1.682621e-01 cycle=17 time=1.416279e-01 dt=8.331034e-03
elapsed=1.736827e-01 cycle=18 time=1.499590e-01 dt=8.331031e-03
elapsed=1.791083e-01 cycle=19 time=1.582900e-01 dt=8.331027e-03
elapsed=1.845451e-01 cycle=20 time=1.666210e-01 dt=8.331023e-03
elapsed=1.899646e-01 cycle=21 time=1.749521e-01 dt=8.331019e-03
elapsed=1.953904e-01 cycle=22 time=1.832831e-01 dt=8.331015e-03
elapsed=2.008286e-01 cycle=23 time=1.916141e-01 dt=8.331011e-03
elapsed=2.062617e-01 cycle=24 time=1.999451e-01 dt=8.331007e-03
elapsed=2.131058e-01 cycle=25 time=2.082761e-01 dt=8.331003e-03
elapsed=2.181145e-01 cycle=26 time=2.166071e-01 dt=8.330998e-03
elapsed=2.235398e-01 cycle=27 time=2.249381e-01 dt=8.330994e-03
elapsed=2.289411e-01 cycle=28 time=2.332691e-01 dt=8.330989e-03
elapsed=2.343599e-01 cycle=29 time=2.416001e-01 dt=8.330984e-03
elapsed=2.397714e-01 cycle=30 time=2.499311e-01 dt=8.330979e-03
elapsed=2.451879e-01 cycle=31 time=2.582621e-01 dt=8.330974e-03
elapsed=2.506324e-01 cycle=32 time=2.665930e-01 dt=8.330969e-03
elapsed=2.560549e-01 cycle=33 time=2.749240e-01 dt=8.330964e-03
elapsed=2.614909e-01 cycle=34 time=2.832550e-01 dt=8.330958e-03
elapsed=2.669260e-01 cycle=35 time=2.915859e-01 dt=8.330953e-03
elapsed=2.723582e-01 cycle=36 time=2.999169e-01 dt=8.330948e-03
elapsed=2.791830e-01 cycle=37 time=3.082478e-01 dt=8.330942e-03
elapsed=2.842282e-01 cycle=38 time=3.165788e-01 dt=8.330936e-03
elapsed=2.896684e-01 cycle=39 time=3.249097e-01 dt=8.330931e-03
elapsed=2.951208e-01 cycle=40 time=3.332406e-01 dt=8.330925e-03
elapsed=3.005734e-01 cycle=41 time=3.415716e-01 dt=8.330919e-03
elapsed=3.060123e-01 cycle=42 time=3.499025e-01 dt=8.330913e-03
elapsed=3.114503e-01 cycle=43 time=3.582334e-01 dt=8.330907e-03
elapsed=3.169070e-01 cycle=44 time=3.665643e-01 dt=8.330901e-03
elapsed=3.223364e-01 cycle=45 time=3.748952e-01 dt=8.330895e-03
elapsed=3.277965e-01 cycle=46 time=3.832261e-01 dt=8.330889e-03
elapsed=3.332418e-01 cycle=47 time=3.915570e-01 dt=8.330883e-03
elapsed=3.386843e-01 cycle=48 time=3.998879e-01 dt=8.330877e-03
elapsed=3.456054e-01 cycle=49 time=4.082187e-01 dt=8.330871e-03
elapsed=3.506322e-01 cycle=50 time=4.165496e-01 dt=8.330865e-03
elapsed=3.560711e-01 cycle=51 time=4.248805e-01 dt=8.330859e-03
elapsed=3.615135e-01 cycle=52 time=4.332113e-01 dt=8.330852e-03
elapsed=3.669517e-01 cycle=53 time=4.415422e-01 dt=8.330846e-03
elapsed=3.724085e-01 cycle=54 time=4.498730e-01 dt=8.330840e-03
elapsed=3.778441e-01 cycle=55 time=4.582039e-01 dt=8.330834e-03
elapsed=3.832826e-01 cycle=56 time=4.665347e-01 dt=8.330828e-03
elapsed=3.887288e-01 cycle=57 time=4.748655e-01 dt=8.330821e-03
elapsed=3.941511e-01 cycle=58 time=4.831964e-01 dt=8.330815e-03
elapsed=3.996318e-01 cycle=59 time=4.915272e-01 dt=8.330809e-03
elapsed=4.469807e-01 cycle=60 time=4.998580e-01 dt=8.330803e-03
elapsed=4.534062e-01 cycle=61 time=5.081888e-01 dt=8.330796e-03
elapsed=4.584169e-01 cycle=62 time=5.165196e-01 dt=8.330790e-03
elapsed=4.638411e-01 cycle=63 time=5.248504e-01 dt=8.330784e-03
elapsed=4.692733e-01 cycle=64 time=5.331812e-01 dt=8.330778e-03
elapsed=4.746937e-01 cycle=65 time=5.415119e-01 dt=8.330772e-03
elapsed=4.801406e-01 cycle=66 time=5.498427e-01 dt=8.330766e-03
elapsed=4.855730e-01 cycle=67 time=5.581735e-01 dt=8.330760e-03
elapsed=4.910040e-01 cycle=68 time=5.665042e-01 dt=8.330754e-03
elapsed=4.964270e-01 cycle=69 time=5.748350e-01 dt=8.330749e-03
elapsed=5.018652e-01 cycle=70 time=5.831657e-01 dt=8.330743e-03
elapsed=5.073079e-01 cycle=71 time=5.914965e-01 dt=8.330737e-03
elapsed=5.127297e-01 cycle=72 time=5.998272e-01 dt=8.330732e-03
elapsed=5.195587e-01 cycle=73 time=6.081580e-01 dt=8.330726e-03
elapsed=5.245665e-01 cycle=74 time=6.164887e-01 dt=8.330721e-03
elapsed=5.300004e-01 cycle=75 time=6.248194e-01 dt=8.330716e-03
elapsed=5.354319e-01 cycle=76 time=6.331501e-01 dt=8.330711e-03
elapsed=5.408686e-01 cycle=77 time=6.414808e-01 dt=8.330706e-03
elapsed=5.462876e-01 cycle=78 time=6.498115e-01 dt=8.330701e-03
elapsed=5.517324e-01 cycle=79 time=6.581422e-01 dt=8.330696e-03
elapsed=5.571488e-01 cycle=80 time=6.664729e-01 dt=8.330692e-03
elapsed=5.625847e-01 cycle=81 time=6.748036e-01 dt=8.330687e-03
elapsed=5.680313e-01 cycle=82 time=6.831343e-01 dt=8.330683e-03
elapsed=5.734721e-01 cycle=83 time=6.914650e-01 dt=8.330679e-03
elapsed=5.789044e-01 cycle=84 time=6.997957e-01 dt=8.330675e-03
elapsed=5.856757e-01 cycle=85 time=7.081263e-01 dt=8.330671e-03
elapsed=5.907075e-01 cycle=86 time=7.164570e-01 dt=8.330667e-03
elapsed=5.961574e-01 cycle=87 time=7.247877e-01 dt=8.330664e-03
elapsed=6.015836e-01 cycle=88 time=7.331183e-01 dt=8.330661e-03
elapsed=6.070145e-01 cycle=89 time=7.414490e-01 dt=8.330658e-03
elapsed=6.124379e-01 cycle=90 time=7.497797e-01 dt=8.330655e-03
elapsed=6.178685e-01 cycle=91 time=7.581103e-01 dt=8.330652e-03
elapsed=6.233150e-01 cycle=92 time=7.664410e-01 dt=8.330650e-03
elapsed=6.287541e-01 cycle=93 time=7.747716e-01 dt=8.330648e-03
elapsed=6.341901e-01 cycle=94 time=7.831023e-01 dt=8.330646e-03
elapsed=6.396215e-01 cycle=95 time=7.914329e-01 dt=8.330644e-03
elapsed=6.450850e-01 cycle=96 time=7.997636e-01 dt=8.330643e-03
elapsed=6.518489e-01 cycle=97 time=8.080942e-01 dt=8.330642e-03
elapsed=6.568499e-01 cycle=98 time=8.164248e-01 dt=8.330641e-03
elapsed=6.622673e-01 cycle=99 time=8.247555e-01 dt=8.330641e-03
elapsed=6.676964e-01 cycle=100 time=8.330861e-01 dt=8.330640e-03
elapsed=6.731224e-01 cycle=101 time=8.414168e-01 dt=8.330640e-03
elapsed=6.785436e-01 cycle=102 time=8.497474e-01 dt=8.330641e-03
elapsed=6.845434e-01 cycle=103 time=8.580780e-01 dt=8.330641e-03
elapsed=6.899487e-01 cycle=104 time=8.664087e-01 dt=8.330643e-03
elapsed=6.953894e-01 cycle=105 time=8.747393e-01 dt=8.330644e-03
elapsed=7.008363e-01 cycle=106 time=8.830700e-01 dt=8.330646e-03
elapsed=7.062664e-01 cycle=107 time=8.914006e-01 dt=8.330648e-03
elapsed=7.117000e-01 cycle=108 time=8.997313e-01 dt=8.330650e-03
elapsed=7.185542e-01 cycle=109 time=9.080619e-01 dt=8.330653e-03
elapsed=7.235875e-01 cycle=110 time=9.163926e-01 dt=8.330656e-03
elapsed=7.290368e-01 cycle=111 time=9.247232e-01 dt=8.330660e-03
elapsed=7.344700e-01 cycle=112 time=9.330539e-01 dt=8.330664e-03
elapsed=7.399163e-01 cycle=113 time=9.413845e-01 dt=8.330668e-03
elapsed=7.453603e-01 cycle=114 time=9.497152e-01 dt=8.330673e-03
elapsed=7.507863e-01 cycle=115 time=9.580459e-01 dt=8.330678e-03
elapsed=7.562190e-01 cycle=116 time=9.663766e-01 dt=8.330684e-03
elapsed=7.616399e-01 cycle=117 time=9.747073e-01 dt=8.330690e-03
elapsed=7.670744e-01 cycle=118 time=9.830379e-01 dt=8.330697e-03
elapsed=7.725038e-01 cycle=119 time=9.913686e-01 dt=8.330704e-03
elapsed=8.197085e-01 cycle=120 time=9.996993e-01 dt=3.006578e-04
FO-GH puncture boundedness passed: rmin=2.165064e-01, state max=1.020067e+00, near RHS max=1.520081e-01, ADM adapter error=0.000000e+00
elapsed=8.702204e-01 cycle=121 time=1.000000e+00 dt=6.013155e-04

Terminating on time limit
time=1.000000e+00 cycle=121
tlim=1.000000e+00 nlim=-1

MeshBlock-cycles = 121
cpu time used  = 8.110494e-01
zone-cycles/cpu_second = 4.888640e+06
particle-updates/cpu_second = 0.000000e+00
