
Root grid = 1 x 1 x 1 MeshBlocks
Total number of MeshBlocks = 1
Number of logical  levels of refinement = 0 (1 levels total)
Number of physical levels of refinement = 0 (1 levels total)
Number of parallel ranks = 1

Setup complete, executing task list(s)...

elapsed=2.680242e-02 cycle=0 time=0.000000e+00 dt=1.681669e-02
elapsed=4.054665e-02 cycle=1 time=1.681669e-02 dt=1.681669e-02
elapsed=5.065412e-02 cycle=2 time=3.363339e-02 dt=1.681669e-02
elapsed=5.248054e-02 cycle=3 time=5.045007e-02 dt=1.681668e-02
elapsed=5.428220e-02 cycle=4 time=6.726675e-02 dt=1.681666e-02
elapsed=5.610589e-02 cycle=5 time=8.408341e-02 dt=1.681665e-02
elapsed=5.919628e-02 cycle=6 time=1.009001e-01 dt=1.681663e-02
elapsed=6.092184e-02 cycle=7 time=1.177167e-01 dt=1.681661e-02
elapsed=6.273160e-02 cycle=8 time=1.345333e-01 dt=1.681658e-02
elapsed=6.452577e-02 cycle=9 time=1.513499e-01 dt=1.681656e-02
elapsed=6.633070e-02 cycle=10 time=1.681664e-01 dt=1.681653e-02
elapsed=6.811892e-02 cycle=11 time=1.849830e-01 dt=1.681650e-02
elapsed=7.088938e-02 cycle=12 time=2.017995e-01 dt=1.681647e-02
elapsed=7.260609e-02 cycle=13 time=2.186159e-01 dt=1.681643e-02
elapsed=7.439147e-02 cycle=14 time=2.354324e-01 dt=1.681640e-02
elapsed=7.619821e-02 cycle=15 time=2.522488e-01 dt=1.681636e-02
elapsed=7.799972e-02 cycle=16 time=2.690651e-01 dt=1.681633e-02
elapsed=7.981078e-02 cycle=17 time=2.858814e-01 dt=1.681629e-02
elapsed=8.256866e-02 cycle=18 time=3.026977e-01 dt=1.681626e-02
elapsed=8.429031e-02 cycle=19 time=3.195140e-01 dt=1.681622e-02
elapsed=8.611286e-02 cycle=20 time=3.363302e-01 dt=1.681618e-02
elapsed=8.792227e-02 cycle=21 time=3.531464e-01 dt=1.681615e-02
elapsed=8.974139e-02 cycle=22 time=3.699625e-01 dt=1.681611e-02
elapsed=9.153950e-02 cycle=23 time=3.867787e-01 dt=1.681608e-02
elapsed=9.436636e-02 cycle=24 time=4.035947e-01 dt=1.681604e-02
elapsed=9.608701e-02 cycle=25 time=4.204108e-01 dt=1.681600e-02
elapsed=9.789593e-02 cycle=26 time=4.372268e-01 dt=1.681597e-02
elapsed=9.967297e-02 cycle=27 time=4.540428e-01 dt=1.681594e-02
elapsed=1.014746e-01 cycle=28 time=4.708587e-01 dt=1.681590e-02
elapsed=1.032781e-01 cycle=29 time=4.876746e-01 dt=1.681587e-02
elapsed=1.068531e-01 cycle=30 time=5.044905e-01 dt=1.681584e-02
elapsed=1.085838e-01 cycle=31 time=5.213063e-01 dt=1.681581e-02
elapsed=1.103931e-01 cycle=32 time=5.381221e-01 dt=1.681579e-02
elapsed=1.121827e-01 cycle=33 time=5.549379e-01 dt=1.681576e-02
elapsed=1.139641e-01 cycle=34 time=5.717537e-01 dt=1.681574e-02
elapsed=1.157622e-01 cycle=35 time=5.885694e-01 dt=1.681571e-02
elapsed=1.186077e-01 cycle=36 time=6.053851e-01 dt=1.681569e-02
elapsed=1.203355e-01 cycle=37 time=6.222008e-01 dt=1.681567e-02
elapsed=1.221555e-01 cycle=38 time=6.390165e-01 dt=1.681565e-02
elapsed=1.239590e-01 cycle=39 time=6.558321e-01 dt=1.681564e-02
elapsed=1.257766e-01 cycle=40 time=6.726478e-01 dt=1.681562e-02
elapsed=1.275767e-01 cycle=41 time=6.894634e-01 dt=1.681561e-02
elapsed=1.303664e-01 cycle=42 time=7.062790e-01 dt=1.681560e-02
elapsed=1.321282e-01 cycle=43 time=7.230946e-01 dt=1.681560e-02
elapsed=1.339122e-01 cycle=44 time=7.399102e-01 dt=1.681559e-02
elapsed=1.357129e-01 cycle=45 time=7.567258e-01 dt=1.681559e-02
elapsed=1.375060e-01 cycle=46 time=7.735414e-01 dt=1.681559e-02
elapsed=1.393032e-01 cycle=47 time=7.903570e-01 dt=1.681560e-02
elapsed=1.420123e-01 cycle=48 time=8.071726e-01 dt=1.681561e-02
elapsed=1.437453e-01 cycle=49 time=8.239882e-01 dt=1.681562e-02
elapsed=1.455555e-01 cycle=50 time=8.408038e-01 dt=1.681563e-02
elapsed=1.473645e-01 cycle=51 time=8.576194e-01 dt=1.681565e-02
elapsed=1.491665e-01 cycle=52 time=8.744351e-01 dt=1.681567e-02
elapsed=1.509620e-01 cycle=53 time=8.912508e-01 dt=1.681569e-02
elapsed=1.536412e-01 cycle=54 time=9.080665e-01 dt=1.681572e-02
elapsed=1.553658e-01 cycle=55 time=9.248822e-01 dt=1.681575e-02
elapsed=1.571950e-01 cycle=56 time=9.416979e-01 dt=1.681578e-02
elapsed=1.589901e-01 cycle=57 time=9.585137e-01 dt=1.681582e-02
elapsed=1.607860e-01 cycle=58 time=9.753295e-01 dt=1.681587e-02
elapsed=1.625954e-01 cycle=59 time=9.921454e-01 dt=7.854610e-03
FO-GH puncture boundedness passed: rmin=4.330127e-01, state max=1.014926e+00, near RHS max=1.809919e-01, ADM adapter error=0.000000e+00
elapsed=1.893653e-01 cycle=60 time=1.000000e+00 dt=1.570922e-02

Terminating on time limit
time=1.000000e+00 cycle=60
tlim=1.000000e+00 nlim=-1

MeshBlock-cycles = 60
cpu time used  = 1.625727e-01
zone-cycles/cpu_second = 1.511693e+06
particle-updates/cpu_second = 0.000000e+00
