
Root grid = 2 x 1 x 1 MeshBlocks
Total number of MeshBlocks = 9
Number of logical  levels of refinement = 2 (3 levels total)
Number of physical levels of refinement = 1 (2 levels total)
Number of parallel ranks = 1
### WARNING in /pscratch/sd/h/hzhu/fo-gh-puncture-20260817.L0vwO0/source/src/parameter_input.cpp: input parameter <job>/basename = fo_gh_minkowski_smr was not used by the code (check for a typo)

Setup complete, executing task list(s)...

elapsed=6.296721e-02 cycle=0 time=0.000000e+00 dt=3.125000e-03
elapsed=6.910044e-02 cycle=1 time=3.125000e-03 dt=3.125000e-03
elapsed=7.332844e-02 cycle=2 time=6.250000e-03 dt=3.125000e-03
elapsed=7.755710e-02 cycle=3 time=9.375000e-03 dt=6.250000e-04
FO-GH Minkowski evolution passed: max error = 0.000000e+00
elapsed=8.184998e-02 cycle=4 time=1.000000e-02 dt=1.250000e-03

Terminating on time limit
time=1.000000e-02 cycle=4
tlim=1.000000e-02 nlim=-1

MeshBlock-cycles = 36
cpu time used  = 1.889485e-02
zone-cycles/cpu_second = 9.755039e+05
particle-updates/cpu_second = 0.000000e+00
