
Root grid = 1 x 1 x 1 MeshBlocks
Total number of MeshBlocks = 1
Number of logical  levels of refinement = 0 (1 levels total)
Number of physical levels of refinement = 0 (1 levels total)
Number of parallel ranks = 1
### WARNING in /pscratch/sd/h/hzhu/fo-gh-puncture-20260817.L0vwO0/source/src/parameter_input.cpp: input parameter <refined_region1>/level = 1 was not used by the code (check for a typo)
### WARNING in /pscratch/sd/h/hzhu/fo-gh-puncture-20260817.L0vwO0/source/src/parameter_input.cpp: input parameter <refined_region1>/x1min = 0.1 was not used by the code (check for a typo)
### WARNING in /pscratch/sd/h/hzhu/fo-gh-puncture-20260817.L0vwO0/source/src/parameter_input.cpp: input parameter <refined_region1>/x1max = 0.4 was not used by the code (check for a typo)
### WARNING in /pscratch/sd/h/hzhu/fo-gh-puncture-20260817.L0vwO0/source/src/parameter_input.cpp: input parameter <refined_region1>/x2min = -0.49 was not used by the code (check for a typo)
### WARNING in /pscratch/sd/h/hzhu/fo-gh-puncture-20260817.L0vwO0/source/src/parameter_input.cpp: input parameter <refined_region1>/x2max = 0.49 was not used by the code (check for a typo)
### WARNING in /pscratch/sd/h/hzhu/fo-gh-puncture-20260817.L0vwO0/source/src/parameter_input.cpp: input parameter <refined_region1>/x3min = -0.49 was not used by the code (check for a typo)
### WARNING in /pscratch/sd/h/hzhu/fo-gh-puncture-20260817.L0vwO0/source/src/parameter_input.cpp: input parameter <refined_region1>/x3max = 0.49 was not used by the code (check for a typo)

Setup complete, executing task list(s)...

elapsed=1.672443e-02 cycle=0 time=0.000000e+00 dt=6.250000e-03
elapsed=2.498048e-02 cycle=1 time=6.250000e-03 dt=6.250000e-03
elapsed=3.079118e-02 cycle=2 time=1.250000e-02 dt=6.250000e-03
elapsed=3.607586e-02 cycle=3 time=1.875000e-02 dt=6.250000e-03
elapsed=4.130986e-02 cycle=4 time=2.500000e-02 dt=6.250000e-03
elapsed=4.533298e-02 cycle=5 time=3.125000e-02 dt=6.250000e-03
elapsed=4.763923e-02 cycle=6 time=3.750000e-02 dt=6.250000e-03
elapsed=5.006942e-02 cycle=7 time=4.375000e-02 dt=6.250000e-03
elapsed=5.083796e-02 cycle=8 time=5.000000e-02 dt=3.760547e-12
elapsed=5.319223e-02 cycle=9 time=5.000000e-02 dt=7.521095e-12

Terminating on time limit
time=5.000000e-02 cycle=9
tlim=5.000000e-02 nlim=-1

MeshBlock-cycles = 9
cpu time used  = 3.647838e-02
zone-cycles/cpu_second = 1.263214e+05
particle-updates/cpu_second = 0.000000e+00
