
Root grid = 2 x 1 x 1 MeshBlocks
Total number of MeshBlocks = 9
Number of logical  levels of refinement = 2 (3 levels total)
Number of physical levels of refinement = 1 (2 levels total)
Number of parallel ranks = 1
### WARNING in /pscratch/sd/h/hzhu/fo-gh-puncture-20260817.L0vwO0/source/src/parameter_input.cpp: input parameter <job>/basename = fo_gh_linear_wave was not used by the code (check for a typo)
### WARNING in /pscratch/sd/h/hzhu/fo-gh-puncture-20260817.L0vwO0/source/src/parameter_input.cpp: input parameter <mesh_refinement>/num_levels = 2 was not used by the code (check for a typo)
### WARNING in /pscratch/sd/h/hzhu/fo-gh-puncture-20260817.L0vwO0/source/src/parameter_input.cpp: input parameter <mesh_refinement>/max_nmb_per_rank = 128 was not used by the code (check for a typo)
### WARNING in /pscratch/sd/h/hzhu/fo-gh-puncture-20260817.L0vwO0/source/src/parameter_input.cpp: input parameter <amr_criterion0>/method = location was not used by the code (check for a typo)
### WARNING in /pscratch/sd/h/hzhu/fo-gh-puncture-20260817.L0vwO0/source/src/parameter_input.cpp: input parameter <amr_criterion0>/location_x1 = 0.25 was not used by the code (check for a typo)
### WARNING in /pscratch/sd/h/hzhu/fo-gh-puncture-20260817.L0vwO0/source/src/parameter_input.cpp: input parameter <amr_criterion0>/location_x2 = 0.25 was not used by the code (check for a typo)
### WARNING in /pscratch/sd/h/hzhu/fo-gh-puncture-20260817.L0vwO0/source/src/parameter_input.cpp: input parameter <amr_criterion0>/location_x3 = 0.25 was not used by the code (check for a typo)
### WARNING in /pscratch/sd/h/hzhu/fo-gh-puncture-20260817.L0vwO0/source/src/parameter_input.cpp: input parameter <amr_criterion0>/location_rad = 0.1 was not used by the code (check for a typo)
### WARNING in /pscratch/sd/h/hzhu/fo-gh-puncture-20260817.L0vwO0/source/src/parameter_input.cpp: input parameter <output1>/file_type = rst was not used by the code (check for a typo)

Setup complete, executing task list(s)...

elapsed=2.412985e-02 cycle=0 time=0.000000e+00 dt=1.562500e-03
FO-GH linear-wave metric L1 = 1.314342e-15, Linf = 5.995204e-15, reduction Linf = 3.138619e-10

Terminating on time limit
time=2.000000e-03 cycle=2
tlim=2.000000e-03 nlim=-1

MeshBlock-cycles = 18
cpu time used  = 2.961965e-02
zone-cycles/cpu_second = 6.222897e+05
particle-updates/cpu_second = 0.000000e+00
