
Root grid = 1 x 1 x 1 MeshBlocks
Total number of MeshBlocks = 1
Number of logical  levels of refinement = 0 (1 levels total)
Number of physical levels of refinement = 0 (1 levels total)
Number of parallel ranks = 1
### WARNING in /pscratch/sd/h/hzhu/fo-gh-puncture-20260817.L0vwO0/source/src/parameter_input.cpp: input parameter <job>/basename = fo_gh_linear_wave was not used by the code (check for a typo)
### WARNING in /pscratch/sd/h/hzhu/fo-gh-puncture-20260817.L0vwO0/source/src/parameter_input.cpp: input parameter <mesh_refinement>/num_levels = 2 was not used by the code (check for a typo)
### WARNING in /pscratch/sd/h/hzhu/fo-gh-puncture-20260817.L0vwO0/source/src/parameter_input.cpp: input parameter <mesh_refinement>/max_nmb_per_rank = 128 was not used by the code (check for a typo)
### WARNING in /pscratch/sd/h/hzhu/fo-gh-puncture-20260817.L0vwO0/source/src/parameter_input.cpp: input parameter <mesh_refinement>/refinement_interval = 1 was not used by the code (check for a typo)
### WARNING in /pscratch/sd/h/hzhu/fo-gh-puncture-20260817.L0vwO0/source/src/parameter_input.cpp: input parameter <amr_criterion0>/method = location was not used by the code (check for a typo)
### WARNING in /pscratch/sd/h/hzhu/fo-gh-puncture-20260817.L0vwO0/source/src/parameter_input.cpp: input parameter <amr_criterion0>/location_x1 = 0.25 was not used by the code (check for a typo)
### WARNING in /pscratch/sd/h/hzhu/fo-gh-puncture-20260817.L0vwO0/source/src/parameter_input.cpp: input parameter <amr_criterion0>/location_x2 = 0.25 was not used by the code (check for a typo)
### WARNING in /pscratch/sd/h/hzhu/fo-gh-puncture-20260817.L0vwO0/source/src/parameter_input.cpp: input parameter <amr_criterion0>/location_x3 = 0.25 was not used by the code (check for a typo)
### WARNING in /pscratch/sd/h/hzhu/fo-gh-puncture-20260817.L0vwO0/source/src/parameter_input.cpp: input parameter <amr_criterion0>/location_rad = 0.1 was not used by the code (check for a typo)
### WARNING in /pscratch/sd/h/hzhu/fo-gh-puncture-20260817.L0vwO0/source/src/parameter_input.cpp: input parameter <refined_region1>/level = 1 was not used by the code (check for a typo)
### WARNING in /pscratch/sd/h/hzhu/fo-gh-puncture-20260817.L0vwO0/source/src/parameter_input.cpp: input parameter <refined_region1>/x1min = 0.1 was not used by the code (check for a typo)
### WARNING in /pscratch/sd/h/hzhu/fo-gh-puncture-20260817.L0vwO0/source/src/parameter_input.cpp: input parameter <refined_region1>/x1max = 0.4 was not used by the code (check for a typo)
### WARNING in /pscratch/sd/h/hzhu/fo-gh-puncture-20260817.L0vwO0/source/src/parameter_input.cpp: input parameter <refined_region1>/x2min = 0.01 was not used by the code (check for a typo)
### WARNING in /pscratch/sd/h/hzhu/fo-gh-puncture-20260817.L0vwO0/source/src/parameter_input.cpp: input parameter <refined_region1>/x2max = 0.99 was not used by the code (check for a typo)
### WARNING in /pscratch/sd/h/hzhu/fo-gh-puncture-20260817.L0vwO0/source/src/parameter_input.cpp: input parameter <refined_region1>/x3min = 0.01 was not used by the code (check for a typo)
### WARNING in /pscratch/sd/h/hzhu/fo-gh-puncture-20260817.L0vwO0/source/src/parameter_input.cpp: input parameter <refined_region1>/x3max = 0.99 was not used by the code (check for a typo)
### WARNING in /pscratch/sd/h/hzhu/fo-gh-puncture-20260817.L0vwO0/source/src/parameter_input.cpp: input parameter <output1>/file_type = rst was not used by the code (check for a typo)

Setup complete, executing task list(s)...

elapsed=1.121751e-02 cycle=0 time=0.000000e+00 dt=1.249999e-02
FO-GH linear-wave metric L1 = 1.183729e-10, Linf = 5.451039e-10, reduction Linf = 6.840816e-08

Terminating on time limit
time=5.000000e-02 cycle=5
tlim=5.000000e-02 nlim=-1

MeshBlock-cycles = 5
cpu time used  = 3.624300e-02
zone-cycles/cpu_second = 7.063432e+04
particle-updates/cpu_second = 0.000000e+00
