AthenaK Kokkos default execution space: OpenMP

Root grid = 2 x 2 x 2 MeshBlocks
Total number of MeshBlocks = 8
Number of logical  levels of refinement = 2 (3 levels total)
Number of physical levels of refinement = 1 (2 levels total)
Number of parallel ranks = 1
AssembleZ4cTasks

Setup complete, executing task list(s)...

elapsed=6.423829e+00 cycle=0 time=0.000000e+00 dt=3.124896e-03
elapsed=7.700549e+00 cycle=1 time=3.124896e-03 dt=3.124896e-03
elapsed=8.929817e+00 cycle=2 time=6.249792e-03 dt=3.124896e-03
elapsed=1.018532e+01 cycle=3 time=9.374688e-03 dt=3.124896e-03
elapsed=1.189239e+01 cycle=4 time=1.249958e-02 dt=1.562448e-03
elapsed=1.422163e+01 cycle=5 time=1.406203e-02 dt=1.562448e-03
elapsed=1.649166e+01 cycle=6 time=1.562448e-02 dt=1.562448e-03
elapsed=1.878591e+01 cycle=7 time=1.718693e-02 dt=1.562448e-03
elapsed=2.109618e+01 cycle=8 time=1.874938e-02 dt=1.562448e-03
elapsed=2.338163e+01 cycle=9 time=2.031182e-02 dt=1.562448e-03
elapsed=2.578944e+01 cycle=10 time=2.187427e-02 dt=1.562448e-03
elapsed=2.807034e+01 cycle=11 time=2.343672e-02 dt=1.562448e-03
elapsed=3.065186e+01 cycle=12 time=2.499917e-02 dt=3.124896e-03
elapsed=3.186182e+01 cycle=13 time=2.812406e-02 dt=3.124896e-03
elapsed=3.308692e+01 cycle=14 time=3.124896e-02 dt=3.124896e-03
elapsed=3.429862e+01 cycle=15 time=3.437385e-02 dt=3.124896e-03
elapsed=3.551523e+01 cycle=16 time=3.749875e-02 dt=3.124896e-03
elapsed=3.683381e+01 cycle=17 time=4.062365e-02 dt=3.124896e-03
elapsed=3.803693e+01 cycle=18 time=4.374854e-02 dt=3.124896e-03
elapsed=3.923784e+01 cycle=19 time=4.687344e-02 dt=3.124896e-03
elapsed=4.050786e+01 cycle=20 time=4.999833e-02 dt=3.124896e-03
elapsed=4.171457e+01 cycle=21 time=5.312323e-02 dt=3.124896e-03
elapsed=4.292867e+01 cycle=22 time=5.624813e-02 dt=3.124896e-03
elapsed=4.415913e+01 cycle=23 time=5.937302e-02 dt=3.124896e-03
elapsed=4.537107e+01 cycle=24 time=6.249792e-02 dt=3.124896e-03
elapsed=4.658543e+01 cycle=25 time=6.562281e-02 dt=3.124896e-03
elapsed=4.779050e+01 cycle=26 time=6.874771e-02 dt=3.124896e-03
elapsed=4.899533e+01 cycle=27 time=7.187260e-02 dt=3.124896e-03
elapsed=5.020000e+01 cycle=28 time=7.499750e-02 dt=3.124896e-03
elapsed=5.145688e+01 cycle=29 time=7.812240e-02 dt=3.124896e-03
elapsed=5.268773e+01 cycle=30 time=8.124729e-02 dt=3.124896e-03
elapsed=5.396256e+01 cycle=31 time=8.437219e-02 dt=3.124896e-03
elapsed=5.518902e+01 cycle=32 time=8.749708e-02 dt=3.124896e-03
elapsed=5.639729e+01 cycle=33 time=9.062198e-02 dt=1.754020e-03
output wall time = 2.136419e-01
elapsed=5.764635e+01 cycle=34 time=9.237600e-02 dt=3.124896e-03

Terminating on time limit
time=9.237600e-02 cycle=34
tlim=9.237600e-02 nlim=-1 nmb_total_limit=-1

Current number of MeshBlocks = 8
7 MeshBlocks created, 7 deleted by AMR

MeshBlock-cycles = 328
cpu time used  = 5.122252e+01
zone-cycles/cpu_second = 2.098277e+05
particle-updates/cpu_second = 0.000000e+00
