AthenaK Kokkos default execution space: OpenMP

Root grid = 2 x 2 x 1 MeshBlocks
Total number of MeshBlocks = 4
Number of logical  levels of refinement = 2 (3 levels total)
Number of physical levels of refinement = 1 (2 levels total)
Number of parallel ranks = 1
AssembleZ4cTasks

Setup complete, executing task list(s)...

elapsed=6.628927e-02 cycle=0 time=0.000000e+00 dt=3.124922e-03
elapsed=8.057075e-02 cycle=1 time=3.124922e-03 dt=3.124922e-03
elapsed=9.587352e-02 cycle=2 time=6.249844e-03 dt=3.124922e-03
elapsed=1.096889e-01 cycle=3 time=9.374766e-03 dt=3.124922e-03
elapsed=1.274862e-01 cycle=4 time=1.249969e-02 dt=1.562461e-03
elapsed=1.503606e-01 cycle=5 time=1.406215e-02 dt=1.562461e-03
elapsed=1.731113e-01 cycle=6 time=1.562461e-02 dt=1.562461e-03
elapsed=1.973230e-01 cycle=7 time=1.718707e-02 dt=1.562461e-03
elapsed=2.201258e-01 cycle=8 time=1.874953e-02 dt=1.562461e-03
elapsed=2.436635e-01 cycle=9 time=2.031199e-02 dt=1.562461e-03
elapsed=2.667746e-01 cycle=10 time=2.187445e-02 dt=1.562461e-03
elapsed=2.908578e-01 cycle=11 time=2.343691e-02 dt=1.562461e-03
elapsed=3.158011e-01 cycle=12 time=2.499938e-02 dt=3.124922e-03
elapsed=3.281830e-01 cycle=13 time=2.812430e-02 dt=3.124922e-03
elapsed=3.403936e-01 cycle=14 time=3.124922e-02 dt=3.124922e-03
elapsed=3.523756e-01 cycle=15 time=3.437414e-02 dt=3.124922e-03
elapsed=3.643265e-01 cycle=16 time=3.749906e-02 dt=3.124922e-03
elapsed=3.774092e-01 cycle=17 time=4.062398e-02 dt=3.124922e-03
elapsed=3.894094e-01 cycle=18 time=4.374891e-02 dt=3.124922e-03
elapsed=4.013864e-01 cycle=19 time=4.687383e-02 dt=3.124922e-03
elapsed=4.133530e-01 cycle=20 time=4.999875e-02 dt=3.124922e-03
elapsed=4.259383e-01 cycle=21 time=5.312367e-02 dt=3.124922e-03
elapsed=4.389257e-01 cycle=22 time=5.624859e-02 dt=3.124922e-03
elapsed=4.519074e-01 cycle=23 time=5.937352e-02 dt=3.124922e-03
elapsed=4.639801e-01 cycle=24 time=6.249844e-02 dt=3.124922e-03
elapsed=4.759866e-01 cycle=25 time=6.562336e-02 dt=3.124922e-03
elapsed=4.879381e-01 cycle=26 time=6.874828e-02 dt=3.124922e-03
elapsed=4.999324e-01 cycle=27 time=7.187320e-02 dt=3.124922e-03
elapsed=5.119244e-01 cycle=28 time=7.499813e-02 dt=3.124922e-03
elapsed=5.238650e-01 cycle=29 time=7.812305e-02 dt=3.124922e-03
elapsed=5.368445e-01 cycle=30 time=8.124797e-02 dt=3.124922e-03
elapsed=5.490171e-01 cycle=31 time=8.437289e-02 dt=3.124922e-03
elapsed=5.610478e-01 cycle=32 time=8.749781e-02 dt=3.124922e-03
elapsed=5.740901e-01 cycle=33 time=9.062274e-02 dt=3.124922e-03
elapsed=5.860751e-01 cycle=34 time=9.374766e-02 dt=3.124922e-03
elapsed=5.980162e-01 cycle=35 time=9.687258e-02 dt=3.124922e-03
elapsed=6.099663e-01 cycle=36 time=9.999750e-02 dt=3.124922e-03
elapsed=6.219460e-01 cycle=37 time=1.031224e-01 dt=3.124922e-03
elapsed=6.338503e-01 cycle=38 time=1.062473e-01 dt=3.124922e-03
elapsed=6.457991e-01 cycle=39 time=1.093723e-01 dt=3.124922e-03
elapsed=6.577533e-01 cycle=40 time=1.124972e-01 dt=6.398116e-04
output wall time = 7.211766e-03
elapsed=6.706125e-01 cycle=41 time=1.131370e-01 dt=1.279623e-03

Terminating on time limit
time=1.131370e-01 cycle=41
tlim=1.131370e-01 nlim=-1 nmb_total_limit=-1

Current number of MeshBlocks = 4
3 MeshBlocks created, 3 deleted by AMR

MeshBlock-cycles = 188
cpu time used  = 6.043243e-01
zone-cycles/cpu_second = 3.185574e+05
particle-updates/cpu_second = 0.000000e+00
