AthenaK Kokkos default execution space: OpenMP

Root grid = 2 x 2 x 1 MeshBlocks
Total number of MeshBlocks = 4
Number of logical  levels of refinement = 1 (2 levels total)
Number of physical levels of refinement = 0 (1 levels total)
Number of parallel ranks = 1
AssembleZ4cTasks

Setup complete, executing task list(s)...

elapsed=6.625031e-03 cycle=0 time=0.000000e+00 dt=3.124922e-03
elapsed=2.089123e-02 cycle=1 time=3.124922e-03 dt=3.124922e-03
elapsed=3.337014e-02 cycle=2 time=6.249844e-03 dt=3.124922e-03
elapsed=4.592101e-02 cycle=3 time=9.374766e-03 dt=3.124922e-03
elapsed=5.788386e-02 cycle=4 time=1.249969e-02 dt=3.124922e-03
elapsed=7.048274e-02 cycle=5 time=1.562461e-02 dt=3.124922e-03
elapsed=8.376843e-02 cycle=6 time=1.874953e-02 dt=3.124922e-03
elapsed=9.641140e-02 cycle=7 time=2.187445e-02 dt=3.124922e-03
elapsed=1.077247e-01 cycle=8 time=2.499938e-02 dt=3.124922e-03
elapsed=1.186988e-01 cycle=9 time=2.812430e-02 dt=3.124922e-03
elapsed=1.297812e-01 cycle=10 time=3.124922e-02 dt=3.124922e-03
elapsed=1.407214e-01 cycle=11 time=3.437414e-02 dt=3.124922e-03
elapsed=1.549415e-01 cycle=12 time=3.749906e-02 dt=3.124922e-03
elapsed=1.682827e-01 cycle=13 time=4.062398e-02 dt=3.124922e-03
elapsed=1.805680e-01 cycle=14 time=4.374891e-02 dt=3.124922e-03
elapsed=1.919660e-01 cycle=15 time=4.687383e-02 dt=3.124922e-03
elapsed=2.040131e-01 cycle=16 time=4.999875e-02 dt=3.124922e-03
elapsed=2.154528e-01 cycle=17 time=5.312367e-02 dt=3.124922e-03
elapsed=2.266997e-01 cycle=18 time=5.624859e-02 dt=3.124922e-03
elapsed=2.384575e-01 cycle=19 time=5.937352e-02 dt=3.124922e-03
elapsed=2.497707e-01 cycle=20 time=6.249844e-02 dt=3.124922e-03
elapsed=2.611687e-01 cycle=21 time=6.562336e-02 dt=3.124922e-03
elapsed=2.735136e-01 cycle=22 time=6.874828e-02 dt=3.124922e-03
elapsed=2.856916e-01 cycle=23 time=7.187320e-02 dt=3.124922e-03
elapsed=2.975706e-01 cycle=24 time=7.499813e-02 dt=3.124922e-03
elapsed=3.088874e-01 cycle=25 time=7.812305e-02 dt=3.124922e-03
elapsed=3.226547e-01 cycle=26 time=8.124797e-02 dt=3.124922e-03
elapsed=3.345305e-01 cycle=27 time=8.437289e-02 dt=3.124922e-03
elapsed=3.483139e-01 cycle=28 time=8.749781e-02 dt=3.124922e-03
elapsed=3.595068e-01 cycle=29 time=9.062274e-02 dt=3.124922e-03
elapsed=3.700342e-01 cycle=30 time=9.374766e-02 dt=3.124922e-03
elapsed=3.836409e-01 cycle=31 time=9.687258e-02 dt=3.124922e-03
elapsed=3.946207e-01 cycle=32 time=9.999750e-02 dt=3.124922e-03
elapsed=4.051243e-01 cycle=33 time=1.031224e-01 dt=3.124922e-03
elapsed=4.155439e-01 cycle=34 time=1.062473e-01 dt=3.124922e-03
elapsed=4.259756e-01 cycle=35 time=1.093723e-01 dt=3.124922e-03
elapsed=4.364191e-01 cycle=36 time=1.124972e-01 dt=6.398114e-04
output wall time = 7.809331e-03
elapsed=4.477830e-01 cycle=37 time=1.131370e-01 dt=1.279623e-03

Terminating on time limit
time=1.131370e-01 cycle=37
tlim=1.131370e-01 nlim=-1 nmb_total_limit=-1

MeshBlock-cycles = 148
cpu time used  = 4.411608e-01
zone-cycles/cpu_second = 3.435301e+05
particle-updates/cpu_second = 0.000000e+00
