
Root grid = 2 x 2 x 2 MeshBlocks
Total number of MeshBlocks = 8
Number of logical  levels of refinement = 1 (2 levels total)
Number of physical levels of refinement = 0 (1 levels total)
Number of parallel ranks = 8
  Rank = 0: 1 MeshBlocks, cost = 1
  Rank = 1: 1 MeshBlocks, cost = 1
  Rank = 2: 1 MeshBlocks, cost = 1
  Rank = 3: 1 MeshBlocks, cost = 1
  Rank = 4: 1 MeshBlocks, cost = 1
  Rank = 5: 1 MeshBlocks, cost = 1
  Rank = 6: 1 MeshBlocks, cost = 1
  Rank = 7: 1 MeshBlocks, cost = 1
Load Balancing:
  Maximum normalized cost = 1, Average = 1
reference-GH puncture minimum cell-center radius = 0.0270633
reference-GH perturbed initial RHS Linf = 3.34538e-07, component=19, radius=0.297696, coordinate reference Ricci Linf=4.68967e-08, frame reference Ricci Linf=3.33067e-16

Setup complete, executing task list(s)...

elapsed=4.700650e+00 cycle=0 time=0.000000e+00 dt=2.550572e-03
elapsed=7.147283e+00 cycle=10 time=2.550572e-02 dt=2.550572e-03
elapsed=9.676253e+00 cycle=20 time=5.101144e-02 dt=2.550572e-03
elapsed=1.220504e+01 cycle=30 time=7.651717e-02 dt=2.550572e-03
elapsed=1.497297e+01 cycle=40 time=1.020229e-01 dt=2.550572e-03
elapsed=1.750009e+01 cycle=50 time=1.275286e-01 dt=2.550572e-03
elapsed=2.003407e+01 cycle=60 time=1.530343e-01 dt=2.550572e-03
elapsed=2.257108e+01 cycle=70 time=1.785401e-01 dt=2.550572e-03
elapsed=2.532453e+01 cycle=80 time=2.040458e-01 dt=2.550572e-03
elapsed=2.785197e+01 cycle=90 time=2.295515e-01 dt=2.550572e-03
elapsed=3.038282e+01 cycle=100 time=2.550572e-01 dt=2.550572e-03
elapsed=3.314215e+01 cycle=110 time=2.805629e-01 dt=2.550572e-03
elapsed=3.565601e+01 cycle=120 time=3.060687e-01 dt=2.550572e-03
elapsed=3.818592e+01 cycle=130 time=3.315744e-01 dt=2.550572e-03
elapsed=4.070971e+01 cycle=140 time=3.570801e-01 dt=2.550572e-03
elapsed=4.345423e+01 cycle=150 time=3.825858e-01 dt=2.550572e-03
reference-GH perturbed trumpet: field Linf=9.954572e-07, constraint Linf=1.223056e-06, RHS estimate=3.345381e-07

Terminating on time limit
time=4.000000e-01 cycle=157
tlim=4.000000e-01 nlim=-1

MeshBlock-cycles = 1256
cpu time used  = 4.271774e+01
zone-cycles/cpu_second = 7.707637e+06
particle-updates/cpu_second = 0.000000e+00
real 48.30
user 0.00
sys 0.00
