AthenaK Kokkos default execution space: SYCL

Root grid = 4 x 8 x 1 MeshBlocks
Total number of MeshBlocks = 212
Number of logical  levels of refinement = 26 (27 levels total)
Number of physical levels of refinement = 23 (24 levels total)
  Physical level = 0 (logical level = 3): 14 MeshBlocks, cost = 14
  Physical level = 1 (logical level = 4): 54 MeshBlocks, cost = 54
  Physical level = 2 (logical level = 5): 54 MeshBlocks, cost = 54
  Physical level = 3 (logical level = 6): 68 MeshBlocks, cost = 68
  Physical level = 4 (logical level = 7): 14 MeshBlocks, cost = 14
  Physical level = 5 (logical level = 8): 8 MeshBlocks, cost = 8
Number of parallel ranks = 24
  Rank = 0: 8 MeshBlocks, cost = 8
  Rank = 1: 8 MeshBlocks, cost = 8
  Rank = 2: 8 MeshBlocks, cost = 8
  Rank = 3: 8 MeshBlocks, cost = 8
  Rank = 4: 9 MeshBlocks, cost = 9
  Rank = 5: 9 MeshBlocks, cost = 9
  Rank = 6: 9 MeshBlocks, cost = 9
  Rank = 7: 9 MeshBlocks, cost = 9
  Rank = 8: 9 MeshBlocks, cost = 9
  Rank = 9: 9 MeshBlocks, cost = 9
  Rank = 10: 9 MeshBlocks, cost = 9
  Rank = 11: 9 MeshBlocks, cost = 9
  Rank = 12: 9 MeshBlocks, cost = 9
  Rank = 13: 9 MeshBlocks, cost = 9
  Rank = 14: 9 MeshBlocks, cost = 9
  Rank = 15: 9 MeshBlocks, cost = 9
  Rank = 16: 9 MeshBlocks, cost = 9
  Rank = 17: 9 MeshBlocks, cost = 9
  Rank = 18: 9 MeshBlocks, cost = 9
  Rank = 19: 9 MeshBlocks, cost = 9
  Rank = 20: 9 MeshBlocks, cost = 9
  Rank = 21: 9 MeshBlocks, cost = 9
  Rank = 22: 9 MeshBlocks, cost = 9
  Rank = 23: 9 MeshBlocks, cost = 9
Load Balancing:
  Maximum normalized cost = 1.125, Average = 1.10417
AssembleZ4cTasks

Setup complete, executing task list(s)...

elapsed=4.707423e+00 cycle=13056 time=3.356362e+01 dt=2.359414e-03
elapsed=5.796482e+00 cycle=13060 time=3.357305e+01 dt=2.359172e-03
elapsed=7.463547e+00 cycle=13064 time=3.358249e+01 dt=2.358931e-03
elapsed=8.626090e+00 cycle=13068 time=3.359193e+01 dt=2.358690e-03
elapsed=1.019633e+01 cycle=13072 time=3.360136e+01 dt=2.358451e-03
elapsed=1.126817e+01 cycle=13076 time=3.361079e+01 dt=2.358213e-03
elapsed=1.304456e+01 cycle=13080 time=3.362023e+01 dt=2.357976e-03
elapsed=1.421159e+01 cycle=13084 time=3.362966e+01 dt=2.357740e-03
elapsed=1.592216e+01 cycle=13088 time=3.363909e+01 dt=2.357505e-03
elapsed=1.711338e+01 cycle=13092 time=3.364852e+01 dt=2.357271e-03
elapsed=1.968315e+01 cycle=13096 time=3.365795e+01 dt=2.357038e-03
elapsed=2.411611e+01 cycle=13100 time=3.366737e+01 dt=2.356806e-03
elapsed=2.626056e+01 cycle=13104 time=3.367680e+01 dt=2.356575e-03
elapsed=2.863477e+01 cycle=13108 time=3.368623e+01 dt=2.356345e-03
elapsed=3.044837e+01 cycle=13112 time=3.369565e+01 dt=2.356116e-03
elapsed=3.179699e+01 cycle=13116 time=3.370508e+01 dt=2.355888e-03
elapsed=3.357480e+01 cycle=13120 time=3.371450e+01 dt=2.355660e-03
elapsed=3.516588e+01 cycle=13124 time=3.372392e+01 dt=2.355435e-03
elapsed=3.606418e+01 cycle=13128 time=3.373334e+01 dt=2.355210e-03
elapsed=3.773384e+01 cycle=13132 time=3.374276e+01 dt=2.354986e-03
elapsed=3.943014e+01 cycle=13136 time=3.375218e+01 dt=2.354763e-03
elapsed=4.157394e+01 cycle=13140 time=3.376160e+01 dt=2.354541e-03
elapsed=4.246444e+01 cycle=13144 time=3.377102e+01 dt=2.354320e-03
elapsed=4.326569e+01 cycle=13148 time=3.378044e+01 dt=2.354100e-03
elapsed=4.549342e+01 cycle=13152 time=3.378985e+01 dt=2.353882e-03
elapsed=4.626055e+01 cycle=13156 time=3.379927e+01 dt=2.353664e-03
elapsed=5.238005e+01 cycle=13160 time=3.380868e+01 dt=2.353447e-03
elapsed=5.451722e+01 cycle=13164 time=3.381810e+01 dt=2.353232e-03
elapsed=6.380280e+01 cycle=13168 time=3.382751e+01 dt=2.353017e-03
elapsed=6.571475e+01 cycle=13172 time=3.383692e+01 dt=2.352804e-03
elapsed=6.888137e+01 cycle=13176 time=3.384633e+01 dt=2.352592e-03
elapsed=7.081752e+01 cycle=13180 time=3.385574e+01 dt=2.352380e-03
elapsed=7.535806e+01 cycle=13184 time=3.386515e+01 dt=2.352170e-03
elapsed=7.890269e+01 cycle=13188 time=3.387456e+01 dt=2.351961e-03
elapsed=8.090698e+01 cycle=13192 time=3.388397e+01 dt=2.351753e-03
elapsed=8.198330e+01 cycle=13196 time=3.389337e+01 dt=2.351546e-03
elapsed=8.371085e+01 cycle=13200 time=3.390278e+01 dt=2.351340e-03
elapsed=8.550771e+01 cycle=13204 time=3.391218e+01 dt=2.351136e-03
elapsed=8.696555e+01 cycle=13208 time=3.392159e+01 dt=2.350932e-03
elapsed=8.877232e+01 cycle=13212 time=3.393099e+01 dt=2.350730e-03
elapsed=9.056751e+01 cycle=13216 time=3.394039e+01 dt=2.350528e-03
elapsed=9.179542e+01 cycle=13220 time=3.394980e+01 dt=2.350328e-03
elapsed=9.262197e+01 cycle=13224 time=3.395920e+01 dt=2.350129e-03
elapsed=9.429226e+01 cycle=13228 time=3.396860e+01 dt=2.349931e-03
elapsed=9.637068e+01 cycle=13232 time=3.397800e+01 dt=2.349734e-03
elapsed=9.773997e+01 cycle=13236 time=3.398739e+01 dt=2.349538e-03
elapsed=9.934552e+01 cycle=13240 time=3.399679e+01 dt=2.349343e-03
elapsed=1.008750e+02 cycle=13244 time=3.400619e+01 dt=2.349150e-03
elapsed=1.020899e+02 cycle=13248 time=3.401559e+01 dt=2.348957e-03
elapsed=1.040120e+02 cycle=13252 time=3.402498e+01 dt=2.348766e-03
elapsed=1.062181e+02 cycle=13256 time=3.403438e+01 dt=2.348576e-03
elapsed=1.077201e+02 cycle=13260 time=3.404377e+01 dt=2.348387e-03
elapsed=1.095173e+02 cycle=13264 time=3.405316e+01 dt=2.348199e-03
elapsed=1.110463e+02 cycle=13268 time=3.406256e+01 dt=2.348013e-03
elapsed=1.129162e+02 cycle=13272 time=3.407195e+01 dt=2.347827e-03
elapsed=1.146545e+02 cycle=13276 time=3.408134e+01 dt=2.347643e-03
elapsed=1.164482e+02 cycle=13280 time=3.409073e+01 dt=2.347460e-03
elapsed=1.182018e+02 cycle=13284 time=3.410012e+01 dt=2.347278e-03
elapsed=1.194075e+02 cycle=13288 time=3.410951e+01 dt=2.347097e-03
elapsed=1.204939e+02 cycle=13292 time=3.411890e+01 dt=2.346917e-03
elapsed=1.274267e+02 cycle=13296 time=3.412828e+01 dt=2.346739e-03
elapsed=1.299655e+02 cycle=13300 time=3.413767e+01 dt=2.346561e-03
elapsed=1.316431e+02 cycle=13304 time=3.414706e+01 dt=2.346385e-03
elapsed=1.329852e+02 cycle=13308 time=3.415644e+01 dt=2.346210e-03
elapsed=1.349668e+02 cycle=13312 time=3.416583e+01 dt=2.346037e-03
elapsed=1.361740e+02 cycle=13316 time=3.417521e+01 dt=2.345864e-03
elapsed=1.370912e+02 cycle=13320 time=3.418459e+01 dt=2.345693e-03
elapsed=1.387795e+02 cycle=13324 time=3.419398e+01 dt=2.345523e-03
elapsed=1.397282e+02 cycle=13328 time=3.420336e+01 dt=2.345354e-03
elapsed=1.413478e+02 cycle=13332 time=3.421274e+01 dt=2.345187e-03
elapsed=1.428101e+02 cycle=13336 time=3.422212e+01 dt=2.345020e-03
elapsed=1.446290e+02 cycle=13340 time=3.423150e+01 dt=2.344855e-03
elapsed=1.456502e+02 cycle=13344 time=3.424088e+01 dt=2.344691e-03
elapsed=1.466486e+02 cycle=13348 time=3.425026e+01 dt=2.344529e-03
elapsed=1.489302e+02 cycle=13352 time=3.425963e+01 dt=2.344367e-03
elapsed=1.504482e+02 cycle=13356 time=3.426901e+01 dt=2.344207e-03
elapsed=1.590211e+02 cycle=13360 time=3.427839e+01 dt=2.344048e-03
elapsed=1.691064e+02 cycle=13364 time=3.428776e+01 dt=2.343891e-03
elapsed=1.724405e+02 cycle=13368 time=3.429714e+01 dt=2.343734e-03
elapsed=1.752923e+02 cycle=13372 time=3.430651e+01 dt=2.343579e-03
elapsed=1.775073e+02 cycle=13376 time=3.431589e+01 dt=2.343425e-03
elapsed=1.809260e+02 cycle=13380 time=3.432526e+01 dt=2.343273e-03
elapsed=1.843268e+02 cycle=13384 time=3.433463e+01 dt=2.343122e-03
elapsed=1.869532e+02 cycle=13388 time=3.434401e+01 dt=2.342972e-03
elapsed=1.888717e+02 cycle=13392 time=3.435338e+01 dt=2.342823e-03
elapsed=1.907079e+02 cycle=13396 time=3.436275e+01 dt=2.342676e-03
elapsed=1.920216e+02 cycle=13400 time=3.437212e+01 dt=2.342530e-03
elapsed=1.935152e+02 cycle=13404 time=3.438149e+01 dt=2.342385e-03
elapsed=1.947670e+02 cycle=13408 time=3.439086e+01 dt=2.342242e-03
elapsed=1.965572e+02 cycle=13412 time=3.440023e+01 dt=2.342099e-03
elapsed=1.976479e+02 cycle=13416 time=3.440960e+01 dt=2.341959e-03
elapsed=1.993107e+02 cycle=13420 time=3.441896e+01 dt=2.341819e-03
elapsed=2.009708e+02 cycle=13424 time=3.442833e+01 dt=2.341681e-03
elapsed=2.023188e+02 cycle=13428 time=3.443770e+01 dt=2.341544e-03
elapsed=2.039271e+02 cycle=13432 time=3.444706e+01 dt=2.341409e-03
elapsed=2.050779e+02 cycle=13436 time=3.445643e+01 dt=2.341275e-03
elapsed=2.064549e+02 cycle=13440 time=3.446579e+01 dt=2.341142e-03
elapsed=2.079303e+02 cycle=13444 time=3.447516e+01 dt=2.341011e-03
elapsed=2.098416e+02 cycle=13448 time=3.448452e+01 dt=2.340881e-03
elapsed=2.118309e+02 cycle=13452 time=3.449389e+01 dt=2.340752e-03
elapsed=2.162254e+02 cycle=13456 time=3.450325e+01 dt=2.340625e-03
elapsed=2.173752e+02 cycle=13460 time=3.451261e+01 dt=2.340499e-03
elapsed=2.185790e+02 cycle=13464 time=3.452197e+01 dt=2.340374e-03
elapsed=2.204981e+02 cycle=13468 time=3.453133e+01 dt=2.340251e-03
elapsed=2.223394e+02 cycle=13472 time=3.454069e+01 dt=2.340129e-03
elapsed=2.240091e+02 cycle=13476 time=3.455005e+01 dt=2.340009e-03
elapsed=2.249809e+02 cycle=13480 time=3.455941e+01 dt=2.339890e-03
elapsed=2.263183e+02 cycle=13484 time=3.456877e+01 dt=2.339773e-03
elapsed=2.310356e+02 cycle=13488 time=3.457813e+01 dt=2.339656e-03
elapsed=2.355300e+02 cycle=13492 time=3.458749e+01 dt=2.339542e-03
elapsed=2.375093e+02 cycle=13496 time=3.459685e+01 dt=2.339428e-03
elapsed=2.401502e+02 cycle=13500 time=3.460621e+01 dt=2.339317e-03
elapsed=2.451544e+02 cycle=13504 time=3.461556e+01 dt=2.339206e-03
elapsed=2.480719e+02 cycle=13508 time=3.462492e+01 dt=2.339097e-03
elapsed=2.497847e+02 cycle=13512 time=3.463428e+01 dt=2.338990e-03
elapsed=2.514842e+02 cycle=13516 time=3.464363e+01 dt=2.338884e-03
elapsed=2.533350e+02 cycle=13520 time=3.465299e+01 dt=2.338779e-03
elapsed=2.549447e+02 cycle=13524 time=3.466234e+01 dt=2.338676e-03
elapsed=2.566147e+02 cycle=13528 time=3.467170e+01 dt=2.338574e-03
elapsed=2.579202e+02 cycle=13532 time=3.468105e+01 dt=2.338474e-03
elapsed=2.593534e+02 cycle=13536 time=3.469041e+01 dt=2.338373e-03
elapsed=2.605485e+02 cycle=13540 time=3.469976e+01 dt=2.338272e-03
elapsed=2.620891e+02 cycle=13544 time=3.470911e+01 dt=2.338172e-03
elapsed=2.630068e+02 cycle=13548 time=3.471846e+01 dt=2.338074e-03
elapsed=2.646739e+02 cycle=13552 time=3.472782e+01 dt=2.337977e-03
elapsed=2.658273e+02 cycle=13556 time=3.473717e+01 dt=2.337882e-03
elapsed=2.674982e+02 cycle=13560 time=3.474652e+01 dt=2.337789e-03
elapsed=2.689817e+02 cycle=13564 time=3.475587e+01 dt=2.337696e-03
elapsed=2.705676e+02 cycle=13568 time=3.476522e+01 dt=2.337606e-03
elapsed=2.721899e+02 cycle=13572 time=3.477457e+01 dt=2.337517e-03
elapsed=2.787973e+02 cycle=13576 time=3.478392e+01 dt=2.337429e-03
elapsed=2.858238e+02 cycle=13580 time=3.479327e+01 dt=2.337343e-03
elapsed=2.884402e+02 cycle=13584 time=3.480262e+01 dt=2.337258e-03
elapsed=2.903464e+02 cycle=13588 time=3.481197e+01 dt=2.337175e-03
elapsed=2.917293e+02 cycle=13592 time=3.482132e+01 dt=2.337094e-03
elapsed=2.953769e+02 cycle=13596 time=3.483067e+01 dt=2.337014e-03
elapsed=3.000992e+02 cycle=13600 time=3.484001e+01 dt=2.336935e-03
elapsed=3.033441e+02 cycle=13604 time=3.484936e+01 dt=2.336859e-03
elapsed=3.051281e+02 cycle=13608 time=3.485871e+01 dt=2.336783e-03
elapsed=3.058901e+02 cycle=13612 time=3.486806e+01 dt=2.336709e-03
elapsed=3.070439e+02 cycle=13616 time=3.487740e+01 dt=2.336637e-03
elapsed=3.089664e+02 cycle=13620 time=3.488675e+01 dt=2.336567e-03
elapsed=3.106143e+02 cycle=13624 time=3.489610e+01 dt=2.336498e-03
elapsed=3.146760e+02 cycle=13628 time=3.490544e+01 dt=2.336430e-03
elapsed=3.168862e+02 cycle=13632 time=3.491479e+01 dt=2.336364e-03
elapsed=3.183644e+02 cycle=13636 time=3.492413e+01 dt=2.336300e-03
elapsed=3.192971e+02 cycle=13640 time=3.493348e+01 dt=2.336237e-03
elapsed=3.203447e+02 cycle=13644 time=3.494282e+01 dt=2.336176e-03
elapsed=3.222470e+02 cycle=13648 time=3.495217e+01 dt=2.336117e-03
elapsed=3.237101e+02 cycle=13652 time=3.496151e+01 dt=2.336059e-03
elapsed=3.249593e+02 cycle=13656 time=3.497086e+01 dt=2.336003e-03
elapsed=3.262344e+02 cycle=13660 time=3.498020e+01 dt=2.335948e-03
elapsed=3.282768e+02 cycle=13664 time=3.498954e+01 dt=2.335895e-03
elapsed=3.303114e+02 cycle=13668 time=3.499889e+01 dt=2.335844e-03
elapsed=3.366479e+02 cycle=13672 time=3.500823e+01 dt=2.335794e-03
elapsed=3.379250e+02 cycle=13676 time=3.501757e+01 dt=2.335746e-03
elapsed=3.393326e+02 cycle=13680 time=3.502692e+01 dt=2.335699e-03
elapsed=3.406001e+02 cycle=13684 time=3.503626e+01 dt=2.335655e-03
elapsed=3.415628e+02 cycle=13688 time=3.504560e+01 dt=2.335612e-03
elapsed=3.432502e+02 cycle=13692 time=3.505494e+01 dt=2.335570e-03
elapsed=3.489130e+02 cycle=13696 time=3.506429e+01 dt=2.335530e-03
elapsed=3.563751e+02 cycle=13700 time=3.507363e+01 dt=2.335492e-03
elapsed=3.585008e+02 cycle=13704 time=3.508297e+01 dt=2.335456e-03
elapsed=3.643709e+02 cycle=13708 time=3.509231e+01 dt=2.335421e-03
elapsed=3.699005e+02 cycle=13712 time=3.510165e+01 dt=2.335388e-03
elapsed=3.720056e+02 cycle=13716 time=3.511099e+01 dt=2.335357e-03
elapsed=3.738568e+02 cycle=13720 time=3.512034e+01 dt=2.335327e-03
elapsed=3.757419e+02 cycle=13724 time=3.512968e+01 dt=2.335299e-03
elapsed=3.776186e+02 cycle=13728 time=3.513902e+01 dt=2.335273e-03
elapsed=3.815950e+02 cycle=13732 time=3.514836e+01 dt=2.335249e-03
elapsed=3.874467e+02 cycle=13736 time=3.515770e+01 dt=2.335226e-03
elapsed=3.899068e+02 cycle=13740 time=3.516704e+01 dt=2.335205e-03
elapsed=3.919314e+02 cycle=13744 time=3.517638e+01 dt=2.335186e-03
elapsed=3.939463e+02 cycle=13748 time=3.518572e+01 dt=2.335169e-03
elapsed=3.960926e+02 cycle=13752 time=3.519506e+01 dt=2.335153e-03
elapsed=3.977623e+02 cycle=13756 time=3.520440e+01 dt=2.335139e-03
elapsed=3.991102e+02 cycle=13760 time=3.521374e+01 dt=2.335127e-03
elapsed=4.004660e+02 cycle=13764 time=3.522308e+01 dt=2.335116e-03
elapsed=4.022470e+02 cycle=13768 time=3.523243e+01 dt=2.335108e-03
elapsed=4.033432e+02 cycle=13772 time=3.524177e+01 dt=2.335101e-03
elapsed=4.043735e+02 cycle=13776 time=3.525111e+01 dt=2.335096e-03
elapsed=4.063838e+02 cycle=13780 time=3.526045e+01 dt=2.335093e-03
elapsed=4.082938e+02 cycle=13784 time=3.526979e+01 dt=2.335091e-03
elapsed=4.133506e+02 cycle=13788 time=3.527913e+01 dt=2.335091e-03
elapsed=4.221466e+02 cycle=13792 time=3.528847e+01 dt=2.335094e-03
elapsed=4.247535e+02 cycle=13796 time=3.529781e+01 dt=2.335098e-03
elapsed=4.280835e+02 cycle=13800 time=3.530715e+01 dt=2.335103e-03
elapsed=4.298837e+02 cycle=13804 time=3.531649e+01 dt=2.335111e-03
elapsed=4.357855e+02 cycle=13808 time=3.532583e+01 dt=2.335120e-03
elapsed=4.377083e+02 cycle=13812 time=3.533517e+01 dt=2.335132e-03
elapsed=4.392277e+02 cycle=13816 time=3.534451e+01 dt=2.335145e-03
elapsed=4.401229e+02 cycle=13820 time=3.535385e+01 dt=2.335160e-03
elapsed=4.415295e+02 cycle=13824 time=3.536319e+01 dt=2.335177e-03
elapsed=4.433540e+02 cycle=13828 time=3.537253e+01 dt=2.335195e-03
elapsed=4.447101e+02 cycle=13832 time=3.538187e+01 dt=2.335216e-03
elapsed=4.459537e+02 cycle=13836 time=3.539121e+01 dt=2.335238e-03
elapsed=4.478525e+02 cycle=13840 time=3.540055e+01 dt=2.335263e-03
elapsed=4.495406e+02 cycle=13844 time=3.540990e+01 dt=2.335289e-03
elapsed=4.507106e+02 cycle=13848 time=3.541924e+01 dt=2.335317e-03
elapsed=4.518561e+02 cycle=13852 time=3.542858e+01 dt=2.335347e-03
elapsed=4.532291e+02 cycle=13856 time=3.543792e+01 dt=2.335379e-03
elapsed=4.545218e+02 cycle=13860 time=3.544726e+01 dt=2.335413e-03
elapsed=4.559398e+02 cycle=13864 time=3.545660e+01 dt=2.335448e-03
elapsed=4.575243e+02 cycle=13868 time=3.546595e+01 dt=2.335486e-03
elapsed=4.594091e+02 cycle=13872 time=3.547529e+01 dt=2.335526e-03
elapsed=4.608411e+02 cycle=13876 time=3.548463e+01 dt=2.335567e-03
elapsed=4.620148e+02 cycle=13880 time=3.549397e+01 dt=2.335611e-03
elapsed=4.786099e+02 cycle=13884 time=3.550331e+01 dt=2.335656e-03
elapsed=4.832182e+02 cycle=13888 time=3.551266e+01 dt=2.335703e-03
elapsed=4.860018e+02 cycle=13892 time=3.552200e+01 dt=2.335752e-03
elapsed=4.879693e+02 cycle=13896 time=3.553134e+01 dt=2.335804e-03
elapsed=4.914940e+02 cycle=13900 time=3.554069e+01 dt=2.335857e-03
elapsed=4.933909e+02 cycle=13904 time=3.555003e+01 dt=2.335912e-03
elapsed=4.951968e+02 cycle=13908 time=3.555937e+01 dt=2.335969e-03
elapsed=4.965944e+02 cycle=13912 time=3.556872e+01 dt=2.336028e-03
elapsed=4.982444e+02 cycle=13916 time=3.557806e+01 dt=2.336089e-03
elapsed=4.997496e+02 cycle=13920 time=3.558741e+01 dt=2.336152e-03
elapsed=5.010371e+02 cycle=13924 time=3.559675e+01 dt=2.336217e-03
elapsed=5.022296e+02 cycle=13928 time=3.560610e+01 dt=2.336284e-03
elapsed=5.037705e+02 cycle=13932 time=3.561544e+01 dt=2.336353e-03
elapsed=5.047015e+02 cycle=13936 time=3.562479e+01 dt=2.336424e-03
elapsed=5.063511e+02 cycle=13940 time=3.563413e+01 dt=2.336497e-03
elapsed=5.072656e+02 cycle=13944 time=3.564348e+01 dt=2.336573e-03
elapsed=5.085832e+02 cycle=13948 time=3.565282e+01 dt=2.336650e-03
elapsed=5.104686e+02 cycle=13952 time=3.566217e+01 dt=2.336729e-03
elapsed=5.122587e+02 cycle=13956 time=3.567152e+01 dt=2.336810e-03
elapsed=5.227585e+02 cycle=13960 time=3.568087e+01 dt=2.336893e-03
elapsed=5.268242e+02 cycle=13964 time=3.569021e+01 dt=2.336978e-03
elapsed=5.285750e+02 cycle=13968 time=3.569956e+01 dt=2.337065e-03
elapsed=5.298986e+02 cycle=13972 time=3.570891e+01 dt=2.337154e-03
elapsed=5.392197e+02 cycle=13976 time=3.571826e+01 dt=2.337246e-03
elapsed=5.417356e+02 cycle=13980 time=3.572761e+01 dt=2.337339e-03
elapsed=5.434122e+02 cycle=13984 time=3.573696e+01 dt=2.337434e-03
elapsed=5.447534e+02 cycle=13988 time=3.574631e+01 dt=2.337532e-03
elapsed=5.464131e+02 cycle=13992 time=3.575566e+01 dt=2.337627e-03
elapsed=5.480651e+02 cycle=13996 time=3.576501e+01 dt=2.337722e-03
elapsed=5.496321e+02 cycle=14000 time=3.577436e+01 dt=2.337820e-03
elapsed=5.513638e+02 cycle=14004 time=3.578371e+01 dt=2.337920e-03
elapsed=5.525506e+02 cycle=14008 time=3.579306e+01 dt=2.338023e-03
elapsed=5.535646e+02 cycle=14012 time=3.580241e+01 dt=2.338127e-03
elapsed=5.550017e+02 cycle=14016 time=3.581177e+01 dt=2.338233e-03
elapsed=5.563409e+02 cycle=14020 time=3.582112e+01 dt=2.338341e-03
elapsed=5.575077e+02 cycle=14024 time=3.583047e+01 dt=2.338451e-03
elapsed=5.587824e+02 cycle=14028 time=3.583983e+01 dt=2.338564e-03
elapsed=5.598009e+02 cycle=14032 time=3.584918e+01 dt=2.338678e-03
elapsed=5.616337e+02 cycle=14036 time=3.585854e+01 dt=2.338795e-03
elapsed=5.628308e+02 cycle=14040 time=3.586789e+01 dt=2.338913e-03
elapsed=5.646410e+02 cycle=14044 time=3.587725e+01 dt=2.339034e-03
elapsed=5.658581e+02 cycle=14048 time=3.588660e+01 dt=2.339157e-03
elapsed=5.668722e+02 cycle=14052 time=3.589596e+01 dt=2.339282e-03
elapsed=5.682646e+02 cycle=14056 time=3.590532e+01 dt=2.339409e-03
elapsed=5.696112e+02 cycle=14060 time=3.591468e+01 dt=2.339538e-03
elapsed=5.706190e+02 cycle=14064 time=3.592404e+01 dt=2.339669e-03
elapsed=5.722465e+02 cycle=14068 time=3.593339e+01 dt=2.339802e-03
elapsed=5.734610e+02 cycle=14072 time=3.594275e+01 dt=2.339937e-03
elapsed=5.748393e+02 cycle=14076 time=3.595211e+01 dt=2.340075e-03
elapsed=5.761322e+02 cycle=14080 time=3.596147e+01 dt=2.340214e-03
elapsed=5.781977e+02 cycle=14084 time=3.597083e+01 dt=2.340356e-03
elapsed=5.801527e+02 cycle=14088 time=3.598020e+01 dt=2.340500e-03
elapsed=5.822608e+02 cycle=14092 time=3.598956e+01 dt=2.340646e-03
elapsed=5.837966e+02 cycle=14096 time=3.599892e+01 dt=2.340794e-03
elapsed=6.023521e+02 cycle=14100 time=3.600828e+01 dt=2.340944e-03
elapsed=6.031397e+02 cycle=14104 time=3.601765e+01 dt=2.341096e-03
elapsed=6.039371e+02 cycle=14108 time=3.602701e+01 dt=2.341250e-03
elapsed=6.046722e+02 cycle=14112 time=3.603638e+01 dt=2.341407e-03
elapsed=6.056455e+02 cycle=14116 time=3.604574e+01 dt=2.341566e-03
elapsed=6.067816e+02 cycle=14120 time=3.605511e+01 dt=2.341726e-03
elapsed=6.075141e+02 cycle=14124 time=3.606448e+01 dt=2.341889e-03
elapsed=6.093267e+02 cycle=14128 time=3.607385e+01 dt=2.342054e-03
elapsed=6.109955e+02 cycle=14132 time=3.608321e+01 dt=2.342221e-03
elapsed=6.128269e+02 cycle=14136 time=3.609258e+01 dt=2.342391e-03
elapsed=6.147939e+02 cycle=14140 time=3.610195e+01 dt=2.342562e-03
elapsed=6.166458e+02 cycle=14144 time=3.611132e+01 dt=2.342736e-03
elapsed=6.180338e+02 cycle=14148 time=3.612070e+01 dt=2.342912e-03
elapsed=6.191086e+02 cycle=14152 time=3.613007e+01 dt=2.343089e-03
elapsed=6.209585e+02 cycle=14156 time=3.613944e+01 dt=2.343269e-03
elapsed=6.219856e+02 cycle=14160 time=3.614881e+01 dt=2.343452e-03
elapsed=6.229858e+02 cycle=14164 time=3.615819e+01 dt=2.343636e-03
elapsed=6.247321e+02 cycle=14168 time=3.616756e+01 dt=2.343822e-03
elapsed=6.261734e+02 cycle=14172 time=3.617694e+01 dt=2.344011e-03
elapsed=6.278337e+02 cycle=14176 time=3.618631e+01 dt=2.344202e-03
elapsed=6.293889e+02 cycle=14180 time=3.619569e+01 dt=2.344395e-03
elapsed=6.303619e+02 cycle=14184 time=3.620507e+01 dt=2.344590e-03
elapsed=6.314864e+02 cycle=14188 time=3.621445e+01 dt=2.344787e-03
elapsed=6.332449e+02 cycle=14192 time=3.622383e+01 dt=2.344987e-03
elapsed=6.341428e+02 cycle=14196 time=3.623321e+01 dt=2.345188e-03
elapsed=6.355469e+02 cycle=14200 time=3.624259e+01 dt=2.345392e-03
elapsed=6.380453e+02 cycle=14204 time=3.625197e+01 dt=2.345598e-03
elapsed=6.410208e+02 cycle=14208 time=3.626135e+01 dt=2.345806e-03
elapsed=6.458893e+02 cycle=14212 time=3.627074e+01 dt=2.346017e-03
elapsed=6.505578e+02 cycle=14216 time=3.628012e+01 dt=2.346229e-03
elapsed=6.537423e+02 cycle=14220 time=3.628951e+01 dt=2.346444e-03
elapsed=6.560694e+02 cycle=14224 time=3.629889e+01 dt=2.346661e-03
elapsed=6.580295e+02 cycle=14228 time=3.630828e+01 dt=2.346880e-03
elapsed=6.599284e+02 cycle=14232 time=3.631767e+01 dt=2.347101e-03
elapsed=6.619583e+02 cycle=14236 time=3.632706e+01 dt=2.347325e-03
elapsed=6.641490e+02 cycle=14240 time=3.633645e+01 dt=2.347551e-03
elapsed=6.659260e+02 cycle=14244 time=3.634584e+01 dt=2.347778e-03
elapsed=6.675392e+02 cycle=14248 time=3.635523e+01 dt=2.348009e-03
elapsed=6.692725e+02 cycle=14252 time=3.636462e+01 dt=2.348241e-03
elapsed=6.708285e+02 cycle=14256 time=3.637401e+01 dt=2.348475e-03
elapsed=6.729005e+02 cycle=14260 time=3.638341e+01 dt=2.348712e-03
elapsed=6.743592e+02 cycle=14264 time=3.639280e+01 dt=2.348951e-03
elapsed=6.754381e+02 cycle=14268 time=3.640220e+01 dt=2.349192e-03
elapsed=6.763704e+02 cycle=14272 time=3.641160e+01 dt=2.349436e-03
elapsed=6.780023e+02 cycle=14276 time=3.642099e+01 dt=2.349681e-03
elapsed=6.793276e+02 cycle=14280 time=3.643039e+01 dt=2.349929e-03
elapsed=6.809076e+02 cycle=14284 time=3.643979e+01 dt=2.350179e-03
elapsed=6.821998e+02 cycle=14288 time=3.644919e+01 dt=2.350431e-03
elapsed=6.837920e+02 cycle=14292 time=3.645860e+01 dt=2.350686e-03
elapsed=6.847809e+02 cycle=14296 time=3.646800e+01 dt=2.350943e-03
elapsed=6.858721e+02 cycle=14300 time=3.647740e+01 dt=2.351202e-03
elapsed=6.876176e+02 cycle=14304 time=3.648681e+01 dt=2.351463e-03
elapsed=6.887003e+02 cycle=14308 time=3.649622e+01 dt=2.351726e-03
elapsed=6.921528e+02 cycle=14312 time=3.650562e+01 dt=2.351992e-03
elapsed=6.932735e+02 cycle=14316 time=3.651503e+01 dt=2.352260e-03
elapsed=6.948286e+02 cycle=14320 time=3.652444e+01 dt=2.352530e-03
elapsed=6.962717e+02 cycle=14324 time=3.653385e+01 dt=2.352803e-03
elapsed=6.981753e+02 cycle=14328 time=3.654326e+01 dt=2.353077e-03
elapsed=7.016379e+02 cycle=14332 time=3.655268e+01 dt=2.353354e-03
elapsed=7.037866e+02 cycle=14336 time=3.656209e+01 dt=2.353634e-03
elapsed=7.099877e+02 cycle=14340 time=3.657150e+01 dt=2.353915e-03
elapsed=7.160603e+02 cycle=14344 time=3.658092e+01 dt=2.354193e-03
elapsed=7.171816e+02 cycle=14348 time=3.659034e+01 dt=2.354473e-03
elapsed=7.179673e+02 cycle=14352 time=3.659976e+01 dt=2.354755e-03
elapsed=7.202870e+02 cycle=14356 time=3.660917e+01 dt=2.355039e-03
elapsed=7.307696e+02 cycle=14360 time=3.661860e+01 dt=2.355325e-03
elapsed=7.336330e+02 cycle=14364 time=3.662802e+01 dt=2.355614e-03
elapsed=7.372201e+02 cycle=14368 time=3.663744e+01 dt=2.355905e-03
elapsed=7.456032e+02 cycle=14372 time=3.664686e+01 dt=2.356198e-03
elapsed=7.474277e+02 cycle=14376 time=3.665629e+01 dt=2.356493e-03
elapsed=7.487849e+02 cycle=14380 time=3.666572e+01 dt=2.356791e-03
elapsed=7.504859e+02 cycle=14384 time=3.667514e+01 dt=2.357091e-03
elapsed=7.522110e+02 cycle=14388 time=3.668457e+01 dt=2.357393e-03
elapsed=7.534573e+02 cycle=14392 time=3.669400e+01 dt=2.357697e-03
elapsed=7.544776e+02 cycle=14396 time=3.670343e+01 dt=2.358004e-03
elapsed=7.554778e+02 cycle=14400 time=3.671287e+01 dt=2.358313e-03
elapsed=7.571835e+02 cycle=14404 time=3.672230e+01 dt=2.358624e-03
elapsed=7.585758e+02 cycle=14408 time=3.673173e+01 dt=2.358938e-03
elapsed=7.598009e+02 cycle=14412 time=3.674117e+01 dt=2.359253e-03
elapsed=7.615991e+02 cycle=14416 time=3.675061e+01 dt=2.359571e-03
elapsed=7.628332e+02 cycle=14420 time=3.676005e+01 dt=2.359892e-03
elapsed=7.642366e+02 cycle=14424 time=3.676949e+01 dt=2.360214e-03
elapsed=7.661357e+02 cycle=14428 time=3.677893e+01 dt=2.360539e-03
elapsed=7.680064e+02 cycle=14432 time=3.678837e+01 dt=2.360866e-03
elapsed=7.725531e+02 cycle=14436 time=3.679782e+01 dt=2.361196e-03
elapsed=7.807521e+02 cycle=14440 time=3.680726e+01 dt=2.361527e-03
elapsed=7.836577e+02 cycle=14444 time=3.681671e+01 dt=2.361861e-03
elapsed=7.865324e+02 cycle=14448 time=3.682615e+01 dt=2.362197e-03
elapsed=7.882796e+02 cycle=14452 time=3.683560e+01 dt=2.362536e-03
elapsed=7.901148e+02 cycle=14456 time=3.684505e+01 dt=2.362877e-03
elapsed=7.948355e+02 cycle=14460 time=3.685451e+01 dt=2.363220e-03
elapsed=7.967889e+02 cycle=14464 time=3.686396e+01 dt=2.363565e-03
elapsed=7.986351e+02 cycle=14468 time=3.687342e+01 dt=2.363913e-03
elapsed=8.004434e+02 cycle=14472 time=3.688287e+01 dt=2.364262e-03
elapsed=8.019177e+02 cycle=14476 time=3.689233e+01 dt=2.364614e-03
elapsed=8.032024e+02 cycle=14480 time=3.690179e+01 dt=2.364969e-03
elapsed=8.050656e+02 cycle=14484 time=3.691125e+01 dt=2.365325e-03
elapsed=8.062403e+02 cycle=14488 time=3.692071e+01 dt=2.365684e-03
elapsed=8.070732e+02 cycle=14492 time=3.693017e+01 dt=2.366046e-03
elapsed=8.081013e+02 cycle=14496 time=3.693964e+01 dt=2.366409e-03
elapsed=8.099677e+02 cycle=14500 time=3.694910e+01 dt=2.366775e-03
elapsed=8.112059e+02 cycle=14504 time=3.695857e+01 dt=2.367143e-03
elapsed=8.120765e+02 cycle=14508 time=3.696804e+01 dt=2.367513e-03
elapsed=8.137857e+02 cycle=14512 time=3.697751e+01 dt=2.367885e-03
elapsed=8.150733e+02 cycle=14516 time=3.698698e+01 dt=2.368260e-03
elapsed=8.171980e+02 cycle=14520 time=3.699646e+01 dt=2.368637e-03
elapsed=8.215545e+02 cycle=14524 time=3.700593e+01 dt=2.369016e-03
elapsed=8.229711e+02 cycle=14528 time=3.701541e+01 dt=2.369398e-03
elapsed=8.244618e+02 cycle=14532 time=3.702489e+01 dt=2.369782e-03
elapsed=8.259297e+02 cycle=14536 time=3.703437e+01 dt=2.370168e-03
elapsed=8.270692e+02 cycle=14540 time=3.704385e+01 dt=2.370556e-03
elapsed=8.280158e+02 cycle=14544 time=3.705333e+01 dt=2.370947e-03
elapsed=8.320407e+02 cycle=14548 time=3.706282e+01 dt=2.371339e-03
elapsed=8.403028e+02 cycle=14552 time=3.707230e+01 dt=2.371734e-03
elapsed=8.523366e+02 cycle=14556 time=3.708179e+01 dt=2.372132e-03
elapsed=8.546543e+02 cycle=14560 time=3.709128e+01 dt=2.372531e-03
elapsed=8.573849e+02 cycle=14564 time=3.710077e+01 dt=2.372933e-03
elapsed=8.590606e+02 cycle=14568 time=3.711026e+01 dt=2.373337e-03
elapsed=8.605625e+02 cycle=14572 time=3.711976e+01 dt=2.373743e-03
elapsed=8.616388e+02 cycle=14576 time=3.712925e+01 dt=2.374152e-03
elapsed=8.630892e+02 cycle=14580 time=3.713875e+01 dt=2.374562e-03
elapsed=8.639821e+02 cycle=14584 time=3.714825e+01 dt=2.374975e-03
elapsed=8.648952e+02 cycle=14588 time=3.715775e+01 dt=2.375390e-03
elapsed=8.657968e+02 cycle=14592 time=3.716725e+01 dt=2.375808e-03
elapsed=8.666962e+02 cycle=14596 time=3.717675e+01 dt=2.376227e-03
elapsed=8.677200e+02 cycle=14600 time=3.718626e+01 dt=2.376649e-03
elapsed=8.687458e+02 cycle=14604 time=3.719577e+01 dt=2.377073e-03
elapsed=8.695913e+02 cycle=14608 time=3.720527e+01 dt=2.377499e-03
elapsed=8.702735e+02 cycle=14612 time=3.721479e+01 dt=2.377927e-03
elapsed=8.711564e+02 cycle=14616 time=3.722430e+01 dt=2.378358e-03
elapsed=8.719844e+02 cycle=14620 time=3.723381e+01 dt=2.378790e-03
elapsed=8.730311e+02 cycle=14624 time=3.724333e+01 dt=2.379225e-03
elapsed=8.738292e+02 cycle=14628 time=3.725285e+01 dt=2.379662e-03
elapsed=8.745134e+02 cycle=14632 time=3.726236e+01 dt=2.380102e-03
elapsed=8.751903e+02 cycle=14636 time=3.727189e+01 dt=2.380543e-03
elapsed=8.758760e+02 cycle=14640 time=3.728141e+01 dt=2.380987e-03
elapsed=8.765545e+02 cycle=14644 time=3.729093e+01 dt=2.381432e-03
elapsed=8.776393e+02 cycle=14648 time=3.730046e+01 dt=2.381880e-03
elapsed=8.789740e+02 cycle=14652 time=3.730999e+01 dt=2.382330e-03
elapsed=8.798746e+02 cycle=14656 time=3.731952e+01 dt=2.382782e-03
elapsed=8.807927e+02 cycle=14660 time=3.732905e+01 dt=2.383237e-03
elapsed=8.816087e+02 cycle=14664 time=3.733858e+01 dt=2.383693e-03
elapsed=8.825614e+02 cycle=14668 time=3.734812e+01 dt=2.384145e-03
elapsed=8.838299e+02 cycle=14672 time=3.735766e+01 dt=2.384600e-03
elapsed=8.848086e+02 cycle=14676 time=3.736720e+01 dt=2.385056e-03
elapsed=8.858355e+02 cycle=14680 time=3.737674e+01 dt=2.385515e-03
elapsed=8.868265e+02 cycle=14684 time=3.738628e+01 dt=2.385976e-03
elapsed=8.876997e+02 cycle=14688 time=3.739582e+01 dt=2.386439e-03
elapsed=8.891132e+02 cycle=14692 time=3.740537e+01 dt=2.386904e-03
elapsed=8.898697e+02 cycle=14696 time=3.741492e+01 dt=2.387371e-03
elapsed=8.908591e+02 cycle=14700 time=3.742447e+01 dt=2.387840e-03
elapsed=8.916982e+02 cycle=14704 time=3.743402e+01 dt=2.388311e-03
elapsed=8.926992e+02 cycle=14708 time=3.744357e+01 dt=2.388784e-03
elapsed=8.936749e+02 cycle=14712 time=3.745313e+01 dt=2.389260e-03
elapsed=8.948405e+02 cycle=14716 time=3.746269e+01 dt=2.389737e-03
elapsed=8.957501e+02 cycle=14720 time=3.747225e+01 dt=2.390216e-03
elapsed=8.966565e+02 cycle=14724 time=3.748181e+01 dt=2.390698e-03
elapsed=8.983866e+02 cycle=14728 time=3.749137e+01 dt=2.391181e-03
elapsed=9.208552e+02 cycle=14732 time=3.750094e+01 dt=2.391667e-03
elapsed=9.225672e+02 cycle=14736 time=3.751051e+01 dt=2.392154e-03
elapsed=9.241749e+02 cycle=14740 time=3.752007e+01 dt=2.392644e-03
elapsed=9.327110e+02 cycle=14744 time=3.752965e+01 dt=2.393135e-03
elapsed=9.348608e+02 cycle=14748 time=3.753922e+01 dt=2.393629e-03
elapsed=9.365568e+02 cycle=14752 time=3.754879e+01 dt=2.394124e-03
elapsed=9.385882e+02 cycle=14756 time=3.755837e+01 dt=2.394621e-03
elapsed=9.401886e+02 cycle=14760 time=3.756795e+01 dt=2.395121e-03
elapsed=9.414300e+02 cycle=14764 time=3.757753e+01 dt=2.395622e-03
elapsed=9.427083e+02 cycle=14768 time=3.758712e+01 dt=2.396125e-03
elapsed=9.436997e+02 cycle=14772 time=3.759670e+01 dt=2.396630e-03
elapsed=9.444385e+02 cycle=14776 time=3.760629e+01 dt=2.397137e-03
elapsed=9.451368e+02 cycle=14780 time=3.761588e+01 dt=2.397646e-03
elapsed=9.462197e+02 cycle=14784 time=3.762547e+01 dt=2.398156e-03
elapsed=9.469340e+02 cycle=14788 time=3.763506e+01 dt=2.398669e-03
elapsed=9.478372e+02 cycle=14792 time=3.764466e+01 dt=2.399183e-03
elapsed=9.488878e+02 cycle=14796 time=3.765426e+01 dt=2.399699e-03
elapsed=9.501312e+02 cycle=14800 time=3.766385e+01 dt=2.400218e-03
elapsed=9.513147e+02 cycle=14804 time=3.767346e+01 dt=2.400737e-03
elapsed=9.522994e+02 cycle=14808 time=3.768306e+01 dt=2.401259e-03
elapsed=9.532092e+02 cycle=14812 time=3.769267e+01 dt=2.401782e-03
elapsed=9.541111e+02 cycle=14816 time=3.770227e+01 dt=2.402308e-03
elapsed=9.550531e+02 cycle=14820 time=3.771188e+01 dt=2.402835e-03
elapsed=9.561013e+02 cycle=14824 time=3.772150e+01 dt=2.403363e-03
elapsed=9.572190e+02 cycle=14828 time=3.773111e+01 dt=2.403894e-03
elapsed=9.580439e+02 cycle=14832 time=3.774073e+01 dt=2.404426e-03
elapsed=9.591707e+02 cycle=14836 time=3.775035e+01 dt=2.404959e-03
elapsed=9.600261e+02 cycle=14840 time=3.775997e+01 dt=2.405495e-03
elapsed=9.612938e+02 cycle=14844 time=3.776959e+01 dt=2.406032e-03
elapsed=9.624367e+02 cycle=14848 time=3.777921e+01 dt=2.406571e-03
elapsed=9.633551e+02 cycle=14852 time=3.778884e+01 dt=2.407111e-03
elapsed=9.642971e+02 cycle=14856 time=3.779847e+01 dt=2.407653e-03
elapsed=9.653356e+02 cycle=14860 time=3.780810e+01 dt=2.408196e-03
elapsed=9.665218e+02 cycle=14864 time=3.781773e+01 dt=2.408741e-03
elapsed=9.678070e+02 cycle=14868 time=3.782737e+01 dt=2.409288e-03
elapsed=9.743104e+02 cycle=14872 time=3.783701e+01 dt=2.409836e-03
elapsed=9.817639e+02 cycle=14876 time=3.784665e+01 dt=2.410386e-03
elapsed=9.840015e+02 cycle=14880 time=3.785629e+01 dt=2.410937e-03
elapsed=9.873412e+02 cycle=14884 time=3.786594e+01 dt=2.411489e-03
elapsed=9.957084e+02 cycle=14888 time=3.787558e+01 dt=2.412043e-03
elapsed=9.975988e+02 cycle=14892 time=3.788523e+01 dt=2.412598e-03
elapsed=9.992362e+02 cycle=14896 time=3.789488e+01 dt=2.413155e-03
elapsed=1.000537e+03 cycle=14900 time=3.790454e+01 dt=2.413713e-03
elapsed=1.001551e+03 cycle=14904 time=3.791419e+01 dt=2.414273e-03
elapsed=1.003083e+03 cycle=14908 time=3.792385e+01 dt=2.414834e-03
elapsed=1.007414e+03 cycle=14912 time=3.793351e+01 dt=2.415396e-03
elapsed=1.010255e+03 cycle=14916 time=3.794317e+01 dt=2.415959e-03
elapsed=1.012177e+03 cycle=14920 time=3.795284e+01 dt=2.416524e-03
elapsed=1.013942e+03 cycle=14924 time=3.796250e+01 dt=2.417090e-03
elapsed=1.015680e+03 cycle=14928 time=3.797217e+01 dt=2.417657e-03
elapsed=1.017916e+03 cycle=14932 time=3.798184e+01 dt=2.418225e-03
elapsed=1.020071e+03 cycle=14936 time=3.799152e+01 dt=2.418794e-03
elapsed=1.038014e+03 cycle=14940 time=3.800119e+01 dt=2.419365e-03
elapsed=1.042277e+03 cycle=14944 time=3.801087e+01 dt=2.419936e-03
elapsed=1.046619e+03 cycle=14948 time=3.802055e+01 dt=2.420509e-03
elapsed=1.050563e+03 cycle=14952 time=3.803024e+01 dt=2.421083e-03
elapsed=1.052196e+03 cycle=14956 time=3.803992e+01 dt=2.421657e-03
elapsed=1.054333e+03 cycle=14960 time=3.804961e+01 dt=2.422233e-03
elapsed=1.055879e+03 cycle=14964 time=3.805930e+01 dt=2.422810e-03
elapsed=1.057596e+03 cycle=14968 time=3.806899e+01 dt=2.423387e-03
elapsed=1.059397e+03 cycle=14972 time=3.807869e+01 dt=2.423966e-03
elapsed=1.060606e+03 cycle=14976 time=3.808838e+01 dt=2.424545e-03
elapsed=1.062060e+03 cycle=14980 time=3.809808e+01 dt=2.425125e-03
elapsed=1.063723e+03 cycle=14984 time=3.810778e+01 dt=2.425706e-03
elapsed=1.065355e+03 cycle=14988 time=3.811749e+01 dt=2.426287e-03
elapsed=1.067054e+03 cycle=14992 time=3.812719e+01 dt=2.426870e-03
elapsed=1.068888e+03 cycle=14996 time=3.813690e+01 dt=2.427453e-03
elapsed=1.069924e+03 cycle=15000 time=3.814661e+01 dt=2.428036e-03
elapsed=1.071779e+03 cycle=15004 time=3.815632e+01 dt=2.428621e-03
elapsed=1.073601e+03 cycle=15008 time=3.816604e+01 dt=2.429205e-03
elapsed=1.075473e+03 cycle=15012 time=3.817576e+01 dt=2.429791e-03
elapsed=1.077163e+03 cycle=15016 time=3.818548e+01 dt=2.430377e-03
elapsed=1.078325e+03 cycle=15020 time=3.819520e+01 dt=2.430963e-03
elapsed=1.081407e+03 cycle=15024 time=3.820492e+01 dt=2.431550e-03
elapsed=1.084093e+03 cycle=15028 time=3.821465e+01 dt=2.432137e-03
elapsed=1.086113e+03 cycle=15032 time=3.822438e+01 dt=2.432724e-03
elapsed=1.087831e+03 cycle=15036 time=3.823411e+01 dt=2.433312e-03
elapsed=1.089053e+03 cycle=15040 time=3.824385e+01 dt=2.433900e-03
elapsed=1.091170e+03 cycle=15044 time=3.825358e+01 dt=2.434488e-03
elapsed=1.098056e+03 cycle=15048 time=3.826332e+01 dt=2.435077e-03
elapsed=1.106623e+03 cycle=15052 time=3.827306e+01 dt=2.435665e-03
elapsed=1.108611e+03 cycle=15056 time=3.828281e+01 dt=2.436254e-03
elapsed=1.111756e+03 cycle=15060 time=3.829255e+01 dt=2.436843e-03
elapsed=1.113676e+03 cycle=15064 time=3.830230e+01 dt=2.437431e-03
elapsed=1.115252e+03 cycle=15068 time=3.831205e+01 dt=2.438020e-03
elapsed=1.116809e+03 cycle=15072 time=3.832180e+01 dt=2.438608e-03
elapsed=1.118319e+03 cycle=15076 time=3.833156e+01 dt=2.439197e-03
elapsed=1.119623e+03 cycle=15080 time=3.834132e+01 dt=2.439785e-03
elapsed=1.120986e+03 cycle=15084 time=3.835108e+01 dt=2.440373e-03
elapsed=1.122181e+03 cycle=15088 time=3.836084e+01 dt=2.440960e-03
elapsed=1.123950e+03 cycle=15092 time=3.837060e+01 dt=2.441548e-03
elapsed=1.125176e+03 cycle=15096 time=3.838037e+01 dt=2.442134e-03
elapsed=1.126822e+03 cycle=15100 time=3.839014e+01 dt=2.442721e-03
elapsed=1.127999e+03 cycle=15104 time=3.839991e+01 dt=2.443307e-03
elapsed=1.138358e+03 cycle=15108 time=3.840969e+01 dt=2.443892e-03
elapsed=1.141650e+03 cycle=15112 time=3.841946e+01 dt=2.444476e-03
elapsed=1.143695e+03 cycle=15116 time=3.842924e+01 dt=2.445060e-03
elapsed=1.149325e+03 cycle=15120 time=3.843902e+01 dt=2.445644e-03
elapsed=1.152192e+03 cycle=15124 time=3.844881e+01 dt=2.446226e-03
elapsed=1.154074e+03 cycle=15128 time=3.845859e+01 dt=2.446808e-03
elapsed=1.155684e+03 cycle=15132 time=3.846838e+01 dt=2.447388e-03
elapsed=1.158934e+03 cycle=15136 time=3.847817e+01 dt=2.447968e-03
elapsed=1.159878e+03 cycle=15140 time=3.848796e+01 dt=2.448546e-03
elapsed=1.161030e+03 cycle=15144 time=3.849776e+01 dt=2.449124e-03
elapsed=1.171889e+03 cycle=15148 time=3.850756e+01 dt=2.449700e-03
elapsed=1.173776e+03 cycle=15152 time=3.851736e+01 dt=2.450275e-03
elapsed=1.175648e+03 cycle=15156 time=3.852716e+01 dt=2.450849e-03
elapsed=1.177525e+03 cycle=15160 time=3.853696e+01 dt=2.451422e-03
elapsed=1.179262e+03 cycle=15164 time=3.854677e+01 dt=2.451993e-03
elapsed=1.180588e+03 cycle=15168 time=3.855658e+01 dt=2.452562e-03
elapsed=1.181577e+03 cycle=15172 time=3.856639e+01 dt=2.453130e-03
elapsed=1.186164e+03 cycle=15176 time=3.857620e+01 dt=2.453697e-03
elapsed=1.190103e+03 cycle=15180 time=3.858602e+01 dt=2.454261e-03
elapsed=1.191988e+03 cycle=15184 time=3.859584e+01 dt=2.454824e-03
elapsed=1.193448e+03 cycle=15188 time=3.860566e+01 dt=2.455385e-03
elapsed=1.195292e+03 cycle=15192 time=3.861548e+01 dt=2.455944e-03
elapsed=1.196771e+03 cycle=15196 time=3.862530e+01 dt=2.456501e-03
elapsed=1.198035e+03 cycle=15200 time=3.863513e+01 dt=2.457056e-03
elapsed=1.199083e+03 cycle=15204 time=3.864496e+01 dt=2.457609e-03
output wall time = 1.618257e+02

Terminating on wall clock limit
time=3.865233e+01 cycle=15207
tlim=4.500000e+01 nlim=-1 nmb_total_limit=-1

Current number of MeshBlocks = 212
0 MeshBlocks created, 0 deleted by AMR
0 communicated for load balancing, load balancing efficiency = 1.282209e-01

MeshBlock-cycles = 456436
cpu time used  = 1.199422e+03
zone-cycles/cpu_second = 1.558719e+06
particle-updates/cpu_second = 0.000000e+00
AssembleZ4cTasks
AssembleZ4cTasks
AssembleZ4cTasks
AssembleZ4cTasks
AssembleZ4cTasks
AssembleZ4cTasks
AssembleZ4cTasks
AssembleZ4cTasks
AssembleZ4cTasks
AssembleZ4cTasks
AssembleZ4cTasks
AssembleZ4cTasks
AssembleZ4cTasks
AssembleZ4cTasks
AssembleZ4cTasks
AssembleZ4cTasks
AssembleZ4cTasks
AssembleZ4cTasks
AssembleZ4cTasks
AssembleZ4cTasks
AssembleZ4cTasks
AssembleZ4cTasks
AssembleZ4cTasks
