
Root grid = 6 x 6 x 6 MeshBlocks
Total number of MeshBlocks = 216
Number of logical  levels of refinement = 3 (4 levels total)
Number of physical levels of refinement = 0 (1 levels total)
Number of parallel ranks = 12
  Rank = 0: 18 MeshBlocks, cost = 18
  Rank = 1: 18 MeshBlocks, cost = 18
  Rank = 2: 18 MeshBlocks, cost = 18
  Rank = 3: 18 MeshBlocks, cost = 18
  Rank = 4: 18 MeshBlocks, cost = 18
  Rank = 5: 18 MeshBlocks, cost = 18
  Rank = 6: 18 MeshBlocks, cost = 18
  Rank = 7: 18 MeshBlocks, cost = 18
  Rank = 8: 18 MeshBlocks, cost = 18
  Rank = 9: 18 MeshBlocks, cost = 18
  Rank = 10: 18 MeshBlocks, cost = 18
  Rank = 11: 18 MeshBlocks, cost = 18
Load Balancing:
  Maximum normalized cost = 1, Average = 1
ref_gh reference allocation backend=analytic_radial_q generic_bytes=0 analytic_static_components=12 analytic_stage_components=8 analytic_static_bytes=23887872 analytic_stage_bytes=15925248
reference-GH puncture minimum cell-center radius = 0.0360844
reference-GH stationary initial RHS Linf = 6.237e-13, component=10, radius=0.14878, coordinate reference Ricci Linf=1.37611e-08, frame reference Ricci Linf=2.77556e-16
### WARNING in /lus/flare/projects/CompactBinaryMerger/hzhu/refgh_ordering_gauge_discriminator_phase23_20260829_2c848055/src/src/parameter_input.cpp: input parameter <output2>/file_type = rst was not used by the code (check for a typo)
### WARNING in /lus/flare/projects/CompactBinaryMerger/hzhu/refgh_ordering_gauge_discriminator_phase23_20260829_2c848055/src/src/parameter_input.cpp: input parameter <output3>/file_type = cbin was not used by the code (check for a typo)
### WARNING in /lus/flare/projects/CompactBinaryMerger/hzhu/refgh_ordering_gauge_discriminator_phase23_20260829_2c848055/src/src/parameter_input.cpp: input parameter <output3>/variable = ref_gh was not used by the code (check for a typo)
### WARNING in /lus/flare/projects/CompactBinaryMerger/hzhu/refgh_ordering_gauge_discriminator_phase23_20260829_2c848055/src/src/parameter_input.cpp: input parameter <output3>/id = ref_gh_health was not used by the code (check for a typo)
### WARNING in /lus/flare/projects/CompactBinaryMerger/hzhu/refgh_ordering_gauge_discriminator_phase23_20260829_2c848055/src/src/parameter_input.cpp: input parameter <output3>/coarsen_factor = 1 was not used by the code (check for a typo)
### WARNING in /lus/flare/projects/CompactBinaryMerger/hzhu/refgh_ordering_gauge_discriminator_phase23_20260829_2c848055/src/src/parameter_input.cpp: input parameter <output3>/compute_moments = false was not used by the code (check for a typo)
### WARNING in /lus/flare/projects/CompactBinaryMerger/hzhu/refgh_ordering_gauge_discriminator_phase23_20260829_2c848055/src/src/parameter_input.cpp: input parameter <output3>/binary64 = true was not used by the code (check for a typo)
### WARNING in /lus/flare/projects/CompactBinaryMerger/hzhu/refgh_ordering_gauge_discriminator_phase23_20260829_2c848055/src/src/parameter_input.cpp: input parameter <output3>/single_file_per_rank = false was not used by the code (check for a typo)
### WARNING in /lus/flare/projects/CompactBinaryMerger/hzhu/refgh_ordering_gauge_discriminator_phase23_20260829_2c848055/src/src/parameter_input.cpp: input parameter <output4>/file_type = cbin was not used by the code (check for a typo)
### WARNING in /lus/flare/projects/CompactBinaryMerger/hzhu/refgh_ordering_gauge_discriminator_phase23_20260829_2c848055/src/src/parameter_input.cpp: input parameter <output4>/variable = ref_gh_native_con was not used by the code (check for a typo)
### WARNING in /lus/flare/projects/CompactBinaryMerger/hzhu/refgh_ordering_gauge_discriminator_phase23_20260829_2c848055/src/src/parameter_input.cpp: input parameter <output4>/id = ref_gh_native_health was not used by the code (check for a typo)
### WARNING in /lus/flare/projects/CompactBinaryMerger/hzhu/refgh_ordering_gauge_discriminator_phase23_20260829_2c848055/src/src/parameter_input.cpp: input parameter <output4>/coarsen_factor = 1 was not used by the code (check for a typo)
### WARNING in /lus/flare/projects/CompactBinaryMerger/hzhu/refgh_ordering_gauge_discriminator_phase23_20260829_2c848055/src/src/parameter_input.cpp: input parameter <output4>/compute_moments = false was not used by the code (check for a typo)
### WARNING in /lus/flare/projects/CompactBinaryMerger/hzhu/refgh_ordering_gauge_discriminator_phase23_20260829_2c848055/src/src/parameter_input.cpp: input parameter <output4>/binary64 = true was not used by the code (check for a typo)
### WARNING in /lus/flare/projects/CompactBinaryMerger/hzhu/refgh_ordering_gauge_discriminator_phase23_20260829_2c848055/src/src/parameter_input.cpp: input parameter <output4>/single_file_per_rank = false was not used by the code (check for a typo)
### WARNING in /lus/flare/projects/CompactBinaryMerger/hzhu/refgh_ordering_gauge_discriminator_phase23_20260829_2c848055/src/src/parameter_input.cpp: input parameter <output5>/file_type = cbin was not used by the code (check for a typo)
### WARNING in /lus/flare/projects/CompactBinaryMerger/hzhu/refgh_ordering_gauge_discriminator_phase23_20260829_2c848055/src/src/parameter_input.cpp: input parameter <output5>/variable = adm_common was not used by the code (check for a typo)
### WARNING in /lus/flare/projects/CompactBinaryMerger/hzhu/refgh_ordering_gauge_discriminator_phase23_20260829_2c848055/src/src/parameter_input.cpp: input parameter <output5>/id = adm_common_health was not used by the code (check for a typo)
### WARNING in /lus/flare/projects/CompactBinaryMerger/hzhu/refgh_ordering_gauge_discriminator_phase23_20260829_2c848055/src/src/parameter_input.cpp: input parameter <output5>/coarsen_factor = 1 was not used by the code (check for a typo)
### WARNING in /lus/flare/projects/CompactBinaryMerger/hzhu/refgh_ordering_gauge_discriminator_phase23_20260829_2c848055/src/src/parameter_input.cpp: input parameter <output5>/compute_moments = false was not used by the code (check for a typo)
### WARNING in /lus/flare/projects/CompactBinaryMerger/hzhu/refgh_ordering_gauge_discriminator_phase23_20260829_2c848055/src/src/parameter_input.cpp: input parameter <output5>/binary64 = true was not used by the code (check for a typo)
### WARNING in /lus/flare/projects/CompactBinaryMerger/hzhu/refgh_ordering_gauge_discriminator_phase23_20260829_2c848055/src/src/parameter_input.cpp: input parameter <output5>/single_file_per_rank = false was not used by the code (check for a typo)
### WARNING in /lus/flare/projects/CompactBinaryMerger/hzhu/refgh_ordering_gauge_discriminator_phase23_20260829_2c848055/src/src/parameter_input.cpp: input parameter <output5>/common_adm_fd_order = 4 was not used by the code (check for a typo)

Setup complete, executing task list(s)...

elapsed=2.565400e+00 cycle=0 time=0.000000e+00 dt=3.404497e-03
elapsed=4.211954e+00 cycle=10 time=3.404497e-02 dt=3.404497e-03
elapsed=6.222084e+00 cycle=20 time=6.808994e-02 dt=3.404497e-03
elapsed=8.188100e+00 cycle=30 time=1.021349e-01 dt=3.404497e-03
elapsed=9.838064e+00 cycle=40 time=1.361799e-01 dt=3.404497e-03
elapsed=1.180929e+01 cycle=50 time=1.702249e-01 dt=3.404497e-03
elapsed=1.434749e+01 cycle=60 time=2.042698e-01 dt=3.404497e-03
elapsed=1.599958e+01 cycle=70 time=2.383148e-01 dt=3.404497e-03
elapsed=2.163349e+01 cycle=80 time=2.723598e-01 dt=3.404497e-03
elapsed=2.647738e+01 cycle=90 time=3.064048e-01 dt=3.404497e-03
elapsed=2.813005e+01 cycle=100 time=3.404497e-01 dt=3.404497e-03
elapsed=3.013905e+01 cycle=110 time=3.744947e-01 dt=3.404497e-03
elapsed=3.228587e+01 cycle=120 time=4.085397e-01 dt=3.404497e-03
elapsed=3.392829e+01 cycle=130 time=4.425846e-01 dt=3.404497e-03
elapsed=3.586123e+01 cycle=140 time=4.766296e-01 dt=3.404497e-03
elapsed=3.798380e+01 cycle=150 time=5.106746e-01 dt=3.404497e-03
elapsed=3.963851e+01 cycle=160 time=5.447196e-01 dt=3.404497e-03
elapsed=4.159005e+01 cycle=170 time=5.787645e-01 dt=3.404497e-03
elapsed=4.375756e+01 cycle=180 time=6.128095e-01 dt=3.404497e-03
elapsed=4.539888e+01 cycle=190 time=6.468545e-01 dt=3.404497e-03
elapsed=4.830153e+01 cycle=200 time=6.808994e-01 dt=3.404497e-03
elapsed=5.391328e+01 cycle=210 time=7.149444e-01 dt=3.404497e-03
elapsed=5.555170e+01 cycle=220 time=7.489894e-01 dt=3.404497e-03
elapsed=5.797322e+01 cycle=230 time=7.830344e-01 dt=3.404497e-03
elapsed=6.165731e+01 cycle=240 time=8.170793e-01 dt=3.404497e-03
elapsed=6.480660e+01 cycle=250 time=8.511243e-01 dt=3.404497e-03
elapsed=6.646357e+01 cycle=260 time=8.851693e-01 dt=3.404497e-03
elapsed=7.092096e+01 cycle=270 time=9.192143e-01 dt=3.404497e-03
elapsed=7.292199e+01 cycle=280 time=9.532592e-01 dt=3.404497e-03
elapsed=7.458019e+01 cycle=290 time=9.873042e-01 dt=3.404497e-03
elapsed=7.851399e+01 cycle=300 time=1.021349e+00 dt=3.404497e-03
elapsed=8.131357e+01 cycle=310 time=1.055394e+00 dt=3.404497e-03
elapsed=8.296595e+01 cycle=320 time=1.089439e+00 dt=3.404497e-03
elapsed=8.567079e+01 cycle=330 time=1.123484e+00 dt=3.404497e-03
elapsed=8.820537e+01 cycle=340 time=1.157529e+00 dt=3.404497e-03
elapsed=8.984891e+01 cycle=350 time=1.191574e+00 dt=3.404497e-03
elapsed=9.317598e+01 cycle=360 time=1.225619e+00 dt=3.404497e-03
elapsed=9.514497e+01 cycle=370 time=1.259664e+00 dt=3.404497e-03
elapsed=9.679852e+01 cycle=380 time=1.293709e+00 dt=3.404497e-03
elapsed=9.875195e+01 cycle=390 time=1.327754e+00 dt=3.404497e-03
elapsed=1.006717e+02 cycle=400 time=1.361799e+00 dt=3.404497e-03
elapsed=1.023250e+02 cycle=410 time=1.395844e+00 dt=3.404497e-03
elapsed=1.042269e+02 cycle=420 time=1.429889e+00 dt=3.404497e-03
elapsed=1.061072e+02 cycle=430 time=1.463934e+00 dt=3.404497e-03
elapsed=1.077474e+02 cycle=440 time=1.497979e+00 dt=3.404497e-03
elapsed=1.098779e+02 cycle=450 time=1.532024e+00 dt=3.404497e-03
elapsed=1.118523e+02 cycle=460 time=1.566069e+00 dt=3.404497e-03
elapsed=1.140432e+02 cycle=470 time=1.600114e+00 dt=3.404497e-03
elapsed=1.156926e+02 cycle=480 time=1.634159e+00 dt=3.404497e-03
elapsed=1.176001e+02 cycle=490 time=1.668204e+00 dt=3.404497e-03
elapsed=1.196553e+02 cycle=500 time=1.702249e+00 dt=3.404497e-03
elapsed=1.213079e+02 cycle=510 time=1.736294e+00 dt=3.404497e-03
elapsed=1.233040e+02 cycle=520 time=1.770339e+00 dt=3.404497e-03
elapsed=1.253886e+02 cycle=530 time=1.804384e+00 dt=3.404497e-03
elapsed=1.270408e+02 cycle=540 time=1.838429e+00 dt=3.404497e-03
elapsed=1.289633e+02 cycle=550 time=1.872473e+00 dt=3.404497e-03
elapsed=1.310334e+02 cycle=560 time=1.906518e+00 dt=3.404497e-03
elapsed=1.326880e+02 cycle=570 time=1.940563e+00 dt=3.404497e-03
elapsed=1.346674e+02 cycle=580 time=1.974608e+00 dt=3.404497e-03
elapsed=1.366700e+02 cycle=590 time=2.008653e+00 dt=3.404497e-03
elapsed=1.383204e+02 cycle=600 time=2.042698e+00 dt=3.404497e-03
elapsed=1.403403e+02 cycle=610 time=2.076743e+00 dt=3.404497e-03
elapsed=1.422864e+02 cycle=620 time=2.110788e+00 dt=3.404497e-03
elapsed=1.439397e+02 cycle=630 time=2.144833e+00 dt=3.404497e-03
elapsed=1.472727e+02 cycle=640 time=2.178878e+00 dt=3.404497e-03
elapsed=1.514270e+02 cycle=650 time=2.212923e+00 dt=3.404497e-03
elapsed=1.530965e+02 cycle=660 time=2.246968e+00 dt=3.404497e-03
elapsed=1.551180e+02 cycle=670 time=2.281013e+00 dt=3.404497e-03
elapsed=1.572163e+02 cycle=680 time=2.315058e+00 dt=3.404497e-03
elapsed=1.588706e+02 cycle=690 time=2.349103e+00 dt=3.404497e-03
elapsed=1.612771e+02 cycle=700 time=2.383148e+00 dt=3.404497e-03
elapsed=1.634484e+02 cycle=710 time=2.417193e+00 dt=3.404497e-03
elapsed=1.654248e+02 cycle=720 time=2.451238e+00 dt=3.404497e-03
elapsed=1.670748e+02 cycle=730 time=2.485283e+00 dt=3.404497e-03
elapsed=1.692942e+02 cycle=740 time=2.519328e+00 dt=3.404497e-03
elapsed=1.713306e+02 cycle=750 time=2.553373e+00 dt=3.404497e-03
elapsed=1.729707e+02 cycle=760 time=2.587418e+00 dt=3.404497e-03
elapsed=1.750838e+02 cycle=770 time=2.621463e+00 dt=3.404497e-03
elapsed=1.787920e+02 cycle=780 time=2.655508e+00 dt=3.404497e-03
elapsed=1.804395e+02 cycle=790 time=2.689553e+00 dt=3.404497e-03
elapsed=1.855984e+02 cycle=800 time=2.723598e+00 dt=3.404497e-03
elapsed=1.884187e+02 cycle=810 time=2.757643e+00 dt=3.404497e-03
elapsed=1.900705e+02 cycle=820 time=2.791688e+00 dt=3.404497e-03
elapsed=1.953988e+02 cycle=830 time=2.825733e+00 dt=3.404497e-03
elapsed=1.989001e+02 cycle=840 time=2.859778e+00 dt=3.404497e-03
elapsed=2.005519e+02 cycle=850 time=2.893823e+00 dt=3.404497e-03
elapsed=2.037755e+02 cycle=860 time=2.927868e+00 dt=3.404497e-03
elapsed=2.057379e+02 cycle=870 time=2.961913e+00 dt=3.404497e-03
elapsed=2.073864e+02 cycle=880 time=2.995958e+00 dt=3.404497e-03
elapsed=2.094455e+02 cycle=890 time=3.030003e+00 dt=3.404497e-03
elapsed=2.114026e+02 cycle=900 time=3.064048e+00 dt=3.404497e-03
elapsed=2.130458e+02 cycle=910 time=3.098092e+00 dt=3.404497e-03
elapsed=2.176455e+02 cycle=920 time=3.132137e+00 dt=3.404497e-03
elapsed=2.196139e+02 cycle=930 time=3.166182e+00 dt=3.404497e-03
elapsed=2.223770e+02 cycle=940 time=3.200227e+00 dt=3.404497e-03
elapsed=2.240255e+02 cycle=950 time=3.234272e+00 dt=3.404497e-03
elapsed=2.259958e+02 cycle=960 time=3.268317e+00 dt=3.404497e-03
elapsed=2.280339e+02 cycle=970 time=3.302362e+00 dt=3.404497e-03
elapsed=2.296980e+02 cycle=980 time=3.336407e+00 dt=3.404497e-03
elapsed=2.316428e+02 cycle=990 time=3.370452e+00 dt=3.404497e-03
elapsed=2.337651e+02 cycle=1000 time=3.404497e+00 dt=3.404497e-03
elapsed=2.354130e+02 cycle=1010 time=3.438542e+00 dt=3.404497e-03
elapsed=2.373437e+02 cycle=1020 time=3.472587e+00 dt=3.404497e-03
elapsed=2.392707e+02 cycle=1030 time=3.506632e+00 dt=3.404497e-03
elapsed=2.409213e+02 cycle=1040 time=3.540677e+00 dt=3.404497e-03
elapsed=2.429052e+02 cycle=1050 time=3.574722e+00 dt=3.404497e-03
elapsed=2.449312e+02 cycle=1060 time=3.608767e+00 dt=3.404497e-03
elapsed=2.465892e+02 cycle=1070 time=3.642812e+00 dt=3.404497e-03
elapsed=2.485880e+02 cycle=1080 time=3.676857e+00 dt=3.404497e-03
elapsed=2.507094e+02 cycle=1090 time=3.710902e+00 dt=3.404497e-03
elapsed=2.523470e+02 cycle=1100 time=3.744947e+00 dt=3.404497e-03
elapsed=2.543609e+02 cycle=1110 time=3.778992e+00 dt=3.404497e-03
elapsed=2.564861e+02 cycle=1120 time=3.813037e+00 dt=3.404497e-03
elapsed=2.581426e+02 cycle=1130 time=3.847082e+00 dt=3.404497e-03
elapsed=2.601292e+02 cycle=1140 time=3.881127e+00 dt=3.404497e-03
elapsed=2.621352e+02 cycle=1150 time=3.915172e+00 dt=3.404497e-03
elapsed=2.637824e+02 cycle=1160 time=3.949217e+00 dt=3.404497e-03
elapsed=2.657649e+02 cycle=1170 time=3.983262e+00 dt=3.404497e-03
elapsed=2.700259e+02 cycle=1180 time=4.017307e+00 dt=3.404497e-03
elapsed=2.727485e+02 cycle=1190 time=4.051352e+00 dt=3.404497e-03
elapsed=2.744072e+02 cycle=1200 time=4.085397e+00 dt=3.404497e-03
elapsed=2.787879e+02 cycle=1210 time=4.119442e+00 dt=3.404497e-03
elapsed=2.807516e+02 cycle=1220 time=4.153487e+00 dt=3.404497e-03
elapsed=2.824057e+02 cycle=1230 time=4.187532e+00 dt=3.404497e-03
elapsed=2.845944e+02 cycle=1240 time=4.221577e+00 dt=3.404497e-03
elapsed=2.865321e+02 cycle=1250 time=4.255622e+00 dt=3.404497e-03
elapsed=2.881876e+02 cycle=1260 time=4.289667e+00 dt=3.404497e-03
elapsed=2.903015e+02 cycle=1270 time=4.323711e+00 dt=3.404497e-03
elapsed=2.922251e+02 cycle=1280 time=4.357756e+00 dt=3.404497e-03
elapsed=2.938774e+02 cycle=1290 time=4.391801e+00 dt=3.404497e-03
elapsed=2.958529e+02 cycle=1300 time=4.425846e+00 dt=3.404497e-03
elapsed=2.978168e+02 cycle=1310 time=4.459891e+00 dt=3.404497e-03
elapsed=2.994654e+02 cycle=1320 time=4.493936e+00 dt=3.404497e-03
elapsed=3.015903e+02 cycle=1330 time=4.527981e+00 dt=3.404497e-03
elapsed=3.043619e+02 cycle=1340 time=4.562026e+00 dt=3.404497e-03
elapsed=3.060062e+02 cycle=1350 time=4.596071e+00 dt=3.404497e-03
elapsed=3.104461e+02 cycle=1360 time=4.630116e+00 dt=3.404497e-03
elapsed=3.133573e+02 cycle=1370 time=4.664161e+00 dt=3.404497e-03
elapsed=3.150055e+02 cycle=1380 time=4.698206e+00 dt=3.404497e-03
elapsed=3.170012e+02 cycle=1390 time=4.732251e+00 dt=3.404497e-03
elapsed=3.189011e+02 cycle=1400 time=4.766296e+00 dt=3.404497e-03
elapsed=3.267589e+02 cycle=1410 time=4.800341e+00 dt=3.404497e-03
elapsed=3.284095e+02 cycle=1420 time=4.834386e+00 dt=3.404497e-03
elapsed=3.311593e+02 cycle=1430 time=4.868431e+00 dt=3.404497e-03
elapsed=3.363764e+02 cycle=1440 time=4.902476e+00 dt=3.404497e-03
elapsed=3.380344e+02 cycle=1450 time=4.936521e+00 dt=3.404497e-03
elapsed=3.405806e+02 cycle=1460 time=4.970566e+00 dt=3.404497e-03
reference-GH stationary trumpet: field Linf=2.219558e-12, physical metric Linf=1.964509e-10, lapse Linf=3.556044e-13, shift Linf=1.339215e-13, constraint Linf=1.475205e-11, RHS estimate=6.236996e-13

Terminating on time limit
time=5.000000e+00 cycle=1469
tlim=5.000000e+00 nlim=-1

MeshBlock-cycles = 317304
cpu time used  = 3.524576e+02
zone-cycles/cpu_second = 3.687471e+06
particle-updates/cpu_second = 0.000000e+00
real 356.34
user 0.00
sys 0.01
