
Root grid = 2 x 2 x 2 MeshBlocks
Total number of MeshBlocks = 232
Number of logical  levels of refinement = 5 (6 levels total)
Number of physical levels of refinement = 4 (5 levels total)
  Physical level = 1 (logical level = 2): 56 MeshBlocks, cost = 56
  Physical level = 2 (logical level = 3): 56 MeshBlocks, cost = 56
  Physical level = 3 (logical level = 4): 56 MeshBlocks, cost = 56
  Physical level = 4 (logical level = 5): 64 MeshBlocks, cost = 64
Number of parallel ranks = 1
AssembleZ4cTasks

Setup complete, executing task list(s)...

elapsed=1.009321e+00 cycle=33 time=2.500000e-01 dt=7.812500e-03
elapsed=1.975902e+00 cycle=34 time=2.578125e-01 dt=7.812500e-03
elapsed=2.901237e+00 cycle=35 time=2.656250e-01 dt=7.812500e-03
elapsed=3.828664e+00 cycle=36 time=2.734375e-01 dt=7.812500e-03
elapsed=4.781456e+00 cycle=37 time=2.812500e-01 dt=7.812500e-03
elapsed=5.750854e+00 cycle=38 time=2.890625e-01 dt=7.812500e-03
elapsed=6.739130e+00 cycle=39 time=2.968750e-01 dt=7.812500e-03
elapsed=7.672863e+00 cycle=40 time=3.046875e-01 dt=7.812500e-03
elapsed=8.613350e+00 cycle=41 time=3.125000e-01 dt=7.812500e-03
elapsed=9.505115e+00 cycle=42 time=3.203125e-01 dt=7.812500e-03
elapsed=1.048163e+01 cycle=43 time=3.281250e-01 dt=7.812500e-03
elapsed=1.136559e+01 cycle=44 time=3.359375e-01 dt=7.812500e-03
elapsed=1.232122e+01 cycle=45 time=3.437500e-01 dt=7.812500e-03
elapsed=1.334581e+01 cycle=46 time=3.515625e-01 dt=7.812500e-03
elapsed=1.432574e+01 cycle=47 time=3.593750e-01 dt=7.812500e-03
elapsed=1.522850e+01 cycle=48 time=3.671875e-01 dt=7.812500e-03
elapsed=1.613833e+01 cycle=49 time=3.750000e-01 dt=7.812500e-03
elapsed=1.709415e+01 cycle=50 time=3.828125e-01 dt=7.812500e-03
elapsed=1.807494e+01 cycle=51 time=3.906250e-01 dt=7.812500e-03
elapsed=1.898748e+01 cycle=52 time=3.984375e-01 dt=7.812500e-03
elapsed=1.995150e+01 cycle=53 time=4.062500e-01 dt=7.812500e-03
elapsed=2.090891e+01 cycle=54 time=4.140625e-01 dt=7.812500e-03
elapsed=2.183599e+01 cycle=55 time=4.218750e-01 dt=7.812500e-03
elapsed=2.278373e+01 cycle=56 time=4.296875e-01 dt=7.812500e-03
elapsed=2.370420e+01 cycle=57 time=4.375000e-01 dt=7.812500e-03
elapsed=2.460927e+01 cycle=58 time=4.453125e-01 dt=7.812500e-03
elapsed=2.558802e+01 cycle=59 time=4.531250e-01 dt=7.812500e-03
elapsed=2.652372e+01 cycle=60 time=4.609375e-01 dt=7.812500e-03
elapsed=2.748704e+01 cycle=61 time=4.687500e-01 dt=7.812500e-03
elapsed=2.841312e+01 cycle=62 time=4.765625e-01 dt=7.812500e-03
elapsed=2.941739e+01 cycle=63 time=4.843750e-01 dt=7.812500e-03
elapsed=3.040126e+01 cycle=64 time=4.921875e-01 dt=7.812500e-03
elapsed=3.153078e+01 cycle=65 time=5.000000e-01 dt=7.812500e-03

Terminating on time limit
time=5.000000e-01 cycle=65
tlim=5.000000e-01 nlim=-1

MeshBlock-cycles = 7424
cpu time used  = 3.052147e+01
zone-cycles/cpu_second = 1.245382e+05
particle-updates/cpu_second = 0.000000e+00
