AthenaK Kokkos default execution space: Cuda

Root grid = 4 x 8 x 1 MeshBlocks
Total number of MeshBlocks = 32
Number of logical  levels of refinement = 23 (24 levels total)
Number of physical levels of refinement = 20 (21 levels total)
  Physical level = 0 (logical level = 3): 32 MeshBlocks, cost = 32
Number of parallel ranks = 1
AssembleZ4cTasks
Direct global Brill coefficient import: radial_points=128 angular_points=32 adm_mass=2.6606354586228815 min_psi4=1.239025152113626 lapse=psi^-2 min_lapse=0.31535016221506207 max_lapse=0.89837971810372397
Converted imported ADM data to Z4c proper_box_C_rms=0.0019330746848076072 proper_box_H_rms=0.0019277860733824227 proper_box_M_rms=0 proper_box_Z_rms=7.1446819937647286e-05 coordinate_support_H_rms=9.6915287474313304e-07 coordinate_support_M_rms=0
Initialized Z4c from IrisK data mode=direct_global_coefficients path=/pscratch/sd/h/hzhu/z4c-vc-derefine-slot-repair-20260824/runs/early_n128_v1/brill_global_128x32.coefficients bytes=95927
AMR_HISTORY_SOURCE_COMPATIBILITY recorded_source_id=athena-0.1-git-ba7daebccf337d3157442aec2125b9301308b2a8 current_source_id=athena-0.1-git-7927d02fd3fd34fe504dde18998c8a62fde3909e explicit_match=true
AMR_HISTORY_TIMESTEP_CLIP event=1 time_hex=0x0p+0 candidate_dt_hex=0x1.62a8878cde393p-6 applied_dt_hex=0x1.62a8878cde393p-7 target_time_hex=0x1.62a8878cde393p-7

Setup complete, executing task list(s)...

elapsed=5.303711e-01 cycle=0 time=0.000000e+00 dt=1.082331e-02
CARTOON_AMR_TRANSACTION cycle=1 requested_refine=2 requested_derefine_leaves=0 accepted_derefine_parents=0 created_leaves=6 deleted_leaves=0 mirror_mismatches=0
AMR_HISTORY_REPLAY event=1 time_hex=0x1.62a8878cde393p-7 requested_leaves=38 accepted_leaves=38 max_level=4 checksum=6d1dc10512d42608 exact_match=true shadow_refine=9 shadow_derefine=0
AMR_HISTORY_TIMESTEP_CLIP event=2 time_hex=0x1.62a8878cde393p-7 candidate_dt_hex=0x1.61883b42f83efp-7 applied_dt_hex=0x1.614baa217eee6p-8 target_time_hex=0x1.09a72e4eced83p-6
CARTOON_AMR_TRANSACTION cycle=2 requested_refine=4 requested_derefine_leaves=0 accepted_derefine_parents=0 created_leaves=12 deleted_leaves=0 mirror_mismatches=0
AMR_HISTORY_REPLAY event=2 time_hex=0x1.09a72e4eced83p-6 requested_leaves=50 accepted_leaves=50 max_level=5 checksum=e38dd0ebe7826578 exact_match=true shadow_refine=9 shadow_derefine=0
elapsed=6.145857e-01 cycle=4 time=2.697372e-02 dt=5.365868e-03
elapsed=6.724358e-01 cycle=8 time=4.838516e-02 dt=5.328828e-03
elapsed=7.302528e-01 cycle=12 time=6.963968e-02 dt=5.289735e-03
elapsed=7.872267e-01 cycle=16 time=9.073900e-02 dt=5.249132e-03
elapsed=8.443246e-01 cycle=20 time=1.116797e-01 dt=5.213418e-03
elapsed=9.017259e-01 cycle=24 time=1.324833e-01 dt=5.179169e-03
elapsed=9.598079e-01 cycle=28 time=1.531530e-01 dt=5.149315e-03
elapsed=1.017052e+00 cycle=32 time=1.737137e-01 dt=5.126337e-03
elapsed=1.079038e+00 cycle=36 time=1.941881e-01 dt=5.105465e-03
elapsed=1.137384e+00 cycle=40 time=2.145839e-01 dt=5.089391e-03
elapsed=1.195169e+00 cycle=44 time=2.349247e-01 dt=5.079521e-03
elapsed=1.373843e+00 cycle=48 time=2.552350e-01 dt=5.075471e-03
elapsed=1.431722e+00 cycle=52 time=2.755301e-01 dt=5.072074e-03
AMR_HISTORY_TIMESTEP_CLIP event=3 time_hex=0x1.2eeb613a6547ap-2 candidate_dt_hex=0x1.4c8961e202cf3p-8 applied_dt_hex=0x1.1cb5ff4c159p-9 target_time_hex=0x1.3124cd38fd72cp-2
elapsed=1.488876e+00 cycle=56 time=2.958198e-01 dt=2.172172e-03
CARTOON_AMR_TRANSACTION cycle=57 requested_refine=0 requested_derefine_leaves=8 accepted_derefine_parents=2 created_leaves=0 deleted_leaves=6 mirror_mismatches=0
VC_AMR_LIFECYCLE phase=A0 name=before_RedistAndRefineMeshBlocks cycle=57 time=2.979919e-01 global_meshblocks=50 local_meshblocks=50
VC_AMR_LIFECYCLE phase=A1 name=logical_locations_and_maps_complete cycle=57 time=2.979919e-01 global_meshblocks=50 local_meshblocks=50
VC_AMR_LIFECYCLE phase=A2 name=load_balance_and_capacity_complete cycle=57 time=2.979919e-01 global_meshblocks=50 local_meshblocks=50
VC_AMR_LIFECYCLE phase=A3 name=InitRecvAMR_complete cycle=57 time=2.979919e-01 global_meshblocks=50 local_meshblocks=50
VC_AMR_LIFECYCLE phase=A4 name=PackAndSendAMR_complete cycle=57 time=2.979919e-01 global_meshblocks=50 local_meshblocks=50
VC_AMR_LIFECYCLE phase=A5 name=DerefineVCSameRank_complete cycle=57 time=2.979919e-01 global_meshblocks=50 local_meshblocks=50
VC_AMR_LIFECYCLE phase=A6 name=CopyVC_complete cycle=57 time=2.979919e-01 global_meshblocks=50 local_meshblocks=50
VC_AMR_LIFECYCLE phase=A7 name=CopyForRefinementVC_complete cycle=57 time=2.979919e-01 global_meshblocks=50 local_meshblocks=50
VC_AMR_LIFECYCLE phase=A8 name=AMR_MPI_and_UnpackAMRBuffersVC_complete cycle=57 time=2.979919e-01 global_meshblocks=50 local_meshblocks=50
VC_AMR_LIFECYCLE phase=A9 name=new_to_old_DualView_synchronized cycle=57 time=2.979919e-01 global_meshblocks=50 local_meshblocks=50
VC_AMR_LIFECYCLE phase=A10 name=RefineVC_complete cycle=57 time=2.979919e-01 global_meshblocks=50 local_meshblocks=50
VC_AMR_LIFECYCLE phase=A11 name=new_mesh_and_rank_metadata_installed cycle=57 time=2.979919e-01 global_meshblocks=44 local_meshblocks=44
VC_AMR_LIFECYCLE phase=A12 name=MeshBlock_and_Coordinates_reconstructed cycle=57 time=2.979919e-01 global_meshblocks=44 local_meshblocks=44
VC_AMR_LIFECYCLE phase=A13 name=SetNeighbors_complete cycle=57 time=2.979919e-01 global_meshblocks=44 local_meshblocks=44
VC_AMR_LIFECYCLE phase=A14 name=RebuildVertexTopologyPlan_complete cycle=57 time=2.979919e-01 global_meshblocks=44 local_meshblocks=44
VC_AMR_LIFECYCLE phase=A15 name=post_regrid_EnforceAlgConstr_complete cycle=57 time=2.979919e-01 global_meshblocks=44 local_meshblocks=44
VC_AMR_LIFECYCLE phase=A150 name=InitBndry_Z4c_RestrictU_complete cycle=57 time=2.979919e-01 global_meshblocks=44 local_meshblocks=44
VC_AMR_LIFECYCLE phase=A151 name=InitBndry_Z4c_InitRecv_complete cycle=57 time=2.979919e-01 global_meshblocks=44 local_meshblocks=44
VC_AMR_LIFECYCLE phase=A152 name=InitBndry_Z4c_SendU_complete cycle=57 time=2.979919e-01 global_meshblocks=44 local_meshblocks=44
VC_AMR_LIFECYCLE phase=A153 name=InitBndry_Z4c_ClearSendRecv_complete cycle=57 time=2.979919e-01 global_meshblocks=44 local_meshblocks=44
VC_AMR_LIFECYCLE phase=A154 name=InitBndry_Z4c_RecvU_complete cycle=57 time=2.979919e-01 global_meshblocks=44 local_meshblocks=44
VC_AMR_LIFECYCLE phase=A155 name=InitBndry_Z4c_BoundaryRHS_complete cycle=57 time=2.979919e-01 global_meshblocks=44 local_meshblocks=44
VC_AMR_LIFECYCLE phase=A156 name=InitBndry_Z4c_ApplyPhysicalBCs_complete cycle=57 time=2.979919e-01 global_meshblocks=44 local_meshblocks=44
VC_AMR_LIFECYCLE phase=A157 name=InitBndry_Z4c_Prolongate_complete cycle=57 time=2.979919e-01 global_meshblocks=44 local_meshblocks=44
VC_AMR_LIFECYCLE phase=A158 name=InitBndry_Z4c_BuiltInPhysicalGhosts_complete cycle=57 time=2.979919e-01 global_meshblocks=44 local_meshblocks=44
VC_AMR_LIFECYCLE phase=A159 name=InitBndry_Z4c_AxisParityGhosts_complete cycle=57 time=2.979919e-01 global_meshblocks=44 local_meshblocks=44
VC_AMR_LIFECYCLE phase=A16 name=InitBoundaryValuesAndPrimitives_complete cycle=57 time=2.979919e-01 global_meshblocks=44 local_meshblocks=44
VC_AMR_LIFECYCLE phase=A17 name=ConvertZ4cToADM_complete cycle=57 time=2.979919e-01 global_meshblocks=44 local_meshblocks=44
VC_AMR_LIFECYCLE phase=A18 name=ADMConstraints_complete cycle=57 time=2.979919e-01 global_meshblocks=44 local_meshblocks=44
VC_AMR_LIFECYCLE phase=A19 name=NewTimeStep_complete cycle=57 time=2.979919e-01 global_meshblocks=44 local_meshblocks=44
AMR_HISTORY_REPLAY event=3 time_hex=0x1.3124cd38fd72cp-2 requested_leaves=44 accepted_leaves=44 max_level=4 checksum=b6c60694c30a2049 exact_match=true shadow_refine=6 shadow_derefine=0
AMR_HISTORY_TIMESTEP_CLIP event=4 time_hex=0x1.3597a5362dc9p-2 candidate_dt_hex=0x1.1cb5ff4c159p-7 applied_dt_hex=0x1.7b44bf08ae2p-11 target_time_hex=0x1.36554795b2201p-2
CARTOON_AMR_TRANSACTION cycle=59 requested_refine=10 requested_derefine_leaves=0 accepted_derefine_parents=0 created_leaves=30 deleted_leaves=0 mirror_mismatches=0
AMR_HISTORY_REPLAY event=4 time_hex=0x1.36554795b2201p-2 requested_leaves=74 accepted_leaves=74 max_level=5 checksum=b8885b7761cc086f exact_match=true shadow_refine=6 shadow_derefine=0
AMR_HISTORY_TIMESTEP_CLIP event=5 time_hex=0x1.37d08c54bace3p-2 candidate_dt_hex=0x1.7b44bf08ae2p-9 applied_dt_hex=0x1.179d045b0abp-10 target_time_hex=0x1.38e8295915d8ep-2
elapsed=1.949891e+00 cycle=60 time=3.045065e-01 dt=1.066640e-03
CARTOON_AMR_TRANSACTION cycle=61 requested_refine=21 requested_derefine_leaves=0 accepted_derefine_parents=0 created_leaves=63 deleted_leaves=0 mirror_mismatches=0
AMR_HISTORY_REPLAY event=5 time_hex=0x1.38e8295915d8ep-2 requested_leaves=137 accepted_leaves=137 max_level=6 checksum=94cf46d8f9a7742f exact_match=true shadow_refine=2 shadow_derefine=4
AMR_HISTORY_TIMESTEP_CLIP event=6 time_hex=0x1.38e8295915d8ep-2 candidate_dt_hex=0x1.179d045b0abp-9 applied_dt_hex=0x1.495ed9b3adp-10 target_time_hex=0x1.3a318832c985ep-2
CARTOON_AMR_TRANSACTION cycle=62 requested_refine=14 requested_derefine_leaves=0 accepted_derefine_parents=0 created_leaves=42 deleted_leaves=0 mirror_mismatches=0
AMR_HISTORY_REPLAY event=6 time_hex=0x1.3a318832c985ep-2 requested_leaves=179 accepted_leaves=179 max_level=7 checksum=547d385e7b2c0a49 exact_match=true shadow_refine=2 shadow_derefine=72
AMR_HISTORY_TIMESTEP_CLIP event=7 time_hex=0x1.3a318832c985ep-2 candidate_dt_hex=0x1.5bd1a18ce06d9p-10 applied_dt_hex=0x1.4931f3bcb16p-11 target_time_hex=0x1.3ad6212ca7de9p-2
CARTOON_AMR_TRANSACTION cycle=63 requested_refine=1 requested_derefine_leaves=0 accepted_derefine_parents=0 created_leaves=3 deleted_leaves=0 mirror_mismatches=0
AMR_HISTORY_REPLAY event=7 time_hex=0x1.3ad6212ca7de9p-2 requested_leaves=182 accepted_leaves=182 max_level=7 checksum=4db5e3ab5c94bb35 exact_match=true shadow_refine=2 shadow_derefine=115
AMR_HISTORY_TIMESTEP_CLIP event=8 time_hex=0x1.3ad6212ca7de9p-2 candidate_dt_hex=0x1.4931f3bcb16p-10 applied_dt_hex=0x1.49423059494p-11 target_time_hex=0x1.3b7ac244d4833p-2
CARTOON_AMR_TRANSACTION cycle=64 requested_refine=1 requested_derefine_leaves=0 accepted_derefine_parents=0 created_leaves=3 deleted_leaves=0 mirror_mismatches=0
AMR_HISTORY_REPLAY event=8 time_hex=0x1.3b7ac244d4833p-2 requested_leaves=185 accepted_leaves=185 max_level=7 checksum=9cc67268db29a22a exact_match=true shadow_refine=2 shadow_derefine=118
elapsed=2.129507e+00 cycle=64 time=3.080855e-01 dt=1.256022e-03
elapsed=2.302488e+00 cycle=68 time=3.133192e-01 dt=1.325266e-03
elapsed=2.427734e+00 cycle=72 time=3.186184e-01 dt=1.324090e-03
elapsed=2.595381e+00 cycle=76 time=3.239131e-01 dt=1.323000e-03
elapsed=2.741636e+00 cycle=80 time=3.292036e-01 dt=1.321995e-03
AMR_HISTORY_TIMESTEP_CLIP event=9 time_hex=0x1.552a3871cf575p-2 candidate_dt_hex=0x1.5a5eaf3e2325bp-10 applied_dt_hex=0x1.97d9c2024c8p-13 target_time_hex=0x1.555d33aa0fa0ep-2
CARTOON_AMR_TRANSACTION cycle=84 requested_refine=1 requested_derefine_leaves=0 accepted_derefine_parents=0 created_leaves=3 deleted_leaves=0 mirror_mismatches=0
AMR_HISTORY_REPLAY event=9 time_hex=0x1.555d33aa0fa0ep-2 requested_leaves=188 accepted_leaves=188 max_level=7 checksum=aded91212d393e1a exact_match=true shadow_refine=2 shadow_derefine=122
elapsed=2.877953e+00 cycle=84 time=3.333633e-01 dt=3.889567e-04
elapsed=3.062330e+00 cycle=88 time=3.371721e-01 dt=1.320638e-03
elapsed=3.210351e+00 cycle=92 time=3.424535e-01 dt=1.319842e-03
elapsed=3.340206e+00 cycle=96 time=3.477317e-01 dt=1.319126e-03
elapsed=3.551036e+00 cycle=100 time=3.530073e-01 dt=1.318492e-03
elapsed=3.712250e+00 cycle=104 time=3.582804e-01 dt=1.317936e-03
elapsed=3.841135e+00 cycle=108 time=3.635514e-01 dt=1.317460e-03
elapsed=4.060717e+00 cycle=112 time=3.688206e-01 dt=1.317061e-03
elapsed=4.188623e+00 cycle=116 time=3.740883e-01 dt=1.316739e-03
elapsed=4.315569e+00 cycle=120 time=3.793549e-01 dt=1.316493e-03
elapsed=4.518387e+00 cycle=124 time=3.846206e-01 dt=1.316322e-03
elapsed=4.652386e+00 cycle=128 time=3.898857e-01 dt=1.316226e-03
elapsed=4.807587e+00 cycle=132 time=3.951506e-01 dt=1.316204e-03
elapsed=4.983695e+00 cycle=136 time=4.004154e-01 dt=1.316256e-03
elapsed=5.109184e+00 cycle=140 time=4.056806e-01 dt=1.316380e-03
elapsed=5.280808e+00 cycle=144 time=4.109464e-01 dt=1.316576e-03
elapsed=5.440553e+00 cycle=148 time=4.162131e-01 dt=1.316843e-03
AMR_HISTORY_TIMESTEP_CLIP event=10 time_hex=0x1.af98b323584bbp-2 candidate_dt_hex=0x1.594a8ac1e1e96p-10 applied_dt_hex=0x1.7287447558p-16 target_time_hex=0x1.af9e7d406a211p-2
elapsed=5.564755e+00 cycle=152 time=4.214809e-01 dt=2.208521e-05
CARTOON_AMR_TRANSACTION cycle=153 requested_refine=0 requested_derefine_leaves=4 accepted_derefine_parents=1 created_leaves=0 deleted_leaves=3 mirror_mismatches=0
AMR_HISTORY_REPLAY event=10 time_hex=0x1.af9e7d406a211p-2 requested_leaves=185 accepted_leaves=185 max_level=7 checksum=b59b83728531f12a exact_match=true shadow_refine=2 shadow_derefine=125
elapsed=5.779979e+00 cycle=156 time=4.218122e-01 dt=3.533634e-04
elapsed=5.907459e+00 cycle=160 time=4.255070e-01 dt=1.317487e-03
elapsed=6.030637e+00 cycle=164 time=4.307776e-01 dt=1.317948e-03
elapsed=6.217532e+00 cycle=168 time=4.360502e-01 dt=1.318479e-03
elapsed=6.350238e+00 cycle=172 time=4.413250e-01 dt=1.319077e-03
AMR_HISTORY_TIMESTEP_CLIP event=11 time_hex=0x1.c69e4e6657942p-2 candidate_dt_hex=0x1.59df91ee4ecep-10 applied_dt_hex=0x1.ed5bde11c4p-13 target_time_hex=0x1.c6dbf9e219ccap-2
CARTOON_AMR_TRANSACTION cycle=175 requested_refine=0 requested_derefine_leaves=4 accepted_derefine_parents=1 created_leaves=0 deleted_leaves=3 mirror_mismatches=0
AMR_HISTORY_REPLAY event=11 time_hex=0x1.c6dbf9e219ccap-2 requested_leaves=182 accepted_leaves=182 max_level=7 checksum=8dd90b27685b99b3 exact_match=true shadow_refine=2 shadow_derefine=122
elapsed=6.485923e+00 cycle=176 time=4.446690e-01 dt=9.410073e-04
elapsed=6.678036e+00 cycle=180 time=4.495694e-01 dt=1.320148e-03
elapsed=6.807364e+00 cycle=184 time=4.548511e-01 dt=1.320919e-03
elapsed=6.927428e+00 cycle=188 time=4.601360e-01 dt=1.321756e-03
elapsed=7.106628e+00 cycle=192 time=4.654244e-01 dt=1.322659e-03
elapsed=7.243061e+00 cycle=196 time=4.707165e-01 dt=1.323627e-03
AMR_HISTORY_TIMESTEP_CLIP event=12 time_hex=0x1.e76fd184fd20cp-2 candidate_dt_hex=0x1.5b406b384753p-10 applied_dt_hex=0x1.07d5fe23eb7p-10 target_time_hex=0x1.e877a783210c3p-2
elapsed=7.396502e+00 cycle=200 time=4.760125e-01 dt=1.006454e-03
CARTOON_AMR_TRANSACTION cycle=201 requested_refine=0 requested_derefine_leaves=4 accepted_derefine_parents=1 created_leaves=0 deleted_leaves=3 mirror_mismatches=0
AMR_HISTORY_REPLAY event=12 time_hex=0x1.e877a783210c3p-2 requested_leaves=179 accepted_leaves=179 max_level=7 checksum=f787ace3bd58d3c1 exact_match=true shadow_refine=2 shadow_derefine=117
elapsed=7.565959e+00 cycle=204 time=4.809944e-01 dt=1.325689e-03
elapsed=7.685498e+00 cycle=208 time=4.862988e-01 dt=1.326846e-03
elapsed=7.877246e+00 cycle=212 time=4.916080e-01 dt=1.328067e-03
elapsed=7.997375e+00 cycle=216 time=4.969222e-01 dt=1.329350e-03
elapsed=8.591640e+00 cycle=220 time=5.022416e-01 dt=1.330695e-03
elapsed=8.790893e+00 cycle=224 time=5.075665e-01 dt=1.332102e-03
elapsed=8.913946e+00 cycle=228 time=5.128971e-01 dt=1.333570e-03
elapsed=9.038355e+00 cycle=232 time=5.182336e-01 dt=1.335098e-03
elapsed=9.254848e+00 cycle=236 time=5.235764e-01 dt=1.336685e-03
elapsed=9.379667e+00 cycle=240 time=5.289256e-01 dt=1.338332e-03
elapsed=9.501579e+00 cycle=244 time=5.342814e-01 dt=1.340037e-03
elapsed=9.695086e+00 cycle=248 time=5.396442e-01 dt=1.341799e-03
elapsed=9.817841e+00 cycle=252 time=5.450141e-01 dt=1.343619e-03
elapsed=9.940370e+00 cycle=256 time=5.503914e-01 dt=1.345494e-03
elapsed=1.014434e+01 cycle=260 time=5.557762e-01 dt=1.347426e-03
elapsed=1.026717e+01 cycle=264 time=5.611689e-01 dt=1.349412e-03
elapsed=1.039038e+01 cycle=268 time=5.665696e-01 dt=1.351452e-03
elapsed=1.059139e+01 cycle=272 time=5.719785e-01 dt=1.353545e-03
elapsed=1.071132e+01 cycle=276 time=5.773959e-01 dt=1.355691e-03
elapsed=1.083268e+01 cycle=280 time=5.828219e-01 dt=1.357889e-03
elapsed=1.104337e+01 cycle=284 time=5.882568e-01 dt=1.360137e-03
elapsed=1.116397e+01 cycle=288 time=5.937008e-01 dt=1.362437e-03
elapsed=1.128924e+01 cycle=292 time=5.991541e-01 dt=1.364785e-03
elapsed=1.149127e+01 cycle=296 time=6.046168e-01 dt=1.367183e-03
elapsed=1.161537e+01 cycle=300 time=6.100892e-01 dt=1.369628e-03
elapsed=1.173881e+01 cycle=304 time=6.155714e-01 dt=1.372120e-03
elapsed=1.193959e+01 cycle=308 time=6.210637e-01 dt=1.374659e-03
elapsed=1.206350e+01 cycle=312 time=6.265662e-01 dt=1.377242e-03
elapsed=1.218654e+01 cycle=316 time=6.320791e-01 dt=1.379870e-03
elapsed=1.239611e+01 cycle=320 time=6.376026e-01 dt=1.382510e-03
elapsed=1.251677e+01 cycle=324 time=6.431365e-01 dt=1.385152e-03
elapsed=1.263666e+01 cycle=328 time=6.486812e-01 dt=1.387820e-03
elapsed=1.284219e+01 cycle=332 time=6.542364e-01 dt=1.390476e-03
elapsed=1.296353e+01 cycle=336 time=6.598024e-01 dt=1.393166e-03
AMR_HISTORY_TIMESTEP_CLIP event=13 time_hex=0x1.533ee93ab9accp-1 candidate_dt_hex=0x1.6d8ee9bd1cc2ap-10 applied_dt_hex=0x1.f39f1d6b854p-11 target_time_hex=0x1.53bbd102148e1p-1
CARTOON_AMR_TRANSACTION cycle=339 requested_refine=0 requested_derefine_leaves=4 accepted_derefine_parents=1 created_leaves=0 deleted_leaves=3 mirror_mismatches=0
AMR_HISTORY_REPLAY event=13 time_hex=0x1.53bbd102148e1p-1 requested_leaves=176 accepted_leaves=176 max_level=7 checksum=d9012b9bc89120ea exact_match=true shadow_refine=2 shadow_derefine=105
elapsed=1.310134e+01 cycle=340 time=6.649373e-01 dt=1.395620e-03
elapsed=1.329862e+01 cycle=344 time=6.705238e-01 dt=1.398327e-03
elapsed=1.342679e+01 cycle=348 time=6.761211e-01 dt=1.401004e-03
elapsed=1.354861e+01 cycle=352 time=6.817292e-01 dt=1.403720e-03
elapsed=1.374989e+01 cycle=356 time=6.873481e-01 dt=1.406409e-03
elapsed=1.387018e+01 cycle=360 time=6.929778e-01 dt=1.409133e-03
elapsed=1.398900e+01 cycle=364 time=6.986184e-01 dt=1.411828e-03
elapsed=1.419215e+01 cycle=368 time=7.042698e-01 dt=1.414559e-03
elapsed=1.431348e+01 cycle=372 time=7.099320e-01 dt=1.417258e-03
elapsed=1.443514e+01 cycle=376 time=7.156052e-01 dt=1.419994e-03
elapsed=1.464594e+01 cycle=380 time=7.212892e-01 dt=1.422693e-03
AMR_HISTORY_TIMESTEP_CLIP event=14 time_hex=0x1.7437408d5822fp-1 candidate_dt_hex=0x1.75aafe7ae965cp-10 applied_dt_hex=0x1.4e6f1b718ep-12 target_time_hex=0x1.74610e70c654bp-1
elapsed=1.476734e+01 cycle=384 time=7.269840e-01 dt=3.189411e-04
CARTOON_AMR_TRANSACTION cycle=385 requested_refine=0 requested_derefine_leaves=4 accepted_derefine_parents=1 created_leaves=0 deleted_leaves=3 mirror_mismatches=0
AMR_HISTORY_REPLAY event=14 time_hex=0x1.74610e70c654bp-1 requested_leaves=173 accepted_leaves=173 max_level=7 checksum=b0c964a53a6fd8fa exact_match=true shadow_refine=2 shadow_derefine=103
elapsed=1.490182e+01 cycle=388 time=7.306431e-01 dt=1.427159e-03
elapsed=1.509969e+01 cycle=392 time=7.363558e-01 dt=1.429888e-03
elapsed=1.521959e+01 cycle=396 time=7.420795e-01 dt=1.432596e-03
elapsed=1.533852e+01 cycle=400 time=7.478139e-01 dt=1.435328e-03
elapsed=1.597597e+01 cycle=404 time=7.535593e-01 dt=1.438031e-03
elapsed=1.609636e+01 cycle=408 time=7.593155e-01 dt=1.440764e-03
elapsed=1.621759e+01 cycle=412 time=7.650826e-01 dt=1.443460e-03
elapsed=1.642200e+01 cycle=416 time=7.708605e-01 dt=1.446191e-03
elapsed=1.654045e+01 cycle=420 time=7.766493e-01 dt=1.448879e-03
elapsed=1.666020e+01 cycle=424 time=7.824489e-01 dt=1.451598e-03
elapsed=1.685162e+01 cycle=428 time=7.882593e-01 dt=1.454283e-03
elapsed=1.697192e+01 cycle=432 time=7.940805e-01 dt=1.456988e-03
elapsed=1.709205e+01 cycle=436 time=7.999125e-01 dt=1.459669e-03
elapsed=1.728386e+01 cycle=440 time=8.057552e-01 dt=1.462356e-03
elapsed=1.741303e+01 cycle=444 time=8.116086e-01 dt=1.465032e-03
elapsed=1.761476e+01 cycle=448 time=8.174728e-01 dt=1.467698e-03
elapsed=1.774119e+01 cycle=452 time=8.233476e-01 dt=1.470369e-03
elapsed=1.786152e+01 cycle=456 time=8.292330e-01 dt=1.473012e-03
elapsed=1.803765e+01 cycle=460 time=8.351291e-01 dt=1.475676e-03
elapsed=1.816878e+01 cycle=464 time=8.410357e-01 dt=1.478295e-03
elapsed=1.828858e+01 cycle=468 time=8.469529e-01 dt=1.480941e-03
elapsed=1.849589e+01 cycle=472 time=8.528805e-01 dt=1.483545e-03
elapsed=1.863139e+01 cycle=476 time=8.588187e-01 dt=1.486165e-03
elapsed=1.874974e+01 cycle=480 time=8.647672e-01 dt=1.488761e-03
elapsed=1.890574e+01 cycle=484 time=8.707262e-01 dt=1.491356e-03
elapsed=1.906021e+01 cycle=488 time=8.766955e-01 dt=1.493942e-03
elapsed=1.918383e+01 cycle=492 time=8.826751e-01 dt=1.496512e-03
elapsed=1.935296e+01 cycle=496 time=8.886650e-01 dt=1.499088e-03
elapsed=1.950773e+01 cycle=500 time=8.946652e-01 dt=1.501632e-03
elapsed=1.962923e+01 cycle=504 time=9.006755e-01 dt=1.504198e-03
elapsed=1.977432e+01 cycle=508 time=9.066961e-01 dt=1.506716e-03
elapsed=1.993868e+01 cycle=512 time=9.127268e-01 dt=1.509263e-03
elapsed=2.005788e+01 cycle=516 time=9.187676e-01 dt=1.511763e-03
elapsed=2.017894e+01 cycle=520 time=9.248184e-01 dt=1.514285e-03
elapsed=2.037599e+01 cycle=524 time=9.308793e-01 dt=1.516773e-03
elapsed=2.049687e+01 cycle=528 time=9.369502e-01 dt=1.519268e-03
elapsed=2.061726e+01 cycle=532 time=9.430309e-01 dt=1.521744e-03
elapsed=2.081612e+01 cycle=536 time=9.491216e-01 dt=1.524211e-03
elapsed=2.093727e+01 cycle=540 time=9.552222e-01 dt=1.526674e-03
elapsed=2.105854e+01 cycle=544 time=9.613325e-01 dt=1.529113e-03
elapsed=2.126502e+01 cycle=548 time=9.674527e-01 dt=1.531563e-03
elapsed=2.138714e+01 cycle=552 time=9.735825e-01 dt=1.533972e-03
elapsed=2.150662e+01 cycle=556 time=9.797221e-01 dt=1.536408e-03
elapsed=2.170300e+01 cycle=560 time=9.858713e-01 dt=1.538787e-03
elapsed=2.182590e+01 cycle=564 time=9.920300e-01 dt=1.541192e-03
elapsed=2.195106e+01 cycle=568 time=9.981983e-01 dt=1.543557e-03
elapsed=2.260708e+01 cycle=572 time=1.004376e+00 dt=1.545930e-03
elapsed=2.272599e+01 cycle=576 time=1.010563e+00 dt=1.548281e-03
elapsed=2.284415e+01 cycle=580 time=1.016760e+00 dt=1.550622e-03
elapsed=2.304203e+01 cycle=584 time=1.022966e+00 dt=1.552959e-03
elapsed=2.316089e+01 cycle=588 time=1.029181e+00 dt=1.555267e-03
elapsed=2.327974e+01 cycle=592 time=1.035406e+00 dt=1.557590e-03
elapsed=2.348708e+01 cycle=596 time=1.041640e+00 dt=1.559865e-03
elapsed=2.360731e+01 cycle=600 time=1.047883e+00 dt=1.562168e-03
elapsed=2.372694e+01 cycle=604 time=1.054135e+00 dt=1.564417e-03
elapsed=2.393147e+01 cycle=608 time=1.060396e+00 dt=1.566687e-03
elapsed=2.405064e+01 cycle=612 time=1.066666e+00 dt=1.568921e-03
elapsed=2.416904e+01 cycle=616 time=1.072945e+00 dt=1.571160e-03
elapsed=2.436674e+01 cycle=620 time=1.079233e+00 dt=1.573378e-03
elapsed=2.448461e+01 cycle=624 time=1.085530e+00 dt=1.575586e-03
elapsed=2.460604e+01 cycle=628 time=1.091835e+00 dt=1.577789e-03
elapsed=2.480937e+01 cycle=632 time=1.098150e+00 dt=1.579967e-03
elapsed=2.492922e+01 cycle=636 time=1.104473e+00 dt=1.582155e-03
elapsed=2.504888e+01 cycle=640 time=1.110805e+00 dt=1.584302e-03
AMR_HISTORY_TIMESTEP_CLIP event=15 time_hex=0x1.1d2d64b73dbdep+0 candidate_dt_hex=0x1.9f9944f27ca43p-10 applied_dt_hex=0x1.6d2ac2cd72p-10 target_time_hex=0x1.1d88af67f11a6p+0
CARTOON_AMR_TRANSACTION cycle=643 requested_refine=0 requested_derefine_leaves=4 accepted_derefine_parents=1 created_leaves=0 deleted_leaves=3 mirror_mismatches=0
AMR_HISTORY_REPLAY event=15 time_hex=0x1.1d88af67f11a6p+0 requested_leaves=170 accepted_leaves=170 max_level=7 checksum=353c938af4114430 exact_match=true shadow_refine=2 shadow_derefine=91
elapsed=2.525387e+01 cycle=644 time=1.116953e+00 dt=1.586409e-03
elapsed=2.537244e+01 cycle=648 time=1.123302e+00 dt=1.588530e-03
elapsed=2.548958e+01 cycle=652 time=1.129659e+00 dt=1.590684e-03
elapsed=2.567102e+01 cycle=656 time=1.136025e+00 dt=1.592779e-03
elapsed=2.579001e+01 cycle=660 time=1.142399e+00 dt=1.594906e-03
elapsed=2.590594e+01 cycle=664 time=1.148782e+00 dt=1.596985e-03
elapsed=2.607844e+01 cycle=668 time=1.155173e+00 dt=1.599086e-03
elapsed=2.621902e+01 cycle=672 time=1.161572e+00 dt=1.601150e-03
elapsed=2.633679e+01 cycle=676 time=1.167980e+00 dt=1.603224e-03
elapsed=2.648086e+01 cycle=680 time=1.174396e+00 dt=1.605272e-03
elapsed=2.664621e+01 cycle=684 time=1.180820e+00 dt=1.607320e-03
elapsed=2.676637e+01 cycle=688 time=1.187253e+00 dt=1.609353e-03
elapsed=2.689122e+01 cycle=692 time=1.193693e+00 dt=1.611374e-03
elapsed=2.708271e+01 cycle=696 time=1.200142e+00 dt=1.613391e-03
elapsed=2.720007e+01 cycle=700 time=1.206598e+00 dt=1.615386e-03
elapsed=2.734398e+01 cycle=704 time=1.213063e+00 dt=1.617387e-03
elapsed=2.751475e+01 cycle=708 time=1.219535e+00 dt=1.619356e-03
elapsed=2.763279e+01 cycle=712 time=1.226016e+00 dt=1.621342e-03
elapsed=2.774881e+01 cycle=716 time=1.232504e+00 dt=1.623284e-03
elapsed=2.793923e+01 cycle=720 time=1.239000e+00 dt=1.625254e-03
elapsed=2.805734e+01 cycle=724 time=1.245504e+00 dt=1.627171e-03
elapsed=2.858685e+01 cycle=728 time=1.252015e+00 dt=1.629123e-03
elapsed=2.877590e+01 cycle=732 time=1.258535e+00 dt=1.631017e-03
elapsed=2.889574e+01 cycle=736 time=1.265062e+00 dt=1.632943e-03
elapsed=2.901782e+01 cycle=740 time=1.271596e+00 dt=1.634822e-03
elapsed=2.923238e+01 cycle=744 time=1.278138e+00 dt=1.636723e-03
elapsed=2.934911e+01 cycle=748 time=1.284688e+00 dt=1.638586e-03
AMR_HISTORY_TIMESTEP_CLIP event=16 time_hex=0x1.49b820240035cp+0 candidate_dt_hex=0x1.adcb57dbae76cp-10 applied_dt_hex=0x1.a8fc3953c8p-10 target_time_hex=0x1.4a225f325527cp+0
CARTOON_AMR_TRANSACTION cycle=751 requested_refine=0 requested_derefine_leaves=4 accepted_derefine_parents=1 created_leaves=0 deleted_leaves=3 mirror_mismatches=0
AMR_HISTORY_REPLAY event=16 time_hex=0x1.4a225f325527cp+0 requested_leaves=167 accepted_leaves=167 max_level=7 checksum=85f3832916c95f5f exact_match=true shadow_refine=2 shadow_derefine=85
elapsed=2.947804e+01 cycle=752 time=1.291227e+00 dt=1.640458e-03
elapsed=2.965809e+01 cycle=756 time=1.297792e+00 dt=1.642307e-03
elapsed=2.977538e+01 cycle=760 time=1.304364e+00 dt=1.644159e-03
elapsed=2.989875e+01 cycle=764 time=1.310943e+00 dt=1.645993e-03
elapsed=3.008037e+01 cycle=768 time=1.317530e+00 dt=1.647822e-03
elapsed=3.021051e+01 cycle=772 time=1.324124e+00 dt=1.649641e-03
elapsed=3.032772e+01 cycle=776 time=1.330725e+00 dt=1.651447e-03
elapsed=3.047991e+01 cycle=780 time=1.337334e+00 dt=1.653251e-03
AMR_HISTORY_TIMESTEP_CLIP event=17 time_hex=0x1.57a09f06c1c42p+0 candidate_dt_hex=0x1.b1bdd5af9c395p-10 applied_dt_hex=0x1.1057e76027cp-10 target_time_hex=0x1.57e4b50099ce1p+0
CARTOON_AMR_TRANSACTION cycle=784 requested_refine=0 requested_derefine_leaves=4 accepted_derefine_parents=1 created_leaves=0 deleted_leaves=3 mirror_mismatches=0
AMR_HISTORY_REPLAY event=17 time_hex=0x1.57e4b50099ce1p+0 requested_leaves=164 accepted_leaves=164 max_level=7 checksum=a85e8e1a355165ab exact_match=true shadow_refine=2 shadow_derefine=82
elapsed=3.065561e+01 cycle=784 time=1.343334e+00 dt=1.654869e-03
AMR_HISTORY_TIMESTEP_CLIP event=18 time_hex=0x1.592a27931e10cp+0 candidate_dt_hex=0x1.b229ed990bc86p-10 applied_dt_hex=0x1.412002d4e9p-10 target_time_hex=0x1.597a6f93d34bp+0
CARTOON_AMR_TRANSACTION cycle=788 requested_refine=1 requested_derefine_leaves=0 accepted_derefine_parents=0 created_leaves=3 deleted_leaves=0 mirror_mismatches=0
AMR_HISTORY_REPLAY event=18 time_hex=0x1.597a6f93d34bp+0 requested_leaves=167 accepted_leaves=167 max_level=7 checksum=e6a4613449c4b355 exact_match=true shadow_refine=2 shadow_derefine=79
elapsed=3.078423e+01 cycle=788 time=1.349524e+00 dt=1.656536e-03
elapsed=3.097573e+01 cycle=792 time=1.356153e+00 dt=1.658305e-03
elapsed=3.110940e+01 cycle=796 time=1.362789e+00 dt=1.660072e-03
AMR_HISTORY_TIMESTEP_CLIP event=19 time_hex=0x1.5d4c8b8708a1ap+0 candidate_dt_hex=0x1.b34baa54f642fp-10 applied_dt_hex=0x1.9b6aeb6be78p-10 target_time_hex=0x1.5db36641e39b8p+0
CARTOON_AMR_TRANSACTION cycle=798 requested_refine=1 requested_derefine_leaves=0 accepted_derefine_parents=0 created_leaves=3 deleted_leaves=0 mirror_mismatches=0
AMR_HISTORY_REPLAY event=19 time_hex=0x1.5db36641e39b8p+0 requested_leaves=170 accepted_leaves=170 max_level=7 checksum=1ee472140df04b3c exact_match=true shadow_refine=2 shadow_derefine=82
elapsed=3.123786e+01 cycle=800 time=1.369341e+00 dt=1.661794e-03
elapsed=3.143252e+01 cycle=804 time=1.375991e+00 dt=1.663546e-03
elapsed=3.156481e+01 cycle=808 time=1.382648e+00 dt=1.665270e-03
elapsed=3.168365e+01 cycle=812 time=1.389311e+00 dt=1.667007e-03
elapsed=3.186206e+01 cycle=816 time=1.395982e+00 dt=1.668710e-03
elapsed=3.200566e+01 cycle=820 time=1.402659e+00 dt=1.670432e-03
elapsed=3.212616e+01 cycle=824 time=1.409344e+00 dt=1.672113e-03
elapsed=3.229220e+01 cycle=828 time=1.416035e+00 dt=1.673821e-03
elapsed=3.244785e+01 cycle=832 time=1.422732e+00 dt=1.675481e-03
elapsed=3.256501e+01 cycle=836 time=1.429437e+00 dt=1.677175e-03
elapsed=3.268198e+01 cycle=840 time=1.436148e+00 dt=1.678815e-03
AMR_HISTORY_TIMESTEP_CLIP event=20 time_hex=0x1.701569128aa41p+0 candidate_dt_hex=0x1.b833401302e82p-10 applied_dt_hex=0x1.844c2ecb114p-10 target_time_hex=0x1.70767c1e3d686p+0
CARTOON_AMR_TRANSACTION cycle=842 requested_refine=0 requested_derefine_leaves=4 accepted_derefine_parents=1 created_leaves=0 deleted_leaves=3 mirror_mismatches=0
AMR_HISTORY_REPLAY event=20 time_hex=0x1.70767c1e3d686p+0 requested_leaves=167 accepted_leaves=167 max_level=7 checksum=28ff44d34d386b36 exact_match=true shadow_refine=2 shadow_derefine=88
AMR_HISTORY_TIMESTEP_CLIP event=21 time_hex=0x1.70767c1e3d686p+0 candidate_dt_hex=0x1.b84c02d4685c4p-10 applied_dt_hex=0x1.6638a159efp-11 target_time_hex=0x1.70a3433268a64p+0
CARTOON_AMR_TRANSACTION cycle=843 requested_refine=0 requested_derefine_leaves=4 accepted_derefine_parents=1 created_leaves=0 deleted_leaves=3 mirror_mismatches=0
AMR_HISTORY_REPLAY event=21 time_hex=0x1.70a3433268a64p+0 requested_leaves=164 accepted_leaves=164 max_level=7 checksum=6b88f27c4e0dfc2b exact_match=true shadow_refine=2 shadow_derefine=85
elapsed=3.290894e+01 cycle=844 time=1.441358e+00 dt=1.680113e-03
elapsed=3.302538e+01 cycle=848 time=1.448081e+00 dt=1.681747e-03
elapsed=3.316838e+01 cycle=852 time=1.454810e+00 dt=1.683402e-03
elapsed=3.333884e+01 cycle=856 time=1.461546e+00 dt=1.685017e-03
elapsed=3.346261e+01 cycle=860 time=1.468289e+00 dt=1.686658e-03
elapsed=3.360277e+01 cycle=864 time=1.475038e+00 dt=1.688254e-03
elapsed=3.382760e+01 cycle=868 time=1.481793e+00 dt=1.689881e-03
elapsed=3.394997e+01 cycle=872 time=1.488555e+00 dt=1.691459e-03
elapsed=3.406509e+01 cycle=876 time=1.495323e+00 dt=1.693072e-03
elapsed=3.470866e+01 cycle=880 time=1.502098e+00 dt=1.694631e-03
elapsed=3.482601e+01 cycle=884 time=1.508879e+00 dt=1.696229e-03
elapsed=3.494292e+01 cycle=888 time=1.515666e+00 dt=1.697772e-03
elapsed=3.514273e+01 cycle=892 time=1.522459e+00 dt=1.699351e-03
elapsed=3.526172e+01 cycle=896 time=1.529259e+00 dt=1.700881e-03
elapsed=3.537836e+01 cycle=900 time=1.536065e+00 dt=1.702441e-03
elapsed=3.557372e+01 cycle=904 time=1.542877e+00 dt=1.703957e-03
elapsed=3.569086e+01 cycle=908 time=1.549695e+00 dt=1.705499e-03
elapsed=3.580766e+01 cycle=912 time=1.556519e+00 dt=1.707003e-03
elapsed=3.601045e+01 cycle=916 time=1.563350e+00 dt=1.708527e-03
elapsed=3.612772e+01 cycle=920 time=1.570186e+00 dt=1.710017e-03
elapsed=3.624488e+01 cycle=924 time=1.577028e+00 dt=1.711523e-03
elapsed=3.643383e+01 cycle=928 time=1.583877e+00 dt=1.713000e-03
elapsed=3.655992e+01 cycle=932 time=1.590731e+00 dt=1.714490e-03
elapsed=3.667678e+01 cycle=936 time=1.597591e+00 dt=1.715954e-03
elapsed=3.683265e+01 cycle=940 time=1.604457e+00 dt=1.717426e-03
AMR_HISTORY_TIMESTEP_CLIP event=22 time_hex=0x1.9b9ed54fc0fc2p+0 candidate_dt_hex=0x1.c266dfe09ff36p-10 applied_dt_hex=0x1.6648e5a235p-10 target_time_hex=0x1.9bf8678929896p+0
CARTOON_AMR_TRANSACTION cycle=943 requested_refine=0 requested_derefine_leaves=4 accepted_derefine_parents=1 created_leaves=0 deleted_leaves=3 mirror_mismatches=0
AMR_HISTORY_REPLAY event=22 time_hex=0x1.9bf8678929896p+0 requested_leaves=161 accepted_leaves=161 max_level=7 checksum=097bb3587244b107 exact_match=true shadow_refine=2 shadow_derefine=85
elapsed=3.700526e+01 cycle=944 time=1.610978e+00 dt=1.718802e-03
elapsed=3.712049e+01 cycle=948 time=1.617855e+00 dt=1.720261e-03
elapsed=3.727778e+01 cycle=952 time=1.624738e+00 dt=1.721697e-03
elapsed=3.743453e+01 cycle=956 time=1.631627e+00 dt=1.723140e-03
elapsed=3.758437e+01 cycle=960 time=1.638522e+00 dt=1.724564e-03
elapsed=3.774387e+01 cycle=964 time=1.645422e+00 dt=1.725991e-03
elapsed=3.785845e+01 cycle=968 time=1.652328e+00 dt=1.727403e-03
elapsed=3.805721e+01 cycle=972 time=1.659240e+00 dt=1.728814e-03
elapsed=3.817079e+01 cycle=976 time=1.666157e+00 dt=1.730213e-03
elapsed=3.828581e+01 cycle=980 time=1.673080e+00 dt=1.731610e-03
elapsed=3.851396e+01 cycle=984 time=1.680009e+00 dt=1.732996e-03
elapsed=3.862623e+01 cycle=988 time=1.686943e+00 dt=1.734378e-03
elapsed=3.873932e+01 cycle=992 time=1.693883e+00 dt=1.735752e-03
elapsed=3.894638e+01 cycle=996 time=1.700828e+00 dt=1.737120e-03
elapsed=3.906000e+01 cycle=1000 time=1.707778e+00 dt=1.738482e-03
elapsed=3.917490e+01 cycle=1004 time=1.714734e+00 dt=1.739835e-03
elapsed=3.935253e+01 cycle=1008 time=1.721695e+00 dt=1.741184e-03
elapsed=3.947678e+01 cycle=1012 time=1.728662e+00 dt=1.742523e-03
elapsed=3.959247e+01 cycle=1016 time=1.735634e+00 dt=1.743861e-03
elapsed=3.974264e+01 cycle=1020 time=1.742612e+00 dt=1.745186e-03
elapsed=3.989889e+01 cycle=1024 time=1.749595e+00 dt=1.746512e-03
elapsed=4.039701e+01 cycle=1028 time=1.756583e+00 dt=1.747823e-03
elapsed=4.051413e+01 cycle=1032 time=1.763576e+00 dt=1.749136e-03
elapsed=4.071475e+01 cycle=1036 time=1.770574e+00 dt=1.750434e-03
elapsed=4.083155e+01 cycle=1040 time=1.777578e+00 dt=1.751736e-03
elapsed=4.094849e+01 cycle=1044 time=1.784587e+00 dt=1.753020e-03
elapsed=4.113383e+01 cycle=1048 time=1.791601e+00 dt=1.754310e-03
elapsed=4.126090e+01 cycle=1052 time=1.798620e+00 dt=1.755581e-03
elapsed=4.138237e+01 cycle=1056 time=1.805644e+00 dt=1.756860e-03
elapsed=4.155586e+01 cycle=1060 time=1.812674e+00 dt=1.758173e-03
elapsed=4.169873e+01 cycle=1064 time=1.819708e+00 dt=1.759521e-03
elapsed=4.181712e+01 cycle=1068 time=1.826749e+00 dt=1.760900e-03
elapsed=4.194048e+01 cycle=1072 time=1.833794e+00 dt=1.762311e-03
elapsed=4.212534e+01 cycle=1076 time=1.840846e+00 dt=1.763751e-03
elapsed=4.223982e+01 cycle=1080 time=1.847903e+00 dt=1.765219e-03
elapsed=4.235900e+01 cycle=1084 time=1.854966e+00 dt=1.766713e-03
elapsed=4.255854e+01 cycle=1088 time=1.862035e+00 dt=1.768233e-03
elapsed=4.267480e+01 cycle=1092 time=1.869110e+00 dt=1.769776e-03
elapsed=4.278995e+01 cycle=1096 time=1.876192e+00 dt=1.771341e-03
elapsed=4.298847e+01 cycle=1100 time=1.883280e+00 dt=1.772926e-03
elapsed=4.310367e+01 cycle=1104 time=1.890374e+00 dt=1.774530e-03
elapsed=4.321957e+01 cycle=1108 time=1.897474e+00 dt=1.776150e-03
elapsed=4.343280e+01 cycle=1112 time=1.904581e+00 dt=1.777786e-03
elapsed=4.355024e+01 cycle=1116 time=1.911695e+00 dt=1.779435e-03
elapsed=4.366731e+01 cycle=1120 time=1.918815e+00 dt=1.781095e-03
elapsed=4.386165e+01 cycle=1124 time=1.925942e+00 dt=1.782765e-03
elapsed=4.397791e+01 cycle=1128 time=1.933076e+00 dt=1.784444e-03
elapsed=4.409483e+01 cycle=1132 time=1.940216e+00 dt=1.786130e-03
elapsed=4.428125e+01 cycle=1136 time=1.947363e+00 dt=1.787017e-03
elapsed=4.440999e+01 cycle=1140 time=1.954510e+00 dt=1.786864e-03
elapsed=4.452346e+01 cycle=1144 time=1.961658e+00 dt=1.786721e-03
elapsed=4.468044e+01 cycle=1148 time=1.968804e+00 dt=1.786559e-03
elapsed=4.483435e+01 cycle=1152 time=1.975950e+00 dt=1.786354e-03
elapsed=4.494942e+01 cycle=1156 time=1.983095e+00 dt=1.786160e-03
elapsed=4.506458e+01 cycle=1160 time=1.990240e+00 dt=1.785977e-03
elapsed=4.527265e+01 cycle=1164 time=1.997383e+00 dt=1.785805e-03
elapsed=4.581502e+01 cycle=1168 time=2.004526e+00 dt=1.785577e-03
elapsed=4.592847e+01 cycle=1172 time=2.011668e+00 dt=1.785345e-03
elapsed=4.610911e+01 cycle=1176 time=2.018809e+00 dt=1.785123e-03
elapsed=4.622377e+01 cycle=1180 time=2.025949e+00 dt=1.784912e-03
elapsed=4.633705e+01 cycle=1184 time=2.033089e+00 dt=1.784698e-03
elapsed=4.653673e+01 cycle=1188 time=2.040227e+00 dt=1.784428e-03
elapsed=4.665249e+01 cycle=1192 time=2.047364e+00 dt=1.784169e-03
elapsed=4.676768e+01 cycle=1196 time=2.054501e+00 dt=1.783921e-03
elapsed=4.693428e+01 cycle=1200 time=2.061636e+00 dt=1.783684e-03
elapsed=4.706997e+01 cycle=1204 time=2.068770e+00 dt=1.783422e-03
elapsed=4.718694e+01 cycle=1208 time=2.075904e+00 dt=1.783127e-03
elapsed=4.732246e+01 cycle=1212 time=2.083036e+00 dt=1.782843e-03
elapsed=4.750045e+01 cycle=1216 time=2.090167e+00 dt=1.782570e-03
elapsed=4.762721e+01 cycle=1220 time=2.097297e+00 dt=1.782308e-03
elapsed=4.781128e+01 cycle=1224 time=2.104425e+00 dt=1.782008e-03
elapsed=4.792571e+01 cycle=1228 time=2.111553e+00 dt=1.781690e-03
elapsed=4.804075e+01 cycle=1232 time=2.118679e+00 dt=1.781383e-03
elapsed=4.822405e+01 cycle=1236 time=2.125804e+00 dt=1.781087e-03
elapsed=4.833886e+01 cycle=1240 time=2.132928e+00 dt=1.780802e-03
elapsed=4.846796e+01 cycle=1244 time=2.140051e+00 dt=1.780472e-03
elapsed=4.866710e+01 cycle=1248 time=2.147172e+00 dt=1.780133e-03
elapsed=4.878071e+01 cycle=1252 time=2.154292e+00 dt=1.779804e-03
elapsed=4.889427e+01 cycle=1256 time=2.161411e+00 dt=1.779482e-03
elapsed=4.907688e+01 cycle=1260 time=2.168529e+00 dt=1.779171e-03
elapsed=4.919496e+01 cycle=1264 time=2.175645e+00 dt=1.778829e-03
elapsed=4.930951e+01 cycle=1268 time=2.182760e+00 dt=1.778465e-03
elapsed=4.948860e+01 cycle=1272 time=2.189873e+00 dt=1.778112e-03
elapsed=4.962019e+01 cycle=1276 time=2.196985e+00 dt=1.777770e-03
elapsed=4.973531e+01 cycle=1280 time=2.204095e+00 dt=1.777440e-03
elapsed=4.987829e+01 cycle=1284 time=2.211205e+00 dt=1.777086e-03
elapsed=5.004243e+01 cycle=1288 time=2.218312e+00 dt=1.776703e-03
elapsed=5.015756e+01 cycle=1292 time=2.225419e+00 dt=1.776332e-03
elapsed=5.027196e+01 cycle=1296 time=2.232523e+00 dt=1.775972e-03
elapsed=5.047043e+01 cycle=1300 time=2.239627e+00 dt=1.775624e-03
elapsed=5.058584e+01 cycle=1304 time=2.246729e+00 dt=1.775267e-03
elapsed=5.108830e+01 cycle=1308 time=2.253829e+00 dt=1.774868e-03
elapsed=5.126721e+01 cycle=1312 time=2.260928e+00 dt=1.774480e-03
elapsed=5.141576e+01 cycle=1316 time=2.268026e+00 dt=1.774103e-03
elapsed=5.153057e+01 cycle=1320 time=2.275121e+00 dt=1.773738e-03
elapsed=5.168329e+01 cycle=1324 time=2.282216e+00 dt=1.773384e-03
elapsed=5.184091e+01 cycle=1328 time=2.289309e+00 dt=1.772971e-03
elapsed=5.195575e+01 cycle=1332 time=2.296400e+00 dt=1.772567e-03
elapsed=5.207110e+01 cycle=1336 time=2.303490e+00 dt=1.772175e-03
elapsed=5.228118e+01 cycle=1340 time=2.310578e+00 dt=1.771794e-03
elapsed=5.239597e+01 cycle=1344 time=2.317664e+00 dt=1.771425e-03
elapsed=5.251056e+01 cycle=1348 time=2.324750e+00 dt=1.771025e-03
elapsed=5.270647e+01 cycle=1352 time=2.331833e+00 dt=1.770607e-03
elapsed=5.282045e+01 cycle=1356 time=2.338915e+00 dt=1.770200e-03
elapsed=5.293562e+01 cycle=1360 time=2.345995e+00 dt=1.769805e-03
elapsed=5.313114e+01 cycle=1364 time=2.353074e+00 dt=1.769421e-03
elapsed=5.324653e+01 cycle=1368 time=2.360151e+00 dt=1.769040e-03
elapsed=5.336358e+01 cycle=1372 time=2.367226e+00 dt=1.768609e-03
elapsed=5.356279e+01 cycle=1376 time=2.374300e+00 dt=1.768189e-03
AMR_HISTORY_TIMESTEP_CLIP event=23 time_hex=0x1.3023018152839p+1 candidate_dt_hex=0x1.cf7e3db92bde6p-10 applied_dt_hex=0x1.90683322dfp-10 target_time_hex=0x1.30550e87b6df7p+1
CARTOON_AMR_TRANSACTION cycle=1378 requested_refine=3 requested_derefine_leaves=0 accepted_derefine_parents=0 created_leaves=9 deleted_leaves=0 mirror_mismatches=0
AMR_HISTORY_REPLAY event=23 time_hex=0x1.30550e87b6df7p+1 requested_leaves=170 accepted_leaves=170 max_level=7 checksum=0472a82a6d9a4490 exact_match=true shadow_refine=0 shadow_derefine=101
elapsed=5.369193e+01 cycle=1380 time=2.381132e+00 dt=1.767794e-03
AMR_HISTORY_TIMESTEP_CLIP event=24 time_hex=0x1.313cc5925e43cp+1 candidate_dt_hex=0x1.cf5d38d04d43ep-10 applied_dt_hex=0x1.a9afb279c4p-12 target_time_hex=0x1.314a130ff211ep+1
CARTOON_AMR_TRANSACTION cycle=1383 requested_refine=2 requested_derefine_leaves=0 accepted_derefine_parents=0 created_leaves=6 deleted_leaves=0 mirror_mismatches=0
AMR_HISTORY_REPLAY event=24 time_hex=0x1.314a130ff211ep+1 requested_leaves=176 accepted_leaves=176 max_level=7 checksum=89f3599d5f78b40e exact_match=true shadow_refine=0 shadow_derefine=111
elapsed=5.382306e+01 cycle=1384 time=2.385885e+00 dt=1.623864e-03
elapsed=5.401109e+01 cycle=1388 time=2.392811e+00 dt=1.767143e-03
elapsed=5.413084e+01 cycle=1392 time=2.399879e+00 dt=1.766752e-03
elapsed=5.425174e+01 cycle=1396 time=2.406945e+00 dt=1.766315e-03
elapsed=5.445699e+01 cycle=1400 time=2.414010e+00 dt=1.765890e-03
elapsed=5.457939e+01 cycle=1404 time=2.421073e+00 dt=1.765476e-03
elapsed=5.470023e+01 cycle=1408 time=2.428134e+00 dt=1.765071e-03
elapsed=5.489120e+01 cycle=1412 time=2.435194e+00 dt=1.764675e-03
elapsed=5.501265e+01 cycle=1416 time=2.442252e+00 dt=1.764265e-03
elapsed=5.513326e+01 cycle=1420 time=2.449308e+00 dt=1.763825e-03
elapsed=5.533799e+01 cycle=1424 time=2.456363e+00 dt=1.763396e-03
elapsed=5.545904e+01 cycle=1428 time=2.463416e+00 dt=1.762977e-03
elapsed=5.557974e+01 cycle=1432 time=2.470467e+00 dt=1.762570e-03
elapsed=5.576819e+01 cycle=1436 time=2.477517e+00 dt=1.762174e-03
elapsed=5.588914e+01 cycle=1440 time=2.484565e+00 dt=1.761746e-03
elapsed=5.600818e+01 cycle=1444 time=2.491611e+00 dt=1.761306e-03
elapsed=5.619146e+01 cycle=1448 time=2.498656e+00 dt=1.344163e-03
output wall time = 4.872109e+00

Terminating on time limit
time=2.500000e+00 cycle=1449
tlim=2.500000e+00 nlim=-1 nmb_total_limit=-1

Current number of MeshBlocks = 176
183 MeshBlocks created, 39 deleted by AMR
0 communicated for load balancing, load balancing efficiency = 0.000000e+00

MeshBlock-cycles = 239205
cpu time used  = 5.618087e+01
zone-cycles/cpu_second = 1.089988e+06
particle-updates/cpu_second = 0.000000e+00
