
Root grid = 4 x 4 x 4 MeshBlocks
Total number of MeshBlocks = 232
Number of logical  levels of refinement = 5 (6 levels total)
Number of physical levels of refinement = 3 (4 levels total)
  Physical level = 0 (logical level = 2): 56 MeshBlocks, cost = 56
  Physical level = 1 (logical level = 3): 56 MeshBlocks, cost = 56
  Physical level = 2 (logical level = 4): 56 MeshBlocks, cost = 56
  Physical level = 3 (logical level = 5): 64 MeshBlocks, cost = 64
Number of parallel ranks = 8
  Rank = 0: 29 MeshBlocks, cost = 29
  Rank = 1: 29 MeshBlocks, cost = 29
  Rank = 2: 29 MeshBlocks, cost = 29
  Rank = 3: 29 MeshBlocks, cost = 29
  Rank = 4: 29 MeshBlocks, cost = 29
  Rank = 5: 29 MeshBlocks, cost = 29
  Rank = 6: 29 MeshBlocks, cost = 29
  Rank = 7: 29 MeshBlocks, cost = 29
Load Balancing:
  Maximum normalized cost = 1, Average = 1
### WARNING in /pscratch/sd/h/hzhu/fo-gh-exact-pullback-20260818.20260818T063217.173370/src/parameter_input.cpp: input parameter <problem>/near_radius = 2.0 was not used by the code (check for a typo)

Setup complete, executing task list(s)...

elapsed=2.413027e+01 cycle=0 time=0.000000e+00 dt=1.378458e-03
elapsed=2.939702e+01 cycle=10 time=1.378458e-02 dt=1.378458e-03
elapsed=3.468865e+01 cycle=20 time=2.756916e-02 dt=1.378458e-03
elapsed=3.998049e+01 cycle=30 time=4.135374e-02 dt=1.378458e-03
elapsed=4.527030e+01 cycle=40 time=5.513831e-02 dt=1.378458e-03
elapsed=5.056018e+01 cycle=50 time=6.892289e-02 dt=1.378458e-03
elapsed=5.584696e+01 cycle=60 time=8.270747e-02 dt=1.378458e-03
elapsed=6.113531e+01 cycle=70 time=9.649204e-02 dt=1.378457e-03
elapsed=6.642383e+01 cycle=80 time=1.102766e-01 dt=1.378457e-03
elapsed=7.171630e+01 cycle=90 time=1.240612e-01 dt=1.378457e-03
elapsed=7.700535e+01 cycle=100 time=1.378458e-01 dt=1.378457e-03
elapsed=8.229471e+01 cycle=110 time=1.516303e-01 dt=1.378457e-03
elapsed=8.758718e+01 cycle=120 time=1.654149e-01 dt=1.378456e-03
elapsed=9.287371e+01 cycle=130 time=1.791994e-01 dt=1.378456e-03
elapsed=9.816400e+01 cycle=140 time=1.929840e-01 dt=1.378456e-03
elapsed=1.035440e+02 cycle=150 time=2.067686e-01 dt=1.378455e-03
elapsed=1.088371e+02 cycle=160 time=2.205531e-01 dt=1.378455e-03
elapsed=1.141235e+02 cycle=170 time=2.343377e-01 dt=1.378455e-03
elapsed=1.194102e+02 cycle=180 time=2.481222e-01 dt=1.378454e-03
elapsed=1.246975e+02 cycle=190 time=2.619067e-01 dt=1.378454e-03
elapsed=1.299824e+02 cycle=200 time=2.756913e-01 dt=1.378453e-03
elapsed=1.352729e+02 cycle=210 time=2.894758e-01 dt=1.378453e-03
elapsed=1.405618e+02 cycle=220 time=3.032603e-01 dt=1.378452e-03
elapsed=1.458572e+02 cycle=230 time=3.170449e-01 dt=1.378452e-03
elapsed=1.511501e+02 cycle=240 time=3.308294e-01 dt=1.378451e-03
elapsed=1.564401e+02 cycle=250 time=3.446139e-01 dt=1.378450e-03
elapsed=1.617355e+02 cycle=260 time=3.583984e-01 dt=1.378450e-03
elapsed=1.670272e+02 cycle=270 time=3.721829e-01 dt=1.378449e-03
elapsed=1.723199e+02 cycle=280 time=3.859674e-01 dt=1.378448e-03
elapsed=1.776060e+02 cycle=290 time=3.997518e-01 dt=1.378448e-03
elapsed=1.829747e+02 cycle=300 time=4.135363e-01 dt=1.378447e-03
elapsed=1.882614e+02 cycle=310 time=4.273208e-01 dt=1.378446e-03
elapsed=1.935511e+02 cycle=320 time=4.411052e-01 dt=1.378445e-03
elapsed=1.988400e+02 cycle=330 time=4.548897e-01 dt=1.378444e-03
elapsed=2.041273e+02 cycle=340 time=4.686741e-01 dt=1.378443e-03
elapsed=2.094157e+02 cycle=350 time=4.824586e-01 dt=1.378442e-03
elapsed=2.147063e+02 cycle=360 time=4.962430e-01 dt=1.378441e-03
elapsed=2.199959e+02 cycle=370 time=5.100274e-01 dt=1.378440e-03
elapsed=2.252838e+02 cycle=380 time=5.238118e-01 dt=1.378439e-03
elapsed=2.305793e+02 cycle=390 time=5.375962e-01 dt=1.378438e-03
elapsed=2.358720e+02 cycle=400 time=5.513805e-01 dt=1.378437e-03
elapsed=2.411618e+02 cycle=410 time=5.651649e-01 dt=1.378436e-03
elapsed=2.464517e+02 cycle=420 time=5.789493e-01 dt=1.378434e-03
elapsed=2.517401e+02 cycle=430 time=5.927336e-01 dt=1.378433e-03
elapsed=2.571065e+02 cycle=440 time=6.065179e-01 dt=1.378432e-03
elapsed=2.623961e+02 cycle=450 time=6.203022e-01 dt=1.378431e-03
elapsed=2.676888e+02 cycle=460 time=6.340865e-01 dt=1.378429e-03
elapsed=2.729760e+02 cycle=470 time=6.478708e-01 dt=1.378428e-03
elapsed=2.782641e+02 cycle=480 time=6.616551e-01 dt=1.378426e-03
elapsed=2.835512e+02 cycle=490 time=6.754393e-01 dt=1.378425e-03
elapsed=2.888426e+02 cycle=500 time=6.892236e-01 dt=1.378423e-03
elapsed=2.941344e+02 cycle=510 time=7.030078e-01 dt=1.378422e-03
elapsed=2.994261e+02 cycle=520 time=7.167920e-01 dt=1.378420e-03
elapsed=3.047134e+02 cycle=530 time=7.305762e-01 dt=1.378418e-03
elapsed=3.100002e+02 cycle=540 time=7.443604e-01 dt=1.378417e-03
elapsed=3.152938e+02 cycle=550 time=7.581445e-01 dt=1.378415e-03
elapsed=3.205809e+02 cycle=560 time=7.719287e-01 dt=1.378413e-03
elapsed=3.258693e+02 cycle=570 time=7.857128e-01 dt=1.378411e-03
elapsed=3.311569e+02 cycle=580 time=7.994969e-01 dt=1.378409e-03
elapsed=3.365206e+02 cycle=590 time=8.132810e-01 dt=1.378407e-03
elapsed=3.418083e+02 cycle=600 time=8.270651e-01 dt=1.378405e-03
elapsed=3.471026e+02 cycle=610 time=8.408491e-01 dt=1.378403e-03
elapsed=3.523951e+02 cycle=620 time=8.546331e-01 dt=1.378401e-03
elapsed=3.576839e+02 cycle=630 time=8.684171e-01 dt=1.378399e-03
elapsed=3.629736e+02 cycle=640 time=8.822011e-01 dt=1.378397e-03
elapsed=3.682709e+02 cycle=650 time=8.959851e-01 dt=1.378395e-03
elapsed=3.735607e+02 cycle=660 time=9.097690e-01 dt=1.378393e-03
elapsed=3.788506e+02 cycle=670 time=9.235529e-01 dt=1.378390e-03
elapsed=3.841428e+02 cycle=680 time=9.373368e-01 dt=1.378388e-03
elapsed=3.894297e+02 cycle=690 time=9.511207e-01 dt=1.378386e-03
elapsed=3.947192e+02 cycle=700 time=9.649045e-01 dt=1.378383e-03
elapsed=4.000080e+02 cycle=710 time=9.786884e-01 dt=1.378381e-03
elapsed=4.052952e+02 cycle=720 time=9.924722e-01 dt=1.378378e-03
elapsed=4.106579e+02 cycle=730 time=1.006256e+00 dt=1.378375e-03
elapsed=4.159489e+02 cycle=740 time=1.020040e+00 dt=1.378373e-03
elapsed=4.212363e+02 cycle=750 time=1.033823e+00 dt=1.378370e-03
elapsed=4.265282e+02 cycle=760 time=1.047607e+00 dt=1.378367e-03
elapsed=4.318193e+02 cycle=770 time=1.061391e+00 dt=1.378365e-03
elapsed=4.371108e+02 cycle=780 time=1.075174e+00 dt=1.378362e-03
elapsed=4.424062e+02 cycle=790 time=1.088958e+00 dt=1.378359e-03
elapsed=4.476970e+02 cycle=800 time=1.102742e+00 dt=1.378356e-03
elapsed=4.529884e+02 cycle=810 time=1.116525e+00 dt=1.378353e-03
elapsed=4.582777e+02 cycle=820 time=1.130309e+00 dt=1.378350e-03
elapsed=4.635653e+02 cycle=830 time=1.144092e+00 dt=1.378347e-03
elapsed=4.688541e+02 cycle=840 time=1.157876e+00 dt=1.378344e-03
elapsed=4.741464e+02 cycle=850 time=1.171659e+00 dt=1.378341e-03
elapsed=4.794419e+02 cycle=860 time=1.185442e+00 dt=1.378337e-03
elapsed=4.847310e+02 cycle=870 time=1.199226e+00 dt=1.378334e-03
elapsed=4.900992e+02 cycle=880 time=1.213009e+00 dt=1.378331e-03
elapsed=4.953915e+02 cycle=890 time=1.226792e+00 dt=1.378327e-03
elapsed=5.006818e+02 cycle=900 time=1.240576e+00 dt=1.378324e-03
elapsed=5.059707e+02 cycle=910 time=1.254359e+00 dt=1.378320e-03
elapsed=5.112662e+02 cycle=920 time=1.268142e+00 dt=1.378317e-03
elapsed=5.165557e+02 cycle=930 time=1.281925e+00 dt=1.378313e-03
elapsed=5.218488e+02 cycle=940 time=1.295708e+00 dt=1.378310e-03
elapsed=5.271378e+02 cycle=950 time=1.309491e+00 dt=1.378306e-03
elapsed=5.324320e+02 cycle=960 time=1.323274e+00 dt=1.378302e-03
elapsed=5.377204e+02 cycle=970 time=1.337057e+00 dt=1.378298e-03
elapsed=5.430094e+02 cycle=980 time=1.350840e+00 dt=1.378294e-03
elapsed=5.482982e+02 cycle=990 time=1.364623e+00 dt=1.378291e-03
elapsed=5.535891e+02 cycle=1000 time=1.378406e+00 dt=1.378287e-03
elapsed=5.588749e+02 cycle=1010 time=1.392189e+00 dt=1.378283e-03
elapsed=5.642434e+02 cycle=1020 time=1.405972e+00 dt=1.378278e-03
elapsed=5.695352e+02 cycle=1030 time=1.419755e+00 dt=1.378274e-03
elapsed=5.748253e+02 cycle=1040 time=1.433537e+00 dt=1.378270e-03
elapsed=5.801139e+02 cycle=1050 time=1.447320e+00 dt=1.378266e-03
elapsed=5.854058e+02 cycle=1060 time=1.461103e+00 dt=1.378262e-03
elapsed=5.906985e+02 cycle=1070 time=1.474885e+00 dt=1.378257e-03
elapsed=5.959888e+02 cycle=1080 time=1.488668e+00 dt=1.378253e-03
elapsed=6.012753e+02 cycle=1090 time=1.502450e+00 dt=1.378248e-03
elapsed=6.065714e+02 cycle=1100 time=1.516233e+00 dt=1.378244e-03
elapsed=6.118655e+02 cycle=1110 time=1.530015e+00 dt=1.378239e-03
elapsed=6.171555e+02 cycle=1120 time=1.543798e+00 dt=1.378234e-03
elapsed=6.224482e+02 cycle=1130 time=1.557580e+00 dt=1.378230e-03
elapsed=6.277370e+02 cycle=1140 time=1.571362e+00 dt=1.378225e-03
elapsed=6.330286e+02 cycle=1150 time=1.585144e+00 dt=1.378220e-03
elapsed=6.383199e+02 cycle=1160 time=1.598927e+00 dt=1.378215e-03
elapsed=6.436837e+02 cycle=1170 time=1.612709e+00 dt=1.378210e-03
elapsed=6.489706e+02 cycle=1180 time=1.626491e+00 dt=1.378205e-03
elapsed=6.542581e+02 cycle=1190 time=1.640273e+00 dt=1.378200e-03
elapsed=6.595490e+02 cycle=1200 time=1.654055e+00 dt=1.378195e-03
elapsed=6.648461e+02 cycle=1210 time=1.667837e+00 dt=1.378190e-03
elapsed=6.701384e+02 cycle=1220 time=1.681619e+00 dt=1.378185e-03
elapsed=6.754288e+02 cycle=1230 time=1.695400e+00 dt=1.378179e-03
elapsed=6.807190e+02 cycle=1240 time=1.709182e+00 dt=1.378174e-03
elapsed=6.860086e+02 cycle=1250 time=1.722964e+00 dt=1.378168e-03
elapsed=6.912996e+02 cycle=1260 time=1.736746e+00 dt=1.378163e-03
elapsed=6.965871e+02 cycle=1270 time=1.750527e+00 dt=1.378157e-03
elapsed=7.018777e+02 cycle=1280 time=1.764309e+00 dt=1.378152e-03
elapsed=7.071676e+02 cycle=1290 time=1.778090e+00 dt=1.378146e-03
elapsed=7.124572e+02 cycle=1300 time=1.791872e+00 dt=1.378140e-03
elapsed=7.178263e+02 cycle=1310 time=1.805653e+00 dt=1.378135e-03
elapsed=7.231185e+02 cycle=1320 time=1.819434e+00 dt=1.378129e-03
elapsed=7.284098e+02 cycle=1330 time=1.833216e+00 dt=1.378123e-03
elapsed=7.336964e+02 cycle=1340 time=1.846997e+00 dt=1.378117e-03
elapsed=7.389869e+02 cycle=1350 time=1.860778e+00 dt=1.378111e-03
elapsed=7.442802e+02 cycle=1360 time=1.874559e+00 dt=1.378105e-03
elapsed=7.495707e+02 cycle=1370 time=1.888340e+00 dt=1.378099e-03
elapsed=7.548566e+02 cycle=1380 time=1.902121e+00 dt=1.378092e-03
elapsed=7.601454e+02 cycle=1390 time=1.915902e+00 dt=1.378086e-03
elapsed=7.654326e+02 cycle=1400 time=1.929683e+00 dt=1.378080e-03
elapsed=7.707215e+02 cycle=1410 time=1.943463e+00 dt=1.378073e-03
elapsed=7.760123e+02 cycle=1420 time=1.957244e+00 dt=1.378067e-03
elapsed=7.813032e+02 cycle=1430 time=1.971025e+00 dt=1.378060e-03
elapsed=7.865922e+02 cycle=1440 time=1.984805e+00 dt=1.378053e-03
elapsed=7.918860e+02 cycle=1450 time=1.998586e+00 dt=1.378047e-03
elapsed=8.205828e+02 cycle=1460 time=2.012366e+00 dt=1.378040e-03
elapsed=8.258731e+02 cycle=1470 time=2.026147e+00 dt=1.378033e-03
elapsed=8.311636e+02 cycle=1480 time=2.039927e+00 dt=1.378026e-03
elapsed=8.364528e+02 cycle=1490 time=2.053707e+00 dt=1.378019e-03
elapsed=8.417409e+02 cycle=1500 time=2.067487e+00 dt=1.378012e-03
elapsed=8.470291e+02 cycle=1510 time=2.081267e+00 dt=1.378005e-03
elapsed=8.523196e+02 cycle=1520 time=2.095048e+00 dt=1.377998e-03
elapsed=8.576068e+02 cycle=1530 time=2.108827e+00 dt=1.377991e-03
srun: Job step aborted: Waiting up to 32 seconds for job step to finish.
[2026-08-18T11:03:43.517] error: *** STEP 57208600.5 ON nid001145 CANCELLED AT 2026-08-18T11:03:43 DUE to SIGNAL Killed ***
srun: error: nid001145: task 0: Killed
srun: Terminating StepId=57208600.5
srun: error: nid001148: task 4: Killed
srun: error: nid001148: tasks 5-7: Killed
srun: error: nid001145: tasks 1-3: Killed
