### FATAL ERROR in /pscratch/sd/h/hzhu/fo-gh-exact-pullback-20260818.20260818T063217.173370/src/mesh/build_tree.cpp at line 248
Fewer MeshBlocks (nmb_total=1) than MPI ranks (nranks=8)
### FATAL ERROR in /pscratch/sd/h/hzhu/fo-gh-exact-pullback-20260818.20260818T063217.173370/src/mesh/build_tree.cpp at line 248
Fewer MeshBlocks (nmb_total=1) than MPI ranks (nranks=8)
Kokkos::Cuda ERROR: Failed to call Kokkos::Cuda::finalize()
### FATAL ERROR in /pscratch/sd/h/hzhu/fo-gh-exact-pullback-20260818.20260818T063217.173370/src/mesh/build_tree.cpp at line 248
Fewer MeshBlocks (nmb_total=1) than MPI ranks (nranks=8)
### FATAL ERROR in /pscratch/sd/h/hzhu/fo-gh-exact-pullback-20260818.20260818T063217.173370/src/mesh/build_tree.cpp at line 248
Fewer MeshBlocks (nmb_total=1) than MPI ranks (nranks=8)
Kokkos::Cuda ERROR: Failed to call Kokkos::Cuda::finalize()
### FATAL ERROR in /pscratch/sd/h/hzhu/fo-gh-exact-pullback-20260818.20260818T063217.173370/src/mesh/build_tree.cpp at line 248
Fewer MeshBlocks (nmb_total=1) than MPI ranks (nranks=8)
Kokkos::Cuda ERROR: Failed to call Kokkos::Cuda::finalize()
### FATAL ERROR in /pscratch/sd/h/hzhu/fo-gh-exact-pullback-20260818.20260818T063217.173370/src/mesh/build_tree.cpp at line 248
Fewer MeshBlocks (nmb_total=1) than MPI ranks (nranks=8)
Kokkos::Cuda ERROR: Failed to call Kokkos::Cuda::finalize()
### FATAL ERROR in /pscratch/sd/h/hzhu/fo-gh-exact-pullback-20260818.20260818T063217.173370/src/mesh/build_tree.cpp at line 248
Fewer MeshBlocks (nmb_total=1) than MPI ranks (nranks=8)
Kokkos::Cuda ERROR: Failed to call Kokkos::Cuda::finalize()
### FATAL ERROR in /pscratch/sd/h/hzhu/fo-gh-exact-pullback-20260818.20260818T063217.173370/src/mesh/build_tree.cpp at line 248
Fewer MeshBlocks (nmb_total=1) than MPI ranks (nranks=8)
Kokkos::Cuda ERROR: Failed to call Kokkos::Cuda::finalize()
Kokkos::Cuda ERROR: Failed to call Kokkos::Cuda::finalize()
Kokkos::Cuda ERROR: Failed to call Kokkos::Cuda::finalize()
srun: error: nid001145: task 0: Exited with exit code 1
srun: Terminating StepId=57208476.4
srun: error: nid001148: task 4: Exited with exit code 1
[2026-08-18T10:39:29.262] error: *** STEP 57208476.4 ON nid001145 CANCELLED AT 2026-08-18T10:39:29 DUE TO TASK FAILURE ***
srun: error: nid001145: tasks 2-3: Exited with exit code 1
srun: error: nid001148: tasks 5,7: Exited with exit code 1
srun: error: nid001148: task 6: Exited with exit code 1
srun: error: nid001145: task 1: Exited with exit code 1
