
Root grid = 1 x 1 x 1 MeshBlocks
Total number of MeshBlocks = 1
Number of logical  levels of refinement = 0 (1 levels total)
Number of physical levels of refinement = 0 (1 levels total)
Number of parallel ranks = 1

Setup complete, executing task list(s)...

elapsed=2.249773e-01 cycle=0 time=0.000000e+00 dt=1.446909e-02
elapsed=1.151539e+00 cycle=1 time=1.446909e-02 dt=1.446909e-02
elapsed=2.076527e+00 cycle=2 time=2.893817e-02 dt=1.446909e-02
elapsed=3.002157e+00 cycle=3 time=4.340726e-02 dt=1.446909e-02
elapsed=3.928113e+00 cycle=4 time=5.787634e-02 dt=1.446909e-02
elapsed=4.861263e+00 cycle=5 time=7.234543e-02 dt=1.446908e-02
elapsed=5.786747e+00 cycle=6 time=8.681451e-02 dt=1.446908e-02
elapsed=6.715697e+00 cycle=7 time=1.012836e-01 dt=1.446908e-02
elapsed=7.642167e+00 cycle=8 time=1.157527e-01 dt=1.446908e-02
elapsed=8.570198e+00 cycle=9 time=1.302218e-01 dt=1.446908e-02
elapsed=9.498235e+00 cycle=10 time=1.446908e-01 dt=1.446908e-02
elapsed=1.043294e+01 cycle=11 time=1.591599e-01 dt=1.446908e-02
elapsed=1.136027e+01 cycle=12 time=1.736290e-01 dt=1.446907e-02
elapsed=1.228766e+01 cycle=13 time=1.880981e-01 dt=1.446907e-02
elapsed=1.321486e+01 cycle=14 time=2.025671e-01 dt=1.446907e-02
elapsed=1.413939e+01 cycle=15 time=2.170362e-01 dt=1.446907e-02
elapsed=1.506285e+01 cycle=16 time=2.315053e-01 dt=1.446907e-02
elapsed=1.598976e+01 cycle=17 time=2.459744e-01 dt=1.446907e-02
elapsed=1.691631e+01 cycle=18 time=2.604434e-01 dt=1.446906e-02
elapsed=1.784191e+01 cycle=19 time=2.749125e-01 dt=1.446906e-02
elapsed=1.876510e+01 cycle=20 time=2.893815e-01 dt=1.446906e-02
elapsed=1.969167e+01 cycle=21 time=3.038506e-01 dt=1.446906e-02
elapsed=2.061776e+01 cycle=22 time=3.183197e-01 dt=1.446905e-02
elapsed=2.154325e+01 cycle=23 time=3.327887e-01 dt=1.446905e-02
elapsed=2.246763e+01 cycle=24 time=3.472578e-01 dt=1.446905e-02
elapsed=2.339523e+01 cycle=25 time=3.617268e-01 dt=1.446905e-02
elapsed=2.432311e+01 cycle=26 time=3.761959e-01 dt=1.446905e-02
elapsed=2.524896e+01 cycle=27 time=3.906649e-01 dt=1.446904e-02
elapsed=2.617512e+01 cycle=28 time=4.051340e-01 dt=1.446904e-02
elapsed=2.709739e+01 cycle=29 time=4.196030e-01 dt=1.446904e-02
elapsed=2.802166e+01 cycle=30 time=4.340720e-01 dt=1.446904e-02
elapsed=2.894735e+01 cycle=31 time=4.485411e-01 dt=1.446904e-02
elapsed=2.987528e+01 cycle=32 time=4.630101e-01 dt=1.446903e-02
elapsed=3.080259e+01 cycle=33 time=4.774791e-01 dt=1.446903e-02
elapsed=3.173037e+01 cycle=34 time=4.919482e-01 dt=1.446903e-02
elapsed=3.265938e+01 cycle=35 time=5.064172e-01 dt=1.446903e-02
elapsed=3.358818e+01 cycle=36 time=5.208862e-01 dt=1.446903e-02
elapsed=3.451687e+01 cycle=37 time=5.353553e-01 dt=1.446902e-02
elapsed=3.544840e+01 cycle=38 time=5.498243e-01 dt=1.446902e-02
elapsed=3.637684e+01 cycle=39 time=5.642933e-01 dt=1.446902e-02
elapsed=3.730593e+01 cycle=40 time=5.787623e-01 dt=1.446902e-02
elapsed=3.823397e+01 cycle=41 time=5.932313e-01 dt=1.446902e-02
elapsed=3.916067e+01 cycle=42 time=6.077004e-01 dt=1.446902e-02
elapsed=4.008695e+01 cycle=43 time=6.221694e-01 dt=1.446901e-02
elapsed=4.101192e+01 cycle=44 time=6.366384e-01 dt=1.446901e-02
elapsed=4.193740e+01 cycle=45 time=6.511074e-01 dt=1.446901e-02
elapsed=4.286475e+01 cycle=46 time=6.655764e-01 dt=1.446901e-02
elapsed=4.379248e+01 cycle=47 time=6.800454e-01 dt=1.446901e-02
elapsed=4.472045e+01 cycle=48 time=6.945144e-01 dt=1.446901e-02
elapsed=4.564857e+01 cycle=49 time=7.089834e-01 dt=1.446901e-02
elapsed=4.657637e+01 cycle=50 time=7.234525e-01 dt=1.446901e-02
elapsed=4.750453e+01 cycle=51 time=7.379215e-01 dt=1.446901e-02
elapsed=4.843307e+01 cycle=52 time=7.523905e-01 dt=1.446901e-02
elapsed=4.936030e+01 cycle=53 time=7.668595e-01 dt=1.446901e-02
elapsed=5.028510e+01 cycle=54 time=7.813285e-01 dt=1.446901e-02
elapsed=5.120963e+01 cycle=55 time=7.957975e-01 dt=1.446901e-02
elapsed=5.213458e+01 cycle=56 time=8.102665e-01 dt=1.446901e-02
elapsed=5.306215e+01 cycle=57 time=8.247355e-01 dt=1.446901e-02
elapsed=5.399024e+01 cycle=58 time=8.392045e-01 dt=1.446901e-02
elapsed=5.491809e+01 cycle=59 time=8.536735e-01 dt=1.446901e-02
elapsed=5.584566e+01 cycle=60 time=8.681425e-01 dt=1.446901e-02
elapsed=5.677419e+01 cycle=61 time=8.826115e-01 dt=1.446901e-02
elapsed=5.770414e+01 cycle=62 time=8.970805e-01 dt=1.446901e-02
elapsed=5.864952e+01 cycle=63 time=9.115495e-01 dt=1.446901e-02
elapsed=5.959494e+01 cycle=64 time=9.260186e-01 dt=1.446901e-02
elapsed=6.053381e+01 cycle=65 time=9.404876e-01 dt=1.446901e-02
elapsed=6.146135e+01 cycle=66 time=9.549566e-01 dt=1.446902e-02
elapsed=6.239045e+01 cycle=67 time=9.694256e-01 dt=1.446902e-02
elapsed=6.331733e+01 cycle=68 time=9.838946e-01 dt=1.446902e-02
elapsed=6.424432e+01 cycle=69 time=9.983636e-01 dt=1.446902e-02
elapsed=6.517070e+01 cycle=70 time=1.012833e+00 dt=1.446903e-02
elapsed=6.609678e+01 cycle=71 time=1.027302e+00 dt=1.446903e-02
elapsed=6.702506e+01 cycle=72 time=1.041771e+00 dt=1.446903e-02
elapsed=6.795369e+01 cycle=73 time=1.056240e+00 dt=1.446904e-02
elapsed=6.888200e+01 cycle=74 time=1.070709e+00 dt=1.446904e-02
elapsed=6.981000e+01 cycle=75 time=1.085178e+00 dt=1.446904e-02
elapsed=7.073860e+01 cycle=76 time=1.099647e+00 dt=1.446905e-02
elapsed=7.166727e+01 cycle=77 time=1.114116e+00 dt=1.446905e-02
elapsed=7.259500e+01 cycle=78 time=1.128585e+00 dt=1.446906e-02
elapsed=7.352360e+01 cycle=79 time=1.143054e+00 dt=1.446906e-02
elapsed=7.445130e+01 cycle=80 time=1.157523e+00 dt=1.446907e-02
elapsed=7.537737e+01 cycle=81 time=1.171992e+00 dt=1.446907e-02
elapsed=7.630452e+01 cycle=82 time=1.186461e+00 dt=1.446908e-02
elapsed=7.723317e+01 cycle=83 time=1.200930e+00 dt=1.446909e-02
elapsed=7.816278e+01 cycle=84 time=1.215399e+00 dt=1.446909e-02
elapsed=7.909075e+01 cycle=85 time=1.229868e+00 dt=1.446910e-02
elapsed=8.001953e+01 cycle=86 time=1.244338e+00 dt=1.446911e-02
elapsed=8.094925e+01 cycle=87 time=1.258807e+00 dt=1.446911e-02
elapsed=8.187786e+01 cycle=88 time=1.273276e+00 dt=1.446912e-02
elapsed=8.281440e+01 cycle=89 time=1.287745e+00 dt=1.446913e-02
elapsed=8.374371e+01 cycle=90 time=1.302214e+00 dt=1.446914e-02
elapsed=8.467180e+01 cycle=91 time=1.316683e+00 dt=1.446915e-02
elapsed=8.560074e+01 cycle=92 time=1.331152e+00 dt=1.446916e-02
elapsed=8.652879e+01 cycle=93 time=1.345621e+00 dt=1.446917e-02
elapsed=8.745848e+01 cycle=94 time=1.360091e+00 dt=1.446918e-02
elapsed=8.838769e+01 cycle=95 time=1.374560e+00 dt=1.446919e-02
elapsed=8.931674e+01 cycle=96 time=1.389029e+00 dt=1.446920e-02
elapsed=9.024609e+01 cycle=97 time=1.403498e+00 dt=1.446921e-02
elapsed=9.117956e+01 cycle=98 time=1.417967e+00 dt=1.446922e-02
elapsed=9.210992e+01 cycle=99 time=1.432437e+00 dt=1.446923e-02
elapsed=9.303925e+01 cycle=100 time=1.446906e+00 dt=1.446925e-02
elapsed=9.396960e+01 cycle=101 time=1.461375e+00 dt=1.446926e-02
elapsed=9.489840e+01 cycle=102 time=1.475844e+00 dt=1.446927e-02
elapsed=9.582742e+01 cycle=103 time=1.490314e+00 dt=1.446929e-02
elapsed=9.675797e+01 cycle=104 time=1.504783e+00 dt=1.446930e-02
elapsed=9.769029e+01 cycle=105 time=1.519252e+00 dt=1.446932e-02
elapsed=9.862004e+01 cycle=106 time=1.533722e+00 dt=1.446933e-02
elapsed=9.954779e+01 cycle=107 time=1.548191e+00 dt=1.446935e-02
elapsed=1.004788e+02 cycle=108 time=1.562660e+00 dt=1.446936e-02
elapsed=1.014040e+02 cycle=109 time=1.577130e+00 dt=1.446938e-02
elapsed=1.023290e+02 cycle=110 time=1.591599e+00 dt=1.446940e-02
elapsed=1.032574e+02 cycle=111 time=1.606068e+00 dt=1.446941e-02
elapsed=1.041836e+02 cycle=112 time=1.620538e+00 dt=1.446943e-02
elapsed=1.051119e+02 cycle=113 time=1.635007e+00 dt=1.446945e-02
elapsed=1.060412e+02 cycle=114 time=1.649477e+00 dt=1.446947e-02
elapsed=1.069703e+02 cycle=115 time=1.663946e+00 dt=1.446949e-02
elapsed=1.079003e+02 cycle=116 time=1.678416e+00 dt=1.446951e-02
elapsed=1.088302e+02 cycle=117 time=1.692885e+00 dt=1.446953e-02
elapsed=1.097597e+02 cycle=118 time=1.707355e+00 dt=1.446955e-02
elapsed=1.106870e+02 cycle=119 time=1.721824e+00 dt=1.446958e-02
elapsed=1.116222e+02 cycle=120 time=1.736294e+00 dt=1.446960e-02
elapsed=1.125713e+02 cycle=121 time=1.750763e+00 dt=1.446962e-02
elapsed=1.135002e+02 cycle=122 time=1.765233e+00 dt=1.446965e-02
elapsed=1.144306e+02 cycle=123 time=1.779703e+00 dt=1.446967e-02
elapsed=1.153611e+02 cycle=124 time=1.794172e+00 dt=1.446969e-02
elapsed=1.162914e+02 cycle=125 time=1.808642e+00 dt=1.446972e-02
elapsed=1.172206e+02 cycle=126 time=1.823112e+00 dt=1.446975e-02
elapsed=1.181507e+02 cycle=127 time=1.837582e+00 dt=1.446977e-02
elapsed=1.190805e+02 cycle=128 time=1.852051e+00 dt=1.446980e-02
elapsed=1.200086e+02 cycle=129 time=1.866521e+00 dt=1.446983e-02
elapsed=1.209367e+02 cycle=130 time=1.880991e+00 dt=1.446986e-02
elapsed=1.218668e+02 cycle=131 time=1.895461e+00 dt=1.446989e-02
elapsed=1.227977e+02 cycle=132 time=1.909931e+00 dt=1.446992e-02
elapsed=1.237277e+02 cycle=133 time=1.924401e+00 dt=1.446995e-02
elapsed=1.246575e+02 cycle=134 time=1.938871e+00 dt=1.446998e-02
elapsed=1.255869e+02 cycle=135 time=1.953340e+00 dt=1.447001e-02
elapsed=1.265167e+02 cycle=136 time=1.967810e+00 dt=1.447004e-02
elapsed=1.274462e+02 cycle=137 time=1.982281e+00 dt=1.447007e-02
elapsed=1.283764e+02 cycle=138 time=1.996751e+00 dt=1.447011e-02
elapsed=1.293076e+02 cycle=139 time=2.011221e+00 dt=1.447014e-02
elapsed=1.302376e+02 cycle=140 time=2.025691e+00 dt=1.447018e-02
elapsed=1.311671e+02 cycle=141 time=2.040161e+00 dt=1.447021e-02
elapsed=1.320966e+02 cycle=142 time=2.054631e+00 dt=1.447025e-02
elapsed=1.330267e+02 cycle=143 time=2.069101e+00 dt=1.447028e-02
elapsed=1.339558e+02 cycle=144 time=2.083572e+00 dt=1.447032e-02
elapsed=1.348850e+02 cycle=145 time=2.098042e+00 dt=1.447036e-02
elapsed=1.358111e+02 cycle=146 time=2.112512e+00 dt=1.447040e-02
elapsed=1.367378e+02 cycle=147 time=2.126983e+00 dt=1.447044e-02
elapsed=1.376674e+02 cycle=148 time=2.141453e+00 dt=1.447048e-02
elapsed=1.385977e+02 cycle=149 time=2.155924e+00 dt=1.447052e-02
elapsed=1.395273e+02 cycle=150 time=2.170394e+00 dt=1.447056e-02
elapsed=1.404557e+02 cycle=151 time=2.184865e+00 dt=1.447060e-02
elapsed=1.413834e+02 cycle=152 time=2.199335e+00 dt=1.447065e-02
elapsed=1.423113e+02 cycle=153 time=2.213806e+00 dt=1.447069e-02
elapsed=1.432372e+02 cycle=154 time=2.228277e+00 dt=1.447074e-02
elapsed=1.441661e+02 cycle=155 time=2.242748e+00 dt=1.447078e-02
elapsed=1.450963e+02 cycle=156 time=2.257218e+00 dt=1.447083e-02
elapsed=1.460267e+02 cycle=157 time=2.271689e+00 dt=1.447087e-02
elapsed=1.469574e+02 cycle=158 time=2.286160e+00 dt=1.447092e-02
elapsed=1.478866e+02 cycle=159 time=2.300631e+00 dt=1.447097e-02
elapsed=1.488150e+02 cycle=160 time=2.315102e+00 dt=1.447102e-02
elapsed=1.497431e+02 cycle=161 time=2.329573e+00 dt=1.447107e-02
elapsed=1.506696e+02 cycle=162 time=2.344044e+00 dt=1.447112e-02
elapsed=1.515972e+02 cycle=163 time=2.358515e+00 dt=1.447117e-02
elapsed=1.525276e+02 cycle=164 time=2.372986e+00 dt=1.447122e-02
elapsed=1.534567e+02 cycle=165 time=2.387458e+00 dt=1.447127e-02
elapsed=1.543867e+02 cycle=166 time=2.401929e+00 dt=1.447133e-02
elapsed=1.553145e+02 cycle=167 time=2.416400e+00 dt=1.447138e-02
elapsed=1.562468e+02 cycle=168 time=2.430871e+00 dt=1.447143e-02
elapsed=1.571762e+02 cycle=169 time=2.445343e+00 dt=1.447149e-02
elapsed=1.581054e+02 cycle=170 time=2.459814e+00 dt=1.447155e-02
elapsed=1.590330e+02 cycle=171 time=2.474286e+00 dt=1.447160e-02
elapsed=1.599624e+02 cycle=172 time=2.488758e+00 dt=1.447166e-02
elapsed=1.608917e+02 cycle=173 time=2.503229e+00 dt=1.447172e-02
elapsed=1.618208e+02 cycle=174 time=2.517701e+00 dt=1.447178e-02
elapsed=1.627487e+02 cycle=175 time=2.532173e+00 dt=1.447184e-02
elapsed=1.636774e+02 cycle=176 time=2.546645e+00 dt=1.447190e-02
elapsed=1.646048e+02 cycle=177 time=2.561116e+00 dt=1.447196e-02
elapsed=1.655342e+02 cycle=178 time=2.575588e+00 dt=1.447202e-02
elapsed=1.664633e+02 cycle=179 time=2.590060e+00 dt=1.447209e-02
elapsed=1.673957e+02 cycle=180 time=2.604533e+00 dt=1.447215e-02
elapsed=1.683247e+02 cycle=181 time=2.619005e+00 dt=1.447221e-02
elapsed=1.692536e+02 cycle=182 time=2.633477e+00 dt=1.447228e-02
elapsed=1.701837e+02 cycle=183 time=2.647949e+00 dt=1.447235e-02
elapsed=1.711141e+02 cycle=184 time=2.662422e+00 dt=1.447241e-02
elapsed=1.720449e+02 cycle=185 time=2.676894e+00 dt=1.447248e-02
elapsed=1.729735e+02 cycle=186 time=2.691366e+00 dt=1.447255e-02
elapsed=1.739032e+02 cycle=187 time=2.705839e+00 dt=1.447262e-02
elapsed=1.748330e+02 cycle=188 time=2.720312e+00 dt=1.447269e-02
elapsed=1.757628e+02 cycle=189 time=2.734784e+00 dt=1.447276e-02
elapsed=1.766916e+02 cycle=190 time=2.749257e+00 dt=1.447283e-02
elapsed=1.776201e+02 cycle=191 time=2.763730e+00 dt=1.447290e-02
elapsed=1.785481e+02 cycle=192 time=2.778203e+00 dt=1.447297e-02
elapsed=1.794784e+02 cycle=193 time=2.792676e+00 dt=1.447305e-02
elapsed=1.804067e+02 cycle=194 time=2.807149e+00 dt=1.447312e-02
elapsed=1.813347e+02 cycle=195 time=2.821622e+00 dt=1.447320e-02
elapsed=1.822674e+02 cycle=196 time=2.836095e+00 dt=1.447327e-02
elapsed=1.831966e+02 cycle=197 time=2.850568e+00 dt=1.447335e-02
elapsed=1.841248e+02 cycle=198 time=2.865042e+00 dt=1.447343e-02
elapsed=1.850537e+02 cycle=199 time=2.879515e+00 dt=1.447351e-02
elapsed=1.859829e+02 cycle=200 time=2.893989e+00 dt=1.447359e-02
elapsed=1.869127e+02 cycle=201 time=2.908462e+00 dt=1.447366e-02
elapsed=1.878432e+02 cycle=202 time=2.922936e+00 dt=1.447375e-02
elapsed=1.887730e+02 cycle=203 time=2.937410e+00 dt=1.447383e-02
elapsed=1.897028e+02 cycle=204 time=2.951883e+00 dt=1.447391e-02
elapsed=1.906328e+02 cycle=205 time=2.966357e+00 dt=1.447399e-02
elapsed=1.915621e+02 cycle=206 time=2.980831e+00 dt=1.447408e-02
elapsed=1.924914e+02 cycle=207 time=2.995305e+00 dt=1.447416e-02
elapsed=1.934222e+02 cycle=208 time=3.009780e+00 dt=1.447424e-02
elapsed=1.943517e+02 cycle=209 time=3.024254e+00 dt=1.447433e-02
elapsed=1.952828e+02 cycle=210 time=3.038728e+00 dt=1.447442e-02
elapsed=1.962125e+02 cycle=211 time=3.053203e+00 dt=1.447450e-02
elapsed=1.971427e+02 cycle=212 time=3.067677e+00 dt=1.447459e-02
elapsed=1.980731e+02 cycle=213 time=3.082152e+00 dt=1.447468e-02
elapsed=1.990031e+02 cycle=214 time=3.096626e+00 dt=1.447477e-02
elapsed=1.999320e+02 cycle=215 time=3.111101e+00 dt=1.447486e-02
elapsed=2.008617e+02 cycle=216 time=3.125576e+00 dt=1.447495e-02
elapsed=2.017917e+02 cycle=217 time=3.140051e+00 dt=1.447505e-02
elapsed=2.027219e+02 cycle=218 time=3.154526e+00 dt=1.447514e-02
elapsed=2.036515e+02 cycle=219 time=3.169001e+00 dt=1.447523e-02
elapsed=2.045817e+02 cycle=220 time=3.183476e+00 dt=1.447533e-02
elapsed=2.055118e+02 cycle=221 time=3.197952e+00 dt=1.447542e-02
elapsed=2.064410e+02 cycle=222 time=3.212427e+00 dt=1.447552e-02
elapsed=2.073714e+02 cycle=223 time=3.226903e+00 dt=1.447561e-02
elapsed=2.083018e+02 cycle=224 time=3.241378e+00 dt=1.447571e-02
elapsed=2.092322e+02 cycle=225 time=3.255854e+00 dt=1.447581e-02
elapsed=2.101641e+02 cycle=226 time=3.270330e+00 dt=1.447591e-02
elapsed=2.110959e+02 cycle=227 time=3.284806e+00 dt=1.447601e-02
elapsed=2.120278e+02 cycle=228 time=3.299282e+00 dt=1.447611e-02
elapsed=2.129589e+02 cycle=229 time=3.313758e+00 dt=1.447621e-02
elapsed=2.138871e+02 cycle=230 time=3.328234e+00 dt=1.447631e-02
elapsed=2.148185e+02 cycle=231 time=3.342710e+00 dt=1.447641e-02
elapsed=2.157498e+02 cycle=232 time=3.357187e+00 dt=1.447652e-02
elapsed=2.166820e+02 cycle=233 time=3.371663e+00 dt=1.447662e-02
elapsed=2.176131e+02 cycle=234 time=3.386140e+00 dt=1.447673e-02
elapsed=2.185465e+02 cycle=235 time=3.400617e+00 dt=1.447683e-02
elapsed=2.194922e+02 cycle=236 time=3.415093e+00 dt=1.447694e-02
elapsed=2.204280e+02 cycle=237 time=3.429570e+00 dt=1.447705e-02
elapsed=2.213560e+02 cycle=238 time=3.444047e+00 dt=1.447715e-02
elapsed=2.222827e+02 cycle=239 time=3.458525e+00 dt=1.447726e-02
elapsed=2.232172e+02 cycle=240 time=3.473002e+00 dt=1.447737e-02
elapsed=2.241489e+02 cycle=241 time=3.487479e+00 dt=1.447748e-02
elapsed=2.250820e+02 cycle=242 time=3.501957e+00 dt=1.447759e-02
elapsed=2.260111e+02 cycle=243 time=3.516434e+00 dt=1.447771e-02
elapsed=2.269424e+02 cycle=244 time=3.530912e+00 dt=1.447782e-02
elapsed=2.278747e+02 cycle=245 time=3.545390e+00 dt=1.447793e-02
elapsed=2.288059e+02 cycle=246 time=3.559868e+00 dt=1.447805e-02
elapsed=2.297340e+02 cycle=247 time=3.574346e+00 dt=1.447816e-02
elapsed=2.306654e+02 cycle=248 time=3.588824e+00 dt=1.447828e-02
elapsed=2.315982e+02 cycle=249 time=3.603302e+00 dt=1.447839e-02
elapsed=2.325292e+02 cycle=250 time=3.617781e+00 dt=1.447851e-02
elapsed=2.334576e+02 cycle=251 time=3.632259e+00 dt=1.447863e-02
elapsed=2.343885e+02 cycle=252 time=3.646738e+00 dt=1.447875e-02
elapsed=2.353206e+02 cycle=253 time=3.661217e+00 dt=1.447887e-02
elapsed=2.362531e+02 cycle=254 time=3.675695e+00 dt=1.447899e-02
elapsed=2.371852e+02 cycle=255 time=3.690174e+00 dt=1.447911e-02
elapsed=2.381163e+02 cycle=256 time=3.704653e+00 dt=1.447923e-02
elapsed=2.390482e+02 cycle=257 time=3.719133e+00 dt=1.447935e-02
elapsed=2.399802e+02 cycle=258 time=3.733612e+00 dt=1.447947e-02
elapsed=2.409122e+02 cycle=259 time=3.748092e+00 dt=1.447960e-02
elapsed=2.418443e+02 cycle=260 time=3.762571e+00 dt=1.447972e-02
elapsed=2.427737e+02 cycle=261 time=3.777051e+00 dt=1.447985e-02
elapsed=2.437050e+02 cycle=262 time=3.791531e+00 dt=1.447997e-02
elapsed=2.446372e+02 cycle=263 time=3.806011e+00 dt=1.448010e-02
elapsed=2.455693e+02 cycle=264 time=3.820491e+00 dt=1.448023e-02
elapsed=2.465022e+02 cycle=265 time=3.834971e+00 dt=1.448036e-02
elapsed=2.474341e+02 cycle=266 time=3.849451e+00 dt=1.448049e-02
elapsed=2.483669e+02 cycle=267 time=3.863932e+00 dt=1.448062e-02
elapsed=2.492974e+02 cycle=268 time=3.878412e+00 dt=1.448075e-02
elapsed=2.502273e+02 cycle=269 time=3.892893e+00 dt=1.448088e-02
elapsed=2.511629e+02 cycle=270 time=3.907374e+00 dt=1.448101e-02
elapsed=2.520935e+02 cycle=271 time=3.921855e+00 dt=1.448114e-02
elapsed=2.530241e+02 cycle=272 time=3.936336e+00 dt=1.448128e-02
elapsed=2.539551e+02 cycle=273 time=3.950818e+00 dt=1.448141e-02
elapsed=2.548856e+02 cycle=274 time=3.965299e+00 dt=1.448154e-02
elapsed=2.558166e+02 cycle=275 time=3.979780e+00 dt=1.448168e-02
elapsed=2.567475e+02 cycle=276 time=3.994262e+00 dt=1.448182e-02
elapsed=2.576796e+02 cycle=277 time=4.008744e+00 dt=1.448195e-02
elapsed=2.586104e+02 cycle=278 time=4.023226e+00 dt=1.448209e-02
elapsed=2.595405e+02 cycle=279 time=4.037708e+00 dt=1.448223e-02
elapsed=2.604713e+02 cycle=280 time=4.052190e+00 dt=1.448237e-02
elapsed=2.614021e+02 cycle=281 time=4.066673e+00 dt=1.448251e-02
elapsed=2.623324e+02 cycle=282 time=4.081155e+00 dt=1.448265e-02
elapsed=2.632631e+02 cycle=283 time=4.095638e+00 dt=1.448279e-02
elapsed=2.641943e+02 cycle=284 time=4.110121e+00 dt=1.448293e-02
elapsed=2.651241e+02 cycle=285 time=4.124603e+00 dt=1.448308e-02
elapsed=2.660545e+02 cycle=286 time=4.139087e+00 dt=1.448322e-02
elapsed=2.669848e+02 cycle=287 time=4.153570e+00 dt=1.448337e-02
elapsed=2.679157e+02 cycle=288 time=4.168053e+00 dt=1.448351e-02
elapsed=2.688468e+02 cycle=289 time=4.182537e+00 dt=1.448366e-02
elapsed=2.697767e+02 cycle=290 time=4.197020e+00 dt=1.448380e-02
elapsed=2.707069e+02 cycle=291 time=4.211504e+00 dt=1.448395e-02
elapsed=2.716357e+02 cycle=292 time=4.225988e+00 dt=1.448410e-02
elapsed=2.725667e+02 cycle=293 time=4.240472e+00 dt=1.448425e-02
elapsed=2.734975e+02 cycle=294 time=4.254956e+00 dt=1.448440e-02
elapsed=2.744294e+02 cycle=295 time=4.269441e+00 dt=1.448455e-02
elapsed=2.753603e+02 cycle=296 time=4.283925e+00 dt=1.448470e-02
elapsed=2.762916e+02 cycle=297 time=4.298410e+00 dt=1.448485e-02
elapsed=2.772226e+02 cycle=298 time=4.312895e+00 dt=1.448500e-02
elapsed=2.781539e+02 cycle=299 time=4.327380e+00 dt=1.448515e-02
elapsed=2.790847e+02 cycle=300 time=4.341865e+00 dt=1.448531e-02
elapsed=2.800158e+02 cycle=301 time=4.356350e+00 dt=1.448546e-02
elapsed=2.809461e+02 cycle=302 time=4.370836e+00 dt=1.448562e-02
elapsed=2.818760e+02 cycle=303 time=4.385321e+00 dt=1.448577e-02
elapsed=2.828070e+02 cycle=304 time=4.399807e+00 dt=1.448593e-02
elapsed=2.837395e+02 cycle=305 time=4.414293e+00 dt=1.448609e-02
elapsed=2.846806e+02 cycle=306 time=4.428779e+00 dt=1.448625e-02
elapsed=2.856126e+02 cycle=307 time=4.443265e+00 dt=1.448640e-02
elapsed=2.865469e+02 cycle=308 time=4.457752e+00 dt=1.448656e-02
elapsed=2.874810e+02 cycle=309 time=4.472238e+00 dt=1.448672e-02
elapsed=2.884138e+02 cycle=310 time=4.486725e+00 dt=1.448688e-02
elapsed=2.893476e+02 cycle=311 time=4.501212e+00 dt=1.448704e-02
elapsed=2.902793e+02 cycle=312 time=4.515699e+00 dt=1.448721e-02
elapsed=2.912116e+02 cycle=313 time=4.530186e+00 dt=1.448737e-02
elapsed=2.921448e+02 cycle=314 time=4.544674e+00 dt=1.448753e-02
elapsed=2.930758e+02 cycle=315 time=4.559161e+00 dt=1.448770e-02
elapsed=2.940059e+02 cycle=316 time=4.573649e+00 dt=1.448786e-02
elapsed=2.949372e+02 cycle=317 time=4.588137e+00 dt=1.448803e-02
elapsed=2.958711e+02 cycle=318 time=4.602625e+00 dt=1.448819e-02
elapsed=2.968026e+02 cycle=319 time=4.617113e+00 dt=1.448836e-02
elapsed=2.977331e+02 cycle=320 time=4.631601e+00 dt=1.448853e-02
elapsed=2.986649e+02 cycle=321 time=4.646090e+00 dt=1.448869e-02
elapsed=2.995965e+02 cycle=322 time=4.660579e+00 dt=1.448886e-02
elapsed=3.005280e+02 cycle=323 time=4.675067e+00 dt=1.448903e-02
elapsed=3.014586e+02 cycle=324 time=4.689556e+00 dt=1.448920e-02
elapsed=3.023894e+02 cycle=325 time=4.704046e+00 dt=1.448937e-02
elapsed=3.033210e+02 cycle=326 time=4.718535e+00 dt=1.448954e-02
elapsed=3.042519e+02 cycle=327 time=4.733025e+00 dt=1.448971e-02
elapsed=3.051831e+02 cycle=328 time=4.747514e+00 dt=1.448989e-02
elapsed=3.061139e+02 cycle=329 time=4.762004e+00 dt=1.449006e-02
elapsed=3.070449e+02 cycle=330 time=4.776494e+00 dt=1.449023e-02
elapsed=3.079765e+02 cycle=331 time=4.790984e+00 dt=1.449041e-02
elapsed=3.089129e+02 cycle=332 time=4.805475e+00 dt=1.449058e-02
elapsed=3.098442e+02 cycle=333 time=4.819965e+00 dt=1.449076e-02
elapsed=3.107749e+02 cycle=334 time=4.834456e+00 dt=1.449093e-02
elapsed=3.117059e+02 cycle=335 time=4.848947e+00 dt=1.449111e-02
elapsed=3.126367e+02 cycle=336 time=4.863438e+00 dt=1.449129e-02
elapsed=3.135671e+02 cycle=337 time=4.877930e+00 dt=1.449146e-02
elapsed=3.144998e+02 cycle=338 time=4.892421e+00 dt=1.449164e-02
elapsed=3.154318e+02 cycle=339 time=4.906913e+00 dt=1.449182e-02
elapsed=3.163635e+02 cycle=340 time=4.921404e+00 dt=1.449200e-02
elapsed=3.172955e+02 cycle=341 time=4.935896e+00 dt=1.449218e-02
elapsed=3.182274e+02 cycle=342 time=4.950389e+00 dt=1.449236e-02
elapsed=3.191588e+02 cycle=343 time=4.964881e+00 dt=1.449254e-02
elapsed=3.200899e+02 cycle=344 time=4.979374e+00 dt=1.449272e-02
elapsed=3.210229e+02 cycle=345 time=4.993866e+00 dt=6.133737e-03
FO-GH puncture boundedness passed: rmin=4.330127e-01, state max=1.126116e+00, near RHS max=5.350982e-01, ADM adapter error=0.000000e+00
elapsed=3.221965e+02 cycle=346 time=5.000000e+00 dt=1.226747e-02

Terminating on time limit
time=5.000000e+00 cycle=346
tlim=5.000000e+00 nlim=-1

MeshBlock-cycles = 346
cpu time used  = 3.219715e+02
zone-cycles/cpu_second = 3.521345e+04
particle-updates/cpu_second = 0.000000e+00
