
Root grid = 2 x 2 x 2 MeshBlocks
Total number of MeshBlocks = 8
Number of logical  levels of refinement = 1 (2 levels total)
Number of physical levels of refinement = 0 (1 levels total)
Number of parallel ranks = 8
  Rank = 0: 1 MeshBlocks, cost = 1
  Rank = 1: 1 MeshBlocks, cost = 1
  Rank = 2: 1 MeshBlocks, cost = 1
  Rank = 3: 1 MeshBlocks, cost = 1
  Rank = 4: 1 MeshBlocks, cost = 1
  Rank = 5: 1 MeshBlocks, cost = 1
  Rank = 6: 1 MeshBlocks, cost = 1
  Rank = 7: 1 MeshBlocks, cost = 1
Load Balancing:
  Maximum normalized cost = 1, Average = 1
reference-GH puncture minimum cell-center radius = 0.0270633
reference-GH perturbed initial RHS Linf = 3.34538e-07, component=19, radius=0.297696, coordinate reference Ricci Linf=4.68967e-08, frame reference Ricci Linf=3.33067e-16

Setup complete, executing task list(s)...

elapsed=4.666922e+00 cycle=0 time=0.000000e+00 dt=2.550572e-03
elapsed=7.111764e+00 cycle=10 time=2.550572e-02 dt=2.550572e-03
elapsed=9.632151e+00 cycle=20 time=5.101144e-02 dt=2.550572e-03
elapsed=1.215372e+01 cycle=30 time=7.651717e-02 dt=2.550572e-03
elapsed=1.490749e+01 cycle=40 time=1.020229e-01 dt=2.550572e-03
elapsed=1.742771e+01 cycle=50 time=1.275286e-01 dt=2.550572e-03
elapsed=1.994711e+01 cycle=60 time=1.530343e-01 dt=2.550572e-03
elapsed=2.247771e+01 cycle=70 time=1.785401e-01 dt=2.550572e-03
reference-GH perturbed trumpet: field Linf=9.963639e-07, constraint Linf=1.255007e-06, RHS estimate=3.345381e-07

Terminating on time limit
time=2.000000e-01 cycle=79
tlim=2.000000e-01 nlim=-1

MeshBlock-cycles = 632
cpu time used  = 2.238964e+01
zone-cycles/cpu_second = 7.399630e+06
particle-updates/cpu_second = 0.000000e+00
real 27.93
user 0.00
sys 0.00
