KokkosP: Simple Kernel Timer Library Initialized (sequence is 0, version: 20240906)
AthenaK Kokkos default execution space: SYCL

Root grid = 4 x 8 x 1 MeshBlocks
Total number of MeshBlocks = 212
Number of logical  levels of refinement = 26 (27 levels total)
Number of physical levels of refinement = 23 (24 levels total)
  Physical level = 0 (logical level = 3): 14 MeshBlocks, cost = 14
  Physical level = 1 (logical level = 4): 54 MeshBlocks, cost = 54
  Physical level = 2 (logical level = 5): 54 MeshBlocks, cost = 54
  Physical level = 3 (logical level = 6): 68 MeshBlocks, cost = 68
  Physical level = 4 (logical level = 7): 14 MeshBlocks, cost = 14
  Physical level = 5 (logical level = 8): 8 MeshBlocks, cost = 8
Number of parallel ranks = 1
AssembleZ4cTasks

Setup complete, executing task list(s)...

elapsed=4.777940e+00 cycle=3996 time=9.600108e+00 dt=2.738968e-03
elapsed=6.772935e+00 cycle=4000 time=9.611064e+00 dt=2.739192e-03
elapsed=8.315053e+00 cycle=4004 time=9.622021e+00 dt=2.739417e-03
elapsed=9.803877e+00 cycle=4008 time=9.632979e+00 dt=2.739641e-03
elapsed=1.179512e+01 cycle=4012 time=9.643938e+00 dt=2.739866e-03
output wall time = 4.178752e+00

Terminating on time limit
time=9.650000e+00 cycle=4015
tlim=9.650000e+00 nlim=-1 nmb_total_limit=-1

Current number of MeshBlocks = 212
0 MeshBlocks created, 0 deleted by AMR
0 communicated for load balancing, load balancing efficiency = 0.000000e+00

MeshBlock-cycles = 4452
cpu time used  = 1.916549e+01
zone-cycles/cpu_second = 9.514703e+05
particle-updates/cpu_second = 0.000000e+00

 (Type)   Total Time, Call Count, Avg. Time per Call, %Total Time in Kernels, %Total Program Time
-------------------------------------------------------------------------

Regions: 

- Tensor fields
 (Region)   0.058047 1 0.058047 1.054444 0.271841
- Buffers
 (Region)   0.007738 1 0.007738 0.140565 0.036238

-------------------------------------------------------------------------
Kernels: 

- Prolong VC coarse-fine boundaries
 (ParFor)   0.888392 106 0.008381 16.137943 4.160447
- z4c rhs loop
 (ParFor)   0.857450 84 0.010208 15.575859 4.015538
- z4cbc_x1
 (ParFor)   0.800375 256 0.003126 14.539077 3.748250
- Pack VC same-level buffers
 (ParFor)   0.259035 106 0.002444 4.705459 1.213092
- Unpack VC same-level buffers
 (ParFor)   0.254611 106 0.002402 4.625098 1.192375
- Pack VC same-level coarse buffers
 (ParFor)   0.222921 106 0.002103 4.049432 1.043965
- Unpack VC same-level coarse buffers
 (ParFor)   0.217686 106 0.002054 3.954333 1.019448
- Kokkos::View::initialization [d_out_var] via memset
 (ParFor)   0.175472 10176 0.000017 3.187512 0.821757
- Kokkos::ViewCopy-3D
 (ParFor)   0.172834 10176 0.000017 3.139590 0.809403
- z4c state admissibility
 (ParFor)   0.125336 656 0.000191 2.276773 0.586964
- Kokkos::View::initialization [VC shared contributors_mirror] via memset
 (ParFor)   0.111955 212 0.000528 2.033707 0.524300
- z4c Gamma rhs loop
 (ParFor)   0.102835 84 0.001224 1.868031 0.481588
- ADM Hamiltonian constraint loop
 (ParFor)   0.100848 22 0.004584 1.831937 0.472283
- GlobalCurvatureMaxKretschmann
 (ParRed)   0.100557 6 0.016759 1.826649 0.470920
- SO2-invariant vertex K-O dissipation
 (ParFor)   0.092684 84 0.001103 1.683636 0.434050
- z4c VC half-plane axis parity
 (ParFor)   0.090318 190 0.000475 1.640664 0.422972
- Kokkos::View::initialization [cc_outvar] via memset
 (ParFor)   0.081847 8 0.010231 1.486781 0.383300
- z4crhs_bc_x1
 (ParFor)   0.069339 85 0.000816 1.259558 0.324721
- z4c RK update
 (ParFor)   0.061140 84 0.000728 1.110629 0.286326
- ADM momentum constraint loop
 (ParFor)   0.059964 22 0.002726 1.089269 0.280819
- prescribed zero shift invariant
 (ParRed)   0.059902 84 0.000713 1.088139 0.280528
- Kokkos::View::initialization [] via memset
 (ParFor)   0.056386 98 0.000575 1.024279 0.264064
- Kokkos::View::initialization [rst-cc-in] via memset
 (ParFor)   0.055227 2 0.027614 1.003218 0.258635
- z4crhs_bc_x2
 (ParFor)   0.049850 85 0.000586 0.905542 0.233453
- z4c gauge rhs loop
 (ParFor)   0.045934 84 0.000547 0.834406 0.215114
- CopyCons
 (ParFor)   0.038009 63 0.000603 0.690445 0.178000
- z4c timestep source rate
 (ParRed)   0.031382 22 0.001426 0.570070 0.146967
- z4c_diag
 (ParFor)   0.023910 1 0.023910 0.434334 0.111974
- initialize z4c fields
 (ParFor)   0.022477 22 0.001022 0.408305 0.105263
- inject native VC restriction
 (ParFor)   0.018508 106 0.000175 0.336199 0.086674
- apply deterministic VC shared averages
 (ParFor)   0.016388 212 0.000077 0.297692 0.076747
- Kokkos::View::initialization [z4c first inadmissible key] via memset
 (ParFor)   0.016171 656 0.000025 0.293751 0.075731
- Kokkos::ViewFill-1D
 (ParFor)   0.014691 678 0.000022 0.266873 0.068801
- pack VC shared contributors
 (ParFor)   0.014433 212 0.000068 0.262183 0.067592
- Cartoon native vertex center diagnostic
 (ParFor)   0.014328 22 0.000651 0.260264 0.067097
- fill active order-matched VC-to-CC ADM adapter
 (ParFor)   0.013918 22 0.000633 0.252819 0.065178
- fill bounded VC-to-CC ADM adapter ghosts
 (ParFor)   0.012876 22 0.000585 0.233902 0.060301
- Alg constr loop
 (ParFor)   0.012788 21 0.000609 0.232299 0.059888
- verify deterministic VC shared averages
 (ParFor)   0.011575 212 0.000055 0.210259 0.054206
- enforce evolved vertex axis regularity
 (ParFor)   0.011470 294 0.000039 0.208349 0.053714
- Z4c VC half-plane constraint axis parity
 (ParFor)   0.011405 22 0.000518 0.207184 0.053413
- HistSums
 (ParRed)   0.011030 6 0.001838 0.200367 0.051656
- z4cbc_x2
 (ParFor)   0.009635 256 0.000038 0.175022 0.045122
- GlobalCurvatureMaxAbsK
 (ParRed)   0.008226 6 0.001371 0.149427 0.038523
- Kokkos::View::initialization [d_out_var_mirror] via memset
 (ParFor)   0.008218 10176 0.000001 0.149275 0.038484
- Kokkos::View::initialization [_mirror]
 (ParFor)   0.007928 3 0.002643 0.144009 0.037126
- Kokkos::View::initialization [vertex axis regularity records] via memset
 (ParFor)   0.006264 294 0.000021 0.113783 0.029334
- z4c timestep spatial
 (ParRed)   0.006016 22 0.000273 0.109283 0.028174
- z4c timestep speed
 (ParRed)   0.005605 22 0.000255 0.101816 0.026249
- Kokkos::View::initialization [VC shared contributors] via memset
 (ParFor)   0.005100 212 0.000024 0.092635 0.023882
- Kokkos::View::initialization []
 (ParFor)   0.004525 3 0.001508 0.082193 0.021190
- Cartoon constraint axis off-axis and layer sums
 (ParRed)   0.004230 6 0.000705 0.076844 0.019811
- Kokkos::View::initialization [VC shared sync mismatches] via memset
 (ParFor)   0.003903 212 0.000018 0.070902 0.018279
- Z4c_AMR::DchiMax
 (ParFor)   0.003516 21 0.000167 0.063877 0.016468
- Cartoon constraint Linf location
 (ParRed)   0.002794 24 0.000116 0.050750 0.013084
- Kokkos::View::initialization [u0 z4c] via memset
 (ParFor)   0.001838 2 0.000919 0.033392 0.008609
- Kokkos::View::initialization [u1 z4c] via memset
 (ParFor)   0.001838 2 0.000919 0.033387 0.008607
- Kokkos::View::initialization [lb send data] via memset
 (ParFor)   0.001836 2 0.000918 0.033353 0.008598
- Kokkos::View::initialization [u_rhs z4c] via memset
 (ParFor)   0.001836 2 0.000918 0.033353 0.008598
- Kokkos::View::initialization [lb recv data] via memset
 (ParFor)   0.001792 2 0.000896 0.032551 0.008392
- Kokkos::View::initialization [invalid VC boundary prolongation] via memset
 (ParFor)   0.001735 106 0.000016 0.031512 0.008124
- Kokkos::View::initialization [derived-var] via memset
 (ParFor)   0.001359 6 0.000226 0.024686 0.006364
- Kokkos::View::initialization [u_adm native z4c] via memset
 (ParFor)   0.001251 2 0.000625 0.022725 0.005858
- Kokkos::View::initialization [lb send buff]
 (ParFor)   0.001227 1 0.001227 0.022287 0.005746
- Kokkos::View::initialization [u_adm] via memset
 (ParFor)   0.001176 2 0.000588 0.021360 0.005507
- Z4c_AMR::DchiArgmax
 (ParFor)   0.001116 21 0.000053 0.020269 0.005225
- Kokkos::View::initialization [coarse u0 z4c] via memset
 (ParFor)   0.000594 2 0.000297 0.010793 0.002782
- Z4cHistoryMaxAbsK
 (ParRed)   0.000587 6 0.000098 0.010658 0.002748
- Kokkos::View::initialization [Cartoon native vertex center values] via memset
 (ParFor)   0.000542 22 0.000025 0.009840 0.002537
- Kokkos::View::initialization [u_con] via memset
 (ParFor)   0.000442 2 0.000221 0.008030 0.002070
- Kokkos::View::initialization [Cartoon native vertex center flags] via memset
 (ParFor)   0.000371 22 0.000017 0.006739 0.001737
- Kokkos::View::initialization [_mirror] via memset
 (ParFor)   0.000317 7 0.000045 0.005752 0.001483
- Kokkos::View::initialization [u_weyl] via memset
 (ParFor)   0.000159 2 0.000080 0.002889 0.000745
- Kokkos::View::initialization [rflag] via memset
 (ParFor)   0.000099 1 0.000099 0.001802 0.000464
- Kokkos::View::initialization [mb_gid] via memset
 (ParFor)   0.000099 1 0.000099 0.001797 0.000463
- Kokkos::View::initialization [u_telegraph_mu] via memset
 (ParFor)   0.000090 2 0.000045 0.001633 0.000421
- Kokkos::View::initialization [uin] via memset
 (ParFor)   0.000085 4 0.000021 0.001542 0.000397
- Kokkos::View::initialization [bin] via memset
 (ParFor)   0.000062 4 0.000016 0.001135 0.000293
- Kokkos::View::initialization [iin] via memset
 (ParFor)   0.000062 4 0.000016 0.001130 0.000291
- Kokkos::View::initialization [coarse_u_weyl] via memset
 (ParFor)   0.000061 2 0.000031 0.001113 0.000287
- Kokkos::View::initialization [lb recv buff]
 (ParFor)   0.000026 1 0.000026 0.000472 0.000122
- Kokkos::View::initialization [mbsize] via memset
 (ParFor)   0.000019 1 0.000019 0.000346 0.000089
- Kokkos::View::initialization [excision_floor] via memset
 (ParFor)   0.000017 1 0.000017 0.000312 0.000080
- Kokkos::View::initialization [mb_lev] via memset
 (ParFor)   0.000017 1 0.000017 0.000307 0.000079
- Kokkos::View::initialization [lb send buff_mirror]
 (ParFor)   0.000017 1 0.000017 0.000307 0.000079
- Kokkos::View::initialization [mbbcs] via memset
 (ParFor)   0.000017 1 0.000017 0.000307 0.000079
- Kokkos::View::initialization [derived_ref_vars] via memset
 (ParFor)   0.000016 1 0.000016 0.000290 0.000075
- Kokkos::View::initialization [ru] via memset
 (ParFor)   0.000016 1 0.000016 0.000290 0.000075
- Kokkos::View::initialization [chi provenance terms] via memset
 (ParFor)   0.000015 1 0.000015 0.000269 0.000069
- Kokkos::View::initialization [excision_flux] via memset
 (ParFor)   0.000014 1 0.000014 0.000251 0.000065
- Kokkos::View::initialization [DualView::modified_flags] via memset
 (ParFor)   0.000009 23 0.000000 0.000160 0.000041
- Kokkos::View::initialization [mbsize_mirror] via memset
 (ParFor)   0.000005 1 0.000005 0.000091 0.000023
- Kokkos::View::initialization [lb recv buff_mirror]
 (ParFor)   0.000002 1 0.000002 0.000039 0.000010
- Kokkos::View::initialization [iin_mirror] via memset
 (ParFor)   0.000002 4 0.000001 0.000039 0.000010
- Kokkos::View::initialization [fc_outvar.x1f] via memset
 (ParFor)   0.000002 5 0.000000 0.000035 0.000009
- Kokkos::View::initialization [fc_outvar.x3f] via memset
 (ParFor)   0.000002 5 0.000000 0.000035 0.000009
- Kokkos::View::initialization [cyc_since_ref] via memset
 (ParFor)   0.000001 1 0.000001 0.000022 0.000006
- Kokkos::View::initialization [uin_mirror] via memset
 (ParFor)   0.000001 4 0.000000 0.000017 0.000004
- Kokkos::View::initialization [fc_outvar.x2f] via memset
 (ParFor)   0.000001 5 0.000000 0.000017 0.000004
- Kokkos::View::initialization [mb_lev_mirror] via memset
 (ParFor)   0.000001 1 0.000001 0.000017 0.000004
- Kokkos::View::initialization [bin_mirror] via memset
 (ParFor)   0.000001 4 0.000000 0.000017 0.000004
- Kokkos::View::initialization [rst-fc-in.x3f] via memset
 (ParFor)   0.000000 1 0.000000 0.000000 0.000000
- Kokkos::View::initialization [rst-fc-in.x2f] via memset
 (ParFor)   0.000000 1 0.000000 0.000000 0.000000
- Kokkos::View::initialization [mb_gid_mirror] via memset
 (ParFor)   0.000000 1 0.000000 0.000000 0.000000
- Kokkos::View::initialization [rst-fc-in.x1f] via memset
 (ParFor)   0.000000 1 0.000000 0.000000 0.000000
- Kokkos::View::initialization [mbbcs_mirror] via memset
 (ParFor)   0.000000 1 0.000000 0.000000 0.000000
- Kokkos::View::initialization [rflag_mirror] via memset
 (ParFor)   0.000000 1 0.000000 0.000000 0.000000

-------------------------------------------------------------------------
Summary:

Total Execution Time (incl. Kokkos + non-Kokkos):                  21.35330 seconds
Total Time in Kokkos kernels:                                       5.50499 seconds
   -> Time outside Kokkos kernels:                                 15.84830 seconds
   -> Percentage in Kokkos kernels:                                   25.78 %
Total Calls to Kokkos Kernels:                                        37177
-------------------------------------------------------------------------

