
Root grid = 2 x 2 x 2 MeshBlocks
Total number of MeshBlocks = 8
Number of logical  levels of refinement = 1 (2 levels total)
Number of physical levels of refinement = 0 (1 levels total)
Number of parallel ranks = 1
reference-GH puncture minimum cell-center radius = 0.0541266
reference-GH stationary physical-target audit: |F-H_constraint|_Linf=1.32161e-12, |tildeGamma|_Linf=1.77636e-15, |stored_Hhat_A|_Linf=3.33955e-13, |stored_theta_A|_Linf=2.06057e-12
ref_gh debug fence passed: ref_gh CalcRHS zero
ref_gh debug fence passed: ref_gh CalcRHS psi
ref_gh debug fence passed: ref_gh CalcRHS gauge_driver
ref_gh debug fence passed: ref_gh CalcRHS primary
ref_gh debug fence passed: ref_gh CalcRHS compatible_phi
ref_gh debug fence passed: ref_gh CalcRHS gamma2
ref_gh debug fence passed: ref_gh CalcRHS
reference-GH stationary initial RHS Linf = 6.67244e-12, component=52, radius=0.16238, coordinate reference Ricci Linf=3.75621e-10, frame reference Ricci Linf=3.33067e-16
ref_gh debug fence passed: ref_gh RestrictU
ref_gh debug fence passed: ref_gh InitRecv
ref_gh debug fence passed: ref_gh SendU
ref_gh debug fence passed: ref_gh RecvU
ref_gh debug fence passed: ref_gh Prolongate
ref_gh debug fence passed: ref_gh ApplyPhysicalBCs projected trumpet metric
ref_gh debug fence passed: ref_gh ApplyPhysicalBCs projected trumpet gauge
ref_gh debug fence passed: ref_gh diagnostics reference
ref_gh debug fence passed: ref_gh diagnostics ADM reconstruction
ref_gh debug fence passed: ref_gh diagnostics constraints
ref_gh debug fence passed: ref_gh diagnostics metric condition
ref_gh debug fence passed: ref_gh NewTimeStep
ref_gh debug fence passed: ref_gh q-controller samples
ref_gh debug fence passed: ref_gh q-controller sums
ref_gh debug fence passed: ref_gh q-controller extrema
ref_gh debug fence passed: ref_gh MeasureQController
ref_gh debug fence passed: ref_gh diagnostics reference
ref_gh debug fence passed: ref_gh diagnostics ADM reconstruction
ref_gh debug fence passed: ref_gh diagnostics constraints
ref_gh debug fence passed: ref_gh diagnostics metric condition
ref_gh debug fence passed: ref_gh history sums
ref_gh debug fence passed: ref_gh history state maxima
ref_gh debug fence passed: ref_gh history diagnostic maxima
ref_gh debug fence passed: ref_gh history geometry maxima

Setup complete, executing task list(s)...

elapsed=1.012861e+00 cycle=0 time=0.000000e+00 dt=1.292972e-02
ref_gh debug fence passed: ref_gh InitRecv
ref_gh debug fence passed: ref_gh CopyU
ref_gh debug fence passed: ref_gh q-controller samples
ref_gh debug fence passed: ref_gh q-controller sums
ref_gh debug fence passed: ref_gh q-controller extrema
ref_gh debug fence passed: ref_gh MeasureQController
ref_gh debug fence passed: ref_gh UpdateReference
ref_gh debug fence passed: ref_gh CalcRHS zero
ref_gh debug fence passed: ref_gh CalcRHS psi
ref_gh debug fence passed: ref_gh CalcRHS gauge_driver
ref_gh debug fence passed: ref_gh CalcRHS primary
ref_gh debug fence passed: ref_gh CalcRHS compatible_phi
ref_gh debug fence passed: ref_gh CalcRHS gamma2
ref_gh debug fence passed: ref_gh CalcRHS
ref_gh debug fence passed: ref_gh ExpRKUpdate
ref_gh debug fence passed: ref_gh RestrictU
ref_gh debug fence passed: ref_gh SendU
ref_gh debug fence passed: ref_gh RecvU
ref_gh debug fence passed: ref_gh Prolongate
ref_gh debug fence passed: ref_gh ApplyPhysicalBCs projected trumpet metric
ref_gh debug fence passed: ref_gh ApplyPhysicalBCs projected trumpet gauge
ref_gh debug fence passed: ref_gh InitRecv
ref_gh debug fence passed: ref_gh CopyU
ref_gh debug fence passed: ref_gh q-controller samples
ref_gh debug fence passed: ref_gh q-controller sums
ref_gh debug fence passed: ref_gh q-controller extrema
ref_gh debug fence passed: ref_gh MeasureQController
ref_gh debug fence passed: ref_gh UpdateReference
ref_gh debug fence passed: ref_gh CalcRHS zero
ref_gh debug fence passed: ref_gh CalcRHS psi
ref_gh debug fence passed: ref_gh CalcRHS gauge_driver
ref_gh debug fence passed: ref_gh CalcRHS primary
ref_gh debug fence passed: ref_gh CalcRHS compatible_phi
ref_gh debug fence passed: ref_gh CalcRHS gamma2
ref_gh debug fence passed: ref_gh CalcRHS
ref_gh debug fence passed: ref_gh ExpRKUpdate
ref_gh debug fence passed: ref_gh RestrictU
ref_gh debug fence passed: ref_gh SendU
ref_gh debug fence passed: ref_gh RecvU
ref_gh debug fence passed: ref_gh Prolongate
ref_gh debug fence passed: ref_gh ApplyPhysicalBCs projected trumpet metric
ref_gh debug fence passed: ref_gh ApplyPhysicalBCs projected trumpet gauge
ref_gh debug fence passed: ref_gh InitRecv
ref_gh debug fence passed: ref_gh CopyU
ref_gh debug fence passed: ref_gh q-controller samples
ref_gh debug fence passed: ref_gh q-controller sums
ref_gh debug fence passed: ref_gh q-controller extrema
ref_gh debug fence passed: ref_gh MeasureQController
ref_gh debug fence passed: ref_gh UpdateReference
ref_gh debug fence passed: ref_gh CalcRHS zero
ref_gh debug fence passed: ref_gh CalcRHS psi
ref_gh debug fence passed: ref_gh CalcRHS gauge_driver
ref_gh debug fence passed: ref_gh CalcRHS primary
ref_gh debug fence passed: ref_gh CalcRHS compatible_phi
ref_gh debug fence passed: ref_gh CalcRHS gamma2
ref_gh debug fence passed: ref_gh CalcRHS
ref_gh debug fence passed: ref_gh ExpRKUpdate
ref_gh debug fence passed: ref_gh RestrictU
ref_gh debug fence passed: ref_gh SendU
ref_gh debug fence passed: ref_gh RecvU
ref_gh debug fence passed: ref_gh Prolongate
ref_gh debug fence passed: ref_gh ApplyPhysicalBCs projected trumpet metric
ref_gh debug fence passed: ref_gh ApplyPhysicalBCs projected trumpet gauge
ref_gh debug fence passed: ref_gh InitRecv
ref_gh debug fence passed: ref_gh CopyU
ref_gh debug fence passed: ref_gh q-controller samples
ref_gh debug fence passed: ref_gh q-controller sums
ref_gh debug fence passed: ref_gh q-controller extrema
ref_gh debug fence passed: ref_gh MeasureQController
ref_gh debug fence passed: ref_gh UpdateReference
ref_gh debug fence passed: ref_gh CalcRHS zero
ref_gh debug fence passed: ref_gh CalcRHS psi
ref_gh debug fence passed: ref_gh CalcRHS gauge_driver
ref_gh debug fence passed: ref_gh CalcRHS primary
ref_gh debug fence passed: ref_gh CalcRHS compatible_phi
ref_gh debug fence passed: ref_gh CalcRHS gamma2
ref_gh debug fence passed: ref_gh CalcRHS
ref_gh debug fence passed: ref_gh ExpRKUpdate
ref_gh debug fence passed: ref_gh RestrictU
ref_gh debug fence passed: ref_gh SendU
ref_gh debug fence passed: ref_gh RecvU
ref_gh debug fence passed: ref_gh Prolongate
ref_gh debug fence passed: ref_gh ApplyPhysicalBCs projected trumpet metric
ref_gh debug fence passed: ref_gh ApplyPhysicalBCs projected trumpet gauge
ref_gh debug fence passed: ref_gh NewTimeStep
ref_gh debug fence passed: ref_gh q-controller samples
ref_gh debug fence passed: ref_gh q-controller sums
ref_gh debug fence passed: ref_gh q-controller extrema
ref_gh debug fence passed: ref_gh MeasureQController
ref_gh debug fence passed: ref_gh diagnostics reference
ref_gh debug fence passed: ref_gh diagnostics ADM reconstruction
ref_gh debug fence passed: ref_gh diagnostics constraints
ref_gh debug fence passed: ref_gh diagnostics metric condition
ref_gh debug fence passed: ref_gh history sums
ref_gh debug fence passed: ref_gh history state maxima
ref_gh debug fence passed: ref_gh history diagnostic maxima
ref_gh debug fence passed: ref_gh history geometry maxima
reference-GH stationary trumpet: field Linf=1.716819e-10, physical metric Linf=7.716494e-12, lapse Linf=7.494005e-16, shift Linf=2.775558e-16, constraint Linf=4.777338e-11, RHS estimate=6.672440e-12
elapsed=3.602194e+00 cycle=1 time=1.292972e-02 dt=1.292972e-02

Terminating on cycle limit
time=1.292972e-02 cycle=1
tlim=1.000000e+00 nlim=1

MeshBlock-cycles = 8
cpu time used  = 2.589337e+00
zone-cycles/cpu_second = 1.581872e+03
particle-updates/cpu_second = 0.000000e+00
