
Root grid = 1 x 1 x 1 MeshBlocks
Total number of MeshBlocks = 1
Number of logical  levels of refinement = 0 (1 levels total)
Number of physical levels of refinement = 0 (1 levels total)
Number of parallel ranks = 1
### WARNING in /home/hzhu/Desktop/research/gr/athenak/src/parameter_input.cpp: input parameter <output2>/file_type = rst was not used by the code (check for a typo)

Setup complete, executing task list(s)...

elapsed=4.664707e-02 cycle=0 time=0.000000e+00 dt=1.681669e-02
elapsed=2.056566e-01 cycle=1 time=1.681669e-02 dt=1.681669e-02
elapsed=3.614119e-01 cycle=2 time=3.363339e-02 dt=1.681669e-02
elapsed=5.255471e-01 cycle=3 time=5.045007e-02 dt=1.681668e-02
elapsed=6.841426e-01 cycle=4 time=6.726675e-02 dt=1.681666e-02
elapsed=8.431265e-01 cycle=5 time=8.408341e-02 dt=1.681665e-02
elapsed=1.004153e+00 cycle=6 time=1.009001e-01 dt=1.681663e-02
elapsed=1.164734e+00 cycle=7 time=1.177167e-01 dt=1.681661e-02
elapsed=1.324298e+00 cycle=8 time=1.345333e-01 dt=1.681658e-02
elapsed=1.484234e+00 cycle=9 time=1.513499e-01 dt=1.681656e-02
elapsed=1.644359e+00 cycle=10 time=1.681664e-01 dt=1.681653e-02
elapsed=1.804866e+00 cycle=11 time=1.849830e-01 dt=1.681650e-02
elapsed=1.964861e+00 cycle=12 time=2.017995e-01 dt=1.681647e-02
elapsed=2.124484e+00 cycle=13 time=2.186159e-01 dt=1.681643e-02
elapsed=2.284069e+00 cycle=14 time=2.354324e-01 dt=1.681640e-02
elapsed=2.443646e+00 cycle=15 time=2.522488e-01 dt=1.681636e-02
elapsed=2.604097e+00 cycle=16 time=2.690651e-01 dt=1.681633e-02
elapsed=2.765604e+00 cycle=17 time=2.858814e-01 dt=1.681629e-02
elapsed=2.927287e+00 cycle=18 time=3.026977e-01 dt=1.681626e-02
elapsed=3.087525e+00 cycle=19 time=3.195140e-01 dt=1.681622e-02
elapsed=3.245339e+00 cycle=20 time=3.363302e-01 dt=1.681618e-02
elapsed=3.403535e+00 cycle=21 time=3.531464e-01 dt=1.681615e-02
elapsed=3.562521e+00 cycle=22 time=3.699625e-01 dt=1.681611e-02
elapsed=3.720453e+00 cycle=23 time=3.867787e-01 dt=1.681608e-02
elapsed=3.879683e+00 cycle=24 time=4.035947e-01 dt=1.681604e-02
elapsed=4.036798e+00 cycle=25 time=4.204108e-01 dt=1.681600e-02
elapsed=4.193654e+00 cycle=26 time=4.372268e-01 dt=1.681597e-02
elapsed=4.350382e+00 cycle=27 time=4.540428e-01 dt=1.681594e-02
elapsed=4.507629e+00 cycle=28 time=4.708587e-01 dt=1.681590e-02
elapsed=4.665035e+00 cycle=29 time=4.876746e-01 dt=1.681587e-02
elapsed=4.822323e+00 cycle=30 time=5.044905e-01 dt=1.681584e-02
elapsed=4.981290e+00 cycle=31 time=5.213063e-01 dt=1.681581e-02
elapsed=5.140890e+00 cycle=32 time=5.381221e-01 dt=1.681579e-02
elapsed=5.300487e+00 cycle=33 time=5.549379e-01 dt=1.681576e-02
elapsed=5.460427e+00 cycle=34 time=5.717537e-01 dt=1.681573e-02
elapsed=5.620195e+00 cycle=35 time=5.885694e-01 dt=1.681571e-02
elapsed=5.780327e+00 cycle=36 time=6.053851e-01 dt=1.681569e-02
elapsed=5.939622e+00 cycle=37 time=6.222008e-01 dt=1.681567e-02
elapsed=6.099034e+00 cycle=38 time=6.390165e-01 dt=1.681565e-02
elapsed=6.258609e+00 cycle=39 time=6.558321e-01 dt=1.681564e-02
elapsed=6.420641e+00 cycle=40 time=6.726478e-01 dt=1.681562e-02
elapsed=6.581617e+00 cycle=41 time=6.894634e-01 dt=1.681561e-02
elapsed=6.743254e+00 cycle=42 time=7.062790e-01 dt=1.681560e-02
elapsed=6.905623e+00 cycle=43 time=7.230946e-01 dt=1.681559e-02
elapsed=7.063827e+00 cycle=44 time=7.399102e-01 dt=1.681559e-02
elapsed=7.224382e+00 cycle=45 time=7.567258e-01 dt=1.681559e-02
elapsed=7.383835e+00 cycle=46 time=7.735414e-01 dt=1.681559e-02
elapsed=7.547555e+00 cycle=47 time=7.903569e-01 dt=1.681559e-02
elapsed=7.706137e+00 cycle=48 time=8.071725e-01 dt=1.681560e-02
elapsed=7.864497e+00 cycle=49 time=8.239881e-01 dt=1.681561e-02
elapsed=8.023958e+00 cycle=50 time=8.408037e-01 dt=1.681562e-02
elapsed=8.183415e+00 cycle=51 time=8.576194e-01 dt=1.681564e-02
elapsed=8.342694e+00 cycle=52 time=8.744350e-01 dt=1.681565e-02
elapsed=8.500946e+00 cycle=53 time=8.912506e-01 dt=1.681568e-02
elapsed=8.661169e+00 cycle=54 time=9.080663e-01 dt=1.681570e-02
elapsed=8.821354e+00 cycle=55 time=9.248820e-01 dt=1.681573e-02
elapsed=8.981700e+00 cycle=56 time=9.416978e-01 dt=1.681577e-02
elapsed=9.141824e+00 cycle=57 time=9.585135e-01 dt=1.681580e-02
elapsed=9.303085e+00 cycle=58 time=9.753293e-01 dt=1.681584e-02
elapsed=9.463325e+00 cycle=59 time=9.921452e-01 dt=1.681589e-02
elapsed=9.622217e+00 cycle=60 time=1.008961e+00 dt=1.681594e-02
elapsed=9.779480e+00 cycle=61 time=1.025777e+00 dt=1.681599e-02
elapsed=9.937703e+00 cycle=62 time=1.042593e+00 dt=1.681605e-02
elapsed=1.009870e+01 cycle=63 time=1.059409e+00 dt=1.681611e-02
elapsed=1.026131e+01 cycle=64 time=1.076225e+00 dt=1.681618e-02
elapsed=1.042488e+01 cycle=65 time=1.093041e+00 dt=1.681625e-02
elapsed=1.058764e+01 cycle=66 time=1.109858e+00 dt=1.681633e-02
elapsed=1.074465e+01 cycle=67 time=1.126674e+00 dt=1.681641e-02
elapsed=1.090161e+01 cycle=68 time=1.143490e+00 dt=1.681650e-02
elapsed=1.105847e+01 cycle=69 time=1.160307e+00 dt=1.681659e-02
elapsed=1.121549e+01 cycle=70 time=1.177123e+00 dt=1.681669e-02
elapsed=1.137275e+01 cycle=71 time=1.193940e+00 dt=1.681679e-02
elapsed=1.152970e+01 cycle=72 time=1.210757e+00 dt=1.681690e-02
elapsed=1.168749e+01 cycle=73 time=1.227574e+00 dt=1.681701e-02
elapsed=1.184821e+01 cycle=74 time=1.244391e+00 dt=1.681713e-02
elapsed=1.200972e+01 cycle=75 time=1.261208e+00 dt=1.681726e-02
elapsed=1.217010e+01 cycle=76 time=1.278025e+00 dt=1.681739e-02
elapsed=1.232984e+01 cycle=77 time=1.294843e+00 dt=1.681753e-02
elapsed=1.249209e+01 cycle=78 time=1.311660e+00 dt=1.681768e-02
elapsed=1.265280e+01 cycle=79 time=1.328478e+00 dt=1.681783e-02
elapsed=1.281507e+01 cycle=80 time=1.345296e+00 dt=1.681799e-02
elapsed=1.297579e+01 cycle=81 time=1.362114e+00 dt=1.681816e-02
elapsed=1.313707e+01 cycle=82 time=1.378932e+00 dt=1.681833e-02
elapsed=1.329815e+01 cycle=83 time=1.395750e+00 dt=1.681851e-02
elapsed=1.345931e+01 cycle=84 time=1.412569e+00 dt=1.681870e-02
elapsed=1.361941e+01 cycle=85 time=1.429387e+00 dt=1.681889e-02
elapsed=1.379103e+01 cycle=86 time=1.446206e+00 dt=1.681909e-02
elapsed=1.395304e+01 cycle=87 time=1.463025e+00 dt=1.681930e-02
elapsed=1.412357e+01 cycle=88 time=1.479845e+00 dt=1.681952e-02
elapsed=1.428369e+01 cycle=89 time=1.496664e+00 dt=1.681975e-02
elapsed=1.444908e+01 cycle=90 time=1.513484e+00 dt=1.681998e-02
elapsed=1.461046e+01 cycle=91 time=1.530304e+00 dt=1.682022e-02
elapsed=1.477509e+01 cycle=92 time=1.547124e+00 dt=1.682047e-02
elapsed=1.493708e+01 cycle=93 time=1.563945e+00 dt=1.682073e-02
elapsed=1.510117e+01 cycle=94 time=1.580765e+00 dt=1.682100e-02
elapsed=1.526078e+01 cycle=95 time=1.597586e+00 dt=1.682128e-02
elapsed=1.542653e+01 cycle=96 time=1.614408e+00 dt=1.682156e-02
elapsed=1.558804e+01 cycle=97 time=1.631229e+00 dt=1.682186e-02
elapsed=1.574853e+01 cycle=98 time=1.648051e+00 dt=1.682216e-02
elapsed=1.590781e+01 cycle=99 time=1.664873e+00 dt=1.682247e-02
elapsed=1.607518e+01 cycle=100 time=1.681696e+00 dt=1.682280e-02
elapsed=1.623658e+01 cycle=101 time=1.698518e+00 dt=1.682313e-02
elapsed=1.639655e+01 cycle=102 time=1.715342e+00 dt=1.682347e-02
elapsed=1.656590e+01 cycle=103 time=1.732165e+00 dt=1.682382e-02
elapsed=1.673758e+01 cycle=104 time=1.748989e+00 dt=1.682418e-02
elapsed=1.690377e+01 cycle=105 time=1.765813e+00 dt=1.682456e-02
elapsed=1.706463e+01 cycle=106 time=1.782638e+00 dt=1.682494e-02
elapsed=1.722162e+01 cycle=107 time=1.799462e+00 dt=1.682533e-02
elapsed=1.737845e+01 cycle=108 time=1.816288e+00 dt=1.682573e-02
elapsed=1.753545e+01 cycle=109 time=1.833114e+00 dt=1.682615e-02
elapsed=1.769256e+01 cycle=110 time=1.849940e+00 dt=1.682657e-02
elapsed=1.784934e+01 cycle=111 time=1.866766e+00 dt=1.682700e-02
elapsed=1.800811e+01 cycle=112 time=1.883593e+00 dt=1.682745e-02
elapsed=1.819010e+01 cycle=113 time=1.900421e+00 dt=1.682791e-02
elapsed=1.834949e+01 cycle=114 time=1.917249e+00 dt=1.682837e-02
elapsed=1.850544e+01 cycle=115 time=1.934077e+00 dt=1.682885e-02
elapsed=1.866904e+01 cycle=116 time=1.950906e+00 dt=1.682934e-02
elapsed=1.883156e+01 cycle=117 time=1.967735e+00 dt=1.682984e-02
elapsed=1.899638e+01 cycle=118 time=1.984565e+00 dt=1.683036e-02
elapsed=1.915887e+01 cycle=119 time=2.001395e+00 dt=1.683088e-02
elapsed=1.932125e+01 cycle=120 time=2.018226e+00 dt=1.683142e-02
elapsed=1.948496e+01 cycle=121 time=2.035058e+00 dt=1.683196e-02
elapsed=1.964903e+01 cycle=122 time=2.051890e+00 dt=1.683252e-02
elapsed=1.981059e+01 cycle=123 time=2.068722e+00 dt=1.683309e-02
elapsed=1.997241e+01 cycle=124 time=2.085555e+00 dt=1.683368e-02
elapsed=2.012848e+01 cycle=125 time=2.102389e+00 dt=1.683427e-02
elapsed=2.028703e+01 cycle=126 time=2.119223e+00 dt=1.683488e-02
elapsed=2.044760e+01 cycle=127 time=2.136058e+00 dt=1.683550e-02
elapsed=2.060588e+01 cycle=128 time=2.152894e+00 dt=1.683613e-02
elapsed=2.076493e+01 cycle=129 time=2.169730e+00 dt=1.683678e-02
elapsed=2.093044e+01 cycle=130 time=2.186567e+00 dt=1.683743e-02
elapsed=2.109066e+01 cycle=131 time=2.203404e+00 dt=1.683810e-02
elapsed=2.125142e+01 cycle=132 time=2.220242e+00 dt=1.683878e-02
elapsed=2.141200e+01 cycle=133 time=2.237081e+00 dt=1.683948e-02
elapsed=2.157292e+01 cycle=134 time=2.253920e+00 dt=1.684018e-02
elapsed=2.173411e+01 cycle=135 time=2.270760e+00 dt=1.684090e-02
elapsed=2.189566e+01 cycle=136 time=2.287601e+00 dt=1.684163e-02
elapsed=2.205909e+01 cycle=137 time=2.304443e+00 dt=1.684238e-02
elapsed=2.221980e+01 cycle=138 time=2.321285e+00 dt=1.684314e-02
elapsed=2.238560e+01 cycle=139 time=2.338129e+00 dt=1.684391e-02
elapsed=2.255280e+01 cycle=140 time=2.354972e+00 dt=1.684469e-02
elapsed=2.270961e+01 cycle=141 time=2.371817e+00 dt=1.684549e-02
elapsed=2.287261e+01 cycle=142 time=2.388663e+00 dt=1.684630e-02
elapsed=2.303611e+01 cycle=143 time=2.405509e+00 dt=1.684712e-02
elapsed=2.320004e+01 cycle=144 time=2.422356e+00 dt=1.684795e-02
elapsed=2.336848e+01 cycle=145 time=2.439204e+00 dt=1.684880e-02
elapsed=2.353139e+01 cycle=146 time=2.456053e+00 dt=1.684966e-02
elapsed=2.369426e+01 cycle=147 time=2.472902e+00 dt=1.685053e-02
elapsed=2.385737e+01 cycle=148 time=2.489753e+00 dt=1.685142e-02
elapsed=2.402027e+01 cycle=149 time=2.506604e+00 dt=1.685232e-02
elapsed=2.418195e+01 cycle=150 time=2.523457e+00 dt=1.685323e-02
elapsed=2.434289e+01 cycle=151 time=2.540310e+00 dt=1.685416e-02
elapsed=2.450918e+01 cycle=152 time=2.557164e+00 dt=1.685510e-02
elapsed=2.468343e+01 cycle=153 time=2.574019e+00 dt=1.685605e-02
elapsed=2.484092e+01 cycle=154 time=2.590875e+00 dt=1.685701e-02
elapsed=2.499844e+01 cycle=155 time=2.607732e+00 dt=1.685799e-02
elapsed=2.515590e+01 cycle=156 time=2.624590e+00 dt=1.685898e-02
elapsed=2.531616e+01 cycle=157 time=2.641449e+00 dt=1.685998e-02
elapsed=2.547495e+01 cycle=158 time=2.658309e+00 dt=1.686100e-02
elapsed=2.563405e+01 cycle=159 time=2.675170e+00 dt=1.686203e-02
elapsed=2.579369e+01 cycle=160 time=2.692032e+00 dt=1.686307e-02
elapsed=2.595864e+01 cycle=161 time=2.708895e+00 dt=1.686413e-02
elapsed=2.612047e+01 cycle=162 time=2.725759e+00 dt=1.686519e-02
elapsed=2.628095e+01 cycle=163 time=2.742625e+00 dt=1.686627e-02
elapsed=2.644174e+01 cycle=164 time=2.759491e+00 dt=1.686736e-02
elapsed=2.660273e+01 cycle=165 time=2.776358e+00 dt=1.686847e-02
elapsed=2.676422e+01 cycle=166 time=2.793227e+00 dt=1.686959e-02
elapsed=2.692401e+01 cycle=167 time=2.810096e+00 dt=1.687072e-02
elapsed=2.708369e+01 cycle=168 time=2.826967e+00 dt=1.687186e-02
elapsed=2.725085e+01 cycle=169 time=2.843839e+00 dt=1.687301e-02
elapsed=2.740965e+01 cycle=170 time=2.860712e+00 dt=1.687418e-02
elapsed=2.757000e+01 cycle=171 time=2.877586e+00 dt=1.687536e-02
elapsed=2.773003e+01 cycle=172 time=2.894461e+00 dt=1.687655e-02
elapsed=2.789081e+01 cycle=173 time=2.911338e+00 dt=1.687776e-02
elapsed=2.805116e+01 cycle=174 time=2.928216e+00 dt=1.687897e-02
elapsed=2.821787e+01 cycle=175 time=2.945095e+00 dt=1.688020e-02
elapsed=2.838459e+01 cycle=176 time=2.961975e+00 dt=1.688144e-02
elapsed=2.854538e+01 cycle=177 time=2.978856e+00 dt=1.688269e-02
elapsed=2.870834e+01 cycle=178 time=2.995739e+00 dt=1.688395e-02
elapsed=2.887363e+01 cycle=179 time=3.012623e+00 dt=1.688523e-02
elapsed=2.904040e+01 cycle=180 time=3.029508e+00 dt=1.688652e-02
elapsed=2.920243e+01 cycle=181 time=3.046395e+00 dt=1.688781e-02
elapsed=2.936750e+01 cycle=182 time=3.063283e+00 dt=1.688912e-02
elapsed=2.953284e+01 cycle=183 time=3.080172e+00 dt=1.689044e-02
elapsed=2.969496e+01 cycle=184 time=3.097062e+00 dt=1.689177e-02
elapsed=2.985460e+01 cycle=185 time=3.113954e+00 dt=1.689312e-02
elapsed=3.001227e+01 cycle=186 time=3.130847e+00 dt=1.689447e-02
elapsed=3.017040e+01 cycle=187 time=3.147742e+00 dt=1.689584e-02
elapsed=3.034061e+01 cycle=188 time=3.164637e+00 dt=1.689721e-02
elapsed=3.049579e+01 cycle=189 time=3.181535e+00 dt=1.689860e-02
elapsed=3.065134e+01 cycle=190 time=3.198433e+00 dt=1.689999e-02
elapsed=3.080702e+01 cycle=191 time=3.215333e+00 dt=1.690140e-02
elapsed=3.096258e+01 cycle=192 time=3.232235e+00 dt=1.690282e-02
elapsed=3.111831e+01 cycle=193 time=3.249137e+00 dt=1.690425e-02
elapsed=3.127477e+01 cycle=194 time=3.266042e+00 dt=1.690568e-02
elapsed=3.143567e+01 cycle=195 time=3.282947e+00 dt=1.690713e-02
elapsed=3.159580e+01 cycle=196 time=3.299854e+00 dt=1.690859e-02
elapsed=3.175605e+01 cycle=197 time=3.316763e+00 dt=1.691006e-02
elapsed=3.191836e+01 cycle=198 time=3.333673e+00 dt=1.691153e-02
elapsed=3.208463e+01 cycle=199 time=3.350585e+00 dt=1.691302e-02
elapsed=3.225183e+01 cycle=200 time=3.367498e+00 dt=1.691452e-02
elapsed=3.241069e+01 cycle=201 time=3.384412e+00 dt=1.691602e-02
elapsed=3.257075e+01 cycle=202 time=3.401328e+00 dt=1.691754e-02
elapsed=3.273102e+01 cycle=203 time=3.418246e+00 dt=1.691906e-02
elapsed=3.289088e+01 cycle=204 time=3.435165e+00 dt=1.692059e-02
elapsed=3.305419e+01 cycle=205 time=3.452085e+00 dt=1.692213e-02
elapsed=3.322047e+01 cycle=206 time=3.469008e+00 dt=1.692368e-02
elapsed=3.338206e+01 cycle=207 time=3.485931e+00 dt=1.692524e-02
elapsed=3.354440e+01 cycle=208 time=3.502856e+00 dt=1.692681e-02
elapsed=3.370444e+01 cycle=209 time=3.519783e+00 dt=1.692838e-02
elapsed=3.386417e+01 cycle=210 time=3.536712e+00 dt=1.692996e-02
elapsed=3.402370e+01 cycle=211 time=3.553642e+00 dt=1.693155e-02
elapsed=3.418381e+01 cycle=212 time=3.570573e+00 dt=1.693315e-02
elapsed=3.434381e+01 cycle=213 time=3.587506e+00 dt=1.693476e-02
elapsed=3.450415e+01 cycle=214 time=3.604441e+00 dt=1.693637e-02
elapsed=3.466478e+01 cycle=215 time=3.621377e+00 dt=1.693799e-02
elapsed=3.482502e+01 cycle=216 time=3.638315e+00 dt=1.693962e-02
elapsed=3.498650e+01 cycle=217 time=3.655255e+00 dt=1.694125e-02
elapsed=3.514865e+01 cycle=218 time=3.672196e+00 dt=1.694290e-02
elapsed=3.530715e+01 cycle=219 time=3.689139e+00 dt=1.694454e-02
elapsed=3.546718e+01 cycle=220 time=3.706084e+00 dt=1.694620e-02
elapsed=3.562651e+01 cycle=221 time=3.723030e+00 dt=1.694786e-02
elapsed=3.578743e+01 cycle=222 time=3.739978e+00 dt=1.694953e-02
elapsed=3.594940e+01 cycle=223 time=3.756927e+00 dt=1.695120e-02
elapsed=3.610866e+01 cycle=224 time=3.773879e+00 dt=1.695288e-02
elapsed=3.626737e+01 cycle=225 time=3.790831e+00 dt=1.695456e-02
elapsed=3.642420e+01 cycle=226 time=3.807786e+00 dt=1.695625e-02
elapsed=3.658171e+01 cycle=227 time=3.824742e+00 dt=1.695795e-02
elapsed=3.674063e+01 cycle=228 time=3.841700e+00 dt=1.695965e-02
elapsed=3.689749e+01 cycle=229 time=3.858660e+00 dt=1.696136e-02
elapsed=3.705475e+01 cycle=230 time=3.875621e+00 dt=1.696307e-02
elapsed=3.721579e+01 cycle=231 time=3.892584e+00 dt=1.696478e-02
elapsed=3.737687e+01 cycle=232 time=3.909549e+00 dt=1.696650e-02
elapsed=3.753492e+01 cycle=233 time=3.926516e+00 dt=1.696823e-02
elapsed=3.769433e+01 cycle=234 time=3.943484e+00 dt=1.696996e-02
elapsed=3.785566e+01 cycle=235 time=3.960454e+00 dt=1.697169e-02
elapsed=3.801611e+01 cycle=236 time=3.977425e+00 dt=1.697343e-02
elapsed=3.817511e+01 cycle=237 time=3.994399e+00 dt=1.697517e-02
elapsed=3.833510e+01 cycle=238 time=4.011374e+00 dt=1.697691e-02
elapsed=3.849424e+01 cycle=239 time=4.028351e+00 dt=1.697866e-02
elapsed=3.865267e+01 cycle=240 time=4.045330e+00 dt=1.698041e-02
elapsed=3.881154e+01 cycle=241 time=4.062310e+00 dt=1.698216e-02
elapsed=3.897028e+01 cycle=242 time=4.079292e+00 dt=1.698392e-02
elapsed=3.912871e+01 cycle=243 time=4.096276e+00 dt=1.698568e-02
elapsed=3.928887e+01 cycle=244 time=4.113262e+00 dt=1.698744e-02
elapsed=3.945994e+01 cycle=245 time=4.130249e+00 dt=1.698920e-02
elapsed=3.961763e+01 cycle=246 time=4.147238e+00 dt=1.699096e-02
elapsed=3.977386e+01 cycle=247 time=4.164229e+00 dt=1.699273e-02
elapsed=3.993029e+01 cycle=248 time=4.181222e+00 dt=1.699450e-02
elapsed=4.008921e+01 cycle=249 time=4.198217e+00 dt=1.699627e-02
elapsed=4.024981e+01 cycle=250 time=4.215213e+00 dt=1.699804e-02
elapsed=4.040745e+01 cycle=251 time=4.232211e+00 dt=1.699981e-02
elapsed=4.056758e+01 cycle=252 time=4.249211e+00 dt=1.700159e-02
elapsed=4.072801e+01 cycle=253 time=4.266212e+00 dt=1.700336e-02
elapsed=4.088767e+01 cycle=254 time=4.283216e+00 dt=1.700513e-02
elapsed=4.104678e+01 cycle=255 time=4.300221e+00 dt=1.700691e-02
elapsed=4.120638e+01 cycle=256 time=4.317228e+00 dt=1.700868e-02
elapsed=4.136549e+01 cycle=257 time=4.334236e+00 dt=1.701045e-02
elapsed=4.152461e+01 cycle=258 time=4.351247e+00 dt=1.701223e-02
elapsed=4.168397e+01 cycle=259 time=4.368259e+00 dt=1.701400e-02
elapsed=4.184290e+01 cycle=260 time=4.385273e+00 dt=1.701577e-02
elapsed=4.200203e+01 cycle=261 time=4.402289e+00 dt=1.701754e-02
elapsed=4.216088e+01 cycle=262 time=4.419306e+00 dt=1.701931e-02
elapsed=4.231985e+01 cycle=263 time=4.436326e+00 dt=1.702108e-02
elapsed=4.247885e+01 cycle=264 time=4.453347e+00 dt=1.702284e-02
elapsed=4.263773e+01 cycle=265 time=4.470370e+00 dt=1.702461e-02
elapsed=4.279671e+01 cycle=266 time=4.487394e+00 dt=1.702637e-02
elapsed=4.295533e+01 cycle=267 time=4.504421e+00 dt=1.702813e-02
elapsed=4.311420e+01 cycle=268 time=4.521449e+00 dt=1.702988e-02
elapsed=4.327280e+01 cycle=269 time=4.538479e+00 dt=1.703163e-02
elapsed=4.342947e+01 cycle=270 time=4.555510e+00 dt=1.703338e-02
elapsed=4.358541e+01 cycle=271 time=4.572544e+00 dt=1.703513e-02
elapsed=4.374047e+01 cycle=272 time=4.589579e+00 dt=1.703687e-02
elapsed=4.389704e+01 cycle=273 time=4.606616e+00 dt=1.703860e-02
elapsed=4.405380e+01 cycle=274 time=4.623654e+00 dt=1.704034e-02
elapsed=4.421130e+01 cycle=275 time=4.640694e+00 dt=1.704206e-02
elapsed=4.436872e+01 cycle=276 time=4.657737e+00 dt=1.704379e-02
elapsed=4.452824e+01 cycle=277 time=4.674780e+00 dt=1.704550e-02
elapsed=4.468891e+01 cycle=278 time=4.691826e+00 dt=1.704721e-02
elapsed=4.484877e+01 cycle=279 time=4.708873e+00 dt=1.704892e-02
elapsed=4.501043e+01 cycle=280 time=4.725922e+00 dt=1.705062e-02
elapsed=4.517010e+01 cycle=281 time=4.742973e+00 dt=1.705231e-02
elapsed=4.535517e+01 cycle=282 time=4.760025e+00 dt=1.705399e-02
elapsed=4.552327e+01 cycle=283 time=4.777079e+00 dt=1.705567e-02
elapsed=4.568195e+01 cycle=284 time=4.794135e+00 dt=1.705734e-02
elapsed=4.584391e+01 cycle=285 time=4.811192e+00 dt=1.705900e-02
elapsed=4.600312e+01 cycle=286 time=4.828251e+00 dt=1.706065e-02
elapsed=4.616334e+01 cycle=287 time=4.845312e+00 dt=1.706229e-02
elapsed=4.632551e+01 cycle=288 time=4.862374e+00 dt=1.706393e-02
elapsed=4.648883e+01 cycle=289 time=4.879438e+00 dt=1.706555e-02
elapsed=4.665198e+01 cycle=290 time=4.896503e+00 dt=1.706716e-02
elapsed=4.681609e+01 cycle=291 time=4.913570e+00 dt=1.706877e-02
elapsed=4.698541e+01 cycle=292 time=4.930639e+00 dt=1.707036e-02
elapsed=4.714731e+01 cycle=293 time=4.947710e+00 dt=1.707194e-02
elapsed=4.730756e+01 cycle=294 time=4.964782e+00 dt=1.707351e-02
elapsed=4.746825e+01 cycle=295 time=4.981855e+00 dt=1.707506e-02
elapsed=4.762686e+01 cycle=296 time=4.998930e+00 dt=1.069883e-03
FO-GH puncture boundedness passed: rmin=4.330127e-01, state max=1.096510e+00, near RHS max=8.185399e-01, ADM adapter error=0.000000e+00
elapsed=4.782329e+01 cycle=297 time=5.000000e+00 dt=2.139767e-03

Terminating on time limit
time=5.000000e+00 cycle=297
tlim=5.000000e+00 nlim=-1

MeshBlock-cycles = 297
cpu time used  = 4.777665e+01
zone-cycles/cpu_second = 2.546248e+04
particle-updates/cpu_second = 0.000000e+00
