AthenaK Kokkos default execution space: Cuda

Root grid = 4 x 8 x 1 MeshBlocks
Total number of MeshBlocks = 104
Number of logical  levels of refinement = 26 (27 levels total)
Number of physical levels of refinement = 23 (24 levels total)
  Physical level = 0 (logical level = 3): 24 MeshBlocks, cost = 24
  Physical level = 1 (logical level = 4): 24 MeshBlocks, cost = 24
  Physical level = 2 (logical level = 5): 24 MeshBlocks, cost = 24
  Physical level = 3 (logical level = 6): 32 MeshBlocks, cost = 32
Number of parallel ranks = 1
AssembleZ4cTasks
Direct global Brill coefficient import: radial_points=128 angular_points=32 adm_mass=2.6606354586228815 min_psi4=1.0292570286288827 lapse=psi^-2 min_lapse=0.31260438298701243 max_lapse=0.9856848450247907
Converted imported ADM data to Z4c proper_box_C_rms=1.5636415835490386e-06 proper_box_H_rms=1.5597583248054986e-06 proper_box_M_rms=0 proper_box_Z_rms=5.5065801555254169e-08 coordinate_support_H_rms=3.4438285062437475e-09 coordinate_support_M_rms=0
Initialized Z4c from IrisK data mode=direct_global_coefficients path=/pscratch/sd/h/hzhu/z4c-vc-boundary-convergence-ko-scan-20260824/runs/boundary_n512_replay_t6p5_v1/brill_global_128x32.coefficients bytes=95927

Setup complete, executing task list(s)...

elapsed=6.005263e+00 cycle=0 time=0.000000e+00 dt=5.404204e-03
AMR_HISTORY_TIMESTEP_CLIP event=1 time_hex=0x1.61f217a4cdd3cp-7 candidate_dt_hex=0x1.614baa871fbdfp-8 applied_dt_hex=0x1.6cdfd020caep-16 target_time_hex=0x1.62a8878cde393p-7
CARTOON_AMR_TRANSACTION cycle=3 requested_refine=32 requested_derefine_leaves=0 accepted_derefine_parents=0 created_leaves=96 deleted_leaves=0 mirror_mismatches=0
AMR_HISTORY_REPLAY event=1 time_hex=0x1.62a8878cde393p-7 requested_leaves=200 accepted_leaves=200 max_level=7 checksum=24316947a3a67cd8 exact_match=true shadow_refine=32 shadow_derefine=0
elapsed=6.487511e+00 cycle=4 time=1.086681e-02 dt=8.699280e-05
elapsed=7.032454e+00 cycle=8 time=1.217170e-02 dt=1.391885e-03
AMR_HISTORY_TIMESTEP_CLIP event=2 time_hex=0x1.bc739bc4f0265p-7 candidate_dt_hex=0x1.60f36458412cbp-9 applied_dt_hex=0x1.5b6b0362b6284p-9 target_time_hex=0x1.09a72e4eced83p-6
CARTOON_AMR_TRANSACTION cycle=10 requested_refine=4 requested_derefine_leaves=0 accepted_derefine_parents=0 created_leaves=12 deleted_leaves=0 mirror_mismatches=0
AMR_HISTORY_REPLAY event=2 time_hex=0x1.09a72e4eced83p-6 requested_leaves=212 accepted_leaves=212 max_level=8 checksum=cf0d2384b11c1d42 exact_match=true shadow_refine=0 shadow_derefine=36
elapsed=7.669059e+00 cycle=12 time=1.890450e-02 dt=1.344360e-03
elapsed=8.284892e+00 cycle=16 time=2.427872e-02 dt=1.342209e-03
elapsed=8.862713e+00 cycle=20 time=2.964414e-02 dt=1.339952e-03
elapsed=9.444015e+00 cycle=24 time=3.500043e-02 dt=1.337598e-03
elapsed=1.003730e+01 cycle=28 time=4.034729e-02 dt=1.335196e-03
elapsed=1.065080e+01 cycle=32 time=4.568445e-02 dt=1.332763e-03
elapsed=1.127837e+01 cycle=36 time=5.101173e-02 dt=1.330271e-03
elapsed=1.188251e+01 cycle=40 time=5.632906e-02 dt=1.327738e-03
elapsed=1.246593e+01 cycle=44 time=6.163627e-02 dt=1.325227e-03
elapsed=1.304192e+01 cycle=48 time=6.693332e-02 dt=1.322675e-03
elapsed=1.363830e+01 cycle=52 time=7.222026e-02 dt=1.320136e-03
elapsed=1.423036e+01 cycle=56 time=7.749701e-02 dt=1.317631e-03
elapsed=1.481063e+01 cycle=60 time=8.276376e-02 dt=1.315106e-03
elapsed=1.539079e+01 cycle=64 time=8.802048e-02 dt=1.312660e-03
elapsed=1.600850e+01 cycle=68 time=9.326740e-02 dt=1.310187e-03
elapsed=1.658678e+01 cycle=72 time=9.850455e-02 dt=1.307812e-03
elapsed=1.719014e+01 cycle=76 time=1.037322e-01 dt=1.305429e-03
elapsed=1.777844e+01 cycle=80 time=1.089505e-01 dt=1.303135e-03
elapsed=1.835319e+01 cycle=84 time=1.141596e-01 dt=1.300874e-03
elapsed=1.894907e+01 cycle=88 time=1.193598e-01 dt=1.298671e-03
elapsed=1.955281e+01 cycle=92 time=1.245513e-01 dt=1.296562e-03
elapsed=2.012417e+01 cycle=96 time=1.297344e-01 dt=1.294458e-03
elapsed=2.075210e+01 cycle=100 time=1.349092e-01 dt=1.292469e-03
elapsed=2.133278e+01 cycle=104 time=1.400762e-01 dt=1.290528e-03
elapsed=2.191472e+01 cycle=108 time=1.452354e-01 dt=1.288644e-03
elapsed=2.254081e+01 cycle=112 time=1.503873e-01 dt=1.286872e-03
elapsed=2.311585e+01 cycle=116 time=1.555322e-01 dt=1.285134e-03
elapsed=2.368670e+01 cycle=120 time=1.606702e-01 dt=1.283471e-03
elapsed=2.428488e+01 cycle=124 time=1.658017e-01 dt=1.281917e-03
elapsed=2.486495e+01 cycle=128 time=1.709271e-01 dt=1.280411e-03
elapsed=2.543969e+01 cycle=132 time=1.760466e-01 dt=1.278968e-03
elapsed=2.603491e+01 cycle=136 time=1.811604e-01 dt=1.277633e-03
elapsed=2.664540e+01 cycle=140 time=1.862691e-01 dt=1.276378e-03
elapsed=2.722039e+01 cycle=144 time=1.913727e-01 dt=1.275154e-03
elapsed=2.780042e+01 cycle=148 time=1.964716e-01 dt=1.274034e-03
elapsed=2.841402e+01 cycle=152 time=2.015662e-01 dt=1.273017e-03
elapsed=2.900466e+01 cycle=156 time=2.066568e-01 dt=1.272035e-03
elapsed=2.958606e+01 cycle=160 time=2.117436e-01 dt=1.271128e-03
elapsed=3.022940e+01 cycle=164 time=2.168268e-01 dt=1.270320e-03
elapsed=3.080616e+01 cycle=168 time=2.219070e-01 dt=1.269610e-03
elapsed=3.137761e+01 cycle=172 time=2.269844e-01 dt=1.268911e-03
elapsed=3.200212e+01 cycle=176 time=2.320591e-01 dt=1.268308e-03
elapsed=3.257809e+01 cycle=180 time=2.371315e-01 dt=1.267799e-03
elapsed=3.315442e+01 cycle=184 time=2.422021e-01 dt=1.267376e-03
elapsed=3.376656e+01 cycle=188 time=2.472709e-01 dt=1.266971e-03
elapsed=3.518169e+01 cycle=192 time=2.523383e-01 dt=1.266657e-03
elapsed=3.577979e+01 cycle=196 time=2.574046e-01 dt=1.266435e-03
elapsed=3.635838e+01 cycle=200 time=2.624701e-01 dt=1.266293e-03
elapsed=3.693639e+01 cycle=204 time=2.675351e-01 dt=1.266169e-03
elapsed=3.752792e+01 cycle=208 time=2.725997e-01 dt=1.266132e-03
elapsed=3.812288e+01 cycle=212 time=2.776642e-01 dt=1.266182e-03
elapsed=3.870357e+01 cycle=216 time=2.827291e-01 dt=1.266313e-03
elapsed=3.930024e+01 cycle=220 time=2.877946e-01 dt=1.266455e-03
elapsed=3.989506e+01 cycle=224 time=2.928607e-01 dt=1.266681e-03
AMR_HISTORY_TIMESTEP_CLIP event=3 time_hex=0x1.311400903b6b7p-2 candidate_dt_hex=0x1.4c22359aa1984p-10 applied_dt_hex=0x1.0cca8c2075p-14 target_time_hex=0x1.3124cd38fd72cp-2
elapsed=4.047533e+01 cycle=228 time=2.979279e-01 dt=6.408482e-05
CARTOON_AMR_TRANSACTION cycle=229 requested_refine=0 requested_derefine_leaves=8 accepted_derefine_parents=2 created_leaves=0 deleted_leaves=6 mirror_mismatches=0
AMR_HISTORY_REPLAY event=3 time_hex=0x1.3124cd38fd72cp-2 requested_leaves=206 accepted_leaves=206 max_level=7 checksum=0ca3eb7a28f554f5 exact_match=true shadow_refine=0 shadow_derefine=52
elapsed=4.114517e+01 cycle=232 time=2.988891e-01 dt=1.025357e-03
elapsed=4.172637e+01 cycle=236 time=3.070348e-01 dt=2.535493e-03
elapsed=4.229273e+01 cycle=240 time=3.171799e-01 dt=2.537554e-03
elapsed=4.285292e+01 cycle=244 time=3.273334e-01 dt=2.539870e-03
elapsed=4.342869e+01 cycle=248 time=3.374971e-01 dt=2.542797e-03
elapsed=4.400711e+01 cycle=252 time=3.476734e-01 dt=2.546316e-03
elapsed=4.456193e+01 cycle=256 time=3.578646e-01 dt=2.550184e-03
elapsed=4.512047e+01 cycle=260 time=3.680712e-01 dt=2.554273e-03
elapsed=4.571285e+01 cycle=264 time=3.782951e-01 dt=2.558919e-03
elapsed=4.628645e+01 cycle=268 time=3.885384e-01 dt=2.564103e-03
elapsed=4.687563e+01 cycle=272 time=3.988030e-01 dt=2.569481e-03
elapsed=4.745477e+01 cycle=276 time=4.090893e-01 dt=2.575148e-03
elapsed=4.801601e+01 cycle=280 time=4.193990e-01 dt=2.581324e-03
elapsed=4.859514e+01 cycle=284 time=4.297341e-01 dt=2.587986e-03
elapsed=4.918734e+01 cycle=288 time=4.400958e-01 dt=2.594580e-03
elapsed=4.974424e+01 cycle=292 time=4.504846e-01 dt=2.601654e-03
elapsed=5.032030e+01 cycle=296 time=4.609023e-01 dt=2.609190e-03
elapsed=5.093279e+01 cycle=300 time=4.713506e-01 dt=2.616811e-03
elapsed=5.149822e+01 cycle=304 time=4.818296e-01 dt=2.624698e-03
elapsed=5.206399e+01 cycle=308 time=4.923407e-01 dt=2.633021e-03
elapsed=5.369796e+01 cycle=312 time=5.028856e-01 dt=2.641468e-03
elapsed=5.426071e+01 cycle=316 time=5.134643e-01 dt=2.650089e-03
elapsed=5.486634e+01 cycle=320 time=5.240780e-01 dt=2.659125e-03
elapsed=5.544152e+01 cycle=324 time=5.347283e-01 dt=2.668206e-03
elapsed=5.601221e+01 cycle=328 time=5.454149e-01 dt=2.677492e-03
elapsed=5.658925e+01 cycle=332 time=5.561393e-01 dt=2.687169e-03
elapsed=5.718814e+01 cycle=336 time=5.669022e-01 dt=2.696711e-03
elapsed=5.775765e+01 cycle=340 time=5.777038e-01 dt=2.706597e-03
elapsed=5.832702e+01 cycle=344 time=5.885453e-01 dt=2.716638e-03
elapsed=5.891863e+01 cycle=348 time=5.994269e-01 dt=2.726699e-03
elapsed=5.949639e+01 cycle=352 time=6.103492e-01 dt=2.737125e-03
elapsed=6.007683e+01 cycle=356 time=6.213129e-01 dt=2.747343e-03
elapsed=6.068676e+01 cycle=360 time=6.323180e-01 dt=2.757909e-03
elapsed=6.127929e+01 cycle=364 time=6.433656e-01 dt=2.768411e-03
elapsed=6.188748e+01 cycle=368 time=6.544551e-01 dt=2.779088e-03
elapsed=6.245985e+01 cycle=372 time=6.655877e-01 dt=2.789794e-03
elapsed=6.304833e+01 cycle=376 time=6.767629e-01 dt=2.800555e-03
elapsed=6.370462e+01 cycle=380 time=6.879816e-01 dt=2.811395e-03
elapsed=6.427842e+01 cycle=384 time=6.992433e-01 dt=2.822214e-03
elapsed=6.485954e+01 cycle=388 time=7.105487e-01 dt=2.833126e-03
elapsed=6.545037e+01 cycle=392 time=7.218974e-01 dt=2.843981e-03
elapsed=6.601709e+01 cycle=396 time=7.332899e-01 dt=2.854906e-03
elapsed=6.657452e+01 cycle=400 time=7.447257e-01 dt=2.865777e-03
elapsed=6.792733e+01 cycle=404 time=7.562054e-01 dt=2.876668e-03
elapsed=6.850212e+01 cycle=408 time=7.677282e-01 dt=2.887535e-03
elapsed=6.906696e+01 cycle=412 time=7.792948e-01 dt=2.898349e-03
elapsed=6.962635e+01 cycle=416 time=7.909044e-01 dt=2.909195e-03
elapsed=7.023864e+01 cycle=420 time=8.025574e-01 dt=2.919896e-03
elapsed=7.082971e+01 cycle=424 time=8.142531e-01 dt=2.930704e-03
elapsed=7.140587e+01 cycle=428 time=8.259919e-01 dt=2.941261e-03
elapsed=7.198529e+01 cycle=432 time=8.377729e-01 dt=2.952019e-03
elapsed=7.255330e+01 cycle=436 time=8.495965e-01 dt=2.962405e-03
elapsed=7.312076e+01 cycle=440 time=8.614621e-01 dt=2.973023e-03
elapsed=7.367827e+01 cycle=444 time=8.733695e-01 dt=2.983294e-03
elapsed=7.427354e+01 cycle=448 time=8.853185e-01 dt=2.993712e-03
elapsed=7.483700e+01 cycle=452 time=8.973085e-01 dt=3.003900e-03
elapsed=7.540274e+01 cycle=456 time=9.093396e-01 dt=3.014103e-03
elapsed=7.598232e+01 cycle=460 time=9.214111e-01 dt=3.024200e-03
elapsed=7.656272e+01 cycle=464 time=9.335231e-01 dt=3.034178e-03
elapsed=7.713009e+01 cycle=468 time=9.456747e-01 dt=3.044176e-03
elapsed=7.773249e+01 cycle=472 time=9.578662e-01 dt=3.053919e-03
elapsed=7.830135e+01 cycle=476 time=9.700966e-01 dt=3.063814e-03
elapsed=7.886303e+01 cycle=480 time=9.823662e-01 dt=3.073317e-03
elapsed=7.945557e+01 cycle=484 time=9.946740e-01 dt=3.083058e-03
elapsed=8.105500e+01 cycle=488 time=1.007020e+00 dt=3.092362e-03
elapsed=8.163037e+01 cycle=492 time=1.019404e+00 dt=3.101862e-03
elapsed=8.221725e+01 cycle=496 time=1.031825e+00 dt=3.111049e-03
elapsed=8.278757e+01 cycle=500 time=1.044283e+00 dt=3.120306e-03
elapsed=8.335245e+01 cycle=504 time=1.056778e+00 dt=3.129374e-03
elapsed=8.393467e+01 cycle=508 time=1.069309e+00 dt=3.138391e-03
elapsed=8.452042e+01 cycle=512 time=1.081876e+00 dt=3.147337e-03
elapsed=8.507263e+01 cycle=516 time=1.094479e+00 dt=3.156115e-03
elapsed=8.563683e+01 cycle=520 time=1.107117e+00 dt=3.164938e-03
elapsed=8.623106e+01 cycle=524 time=1.119789e+00 dt=3.173481e-03
elapsed=8.680015e+01 cycle=528 time=1.132496e+00 dt=3.182180e-03
elapsed=8.736245e+01 cycle=532 time=1.145237e+00 dt=3.190491e-03
elapsed=8.796346e+01 cycle=536 time=1.158012e+00 dt=3.199065e-03
elapsed=8.853156e+01 cycle=540 time=1.170820e+00 dt=3.207150e-03
elapsed=8.909385e+01 cycle=544 time=1.183662e+00 dt=3.215514e-03
elapsed=8.972664e+01 cycle=548 time=1.196536e+00 dt=3.223463e-03
elapsed=9.028643e+01 cycle=552 time=1.209442e+00 dt=3.231609e-03
elapsed=9.086071e+01 cycle=556 time=1.222380e+00 dt=3.239434e-03
elapsed=9.145269e+01 cycle=560 time=1.235350e+00 dt=3.247369e-03
elapsed=9.203442e+01 cycle=564 time=1.248351e+00 dt=3.255071e-03
elapsed=9.337007e+01 cycle=568 time=1.261383e+00 dt=3.262799e-03
elapsed=9.392773e+01 cycle=572 time=1.274445e+00 dt=3.270379e-03
elapsed=9.450357e+01 cycle=576 time=1.287538e+00 dt=3.277907e-03
elapsed=9.509617e+01 cycle=580 time=1.300661e+00 dt=3.285365e-03
elapsed=9.566503e+01 cycle=584 time=1.313814e+00 dt=3.292700e-03
elapsed=9.624167e+01 cycle=588 time=1.326995e+00 dt=3.300037e-03
elapsed=9.681761e+01 cycle=592 time=1.340207e+00 dt=3.307184e-03
elapsed=9.738465e+01 cycle=596 time=1.353446e+00 dt=3.314402e-03
elapsed=9.795393e+01 cycle=600 time=1.366714e+00 dt=3.321367e-03
elapsed=9.854944e+01 cycle=604 time=1.380010e+00 dt=3.328466e-03
elapsed=9.912671e+01 cycle=608 time=1.393334e+00 dt=3.335256e-03
elapsed=9.970009e+01 cycle=612 time=1.406686e+00 dt=3.342237e-03
elapsed=1.002634e+02 cycle=616 time=1.420065e+00 dt=3.348858e-03
elapsed=1.009062e+02 cycle=620 time=1.433470e+00 dt=3.355723e-03
elapsed=1.014782e+02 cycle=624 time=1.446903e+00 dt=3.362180e-03
elapsed=1.020609e+02 cycle=628 time=1.460362e+00 dt=3.368930e-03
elapsed=1.026391e+02 cycle=632 time=1.473847e+00 dt=3.375230e-03
elapsed=1.032066e+02 cycle=636 time=1.487358e+00 dt=3.381840e-03
elapsed=1.047987e+02 cycle=640 time=1.500894e+00 dt=3.388013e-03
elapsed=1.053823e+02 cycle=644 time=1.514456e+00 dt=3.394471e-03
elapsed=1.059418e+02 cycle=648 time=1.528043e+00 dt=3.400538e-03
elapsed=1.065531e+02 cycle=652 time=1.541654e+00 dt=3.406848e-03
elapsed=1.071142e+02 cycle=656 time=1.555291e+00 dt=3.412811e-03
elapsed=1.076865e+02 cycle=660 time=1.568951e+00 dt=3.418978e-03
elapsed=1.082918e+02 cycle=664 time=1.582636e+00 dt=3.424837e-03
elapsed=1.088576e+02 cycle=668 time=1.596344e+00 dt=3.430868e-03
elapsed=1.094296e+02 cycle=672 time=1.610076e+00 dt=3.436625e-03
elapsed=1.100265e+02 cycle=676 time=1.623832e+00 dt=3.442522e-03
elapsed=1.106033e+02 cycle=680 time=1.637610e+00 dt=3.448179e-03
elapsed=1.111646e+02 cycle=684 time=1.651412e+00 dt=3.453948e-03
elapsed=1.117403e+02 cycle=688 time=1.665236e+00 dt=3.459506e-03
elapsed=1.123303e+02 cycle=692 time=1.679083e+00 dt=3.465151e-03
elapsed=1.128878e+02 cycle=696 time=1.692951e+00 dt=3.470612e-03
elapsed=1.134571e+02 cycle=700 time=1.706842e+00 dt=3.476137e-03
elapsed=1.140125e+02 cycle=704 time=1.720755e+00 dt=3.481502e-03
elapsed=1.146307e+02 cycle=708 time=1.734689e+00 dt=3.486911e-03
elapsed=1.151901e+02 cycle=712 time=1.748644e+00 dt=3.492182e-03
elapsed=1.165189e+02 cycle=716 time=1.762621e+00 dt=3.497479e-03
elapsed=1.170844e+02 cycle=720 time=1.776619e+00 dt=3.502657e-03
elapsed=1.176689e+02 cycle=724 time=1.790638e+00 dt=3.507845e-03
elapsed=1.182701e+02 cycle=728 time=1.804677e+00 dt=3.512931e-03
elapsed=1.188298e+02 cycle=732 time=1.818736e+00 dt=3.518015e-03
elapsed=1.194420e+02 cycle=736 time=1.832816e+00 dt=3.523011e-03
elapsed=1.200032e+02 cycle=740 time=1.846915e+00 dt=3.527993e-03
elapsed=1.205689e+02 cycle=744 time=1.861035e+00 dt=3.532901e-03
elapsed=1.211393e+02 cycle=748 time=1.875174e+00 dt=3.537784e-03
elapsed=1.217487e+02 cycle=752 time=1.889332e+00 dt=3.542605e-03
elapsed=1.223290e+02 cycle=756 time=1.903510e+00 dt=3.547393e-03
elapsed=1.229148e+02 cycle=760 time=1.917706e+00 dt=3.552127e-03
elapsed=1.234808e+02 cycle=764 time=1.931920e+00 dt=3.554239e-03
elapsed=1.240412e+02 cycle=768 time=1.946137e+00 dt=3.554272e-03
elapsed=1.246305e+02 cycle=772 time=1.960355e+00 dt=3.554391e-03
elapsed=1.252165e+02 cycle=776 time=1.974572e+00 dt=3.554595e-03
elapsed=1.257702e+02 cycle=780 time=1.988791e+00 dt=3.554433e-03
elapsed=1.273699e+02 cycle=784 time=2.003008e+00 dt=3.554275e-03
elapsed=1.279355e+02 cycle=788 time=2.017225e+00 dt=3.554203e-03
elapsed=1.285351e+02 cycle=792 time=2.031442e+00 dt=3.554216e-03
elapsed=1.291027e+02 cycle=796 time=2.045659e+00 dt=3.553940e-03
elapsed=1.296655e+02 cycle=800 time=2.059874e+00 dt=3.553611e-03
elapsed=1.302420e+02 cycle=804 time=2.074088e+00 dt=3.553369e-03
elapsed=1.308852e+02 cycle=808 time=2.088301e+00 dt=3.553214e-03
elapsed=1.314635e+02 cycle=812 time=2.102514e+00 dt=3.552917e-03
elapsed=1.320591e+02 cycle=816 time=2.116725e+00 dt=3.552439e-03
elapsed=1.326296e+02 cycle=820 time=2.130934e+00 dt=3.552047e-03
elapsed=1.331917e+02 cycle=824 time=2.145141e+00 dt=3.551742e-03
elapsed=1.337600e+02 cycle=828 time=2.159348e+00 dt=3.551509e-03
elapsed=1.343669e+02 cycle=832 time=2.173553e+00 dt=3.550899e-03
elapsed=1.349302e+02 cycle=836 time=2.187756e+00 dt=3.550375e-03
elapsed=1.354958e+02 cycle=840 time=2.201957e+00 dt=3.549938e-03
elapsed=1.360646e+02 cycle=844 time=2.216156e+00 dt=3.549588e-03
elapsed=1.366453e+02 cycle=848 time=2.230354e+00 dt=3.549118e-03
elapsed=1.372098e+02 cycle=852 time=2.244549e+00 dt=3.548261e-03
elapsed=1.385390e+02 cycle=856 time=2.258740e+00 dt=3.546625e-03
elapsed=1.391298e+02 cycle=860 time=2.272924e+00 dt=3.545081e-03
elapsed=1.397039e+02 cycle=864 time=2.287102e+00 dt=3.543629e-03
elapsed=1.402656e+02 cycle=868 time=2.301275e+00 dt=3.542268e-03
elapsed=1.408212e+02 cycle=872 time=2.315442e+00 dt=3.540748e-03
elapsed=1.414119e+02 cycle=876 time=2.329602e+00 dt=3.538991e-03
elapsed=1.419746e+02 cycle=880 time=2.343755e+00 dt=3.537326e-03
elapsed=1.425392e+02 cycle=884 time=2.357902e+00 dt=3.535752e-03
elapsed=1.431320e+02 cycle=888 time=2.372043e+00 dt=3.534269e-03
elapsed=1.436930e+02 cycle=892 time=2.386178e+00 dt=3.532878e-03
elapsed=1.442486e+02 cycle=896 time=2.400307e+00 dt=3.531051e-03
elapsed=1.448316e+02 cycle=900 time=2.414428e+00 dt=3.529282e-03
elapsed=1.454070e+02 cycle=904 time=2.428543e+00 dt=3.527603e-03
elapsed=1.459704e+02 cycle=908 time=2.442651e+00 dt=3.526015e-03
elapsed=1.465432e+02 cycle=912 time=2.456753e+00 dt=3.524517e-03
elapsed=1.471359e+02 cycle=916 time=2.470849e+00 dt=3.522962e-03
elapsed=1.477014e+02 cycle=920 time=2.484938e+00 dt=3.521104e-03
elapsed=1.482729e+02 cycle=924 time=2.499019e+00 dt=3.519335e-03
elapsed=1.498807e+02 cycle=928 time=2.513094e+00 dt=3.517657e-03
elapsed=1.504575e+02 cycle=932 time=2.527162e+00 dt=3.516067e-03
elapsed=1.510335e+02 cycle=936 time=2.541224e+00 dt=3.514557e-03
elapsed=1.515914e+02 cycle=940 time=2.555280e+00 dt=3.512925e-03
elapsed=1.521629e+02 cycle=944 time=2.569329e+00 dt=3.511080e-03
elapsed=1.527489e+02 cycle=948 time=2.583371e+00 dt=3.509314e-03
elapsed=1.533137e+02 cycle=952 time=2.597406e+00 dt=3.507617e-03
elapsed=1.538763e+02 cycle=956 time=2.611434e+00 dt=3.506008e-03
elapsed=1.544296e+02 cycle=960 time=2.625455e+00 dt=3.504488e-03
elapsed=1.550418e+02 cycle=964 time=2.639471e+00 dt=3.502911e-03
elapsed=1.556053e+02 cycle=968 time=2.653480e+00 dt=3.501059e-03
elapsed=1.561663e+02 cycle=972 time=2.667481e+00 dt=3.499294e-03
elapsed=1.567434e+02 cycle=976 time=2.681476e+00 dt=3.497617e-03
elapsed=1.573094e+02 cycle=980 time=2.695464e+00 dt=3.496027e-03
elapsed=1.578735e+02 cycle=984 time=2.709446e+00 dt=3.494524e-03
elapsed=1.584721e+02 cycle=988 time=2.723422e+00 dt=3.493030e-03
elapsed=1.590403e+02 cycle=992 time=2.737391e+00 dt=3.491206e-03
elapsed=1.603706e+02 cycle=996 time=2.751353e+00 dt=3.489469e-03
elapsed=1.609757e+02 cycle=1000 time=2.765309e+00 dt=3.487817e-03
elapsed=1.615688e+02 cycle=1004 time=2.779258e+00 dt=3.486251e-03
elapsed=1.621283e+02 cycle=1008 time=2.793200e+00 dt=3.484771e-03
elapsed=1.626923e+02 cycle=1012 time=2.807137e+00 dt=3.483376e-03
elapsed=1.632580e+02 cycle=1016 time=2.821068e+00 dt=3.481630e-03
elapsed=1.638451e+02 cycle=1020 time=2.834992e+00 dt=3.479923e-03
elapsed=1.644072e+02 cycle=1024 time=2.848910e+00 dt=3.478301e-03
elapsed=1.649699e+02 cycle=1028 time=2.862820e+00 dt=3.476763e-03
elapsed=1.655533e+02 cycle=1032 time=2.876725e+00 dt=3.475308e-03
elapsed=1.661268e+02 cycle=1036 time=2.890624e+00 dt=3.473937e-03
elapsed=1.666832e+02 cycle=1040 time=2.904518e+00 dt=3.472396e-03
elapsed=1.672518e+02 cycle=1044 time=2.918405e+00 dt=3.470723e-03
elapsed=1.678362e+02 cycle=1048 time=2.932286e+00 dt=3.469131e-03
elapsed=1.684039e+02 cycle=1052 time=2.946160e+00 dt=3.467622e-03
elapsed=1.689705e+02 cycle=1056 time=2.960028e+00 dt=3.466195e-03
elapsed=1.695271e+02 cycle=1060 time=2.973891e+00 dt=3.464850e-03
elapsed=1.701267e+02 cycle=1064 time=2.987748e+00 dt=3.463551e-03
elapsed=1.717176e+02 cycle=1068 time=3.001600e+00 dt=3.461910e-03
elapsed=1.723227e+02 cycle=1072 time=3.015445e+00 dt=3.460351e-03
elapsed=1.728849e+02 cycle=1076 time=3.029285e+00 dt=3.458871e-03
elapsed=1.734430e+02 cycle=1080 time=3.043118e+00 dt=3.457472e-03
elapsed=1.740390e+02 cycle=1084 time=3.056946e+00 dt=3.456153e-03
elapsed=1.746094e+02 cycle=1088 time=3.070768e+00 dt=3.454914e-03
elapsed=1.751741e+02 cycle=1092 time=3.084586e+00 dt=3.453514e-03
elapsed=1.757552e+02 cycle=1096 time=3.098398e+00 dt=3.451985e-03
elapsed=1.763370e+02 cycle=1100 time=3.112204e+00 dt=3.450535e-03
elapsed=1.768979e+02 cycle=1104 time=3.126004e+00 dt=3.449164e-03
elapsed=1.774738e+02 cycle=1108 time=3.139798e+00 dt=3.447870e-03
elapsed=1.780538e+02 cycle=1112 time=3.153588e+00 dt=3.446655e-03
elapsed=1.786223e+02 cycle=1116 time=3.167373e+00 dt=3.445518e-03
elapsed=1.791855e+02 cycle=1120 time=3.181153e+00 dt=3.444048e-03
elapsed=1.797733e+02 cycle=1124 time=3.194927e+00 dt=3.442625e-03
elapsed=1.803465e+02 cycle=1128 time=3.208695e+00 dt=3.441280e-03
elapsed=1.809156e+02 cycle=1132 time=3.222459e+00 dt=3.440011e-03
elapsed=1.814804e+02 cycle=1136 time=3.236217e+00 dt=3.438818e-03
elapsed=1.820859e+02 cycle=1140 time=3.249970e+00 dt=3.437702e-03
elapsed=1.834056e+02 cycle=1144 time=3.263720e+00 dt=3.436539e-03
elapsed=1.839877e+02 cycle=1148 time=3.277464e+00 dt=3.435142e-03
elapsed=1.845524e+02 cycle=1152 time=3.291202e+00 dt=3.433821e-03
elapsed=1.851084e+02 cycle=1156 time=3.304936e+00 dt=3.432574e-03
elapsed=1.857115e+02 cycle=1160 time=3.318664e+00 dt=3.431402e-03
elapsed=1.862709e+02 cycle=1164 time=3.332388e+00 dt=3.430305e-03
elapsed=1.868339e+02 cycle=1168 time=3.346108e+00 dt=3.429281e-03
elapsed=1.874323e+02 cycle=1172 time=3.359823e+00 dt=3.428078e-03
elapsed=1.879962e+02 cycle=1176 time=3.373533e+00 dt=3.426778e-03
elapsed=1.885891e+02 cycle=1180 time=3.387239e+00 dt=3.425551e-03
elapsed=1.891518e+02 cycle=1184 time=3.400939e+00 dt=3.424397e-03
elapsed=1.897157e+02 cycle=1188 time=3.414635e+00 dt=3.423316e-03
elapsed=1.902965e+02 cycle=1192 time=3.428327e+00 dt=3.422308e-03
elapsed=1.909339e+02 cycle=1196 time=3.442015e+00 dt=3.421372e-03
elapsed=1.915138e+02 cycle=1200 time=3.455698e+00 dt=3.420136e-03
elapsed=1.920708e+02 cycle=1204 time=3.469377e+00 dt=3.418926e-03
elapsed=1.926521e+02 cycle=1208 time=3.483051e+00 dt=3.417788e-03
elapsed=1.932379e+02 cycle=1212 time=3.496721e+00 dt=3.416721e-03
elapsed=1.948323e+02 cycle=1216 time=3.510386e+00 dt=3.415725e-03
elapsed=1.954364e+02 cycle=1220 time=3.524047e+00 dt=3.414800e-03
elapsed=1.960004e+02 cycle=1224 time=3.537705e+00 dt=3.413876e-03
elapsed=1.965601e+02 cycle=1228 time=3.551359e+00 dt=3.412681e-03
elapsed=1.971268e+02 cycle=1232 time=3.565008e+00 dt=3.411555e-03
elapsed=1.977069e+02 cycle=1236 time=3.578653e+00 dt=3.410499e-03
elapsed=1.982699e+02 cycle=1240 time=3.592293e+00 dt=3.409512e-03
elapsed=1.988601e+02 cycle=1244 time=3.605930e+00 dt=3.408595e-03
elapsed=1.994282e+02 cycle=1248 time=3.619563e+00 dt=3.407748e-03
elapsed=2.000105e+02 cycle=1252 time=3.633193e+00 dt=3.406791e-03
elapsed=2.005734e+02 cycle=1256 time=3.646818e+00 dt=3.405675e-03
elapsed=2.011873e+02 cycle=1260 time=3.660439e+00 dt=3.404627e-03
elapsed=2.017390e+02 cycle=1264 time=3.674056e+00 dt=3.403647e-03
elapsed=2.023160e+02 cycle=1268 time=3.687669e+00 dt=3.402736e-03
elapsed=2.028972e+02 cycle=1272 time=3.701279e+00 dt=3.401892e-03
elapsed=2.034573e+02 cycle=1276 time=3.714885e+00 dt=3.401117e-03
elapsed=2.040289e+02 cycle=1280 time=3.728489e+00 dt=3.400124e-03
elapsed=2.046422e+02 cycle=1284 time=3.742087e+00 dt=3.399081e-03
elapsed=2.059757e+02 cycle=1288 time=3.755682e+00 dt=3.398106e-03
elapsed=2.065549e+02 cycle=1292 time=3.769273e+00 dt=3.397197e-03
elapsed=2.071204e+02 cycle=1296 time=3.782861e+00 dt=3.396356e-03
elapsed=2.076957e+02 cycle=1300 time=3.796445e+00 dt=3.395580e-03
elapsed=2.082869e+02 cycle=1304 time=3.810026e+00 dt=3.394872e-03
elapsed=2.088403e+02 cycle=1308 time=3.823604e+00 dt=3.393837e-03
elapsed=2.094146e+02 cycle=1312 time=3.837178e+00 dt=3.392863e-03
elapsed=2.099756e+02 cycle=1316 time=3.850748e+00 dt=3.391955e-03
elapsed=2.105724e+02 cycle=1320 time=3.864315e+00 dt=3.391113e-03
elapsed=2.111408e+02 cycle=1324 time=3.877878e+00 dt=3.390335e-03
elapsed=2.117016e+02 cycle=1328 time=3.891438e+00 dt=3.389623e-03
elapsed=2.122935e+02 cycle=1332 time=3.904996e+00 dt=3.388870e-03
elapsed=2.128677e+02 cycle=1336 time=3.918550e+00 dt=3.387895e-03
elapsed=2.134342e+02 cycle=1340 time=3.932100e+00 dt=3.386985e-03
elapsed=2.139873e+02 cycle=1344 time=3.945647e+00 dt=3.386139e-03
elapsed=2.145840e+02 cycle=1348 time=3.959190e+00 dt=3.385358e-03
elapsed=2.151679e+02 cycle=1352 time=3.972730e+00 dt=3.384640e-03
elapsed=2.157387e+02 cycle=1356 time=3.986268e+00 dt=3.383987e-03
elapsed=2.163020e+02 cycle=1360 time=3.999803e+00 dt=3.383177e-03
elapsed=2.179253e+02 cycle=1364 time=4.013334e+00 dt=3.382263e-03
elapsed=2.184913e+02 cycle=1368 time=4.026862e+00 dt=3.381412e-03
elapsed=2.190445e+02 cycle=1372 time=4.040386e+00 dt=3.380625e-03
elapsed=2.196473e+02 cycle=1376 time=4.053908e+00 dt=3.379900e-03
elapsed=2.202063e+02 cycle=1380 time=4.067426e+00 dt=3.379238e-03
elapsed=2.207675e+02 cycle=1384 time=4.080942e+00 dt=3.378640e-03
elapsed=2.213699e+02 cycle=1388 time=4.094456e+00 dt=3.377768e-03
elapsed=2.219565e+02 cycle=1392 time=4.107965e+00 dt=3.376910e-03
elapsed=2.225310e+02 cycle=1396 time=4.121472e+00 dt=3.376114e-03
elapsed=2.231200e+02 cycle=1400 time=4.134975e+00 dt=3.375380e-03
elapsed=2.236842e+02 cycle=1404 time=4.148476e+00 dt=3.374708e-03
elapsed=2.242368e+02 cycle=1408 time=4.161973e+00 dt=3.374099e-03
elapsed=2.248361e+02 cycle=1412 time=4.175469e+00 dt=3.373477e-03
elapsed=2.253961e+02 cycle=1416 time=4.188962e+00 dt=3.372610e-03
elapsed=2.259520e+02 cycle=1420 time=4.202451e+00 dt=3.371805e-03
elapsed=2.265225e+02 cycle=1424 time=4.215937e+00 dt=3.371060e-03
elapsed=2.270981e+02 cycle=1428 time=4.229420e+00 dt=3.370377e-03
elapsed=2.276622e+02 cycle=1432 time=4.242901e+00 dt=3.369755e-03
elapsed=2.289965e+02 cycle=1436 time=4.256379e+00 dt=3.369194e-03
elapsed=2.295625e+02 cycle=1440 time=4.269855e+00 dt=3.368495e-03
elapsed=2.301547e+02 cycle=1444 time=4.283327e+00 dt=3.367678e-03
elapsed=2.307388e+02 cycle=1448 time=4.296797e+00 dt=3.366922e-03
elapsed=2.312953e+02 cycle=1452 time=4.310264e+00 dt=3.366226e-03
elapsed=2.318560e+02 cycle=1456 time=4.323728e+00 dt=3.365590e-03
elapsed=2.324261e+02 cycle=1460 time=4.337189e+00 dt=3.365014e-03
elapsed=2.330017e+02 cycle=1464 time=4.350648e+00 dt=3.364498e-03
elapsed=2.335602e+02 cycle=1468 time=4.364105e+00 dt=3.363717e-03
elapsed=2.341244e+02 cycle=1472 time=4.377559e+00 dt=3.362947e-03
elapsed=2.347188e+02 cycle=1476 time=4.391010e+00 dt=3.362237e-03
elapsed=2.352787e+02 cycle=1480 time=4.404458e+00 dt=3.361586e-03
elapsed=2.358391e+02 cycle=1484 time=4.417903e+00 dt=3.360994e-03
elapsed=2.364133e+02 cycle=1488 time=4.431346e+00 dt=3.360462e-03
elapsed=2.370183e+02 cycle=1492 time=4.444787e+00 dt=3.359904e-03
elapsed=2.375781e+02 cycle=1496 time=4.458226e+00 dt=3.359120e-03
elapsed=2.381433e+02 cycle=1500 time=4.471661e+00 dt=3.358395e-03
elapsed=2.387230e+02 cycle=1504 time=4.485094e+00 dt=3.357728e-03
elapsed=2.393104e+02 cycle=1508 time=4.498524e+00 dt=3.357120e-03
elapsed=2.409417e+02 cycle=1512 time=4.511951e+00 dt=3.356571e-03
elapsed=2.415444e+02 cycle=1516 time=4.525377e+00 dt=3.356080e-03
elapsed=2.421485e+02 cycle=1520 time=4.538800e+00 dt=3.355427e-03
elapsed=2.427090e+02 cycle=1524 time=4.552221e+00 dt=3.354685e-03
elapsed=2.432767e+02 cycle=1528 time=4.565639e+00 dt=3.354002e-03
elapsed=2.438723e+02 cycle=1532 time=4.579054e+00 dt=3.353377e-03
elapsed=2.444323e+02 cycle=1536 time=4.592466e+00 dt=3.352809e-03
elapsed=2.450046e+02 cycle=1540 time=4.605877e+00 dt=3.352299e-03
elapsed=2.455604e+02 cycle=1544 time=4.619285e+00 dt=3.351848e-03
elapsed=2.461517e+02 cycle=1548 time=4.632691e+00 dt=3.351096e-03
elapsed=2.467158e+02 cycle=1552 time=4.646095e+00 dt=3.350395e-03
elapsed=2.473003e+02 cycle=1556 time=4.659495e+00 dt=3.349752e-03
elapsed=2.478817e+02 cycle=1560 time=4.672893e+00 dt=3.349165e-03
elapsed=2.484455e+02 cycle=1564 time=4.686289e+00 dt=3.348636e-03
elapsed=2.490219e+02 cycle=1568 time=4.699683e+00 dt=3.348165e-03
elapsed=2.496067e+02 cycle=1572 time=4.713075e+00 dt=3.347613e-03
elapsed=2.501715e+02 cycle=1576 time=4.726464e+00 dt=3.346895e-03
elapsed=2.507302e+02 cycle=1580 time=4.739851e+00 dt=3.346233e-03
elapsed=2.521369e+02 cycle=1584 time=4.753235e+00 dt=3.345628e-03
elapsed=2.527381e+02 cycle=1588 time=4.766617e+00 dt=3.345079e-03
elapsed=2.532956e+02 cycle=1592 time=4.779996e+00 dt=3.344587e-03
elapsed=2.538723e+02 cycle=1596 time=4.793374e+00 dt=3.344151e-03
elapsed=2.544553e+02 cycle=1600 time=4.806750e+00 dt=3.343492e-03
elapsed=2.550266e+02 cycle=1604 time=4.820123e+00 dt=3.342811e-03
elapsed=2.555949e+02 cycle=1608 time=4.833493e+00 dt=3.342186e-03
elapsed=2.561466e+02 cycle=1612 time=4.846861e+00 dt=3.341617e-03
elapsed=2.567545e+02 cycle=1616 time=4.860226e+00 dt=3.341104e-03
elapsed=2.573294e+02 cycle=1620 time=4.873590e+00 dt=3.340648e-03
elapsed=2.578831e+02 cycle=1624 time=4.886952e+00 dt=3.340176e-03
elapsed=2.584480e+02 cycle=1628 time=4.900312e+00 dt=3.339476e-03
elapsed=2.590321e+02 cycle=1632 time=4.913669e+00 dt=3.338831e-03
elapsed=2.596222e+02 cycle=1636 time=4.927023e+00 dt=3.338242e-03
elapsed=2.602034e+02 cycle=1640 time=4.940375e+00 dt=3.337708e-03
elapsed=2.607731e+02 cycle=1644 time=4.953725e+00 dt=3.337230e-03
elapsed=2.613262e+02 cycle=1648 time=4.967074e+00 dt=3.336807e-03
elapsed=2.619373e+02 cycle=1652 time=4.980420e+00 dt=3.336219e-03
elapsed=2.625101e+02 cycle=1656 time=4.993764e+00 dt=3.335555e-03
elapsed=2.641105e+02 cycle=1660 time=5.007105e+00 dt=3.334945e-03
elapsed=2.646932e+02 cycle=1664 time=5.020444e+00 dt=3.334390e-03
elapsed=2.652511e+02 cycle=1668 time=5.033781e+00 dt=3.333890e-03
elapsed=2.658200e+02 cycle=1672 time=5.047116e+00 dt=3.333445e-03
elapsed=2.664375e+02 cycle=1676 time=5.060449e+00 dt=3.333033e-03
elapsed=2.669991e+02 cycle=1680 time=5.073780e+00 dt=3.332349e-03
elapsed=2.675667e+02 cycle=1684 time=5.087109e+00 dt=3.331718e-03
elapsed=2.681396e+02 cycle=1688 time=5.100435e+00 dt=3.331142e-03
elapsed=2.687155e+02 cycle=1692 time=5.113758e+00 dt=3.330620e-03
elapsed=2.693027e+02 cycle=1696 time=5.127080e+00 dt=3.330153e-03
elapsed=2.699089e+02 cycle=1700 time=5.140400e+00 dt=3.329740e-03
elapsed=2.704746e+02 cycle=1704 time=5.153718e+00 dt=3.329207e-03
elapsed=2.710544e+02 cycle=1708 time=5.167034e+00 dt=3.328556e-03
elapsed=2.716410e+02 cycle=1712 time=5.180347e+00 dt=3.327958e-03
elapsed=2.722243e+02 cycle=1716 time=5.193658e+00 dt=3.327415e-03
elapsed=2.727908e+02 cycle=1720 time=5.206967e+00 dt=3.326925e-03
elapsed=2.733976e+02 cycle=1724 time=5.220274e+00 dt=3.326490e-03
elapsed=2.739622e+02 cycle=1728 time=5.233580e+00 dt=3.326108e-03
elapsed=2.745227e+02 cycle=1732 time=5.246883e+00 dt=3.325451e-03
elapsed=2.758698e+02 cycle=1736 time=5.260184e+00 dt=3.324833e-03
elapsed=2.764370e+02 cycle=1740 time=5.273483e+00 dt=3.324268e-03
elapsed=2.770410e+02 cycle=1744 time=5.286779e+00 dt=3.323756e-03
elapsed=2.776076e+02 cycle=1748 time=5.300073e+00 dt=3.323298e-03
elapsed=2.781819e+02 cycle=1752 time=5.313366e+00 dt=3.322893e-03
elapsed=2.787719e+02 cycle=1756 time=5.326657e+00 dt=3.322400e-03
elapsed=2.793417e+02 cycle=1760 time=5.339945e+00 dt=3.321760e-03
elapsed=2.799384e+02 cycle=1764 time=5.353231e+00 dt=3.321173e-03
elapsed=2.805186e+02 cycle=1768 time=5.366515e+00 dt=3.320639e-03
elapsed=2.811496e+02 cycle=1772 time=5.379797e+00 dt=3.320159e-03
elapsed=2.817171e+02 cycle=1776 time=5.393077e+00 dt=3.319731e-03
elapsed=2.823000e+02 cycle=1780 time=5.406355e+00 dt=3.319356e-03
elapsed=2.828796e+02 cycle=1784 time=5.419632e+00 dt=3.318735e-03
elapsed=2.834608e+02 cycle=1788 time=5.432906e+00 dt=3.318127e-03
elapsed=2.840303e+02 cycle=1792 time=5.446178e+00 dt=3.317571e-03
elapsed=2.846220e+02 cycle=1796 time=5.459447e+00 dt=3.317068e-03
elapsed=2.851888e+02 cycle=1800 time=5.472715e+00 dt=3.316617e-03
elapsed=2.857772e+02 cycle=1804 time=5.485981e+00 dt=3.316220e-03
elapsed=2.863460e+02 cycle=1808 time=5.499245e+00 dt=3.315754e-03
elapsed=2.879227e+02 cycle=1812 time=5.512507e+00 dt=3.315125e-03
elapsed=2.884997e+02 cycle=1816 time=5.525767e+00 dt=3.314547e-03
elapsed=2.890684e+02 cycle=1820 time=5.539024e+00 dt=3.314022e-03
elapsed=2.896323e+02 cycle=1824 time=5.552279e+00 dt=3.313549e-03
elapsed=2.902268e+02 cycle=1828 time=5.565533e+00 dt=3.313127e-03
elapsed=2.908018e+02 cycle=1832 time=5.578785e+00 dt=3.312759e-03
elapsed=2.913604e+02 cycle=1836 time=5.592035e+00 dt=3.312163e-03
elapsed=2.919178e+02 cycle=1840 time=5.605283e+00 dt=3.311563e-03
elapsed=2.925257e+02 cycle=1844 time=5.618528e+00 dt=3.311016e-03
elapsed=2.930801e+02 cycle=1848 time=5.631772e+00 dt=3.310520e-03
elapsed=2.936735e+02 cycle=1852 time=5.645013e+00 dt=3.310076e-03
elapsed=2.942316e+02 cycle=1856 time=5.658253e+00 dt=3.309684e-03
elapsed=2.947950e+02 cycle=1860 time=5.671491e+00 dt=3.309236e-03
elapsed=2.953726e+02 cycle=1864 time=5.684727e+00 dt=3.308616e-03
elapsed=2.959493e+02 cycle=1868 time=5.697960e+00 dt=3.308046e-03
elapsed=2.965193e+02 cycle=1872 time=5.711192e+00 dt=3.307528e-03
elapsed=2.970930e+02 cycle=1876 time=5.724421e+00 dt=3.307061e-03
elapsed=2.976818e+02 cycle=1880 time=5.737649e+00 dt=3.306645e-03
elapsed=2.990017e+02 cycle=1884 time=5.750875e+00 dt=3.306281e-03
elapsed=2.995685e+02 cycle=1888 time=5.764099e+00 dt=3.305700e-03
elapsed=3.001418e+02 cycle=1892 time=5.777321e+00 dt=3.305109e-03
elapsed=3.007117e+02 cycle=1896 time=5.790541e+00 dt=3.304568e-03
elapsed=3.013243e+02 cycle=1900 time=5.803758e+00 dt=3.304078e-03
elapsed=3.018968e+02 cycle=1904 time=5.816974e+00 dt=3.303639e-03
elapsed=3.024610e+02 cycle=1908 time=5.830188e+00 dt=3.303249e-03
elapsed=3.030305e+02 cycle=1912 time=5.843400e+00 dt=3.302805e-03
elapsed=3.036150e+02 cycle=1916 time=5.856610e+00 dt=3.302190e-03
elapsed=3.041795e+02 cycle=1920 time=5.869818e+00 dt=3.301624e-03
elapsed=3.047501e+02 cycle=1924 time=5.883024e+00 dt=3.301109e-03
elapsed=3.053590e+02 cycle=1928 time=5.896228e+00 dt=3.300645e-03
elapsed=3.059306e+02 cycle=1932 time=5.909430e+00 dt=3.300231e-03
elapsed=3.064878e+02 cycle=1936 time=5.922630e+00 dt=3.299868e-03
elapsed=3.070542e+02 cycle=1940 time=5.935829e+00 dt=3.299287e-03
elapsed=3.076475e+02 cycle=1944 time=5.949025e+00 dt=3.298699e-03
elapsed=3.082126e+02 cycle=1948 time=5.962219e+00 dt=3.298161e-03
elapsed=3.088044e+02 cycle=1952 time=5.975411e+00 dt=3.297674e-03
elapsed=3.093659e+02 cycle=1956 time=5.988601e+00 dt=3.297236e-03
elapsed=3.109665e+02 cycle=1960 time=6.001789e+00 dt=3.296849e-03
elapsed=3.115418e+02 cycle=1964 time=6.014976e+00 dt=3.296403e-03
elapsed=3.120980e+02 cycle=1968 time=6.028161e+00 dt=3.295793e-03
elapsed=3.126633e+02 cycle=1972 time=6.041343e+00 dt=3.295232e-03
elapsed=3.132695e+02 cycle=1976 time=6.054523e+00 dt=3.294721e-03
elapsed=3.138255e+02 cycle=1980 time=6.067701e+00 dt=3.294259e-03
elapsed=3.143922e+02 cycle=1984 time=6.080878e+00 dt=3.293848e-03
elapsed=3.149681e+02 cycle=1988 time=6.094053e+00 dt=3.293486e-03
elapsed=3.155373e+02 cycle=1992 time=6.107226e+00 dt=3.292899e-03
elapsed=3.160919e+02 cycle=1996 time=6.120397e+00 dt=3.292315e-03
elapsed=3.166519e+02 cycle=2000 time=6.133565e+00 dt=3.291780e-03
elapsed=3.172517e+02 cycle=2004 time=6.146731e+00 dt=3.291294e-03
elapsed=3.178142e+02 cycle=2008 time=6.159896e+00 dt=3.290858e-03
elapsed=3.183870e+02 cycle=2012 time=6.173059e+00 dt=3.290471e-03
elapsed=3.189834e+02 cycle=2016 time=6.186220e+00 dt=3.290011e-03
elapsed=3.195499e+02 cycle=2020 time=6.199379e+00 dt=3.289403e-03
elapsed=3.201457e+02 cycle=2024 time=6.212536e+00 dt=3.288844e-03
elapsed=3.207114e+02 cycle=2028 time=6.225690e+00 dt=3.288334e-03
elapsed=3.212825e+02 cycle=2032 time=6.238843e+00 dt=3.287873e-03
elapsed=3.226048e+02 cycle=2036 time=6.251994e+00 dt=3.287461e-03
elapsed=3.231621e+02 cycle=2040 time=6.265143e+00 dt=3.287098e-03
elapsed=3.237678e+02 cycle=2044 time=6.278291e+00 dt=3.286489e-03
elapsed=3.243373e+02 cycle=2048 time=6.291436e+00 dt=3.285906e-03
elapsed=3.249161e+02 cycle=2052 time=6.304579e+00 dt=3.285371e-03
elapsed=3.254827e+02 cycle=2056 time=6.317719e+00 dt=3.284884e-03
elapsed=3.260690e+02 cycle=2060 time=6.330858e+00 dt=3.284446e-03
elapsed=3.266297e+02 cycle=2064 time=6.343995e+00 dt=3.284056e-03
elapsed=3.271939e+02 cycle=2068 time=6.357131e+00 dt=3.283565e-03
elapsed=3.277619e+02 cycle=2072 time=6.370264e+00 dt=3.282956e-03
elapsed=3.283400e+02 cycle=2076 time=6.383395e+00 dt=3.282396e-03
elapsed=3.288914e+02 cycle=2080 time=6.396524e+00 dt=3.281883e-03
elapsed=3.294911e+02 cycle=2084 time=6.409651e+00 dt=3.281418e-03
elapsed=3.300574e+02 cycle=2088 time=6.422776e+00 dt=3.281002e-03
elapsed=3.306216e+02 cycle=2092 time=6.435899e+00 dt=3.280621e-03
elapsed=3.312440e+02 cycle=2096 time=6.449021e+00 dt=3.279987e-03
elapsed=3.318042e+02 cycle=2100 time=6.462140e+00 dt=3.279400e-03
elapsed=3.323683e+02 cycle=2104 time=6.475257e+00 dt=3.278860e-03
elapsed=3.329470e+02 cycle=2108 time=6.488371e+00 dt=3.278368e-03
output wall time = 2.908692e+01
elapsed=3.345746e+02 cycle=2112 time=6.500000e+00 dt=3.277972e-03

Terminating on time limit
time=6.500000e+00 cycle=2112
tlim=6.500000e+00 nlim=-1 nmb_total_limit=-1

Current number of MeshBlocks = 206
108 MeshBlocks created, 6 deleted by AMR
0 communicated for load balancing, load balancing efficiency = 0.000000e+00

MeshBlock-cycles = 436038
cpu time used  = 3.285693e+02
zone-cycles/cpu_second = 5.435722e+06
particle-updates/cpu_second = 0.000000e+00
