{
  "status": "PASS",
  "records": [
    {
      "operation": 13,
      "stage": 0,
      "cycle": 0,
      "max_primary_delta": 0.0,
      "max_delta": 0.0
    },
    {
      "operation": 11,
      "stage": 0,
      "cycle": 0,
      "max_primary_delta": 0.0,
      "max_delta": 8.205686106413193
    },
    {
      "operation": 13,
      "stage": 1,
      "cycle": 0,
      "max_primary_delta": 0.0,
      "max_delta": 0.0
    },
    {
      "operation": 11,
      "stage": 1,
      "cycle": 0,
      "max_primary_delta": 0.0,
      "max_delta": 8.208434633879152
    },
    {
      "operation": 13,
      "stage": 2,
      "cycle": 0,
      "max_primary_delta": 0.0,
      "max_delta": 0.0
    },
    {
      "operation": 11,
      "stage": 2,
      "cycle": 0,
      "max_primary_delta": 0.0,
      "max_delta": 8.207059304319063
    },
    {
      "operation": 13,
      "stage": 3,
      "cycle": 0,
      "max_primary_delta": 0.0,
      "max_delta": 0.0
    },
    {
      "operation": 11,
      "stage": 3,
      "cycle": 0,
      "max_primary_delta": 0.0,
      "max_delta": 8.208430135662791
    },
    {
      "operation": 13,
      "stage": 3,
      "cycle": 0,
      "max_primary_delta": 0.0,
      "max_delta": 0.0
    },
    {
      "operation": 12,
      "stage": 3,
      "cycle": 0,
      "max_primary_delta": 0.0,
      "max_delta": 8.208430135662786
    }
  ]
}
