### WARNING in /lus/flare/projects/CompactBinaryMerger/hzhu/refgh_relative_damped_single_hole_20260830_pvc_v2/src/src/mesh/load_balance.cpp at line 83
Number of MeshBlocks cannot be divided evenly by number of MPI ranks. This will result in poor load balancing.

Root grid = 3 x 3 x 3 MeshBlocks
Total number of MeshBlocks = 328
Number of logical  levels of refinement = 5 (6 levels total)
Number of physical levels of refinement = 3 (4 levels total)
  Physical level = 1 (logical level = 3): 208 MeshBlocks, cost = 208
  Physical level = 2 (logical level = 4): 56 MeshBlocks, cost = 56
  Physical level = 3 (logical level = 5): 64 MeshBlocks, cost = 64
Number of parallel ranks = 144
  Rank = 0: 2 MeshBlocks, cost = 2
  Rank = 1: 2 MeshBlocks, cost = 2
  Rank = 2: 2 MeshBlocks, cost = 2
  Rank = 3: 2 MeshBlocks, cost = 2
  Rank = 4: 2 MeshBlocks, cost = 2
  Rank = 5: 2 MeshBlocks, cost = 2
  Rank = 6: 2 MeshBlocks, cost = 2
  Rank = 7: 2 MeshBlocks, cost = 2
  Rank = 8: 2 MeshBlocks, cost = 2
  Rank = 9: 2 MeshBlocks, cost = 2
  Rank = 10: 2 MeshBlocks, cost = 2
  Rank = 11: 2 MeshBlocks, cost = 2
  Rank = 12: 2 MeshBlocks, cost = 2
  Rank = 13: 2 MeshBlocks, cost = 2
  Rank = 14: 2 MeshBlocks, cost = 2
  Rank = 15: 2 MeshBlocks, cost = 2
  Rank = 16: 2 MeshBlocks, cost = 2
  Rank = 17: 2 MeshBlocks, cost = 2
  Rank = 18: 2 MeshBlocks, cost = 2
  Rank = 19: 2 MeshBlocks, cost = 2
  Rank = 20: 2 MeshBlocks, cost = 2
  Rank = 21: 2 MeshBlocks, cost = 2
  Rank = 22: 2 MeshBlocks, cost = 2
  Rank = 23: 2 MeshBlocks, cost = 2
  Rank = 24: 2 MeshBlocks, cost = 2
  Rank = 25: 2 MeshBlocks, cost = 2
  Rank = 26: 2 MeshBlocks, cost = 2
  Rank = 27: 2 MeshBlocks, cost = 2
  Rank = 28: 2 MeshBlocks, cost = 2
  Rank = 29: 2 MeshBlocks, cost = 2
  Rank = 30: 2 MeshBlocks, cost = 2
  Rank = 31: 2 MeshBlocks, cost = 2
  Rank = 32: 2 MeshBlocks, cost = 2
  Rank = 33: 2 MeshBlocks, cost = 2
  Rank = 34: 2 MeshBlocks, cost = 2
  Rank = 35: 2 MeshBlocks, cost = 2
  Rank = 36: 2 MeshBlocks, cost = 2
  Rank = 37: 2 MeshBlocks, cost = 2
  Rank = 38: 2 MeshBlocks, cost = 2
  Rank = 39: 2 MeshBlocks, cost = 2
  Rank = 40: 2 MeshBlocks, cost = 2
  Rank = 41: 2 MeshBlocks, cost = 2
  Rank = 42: 2 MeshBlocks, cost = 2
  Rank = 43: 2 MeshBlocks, cost = 2
  Rank = 44: 2 MeshBlocks, cost = 2
  Rank = 45: 2 MeshBlocks, cost = 2
  Rank = 46: 2 MeshBlocks, cost = 2
  Rank = 47: 2 MeshBlocks, cost = 2
  Rank = 48: 2 MeshBlocks, cost = 2
  Rank = 49: 2 MeshBlocks, cost = 2
  Rank = 50: 2 MeshBlocks, cost = 2
  Rank = 51: 2 MeshBlocks, cost = 2
  Rank = 52: 2 MeshBlocks, cost = 2
  Rank = 53: 2 MeshBlocks, cost = 2
  Rank = 54: 2 MeshBlocks, cost = 2
  Rank = 55: 2 MeshBlocks, cost = 2
  Rank = 56: 2 MeshBlocks, cost = 2
  Rank = 57: 2 MeshBlocks, cost = 2
  Rank = 58: 2 MeshBlocks, cost = 2
  Rank = 59: 2 MeshBlocks, cost = 2
  Rank = 60: 2 MeshBlocks, cost = 2
  Rank = 61: 2 MeshBlocks, cost = 2
  Rank = 62: 2 MeshBlocks, cost = 2
  Rank = 63: 2 MeshBlocks, cost = 2
  Rank = 64: 2 MeshBlocks, cost = 2
  Rank = 65: 2 MeshBlocks, cost = 2
  Rank = 66: 2 MeshBlocks, cost = 2
  Rank = 67: 2 MeshBlocks, cost = 2
  Rank = 68: 2 MeshBlocks, cost = 2
  Rank = 69: 2 MeshBlocks, cost = 2
  Rank = 70: 2 MeshBlocks, cost = 2
  Rank = 71: 2 MeshBlocks, cost = 2
  Rank = 72: 2 MeshBlocks, cost = 2
  Rank = 73: 2 MeshBlocks, cost = 2
  Rank = 74: 2 MeshBlocks, cost = 2
  Rank = 75: 2 MeshBlocks, cost = 2
  Rank = 76: 2 MeshBlocks, cost = 2
  Rank = 77: 2 MeshBlocks, cost = 2
  Rank = 78: 2 MeshBlocks, cost = 2
  Rank = 79: 2 MeshBlocks, cost = 2
  Rank = 80: 2 MeshBlocks, cost = 2
  Rank = 81: 2 MeshBlocks, cost = 2
  Rank = 82: 2 MeshBlocks, cost = 2
  Rank = 83: 2 MeshBlocks, cost = 2
  Rank = 84: 2 MeshBlocks, cost = 2
  Rank = 85: 2 MeshBlocks, cost = 2
  Rank = 86: 2 MeshBlocks, cost = 2
  Rank = 87: 2 MeshBlocks, cost = 2
  Rank = 88: 2 MeshBlocks, cost = 2
  Rank = 89: 2 MeshBlocks, cost = 2
  Rank = 90: 2 MeshBlocks, cost = 2
  Rank = 91: 2 MeshBlocks, cost = 2
  Rank = 92: 2 MeshBlocks, cost = 2
  Rank = 93: 2 MeshBlocks, cost = 2
  Rank = 94: 2 MeshBlocks, cost = 2
  Rank = 95: 2 MeshBlocks, cost = 2
  Rank = 96: 2 MeshBlocks, cost = 2
  Rank = 97: 2 MeshBlocks, cost = 2
  Rank = 98: 2 MeshBlocks, cost = 2
  Rank = 99: 2 MeshBlocks, cost = 2
  Rank = 100: 2 MeshBlocks, cost = 2
  Rank = 101: 2 MeshBlocks, cost = 2
  Rank = 102: 2 MeshBlocks, cost = 2
  Rank = 103: 2 MeshBlocks, cost = 2
  Rank = 104: 3 MeshBlocks, cost = 3
  Rank = 105: 3 MeshBlocks, cost = 3
  Rank = 106: 3 MeshBlocks, cost = 3
  Rank = 107: 3 MeshBlocks, cost = 3
  Rank = 108: 3 MeshBlocks, cost = 3
  Rank = 109: 3 MeshBlocks, cost = 3
  Rank = 110: 3 MeshBlocks, cost = 3
  Rank = 111: 3 MeshBlocks, cost = 3
  Rank = 112: 3 MeshBlocks, cost = 3
  Rank = 113: 3 MeshBlocks, cost = 3
  Rank = 114: 3 MeshBlocks, cost = 3
  Rank = 115: 3 MeshBlocks, cost = 3
  Rank = 116: 3 MeshBlocks, cost = 3
  Rank = 117: 3 MeshBlocks, cost = 3
  Rank = 118: 3 MeshBlocks, cost = 3
  Rank = 119: 3 MeshBlocks, cost = 3
  Rank = 120: 3 MeshBlocks, cost = 3
  Rank = 121: 3 MeshBlocks, cost = 3
  Rank = 122: 3 MeshBlocks, cost = 3
  Rank = 123: 3 MeshBlocks, cost = 3
  Rank = 124: 3 MeshBlocks, cost = 3
  Rank = 125: 3 MeshBlocks, cost = 3
  Rank = 126: 3 MeshBlocks, cost = 3
  Rank = 127: 3 MeshBlocks, cost = 3
  Rank = 128: 3 MeshBlocks, cost = 3
  Rank = 129: 3 MeshBlocks, cost = 3
  Rank = 130: 3 MeshBlocks, cost = 3
  Rank = 131: 3 MeshBlocks, cost = 3
  Rank = 132: 3 MeshBlocks, cost = 3
  Rank = 133: 3 MeshBlocks, cost = 3
  Rank = 134: 3 MeshBlocks, cost = 3
  Rank = 135: 3 MeshBlocks, cost = 3
  Rank = 136: 3 MeshBlocks, cost = 3
  Rank = 137: 3 MeshBlocks, cost = 3
  Rank = 138: 3 MeshBlocks, cost = 3
  Rank = 139: 3 MeshBlocks, cost = 3
  Rank = 140: 3 MeshBlocks, cost = 3
  Rank = 141: 3 MeshBlocks, cost = 3
  Rank = 142: 3 MeshBlocks, cost = 3
  Rank = 143: 3 MeshBlocks, cost = 3
Load Balancing:
  Maximum normalized cost = 1.5, Average = 1.13889
ref_gh reference allocation backend=generic_cache_oracle generic_bytes=1199104000 analytic_static_components=0 analytic_stage_components=0 analytic_static_bytes=0 analytic_stage_bytes=0
### WARNING in /lus/flare/projects/CompactBinaryMerger/hzhu/refgh_relative_damped_single_hole_20260830_pvc_v2/src/src/parameter_input.cpp: input parameter <mesh_refinement>/num_levels = 4 was not used by the code (check for a typo)
### WARNING in /lus/flare/projects/CompactBinaryMerger/hzhu/refgh_relative_damped_single_hole_20260830_pvc_v2/src/src/parameter_input.cpp: input parameter <mesh_refinement>/max_nmb_per_rank = 128 was not used by the code (check for a typo)
### WARNING in /lus/flare/projects/CompactBinaryMerger/hzhu/refgh_relative_damped_single_hole_20260830_pvc_v2/src/src/parameter_input.cpp: input parameter <refined_region1>/level = 1 was not used by the code (check for a typo)
### WARNING in /lus/flare/projects/CompactBinaryMerger/hzhu/refgh_relative_damped_single_hole_20260830_pvc_v2/src/src/parameter_input.cpp: input parameter <refined_region1>/x1min = -12.0 was not used by the code (check for a typo)
### WARNING in /lus/flare/projects/CompactBinaryMerger/hzhu/refgh_relative_damped_single_hole_20260830_pvc_v2/src/src/parameter_input.cpp: input parameter <refined_region1>/x1max = 12.0 was not used by the code (check for a typo)
### WARNING in /lus/flare/projects/CompactBinaryMerger/hzhu/refgh_relative_damped_single_hole_20260830_pvc_v2/src/src/parameter_input.cpp: input parameter <refined_region1>/x2min = -12.0 was not used by the code (check for a typo)
### WARNING in /lus/flare/projects/CompactBinaryMerger/hzhu/refgh_relative_damped_single_hole_20260830_pvc_v2/src/src/parameter_input.cpp: input parameter <refined_region1>/x2max = 12.0 was not used by the code (check for a typo)
### WARNING in /lus/flare/projects/CompactBinaryMerger/hzhu/refgh_relative_damped_single_hole_20260830_pvc_v2/src/src/parameter_input.cpp: input parameter <refined_region1>/x3min = -12.0 was not used by the code (check for a typo)
### WARNING in /lus/flare/projects/CompactBinaryMerger/hzhu/refgh_relative_damped_single_hole_20260830_pvc_v2/src/src/parameter_input.cpp: input parameter <refined_region1>/x3max = 12.0 was not used by the code (check for a typo)
### WARNING in /lus/flare/projects/CompactBinaryMerger/hzhu/refgh_relative_damped_single_hole_20260830_pvc_v2/src/src/parameter_input.cpp: input parameter <refined_region2>/level = 2 was not used by the code (check for a typo)
### WARNING in /lus/flare/projects/CompactBinaryMerger/hzhu/refgh_relative_damped_single_hole_20260830_pvc_v2/src/src/parameter_input.cpp: input parameter <refined_region2>/x1min = -4.0 was not used by the code (check for a typo)
### WARNING in /lus/flare/projects/CompactBinaryMerger/hzhu/refgh_relative_damped_single_hole_20260830_pvc_v2/src/src/parameter_input.cpp: input parameter <refined_region2>/x1max = 4.0 was not used by the code (check for a typo)
### WARNING in /lus/flare/projects/CompactBinaryMerger/hzhu/refgh_relative_damped_single_hole_20260830_pvc_v2/src/src/parameter_input.cpp: input parameter <refined_region2>/x2min = -4.0 was not used by the code (check for a typo)
### WARNING in /lus/flare/projects/CompactBinaryMerger/hzhu/refgh_relative_damped_single_hole_20260830_pvc_v2/src/src/parameter_input.cpp: input parameter <refined_region2>/x2max = 4.0 was not used by the code (check for a typo)
### WARNING in /lus/flare/projects/CompactBinaryMerger/hzhu/refgh_relative_damped_single_hole_20260830_pvc_v2/src/src/parameter_input.cpp: input parameter <refined_region2>/x3min = -4.0 was not used by the code (check for a typo)
### WARNING in /lus/flare/projects/CompactBinaryMerger/hzhu/refgh_relative_damped_single_hole_20260830_pvc_v2/src/src/parameter_input.cpp: input parameter <refined_region2>/x3max = 4.0 was not used by the code (check for a typo)
### WARNING in /lus/flare/projects/CompactBinaryMerger/hzhu/refgh_relative_damped_single_hole_20260830_pvc_v2/src/src/parameter_input.cpp: input parameter <refined_region3>/level = 3 was not used by the code (check for a typo)
### WARNING in /lus/flare/projects/CompactBinaryMerger/hzhu/refgh_relative_damped_single_hole_20260830_pvc_v2/src/src/parameter_input.cpp: input parameter <refined_region3>/x1min = -2.0 was not used by the code (check for a typo)
### WARNING in /lus/flare/projects/CompactBinaryMerger/hzhu/refgh_relative_damped_single_hole_20260830_pvc_v2/src/src/parameter_input.cpp: input parameter <refined_region3>/x1max = 2.0 was not used by the code (check for a typo)
### WARNING in /lus/flare/projects/CompactBinaryMerger/hzhu/refgh_relative_damped_single_hole_20260830_pvc_v2/src/src/parameter_input.cpp: input parameter <refined_region3>/x2min = -2.0 was not used by the code (check for a typo)
### WARNING in /lus/flare/projects/CompactBinaryMerger/hzhu/refgh_relative_damped_single_hole_20260830_pvc_v2/src/src/parameter_input.cpp: input parameter <refined_region3>/x2max = 2.0 was not used by the code (check for a typo)
### WARNING in /lus/flare/projects/CompactBinaryMerger/hzhu/refgh_relative_damped_single_hole_20260830_pvc_v2/src/src/parameter_input.cpp: input parameter <refined_region3>/x3min = -2.0 was not used by the code (check for a typo)
### WARNING in /lus/flare/projects/CompactBinaryMerger/hzhu/refgh_relative_damped_single_hole_20260830_pvc_v2/src/src/parameter_input.cpp: input parameter <refined_region3>/x3max = 2.0 was not used by the code (check for a typo)
### WARNING in /lus/flare/projects/CompactBinaryMerger/hzhu/refgh_relative_damped_single_hole_20260830_pvc_v2/src/src/parameter_input.cpp: input parameter <time>/start_time = 0 was not used by the code (check for a typo)
### WARNING in /lus/flare/projects/CompactBinaryMerger/hzhu/refgh_relative_damped_single_hole_20260830_pvc_v2/src/src/parameter_input.cpp: input parameter <ref_gh>/q_est = 0 was not used by the code (check for a typo)
### WARNING in /lus/flare/projects/CompactBinaryMerger/hzhu/refgh_relative_damped_single_hole_20260830_pvc_v2/src/src/parameter_input.cpp: input parameter <ref_gh>/q_analytic = 0 was not used by the code (check for a typo)
### WARNING in /lus/flare/projects/CompactBinaryMerger/hzhu/refgh_relative_damped_single_hole_20260830_pvc_v2/src/src/parameter_input.cpp: input parameter <ref_gh>/q_est_variance = 0 was not used by the code (check for a typo)
### WARNING in /lus/flare/projects/CompactBinaryMerger/hzhu/refgh_relative_damped_single_hole_20260830_pvc_v2/src/src/parameter_input.cpp: input parameter <ref_gh>/q_est_effective_sample_size = 0 was not used by the code (check for a typo)
### WARNING in /lus/flare/projects/CompactBinaryMerger/hzhu/refgh_relative_damped_single_hole_20260830_pvc_v2/src/src/parameter_input.cpp: input parameter <ref_gh>/q_est_cell_count = 0 was not used by the code (check for a typo)
### WARNING in /lus/flare/projects/CompactBinaryMerger/hzhu/refgh_relative_damped_single_hole_20260830_pvc_v2/src/src/parameter_input.cpp: input parameter <output2>/file_type = rst was not used by the code (check for a typo)
### WARNING in /lus/flare/projects/CompactBinaryMerger/hzhu/refgh_relative_damped_single_hole_20260830_pvc_v2/src/src/parameter_input.cpp: input parameter <output2>/file_number = 3 was not used by the code (check for a typo)
### WARNING in /lus/flare/projects/CompactBinaryMerger/hzhu/refgh_relative_damped_single_hole_20260830_pvc_v2/src/src/parameter_input.cpp: input parameter <output2>/ghost_zones = 0 was not used by the code (check for a typo)
### WARNING in /lus/flare/projects/CompactBinaryMerger/hzhu/refgh_relative_damped_single_hole_20260830_pvc_v2/src/src/parameter_input.cpp: input parameter <output2>/gid = -1 was not used by the code (check for a typo)
### WARNING in /lus/flare/projects/CompactBinaryMerger/hzhu/refgh_relative_damped_single_hole_20260830_pvc_v2/src/src/parameter_input.cpp: input parameter <output2>/data_format = %12.5e was not used by the code (check for a typo)
### WARNING in /lus/flare/projects/CompactBinaryMerger/hzhu/refgh_relative_damped_single_hole_20260830_pvc_v2/src/src/parameter_input.cpp: input parameter <output2>/single_file_per_rank = 0 was not used by the code (check for a typo)
### WARNING in /lus/flare/projects/CompactBinaryMerger/hzhu/refgh_relative_damped_single_hole_20260830_pvc_v2/src/src/parameter_input.cpp: input parameter <output3>/file_type = cbin was not used by the code (check for a typo)
### WARNING in /lus/flare/projects/CompactBinaryMerger/hzhu/refgh_relative_damped_single_hole_20260830_pvc_v2/src/src/parameter_input.cpp: input parameter <output3>/variable = adm_alpha was not used by the code (check for a typo)
### WARNING in /lus/flare/projects/CompactBinaryMerger/hzhu/refgh_relative_damped_single_hole_20260830_pvc_v2/src/src/parameter_input.cpp: input parameter <output3>/id = physical_alpha was not used by the code (check for a typo)
### WARNING in /lus/flare/projects/CompactBinaryMerger/hzhu/refgh_relative_damped_single_hole_20260830_pvc_v2/src/src/parameter_input.cpp: input parameter <output3>/coarsen_factor = 1 was not used by the code (check for a typo)
### WARNING in /lus/flare/projects/CompactBinaryMerger/hzhu/refgh_relative_damped_single_hole_20260830_pvc_v2/src/src/parameter_input.cpp: input parameter <output3>/compute_moments = false was not used by the code (check for a typo)
### WARNING in /lus/flare/projects/CompactBinaryMerger/hzhu/refgh_relative_damped_single_hole_20260830_pvc_v2/src/src/parameter_input.cpp: input parameter <output3>/binary64 = true was not used by the code (check for a typo)
### WARNING in /lus/flare/projects/CompactBinaryMerger/hzhu/refgh_relative_damped_single_hole_20260830_pvc_v2/src/src/parameter_input.cpp: input parameter <output3>/single_file_per_rank = false was not used by the code (check for a typo)
### WARNING in /lus/flare/projects/CompactBinaryMerger/hzhu/refgh_relative_damped_single_hole_20260830_pvc_v2/src/src/parameter_input.cpp: input parameter <output3>/file_number = 1 was not used by the code (check for a typo)
### WARNING in /lus/flare/projects/CompactBinaryMerger/hzhu/refgh_relative_damped_single_hole_20260830_pvc_v2/src/src/parameter_input.cpp: input parameter <output3>/ghost_zones = 0 was not used by the code (check for a typo)
### WARNING in /lus/flare/projects/CompactBinaryMerger/hzhu/refgh_relative_damped_single_hole_20260830_pvc_v2/src/src/parameter_input.cpp: input parameter <output3>/gid = -1 was not used by the code (check for a typo)
### WARNING in /lus/flare/projects/CompactBinaryMerger/hzhu/refgh_relative_damped_single_hole_20260830_pvc_v2/src/src/parameter_input.cpp: input parameter <output3>/data_format = %12.5e was not used by the code (check for a typo)
### WARNING in /lus/flare/projects/CompactBinaryMerger/hzhu/refgh_relative_damped_single_hole_20260830_pvc_v2/src/src/parameter_input.cpp: input parameter <output4>/file_type = cbin was not used by the code (check for a typo)
### WARNING in /lus/flare/projects/CompactBinaryMerger/hzhu/refgh_relative_damped_single_hole_20260830_pvc_v2/src/src/parameter_input.cpp: input parameter <output4>/variable = adm_psi4 was not used by the code (check for a typo)
### WARNING in /lus/flare/projects/CompactBinaryMerger/hzhu/refgh_relative_damped_single_hole_20260830_pvc_v2/src/src/parameter_input.cpp: input parameter <output4>/id = physical_psi4 was not used by the code (check for a typo)
### WARNING in /lus/flare/projects/CompactBinaryMerger/hzhu/refgh_relative_damped_single_hole_20260830_pvc_v2/src/src/parameter_input.cpp: input parameter <output4>/coarsen_factor = 1 was not used by the code (check for a typo)
### WARNING in /lus/flare/projects/CompactBinaryMerger/hzhu/refgh_relative_damped_single_hole_20260830_pvc_v2/src/src/parameter_input.cpp: input parameter <output4>/compute_moments = false was not used by the code (check for a typo)
### WARNING in /lus/flare/projects/CompactBinaryMerger/hzhu/refgh_relative_damped_single_hole_20260830_pvc_v2/src/src/parameter_input.cpp: input parameter <output4>/binary64 = true was not used by the code (check for a typo)
### WARNING in /lus/flare/projects/CompactBinaryMerger/hzhu/refgh_relative_damped_single_hole_20260830_pvc_v2/src/src/parameter_input.cpp: input parameter <output4>/single_file_per_rank = false was not used by the code (check for a typo)
### WARNING in /lus/flare/projects/CompactBinaryMerger/hzhu/refgh_relative_damped_single_hole_20260830_pvc_v2/src/src/parameter_input.cpp: input parameter <output4>/file_number = 1 was not used by the code (check for a typo)
### WARNING in /lus/flare/projects/CompactBinaryMerger/hzhu/refgh_relative_damped_single_hole_20260830_pvc_v2/src/src/parameter_input.cpp: input parameter <output4>/ghost_zones = 0 was not used by the code (check for a typo)
### WARNING in /lus/flare/projects/CompactBinaryMerger/hzhu/refgh_relative_damped_single_hole_20260830_pvc_v2/src/src/parameter_input.cpp: input parameter <output4>/gid = -1 was not used by the code (check for a typo)
### WARNING in /lus/flare/projects/CompactBinaryMerger/hzhu/refgh_relative_damped_single_hole_20260830_pvc_v2/src/src/parameter_input.cpp: input parameter <output4>/data_format = %12.5e was not used by the code (check for a typo)
### WARNING in /lus/flare/projects/CompactBinaryMerger/hzhu/refgh_relative_damped_single_hole_20260830_pvc_v2/src/src/parameter_input.cpp: input parameter <output5>/file_type = cbin was not used by the code (check for a typo)
### WARNING in /lus/flare/projects/CompactBinaryMerger/hzhu/refgh_relative_damped_single_hole_20260830_pvc_v2/src/src/parameter_input.cpp: input parameter <output5>/variable = adm_betax was not used by the code (check for a typo)
### WARNING in /lus/flare/projects/CompactBinaryMerger/hzhu/refgh_relative_damped_single_hole_20260830_pvc_v2/src/src/parameter_input.cpp: input parameter <output5>/id = physical_betax was not used by the code (check for a typo)
### WARNING in /lus/flare/projects/CompactBinaryMerger/hzhu/refgh_relative_damped_single_hole_20260830_pvc_v2/src/src/parameter_input.cpp: input parameter <output5>/coarsen_factor = 1 was not used by the code (check for a typo)
### WARNING in /lus/flare/projects/CompactBinaryMerger/hzhu/refgh_relative_damped_single_hole_20260830_pvc_v2/src/src/parameter_input.cpp: input parameter <output5>/compute_moments = false was not used by the code (check for a typo)
### WARNING in /lus/flare/projects/CompactBinaryMerger/hzhu/refgh_relative_damped_single_hole_20260830_pvc_v2/src/src/parameter_input.cpp: input parameter <output5>/binary64 = true was not used by the code (check for a typo)
### WARNING in /lus/flare/projects/CompactBinaryMerger/hzhu/refgh_relative_damped_single_hole_20260830_pvc_v2/src/src/parameter_input.cpp: input parameter <output5>/single_file_per_rank = false was not used by the code (check for a typo)
### WARNING in /lus/flare/projects/CompactBinaryMerger/hzhu/refgh_relative_damped_single_hole_20260830_pvc_v2/src/src/parameter_input.cpp: input parameter <output5>/file_number = 1 was not used by the code (check for a typo)
### WARNING in /lus/flare/projects/CompactBinaryMerger/hzhu/refgh_relative_damped_single_hole_20260830_pvc_v2/src/src/parameter_input.cpp: input parameter <output5>/ghost_zones = 0 was not used by the code (check for a typo)
### WARNING in /lus/flare/projects/CompactBinaryMerger/hzhu/refgh_relative_damped_single_hole_20260830_pvc_v2/src/src/parameter_input.cpp: input parameter <output5>/gid = -1 was not used by the code (check for a typo)
### WARNING in /lus/flare/projects/CompactBinaryMerger/hzhu/refgh_relative_damped_single_hole_20260830_pvc_v2/src/src/parameter_input.cpp: input parameter <output5>/data_format = %12.5e was not used by the code (check for a typo)
### WARNING in /lus/flare/projects/CompactBinaryMerger/hzhu/refgh_relative_damped_single_hole_20260830_pvc_v2/src/src/parameter_input.cpp: input parameter <output6>/file_type = cbin was not used by the code (check for a typo)
### WARNING in /lus/flare/projects/CompactBinaryMerger/hzhu/refgh_relative_damped_single_hole_20260830_pvc_v2/src/src/parameter_input.cpp: input parameter <output6>/variable = adm_betay was not used by the code (check for a typo)
### WARNING in /lus/flare/projects/CompactBinaryMerger/hzhu/refgh_relative_damped_single_hole_20260830_pvc_v2/src/src/parameter_input.cpp: input parameter <output6>/id = physical_betay was not used by the code (check for a typo)
### WARNING in /lus/flare/projects/CompactBinaryMerger/hzhu/refgh_relative_damped_single_hole_20260830_pvc_v2/src/src/parameter_input.cpp: input parameter <output6>/coarsen_factor = 1 was not used by the code (check for a typo)
### WARNING in /lus/flare/projects/CompactBinaryMerger/hzhu/refgh_relative_damped_single_hole_20260830_pvc_v2/src/src/parameter_input.cpp: input parameter <output6>/compute_moments = false was not used by the code (check for a typo)
### WARNING in /lus/flare/projects/CompactBinaryMerger/hzhu/refgh_relative_damped_single_hole_20260830_pvc_v2/src/src/parameter_input.cpp: input parameter <output6>/binary64 = true was not used by the code (check for a typo)
### WARNING in /lus/flare/projects/CompactBinaryMerger/hzhu/refgh_relative_damped_single_hole_20260830_pvc_v2/src/src/parameter_input.cpp: input parameter <output6>/single_file_per_rank = false was not used by the code (check for a typo)
### WARNING in /lus/flare/projects/CompactBinaryMerger/hzhu/refgh_relative_damped_single_hole_20260830_pvc_v2/src/src/parameter_input.cpp: input parameter <output6>/file_number = 1 was not used by the code (check for a typo)
### WARNING in /lus/flare/projects/CompactBinaryMerger/hzhu/refgh_relative_damped_single_hole_20260830_pvc_v2/src/src/parameter_input.cpp: input parameter <output6>/ghost_zones = 0 was not used by the code (check for a typo)
### WARNING in /lus/flare/projects/CompactBinaryMerger/hzhu/refgh_relative_damped_single_hole_20260830_pvc_v2/src/src/parameter_input.cpp: input parameter <output6>/gid = -1 was not used by the code (check for a typo)
### WARNING in /lus/flare/projects/CompactBinaryMerger/hzhu/refgh_relative_damped_single_hole_20260830_pvc_v2/src/src/parameter_input.cpp: input parameter <output6>/data_format = %12.5e was not used by the code (check for a typo)
### WARNING in /lus/flare/projects/CompactBinaryMerger/hzhu/refgh_relative_damped_single_hole_20260830_pvc_v2/src/src/parameter_input.cpp: input parameter <output7>/file_type = cbin was not used by the code (check for a typo)
### WARNING in /lus/flare/projects/CompactBinaryMerger/hzhu/refgh_relative_damped_single_hole_20260830_pvc_v2/src/src/parameter_input.cpp: input parameter <output7>/variable = adm_betaz was not used by the code (check for a typo)
### WARNING in /lus/flare/projects/CompactBinaryMerger/hzhu/refgh_relative_damped_single_hole_20260830_pvc_v2/src/src/parameter_input.cpp: input parameter <output7>/id = physical_betaz was not used by the code (check for a typo)
### WARNING in /lus/flare/projects/CompactBinaryMerger/hzhu/refgh_relative_damped_single_hole_20260830_pvc_v2/src/src/parameter_input.cpp: input parameter <output7>/coarsen_factor = 1 was not used by the code (check for a typo)
### WARNING in /lus/flare/projects/CompactBinaryMerger/hzhu/refgh_relative_damped_single_hole_20260830_pvc_v2/src/src/parameter_input.cpp: input parameter <output7>/compute_moments = false was not used by the code (check for a typo)
### WARNING in /lus/flare/projects/CompactBinaryMerger/hzhu/refgh_relative_damped_single_hole_20260830_pvc_v2/src/src/parameter_input.cpp: input parameter <output7>/binary64 = true was not used by the code (check for a typo)
### WARNING in /lus/flare/projects/CompactBinaryMerger/hzhu/refgh_relative_damped_single_hole_20260830_pvc_v2/src/src/parameter_input.cpp: input parameter <output7>/single_file_per_rank = false was not used by the code (check for a typo)
### WARNING in /lus/flare/projects/CompactBinaryMerger/hzhu/refgh_relative_damped_single_hole_20260830_pvc_v2/src/src/parameter_input.cpp: input parameter <output7>/file_number = 1 was not used by the code (check for a typo)
### WARNING in /lus/flare/projects/CompactBinaryMerger/hzhu/refgh_relative_damped_single_hole_20260830_pvc_v2/src/src/parameter_input.cpp: input parameter <output7>/ghost_zones = 0 was not used by the code (check for a typo)
### WARNING in /lus/flare/projects/CompactBinaryMerger/hzhu/refgh_relative_damped_single_hole_20260830_pvc_v2/src/src/parameter_input.cpp: input parameter <output7>/gid = -1 was not used by the code (check for a typo)
### WARNING in /lus/flare/projects/CompactBinaryMerger/hzhu/refgh_relative_damped_single_hole_20260830_pvc_v2/src/src/parameter_input.cpp: input parameter <output7>/data_format = %12.5e was not used by the code (check for a typo)

Setup complete, executing task list(s)...

elapsed=1.577423e+01 cycle=490 time=2.026702e+00 dt=4.130446e-03
elapsed=3.249297e+01 cycle=500 time=2.068005e+00 dt=4.130040e-03
elapsed=4.932722e+01 cycle=510 time=2.109304e+00 dt=4.129623e-03
elapsed=6.574244e+01 cycle=520 time=2.150598e+00 dt=4.129196e-03
elapsed=8.220682e+01 cycle=530 time=2.191888e+00 dt=4.128759e-03
elapsed=9.924574e+01 cycle=540 time=2.233173e+00 dt=4.128312e-03
elapsed=1.156081e+02 cycle=550 time=2.274455e+00 dt=4.127854e-03
elapsed=1.319735e+02 cycle=560 time=2.315731e+00 dt=4.127387e-03
elapsed=1.490222e+02 cycle=570 time=2.357003e+00 dt=4.126909e-03
elapsed=1.677736e+02 cycle=580 time=2.398270e+00 dt=4.126422e-03
elapsed=1.846606e+02 cycle=590 time=2.439532e+00 dt=4.125925e-03
elapsed=2.018534e+02 cycle=600 time=2.480789e+00 dt=4.125419e-03
elapsed=2.181329e+02 cycle=610 time=2.522040e+00 dt=4.124904e-03
elapsed=2.344177e+02 cycle=620 time=2.563287e+00 dt=4.124379e-03
elapsed=2.503942e+02 cycle=630 time=2.604529e+00 dt=4.123846e-03
elapsed=2.669105e+02 cycle=640 time=2.645765e+00 dt=4.123304e-03
elapsed=2.838730e+02 cycle=650 time=2.686995e+00 dt=4.122754e-03
elapsed=3.002297e+02 cycle=660 time=2.728220e+00 dt=4.122195e-03
elapsed=3.167154e+02 cycle=670 time=2.769440e+00 dt=4.121628e-03
elapsed=3.331986e+02 cycle=680 time=2.810653e+00 dt=4.121053e-03
elapsed=3.497548e+02 cycle=690 time=2.851861e+00 dt=4.120470e-03
elapsed=3.661807e+02 cycle=700 time=2.893063e+00 dt=4.119880e-03
elapsed=3.824992e+02 cycle=710 time=2.934259e+00 dt=4.119282e-03
elapsed=3.987784e+02 cycle=720 time=2.975449e+00 dt=4.118677e-03
elapsed=4.150530e+02 cycle=730 time=3.016633e+00 dt=4.118066e-03
elapsed=4.314814e+02 cycle=740 time=3.057811e+00 dt=4.117448e-03
elapsed=4.481615e+02 cycle=750 time=3.098983e+00 dt=4.116823e-03
elapsed=4.664643e+02 cycle=760 time=3.140148e+00 dt=4.116193e-03
elapsed=4.830223e+02 cycle=770 time=3.181308e+00 dt=4.115556e-03
elapsed=4.994802e+02 cycle=780 time=3.222460e+00 dt=4.114914e-03
elapsed=5.159150e+02 cycle=790 time=3.263606e+00 dt=4.114266e-03
elapsed=5.317863e+02 cycle=800 time=3.304746e+00 dt=4.113614e-03
elapsed=5.480479e+02 cycle=810 time=3.345879e+00 dt=4.112956e-03
elapsed=5.642926e+02 cycle=820 time=3.387006e+00 dt=4.112294e-03
elapsed=5.805538e+02 cycle=830 time=3.428126e+00 dt=4.111627e-03
elapsed=5.973875e+02 cycle=840 time=3.469239e+00 dt=4.110956e-03
elapsed=6.144527e+02 cycle=850 time=3.510346e+00 dt=4.110282e-03
elapsed=6.308913e+02 cycle=860 time=3.551445e+00 dt=4.109603e-03
elapsed=6.473706e+02 cycle=870 time=3.592538e+00 dt=4.108922e-03
elapsed=6.638699e+02 cycle=880 time=3.633625e+00 dt=4.108237e-03
elapsed=6.805724e+02 cycle=890 time=3.674704e+00 dt=4.107550e-03
elapsed=6.973069e+02 cycle=900 time=3.715776e+00 dt=4.106860e-03
elapsed=7.137154e+02 cycle=910 time=3.756842e+00 dt=4.106168e-03
elapsed=7.301455e+02 cycle=920 time=3.797900e+00 dt=4.105474e-03
elapsed=7.464705e+02 cycle=930 time=3.838952e+00 dt=4.104778e-03
elapsed=7.627725e+02 cycle=940 time=3.879996e+00 dt=4.104080e-03
elapsed=7.796450e+02 cycle=950 time=3.921034e+00 dt=4.103382e-03
elapsed=7.959700e+02 cycle=960 time=3.962065e+00 dt=4.102683e-03
elapsed=8.124778e+02 cycle=970 time=4.003089e+00 dt=4.101983e-03
elapsed=8.286652e+02 cycle=980 time=4.044105e+00 dt=4.101282e-03
elapsed=8.451604e+02 cycle=990 time=4.085115e+00 dt=4.100582e-03
elapsed=8.618185e+02 cycle=1000 time=4.126118e+00 dt=4.099882e-03
elapsed=8.783744e+02 cycle=1010 time=4.167113e+00 dt=4.099182e-03
reference-GH controlled Schwarzschild final: time=4.200000e+00 state Linf=1.017324e+01 bad-state=0.000000e+00

Terminating on time limit
time=4.200000e+00 cycle=1019
tlim=4.200000e+00 nlim=-1

MeshBlock-cycles = 175480
cpu time used  = 8.877219e+02
zone-cycles/cpu_second = 6.477399e+06
particle-updates/cpu_second = 0.000000e+00
real 901.37
user 0.02
sys 0.04
