SUBCYCLE_ATTEMPT time=62.205560322980219 dt=3.3088853306340469e-05 attempt=1 ratio=16
SUBCYCLE_RETRY reason=hierarchy stage exceeds its timestep stability ceiling
SUBCYCLE_ATTEMPT time=62.205560322980219 dt=1.6544426653170235e-05 attempt=2 ratio=16
SUBCYCLE_CORRECTOR time=62.205560322980219 dt=1.6544426653170235e-05 pass=2 endpoint=6022865.0492734257 history=116699334.60986309 feedback=0.0018552738177013423 worst_history_level=21 worst_history_tick=15
SUBCYCLE_CORRECTOR time=62.205560322980219 dt=1.6544426653170235e-05 pass=3 endpoint=5559442.0645216843 history=132395954.40898427 feedback=1.7618934641038386e-06 worst_history_level=20 worst_history_tick=14
SUBCYCLE_CORRECTOR time=62.205560322980219 dt=1.6544426653170235e-05 pass=4 endpoint=2416542.8099007197 history=784204406.02526808 feedback=0 worst_history_level=19 worst_history_tick=12
SUBCYCLE_CORRECTOR time=62.205560322980219 dt=1.6544426653170235e-05 pass=5 endpoint=598471.17073668027 history=2466374776.9809675 feedback=0 worst_history_level=18 worst_history_tick=8
SUBCYCLE_CORRECTOR time=62.205560322980219 dt=1.6544426653170235e-05 pass=6 endpoint=111217.32109527486 history=3665652176.5525804 feedback=0 worst_history_level=18 worst_history_tick=8
SUBCYCLE_CORRECTOR time=62.205560322980219 dt=1.6544426653170235e-05 pass=7 endpoint=24683.434741380403 history=1320197730.6016023 feedback=0 worst_history_level=18 worst_history_tick=8
SUBCYCLE_CORRECTOR time=62.205560322980219 dt=1.6544426653170235e-05 pass=8 endpoint=4653.3578102955098 history=352646390.31369185 feedback=0 worst_history_level=18 worst_history_tick=8
SUBCYCLE_RETRY reason=hierarchy corrector failed to converge within its pass budget
SUBCYCLE_ATTEMPT time=62.205560322980219 dt=8.2722133265851173e-06 attempt=3 ratio=16
SUBCYCLE_CORRECTOR time=62.205560322980219 dt=8.2722133265851173e-06 pass=2 endpoint=398826.31205183989 history=10715150.267432934 feedback=0.00012686830927160979 worst_history_level=21 worst_history_tick=15
SUBCYCLE_CORRECTOR time=62.205560322980219 dt=8.2722133265851173e-06 pass=3 endpoint=413612.96457778825 history=11565174.385333298 feedback=0 worst_history_level=20 worst_history_tick=14
SUBCYCLE_CORRECTOR time=62.205560322980219 dt=8.2722133265851173e-06 pass=4 endpoint=196364.71393469351 history=67102016.664741665 feedback=0 worst_history_level=19 worst_history_tick=12
SUBCYCLE_CORRECTOR time=62.205560322980219 dt=8.2722133265851173e-06 pass=5 endpoint=22371.410911128271 history=221052058.10154381 feedback=0 worst_history_level=18 worst_history_tick=8
SUBCYCLE_CORRECTOR time=62.205560322980219 dt=8.2722133265851173e-06 pass=6 endpoint=2939.5087269659243 history=402576018.21747506 feedback=0 worst_history_level=18 worst_history_tick=8
SUBCYCLE_CORRECTOR time=62.205560322980219 dt=8.2722133265851173e-06 pass=7 endpoint=315.37724531001413 history=169648683.7968404 feedback=0 worst_history_level=18 worst_history_tick=8
SUBCYCLE_CORRECTOR time=62.205560322980219 dt=8.2722133265851173e-06 pass=8 endpoint=27.318375815385995 history=16227621.794666432 feedback=0 worst_history_level=18 worst_history_tick=8
SUBCYCLE_RETRY reason=hierarchy corrector failed to converge within its pass budget
SUBCYCLE_ATTEMPT time=62.205560322980219 dt=4.1361066632925586e-06 attempt=4 ratio=16
SUBCYCLE_CORRECTOR time=62.205560322980219 dt=4.1361066632925586e-06 pass=2 endpoint=30251.403547710855 history=803474.54587540601 feedback=7.0485722613847535e-06 worst_history_level=21 worst_history_tick=15
SUBCYCLE_CORRECTOR time=62.205560322980219 dt=4.1361066632925586e-06 pass=3 endpoint=30537.294575796317 history=883057.46736927016 feedback=0 worst_history_level=20 worst_history_tick=14
SUBCYCLE_CORRECTOR time=62.205560322980219 dt=4.1361066632925586e-06 pass=4 endpoint=14796.972581913251 history=4943999.2102556247 feedback=0 worst_history_level=19 worst_history_tick=12
SUBCYCLE_CORRECTOR time=62.205560322980219 dt=4.1361066632925586e-06 pass=5 endpoint=897.50783073564196 history=17053743.684357341 feedback=0 worst_history_level=18 worst_history_tick=8
SUBCYCLE_CORRECTOR time=62.205560322980219 dt=4.1361066632925586e-06 pass=6 endpoint=57.291494258372829 history=32306992.360761765 feedback=0 worst_history_level=18 worst_history_tick=8
SUBCYCLE_CORRECTOR time=62.205560322980219 dt=4.1361066632925586e-06 pass=7 endpoint=2.9582563061326033 history=14655948.571187763 feedback=0 worst_history_level=18 worst_history_tick=8
SUBCYCLE_CORRECTOR time=62.205560322980219 dt=4.1361066632925586e-06 pass=8 endpoint=0.18665281924243388 history=775852.3239197135 feedback=0 worst_history_level=17 worst_history_tick=0
SUBCYCLE_RETRY reason=hierarchy corrector failed to converge within its pass budget
SUBCYCLE_ATTEMPT time=62.205560322980219 dt=2.0680533316462793e-06 attempt=5 ratio=16
SUBCYCLE_CORRECTOR time=62.205560322980219 dt=2.0680533316462793e-06 pass=2 endpoint=1877.9798605340156 history=285400.92582754727 feedback=7.0487550157757375e-06 worst_history_level=13 worst_history_tick=0
SUBCYCLE_CORRECTOR time=62.205560322980219 dt=2.0680533316462793e-06 pass=3 endpoint=2062.398075821548 history=122220.3715511746 feedback=0 worst_history_level=14 worst_history_tick=0
SUBCYCLE_CORRECTOR time=62.205560322980219 dt=2.0680533316462793e-06 pass=4 endpoint=961.32740096983173 history=336328.82305100776 feedback=0 worst_history_level=19 worst_history_tick=12
SUBCYCLE_CORRECTOR time=62.205560322980219 dt=2.0680533316462793e-06 pass=5 endpoint=31.69846505647093 history=1197201.5299641218 feedback=0 worst_history_level=18 worst_history_tick=8
SUBCYCLE_CORRECTOR time=62.205560322980219 dt=2.0680533316462793e-06 pass=6 endpoint=1.0023273773473775 history=2295762.8773567039 feedback=0 worst_history_level=18 worst_history_tick=8
SUBCYCLE_CORRECTOR time=62.205560322980219 dt=2.0680533316462793e-06 pass=7 endpoint=0.026391058773985857 history=1076700.8324770138 feedback=0 worst_history_level=18 worst_history_tick=8
SUBCYCLE_CORRECTOR time=62.205560322980219 dt=2.0680533316462793e-06 pass=8 endpoint=0.0032409749785126591 history=53206.838990165284 feedback=0 worst_history_level=17 worst_history_tick=0
SUBCYCLE_RETRY reason=hierarchy corrector failed to converge within its pass budget
SUBCYCLE_ATTEMPT time=62.205560322980219 dt=1.0340266658231397e-06 attempt=6 ratio=16
SUBCYCLE_CORRECTOR time=62.205560322980219 dt=1.0340266658231397e-06 pass=2 endpoint=119.43896568793278 history=144361.56763415184 feedback=1.7622162411709992e-06 worst_history_level=13 worst_history_tick=0
SUBCYCLE_CORRECTOR time=62.205560322980219 dt=1.0340266658231397e-06 pass=3 endpoint=133.74414585152726 history=61200.054162862143 feedback=0 worst_history_level=14 worst_history_tick=0
SUBCYCLE_CORRECTOR time=62.205560322980219 dt=1.0340266658231397e-06 pass=4 endpoint=59.853425639267861 history=21940.607457551672 feedback=0 worst_history_level=19 worst_history_tick=12
SUBCYCLE_CORRECTOR time=62.205560322980219 dt=1.0340266658231397e-06 pass=5 endpoint=0.98509884860448482 history=79576.44696400981 feedback=0 worst_history_level=18 worst_history_tick=8
SUBCYCLE_CORRECTOR time=62.205560322980219 dt=1.0340266658231397e-06 pass=6 endpoint=0.028058878497827872 history=153406.45398942911 feedback=0 worst_history_level=18 worst_history_tick=8
SUBCYCLE_CORRECTOR time=62.205560322980219 dt=1.0340266658231397e-06 pass=7 endpoint=0.0062609537037337194 history=73084.931152856778 feedback=0 worst_history_level=18 worst_history_tick=8
SUBCYCLE_CORRECTOR time=62.205560322980219 dt=1.0340266658231397e-06 pass=8 endpoint=0.0023998089009241975 history=3298.6787215698268 feedback=0 worst_history_level=17 worst_history_tick=0
SUBCYCLE_RETRY reason=hierarchy corrector failed to converge within its pass budget
SUBCYCLE_ATTEMPT time=62.205560322980219 dt=5.1701333291156983e-07 attempt=7 ratio=16
SUBCYCLE_CORRECTOR time=62.205560322980219 dt=5.1701333291156983e-07 pass=2 endpoint=18.452245838257031 history=72603.353480548903 feedback=3.524434447769946e-06 worst_history_level=13 worst_history_tick=0
SUBCYCLE_CORRECTOR time=62.205560322980219 dt=5.1701333291156983e-07 pass=3 endpoint=8.4850181757890262 history=30622.543774747934 feedback=0 worst_history_level=14 worst_history_tick=0
SUBCYCLE_CORRECTOR time=62.205560322980219 dt=5.1701333291156983e-07 pass=4 endpoint=3.7248595097640047 history=9365.684117704508 feedback=0 worst_history_level=17 worst_history_tick=0
SUBCYCLE_CORRECTOR time=62.205560322980219 dt=5.1701333291156983e-07 pass=5 endpoint=0.036836745763763376 history=5092.3093497426453 feedback=0 worst_history_level=18 worst_history_tick=8
SUBCYCLE_CORRECTOR time=62.205560322980219 dt=5.1701333291156983e-07 pass=6 endpoint=0.00093022015856550951 history=9897.5477405725032 feedback=0 worst_history_level=18 worst_history_tick=8
SUBCYCLE_CORRECTOR time=62.205560322980219 dt=5.1701333291156983e-07 pass=7 endpoint=0.00023750646301309112 history=4749.6497794282222 feedback=0 worst_history_level=18 worst_history_tick=8
SUBCYCLE_CORRECTOR time=62.205560322980219 dt=5.1701333291156983e-07 pass=8 endpoint=0.00023750646301309112 history=266.9496460359764 feedback=0 worst_history_level=17 worst_history_tick=0
SUBCYCLE_RETRY reason=hierarchy corrector failed to converge within its pass budget
SUBCYCLE_ATTEMPT time=62.205560322980219 dt=2.5850666645578491e-07 attempt=8 ratio=16
SUBCYCLE_CORRECTOR time=62.205560322980219 dt=2.5850666645578491e-07 pass=2 endpoint=4.6152423857808786 history=36408.249576961614 feedback=3.5244429662627355e-06 worst_history_level=13 worst_history_tick=0
SUBCYCLE_CORRECTOR time=62.205560322980219 dt=2.5850666645578491e-07 pass=3 endpoint=0.53537195327549536 history=15316.907276237904 feedback=0 worst_history_level=14 worst_history_tick=0
SUBCYCLE_CORRECTOR time=62.205560322980219 dt=2.5850666645578491e-07 pass=4 endpoint=0.23796531939539051 history=4698.6783022309755 feedback=0 worst_history_level=17 worst_history_tick=0
SUBCYCLE_CORRECTOR time=62.205560322980219 dt=2.5850666645578491e-07 pass=5 endpoint=0.0037184328308469275 history=491.1948532435498 feedback=0 worst_history_level=17 worst_history_tick=0
SUBCYCLE_CORRECTOR time=62.205560322980219 dt=2.5850666645578491e-07 pass=6 endpoint=6.706595024488077e-05 history=629.47670789577137 feedback=0 worst_history_level=18 worst_history_tick=8
SUBCYCLE_CORRECTOR time=62.205560322980219 dt=2.5850666645578491e-07 pass=7 endpoint=6.706595024488077e-05 history=291.56324136620304 feedback=0 worst_history_level=18 worst_history_tick=8
SUBCYCLE_CORRECTOR time=62.205560322980219 dt=2.5850666645578491e-07 pass=8 endpoint=6.706595024488077e-05 history=36.428361556623251 feedback=0 worst_history_level=16 worst_history_tick=0
SUBCYCLE_RETRY reason=hierarchy corrector failed to converge within its pass budget
SUBCYCLE_ATTEMPT time=62.205560322980219 dt=1.2925333322789246e-07 attempt=9 ratio=16
SUBCYCLE_CORRECTOR time=62.205560322980219 dt=1.2925333322789246e-07 pass=2 endpoint=1.1540835207259486 history=18230.885497037591 feedback=0 worst_history_level=13 worst_history_tick=0
SUBCYCLE_CORRECTOR time=62.205560322980219 dt=1.2925333322789246e-07 pass=3 endpoint=0.04011839086913585 history=7659.8632632778117 feedback=0 worst_history_level=14 worst_history_tick=0
SUBCYCLE_CORRECTOR time=62.205560322980219 dt=1.2925333322789246e-07 pass=4 endpoint=0.01326259934864024 history=2353.3183288600135 feedback=0 worst_history_level=17 worst_history_tick=0
SUBCYCLE_CORRECTOR time=62.205560322980219 dt=1.2925333322789246e-07 pass=5 endpoint=0.00011315852023589828 history=246.01334794974159 feedback=0 worst_history_level=17 worst_history_tick=0
SUBCYCLE_CORRECTOR time=62.205560322980219 dt=1.2925333322789246e-07 pass=6 endpoint=0.00011315852023589828 history=53.525709319679251 feedback=0 worst_history_level=14 worst_history_tick=0
SUBCYCLE_CORRECTOR time=62.205560322980219 dt=1.2925333322789246e-07 pass=7 endpoint=0.00011315852023589828 history=18.909940365672348 feedback=0 worst_history_level=18 worst_history_tick=8
SUBCYCLE_CORRECTOR time=62.205560322980219 dt=1.2925333322789246e-07 pass=8 endpoint=0.00011315852023589828 history=2.1999595957891334 feedback=0 worst_history_level=18 worst_history_tick=8
SUBCYCLE_RETRY reason=hierarchy corrector failed to converge within its pass budget
terminate called after throwing an instance of 'subcycling::CorrectorFailure'
  what():  hierarchy corrector failed to converge within its pass budget
srun: error: nid008200: task 0: Aborted
srun: Terminating StepId=58211844.0
