
Root grid = 3 x 3 x 3 MeshBlocks
Total number of MeshBlocks = 384
Number of logical  levels of refinement = 6 (7 levels total)
Number of physical levels of refinement = 4 (5 levels total)
  Physical level = 1 (logical level = 3): 208 MeshBlocks, cost = 208
  Physical level = 2 (logical level = 4): 56 MeshBlocks, cost = 56
  Physical level = 3 (logical level = 5): 56 MeshBlocks, cost = 56
  Physical level = 4 (logical level = 6): 64 MeshBlocks, cost = 64
Number of parallel ranks = 1
AssembleZ4cTasks

Setup complete, executing task list(s)...

elapsed=1.581964e+00 cycle=98 time=5.000000e-01 dt=3.552714e-15
elapsed=3.288836e+00 cycle=99 time=5.000000e-01 dt=7.105427e-15
elapsed=5.041714e+00 cycle=100 time=5.000000e-01 dt=1.421085e-14
elapsed=6.759700e+00 cycle=101 time=5.000000e-01 dt=2.842171e-14
elapsed=8.417182e+00 cycle=102 time=5.000000e-01 dt=5.684342e-14
elapsed=1.025851e+01 cycle=103 time=5.000000e-01 dt=1.136868e-13
elapsed=1.190404e+01 cycle=104 time=5.000000e-01 dt=2.273737e-13
elapsed=1.376084e+01 cycle=105 time=5.000000e-01 dt=4.547474e-13
elapsed=1.549028e+01 cycle=106 time=5.000000e-01 dt=9.094947e-13
elapsed=1.719844e+01 cycle=107 time=5.000000e-01 dt=1.818989e-12
elapsed=1.888734e+01 cycle=108 time=5.000000e-01 dt=3.637979e-12
elapsed=2.059646e+01 cycle=109 time=5.000000e-01 dt=7.275958e-12
elapsed=2.239410e+01 cycle=110 time=5.000000e-01 dt=1.455192e-11
elapsed=2.415462e+01 cycle=111 time=5.000000e-01 dt=2.910383e-11
elapsed=2.588620e+01 cycle=112 time=5.000000e-01 dt=5.820766e-11
elapsed=2.762354e+01 cycle=113 time=5.000000e-01 dt=1.164153e-10
elapsed=2.930803e+01 cycle=114 time=5.000000e-01 dt=2.328306e-10
elapsed=3.111595e+01 cycle=115 time=5.000000e-01 dt=4.656613e-10
elapsed=3.280220e+01 cycle=116 time=5.000000e-01 dt=9.313226e-10
elapsed=3.450688e+01 cycle=117 time=5.000000e-01 dt=1.862645e-09
elapsed=3.624433e+01 cycle=118 time=5.000000e-01 dt=3.725290e-09
elapsed=3.799801e+01 cycle=119 time=5.000000e-01 dt=7.450581e-09
elapsed=3.972793e+01 cycle=120 time=5.000000e-01 dt=1.490116e-08
elapsed=4.137684e+01 cycle=121 time=5.000000e-01 dt=2.980232e-08
elapsed=4.315128e+01 cycle=122 time=5.000001e-01 dt=5.960464e-08
elapsed=4.489607e+01 cycle=123 time=5.000001e-01 dt=1.192093e-07
elapsed=4.671379e+01 cycle=124 time=5.000002e-01 dt=2.384186e-07
elapsed=4.849627e+01 cycle=125 time=5.000005e-01 dt=4.768372e-07
elapsed=5.024872e+01 cycle=126 time=5.000010e-01 dt=9.536743e-07
elapsed=5.196232e+01 cycle=127 time=5.000019e-01 dt=1.907349e-06
elapsed=5.367435e+01 cycle=128 time=5.000038e-01 dt=3.814697e-06
elapsed=5.536819e+01 cycle=129 time=5.000076e-01 dt=7.629395e-06
elapsed=5.711128e+01 cycle=130 time=5.000153e-01 dt=1.525879e-05
elapsed=5.893218e+01 cycle=131 time=5.000305e-01 dt=3.051758e-05
elapsed=6.057272e+01 cycle=132 time=5.000610e-01 dt=6.103516e-05
elapsed=6.230766e+01 cycle=133 time=5.001221e-01 dt=1.220703e-04
elapsed=6.402691e+01 cycle=134 time=5.002441e-01 dt=2.441406e-04
elapsed=6.581900e+01 cycle=135 time=5.004883e-01 dt=4.882812e-04
elapsed=6.754707e+01 cycle=136 time=5.009766e-01 dt=9.765625e-04
elapsed=6.934191e+01 cycle=137 time=5.019531e-01 dt=1.953125e-03
elapsed=7.095241e+01 cycle=138 time=5.039062e-01 dt=3.906250e-03
elapsed=7.262751e+01 cycle=139 time=5.078125e-01 dt=5.208333e-03
elapsed=7.442613e+01 cycle=140 time=5.130208e-01 dt=5.208333e-03
elapsed=7.612789e+01 cycle=141 time=5.182292e-01 dt=5.208333e-03
elapsed=7.789609e+01 cycle=142 time=5.234375e-01 dt=5.208333e-03
elapsed=7.957639e+01 cycle=143 time=5.286458e-01 dt=5.208333e-03
elapsed=8.128879e+01 cycle=144 time=5.338542e-01 dt=5.208333e-03
elapsed=8.296566e+01 cycle=145 time=5.390625e-01 dt=5.208333e-03
elapsed=8.466894e+01 cycle=146 time=5.442708e-01 dt=5.208333e-03
elapsed=8.638231e+01 cycle=147 time=5.494792e-01 dt=5.208333e-03
elapsed=8.815492e+01 cycle=148 time=5.546875e-01 dt=5.208333e-03
elapsed=8.996878e+01 cycle=149 time=5.598958e-01 dt=5.208333e-03
elapsed=9.180049e+01 cycle=150 time=5.651042e-01 dt=5.208333e-03
elapsed=9.356670e+01 cycle=151 time=5.703125e-01 dt=5.208333e-03
elapsed=9.531368e+01 cycle=152 time=5.755208e-01 dt=5.208333e-03
elapsed=9.709713e+01 cycle=153 time=5.807292e-01 dt=5.208333e-03
elapsed=9.874656e+01 cycle=154 time=5.859375e-01 dt=5.208333e-03
elapsed=1.004344e+02 cycle=155 time=5.911458e-01 dt=5.208333e-03
elapsed=1.021953e+02 cycle=156 time=5.963542e-01 dt=5.208333e-03
elapsed=1.038668e+02 cycle=157 time=6.015625e-01 dt=5.208333e-03
elapsed=1.055783e+02 cycle=158 time=6.067708e-01 dt=5.208333e-03
elapsed=1.073199e+02 cycle=159 time=6.119792e-01 dt=5.208333e-03
elapsed=1.090360e+02 cycle=160 time=6.171875e-01 dt=5.208333e-03
elapsed=1.108648e+02 cycle=161 time=6.223958e-01 dt=5.208333e-03
elapsed=1.126240e+02 cycle=162 time=6.276042e-01 dt=5.208333e-03
elapsed=1.143208e+02 cycle=163 time=6.328125e-01 dt=5.208333e-03
elapsed=1.160689e+02 cycle=164 time=6.380208e-01 dt=5.208333e-03
elapsed=1.177417e+02 cycle=165 time=6.432292e-01 dt=5.208333e-03
elapsed=1.194018e+02 cycle=166 time=6.484375e-01 dt=5.208333e-03
elapsed=1.211318e+02 cycle=167 time=6.536458e-01 dt=5.208333e-03
elapsed=1.228429e+02 cycle=168 time=6.588542e-01 dt=5.208333e-03
elapsed=1.246637e+02 cycle=169 time=6.640625e-01 dt=5.208333e-03
elapsed=1.264821e+02 cycle=170 time=6.692708e-01 dt=5.208333e-03
elapsed=1.282242e+02 cycle=171 time=6.744792e-01 dt=5.208333e-03
elapsed=1.299008e+02 cycle=172 time=6.796875e-01 dt=5.208333e-03
elapsed=1.316831e+02 cycle=173 time=6.848958e-01 dt=5.208333e-03
elapsed=1.334345e+02 cycle=174 time=6.901042e-01 dt=5.208333e-03
elapsed=1.352358e+02 cycle=175 time=6.953125e-01 dt=5.208333e-03
elapsed=1.369375e+02 cycle=176 time=7.005208e-01 dt=5.208333e-03
elapsed=1.386549e+02 cycle=177 time=7.057292e-01 dt=5.208333e-03
elapsed=1.403268e+02 cycle=178 time=7.109375e-01 dt=5.208333e-03
elapsed=1.421640e+02 cycle=179 time=7.161458e-01 dt=5.208333e-03
elapsed=1.439394e+02 cycle=180 time=7.213542e-01 dt=5.208333e-03
elapsed=1.457188e+02 cycle=181 time=7.265625e-01 dt=5.208333e-03
elapsed=1.473791e+02 cycle=182 time=7.317708e-01 dt=5.208333e-03
elapsed=1.490400e+02 cycle=183 time=7.369792e-01 dt=5.208333e-03
elapsed=1.507327e+02 cycle=184 time=7.421875e-01 dt=5.208333e-03
elapsed=1.524408e+02 cycle=185 time=7.473958e-01 dt=5.208333e-03
elapsed=1.542751e+02 cycle=186 time=7.526042e-01 dt=5.208333e-03
elapsed=1.561056e+02 cycle=187 time=7.578125e-01 dt=5.208333e-03
elapsed=1.578714e+02 cycle=188 time=7.630208e-01 dt=5.208333e-03
elapsed=1.596828e+02 cycle=189 time=7.682292e-01 dt=5.208333e-03
elapsed=1.615667e+02 cycle=190 time=7.734375e-01 dt=5.208333e-03
elapsed=1.634491e+02 cycle=191 time=7.786458e-01 dt=5.208333e-03
elapsed=1.653223e+02 cycle=192 time=7.838542e-01 dt=5.208333e-03
elapsed=1.671729e+02 cycle=193 time=7.890625e-01 dt=5.208333e-03
elapsed=1.690329e+02 cycle=194 time=7.942708e-01 dt=5.208333e-03
elapsed=1.709306e+02 cycle=195 time=7.994792e-01 dt=5.208333e-03
elapsed=1.726340e+02 cycle=196 time=8.046875e-01 dt=5.208333e-03
elapsed=1.744259e+02 cycle=197 time=8.098958e-01 dt=5.208333e-03
elapsed=1.762305e+02 cycle=198 time=8.151042e-01 dt=5.208333e-03
elapsed=1.779925e+02 cycle=199 time=8.203125e-01 dt=5.208333e-03
elapsed=1.797586e+02 cycle=200 time=8.255208e-01 dt=5.208333e-03
elapsed=1.815510e+02 cycle=201 time=8.307292e-01 dt=5.208333e-03
elapsed=1.833194e+02 cycle=202 time=8.359375e-01 dt=5.208333e-03
elapsed=1.850771e+02 cycle=203 time=8.411458e-01 dt=5.208333e-03
elapsed=1.868399e+02 cycle=204 time=8.463542e-01 dt=5.208333e-03
elapsed=1.885709e+02 cycle=205 time=8.515625e-01 dt=5.208333e-03
elapsed=1.902447e+02 cycle=206 time=8.567708e-01 dt=5.208333e-03
elapsed=1.919620e+02 cycle=207 time=8.619792e-01 dt=5.208333e-03
elapsed=1.936874e+02 cycle=208 time=8.671875e-01 dt=5.208333e-03
elapsed=1.955076e+02 cycle=209 time=8.723958e-01 dt=5.208333e-03
elapsed=1.972462e+02 cycle=210 time=8.776042e-01 dt=5.208333e-03
elapsed=1.989433e+02 cycle=211 time=8.828125e-01 dt=5.208333e-03
elapsed=2.006643e+02 cycle=212 time=8.880208e-01 dt=5.208333e-03
elapsed=2.023449e+02 cycle=213 time=8.932292e-01 dt=5.208333e-03
elapsed=2.040804e+02 cycle=214 time=8.984375e-01 dt=5.208333e-03
elapsed=2.059208e+02 cycle=215 time=9.036458e-01 dt=5.208333e-03
elapsed=2.077233e+02 cycle=216 time=9.088542e-01 dt=5.208333e-03
elapsed=2.094941e+02 cycle=217 time=9.140625e-01 dt=5.208333e-03
elapsed=2.112262e+02 cycle=218 time=9.192708e-01 dt=5.208333e-03
elapsed=2.130295e+02 cycle=219 time=9.244792e-01 dt=5.208333e-03
elapsed=2.148639e+02 cycle=220 time=9.296875e-01 dt=5.208333e-03
elapsed=2.165729e+02 cycle=221 time=9.348958e-01 dt=5.208333e-03
elapsed=2.184055e+02 cycle=222 time=9.401042e-01 dt=5.208333e-03
elapsed=2.202359e+02 cycle=223 time=9.453125e-01 dt=5.208333e-03
elapsed=2.220744e+02 cycle=224 time=9.505208e-01 dt=5.208333e-03
elapsed=2.238114e+02 cycle=225 time=9.557292e-01 dt=5.208333e-03
elapsed=2.255573e+02 cycle=226 time=9.609375e-01 dt=5.208333e-03
elapsed=2.274549e+02 cycle=227 time=9.661458e-01 dt=5.208333e-03
elapsed=2.291965e+02 cycle=228 time=9.713542e-01 dt=5.208333e-03
elapsed=2.309532e+02 cycle=229 time=9.765625e-01 dt=5.208333e-03
elapsed=2.328085e+02 cycle=230 time=9.817708e-01 dt=5.208333e-03
elapsed=2.345620e+02 cycle=231 time=9.869792e-01 dt=5.208333e-03
elapsed=2.364089e+02 cycle=232 time=9.921875e-01 dt=5.208333e-03
elapsed=2.381184e+02 cycle=233 time=9.973958e-01 dt=2.604167e-03
elapsed=2.401332e+02 cycle=234 time=1.000000e+00 dt=5.208333e-03

Terminating on time limit
time=1.000000e+00 cycle=234
tlim=1.000000e+00 nlim=-1

MeshBlock-cycles = 52224
cpu time used  = 2.385513e+02
zone-cycles/cpu_second = 1.120878e+05
particle-updates/cpu_second = 0.000000e+00
