
Root grid = 2 x 2 x 2 MeshBlocks
Total number of MeshBlocks = 8
Number of logical  levels of refinement = 1 (2 levels total)
Number of physical levels of refinement = 0 (1 levels total)
Number of parallel ranks = 8
  Rank = 0: 1 MeshBlocks, cost = 1
  Rank = 1: 1 MeshBlocks, cost = 1
  Rank = 2: 1 MeshBlocks, cost = 1
  Rank = 3: 1 MeshBlocks, cost = 1
  Rank = 4: 1 MeshBlocks, cost = 1
  Rank = 5: 1 MeshBlocks, cost = 1
  Rank = 6: 1 MeshBlocks, cost = 1
  Rank = 7: 1 MeshBlocks, cost = 1
Load Balancing:
  Maximum normalized cost = 1, Average = 1
reference-GH puncture minimum cell-center radius = 0.0270633
reference-GH stationary initial RHS Linf = 1.0604e-16, component=10, radius=0.4664, coordinate reference Ricci Linf=4.68967e-08, frame reference Ricci Linf=3.33067e-16

Setup complete, executing task list(s)...

elapsed=4.179335e+00 cycle=0 time=0.000000e+00 dt=2.550572e-03
elapsed=6.397437e+00 cycle=10 time=2.550572e-02 dt=2.550572e-03
elapsed=8.704045e+00 cycle=20 time=5.101144e-02 dt=2.550572e-03
elapsed=1.101240e+01 cycle=30 time=7.651717e-02 dt=2.550572e-03
elapsed=1.354064e+01 cycle=40 time=1.020229e-01 dt=2.550572e-03
elapsed=1.583778e+01 cycle=50 time=1.275286e-01 dt=2.550572e-03
elapsed=1.814616e+01 cycle=60 time=1.530343e-01 dt=2.550572e-03
elapsed=2.045624e+01 cycle=70 time=1.785401e-01 dt=2.550572e-03
elapsed=2.297829e+01 cycle=80 time=2.040458e-01 dt=2.550572e-03
elapsed=2.528807e+01 cycle=90 time=2.295515e-01 dt=2.550572e-03
elapsed=2.759430e+01 cycle=100 time=2.550572e-01 dt=2.550572e-03
elapsed=2.989734e+01 cycle=110 time=2.805629e-01 dt=2.550572e-03
elapsed=3.241445e+01 cycle=120 time=3.060687e-01 dt=2.550572e-03
elapsed=3.471866e+01 cycle=130 time=3.315744e-01 dt=2.550572e-03
elapsed=3.702145e+01 cycle=140 time=3.570801e-01 dt=2.550572e-03
elapsed=3.932180e+01 cycle=150 time=3.825858e-01 dt=2.550572e-03
elapsed=4.184680e+01 cycle=160 time=4.080916e-01 dt=2.550572e-03
elapsed=4.415036e+01 cycle=170 time=4.335973e-01 dt=2.550572e-03
elapsed=4.645421e+01 cycle=180 time=4.591030e-01 dt=2.550572e-03
elapsed=4.875603e+01 cycle=190 time=4.846087e-01 dt=2.550572e-03
elapsed=5.127633e+01 cycle=200 time=5.101144e-01 dt=2.550572e-03
elapsed=5.358077e+01 cycle=210 time=5.356202e-01 dt=2.550572e-03
elapsed=5.588634e+01 cycle=220 time=5.611259e-01 dt=2.550572e-03
elapsed=5.819357e+01 cycle=230 time=5.866316e-01 dt=2.550572e-03
elapsed=6.071572e+01 cycle=240 time=6.121373e-01 dt=2.550572e-03
elapsed=6.302105e+01 cycle=250 time=6.376430e-01 dt=2.550572e-03
elapsed=6.532657e+01 cycle=260 time=6.631488e-01 dt=2.550572e-03
elapsed=6.763257e+01 cycle=270 time=6.886545e-01 dt=2.550572e-03
elapsed=7.015477e+01 cycle=280 time=7.141602e-01 dt=2.550572e-03
elapsed=7.245881e+01 cycle=290 time=7.396659e-01 dt=2.550572e-03
elapsed=7.476392e+01 cycle=300 time=7.651717e-01 dt=2.550572e-03
elapsed=7.706670e+01 cycle=310 time=7.906774e-01 dt=2.550572e-03
elapsed=7.959459e+01 cycle=320 time=8.161831e-01 dt=2.550572e-03
elapsed=8.190075e+01 cycle=330 time=8.416888e-01 dt=2.550572e-03
elapsed=8.420699e+01 cycle=340 time=8.671945e-01 dt=2.550572e-03
elapsed=8.651179e+01 cycle=350 time=8.927003e-01 dt=2.550572e-03
elapsed=8.902581e+01 cycle=360 time=9.182060e-01 dt=2.550572e-03
elapsed=9.133293e+01 cycle=370 time=9.437117e-01 dt=2.550572e-03
elapsed=9.363610e+01 cycle=380 time=9.692174e-01 dt=2.550572e-03
elapsed=9.594237e+01 cycle=390 time=9.947232e-01 dt=2.550572e-03
elapsed=9.847624e+01 cycle=400 time=1.020229e+00 dt=2.550572e-03
elapsed=1.007803e+02 cycle=410 time=1.045735e+00 dt=2.550572e-03
elapsed=1.030843e+02 cycle=420 time=1.071240e+00 dt=2.550572e-03
elapsed=1.053943e+02 cycle=430 time=1.096746e+00 dt=2.550572e-03
elapsed=1.079117e+02 cycle=440 time=1.122252e+00 dt=2.550572e-03
elapsed=1.102159e+02 cycle=450 time=1.147757e+00 dt=2.550572e-03
elapsed=1.125234e+02 cycle=460 time=1.173263e+00 dt=2.550572e-03
elapsed=1.148314e+02 cycle=470 time=1.198769e+00 dt=2.550572e-03
elapsed=1.173598e+02 cycle=480 time=1.224275e+00 dt=2.550572e-03
elapsed=1.196613e+02 cycle=490 time=1.249780e+00 dt=2.550572e-03
elapsed=1.219648e+02 cycle=500 time=1.275286e+00 dt=2.550572e-03
elapsed=1.244933e+02 cycle=510 time=1.300792e+00 dt=2.550572e-03
elapsed=1.267909e+02 cycle=520 time=1.326298e+00 dt=2.550572e-03
elapsed=1.290943e+02 cycle=530 time=1.351803e+00 dt=2.550572e-03
elapsed=1.313994e+02 cycle=540 time=1.377309e+00 dt=2.550572e-03
elapsed=1.339308e+02 cycle=550 time=1.402815e+00 dt=2.550572e-03
elapsed=1.362394e+02 cycle=560 time=1.428320e+00 dt=2.550572e-03
elapsed=1.385483e+02 cycle=570 time=1.453826e+00 dt=2.550572e-03
elapsed=1.408636e+02 cycle=580 time=1.479332e+00 dt=2.550572e-03
elapsed=1.433884e+02 cycle=590 time=1.504838e+00 dt=2.550572e-03
elapsed=1.457050e+02 cycle=600 time=1.530343e+00 dt=2.550572e-03
elapsed=1.480158e+02 cycle=610 time=1.555849e+00 dt=2.550572e-03
elapsed=1.503274e+02 cycle=620 time=1.581355e+00 dt=2.550572e-03
elapsed=1.528622e+02 cycle=630 time=1.606860e+00 dt=2.550572e-03
elapsed=1.551771e+02 cycle=640 time=1.632366e+00 dt=2.550572e-03
elapsed=1.574900e+02 cycle=650 time=1.657872e+00 dt=2.550572e-03
elapsed=1.597983e+02 cycle=660 time=1.683378e+00 dt=2.550572e-03
elapsed=1.623233e+02 cycle=670 time=1.708883e+00 dt=2.550572e-03
elapsed=1.646351e+02 cycle=680 time=1.734389e+00 dt=2.550572e-03
elapsed=1.669473e+02 cycle=690 time=1.759895e+00 dt=2.550572e-03
elapsed=1.692580e+02 cycle=700 time=1.785401e+00 dt=2.550572e-03
elapsed=1.717901e+02 cycle=710 time=1.810906e+00 dt=2.550572e-03
elapsed=1.741043e+02 cycle=720 time=1.836412e+00 dt=2.550572e-03
elapsed=1.764168e+02 cycle=730 time=1.861918e+00 dt=2.550572e-03
elapsed=1.787299e+02 cycle=740 time=1.887423e+00 dt=2.550572e-03
elapsed=1.812585e+02 cycle=750 time=1.912929e+00 dt=2.550572e-03
elapsed=1.835748e+02 cycle=760 time=1.938435e+00 dt=2.550572e-03
elapsed=1.858883e+02 cycle=770 time=1.963941e+00 dt=2.550572e-03
elapsed=1.881942e+02 cycle=780 time=1.989446e+00 dt=2.550572e-03
elapsed=1.920320e+02 cycle=790 time=2.014952e+00 dt=2.550572e-03
elapsed=1.943407e+02 cycle=800 time=2.040458e+00 dt=2.550572e-03
elapsed=1.966527e+02 cycle=810 time=2.065963e+00 dt=2.550572e-03
elapsed=1.989637e+02 cycle=820 time=2.091469e+00 dt=2.550572e-03
elapsed=2.014874e+02 cycle=830 time=2.116975e+00 dt=2.550572e-03
elapsed=2.037978e+02 cycle=840 time=2.142481e+00 dt=2.550572e-03
elapsed=2.061105e+02 cycle=850 time=2.167986e+00 dt=2.550572e-03
elapsed=2.084245e+02 cycle=860 time=2.193492e+00 dt=2.550572e-03
elapsed=2.109560e+02 cycle=870 time=2.218998e+00 dt=2.550572e-03
elapsed=2.132692e+02 cycle=880 time=2.244504e+00 dt=2.550572e-03
elapsed=2.155809e+02 cycle=890 time=2.270009e+00 dt=2.550572e-03
elapsed=2.178914e+02 cycle=900 time=2.295515e+00 dt=2.550572e-03
elapsed=2.204155e+02 cycle=910 time=2.321021e+00 dt=2.550572e-03
elapsed=2.227287e+02 cycle=920 time=2.346526e+00 dt=2.550572e-03
elapsed=2.250422e+02 cycle=930 time=2.372032e+00 dt=2.550572e-03
elapsed=2.273554e+02 cycle=940 time=2.397538e+00 dt=2.550572e-03
elapsed=2.298940e+02 cycle=950 time=2.423044e+00 dt=2.550572e-03
elapsed=2.322079e+02 cycle=960 time=2.448549e+00 dt=2.550572e-03
elapsed=2.345235e+02 cycle=970 time=2.474055e+00 dt=2.550572e-03
elapsed=2.368365e+02 cycle=980 time=2.499561e+00 dt=2.550572e-03
elapsed=2.393656e+02 cycle=990 time=2.525066e+00 dt=2.550572e-03
elapsed=2.416719e+02 cycle=1000 time=2.550572e+00 dt=2.550572e-03
elapsed=2.439862e+02 cycle=1010 time=2.576078e+00 dt=2.550572e-03
elapsed=2.465367e+02 cycle=1020 time=2.601584e+00 dt=2.550572e-03
elapsed=2.488369e+02 cycle=1030 time=2.627089e+00 dt=2.550572e-03
elapsed=2.511490e+02 cycle=1040 time=2.652595e+00 dt=2.550572e-03
elapsed=2.534614e+02 cycle=1050 time=2.678101e+00 dt=2.550572e-03
elapsed=2.559915e+02 cycle=1060 time=2.703607e+00 dt=2.550572e-03
elapsed=2.583030e+02 cycle=1070 time=2.729112e+00 dt=2.550572e-03
elapsed=2.606182e+02 cycle=1080 time=2.754618e+00 dt=2.550572e-03
elapsed=2.629281e+02 cycle=1090 time=2.780124e+00 dt=2.550572e-03
elapsed=2.654699e+02 cycle=1100 time=2.805629e+00 dt=2.550572e-03
elapsed=2.677831e+02 cycle=1110 time=2.831135e+00 dt=2.550572e-03
elapsed=2.700926e+02 cycle=1120 time=2.856641e+00 dt=2.550572e-03
elapsed=2.724020e+02 cycle=1130 time=2.882147e+00 dt=2.550572e-03
elapsed=2.749308e+02 cycle=1140 time=2.907652e+00 dt=2.550572e-03
elapsed=2.772416e+02 cycle=1150 time=2.933158e+00 dt=2.550572e-03
elapsed=2.795534e+02 cycle=1160 time=2.958664e+00 dt=2.550572e-03
elapsed=2.818623e+02 cycle=1170 time=2.984169e+00 dt=2.550572e-03
elapsed=2.844001e+02 cycle=1180 time=3.009675e+00 dt=2.550572e-03
elapsed=2.867155e+02 cycle=1190 time=3.035181e+00 dt=2.550572e-03
elapsed=2.890311e+02 cycle=1200 time=3.060687e+00 dt=2.550572e-03
elapsed=2.913403e+02 cycle=1210 time=3.086192e+00 dt=2.550572e-03
elapsed=2.938630e+02 cycle=1220 time=3.111698e+00 dt=2.550572e-03
elapsed=2.961732e+02 cycle=1230 time=3.137204e+00 dt=2.550572e-03
elapsed=2.984841e+02 cycle=1240 time=3.162710e+00 dt=2.550572e-03
elapsed=3.007991e+02 cycle=1250 time=3.188215e+00 dt=2.550572e-03
elapsed=3.033342e+02 cycle=1260 time=3.213721e+00 dt=2.550572e-03
elapsed=3.056492e+02 cycle=1270 time=3.239227e+00 dt=2.550572e-03
elapsed=3.079615e+02 cycle=1280 time=3.264732e+00 dt=2.550572e-03
elapsed=3.102725e+02 cycle=1290 time=3.290238e+00 dt=2.550572e-03
elapsed=3.128075e+02 cycle=1300 time=3.315744e+00 dt=2.550572e-03
elapsed=3.151210e+02 cycle=1310 time=3.341250e+00 dt=2.550572e-03
elapsed=3.174301e+02 cycle=1320 time=3.366755e+00 dt=2.550572e-03
elapsed=3.197446e+02 cycle=1330 time=3.392261e+00 dt=2.550572e-03
elapsed=3.222840e+02 cycle=1340 time=3.417767e+00 dt=2.550572e-03
elapsed=3.246073e+02 cycle=1350 time=3.443272e+00 dt=2.550572e-03
elapsed=3.269242e+02 cycle=1360 time=3.468778e+00 dt=2.550572e-03
elapsed=3.292468e+02 cycle=1370 time=3.494284e+00 dt=2.550572e-03
elapsed=3.317801e+02 cycle=1380 time=3.519790e+00 dt=2.550572e-03
elapsed=3.341004e+02 cycle=1390 time=3.545295e+00 dt=2.550572e-03
elapsed=3.364165e+02 cycle=1400 time=3.570801e+00 dt=2.550572e-03
elapsed=3.387399e+02 cycle=1410 time=3.596307e+00 dt=2.550572e-03
elapsed=3.412891e+02 cycle=1420 time=3.621813e+00 dt=2.550572e-03
elapsed=3.436081e+02 cycle=1430 time=3.647318e+00 dt=2.550572e-03
elapsed=3.459233e+02 cycle=1440 time=3.672824e+00 dt=2.550572e-03
elapsed=3.482438e+02 cycle=1450 time=3.698330e+00 dt=2.550572e-03
elapsed=3.507805e+02 cycle=1460 time=3.723835e+00 dt=2.550572e-03
elapsed=3.531027e+02 cycle=1470 time=3.749341e+00 dt=2.550572e-03
elapsed=3.554237e+02 cycle=1480 time=3.774847e+00 dt=2.550572e-03
elapsed=3.579776e+02 cycle=1490 time=3.800353e+00 dt=2.550572e-03
elapsed=3.602794e+02 cycle=1500 time=3.825858e+00 dt=2.550572e-03
elapsed=3.625981e+02 cycle=1510 time=3.851364e+00 dt=2.550572e-03
elapsed=3.649133e+02 cycle=1520 time=3.876870e+00 dt=2.550572e-03
elapsed=3.674611e+02 cycle=1530 time=3.902375e+00 dt=2.550572e-03
elapsed=3.697722e+02 cycle=1540 time=3.927881e+00 dt=2.550572e-03
elapsed=3.720919e+02 cycle=1550 time=3.953387e+00 dt=2.550572e-03
elapsed=3.744103e+02 cycle=1560 time=3.978893e+00 dt=2.550572e-03
elapsed=3.782762e+02 cycle=1570 time=4.004398e+00 dt=2.550572e-03
elapsed=3.805487e+02 cycle=1580 time=4.029904e+00 dt=2.550572e-03
elapsed=3.828630e+02 cycle=1590 time=4.055410e+00 dt=2.550572e-03
elapsed=3.851760e+02 cycle=1600 time=4.080916e+00 dt=2.550572e-03
elapsed=3.877072e+02 cycle=1610 time=4.106421e+00 dt=2.550572e-03
elapsed=3.900210e+02 cycle=1620 time=4.131927e+00 dt=2.550572e-03
elapsed=3.923273e+02 cycle=1630 time=4.157433e+00 dt=2.550572e-03
elapsed=3.946412e+02 cycle=1640 time=4.182938e+00 dt=2.550572e-03
elapsed=3.971712e+02 cycle=1650 time=4.208444e+00 dt=2.550572e-03
elapsed=3.994791e+02 cycle=1660 time=4.233950e+00 dt=2.550572e-03
elapsed=4.017843e+02 cycle=1670 time=4.259456e+00 dt=2.550572e-03
elapsed=4.040883e+02 cycle=1680 time=4.284961e+00 dt=2.550572e-03
elapsed=4.066057e+02 cycle=1690 time=4.310467e+00 dt=2.550572e-03
elapsed=4.089115e+02 cycle=1700 time=4.335973e+00 dt=2.550572e-03
elapsed=4.112185e+02 cycle=1710 time=4.361478e+00 dt=2.550572e-03
elapsed=4.135230e+02 cycle=1720 time=4.386984e+00 dt=2.550572e-03
elapsed=4.160525e+02 cycle=1730 time=4.412490e+00 dt=2.550572e-03
elapsed=4.183677e+02 cycle=1740 time=4.437996e+00 dt=2.550572e-03
elapsed=4.206761e+02 cycle=1750 time=4.463501e+00 dt=2.550572e-03
elapsed=4.229816e+02 cycle=1760 time=4.489007e+00 dt=2.550572e-03
elapsed=4.254985e+02 cycle=1770 time=4.514513e+00 dt=2.550572e-03
elapsed=4.278074e+02 cycle=1780 time=4.540019e+00 dt=2.550572e-03
elapsed=4.301166e+02 cycle=1790 time=4.565524e+00 dt=2.550572e-03
elapsed=4.324250e+02 cycle=1800 time=4.591030e+00 dt=2.550572e-03
elapsed=4.349489e+02 cycle=1810 time=4.616536e+00 dt=2.550572e-03
elapsed=4.372541e+02 cycle=1820 time=4.642041e+00 dt=2.550572e-03
elapsed=4.395627e+02 cycle=1830 time=4.667547e+00 dt=2.550572e-03
elapsed=4.418651e+02 cycle=1840 time=4.693053e+00 dt=2.550572e-03
elapsed=4.443872e+02 cycle=1850 time=4.718559e+00 dt=2.550572e-03
elapsed=4.466946e+02 cycle=1860 time=4.744064e+00 dt=2.550572e-03
elapsed=4.490006e+02 cycle=1870 time=4.769570e+00 dt=2.550572e-03
elapsed=4.513088e+02 cycle=1880 time=4.795076e+00 dt=2.550572e-03
elapsed=4.538417e+02 cycle=1890 time=4.820581e+00 dt=2.550572e-03
elapsed=4.561489e+02 cycle=1900 time=4.846087e+00 dt=2.550572e-03
elapsed=4.584549e+02 cycle=1910 time=4.871593e+00 dt=2.550572e-03
elapsed=4.607587e+02 cycle=1920 time=4.897099e+00 dt=2.550572e-03
elapsed=4.632840e+02 cycle=1930 time=4.922604e+00 dt=2.550572e-03
elapsed=4.655901e+02 cycle=1940 time=4.948110e+00 dt=2.550572e-03
elapsed=4.678969e+02 cycle=1950 time=4.973616e+00 dt=2.550572e-03
elapsed=4.702038e+02 cycle=1960 time=4.999121e+00 dt=2.550572e-03
elapsed=4.727322e+02 cycle=1970 time=5.024627e+00 dt=2.550572e-03
elapsed=4.750394e+02 cycle=1980 time=5.050133e+00 dt=2.550572e-03
elapsed=4.773463e+02 cycle=1990 time=5.075639e+00 dt=2.550572e-03
elapsed=4.798727e+02 cycle=2000 time=5.101144e+00 dt=2.550572e-03
elapsed=4.821699e+02 cycle=2010 time=5.126650e+00 dt=2.550572e-03
elapsed=4.844758e+02 cycle=2020 time=5.152156e+00 dt=2.550572e-03
elapsed=4.867812e+02 cycle=2030 time=5.177662e+00 dt=2.550572e-03
elapsed=4.893119e+02 cycle=2040 time=5.203167e+00 dt=2.550572e-03
elapsed=4.916223e+02 cycle=2050 time=5.228673e+00 dt=2.550572e-03
elapsed=4.939260e+02 cycle=2060 time=5.254179e+00 dt=2.550572e-03
elapsed=4.962345e+02 cycle=2070 time=5.279684e+00 dt=2.550572e-03
elapsed=4.987515e+02 cycle=2080 time=5.305190e+00 dt=2.550572e-03
elapsed=5.010583e+02 cycle=2090 time=5.330696e+00 dt=2.550572e-03
elapsed=5.033680e+02 cycle=2100 time=5.356202e+00 dt=2.550572e-03
elapsed=5.056763e+02 cycle=2110 time=5.381707e+00 dt=2.550572e-03
elapsed=5.082090e+02 cycle=2120 time=5.407213e+00 dt=2.550572e-03
elapsed=5.105160e+02 cycle=2130 time=5.432719e+00 dt=2.550572e-03
elapsed=5.128219e+02 cycle=2140 time=5.458224e+00 dt=2.550572e-03
elapsed=5.151315e+02 cycle=2150 time=5.483730e+00 dt=2.550572e-03
elapsed=5.176539e+02 cycle=2160 time=5.509236e+00 dt=2.550572e-03
elapsed=5.199633e+02 cycle=2170 time=5.534742e+00 dt=2.550572e-03
elapsed=5.222634e+02 cycle=2180 time=5.560247e+00 dt=2.550572e-03
elapsed=5.245737e+02 cycle=2190 time=5.585753e+00 dt=2.550572e-03
elapsed=5.271064e+02 cycle=2200 time=5.611259e+00 dt=2.550572e-03
elapsed=5.294168e+02 cycle=2210 time=5.636765e+00 dt=2.550572e-03
elapsed=5.317236e+02 cycle=2220 time=5.662270e+00 dt=2.550572e-03
elapsed=5.340313e+02 cycle=2230 time=5.687776e+00 dt=2.550572e-03
elapsed=5.365556e+02 cycle=2240 time=5.713282e+00 dt=2.550572e-03
elapsed=5.388584e+02 cycle=2250 time=5.738787e+00 dt=2.550572e-03
elapsed=5.411706e+02 cycle=2260 time=5.764293e+00 dt=2.550572e-03
elapsed=5.434791e+02 cycle=2270 time=5.789799e+00 dt=2.550572e-03
elapsed=5.460158e+02 cycle=2280 time=5.815305e+00 dt=2.550572e-03
elapsed=5.483199e+02 cycle=2290 time=5.840810e+00 dt=2.550572e-03
elapsed=5.506252e+02 cycle=2300 time=5.866316e+00 dt=2.550572e-03
elapsed=5.529357e+02 cycle=2310 time=5.891822e+00 dt=2.550572e-03
elapsed=5.554611e+02 cycle=2320 time=5.917327e+00 dt=2.550572e-03
elapsed=5.577665e+02 cycle=2330 time=5.942833e+00 dt=2.550572e-03
elapsed=5.600753e+02 cycle=2340 time=5.968339e+00 dt=2.550572e-03
elapsed=5.623792e+02 cycle=2350 time=5.993845e+00 dt=2.550572e-03
elapsed=5.662038e+02 cycle=2360 time=6.019350e+00 dt=2.550572e-03
elapsed=5.685131e+02 cycle=2370 time=6.044856e+00 dt=2.550572e-03
elapsed=5.708242e+02 cycle=2380 time=6.070362e+00 dt=2.550572e-03
elapsed=5.731366e+02 cycle=2390 time=6.095868e+00 dt=2.550572e-03
elapsed=5.756642e+02 cycle=2400 time=6.121373e+00 dt=2.550572e-03
elapsed=5.779753e+02 cycle=2410 time=6.146879e+00 dt=2.550572e-03
elapsed=5.802871e+02 cycle=2420 time=6.172385e+00 dt=2.550572e-03
elapsed=5.825998e+02 cycle=2430 time=6.197890e+00 dt=2.550572e-03
elapsed=5.851416e+02 cycle=2440 time=6.223396e+00 dt=2.550572e-03
elapsed=5.874529e+02 cycle=2450 time=6.248902e+00 dt=2.550572e-03
elapsed=5.897687e+02 cycle=2460 time=6.274408e+00 dt=2.550572e-03
elapsed=5.920846e+02 cycle=2470 time=6.299913e+00 dt=2.550572e-03
elapsed=5.946159e+02 cycle=2480 time=6.325419e+00 dt=2.550572e-03
elapsed=5.969302e+02 cycle=2490 time=6.350925e+00 dt=2.550572e-03
elapsed=5.992429e+02 cycle=2500 time=6.376430e+00 dt=2.550572e-03
elapsed=6.017975e+02 cycle=2510 time=6.401936e+00 dt=2.550572e-03
elapsed=6.040992e+02 cycle=2520 time=6.427442e+00 dt=2.550572e-03
elapsed=6.064151e+02 cycle=2530 time=6.452948e+00 dt=2.550572e-03
elapsed=6.087276e+02 cycle=2540 time=6.478453e+00 dt=2.550572e-03
elapsed=6.112583e+02 cycle=2550 time=6.503959e+00 dt=2.550572e-03
elapsed=6.135742e+02 cycle=2560 time=6.529465e+00 dt=2.550572e-03
elapsed=6.158851e+02 cycle=2570 time=6.554971e+00 dt=2.550572e-03
elapsed=6.181987e+02 cycle=2580 time=6.580476e+00 dt=2.550572e-03
elapsed=6.207390e+02 cycle=2590 time=6.605982e+00 dt=2.550572e-03
elapsed=6.230520e+02 cycle=2600 time=6.631488e+00 dt=2.550572e-03
elapsed=6.253621e+02 cycle=2610 time=6.656993e+00 dt=2.550572e-03
elapsed=6.276772e+02 cycle=2620 time=6.682499e+00 dt=2.550572e-03
elapsed=6.302085e+02 cycle=2630 time=6.708005e+00 dt=2.550572e-03
elapsed=6.325187e+02 cycle=2640 time=6.733511e+00 dt=2.550572e-03
elapsed=6.348322e+02 cycle=2650 time=6.759016e+00 dt=2.550572e-03
elapsed=6.371447e+02 cycle=2660 time=6.784522e+00 dt=2.550572e-03
elapsed=6.396812e+02 cycle=2670 time=6.810028e+00 dt=2.550572e-03
elapsed=6.419918e+02 cycle=2680 time=6.835533e+00 dt=2.550572e-03
elapsed=6.443051e+02 cycle=2690 time=6.861039e+00 dt=2.550572e-03
elapsed=6.466188e+02 cycle=2700 time=6.886545e+00 dt=2.550572e-03
elapsed=6.491493e+02 cycle=2710 time=6.912051e+00 dt=2.550572e-03
elapsed=6.514607e+02 cycle=2720 time=6.937556e+00 dt=2.550572e-03
elapsed=6.537708e+02 cycle=2730 time=6.963062e+00 dt=2.550572e-03
elapsed=6.560824e+02 cycle=2740 time=6.988568e+00 dt=2.550572e-03
elapsed=6.586153e+02 cycle=2750 time=7.014074e+00 dt=2.550572e-03
elapsed=6.609302e+02 cycle=2760 time=7.039579e+00 dt=2.550572e-03
elapsed=6.632400e+02 cycle=2770 time=7.065085e+00 dt=2.550572e-03
elapsed=6.655562e+02 cycle=2780 time=7.090591e+00 dt=2.550572e-03
elapsed=6.680823e+02 cycle=2790 time=7.116096e+00 dt=2.550572e-03
elapsed=6.703932e+02 cycle=2800 time=7.141602e+00 dt=2.550572e-03
elapsed=6.727061e+02 cycle=2810 time=7.167108e+00 dt=2.550572e-03
elapsed=6.750213e+02 cycle=2820 time=7.192614e+00 dt=2.550572e-03
elapsed=6.775556e+02 cycle=2830 time=7.218119e+00 dt=2.550572e-03
elapsed=6.798670e+02 cycle=2840 time=7.243625e+00 dt=2.550572e-03
elapsed=6.821778e+02 cycle=2850 time=7.269131e+00 dt=2.550572e-03
elapsed=6.844884e+02 cycle=2860 time=7.294636e+00 dt=2.550572e-03
elapsed=6.870120e+02 cycle=2870 time=7.320142e+00 dt=2.550572e-03
elapsed=6.893232e+02 cycle=2880 time=7.345648e+00 dt=2.550572e-03
elapsed=6.916310e+02 cycle=2890 time=7.371154e+00 dt=2.550572e-03
elapsed=6.939359e+02 cycle=2900 time=7.396659e+00 dt=2.550572e-03
elapsed=6.964670e+02 cycle=2910 time=7.422165e+00 dt=2.550572e-03
elapsed=6.987795e+02 cycle=2920 time=7.447671e+00 dt=2.550572e-03
elapsed=7.010887e+02 cycle=2930 time=7.473177e+00 dt=2.550572e-03
elapsed=7.033977e+02 cycle=2940 time=7.498682e+00 dt=2.550572e-03
elapsed=7.059274e+02 cycle=2950 time=7.524188e+00 dt=2.550572e-03
elapsed=7.082379e+02 cycle=2960 time=7.549694e+00 dt=2.550572e-03
elapsed=7.105476e+02 cycle=2970 time=7.575199e+00 dt=2.550572e-03
elapsed=7.130813e+02 cycle=2980 time=7.600705e+00 dt=2.550572e-03
elapsed=7.153857e+02 cycle=2990 time=7.626211e+00 dt=2.550572e-03
elapsed=7.176973e+02 cycle=3000 time=7.651717e+00 dt=2.550572e-03
elapsed=7.200130e+02 cycle=3010 time=7.677222e+00 dt=2.550572e-03
elapsed=7.225419e+02 cycle=3020 time=7.702728e+00 dt=2.550572e-03
elapsed=7.248551e+02 cycle=3030 time=7.728234e+00 dt=2.550572e-03
elapsed=7.271646e+02 cycle=3040 time=7.753739e+00 dt=2.550572e-03
elapsed=7.294745e+02 cycle=3050 time=7.779245e+00 dt=2.550572e-03
elapsed=7.320101e+02 cycle=3060 time=7.804751e+00 dt=2.550572e-03
elapsed=7.343230e+02 cycle=3070 time=7.830257e+00 dt=2.550572e-03
elapsed=7.366353e+02 cycle=3080 time=7.855762e+00 dt=2.550572e-03
elapsed=7.389447e+02 cycle=3090 time=7.881268e+00 dt=2.550572e-03
elapsed=7.414688e+02 cycle=3100 time=7.906774e+00 dt=2.550572e-03
elapsed=7.437731e+02 cycle=3110 time=7.932280e+00 dt=2.550572e-03
elapsed=7.460722e+02 cycle=3120 time=7.957785e+00 dt=2.550572e-03
elapsed=7.483767e+02 cycle=3130 time=7.983291e+00 dt=2.550572e-03
elapsed=7.521850e+02 cycle=3140 time=8.008797e+00 dt=2.550572e-03
elapsed=7.544938e+02 cycle=3150 time=8.034302e+00 dt=2.550572e-03
elapsed=7.568044e+02 cycle=3160 time=8.059808e+00 dt=2.550572e-03
elapsed=7.591176e+02 cycle=3170 time=8.085314e+00 dt=2.550572e-03
elapsed=7.616491e+02 cycle=3180 time=8.110820e+00 dt=2.550572e-03
elapsed=7.639594e+02 cycle=3190 time=8.136325e+00 dt=2.550572e-03
elapsed=7.662683e+02 cycle=3200 time=8.161831e+00 dt=2.550572e-03
elapsed=7.685728e+02 cycle=3210 time=8.187337e+00 dt=2.550572e-03
elapsed=7.711007e+02 cycle=3220 time=8.212842e+00 dt=2.550572e-03
elapsed=7.734063e+02 cycle=3230 time=8.238348e+00 dt=2.550572e-03
elapsed=7.757144e+02 cycle=3240 time=8.263854e+00 dt=2.550572e-03
elapsed=7.780219e+02 cycle=3250 time=8.289360e+00 dt=2.550572e-03
elapsed=7.805457e+02 cycle=3260 time=8.314865e+00 dt=2.550572e-03
elapsed=7.828503e+02 cycle=3270 time=8.340371e+00 dt=2.550572e-03
elapsed=7.851596e+02 cycle=3280 time=8.365877e+00 dt=2.550572e-03
elapsed=7.874643e+02 cycle=3290 time=8.391383e+00 dt=2.550572e-03
elapsed=7.899951e+02 cycle=3300 time=8.416888e+00 dt=2.550572e-03
elapsed=7.923007e+02 cycle=3310 time=8.442394e+00 dt=2.550572e-03
elapsed=7.946079e+02 cycle=3320 time=8.467900e+00 dt=2.550572e-03
elapsed=7.969155e+02 cycle=3330 time=8.493405e+00 dt=2.550572e-03
elapsed=7.994409e+02 cycle=3340 time=8.518911e+00 dt=2.550572e-03
elapsed=8.017525e+02 cycle=3350 time=8.544417e+00 dt=2.550572e-03
elapsed=8.040584e+02 cycle=3360 time=8.569923e+00 dt=2.550572e-03
elapsed=8.063644e+02 cycle=3370 time=8.595428e+00 dt=2.550572e-03
elapsed=8.088941e+02 cycle=3380 time=8.620934e+00 dt=2.550572e-03
elapsed=8.111987e+02 cycle=3390 time=8.646440e+00 dt=2.550572e-03
elapsed=8.135016e+02 cycle=3400 time=8.671945e+00 dt=2.550572e-03
elapsed=8.158082e+02 cycle=3410 time=8.697451e+00 dt=2.550572e-03
elapsed=8.183260e+02 cycle=3420 time=8.722957e+00 dt=2.550572e-03
elapsed=8.206295e+02 cycle=3430 time=8.748463e+00 dt=2.550572e-03
elapsed=8.229362e+02 cycle=3440 time=8.773968e+00 dt=2.550572e-03
elapsed=8.252390e+02 cycle=3450 time=8.799474e+00 dt=2.550572e-03
elapsed=8.277669e+02 cycle=3460 time=8.824980e+00 dt=2.550572e-03
elapsed=8.300704e+02 cycle=3470 time=8.850486e+00 dt=2.550572e-03
elapsed=8.323735e+02 cycle=3480 time=8.875991e+00 dt=2.550572e-03
elapsed=8.349052e+02 cycle=3490 time=8.901497e+00 dt=2.550572e-03
elapsed=8.372036e+02 cycle=3500 time=8.927003e+00 dt=2.550572e-03
elapsed=8.395083e+02 cycle=3510 time=8.952508e+00 dt=2.550572e-03
elapsed=8.418155e+02 cycle=3520 time=8.978014e+00 dt=2.550572e-03
elapsed=8.443455e+02 cycle=3530 time=9.003520e+00 dt=2.550572e-03
elapsed=8.466517e+02 cycle=3540 time=9.029026e+00 dt=2.550572e-03
elapsed=8.489540e+02 cycle=3550 time=9.054531e+00 dt=2.550572e-03
elapsed=8.512585e+02 cycle=3560 time=9.080037e+00 dt=2.550572e-03
elapsed=8.537782e+02 cycle=3570 time=9.105543e+00 dt=2.550572e-03
elapsed=8.560840e+02 cycle=3580 time=9.131048e+00 dt=2.550572e-03
elapsed=8.583865e+02 cycle=3590 time=9.156554e+00 dt=2.550572e-03
elapsed=8.606884e+02 cycle=3600 time=9.182060e+00 dt=2.550572e-03
elapsed=8.632134e+02 cycle=3610 time=9.207566e+00 dt=2.550572e-03
elapsed=8.655209e+02 cycle=3620 time=9.233071e+00 dt=2.550572e-03
elapsed=8.678306e+02 cycle=3630 time=9.258577e+00 dt=2.550572e-03
elapsed=8.701390e+02 cycle=3640 time=9.284083e+00 dt=2.550572e-03
elapsed=8.726662e+02 cycle=3650 time=9.309589e+00 dt=2.550572e-03
elapsed=8.749755e+02 cycle=3660 time=9.335094e+00 dt=2.550572e-03
elapsed=8.772844e+02 cycle=3670 time=9.360600e+00 dt=2.550572e-03
elapsed=8.795962e+02 cycle=3680 time=9.386106e+00 dt=2.550572e-03
elapsed=8.821291e+02 cycle=3690 time=9.411611e+00 dt=2.550572e-03
elapsed=8.844369e+02 cycle=3700 time=9.437117e+00 dt=2.550572e-03
elapsed=8.867473e+02 cycle=3710 time=9.462623e+00 dt=2.550572e-03
elapsed=8.890574e+02 cycle=3720 time=9.488129e+00 dt=2.550572e-03
elapsed=8.915785e+02 cycle=3730 time=9.513634e+00 dt=2.550572e-03
elapsed=8.938904e+02 cycle=3740 time=9.539140e+00 dt=2.550572e-03
elapsed=8.962001e+02 cycle=3750 time=9.564646e+00 dt=2.550572e-03
elapsed=8.985116e+02 cycle=3760 time=9.590151e+00 dt=2.550572e-03
elapsed=9.010418e+02 cycle=3770 time=9.615657e+00 dt=2.550572e-03
elapsed=9.033448e+02 cycle=3780 time=9.641163e+00 dt=2.550572e-03
elapsed=9.056510e+02 cycle=3790 time=9.666669e+00 dt=2.550572e-03
elapsed=9.079599e+02 cycle=3800 time=9.692174e+00 dt=2.550572e-03
elapsed=9.104838e+02 cycle=3810 time=9.717680e+00 dt=2.550572e-03
elapsed=9.127908e+02 cycle=3820 time=9.743186e+00 dt=2.550572e-03
elapsed=9.150964e+02 cycle=3830 time=9.768692e+00 dt=2.550572e-03
elapsed=9.174043e+02 cycle=3840 time=9.794197e+00 dt=2.550572e-03
elapsed=9.199315e+02 cycle=3850 time=9.819703e+00 dt=2.550572e-03
elapsed=9.222364e+02 cycle=3860 time=9.845209e+00 dt=2.550572e-03
elapsed=9.245444e+02 cycle=3870 time=9.870714e+00 dt=2.550572e-03
elapsed=9.268527e+02 cycle=3880 time=9.896220e+00 dt=2.550572e-03
elapsed=9.293726e+02 cycle=3890 time=9.921726e+00 dt=2.550572e-03
elapsed=9.316772e+02 cycle=3900 time=9.947232e+00 dt=2.550572e-03
elapsed=9.339859e+02 cycle=3910 time=9.972737e+00 dt=2.550572e-03
elapsed=9.362971e+02 cycle=3920 time=9.998243e+00 dt=2.550572e-03
elapsed=9.404740e+02 cycle=3930 time=1.002375e+01 dt=2.550572e-03
elapsed=9.427798e+02 cycle=3940 time=1.004925e+01 dt=2.550572e-03
elapsed=9.450865e+02 cycle=3950 time=1.007476e+01 dt=2.550572e-03
elapsed=9.476210e+02 cycle=3960 time=1.010027e+01 dt=2.550572e-03
elapsed=9.499220e+02 cycle=3970 time=1.012577e+01 dt=2.550572e-03
elapsed=9.522290e+02 cycle=3980 time=1.015128e+01 dt=2.550572e-03
elapsed=9.545359e+02 cycle=3990 time=1.017678e+01 dt=2.550572e-03
elapsed=9.570806e+02 cycle=4000 time=1.020229e+01 dt=2.550572e-03
elapsed=9.593784e+02 cycle=4010 time=1.022779e+01 dt=2.550572e-03
elapsed=9.616836e+02 cycle=4020 time=1.025330e+01 dt=2.550572e-03
elapsed=9.639888e+02 cycle=4030 time=1.027881e+01 dt=2.550572e-03
elapsed=9.665156e+02 cycle=4040 time=1.030431e+01 dt=2.550572e-03
elapsed=9.688248e+02 cycle=4050 time=1.032982e+01 dt=2.550572e-03
elapsed=9.711333e+02 cycle=4060 time=1.035532e+01 dt=2.550572e-03
elapsed=9.734402e+02 cycle=4070 time=1.038083e+01 dt=2.550572e-03
elapsed=9.759723e+02 cycle=4080 time=1.040633e+01 dt=2.550572e-03
elapsed=9.782773e+02 cycle=4090 time=1.043184e+01 dt=2.550572e-03
elapsed=9.805864e+02 cycle=4100 time=1.045735e+01 dt=2.550572e-03
elapsed=9.828961e+02 cycle=4110 time=1.048285e+01 dt=2.550572e-03
elapsed=9.854218e+02 cycle=4120 time=1.050836e+01 dt=2.550572e-03
elapsed=9.877331e+02 cycle=4130 time=1.053386e+01 dt=2.550572e-03
elapsed=9.900399e+02 cycle=4140 time=1.055937e+01 dt=2.550572e-03
elapsed=9.923456e+02 cycle=4150 time=1.058487e+01 dt=2.550572e-03
elapsed=9.948791e+02 cycle=4160 time=1.061038e+01 dt=2.550572e-03
elapsed=9.971895e+02 cycle=4170 time=1.063589e+01 dt=2.550572e-03
elapsed=9.994971e+02 cycle=4180 time=1.066139e+01 dt=2.550572e-03
elapsed=1.001810e+03 cycle=4190 time=1.068690e+01 dt=2.550572e-03
elapsed=1.004333e+03 cycle=4200 time=1.071240e+01 dt=2.550572e-03
elapsed=1.006639e+03 cycle=4210 time=1.073791e+01 dt=2.550572e-03
elapsed=1.008948e+03 cycle=4220 time=1.076341e+01 dt=2.550572e-03
elapsed=1.011257e+03 cycle=4230 time=1.078892e+01 dt=2.550572e-03
elapsed=1.017821e+03 cycle=4240 time=1.081443e+01 dt=2.550572e-03
elapsed=1.020141e+03 cycle=4250 time=1.083993e+01 dt=2.550572e-03
elapsed=1.022450e+03 cycle=4260 time=1.086544e+01 dt=2.550572e-03
elapsed=1.024755e+03 cycle=4270 time=1.089094e+01 dt=2.550572e-03
elapsed=1.027273e+03 cycle=4280 time=1.091645e+01 dt=2.550572e-03
elapsed=1.029579e+03 cycle=4290 time=1.094195e+01 dt=2.550572e-03
elapsed=1.031881e+03 cycle=4300 time=1.096746e+01 dt=2.550572e-03
elapsed=1.034185e+03 cycle=4310 time=1.099297e+01 dt=2.550572e-03
elapsed=1.036714e+03 cycle=4320 time=1.101847e+01 dt=2.550572e-03
elapsed=1.039025e+03 cycle=4330 time=1.104398e+01 dt=2.550572e-03
elapsed=1.041335e+03 cycle=4340 time=1.106948e+01 dt=2.550572e-03
elapsed=1.043642e+03 cycle=4350 time=1.109499e+01 dt=2.550572e-03
elapsed=1.050131e+03 cycle=4360 time=1.112049e+01 dt=2.550572e-03
elapsed=1.052442e+03 cycle=4370 time=1.114600e+01 dt=2.550572e-03
elapsed=1.054754e+03 cycle=4380 time=1.117151e+01 dt=2.550572e-03
elapsed=1.057059e+03 cycle=4390 time=1.119701e+01 dt=2.550572e-03
elapsed=1.059592e+03 cycle=4400 time=1.122252e+01 dt=2.550572e-03
elapsed=1.061898e+03 cycle=4410 time=1.124802e+01 dt=2.550572e-03
elapsed=1.064208e+03 cycle=4420 time=1.127353e+01 dt=2.550572e-03
elapsed=1.066516e+03 cycle=4430 time=1.129903e+01 dt=2.550572e-03
elapsed=1.069039e+03 cycle=4440 time=1.132454e+01 dt=2.550572e-03
elapsed=1.071348e+03 cycle=4450 time=1.135005e+01 dt=2.550572e-03
elapsed=1.073659e+03 cycle=4460 time=1.137555e+01 dt=2.550572e-03
elapsed=1.076210e+03 cycle=4470 time=1.140106e+01 dt=2.550572e-03
elapsed=1.078511e+03 cycle=4480 time=1.142656e+01 dt=2.550572e-03
elapsed=1.080827e+03 cycle=4490 time=1.145207e+01 dt=2.550572e-03
elapsed=1.083139e+03 cycle=4500 time=1.147757e+01 dt=2.550572e-03
elapsed=1.085669e+03 cycle=4510 time=1.150308e+01 dt=2.550572e-03
elapsed=1.087983e+03 cycle=4520 time=1.152859e+01 dt=2.550572e-03
elapsed=1.090292e+03 cycle=4530 time=1.155409e+01 dt=2.550572e-03
elapsed=1.092601e+03 cycle=4540 time=1.157960e+01 dt=2.550572e-03
elapsed=1.095136e+03 cycle=4550 time=1.160510e+01 dt=2.550572e-03
elapsed=1.097445e+03 cycle=4560 time=1.163061e+01 dt=2.550572e-03
elapsed=1.099760e+03 cycle=4570 time=1.165611e+01 dt=2.550572e-03
elapsed=1.102073e+03 cycle=4580 time=1.168162e+01 dt=2.550572e-03
elapsed=1.104601e+03 cycle=4590 time=1.170713e+01 dt=2.550572e-03
elapsed=1.106916e+03 cycle=4600 time=1.173263e+01 dt=2.550572e-03
elapsed=1.109226e+03 cycle=4610 time=1.175814e+01 dt=2.550572e-03
elapsed=1.111539e+03 cycle=4620 time=1.178364e+01 dt=2.550572e-03
elapsed=1.114073e+03 cycle=4630 time=1.180915e+01 dt=2.550572e-03
elapsed=1.116385e+03 cycle=4640 time=1.183465e+01 dt=2.550572e-03
elapsed=1.118701e+03 cycle=4650 time=1.186016e+01 dt=2.550572e-03
elapsed=1.121017e+03 cycle=4660 time=1.188567e+01 dt=2.550572e-03
elapsed=1.123550e+03 cycle=4670 time=1.191117e+01 dt=2.550572e-03
elapsed=1.125859e+03 cycle=4680 time=1.193668e+01 dt=2.550572e-03
elapsed=1.128169e+03 cycle=4690 time=1.196218e+01 dt=2.550572e-03
elapsed=1.130486e+03 cycle=4700 time=1.198769e+01 dt=2.550572e-03
elapsed=1.134165e+03 cycle=4710 time=1.201320e+01 dt=2.550572e-03
elapsed=1.136477e+03 cycle=4720 time=1.203870e+01 dt=2.550572e-03
elapsed=1.138795e+03 cycle=4730 time=1.206421e+01 dt=2.550572e-03
elapsed=1.141112e+03 cycle=4740 time=1.208971e+01 dt=2.550572e-03
elapsed=1.143645e+03 cycle=4750 time=1.211522e+01 dt=2.550572e-03
elapsed=1.145959e+03 cycle=4760 time=1.214072e+01 dt=2.550572e-03
elapsed=1.148274e+03 cycle=4770 time=1.216623e+01 dt=2.550572e-03
elapsed=1.150590e+03 cycle=4780 time=1.219174e+01 dt=2.550572e-03
elapsed=1.153132e+03 cycle=4790 time=1.221724e+01 dt=2.550572e-03
elapsed=1.155448e+03 cycle=4800 time=1.224275e+01 dt=2.550572e-03
elapsed=1.157762e+03 cycle=4810 time=1.226825e+01 dt=2.550572e-03
elapsed=1.160078e+03 cycle=4820 time=1.229376e+01 dt=2.550572e-03
elapsed=1.162609e+03 cycle=4830 time=1.231926e+01 dt=2.550572e-03
elapsed=1.164923e+03 cycle=4840 time=1.234477e+01 dt=2.550572e-03
elapsed=1.167237e+03 cycle=4850 time=1.237028e+01 dt=2.550572e-03
elapsed=1.169550e+03 cycle=4860 time=1.239578e+01 dt=2.550572e-03
elapsed=1.172087e+03 cycle=4870 time=1.242129e+01 dt=2.550572e-03
elapsed=1.174398e+03 cycle=4880 time=1.244679e+01 dt=2.550572e-03
elapsed=1.176710e+03 cycle=4890 time=1.247230e+01 dt=2.550572e-03
elapsed=1.179024e+03 cycle=4900 time=1.249780e+01 dt=2.550572e-03
elapsed=1.181557e+03 cycle=4910 time=1.252331e+01 dt=2.550572e-03
elapsed=1.183873e+03 cycle=4920 time=1.254882e+01 dt=2.550572e-03
elapsed=1.186186e+03 cycle=4930 time=1.257432e+01 dt=2.550572e-03
elapsed=1.188500e+03 cycle=4940 time=1.259983e+01 dt=2.550572e-03
elapsed=1.191044e+03 cycle=4950 time=1.262533e+01 dt=2.550572e-03
elapsed=1.193360e+03 cycle=4960 time=1.265084e+01 dt=2.550572e-03
elapsed=1.195676e+03 cycle=4970 time=1.267634e+01 dt=2.550572e-03
elapsed=1.198220e+03 cycle=4980 time=1.270185e+01 dt=2.550572e-03
elapsed=1.200527e+03 cycle=4990 time=1.272736e+01 dt=2.550572e-03
elapsed=1.202842e+03 cycle=5000 time=1.275286e+01 dt=2.550572e-03
elapsed=1.205157e+03 cycle=5010 time=1.277837e+01 dt=2.550572e-03
elapsed=1.207698e+03 cycle=5020 time=1.280387e+01 dt=2.550572e-03
elapsed=1.210010e+03 cycle=5030 time=1.282938e+01 dt=2.550572e-03
elapsed=1.212325e+03 cycle=5040 time=1.285488e+01 dt=2.550572e-03
elapsed=1.214636e+03 cycle=5050 time=1.288039e+01 dt=2.550572e-03
elapsed=1.217170e+03 cycle=5060 time=1.290590e+01 dt=2.550572e-03
elapsed=1.219486e+03 cycle=5070 time=1.293140e+01 dt=2.550572e-03
elapsed=1.221804e+03 cycle=5080 time=1.295691e+01 dt=2.550572e-03
elapsed=1.224116e+03 cycle=5090 time=1.298241e+01 dt=2.550572e-03
elapsed=1.226655e+03 cycle=5100 time=1.300792e+01 dt=2.550572e-03
elapsed=1.228968e+03 cycle=5110 time=1.303342e+01 dt=2.550572e-03
elapsed=1.231285e+03 cycle=5120 time=1.305893e+01 dt=2.550572e-03
elapsed=1.233597e+03 cycle=5130 time=1.308444e+01 dt=2.550572e-03
elapsed=1.236127e+03 cycle=5140 time=1.310994e+01 dt=2.550572e-03
elapsed=1.238442e+03 cycle=5150 time=1.313545e+01 dt=2.550572e-03
elapsed=1.240757e+03 cycle=5160 time=1.316095e+01 dt=2.550572e-03
elapsed=1.243071e+03 cycle=5170 time=1.318646e+01 dt=2.550572e-03
elapsed=1.245607e+03 cycle=5180 time=1.321196e+01 dt=2.550572e-03
elapsed=1.247919e+03 cycle=5190 time=1.323747e+01 dt=2.550572e-03
elapsed=1.250234e+03 cycle=5200 time=1.326298e+01 dt=2.550572e-03
elapsed=1.252555e+03 cycle=5210 time=1.328848e+01 dt=2.550572e-03
elapsed=1.255083e+03 cycle=5220 time=1.331399e+01 dt=2.550572e-03
elapsed=1.257394e+03 cycle=5230 time=1.333949e+01 dt=2.550572e-03
elapsed=1.259711e+03 cycle=5240 time=1.336500e+01 dt=2.550572e-03
elapsed=1.262021e+03 cycle=5250 time=1.339050e+01 dt=2.550572e-03
elapsed=1.264561e+03 cycle=5260 time=1.341601e+01 dt=2.550572e-03
elapsed=1.266874e+03 cycle=5270 time=1.344152e+01 dt=2.550572e-03
elapsed=1.269188e+03 cycle=5280 time=1.346702e+01 dt=2.550572e-03
elapsed=1.271501e+03 cycle=5290 time=1.349253e+01 dt=2.550572e-03
elapsed=1.274031e+03 cycle=5300 time=1.351803e+01 dt=2.550572e-03
elapsed=1.276344e+03 cycle=5310 time=1.354354e+01 dt=2.550572e-03
elapsed=1.278656e+03 cycle=5320 time=1.356904e+01 dt=2.550572e-03
elapsed=1.280968e+03 cycle=5330 time=1.359455e+01 dt=2.550572e-03
elapsed=1.283507e+03 cycle=5340 time=1.362006e+01 dt=2.550572e-03
elapsed=1.285823e+03 cycle=5350 time=1.364556e+01 dt=2.550572e-03
elapsed=1.288139e+03 cycle=5360 time=1.367107e+01 dt=2.550572e-03
elapsed=1.290453e+03 cycle=5370 time=1.369657e+01 dt=2.550572e-03
elapsed=1.292983e+03 cycle=5380 time=1.372208e+01 dt=2.550572e-03
elapsed=1.295295e+03 cycle=5390 time=1.374758e+01 dt=2.550572e-03
elapsed=1.297607e+03 cycle=5400 time=1.377309e+01 dt=2.550572e-03
elapsed=1.299921e+03 cycle=5410 time=1.379860e+01 dt=2.550572e-03
elapsed=1.302461e+03 cycle=5420 time=1.382410e+01 dt=2.550572e-03
elapsed=1.304774e+03 cycle=5430 time=1.384961e+01 dt=2.550572e-03
elapsed=1.307091e+03 cycle=5440 time=1.387511e+01 dt=2.550572e-03
elapsed=1.309628e+03 cycle=5450 time=1.390062e+01 dt=2.550572e-03
elapsed=1.311934e+03 cycle=5460 time=1.392612e+01 dt=2.550572e-03
elapsed=1.314248e+03 cycle=5470 time=1.395163e+01 dt=2.550572e-03
elapsed=1.316564e+03 cycle=5480 time=1.397714e+01 dt=2.550572e-03
elapsed=1.320246e+03 cycle=5490 time=1.400264e+01 dt=2.550572e-03
elapsed=1.322528e+03 cycle=5500 time=1.402815e+01 dt=2.550572e-03
elapsed=1.324837e+03 cycle=5510 time=1.405365e+01 dt=2.550572e-03
elapsed=1.327153e+03 cycle=5520 time=1.407916e+01 dt=2.550572e-03
elapsed=1.329682e+03 cycle=5530 time=1.410466e+01 dt=2.550572e-03
elapsed=1.332001e+03 cycle=5540 time=1.413017e+01 dt=2.550572e-03
elapsed=1.334314e+03 cycle=5550 time=1.415568e+01 dt=2.550572e-03
elapsed=1.336629e+03 cycle=5560 time=1.418118e+01 dt=2.550572e-03
elapsed=1.339169e+03 cycle=5570 time=1.420669e+01 dt=2.550572e-03
elapsed=1.341485e+03 cycle=5580 time=1.423219e+01 dt=2.550572e-03
elapsed=1.343800e+03 cycle=5590 time=1.425770e+01 dt=2.550572e-03
elapsed=1.346117e+03 cycle=5600 time=1.428320e+01 dt=2.550572e-03
elapsed=1.348649e+03 cycle=5610 time=1.430871e+01 dt=2.550572e-03
elapsed=1.350961e+03 cycle=5620 time=1.433422e+01 dt=2.550572e-03
elapsed=1.353281e+03 cycle=5630 time=1.435972e+01 dt=2.550572e-03
elapsed=1.355594e+03 cycle=5640 time=1.438523e+01 dt=2.550572e-03
elapsed=1.358135e+03 cycle=5650 time=1.441073e+01 dt=2.550572e-03
elapsed=1.360449e+03 cycle=5660 time=1.443624e+01 dt=2.550572e-03
elapsed=1.362758e+03 cycle=5670 time=1.446174e+01 dt=2.550572e-03
elapsed=1.365073e+03 cycle=5680 time=1.448725e+01 dt=2.550572e-03
elapsed=1.367604e+03 cycle=5690 time=1.451276e+01 dt=2.550572e-03
elapsed=1.369917e+03 cycle=5700 time=1.453826e+01 dt=2.550572e-03
elapsed=1.372233e+03 cycle=5710 time=1.456377e+01 dt=2.550572e-03
elapsed=1.374549e+03 cycle=5720 time=1.458927e+01 dt=2.550572e-03
elapsed=1.377088e+03 cycle=5730 time=1.461478e+01 dt=2.550572e-03
elapsed=1.379405e+03 cycle=5740 time=1.464028e+01 dt=2.550572e-03
elapsed=1.381719e+03 cycle=5750 time=1.466579e+01 dt=2.550572e-03
elapsed=1.384030e+03 cycle=5760 time=1.469130e+01 dt=2.550572e-03
elapsed=1.386559e+03 cycle=5770 time=1.471680e+01 dt=2.550572e-03
elapsed=1.388872e+03 cycle=5780 time=1.474231e+01 dt=2.550572e-03
elapsed=1.391191e+03 cycle=5790 time=1.476781e+01 dt=2.550572e-03
elapsed=1.393506e+03 cycle=5800 time=1.479332e+01 dt=2.550572e-03
elapsed=1.396047e+03 cycle=5810 time=1.481882e+01 dt=2.550572e-03
elapsed=1.398360e+03 cycle=5820 time=1.484433e+01 dt=2.550572e-03
elapsed=1.400674e+03 cycle=5830 time=1.486984e+01 dt=2.550572e-03
elapsed=1.402991e+03 cycle=5840 time=1.489534e+01 dt=2.550572e-03
elapsed=1.405522e+03 cycle=5850 time=1.492085e+01 dt=2.550572e-03
elapsed=1.407839e+03 cycle=5860 time=1.494635e+01 dt=2.550572e-03
elapsed=1.410152e+03 cycle=5870 time=1.497186e+01 dt=2.550572e-03
elapsed=1.412466e+03 cycle=5880 time=1.499736e+01 dt=2.550572e-03
elapsed=1.415010e+03 cycle=5890 time=1.502287e+01 dt=2.550572e-03
elapsed=1.417321e+03 cycle=5900 time=1.504838e+01 dt=2.550572e-03
elapsed=1.419637e+03 cycle=5910 time=1.507388e+01 dt=2.550572e-03
elapsed=1.421948e+03 cycle=5920 time=1.509939e+01 dt=2.550572e-03
elapsed=1.424489e+03 cycle=5930 time=1.512489e+01 dt=2.550572e-03
elapsed=1.426799e+03 cycle=5940 time=1.515040e+01 dt=2.550572e-03
elapsed=1.429114e+03 cycle=5950 time=1.517590e+01 dt=2.550572e-03
elapsed=1.431665e+03 cycle=5960 time=1.520141e+01 dt=2.550572e-03
elapsed=1.433968e+03 cycle=5970 time=1.522692e+01 dt=2.550572e-03
elapsed=1.436284e+03 cycle=5980 time=1.525242e+01 dt=2.550572e-03
elapsed=1.438593e+03 cycle=5990 time=1.527793e+01 dt=2.550572e-03
elapsed=1.441120e+03 cycle=6000 time=1.530343e+01 dt=2.550572e-03
elapsed=1.443430e+03 cycle=6010 time=1.532894e+01 dt=2.550572e-03
elapsed=1.445740e+03 cycle=6020 time=1.535444e+01 dt=2.550572e-03
elapsed=1.448051e+03 cycle=6030 time=1.537995e+01 dt=2.550572e-03
elapsed=1.450582e+03 cycle=6040 time=1.540546e+01 dt=2.550572e-03
elapsed=1.452892e+03 cycle=6050 time=1.543096e+01 dt=2.550572e-03
elapsed=1.455203e+03 cycle=6060 time=1.545647e+01 dt=2.550572e-03
elapsed=1.457508e+03 cycle=6070 time=1.548197e+01 dt=2.550572e-03
elapsed=1.460034e+03 cycle=6080 time=1.550748e+01 dt=2.550572e-03
elapsed=1.462339e+03 cycle=6090 time=1.553298e+01 dt=2.550572e-03
elapsed=1.464645e+03 cycle=6100 time=1.555849e+01 dt=2.550572e-03
elapsed=1.466952e+03 cycle=6110 time=1.558400e+01 dt=2.550572e-03
elapsed=1.469495e+03 cycle=6120 time=1.560950e+01 dt=2.550572e-03
elapsed=1.471805e+03 cycle=6130 time=1.563501e+01 dt=2.550572e-03
elapsed=1.474110e+03 cycle=6140 time=1.566051e+01 dt=2.550572e-03
elapsed=1.476416e+03 cycle=6150 time=1.568602e+01 dt=2.550572e-03
elapsed=1.478935e+03 cycle=6160 time=1.571152e+01 dt=2.550572e-03
elapsed=1.481235e+03 cycle=6170 time=1.573703e+01 dt=2.550572e-03
elapsed=1.483538e+03 cycle=6180 time=1.576254e+01 dt=2.550572e-03
elapsed=1.485840e+03 cycle=6190 time=1.578804e+01 dt=2.550572e-03
elapsed=1.488370e+03 cycle=6200 time=1.581355e+01 dt=2.550572e-03
elapsed=1.490677e+03 cycle=6210 time=1.583905e+01 dt=2.550572e-03
elapsed=1.492982e+03 cycle=6220 time=1.586456e+01 dt=2.550572e-03
elapsed=1.495286e+03 cycle=6230 time=1.589006e+01 dt=2.550572e-03
elapsed=1.497811e+03 cycle=6240 time=1.591557e+01 dt=2.550572e-03
elapsed=1.500116e+03 cycle=6250 time=1.594108e+01 dt=2.550572e-03
elapsed=1.502423e+03 cycle=6260 time=1.596658e+01 dt=2.550572e-03
elapsed=1.504732e+03 cycle=6270 time=1.599209e+01 dt=2.550572e-03
elapsed=1.508674e+03 cycle=6280 time=1.601759e+01 dt=2.550572e-03
elapsed=1.510981e+03 cycle=6290 time=1.604310e+01 dt=2.550572e-03
elapsed=1.513289e+03 cycle=6300 time=1.606860e+01 dt=2.550572e-03
elapsed=1.515602e+03 cycle=6310 time=1.609411e+01 dt=2.550572e-03
elapsed=1.518132e+03 cycle=6320 time=1.611962e+01 dt=2.550572e-03
elapsed=1.520444e+03 cycle=6330 time=1.614512e+01 dt=2.550572e-03
elapsed=1.522753e+03 cycle=6340 time=1.617063e+01 dt=2.550572e-03
elapsed=1.525064e+03 cycle=6350 time=1.619613e+01 dt=2.550572e-03
elapsed=1.527597e+03 cycle=6360 time=1.622164e+01 dt=2.550572e-03
elapsed=1.529908e+03 cycle=6370 time=1.624714e+01 dt=2.550572e-03
elapsed=1.532218e+03 cycle=6380 time=1.627265e+01 dt=2.550572e-03
elapsed=1.534528e+03 cycle=6390 time=1.629816e+01 dt=2.550572e-03
elapsed=1.537057e+03 cycle=6400 time=1.632366e+01 dt=2.550572e-03
elapsed=1.539371e+03 cycle=6410 time=1.634917e+01 dt=2.550572e-03
elapsed=1.541681e+03 cycle=6420 time=1.637467e+01 dt=2.550572e-03
elapsed=1.544234e+03 cycle=6430 time=1.640018e+01 dt=2.550572e-03
elapsed=1.546535e+03 cycle=6440 time=1.642568e+01 dt=2.550572e-03
elapsed=1.548850e+03 cycle=6450 time=1.645119e+01 dt=2.550572e-03
elapsed=1.551162e+03 cycle=6460 time=1.647670e+01 dt=2.550572e-03
elapsed=1.553695e+03 cycle=6470 time=1.650220e+01 dt=2.550572e-03
elapsed=1.555996e+03 cycle=6480 time=1.652771e+01 dt=2.550572e-03
elapsed=1.558304e+03 cycle=6490 time=1.655321e+01 dt=2.550572e-03
elapsed=1.560610e+03 cycle=6500 time=1.657872e+01 dt=2.550572e-03
elapsed=1.563144e+03 cycle=6510 time=1.660422e+01 dt=2.550572e-03
elapsed=1.565457e+03 cycle=6520 time=1.662973e+01 dt=2.550572e-03
elapsed=1.567773e+03 cycle=6530 time=1.665524e+01 dt=2.550572e-03
elapsed=1.570088e+03 cycle=6540 time=1.668074e+01 dt=2.550572e-03
elapsed=1.572621e+03 cycle=6550 time=1.670625e+01 dt=2.550572e-03
elapsed=1.574934e+03 cycle=6560 time=1.673175e+01 dt=2.550572e-03
elapsed=1.577248e+03 cycle=6570 time=1.675726e+01 dt=2.550572e-03
elapsed=1.579561e+03 cycle=6580 time=1.678277e+01 dt=2.550572e-03
elapsed=1.582106e+03 cycle=6590 time=1.680827e+01 dt=2.550572e-03
elapsed=1.584427e+03 cycle=6600 time=1.683378e+01 dt=2.550572e-03
elapsed=1.586744e+03 cycle=6610 time=1.685928e+01 dt=2.550572e-03
elapsed=1.589062e+03 cycle=6620 time=1.688479e+01 dt=2.550572e-03
elapsed=1.591595e+03 cycle=6630 time=1.691029e+01 dt=2.550572e-03
elapsed=1.593914e+03 cycle=6640 time=1.693580e+01 dt=2.550572e-03
elapsed=1.596233e+03 cycle=6650 time=1.696131e+01 dt=2.550572e-03
elapsed=1.598547e+03 cycle=6660 time=1.698681e+01 dt=2.550572e-03
elapsed=1.601089e+03 cycle=6670 time=1.701232e+01 dt=2.550572e-03
elapsed=1.603402e+03 cycle=6680 time=1.703782e+01 dt=2.550572e-03
elapsed=1.605717e+03 cycle=6690 time=1.706333e+01 dt=2.550572e-03
elapsed=1.608035e+03 cycle=6700 time=1.708883e+01 dt=2.550572e-03
elapsed=1.610565e+03 cycle=6710 time=1.711434e+01 dt=2.550572e-03
elapsed=1.612882e+03 cycle=6720 time=1.713985e+01 dt=2.550572e-03
elapsed=1.615198e+03 cycle=6730 time=1.716535e+01 dt=2.550572e-03
elapsed=1.617512e+03 cycle=6740 time=1.719086e+01 dt=2.550572e-03
elapsed=1.620052e+03 cycle=6750 time=1.721636e+01 dt=2.550572e-03
elapsed=1.622368e+03 cycle=6760 time=1.724187e+01 dt=2.550572e-03
elapsed=1.624686e+03 cycle=6770 time=1.726737e+01 dt=2.550572e-03
elapsed=1.626999e+03 cycle=6780 time=1.729288e+01 dt=2.550572e-03
elapsed=1.629532e+03 cycle=6790 time=1.731839e+01 dt=2.550572e-03
elapsed=1.631852e+03 cycle=6800 time=1.734389e+01 dt=2.550572e-03
elapsed=1.634174e+03 cycle=6810 time=1.736940e+01 dt=2.550572e-03
elapsed=1.636490e+03 cycle=6820 time=1.739490e+01 dt=2.550572e-03
elapsed=1.639035e+03 cycle=6830 time=1.742041e+01 dt=2.550572e-03
elapsed=1.641350e+03 cycle=6840 time=1.744591e+01 dt=2.550572e-03
elapsed=1.643666e+03 cycle=6850 time=1.747142e+01 dt=2.550572e-03
elapsed=1.645981e+03 cycle=6860 time=1.749693e+01 dt=2.550572e-03
elapsed=1.648514e+03 cycle=6870 time=1.752243e+01 dt=2.550572e-03
elapsed=1.650831e+03 cycle=6880 time=1.754794e+01 dt=2.550572e-03
elapsed=1.653148e+03 cycle=6890 time=1.757344e+01 dt=2.550572e-03
elapsed=1.655461e+03 cycle=6900 time=1.759895e+01 dt=2.550572e-03
elapsed=1.658001e+03 cycle=6910 time=1.762445e+01 dt=2.550572e-03
elapsed=1.660318e+03 cycle=6920 time=1.764996e+01 dt=2.550572e-03
elapsed=1.662636e+03 cycle=6930 time=1.767547e+01 dt=2.550572e-03
elapsed=1.665184e+03 cycle=6940 time=1.770097e+01 dt=2.550572e-03
elapsed=1.667491e+03 cycle=6950 time=1.772648e+01 dt=2.550572e-03
elapsed=1.669808e+03 cycle=6960 time=1.775198e+01 dt=2.550572e-03
elapsed=1.672126e+03 cycle=6970 time=1.777749e+01 dt=2.550572e-03
elapsed=1.674670e+03 cycle=6980 time=1.780299e+01 dt=2.550572e-03
elapsed=1.676990e+03 cycle=6990 time=1.782850e+01 dt=2.550572e-03
elapsed=1.679306e+03 cycle=7000 time=1.785401e+01 dt=2.550572e-03
elapsed=1.681621e+03 cycle=7010 time=1.787951e+01 dt=2.550572e-03
elapsed=1.684153e+03 cycle=7020 time=1.790502e+01 dt=2.550572e-03
elapsed=1.686468e+03 cycle=7030 time=1.793052e+01 dt=2.550572e-03
elapsed=1.688782e+03 cycle=7040 time=1.795603e+01 dt=2.550572e-03
elapsed=1.691099e+03 cycle=7050 time=1.798153e+01 dt=2.550572e-03
elapsed=1.694729e+03 cycle=7060 time=1.800704e+01 dt=2.550572e-03
elapsed=1.697040e+03 cycle=7070 time=1.803255e+01 dt=2.550572e-03
elapsed=1.699358e+03 cycle=7080 time=1.805805e+01 dt=2.550572e-03
elapsed=1.701676e+03 cycle=7090 time=1.808356e+01 dt=2.550572e-03
elapsed=1.704211e+03 cycle=7100 time=1.810906e+01 dt=2.550572e-03
elapsed=1.706529e+03 cycle=7110 time=1.813457e+01 dt=2.550572e-03
elapsed=1.708846e+03 cycle=7120 time=1.816007e+01 dt=2.550572e-03
elapsed=1.711162e+03 cycle=7130 time=1.818558e+01 dt=2.550572e-03
elapsed=1.713703e+03 cycle=7140 time=1.821109e+01 dt=2.550572e-03
elapsed=1.716022e+03 cycle=7150 time=1.823659e+01 dt=2.550572e-03
elapsed=1.718340e+03 cycle=7160 time=1.826210e+01 dt=2.550572e-03
elapsed=1.720660e+03 cycle=7170 time=1.828760e+01 dt=2.550572e-03
elapsed=1.723189e+03 cycle=7180 time=1.831311e+01 dt=2.550572e-03
elapsed=1.725507e+03 cycle=7190 time=1.833861e+01 dt=2.550572e-03
elapsed=1.727822e+03 cycle=7200 time=1.836412e+01 dt=2.550572e-03
elapsed=1.730140e+03 cycle=7210 time=1.838963e+01 dt=2.550572e-03
elapsed=1.732682e+03 cycle=7220 time=1.841513e+01 dt=2.550572e-03
elapsed=1.734994e+03 cycle=7230 time=1.844064e+01 dt=2.550572e-03
elapsed=1.737308e+03 cycle=7240 time=1.846614e+01 dt=2.550572e-03
elapsed=1.739623e+03 cycle=7250 time=1.849165e+01 dt=2.550572e-03
elapsed=1.742155e+03 cycle=7260 time=1.851715e+01 dt=2.550572e-03
elapsed=1.744471e+03 cycle=7270 time=1.854266e+01 dt=2.550572e-03
elapsed=1.746790e+03 cycle=7280 time=1.856817e+01 dt=2.550572e-03
elapsed=1.749111e+03 cycle=7290 time=1.859367e+01 dt=2.550572e-03
elapsed=1.751655e+03 cycle=7300 time=1.861918e+01 dt=2.550572e-03
elapsed=1.753972e+03 cycle=7310 time=1.864468e+01 dt=2.550572e-03
elapsed=1.756285e+03 cycle=7320 time=1.867019e+01 dt=2.550572e-03
elapsed=1.758599e+03 cycle=7330 time=1.869569e+01 dt=2.550572e-03
elapsed=1.761132e+03 cycle=7340 time=1.872120e+01 dt=2.550572e-03
elapsed=1.763449e+03 cycle=7350 time=1.874671e+01 dt=2.550572e-03
elapsed=1.765769e+03 cycle=7360 time=1.877221e+01 dt=2.550572e-03
elapsed=1.768081e+03 cycle=7370 time=1.879772e+01 dt=2.550572e-03
elapsed=1.770620e+03 cycle=7380 time=1.882322e+01 dt=2.550572e-03
elapsed=1.772935e+03 cycle=7390 time=1.884873e+01 dt=2.550572e-03
elapsed=1.775254e+03 cycle=7400 time=1.887423e+01 dt=2.550572e-03
elapsed=1.777569e+03 cycle=7410 time=1.889974e+01 dt=2.550572e-03
elapsed=1.780104e+03 cycle=7420 time=1.892525e+01 dt=2.550572e-03
elapsed=1.782420e+03 cycle=7430 time=1.895075e+01 dt=2.550572e-03
elapsed=1.784738e+03 cycle=7440 time=1.897626e+01 dt=2.550572e-03
elapsed=1.787296e+03 cycle=7450 time=1.900176e+01 dt=2.550572e-03
elapsed=1.789602e+03 cycle=7460 time=1.902727e+01 dt=2.550572e-03
elapsed=1.791920e+03 cycle=7470 time=1.905277e+01 dt=2.550572e-03
elapsed=1.794239e+03 cycle=7480 time=1.907828e+01 dt=2.550572e-03
elapsed=1.796773e+03 cycle=7490 time=1.910379e+01 dt=2.550572e-03
elapsed=1.799090e+03 cycle=7500 time=1.912929e+01 dt=2.550572e-03
elapsed=1.801402e+03 cycle=7510 time=1.915480e+01 dt=2.550572e-03
elapsed=1.803715e+03 cycle=7520 time=1.918030e+01 dt=2.550572e-03
elapsed=1.806253e+03 cycle=7530 time=1.920581e+01 dt=2.550572e-03
elapsed=1.808573e+03 cycle=7540 time=1.923131e+01 dt=2.550572e-03
elapsed=1.810892e+03 cycle=7550 time=1.925682e+01 dt=2.550572e-03
elapsed=1.813206e+03 cycle=7560 time=1.928233e+01 dt=2.550572e-03
elapsed=1.815742e+03 cycle=7570 time=1.930783e+01 dt=2.550572e-03
elapsed=1.818057e+03 cycle=7580 time=1.933334e+01 dt=2.550572e-03
elapsed=1.820374e+03 cycle=7590 time=1.935884e+01 dt=2.550572e-03
elapsed=1.822693e+03 cycle=7600 time=1.938435e+01 dt=2.550572e-03
elapsed=1.825236e+03 cycle=7610 time=1.940985e+01 dt=2.550572e-03
elapsed=1.827549e+03 cycle=7620 time=1.943536e+01 dt=2.550572e-03
elapsed=1.829868e+03 cycle=7630 time=1.946087e+01 dt=2.550572e-03
elapsed=1.832184e+03 cycle=7640 time=1.948637e+01 dt=2.550572e-03
elapsed=1.834716e+03 cycle=7650 time=1.951188e+01 dt=2.550572e-03
elapsed=1.837036e+03 cycle=7660 time=1.953738e+01 dt=2.550572e-03
elapsed=1.839356e+03 cycle=7670 time=1.956289e+01 dt=2.550572e-03
elapsed=1.841672e+03 cycle=7680 time=1.958839e+01 dt=2.550572e-03
elapsed=1.844211e+03 cycle=7690 time=1.961390e+01 dt=2.550572e-03
elapsed=1.846523e+03 cycle=7700 time=1.963941e+01 dt=2.550572e-03
elapsed=1.848842e+03 cycle=7710 time=1.966491e+01 dt=2.550572e-03
elapsed=1.851159e+03 cycle=7720 time=1.969042e+01 dt=2.550572e-03
elapsed=1.853694e+03 cycle=7730 time=1.971592e+01 dt=2.550572e-03
elapsed=1.856012e+03 cycle=7740 time=1.974143e+01 dt=2.550572e-03
elapsed=1.858327e+03 cycle=7750 time=1.976693e+01 dt=2.550572e-03
elapsed=1.860646e+03 cycle=7760 time=1.979244e+01 dt=2.550572e-03
elapsed=1.863189e+03 cycle=7770 time=1.981795e+01 dt=2.550572e-03
elapsed=1.865505e+03 cycle=7780 time=1.984345e+01 dt=2.550572e-03
elapsed=1.867825e+03 cycle=7790 time=1.986896e+01 dt=2.550572e-03
elapsed=1.870142e+03 cycle=7800 time=1.989446e+01 dt=2.550572e-03
elapsed=1.872674e+03 cycle=7810 time=1.991997e+01 dt=2.550572e-03
elapsed=1.874987e+03 cycle=7820 time=1.994547e+01 dt=2.550572e-03
elapsed=1.877303e+03 cycle=7830 time=1.997098e+01 dt=2.550572e-03
elapsed=1.879619e+03 cycle=7840 time=1.999649e+01 dt=2.550572e-03
reference-GH stationary trumpet: field Linf=1.326683e-11, constraint Linf=3.583889e-10, RHS estimate=1.060398e-16

Terminating on time limit
time=2.000000e+01 cycle=7842
tlim=2.000000e+01 nlim=-1

MeshBlock-cycles = 62736
cpu time used  = 1.877923e+03
zone-cycles/cpu_second = 8.757475e+06
particle-updates/cpu_second = 0.000000e+00
real 1882.98
user 0.03
sys 0.08
