### WARNING in /lus/flare/projects/CompactBinaryMerger/hzhu/refgh_feedback_continuation_20260823_2466879e_v1/src/src/mesh/load_balance.cpp at line 83
Number of MeshBlocks cannot be divided evenly by number of MPI ranks. This will result in poor load balancing.

Root grid = 3 x 3 x 3 MeshBlocks
Total number of MeshBlocks = 34
Number of logical  levels of refinement = 3 (4 levels total)
Number of physical levels of refinement = 1 (2 levels total)
Number of parallel ranks = 12
  Rank = 0: 2 MeshBlocks, cost = 2
  Rank = 1: 2 MeshBlocks, cost = 2
  Rank = 2: 3 MeshBlocks, cost = 3
  Rank = 3: 3 MeshBlocks, cost = 3
  Rank = 4: 3 MeshBlocks, cost = 3
  Rank = 5: 3 MeshBlocks, cost = 3
  Rank = 6: 3 MeshBlocks, cost = 3
  Rank = 7: 3 MeshBlocks, cost = 3
  Rank = 8: 3 MeshBlocks, cost = 3
  Rank = 9: 3 MeshBlocks, cost = 3
  Rank = 10: 3 MeshBlocks, cost = 3
  Rank = 11: 3 MeshBlocks, cost = 3
Load Balancing:
  Maximum normalized cost = 1.5, Average = 1.41667
### WARNING in /lus/flare/projects/CompactBinaryMerger/hzhu/refgh_feedback_continuation_20260823_2466879e_v1/src/src/parameter_input.cpp: input parameter <mesh_refinement>/num_levels = 2 was not used by the code (check for a typo)
### WARNING in /lus/flare/projects/CompactBinaryMerger/hzhu/refgh_feedback_continuation_20260823_2466879e_v1/src/src/parameter_input.cpp: input parameter <mesh_refinement>/max_nmb_per_rank = 128 was not used by the code (check for a typo)
### WARNING in /lus/flare/projects/CompactBinaryMerger/hzhu/refgh_feedback_continuation_20260823_2466879e_v1/src/src/parameter_input.cpp: input parameter <refined_region1>/level = 1 was not used by the code (check for a typo)
### WARNING in /lus/flare/projects/CompactBinaryMerger/hzhu/refgh_feedback_continuation_20260823_2466879e_v1/src/src/parameter_input.cpp: input parameter <refined_region1>/x1min = -2.0 was not used by the code (check for a typo)
### WARNING in /lus/flare/projects/CompactBinaryMerger/hzhu/refgh_feedback_continuation_20260823_2466879e_v1/src/src/parameter_input.cpp: input parameter <refined_region1>/x1max = 2.0 was not used by the code (check for a typo)
### WARNING in /lus/flare/projects/CompactBinaryMerger/hzhu/refgh_feedback_continuation_20260823_2466879e_v1/src/src/parameter_input.cpp: input parameter <refined_region1>/x2min = -2.0 was not used by the code (check for a typo)
### WARNING in /lus/flare/projects/CompactBinaryMerger/hzhu/refgh_feedback_continuation_20260823_2466879e_v1/src/src/parameter_input.cpp: input parameter <refined_region1>/x2max = 2.0 was not used by the code (check for a typo)
### WARNING in /lus/flare/projects/CompactBinaryMerger/hzhu/refgh_feedback_continuation_20260823_2466879e_v1/src/src/parameter_input.cpp: input parameter <refined_region1>/x3min = -2.0 was not used by the code (check for a typo)
### WARNING in /lus/flare/projects/CompactBinaryMerger/hzhu/refgh_feedback_continuation_20260823_2466879e_v1/src/src/parameter_input.cpp: input parameter <refined_region1>/x3max = 2.0 was not used by the code (check for a typo)
### WARNING in /lus/flare/projects/CompactBinaryMerger/hzhu/refgh_feedback_continuation_20260823_2466879e_v1/src/src/parameter_input.cpp: input parameter <time>/start_time = 0 was not used by the code (check for a typo)

Setup complete, executing task list(s)...

elapsed=3.389574e+01 cycle=570 time=2.031740e+00 dt=3.525111e-03
elapsed=7.167751e+01 cycle=580 time=2.066977e+00 dt=3.521881e-03
elapsed=1.103402e+02 cycle=590 time=2.102181e+00 dt=3.518604e-03
elapsed=1.465357e+02 cycle=600 time=2.137352e+00 dt=3.515285e-03
elapsed=1.842416e+02 cycle=610 time=2.172490e+00 dt=3.511927e-03
elapsed=2.219642e+02 cycle=620 time=2.207594e+00 dt=3.508534e-03
elapsed=2.590470e+02 cycle=630 time=2.242664e+00 dt=3.505112e-03
elapsed=2.967555e+02 cycle=640 time=2.277700e+00 dt=3.501664e-03
elapsed=3.344124e+02 cycle=650 time=2.312701e+00 dt=3.498195e-03
elapsed=3.713937e+02 cycle=660 time=2.347667e+00 dt=3.494708e-03
elapsed=4.091981e+02 cycle=670 time=2.382598e+00 dt=3.491209e-03
elapsed=4.470010e+02 cycle=680 time=2.417495e+00 dt=3.487701e-03
elapsed=4.857904e+02 cycle=690 time=2.452356e+00 dt=3.484190e-03
elapsed=5.220178e+02 cycle=700 time=2.487182e+00 dt=3.480678e-03
reference-GH controlled Schwarzschild final: time=2.500000e+00 state Linf=6.540744e+00 bad-state=0.000000e+00

Terminating on time limit
time=2.500000e+00 cycle=704
tlim=2.500000e+00 nlim=-1

MeshBlock-cycles = 4862
cpu time used  = 5.412775e+02
zone-cycles/cpu_second = 9.933876e+05
particle-updates/cpu_second = 0.000000e+00
real 543.66
user 0.00
sys 0.01
