### WARNING in /lus/flare/projects/CompactBinaryMerger/hzhu/refgh_feedback_continuation_20260823_2466879e_v1/src/src/mesh/load_balance.cpp at line 83
Number of MeshBlocks cannot be divided evenly by number of MPI ranks. This will result in poor load balancing.

Root grid = 3 x 3 x 3 MeshBlocks
Total number of MeshBlocks = 34
Number of logical  levels of refinement = 3 (4 levels total)
Number of physical levels of refinement = 1 (2 levels total)
Number of parallel ranks = 12
  Rank = 0: 2 MeshBlocks, cost = 2
  Rank = 1: 2 MeshBlocks, cost = 2
  Rank = 2: 3 MeshBlocks, cost = 3
  Rank = 3: 3 MeshBlocks, cost = 3
  Rank = 4: 3 MeshBlocks, cost = 3
  Rank = 5: 3 MeshBlocks, cost = 3
  Rank = 6: 3 MeshBlocks, cost = 3
  Rank = 7: 3 MeshBlocks, cost = 3
  Rank = 8: 3 MeshBlocks, cost = 3
  Rank = 9: 3 MeshBlocks, cost = 3
  Rank = 10: 3 MeshBlocks, cost = 3
  Rank = 11: 3 MeshBlocks, cost = 3
Load Balancing:
  Maximum normalized cost = 1.5, Average = 1.41667
### WARNING in /lus/flare/projects/CompactBinaryMerger/hzhu/refgh_feedback_continuation_20260823_2466879e_v1/src/src/parameter_input.cpp: input parameter <mesh_refinement>/num_levels = 2 was not used by the code (check for a typo)
### WARNING in /lus/flare/projects/CompactBinaryMerger/hzhu/refgh_feedback_continuation_20260823_2466879e_v1/src/src/parameter_input.cpp: input parameter <mesh_refinement>/max_nmb_per_rank = 128 was not used by the code (check for a typo)
### WARNING in /lus/flare/projects/CompactBinaryMerger/hzhu/refgh_feedback_continuation_20260823_2466879e_v1/src/src/parameter_input.cpp: input parameter <refined_region1>/level = 1 was not used by the code (check for a typo)
### WARNING in /lus/flare/projects/CompactBinaryMerger/hzhu/refgh_feedback_continuation_20260823_2466879e_v1/src/src/parameter_input.cpp: input parameter <refined_region1>/x1min = -2.0 was not used by the code (check for a typo)
### WARNING in /lus/flare/projects/CompactBinaryMerger/hzhu/refgh_feedback_continuation_20260823_2466879e_v1/src/src/parameter_input.cpp: input parameter <refined_region1>/x1max = 2.0 was not used by the code (check for a typo)
### WARNING in /lus/flare/projects/CompactBinaryMerger/hzhu/refgh_feedback_continuation_20260823_2466879e_v1/src/src/parameter_input.cpp: input parameter <refined_region1>/x2min = -2.0 was not used by the code (check for a typo)
### WARNING in /lus/flare/projects/CompactBinaryMerger/hzhu/refgh_feedback_continuation_20260823_2466879e_v1/src/src/parameter_input.cpp: input parameter <refined_region1>/x2max = 2.0 was not used by the code (check for a typo)
### WARNING in /lus/flare/projects/CompactBinaryMerger/hzhu/refgh_feedback_continuation_20260823_2466879e_v1/src/src/parameter_input.cpp: input parameter <refined_region1>/x3min = -2.0 was not used by the code (check for a typo)
### WARNING in /lus/flare/projects/CompactBinaryMerger/hzhu/refgh_feedback_continuation_20260823_2466879e_v1/src/src/parameter_input.cpp: input parameter <refined_region1>/x3max = 2.0 was not used by the code (check for a typo)
### WARNING in /lus/flare/projects/CompactBinaryMerger/hzhu/refgh_feedback_continuation_20260823_2466879e_v1/src/src/parameter_input.cpp: input parameter <time>/start_time = 0 was not used by the code (check for a typo)

Setup complete, executing task list(s)...

elapsed=1.266728e+00 cycle=560 time=2.000000e+00 dt=3.585434e-03
elapsed=3.805435e+01 cycle=570 time=2.035853e+00 dt=3.585178e-03
elapsed=7.637613e+01 cycle=580 time=2.071704e+00 dt=3.584916e-03
elapsed=1.146874e+02 cycle=590 time=2.107552e+00 dt=3.584647e-03
elapsed=1.524200e+02 cycle=600 time=2.143397e+00 dt=3.584372e-03
elapsed=1.907097e+02 cycle=610 time=2.179239e+00 dt=3.584089e-03
elapsed=2.290033e+02 cycle=620 time=2.215079e+00 dt=3.583799e-03
elapsed=2.681966e+02 cycle=630 time=2.250916e+00 dt=3.583501e-03
elapsed=3.050448e+02 cycle=640 time=2.286749e+00 dt=3.583193e-03
elapsed=3.433471e+02 cycle=650 time=2.322580e+00 dt=3.582875e-03
elapsed=3.817027e+02 cycle=660 time=2.358407e+00 dt=3.582544e-03
elapsed=4.194593e+02 cycle=670 time=2.394231e+00 dt=3.582198e-03
elapsed=4.577598e+02 cycle=680 time=2.430051e+00 dt=3.581835e-03
elapsed=4.960738e+02 cycle=690 time=2.465868e+00 dt=3.581452e-03
reference-GH controlled Schwarzschild final: time=2.500000e+00 state Linf=1.208779e+00 bad-state=0.000000e+00
elapsed=5.396554e+02 cycle=700 time=2.500000e+00 dt=3.581066e-03

Terminating on time limit
time=2.500000e+00 cycle=700
tlim=2.500000e+00 nlim=-1

MeshBlock-cycles = 4760
cpu time used  = 5.383887e+02
zone-cycles/cpu_second = 9.777655e+05
particle-updates/cpu_second = 0.000000e+00
real 540.73
user 0.00
sys 0.02
