AthenaK Kokkos default execution space: Cuda

Root grid = 4 x 8 x 1 MeshBlocks
Total number of MeshBlocks = 32
Number of logical  levels of refinement = 3 (4 levels total)
Number of physical levels of refinement = 0 (1 levels total)
Number of parallel ranks = 1
AssembleZ4cTasks

Setup complete, executing task list(s)...

elapsed=1.336759e-01 cycle=0 time=0.000000e+00 dt=1.082331e-02
elapsed=1.302359e+00 cycle=1 time=1.082331e-02 dt=1.078638e-02
elapsed=1.354898e+00 cycle=2 time=2.160970e-02 dt=1.074699e-02
elapsed=1.371567e+00 cycle=3 time=3.235669e-02 dt=1.071084e-02
elapsed=1.387978e+00 cycle=4 time=4.306753e-02 dt=1.067781e-02
elapsed=1.404283e+00 cycle=5 time=5.374534e-02 dt=1.064781e-02
elapsed=1.420647e+00 cycle=6 time=6.439315e-02 dt=1.060281e-02
elapsed=1.437204e+00 cycle=7 time=7.499596e-02 dt=1.055520e-02
elapsed=1.453661e+00 cycle=8 time=8.555116e-02 dt=1.051154e-02
elapsed=1.470120e+00 cycle=9 time=9.606270e-02 dt=1.047169e-02
elapsed=1.486344e+00 cycle=10 time=1.065344e-01 dt=1.043554e-02
elapsed=1.505045e+00 cycle=11 time=1.169699e-01 dt=1.040297e-02
elapsed=1.522544e+00 cycle=12 time=1.273729e-01 dt=1.037388e-02
elapsed=1.540093e+00 cycle=13 time=1.377468e-01 dt=1.034816e-02
elapsed=1.557504e+00 cycle=14 time=1.480949e-01 dt=1.032116e-02
elapsed=1.574971e+00 cycle=15 time=1.584161e-01 dt=1.028741e-02
elapsed=1.592308e+00 cycle=16 time=1.687035e-01 dt=1.025744e-02
elapsed=1.609290e+00 cycle=17 time=1.789610e-01 dt=1.023112e-02
elapsed=1.625897e+00 cycle=18 time=1.891921e-01 dt=1.020834e-02
elapsed=1.643097e+00 cycle=19 time=1.994004e-01 dt=3.562334e-03
output wall time = 1.873219e-01
elapsed=1.847449e+00 cycle=20 time=2.029628e-01 dt=7.124669e-03

Terminating on time limit
time=2.029628e-01 cycle=20
tlim=2.029628e-01 nlim=-1 nmb_total_limit=-1

MeshBlock-cycles = 640
cpu time used  = 1.713791e+00
zone-cycles/cpu_second = 3.824038e+05
particle-updates/cpu_second = 0.000000e+00
