AthenaK Kokkos default execution space: Cuda

Root grid = 4 x 8 x 1 MeshBlocks
Total number of MeshBlocks = 32
Number of logical  levels of refinement = 3 (4 levels total)
Number of physical levels of refinement = 0 (1 levels total)
Number of parallel ranks = 1
AssembleZ4cTasks

Setup complete, executing task list(s)...

elapsed=3.489130e-01 cycle=216 time=1.200925e+00 dt=6.453308e-03
elapsed=1.772957e+00 cycle=217 time=1.207378e+00 dt=6.460769e-03
elapsed=1.832927e+00 cycle=218 time=1.213839e+00 dt=3.933624e-03
output wall time = 2.727166e-01
elapsed=2.137871e+00 cycle=219 time=1.217772e+00 dt=6.473179e-03

Terminating on time limit
time=1.217772e+00 cycle=219
tlim=1.217772e+00 nlim=-1 nmb_total_limit=-1

MeshBlock-cycles = 96
cpu time used  = 1.788963e+00
zone-cycles/cpu_second = 2.198011e+05
particle-updates/cpu_second = 0.000000e+00
