AthenaK Kokkos default execution space: Cuda

Root grid = 4 x 8 x 1 MeshBlocks
Total number of MeshBlocks = 32
Number of logical  levels of refinement = 3 (4 levels total)
Number of physical levels of refinement = 0 (1 levels total)
Number of parallel ranks = 1
AssembleZ4cTasks

Setup complete, executing task list(s)...

elapsed=3.766333e-01 cycle=276 time=1.600931e+00 dt=6.866285e-03
elapsed=1.877439e+00 cycle=277 time=1.607797e+00 dt=6.872734e-03
elapsed=1.909407e+00 cycle=278 time=1.614670e+00 dt=6.877889e-03
elapsed=1.983465e+00 cycle=279 time=1.621548e+00 dt=2.136996e-03
output wall time = 2.655328e-01
elapsed=2.283818e+00 cycle=280 time=1.623685e+00 dt=4.273992e-03

Terminating on time limit
time=1.623685e+00 cycle=280
tlim=1.623685e+00 nlim=-1 nmb_total_limit=-1

MeshBlock-cycles = 128
cpu time used  = 1.907194e+00
zone-cycles/cpu_second = 2.749002e+05
particle-updates/cpu_second = 0.000000e+00
