
Root grid = 1 x 1 x 1 MeshBlocks
Total number of MeshBlocks = 176
Number of logical  levels of refinement = 4 (5 levels total)
Number of physical levels of refinement = 4 (5 levels total)
  Physical level = 2 (logical level = 2): 56 MeshBlocks, cost = 56
  Physical level = 3 (logical level = 3): 56 MeshBlocks, cost = 56
  Physical level = 4 (logical level = 4): 96 MeshBlocks, cost = 64
Number of parallel ranks = 1
AssembleZ4cTasks

Setup complete, executing task list(s)...

elapsed=7.374398e-01 cycle=129 time=2.000000e+00 dt=1.562500e-02
elapsed=1.467100e+00 cycle=130 time=2.015625e+00 dt=1.562500e-02
elapsed=2.223281e+00 cycle=131 time=2.031250e+00 dt=1.562500e-02
elapsed=2.907831e+00 cycle=132 time=2.046875e+00 dt=1.562500e-02
elapsed=3.693892e+00 cycle=133 time=2.062500e+00 dt=1.562500e-02
elapsed=4.465384e+00 cycle=134 time=2.078125e+00 dt=1.562500e-02
elapsed=5.127518e+00 cycle=135 time=2.093750e+00 dt=1.562500e-02
elapsed=5.872231e+00 cycle=136 time=2.109375e+00 dt=1.562500e-02
elapsed=6.616641e+00 cycle=137 time=2.125000e+00 dt=1.562500e-02
elapsed=7.282451e+00 cycle=138 time=2.140625e+00 dt=1.562500e-02
elapsed=7.978111e+00 cycle=139 time=2.156250e+00 dt=1.562500e-02
elapsed=8.675373e+00 cycle=140 time=2.171875e+00 dt=1.562500e-02
elapsed=9.375236e+00 cycle=141 time=2.187500e+00 dt=1.562500e-02
elapsed=1.019022e+01 cycle=142 time=2.203125e+00 dt=1.562500e-02
elapsed=1.098231e+01 cycle=143 time=2.218750e+00 dt=1.562500e-02
elapsed=1.169873e+01 cycle=144 time=2.234375e+00 dt=1.562500e-02
elapsed=1.240961e+01 cycle=145 time=2.250000e+00 dt=1.562500e-02
elapsed=1.310824e+01 cycle=146 time=2.265625e+00 dt=1.562500e-02
elapsed=1.384344e+01 cycle=147 time=2.281250e+00 dt=1.562500e-02
elapsed=1.457343e+01 cycle=148 time=2.296875e+00 dt=1.562500e-02
elapsed=1.531533e+01 cycle=149 time=2.312500e+00 dt=1.562500e-02
elapsed=1.605404e+01 cycle=150 time=2.328125e+00 dt=1.562500e-02
elapsed=1.676944e+01 cycle=151 time=2.343750e+00 dt=1.562500e-02
elapsed=1.749197e+01 cycle=152 time=2.359375e+00 dt=1.562500e-02
elapsed=1.825849e+01 cycle=153 time=2.375000e+00 dt=1.562500e-02
elapsed=1.895269e+01 cycle=154 time=2.390625e+00 dt=1.562500e-02
elapsed=1.968295e+01 cycle=155 time=2.406250e+00 dt=1.562500e-02
elapsed=2.034998e+01 cycle=156 time=2.421875e+00 dt=1.562500e-02
elapsed=2.111434e+01 cycle=157 time=2.437500e+00 dt=1.562500e-02
elapsed=2.179858e+01 cycle=158 time=2.453125e+00 dt=1.562500e-02
elapsed=2.254399e+01 cycle=159 time=2.468750e+00 dt=1.562500e-02
elapsed=2.328453e+01 cycle=160 time=2.484375e+00 dt=1.562500e-02
elapsed=2.407827e+01 cycle=161 time=2.500000e+00 dt=1.562500e-02
elapsed=2.475860e+01 cycle=162 time=2.515625e+00 dt=1.562500e-02
elapsed=2.548645e+01 cycle=163 time=2.531250e+00 dt=1.562500e-02
elapsed=2.621493e+01 cycle=164 time=2.546875e+00 dt=1.562500e-02
elapsed=2.687840e+01 cycle=165 time=2.562500e+00 dt=1.562500e-02
elapsed=2.754091e+01 cycle=166 time=2.578125e+00 dt=1.562500e-02
elapsed=2.829509e+01 cycle=167 time=2.593750e+00 dt=1.562500e-02
elapsed=2.904865e+01 cycle=168 time=2.609375e+00 dt=1.562500e-02
elapsed=2.972961e+01 cycle=169 time=2.625000e+00 dt=1.562500e-02
elapsed=3.046813e+01 cycle=170 time=2.640625e+00 dt=1.562500e-02
elapsed=3.130876e+01 cycle=171 time=2.656250e+00 dt=1.562500e-02
elapsed=3.197807e+01 cycle=172 time=2.671875e+00 dt=1.562500e-02
elapsed=3.264576e+01 cycle=173 time=2.687500e+00 dt=1.562500e-02
elapsed=3.336090e+01 cycle=174 time=2.703125e+00 dt=1.562500e-02
elapsed=3.405547e+01 cycle=175 time=2.718750e+00 dt=1.562500e-02
elapsed=3.478108e+01 cycle=176 time=2.734375e+00 dt=1.562500e-02
elapsed=3.548674e+01 cycle=177 time=2.750000e+00 dt=1.562500e-02
elapsed=3.622969e+01 cycle=178 time=2.765625e+00 dt=1.562500e-02
elapsed=3.696047e+01 cycle=179 time=2.781250e+00 dt=1.562500e-02
elapsed=3.765457e+01 cycle=180 time=2.796875e+00 dt=1.562500e-02
elapsed=3.842794e+01 cycle=181 time=2.812500e+00 dt=1.562500e-02
elapsed=3.916333e+01 cycle=182 time=2.828125e+00 dt=1.562500e-02
elapsed=3.984802e+01 cycle=183 time=2.843750e+00 dt=1.562500e-02
elapsed=4.055587e+01 cycle=184 time=2.859375e+00 dt=1.562500e-02
elapsed=4.122318e+01 cycle=185 time=2.875000e+00 dt=1.562500e-02
elapsed=4.196667e+01 cycle=186 time=2.890625e+00 dt=1.562500e-02
elapsed=4.265234e+01 cycle=187 time=2.906250e+00 dt=1.562500e-02
elapsed=4.339937e+01 cycle=188 time=2.921875e+00 dt=1.562500e-02
elapsed=4.413313e+01 cycle=189 time=2.937500e+00 dt=1.562500e-02
elapsed=4.482218e+01 cycle=190 time=2.953125e+00 dt=1.562500e-02
elapsed=4.555664e+01 cycle=191 time=2.968750e+00 dt=1.562500e-02
elapsed=4.631121e+01 cycle=192 time=2.984375e+00 dt=1.562500e-02
elapsed=4.702434e+01 cycle=193 time=3.000000e+00 dt=1.562500e-02
elapsed=4.772266e+01 cycle=194 time=3.015625e+00 dt=1.562500e-02
elapsed=4.846649e+01 cycle=195 time=3.031250e+00 dt=1.562500e-02
elapsed=4.913680e+01 cycle=196 time=3.046875e+00 dt=1.562500e-02
elapsed=4.983851e+01 cycle=197 time=3.062500e+00 dt=1.562500e-02
elapsed=5.055612e+01 cycle=198 time=3.078125e+00 dt=1.562500e-02
elapsed=5.125409e+01 cycle=199 time=3.093750e+00 dt=1.562500e-02
elapsed=5.197680e+01 cycle=200 time=3.109375e+00 dt=1.562500e-02
elapsed=5.268451e+01 cycle=201 time=3.125000e+00 dt=1.562500e-02
elapsed=5.343886e+01 cycle=202 time=3.140625e+00 dt=1.562500e-02
elapsed=5.425102e+01 cycle=203 time=3.156250e+00 dt=1.562500e-02
elapsed=5.500675e+01 cycle=204 time=3.171875e+00 dt=1.562500e-02
elapsed=5.573461e+01 cycle=205 time=3.187500e+00 dt=1.562500e-02
elapsed=5.643168e+01 cycle=206 time=3.203125e+00 dt=1.562500e-02
elapsed=5.713411e+01 cycle=207 time=3.218750e+00 dt=1.562500e-02
elapsed=5.791867e+01 cycle=208 time=3.234375e+00 dt=1.562500e-02
elapsed=5.861731e+01 cycle=209 time=3.250000e+00 dt=1.562500e-02
elapsed=5.930998e+01 cycle=210 time=3.265625e+00 dt=1.562500e-02
elapsed=6.006364e+01 cycle=211 time=3.281250e+00 dt=1.562500e-02
elapsed=6.086647e+01 cycle=212 time=3.296875e+00 dt=1.562500e-02
elapsed=6.155092e+01 cycle=213 time=3.312500e+00 dt=1.562500e-02
elapsed=6.227421e+01 cycle=214 time=3.328125e+00 dt=1.562500e-02
elapsed=6.294962e+01 cycle=215 time=3.343750e+00 dt=1.562500e-02
elapsed=6.365918e+01 cycle=216 time=3.359375e+00 dt=1.562500e-02
elapsed=6.436428e+01 cycle=217 time=3.375000e+00 dt=1.562500e-02
elapsed=6.503962e+01 cycle=218 time=3.390625e+00 dt=1.562500e-02
elapsed=6.571897e+01 cycle=219 time=3.406250e+00 dt=1.562500e-02
elapsed=6.639846e+01 cycle=220 time=3.421875e+00 dt=1.562500e-02
elapsed=6.710042e+01 cycle=221 time=3.437500e+00 dt=1.562500e-02
elapsed=6.786821e+01 cycle=222 time=3.453125e+00 dt=1.562500e-02
elapsed=6.855033e+01 cycle=223 time=3.468750e+00 dt=1.562500e-02
elapsed=6.931489e+01 cycle=224 time=3.484375e+00 dt=1.562500e-02
elapsed=7.001489e+01 cycle=225 time=3.500000e+00 dt=1.562500e-02
elapsed=7.071411e+01 cycle=226 time=3.515625e+00 dt=1.562500e-02
elapsed=7.143844e+01 cycle=227 time=3.531250e+00 dt=1.562500e-02
elapsed=7.213548e+01 cycle=228 time=3.546875e+00 dt=1.562500e-02
elapsed=7.290264e+01 cycle=229 time=3.562500e+00 dt=1.562500e-02
elapsed=7.367077e+01 cycle=230 time=3.578125e+00 dt=1.562500e-02
elapsed=7.433728e+01 cycle=231 time=3.593750e+00 dt=1.562500e-02
elapsed=7.503161e+01 cycle=232 time=3.609375e+00 dt=1.562500e-02
elapsed=7.575307e+01 cycle=233 time=3.625000e+00 dt=1.562500e-02
elapsed=7.646423e+01 cycle=234 time=3.640625e+00 dt=1.562500e-02
elapsed=7.719309e+01 cycle=235 time=3.656250e+00 dt=1.562500e-02
elapsed=7.791084e+01 cycle=236 time=3.671875e+00 dt=1.562500e-02
elapsed=7.862111e+01 cycle=237 time=3.687500e+00 dt=1.562500e-02
elapsed=7.935680e+01 cycle=238 time=3.703125e+00 dt=1.562500e-02
elapsed=8.005455e+01 cycle=239 time=3.718750e+00 dt=1.562500e-02
elapsed=8.075718e+01 cycle=240 time=3.734375e+00 dt=1.562500e-02
elapsed=8.150508e+01 cycle=241 time=3.750000e+00 dt=1.562500e-02
elapsed=8.222857e+01 cycle=242 time=3.765625e+00 dt=1.562500e-02
elapsed=8.293477e+01 cycle=243 time=3.781250e+00 dt=1.562500e-02
elapsed=8.359124e+01 cycle=244 time=3.796875e+00 dt=1.562500e-02
elapsed=8.434390e+01 cycle=245 time=3.812500e+00 dt=1.562500e-02
elapsed=8.515674e+01 cycle=246 time=3.828125e+00 dt=1.562500e-02
elapsed=8.583920e+01 cycle=247 time=3.843750e+00 dt=1.562500e-02
elapsed=8.661274e+01 cycle=248 time=3.859375e+00 dt=1.562500e-02
elapsed=8.730623e+01 cycle=249 time=3.875000e+00 dt=1.562500e-02
elapsed=8.808646e+01 cycle=250 time=3.890625e+00 dt=1.562500e-02
elapsed=8.881497e+01 cycle=251 time=3.906250e+00 dt=1.562500e-02
elapsed=8.950634e+01 cycle=252 time=3.921875e+00 dt=1.562500e-02
elapsed=9.028787e+01 cycle=253 time=3.937500e+00 dt=1.562500e-02
elapsed=9.108028e+01 cycle=254 time=3.953125e+00 dt=1.562500e-02
elapsed=9.178860e+01 cycle=255 time=3.968750e+00 dt=1.562500e-02
elapsed=9.256606e+01 cycle=256 time=3.984375e+00 dt=1.562500e-02
elapsed=9.325450e+01 cycle=257 time=4.000000e+00 dt=1.562500e-02
elapsed=9.391040e+01 cycle=258 time=4.015625e+00 dt=1.562500e-02
elapsed=9.458326e+01 cycle=259 time=4.031250e+00 dt=1.562500e-02
elapsed=9.527688e+01 cycle=260 time=4.046875e+00 dt=1.562500e-02
elapsed=9.604790e+01 cycle=261 time=4.062500e+00 dt=1.562500e-02
elapsed=9.676931e+01 cycle=262 time=4.078125e+00 dt=1.562500e-02
elapsed=9.746376e+01 cycle=263 time=4.093750e+00 dt=1.562500e-02
elapsed=9.828015e+01 cycle=264 time=4.109375e+00 dt=1.562500e-02
elapsed=9.907495e+01 cycle=265 time=4.125000e+00 dt=1.562500e-02
elapsed=9.974311e+01 cycle=266 time=4.140625e+00 dt=1.562500e-02
elapsed=1.004946e+02 cycle=267 time=4.156250e+00 dt=1.562500e-02
elapsed=1.012196e+02 cycle=268 time=4.171875e+00 dt=1.562500e-02
elapsed=1.019587e+02 cycle=269 time=4.187500e+00 dt=1.562500e-02
elapsed=1.027358e+02 cycle=270 time=4.203125e+00 dt=1.562500e-02
elapsed=1.033989e+02 cycle=271 time=4.218750e+00 dt=1.562500e-02
elapsed=1.041067e+02 cycle=272 time=4.234375e+00 dt=1.562500e-02
elapsed=1.048276e+02 cycle=273 time=4.250000e+00 dt=1.562500e-02
elapsed=1.055757e+02 cycle=274 time=4.265625e+00 dt=1.562500e-02
elapsed=1.063376e+02 cycle=275 time=4.281250e+00 dt=1.562500e-02
elapsed=1.070568e+02 cycle=276 time=4.296875e+00 dt=1.562500e-02
elapsed=1.077628e+02 cycle=277 time=4.312500e+00 dt=1.562500e-02
elapsed=1.084800e+02 cycle=278 time=4.328125e+00 dt=1.562500e-02
elapsed=1.092193e+02 cycle=279 time=4.343750e+00 dt=1.562500e-02
elapsed=1.099743e+02 cycle=280 time=4.359375e+00 dt=1.562500e-02
elapsed=1.106547e+02 cycle=281 time=4.375000e+00 dt=1.562500e-02
elapsed=1.113183e+02 cycle=282 time=4.390625e+00 dt=1.562500e-02
elapsed=1.120740e+02 cycle=283 time=4.406250e+00 dt=1.562500e-02
elapsed=1.127723e+02 cycle=284 time=4.421875e+00 dt=1.562500e-02
elapsed=1.135425e+02 cycle=285 time=4.437500e+00 dt=1.562500e-02
elapsed=1.142870e+02 cycle=286 time=4.453125e+00 dt=1.562500e-02
elapsed=1.151240e+02 cycle=287 time=4.468750e+00 dt=1.562500e-02
elapsed=1.158174e+02 cycle=288 time=4.484375e+00 dt=1.562500e-02
elapsed=1.165876e+02 cycle=289 time=4.500000e+00 dt=1.562500e-02
elapsed=1.173320e+02 cycle=290 time=4.515625e+00 dt=1.562500e-02
elapsed=1.180108e+02 cycle=291 time=4.531250e+00 dt=1.562500e-02
elapsed=1.188141e+02 cycle=292 time=4.546875e+00 dt=1.562500e-02
elapsed=1.195233e+02 cycle=293 time=4.562500e+00 dt=1.562500e-02
elapsed=1.203078e+02 cycle=294 time=4.578125e+00 dt=1.562500e-02
elapsed=1.210858e+02 cycle=295 time=4.593750e+00 dt=1.562500e-02
elapsed=1.217473e+02 cycle=296 time=4.609375e+00 dt=1.562500e-02
elapsed=1.226623e+02 cycle=297 time=4.625000e+00 dt=1.562500e-02
elapsed=1.233533e+02 cycle=298 time=4.640625e+00 dt=1.562500e-02
elapsed=1.240047e+02 cycle=299 time=4.656250e+00 dt=1.562500e-02
elapsed=1.248296e+02 cycle=300 time=4.671875e+00 dt=1.562500e-02
elapsed=1.256970e+02 cycle=301 time=4.687500e+00 dt=1.562500e-02
elapsed=1.264406e+02 cycle=302 time=4.703125e+00 dt=1.562500e-02
elapsed=1.271763e+02 cycle=303 time=4.718750e+00 dt=1.562500e-02
elapsed=1.280080e+02 cycle=304 time=4.734375e+00 dt=1.562500e-02
elapsed=1.286787e+02 cycle=305 time=4.750000e+00 dt=1.562500e-02
elapsed=1.294915e+02 cycle=306 time=4.765625e+00 dt=1.562500e-02
elapsed=1.303577e+02 cycle=307 time=4.781250e+00 dt=1.562500e-02
elapsed=1.310607e+02 cycle=308 time=4.796875e+00 dt=1.562500e-02
elapsed=1.317389e+02 cycle=309 time=4.812500e+00 dt=1.562500e-02
elapsed=1.324783e+02 cycle=310 time=4.828125e+00 dt=1.562500e-02
elapsed=1.332142e+02 cycle=311 time=4.843750e+00 dt=1.562500e-02
elapsed=1.339570e+02 cycle=312 time=4.859375e+00 dt=1.562500e-02
elapsed=1.346411e+02 cycle=313 time=4.875000e+00 dt=1.562500e-02
elapsed=1.353852e+02 cycle=314 time=4.890625e+00 dt=1.562500e-02
elapsed=1.361030e+02 cycle=315 time=4.906250e+00 dt=1.562500e-02
elapsed=1.368069e+02 cycle=316 time=4.921875e+00 dt=1.562500e-02
elapsed=1.375541e+02 cycle=317 time=4.937500e+00 dt=1.562500e-02
elapsed=1.382338e+02 cycle=318 time=4.953125e+00 dt=1.562500e-02
elapsed=1.389796e+02 cycle=319 time=4.968750e+00 dt=1.562500e-02
elapsed=1.397235e+02 cycle=320 time=4.984375e+00 dt=1.562500e-02
elapsed=1.405976e+02 cycle=321 time=5.000000e+00 dt=1.562500e-02

Terminating on time limit
time=5.000000e+00 cycle=321
tlim=5.000000e+00 nlim=-1

MeshBlock-cycles = 33792
cpu time used  = 1.398601e+02
zone-cycles/cpu_second = 1.237058e+05
particle-updates/cpu_second = 0.000000e+00
