
Root grid = 2 x 2 x 2 MeshBlocks
Total number of MeshBlocks = 232
Number of logical  levels of refinement = 5 (6 levels total)
Number of physical levels of refinement = 4 (5 levels total)
  Physical level = 1 (logical level = 2): 56 MeshBlocks, cost = 56
  Physical level = 2 (logical level = 3): 56 MeshBlocks, cost = 56
  Physical level = 3 (logical level = 4): 56 MeshBlocks, cost = 56
  Physical level = 4 (logical level = 5): 64 MeshBlocks, cost = 64
Number of parallel ranks = 1
AssembleZ4cTasks

Setup complete, executing task list(s)...

elapsed=9.421830e-01 cycle=257 time=2.000000e+00 dt=7.812500e-03
elapsed=1.994317e+00 cycle=258 time=2.007812e+00 dt=7.812500e-03
elapsed=2.940568e+00 cycle=259 time=2.015625e+00 dt=7.812500e-03
elapsed=3.979913e+00 cycle=260 time=2.023438e+00 dt=7.812500e-03
elapsed=4.925615e+00 cycle=261 time=2.031250e+00 dt=7.812500e-03
elapsed=5.856141e+00 cycle=262 time=2.039062e+00 dt=7.812500e-03
elapsed=6.801224e+00 cycle=263 time=2.046875e+00 dt=7.812500e-03
elapsed=7.758977e+00 cycle=264 time=2.054688e+00 dt=7.812500e-03
elapsed=8.704777e+00 cycle=265 time=2.062500e+00 dt=7.812500e-03
elapsed=9.720739e+00 cycle=266 time=2.070312e+00 dt=7.812500e-03
elapsed=1.068693e+01 cycle=267 time=2.078125e+00 dt=7.812500e-03
elapsed=1.173416e+01 cycle=268 time=2.085938e+00 dt=7.812500e-03
elapsed=1.265773e+01 cycle=269 time=2.093750e+00 dt=7.812500e-03
elapsed=1.361348e+01 cycle=270 time=2.101562e+00 dt=7.812500e-03
elapsed=1.466007e+01 cycle=271 time=2.109375e+00 dt=7.812500e-03
elapsed=1.559179e+01 cycle=272 time=2.117188e+00 dt=7.812500e-03
elapsed=1.661964e+01 cycle=273 time=2.125000e+00 dt=7.812500e-03
elapsed=1.758166e+01 cycle=274 time=2.132812e+00 dt=7.812500e-03
elapsed=1.853740e+01 cycle=275 time=2.140625e+00 dt=7.812500e-03
elapsed=1.950556e+01 cycle=276 time=2.148438e+00 dt=7.812500e-03
elapsed=2.052787e+01 cycle=277 time=2.156250e+00 dt=7.812500e-03
elapsed=2.151674e+01 cycle=278 time=2.164062e+00 dt=7.812500e-03
elapsed=2.244191e+01 cycle=279 time=2.171875e+00 dt=7.812500e-03
elapsed=2.335761e+01 cycle=280 time=2.179688e+00 dt=7.812500e-03
elapsed=2.432777e+01 cycle=281 time=2.187500e+00 dt=7.812500e-03
elapsed=2.525472e+01 cycle=282 time=2.195312e+00 dt=7.812500e-03
elapsed=2.631121e+01 cycle=283 time=2.203125e+00 dt=7.812500e-03
elapsed=2.723169e+01 cycle=284 time=2.210938e+00 dt=7.812500e-03
elapsed=2.820193e+01 cycle=285 time=2.218750e+00 dt=7.812500e-03
elapsed=2.909972e+01 cycle=286 time=2.226562e+00 dt=7.812500e-03
elapsed=3.002484e+01 cycle=287 time=2.234375e+00 dt=7.812500e-03
elapsed=3.099387e+01 cycle=288 time=2.242188e+00 dt=7.812500e-03
elapsed=3.197511e+01 cycle=289 time=2.250000e+00 dt=7.812500e-03
elapsed=3.290902e+01 cycle=290 time=2.257812e+00 dt=7.812500e-03
elapsed=3.394573e+01 cycle=291 time=2.265625e+00 dt=7.812500e-03
elapsed=3.497541e+01 cycle=292 time=2.273438e+00 dt=7.812500e-03
elapsed=3.590330e+01 cycle=293 time=2.281250e+00 dt=7.812500e-03
elapsed=3.684128e+01 cycle=294 time=2.289062e+00 dt=7.812500e-03
elapsed=3.778055e+01 cycle=295 time=2.296875e+00 dt=7.812500e-03
elapsed=3.879853e+01 cycle=296 time=2.304688e+00 dt=7.812500e-03
elapsed=3.973118e+01 cycle=297 time=2.312500e+00 dt=7.812500e-03
elapsed=4.076561e+01 cycle=298 time=2.320312e+00 dt=7.812500e-03
elapsed=4.174725e+01 cycle=299 time=2.328125e+00 dt=7.812500e-03
elapsed=4.264841e+01 cycle=300 time=2.335938e+00 dt=7.812500e-03
elapsed=4.360186e+01 cycle=301 time=2.343750e+00 dt=7.812500e-03
elapsed=4.450973e+01 cycle=302 time=2.351562e+00 dt=7.812500e-03
elapsed=4.548469e+01 cycle=303 time=2.359375e+00 dt=7.812500e-03
elapsed=4.648306e+01 cycle=304 time=2.367188e+00 dt=7.812500e-03
elapsed=4.740665e+01 cycle=305 time=2.375000e+00 dt=7.812500e-03
elapsed=4.842788e+01 cycle=306 time=2.382812e+00 dt=7.812500e-03
elapsed=4.943054e+01 cycle=307 time=2.390625e+00 dt=7.812500e-03
elapsed=5.042084e+01 cycle=308 time=2.398438e+00 dt=7.812500e-03
elapsed=5.145401e+01 cycle=309 time=2.406250e+00 dt=7.812500e-03
elapsed=5.246061e+01 cycle=310 time=2.414062e+00 dt=7.812500e-03
elapsed=5.346964e+01 cycle=311 time=2.421875e+00 dt=7.812500e-03
elapsed=5.447837e+01 cycle=312 time=2.429688e+00 dt=7.812500e-03
elapsed=5.556354e+01 cycle=313 time=2.437500e+00 dt=7.812500e-03
elapsed=5.657923e+01 cycle=314 time=2.445312e+00 dt=7.812500e-03
elapsed=5.754740e+01 cycle=315 time=2.453125e+00 dt=7.812500e-03
elapsed=5.859375e+01 cycle=316 time=2.460938e+00 dt=7.812500e-03
elapsed=5.957141e+01 cycle=317 time=2.468750e+00 dt=7.812500e-03
elapsed=6.057579e+01 cycle=318 time=2.476562e+00 dt=7.812500e-03
elapsed=6.155851e+01 cycle=319 time=2.484375e+00 dt=7.812500e-03
elapsed=6.246525e+01 cycle=320 time=2.492188e+00 dt=7.812500e-03
elapsed=6.347559e+01 cycle=321 time=2.500000e+00 dt=7.812500e-03
elapsed=6.450358e+01 cycle=322 time=2.507812e+00 dt=7.812500e-03
elapsed=6.555652e+01 cycle=323 time=2.515625e+00 dt=7.812500e-03
elapsed=6.662008e+01 cycle=324 time=2.523438e+00 dt=7.812500e-03
elapsed=6.764917e+01 cycle=325 time=2.531250e+00 dt=7.812500e-03
elapsed=6.862467e+01 cycle=326 time=2.539062e+00 dt=7.812500e-03
elapsed=6.965094e+01 cycle=327 time=2.546875e+00 dt=7.812500e-03
elapsed=7.070668e+01 cycle=328 time=2.554688e+00 dt=7.812500e-03
elapsed=7.165260e+01 cycle=329 time=2.562500e+00 dt=7.812500e-03
elapsed=7.265941e+01 cycle=330 time=2.570312e+00 dt=7.812500e-03
elapsed=7.368359e+01 cycle=331 time=2.578125e+00 dt=7.812500e-03
elapsed=7.465207e+01 cycle=332 time=2.585938e+00 dt=7.812500e-03
elapsed=7.572114e+01 cycle=333 time=2.593750e+00 dt=7.812500e-03
elapsed=7.669819e+01 cycle=334 time=2.601562e+00 dt=7.812500e-03
elapsed=7.771439e+01 cycle=335 time=2.609375e+00 dt=7.812500e-03
elapsed=7.874288e+01 cycle=336 time=2.617188e+00 dt=7.812500e-03
elapsed=7.975423e+01 cycle=337 time=2.625000e+00 dt=7.812500e-03
elapsed=8.078182e+01 cycle=338 time=2.632812e+00 dt=7.812500e-03
elapsed=8.172885e+01 cycle=339 time=2.640625e+00 dt=7.812500e-03
elapsed=8.279016e+01 cycle=340 time=2.648438e+00 dt=7.812500e-03
elapsed=8.382242e+01 cycle=341 time=2.656250e+00 dt=7.812500e-03
elapsed=8.485461e+01 cycle=342 time=2.664062e+00 dt=7.812500e-03
elapsed=8.588048e+01 cycle=343 time=2.671875e+00 dt=7.812500e-03
elapsed=8.688653e+01 cycle=344 time=2.679688e+00 dt=7.812500e-03
elapsed=8.793996e+01 cycle=345 time=2.687500e+00 dt=7.812500e-03
elapsed=8.888438e+01 cycle=346 time=2.695312e+00 dt=7.812500e-03
elapsed=8.983939e+01 cycle=347 time=2.703125e+00 dt=7.812500e-03
elapsed=9.079081e+01 cycle=348 time=2.710938e+00 dt=7.812500e-03
elapsed=9.181413e+01 cycle=349 time=2.718750e+00 dt=7.812500e-03
elapsed=9.281706e+01 cycle=350 time=2.726562e+00 dt=7.812500e-03
elapsed=9.379005e+01 cycle=351 time=2.734375e+00 dt=7.812500e-03
elapsed=9.475776e+01 cycle=352 time=2.742188e+00 dt=7.812500e-03
elapsed=9.573643e+01 cycle=353 time=2.750000e+00 dt=7.812500e-03
elapsed=9.675447e+01 cycle=354 time=2.757812e+00 dt=7.812500e-03
elapsed=9.771559e+01 cycle=355 time=2.765625e+00 dt=7.812500e-03
elapsed=9.872441e+01 cycle=356 time=2.773438e+00 dt=7.812500e-03
elapsed=9.979437e+01 cycle=357 time=2.781250e+00 dt=7.812500e-03
elapsed=1.007988e+02 cycle=358 time=2.789062e+00 dt=7.812500e-03
elapsed=1.017566e+02 cycle=359 time=2.796875e+00 dt=7.812500e-03
elapsed=1.026926e+02 cycle=360 time=2.804688e+00 dt=7.812500e-03
elapsed=1.036061e+02 cycle=361 time=2.812500e+00 dt=7.812500e-03
elapsed=1.045779e+02 cycle=362 time=2.820312e+00 dt=7.812500e-03
elapsed=1.055196e+02 cycle=363 time=2.828125e+00 dt=7.812500e-03
elapsed=1.064245e+02 cycle=364 time=2.835938e+00 dt=7.812500e-03
elapsed=1.074235e+02 cycle=365 time=2.843750e+00 dt=7.812500e-03
elapsed=1.084264e+02 cycle=366 time=2.851562e+00 dt=7.812500e-03
elapsed=1.094001e+02 cycle=367 time=2.859375e+00 dt=7.812500e-03
elapsed=1.103295e+02 cycle=368 time=2.867188e+00 dt=7.812500e-03
elapsed=1.112315e+02 cycle=369 time=2.875000e+00 dt=7.812500e-03
elapsed=1.121657e+02 cycle=370 time=2.882812e+00 dt=7.812500e-03
elapsed=1.131859e+02 cycle=371 time=2.890625e+00 dt=7.812500e-03
elapsed=1.141368e+02 cycle=372 time=2.898438e+00 dt=7.812500e-03
elapsed=1.151408e+02 cycle=373 time=2.906250e+00 dt=7.812500e-03
elapsed=1.161123e+02 cycle=374 time=2.914062e+00 dt=7.812500e-03
elapsed=1.171558e+02 cycle=375 time=2.921875e+00 dt=7.812500e-03
elapsed=1.180980e+02 cycle=376 time=2.929688e+00 dt=7.812500e-03
elapsed=1.189931e+02 cycle=377 time=2.937500e+00 dt=7.812500e-03
elapsed=1.200269e+02 cycle=378 time=2.945312e+00 dt=7.812500e-03
elapsed=1.210136e+02 cycle=379 time=2.953125e+00 dt=7.812500e-03
elapsed=1.220557e+02 cycle=380 time=2.960938e+00 dt=7.812500e-03
elapsed=1.230310e+02 cycle=381 time=2.968750e+00 dt=7.812500e-03
elapsed=1.240408e+02 cycle=382 time=2.976562e+00 dt=7.812500e-03
elapsed=1.251028e+02 cycle=383 time=2.984375e+00 dt=7.812500e-03
elapsed=1.261202e+02 cycle=384 time=2.992188e+00 dt=7.812500e-03
elapsed=1.271901e+02 cycle=385 time=3.000000e+00 dt=7.812500e-03
elapsed=1.281108e+02 cycle=386 time=3.007812e+00 dt=7.812500e-03
elapsed=1.290424e+02 cycle=387 time=3.015625e+00 dt=7.812500e-03
elapsed=1.301150e+02 cycle=388 time=3.023438e+00 dt=7.812500e-03
elapsed=1.310654e+02 cycle=389 time=3.031250e+00 dt=7.812500e-03
elapsed=1.321005e+02 cycle=390 time=3.039062e+00 dt=7.812500e-03
elapsed=1.331558e+02 cycle=391 time=3.046875e+00 dt=7.812500e-03
elapsed=1.341299e+02 cycle=392 time=3.054688e+00 dt=7.812500e-03
elapsed=1.351277e+02 cycle=393 time=3.062500e+00 dt=7.812500e-03
elapsed=1.360819e+02 cycle=394 time=3.070312e+00 dt=7.812500e-03
elapsed=1.370360e+02 cycle=395 time=3.078125e+00 dt=7.812500e-03
elapsed=1.380491e+02 cycle=396 time=3.085938e+00 dt=7.812500e-03
elapsed=1.390080e+02 cycle=397 time=3.093750e+00 dt=7.812500e-03
elapsed=1.400363e+02 cycle=398 time=3.101562e+00 dt=7.812500e-03
elapsed=1.410687e+02 cycle=399 time=3.109375e+00 dt=7.812500e-03
elapsed=1.420391e+02 cycle=400 time=3.117188e+00 dt=7.812500e-03
elapsed=1.429371e+02 cycle=401 time=3.125000e+00 dt=7.812500e-03
elapsed=1.438873e+02 cycle=402 time=3.132812e+00 dt=7.812500e-03
elapsed=1.448770e+02 cycle=403 time=3.140625e+00 dt=7.812500e-03
elapsed=1.458991e+02 cycle=404 time=3.148438e+00 dt=7.812500e-03
elapsed=1.469444e+02 cycle=405 time=3.156250e+00 dt=7.812500e-03
elapsed=1.479256e+02 cycle=406 time=3.164062e+00 dt=7.812500e-03
elapsed=1.489059e+02 cycle=407 time=3.171875e+00 dt=7.812500e-03
elapsed=1.498053e+02 cycle=408 time=3.179688e+00 dt=7.812500e-03
elapsed=1.507335e+02 cycle=409 time=3.187500e+00 dt=7.812500e-03
elapsed=1.516582e+02 cycle=410 time=3.195312e+00 dt=7.812500e-03
elapsed=1.526350e+02 cycle=411 time=3.203125e+00 dt=7.812500e-03
elapsed=1.536331e+02 cycle=412 time=3.210938e+00 dt=7.812500e-03
elapsed=1.547186e+02 cycle=413 time=3.218750e+00 dt=7.812500e-03
elapsed=1.556624e+02 cycle=414 time=3.226562e+00 dt=7.812500e-03
elapsed=1.566771e+02 cycle=415 time=3.234375e+00 dt=7.812500e-03
elapsed=1.575953e+02 cycle=416 time=3.242188e+00 dt=7.812500e-03
elapsed=1.585649e+02 cycle=417 time=3.250000e+00 dt=7.812500e-03
elapsed=1.594913e+02 cycle=418 time=3.257812e+00 dt=7.812500e-03
elapsed=1.605247e+02 cycle=419 time=3.265625e+00 dt=7.812500e-03
elapsed=1.616291e+02 cycle=420 time=3.273438e+00 dt=7.812500e-03
elapsed=1.626485e+02 cycle=421 time=3.281250e+00 dt=7.812500e-03
elapsed=1.635848e+02 cycle=422 time=3.289062e+00 dt=7.812500e-03
elapsed=1.645295e+02 cycle=423 time=3.296875e+00 dt=7.812500e-03
elapsed=1.655397e+02 cycle=424 time=3.304688e+00 dt=7.812500e-03
elapsed=1.666157e+02 cycle=425 time=3.312500e+00 dt=7.812500e-03
elapsed=1.675530e+02 cycle=426 time=3.320312e+00 dt=7.812500e-03
elapsed=1.685466e+02 cycle=427 time=3.328125e+00 dt=7.812500e-03
elapsed=1.695695e+02 cycle=428 time=3.335938e+00 dt=7.812500e-03
elapsed=1.705409e+02 cycle=429 time=3.343750e+00 dt=7.812500e-03
elapsed=1.716174e+02 cycle=430 time=3.351562e+00 dt=7.812500e-03
elapsed=1.725791e+02 cycle=431 time=3.359375e+00 dt=7.812500e-03
elapsed=1.735288e+02 cycle=432 time=3.367188e+00 dt=7.812500e-03
elapsed=1.745264e+02 cycle=433 time=3.375000e+00 dt=7.812500e-03
elapsed=1.755916e+02 cycle=434 time=3.382812e+00 dt=7.812500e-03
elapsed=1.765734e+02 cycle=435 time=3.390625e+00 dt=7.812500e-03
elapsed=1.775304e+02 cycle=436 time=3.398438e+00 dt=7.812500e-03
elapsed=1.784930e+02 cycle=437 time=3.406250e+00 dt=7.812500e-03
elapsed=1.793828e+02 cycle=438 time=3.414062e+00 dt=7.812500e-03
elapsed=1.802805e+02 cycle=439 time=3.421875e+00 dt=7.812500e-03
elapsed=1.811863e+02 cycle=440 time=3.429688e+00 dt=7.812500e-03
elapsed=1.821201e+02 cycle=441 time=3.437500e+00 dt=7.812500e-03
elapsed=1.831682e+02 cycle=442 time=3.445312e+00 dt=7.812500e-03
elapsed=1.841936e+02 cycle=443 time=3.453125e+00 dt=7.812500e-03
elapsed=1.851940e+02 cycle=444 time=3.460938e+00 dt=7.812500e-03
elapsed=1.861673e+02 cycle=445 time=3.468750e+00 dt=7.812500e-03
elapsed=1.871738e+02 cycle=446 time=3.476562e+00 dt=7.812500e-03
elapsed=1.881929e+02 cycle=447 time=3.484375e+00 dt=7.812500e-03
elapsed=1.892023e+02 cycle=448 time=3.492188e+00 dt=7.812500e-03
elapsed=1.902094e+02 cycle=449 time=3.500000e+00 dt=7.812500e-03
elapsed=1.911453e+02 cycle=450 time=3.507812e+00 dt=7.812500e-03
elapsed=1.920698e+02 cycle=451 time=3.515625e+00 dt=7.812500e-03
elapsed=1.931946e+02 cycle=452 time=3.523438e+00 dt=7.812500e-03
elapsed=1.941872e+02 cycle=453 time=3.531250e+00 dt=7.812500e-03
elapsed=1.951796e+02 cycle=454 time=3.539062e+00 dt=7.812500e-03
elapsed=1.962168e+02 cycle=455 time=3.546875e+00 dt=7.812500e-03
elapsed=1.971814e+02 cycle=456 time=3.554688e+00 dt=7.812500e-03
elapsed=1.982750e+02 cycle=457 time=3.562500e+00 dt=7.812500e-03
elapsed=1.993123e+02 cycle=458 time=3.570312e+00 dt=7.812500e-03
elapsed=2.004469e+02 cycle=459 time=3.578125e+00 dt=7.812500e-03
elapsed=2.014997e+02 cycle=460 time=3.585938e+00 dt=7.812500e-03
elapsed=2.024993e+02 cycle=461 time=3.593750e+00 dt=7.812500e-03
elapsed=2.035021e+02 cycle=462 time=3.601562e+00 dt=7.812500e-03
elapsed=2.044383e+02 cycle=463 time=3.609375e+00 dt=7.812500e-03
elapsed=2.054556e+02 cycle=464 time=3.617188e+00 dt=7.812500e-03
elapsed=2.064577e+02 cycle=465 time=3.625000e+00 dt=7.812500e-03
elapsed=2.075061e+02 cycle=466 time=3.632812e+00 dt=7.812500e-03
elapsed=2.084031e+02 cycle=467 time=3.640625e+00 dt=7.812500e-03
elapsed=2.093402e+02 cycle=468 time=3.648438e+00 dt=7.812500e-03
elapsed=2.103144e+02 cycle=469 time=3.656250e+00 dt=7.812500e-03
elapsed=2.112104e+02 cycle=470 time=3.664062e+00 dt=7.812500e-03
elapsed=2.122202e+02 cycle=471 time=3.671875e+00 dt=7.812500e-03
elapsed=2.131856e+02 cycle=472 time=3.679688e+00 dt=7.812500e-03
elapsed=2.141678e+02 cycle=473 time=3.687500e+00 dt=7.812500e-03
elapsed=2.151872e+02 cycle=474 time=3.695312e+00 dt=7.812500e-03
elapsed=2.161253e+02 cycle=475 time=3.703125e+00 dt=7.812500e-03
elapsed=2.170691e+02 cycle=476 time=3.710938e+00 dt=7.812500e-03
elapsed=2.180297e+02 cycle=477 time=3.718750e+00 dt=7.812500e-03
elapsed=2.190524e+02 cycle=478 time=3.726562e+00 dt=7.812500e-03
elapsed=2.200947e+02 cycle=479 time=3.734375e+00 dt=7.812500e-03
elapsed=2.210508e+02 cycle=480 time=3.742188e+00 dt=7.812500e-03
elapsed=2.219533e+02 cycle=481 time=3.750000e+00 dt=7.812500e-03
elapsed=2.229225e+02 cycle=482 time=3.757812e+00 dt=7.812500e-03
elapsed=2.238687e+02 cycle=483 time=3.765625e+00 dt=7.812500e-03
elapsed=2.248770e+02 cycle=484 time=3.773438e+00 dt=7.812500e-03
elapsed=2.258583e+02 cycle=485 time=3.781250e+00 dt=7.812500e-03
elapsed=2.268136e+02 cycle=486 time=3.789062e+00 dt=7.812500e-03
elapsed=2.278676e+02 cycle=487 time=3.796875e+00 dt=7.812500e-03
elapsed=2.288620e+02 cycle=488 time=3.804688e+00 dt=7.812500e-03
elapsed=2.298812e+02 cycle=489 time=3.812500e+00 dt=7.812500e-03
elapsed=2.308606e+02 cycle=490 time=3.820312e+00 dt=7.812500e-03
elapsed=2.319140e+02 cycle=491 time=3.828125e+00 dt=7.812500e-03
elapsed=2.328143e+02 cycle=492 time=3.835938e+00 dt=7.812500e-03
elapsed=2.337635e+02 cycle=493 time=3.843750e+00 dt=7.812500e-03
elapsed=2.346467e+02 cycle=494 time=3.851562e+00 dt=7.812500e-03
elapsed=2.356210e+02 cycle=495 time=3.859375e+00 dt=7.812500e-03
elapsed=2.366161e+02 cycle=496 time=3.867188e+00 dt=7.812500e-03
elapsed=2.376308e+02 cycle=497 time=3.875000e+00 dt=7.812500e-03
elapsed=2.385393e+02 cycle=498 time=3.882812e+00 dt=7.812500e-03
elapsed=2.394557e+02 cycle=499 time=3.890625e+00 dt=7.812500e-03
elapsed=2.403561e+02 cycle=500 time=3.898438e+00 dt=7.812500e-03
elapsed=2.413615e+02 cycle=501 time=3.906250e+00 dt=7.812500e-03
elapsed=2.423759e+02 cycle=502 time=3.914062e+00 dt=7.812500e-03
elapsed=2.433788e+02 cycle=503 time=3.921875e+00 dt=7.812500e-03
elapsed=2.442983e+02 cycle=504 time=3.929688e+00 dt=7.812500e-03
elapsed=2.452614e+02 cycle=505 time=3.937500e+00 dt=7.812500e-03
elapsed=2.462035e+02 cycle=506 time=3.945312e+00 dt=7.812500e-03
elapsed=2.471906e+02 cycle=507 time=3.953125e+00 dt=7.812500e-03
elapsed=2.481765e+02 cycle=508 time=3.960938e+00 dt=7.812500e-03
elapsed=2.492241e+02 cycle=509 time=3.968750e+00 dt=7.812500e-03
elapsed=2.501203e+02 cycle=510 time=3.976562e+00 dt=7.812500e-03
elapsed=2.510171e+02 cycle=511 time=3.984375e+00 dt=7.812500e-03
elapsed=2.520447e+02 cycle=512 time=3.992188e+00 dt=7.812500e-03
elapsed=2.530587e+02 cycle=513 time=4.000000e+00 dt=7.812500e-03
elapsed=2.540742e+02 cycle=514 time=4.007812e+00 dt=7.812500e-03
elapsed=2.550149e+02 cycle=515 time=4.015625e+00 dt=7.812500e-03
elapsed=2.560277e+02 cycle=516 time=4.023438e+00 dt=7.812500e-03
elapsed=2.570069e+02 cycle=517 time=4.031250e+00 dt=7.812500e-03
elapsed=2.579977e+02 cycle=518 time=4.039062e+00 dt=7.812500e-03
elapsed=2.590199e+02 cycle=519 time=4.046875e+00 dt=7.812500e-03
elapsed=2.600396e+02 cycle=520 time=4.054688e+00 dt=7.812500e-03
elapsed=2.609805e+02 cycle=521 time=4.062500e+00 dt=7.812500e-03
elapsed=2.619854e+02 cycle=522 time=4.070312e+00 dt=7.812500e-03
elapsed=2.630180e+02 cycle=523 time=4.078125e+00 dt=7.812500e-03
elapsed=2.641216e+02 cycle=524 time=4.085938e+00 dt=7.812500e-03
elapsed=2.651656e+02 cycle=525 time=4.093750e+00 dt=7.812500e-03
elapsed=2.662357e+02 cycle=526 time=4.101562e+00 dt=7.812500e-03
elapsed=2.672359e+02 cycle=527 time=4.109375e+00 dt=7.812500e-03
elapsed=2.681336e+02 cycle=528 time=4.117188e+00 dt=7.812500e-03
elapsed=2.691396e+02 cycle=529 time=4.125000e+00 dt=7.812500e-03
elapsed=2.700900e+02 cycle=530 time=4.132812e+00 dt=7.812500e-03
elapsed=2.710661e+02 cycle=531 time=4.140625e+00 dt=7.812500e-03
elapsed=2.719647e+02 cycle=532 time=4.148438e+00 dt=7.812500e-03
elapsed=2.729577e+02 cycle=533 time=4.156250e+00 dt=7.812500e-03
elapsed=2.739551e+02 cycle=534 time=4.164062e+00 dt=7.812500e-03
elapsed=2.748494e+02 cycle=535 time=4.171875e+00 dt=7.812500e-03
elapsed=2.758286e+02 cycle=536 time=4.179688e+00 dt=7.812500e-03
elapsed=2.767786e+02 cycle=537 time=4.187500e+00 dt=7.812500e-03
elapsed=2.777448e+02 cycle=538 time=4.195312e+00 dt=7.812500e-03
elapsed=2.788268e+02 cycle=539 time=4.203125e+00 dt=7.812500e-03
elapsed=2.797837e+02 cycle=540 time=4.210938e+00 dt=7.812500e-03
elapsed=2.809062e+02 cycle=541 time=4.218750e+00 dt=7.812500e-03
elapsed=2.818390e+02 cycle=542 time=4.226562e+00 dt=7.812500e-03
elapsed=2.827688e+02 cycle=543 time=4.234375e+00 dt=7.812500e-03
elapsed=2.836910e+02 cycle=544 time=4.242188e+00 dt=7.812500e-03
elapsed=2.846394e+02 cycle=545 time=4.250000e+00 dt=7.812500e-03
elapsed=2.856218e+02 cycle=546 time=4.257812e+00 dt=7.812500e-03
elapsed=2.865420e+02 cycle=547 time=4.265625e+00 dt=7.812500e-03
elapsed=2.874750e+02 cycle=548 time=4.273438e+00 dt=7.812500e-03
elapsed=2.884979e+02 cycle=549 time=4.281250e+00 dt=7.812500e-03
elapsed=2.894823e+02 cycle=550 time=4.289062e+00 dt=7.812500e-03
elapsed=2.904288e+02 cycle=551 time=4.296875e+00 dt=7.812500e-03
elapsed=2.913312e+02 cycle=552 time=4.304688e+00 dt=7.812500e-03
elapsed=2.922486e+02 cycle=553 time=4.312500e+00 dt=7.812500e-03
elapsed=2.932972e+02 cycle=554 time=4.320312e+00 dt=7.812500e-03
elapsed=2.942231e+02 cycle=555 time=4.328125e+00 dt=7.812500e-03
elapsed=2.952563e+02 cycle=556 time=4.335938e+00 dt=7.812500e-03
elapsed=2.962360e+02 cycle=557 time=4.343750e+00 dt=7.812500e-03
elapsed=2.971894e+02 cycle=558 time=4.351562e+00 dt=7.812500e-03
elapsed=2.981757e+02 cycle=559 time=4.359375e+00 dt=7.812500e-03
elapsed=2.991816e+02 cycle=560 time=4.367188e+00 dt=7.812500e-03
elapsed=3.001555e+02 cycle=561 time=4.375000e+00 dt=7.812500e-03
elapsed=3.012321e+02 cycle=562 time=4.382812e+00 dt=7.812500e-03
elapsed=3.021241e+02 cycle=563 time=4.390625e+00 dt=7.812500e-03
elapsed=3.030239e+02 cycle=564 time=4.398438e+00 dt=7.812500e-03
elapsed=3.039947e+02 cycle=565 time=4.406250e+00 dt=7.812500e-03
elapsed=3.049913e+02 cycle=566 time=4.414062e+00 dt=7.812500e-03
elapsed=3.059689e+02 cycle=567 time=4.421875e+00 dt=7.812500e-03
elapsed=3.069398e+02 cycle=568 time=4.429688e+00 dt=7.812500e-03
elapsed=3.079339e+02 cycle=569 time=4.437500e+00 dt=7.812500e-03
elapsed=3.089076e+02 cycle=570 time=4.445312e+00 dt=7.812500e-03
elapsed=3.099161e+02 cycle=571 time=4.453125e+00 dt=7.812500e-03
elapsed=3.109098e+02 cycle=572 time=4.460938e+00 dt=7.812500e-03
elapsed=3.118463e+02 cycle=573 time=4.468750e+00 dt=7.812500e-03
elapsed=3.128599e+02 cycle=574 time=4.476562e+00 dt=7.812500e-03
elapsed=3.138406e+02 cycle=575 time=4.484375e+00 dt=7.812500e-03
elapsed=3.147495e+02 cycle=576 time=4.492188e+00 dt=7.812500e-03
elapsed=3.156670e+02 cycle=577 time=4.500000e+00 dt=7.812500e-03
elapsed=3.165666e+02 cycle=578 time=4.507812e+00 dt=7.812500e-03
elapsed=3.174984e+02 cycle=579 time=4.515625e+00 dt=7.812500e-03
elapsed=3.185565e+02 cycle=580 time=4.523438e+00 dt=7.812500e-03
elapsed=3.195584e+02 cycle=581 time=4.531250e+00 dt=7.812500e-03
elapsed=3.205233e+02 cycle=582 time=4.539062e+00 dt=7.812500e-03
elapsed=3.214787e+02 cycle=583 time=4.546875e+00 dt=7.812500e-03
elapsed=3.223790e+02 cycle=584 time=4.554688e+00 dt=7.812500e-03
elapsed=3.233328e+02 cycle=585 time=4.562500e+00 dt=7.812500e-03
elapsed=3.243220e+02 cycle=586 time=4.570312e+00 dt=7.812500e-03
elapsed=3.252825e+02 cycle=587 time=4.578125e+00 dt=7.812500e-03
elapsed=3.263315e+02 cycle=588 time=4.585938e+00 dt=7.812500e-03
elapsed=3.272652e+02 cycle=589 time=4.593750e+00 dt=7.812500e-03
elapsed=3.282728e+02 cycle=590 time=4.601562e+00 dt=7.812500e-03
elapsed=3.292640e+02 cycle=591 time=4.609375e+00 dt=7.812500e-03
elapsed=3.302433e+02 cycle=592 time=4.617188e+00 dt=7.812500e-03
elapsed=3.312255e+02 cycle=593 time=4.625000e+00 dt=7.812500e-03
elapsed=3.321600e+02 cycle=594 time=4.632812e+00 dt=7.812500e-03
elapsed=3.330515e+02 cycle=595 time=4.640625e+00 dt=7.812500e-03
elapsed=3.339806e+02 cycle=596 time=4.648438e+00 dt=7.812500e-03
elapsed=3.348831e+02 cycle=597 time=4.656250e+00 dt=7.812500e-03
elapsed=3.358496e+02 cycle=598 time=4.664062e+00 dt=7.812500e-03
elapsed=3.368261e+02 cycle=599 time=4.671875e+00 dt=7.812500e-03
elapsed=3.378336e+02 cycle=600 time=4.679688e+00 dt=7.812500e-03
elapsed=3.388038e+02 cycle=601 time=4.687500e+00 dt=7.812500e-03
elapsed=3.397535e+02 cycle=602 time=4.695312e+00 dt=7.812500e-03
elapsed=3.407169e+02 cycle=603 time=4.703125e+00 dt=7.812500e-03
elapsed=3.416601e+02 cycle=604 time=4.710938e+00 dt=7.812500e-03
elapsed=3.426063e+02 cycle=605 time=4.718750e+00 dt=7.812500e-03
elapsed=3.435555e+02 cycle=606 time=4.726562e+00 dt=7.812500e-03
elapsed=3.444552e+02 cycle=607 time=4.734375e+00 dt=7.812500e-03
elapsed=3.454483e+02 cycle=608 time=4.742188e+00 dt=7.812500e-03
elapsed=3.463684e+02 cycle=609 time=4.750000e+00 dt=7.812500e-03
elapsed=3.472826e+02 cycle=610 time=4.757812e+00 dt=7.812500e-03
elapsed=3.482494e+02 cycle=611 time=4.765625e+00 dt=7.812500e-03
elapsed=3.493726e+02 cycle=612 time=4.773438e+00 dt=7.812500e-03
elapsed=3.502641e+02 cycle=613 time=4.781250e+00 dt=7.812500e-03
elapsed=3.512221e+02 cycle=614 time=4.789062e+00 dt=7.812500e-03
elapsed=3.521232e+02 cycle=615 time=4.796875e+00 dt=7.812500e-03
elapsed=3.530272e+02 cycle=616 time=4.804688e+00 dt=7.812500e-03
elapsed=3.540585e+02 cycle=617 time=4.812500e+00 dt=7.812500e-03
elapsed=3.549694e+02 cycle=618 time=4.820312e+00 dt=7.812500e-03
elapsed=3.559181e+02 cycle=619 time=4.828125e+00 dt=7.812500e-03
elapsed=3.568744e+02 cycle=620 time=4.835938e+00 dt=7.812500e-03
elapsed=3.578162e+02 cycle=621 time=4.843750e+00 dt=7.812500e-03
elapsed=3.588480e+02 cycle=622 time=4.851562e+00 dt=7.812500e-03
elapsed=3.598015e+02 cycle=623 time=4.859375e+00 dt=7.812500e-03
elapsed=3.607296e+02 cycle=624 time=4.867188e+00 dt=7.812500e-03
elapsed=3.616635e+02 cycle=625 time=4.875000e+00 dt=7.812500e-03
elapsed=3.626358e+02 cycle=626 time=4.882812e+00 dt=7.812500e-03
elapsed=3.636892e+02 cycle=627 time=4.890625e+00 dt=7.812500e-03
elapsed=3.645844e+02 cycle=628 time=4.898438e+00 dt=7.812500e-03
elapsed=3.655434e+02 cycle=629 time=4.906250e+00 dt=7.812500e-03
elapsed=3.665229e+02 cycle=630 time=4.914062e+00 dt=7.812500e-03
elapsed=3.675065e+02 cycle=631 time=4.921875e+00 dt=7.812500e-03
elapsed=3.685216e+02 cycle=632 time=4.929688e+00 dt=7.812500e-03
elapsed=3.694964e+02 cycle=633 time=4.937500e+00 dt=7.812500e-03
elapsed=3.704227e+02 cycle=634 time=4.945312e+00 dt=7.812500e-03
elapsed=3.713548e+02 cycle=635 time=4.953125e+00 dt=7.812500e-03
elapsed=3.723242e+02 cycle=636 time=4.960938e+00 dt=7.812500e-03
elapsed=3.733436e+02 cycle=637 time=4.968750e+00 dt=7.812500e-03
elapsed=3.743144e+02 cycle=638 time=4.976562e+00 dt=7.812500e-03
elapsed=3.752678e+02 cycle=639 time=4.984375e+00 dt=7.812500e-03
elapsed=3.761685e+02 cycle=640 time=4.992188e+00 dt=7.812500e-03
elapsed=3.772904e+02 cycle=641 time=5.000000e+00 dt=7.812500e-03

Terminating on time limit
time=5.000000e+00 cycle=641
tlim=5.000000e+00 nlim=-1

MeshBlock-cycles = 89088
cpu time used  = 3.763482e+02
zone-cycles/cpu_second = 1.211991e+05
particle-updates/cpu_second = 0.000000e+00
