
Root grid = 3 x 3 x 3 MeshBlocks
Total number of MeshBlocks = 384
Number of logical  levels of refinement = 6 (7 levels total)
Number of physical levels of refinement = 4 (5 levels total)
  Physical level = 1 (logical level = 3): 208 MeshBlocks, cost = 208
  Physical level = 2 (logical level = 4): 56 MeshBlocks, cost = 56
  Physical level = 3 (logical level = 5): 56 MeshBlocks, cost = 56
  Physical level = 4 (logical level = 6): 64 MeshBlocks, cost = 64
Number of parallel ranks = 1
AssembleZ4cTasks

Setup complete, executing task list(s)...

elapsed=1.603116e+00 cycle=195 time=1.000000e+00 dt=5.208333e-03
elapsed=3.468282e+00 cycle=196 time=1.005208e+00 dt=5.208333e-03
elapsed=5.255987e+00 cycle=197 time=1.010417e+00 dt=5.208333e-03
elapsed=7.147155e+00 cycle=198 time=1.015625e+00 dt=5.208333e-03
elapsed=9.083773e+00 cycle=199 time=1.020833e+00 dt=5.208333e-03
elapsed=1.084183e+01 cycle=200 time=1.026042e+00 dt=5.208333e-03
elapsed=1.264358e+01 cycle=201 time=1.031250e+00 dt=5.208333e-03
elapsed=1.442204e+01 cycle=202 time=1.036458e+00 dt=5.208333e-03
elapsed=1.614227e+01 cycle=203 time=1.041667e+00 dt=5.208333e-03
elapsed=1.785251e+01 cycle=204 time=1.046875e+00 dt=5.208333e-03
elapsed=1.965701e+01 cycle=205 time=1.052083e+00 dt=5.208333e-03
elapsed=2.141248e+01 cycle=206 time=1.057292e+00 dt=5.208333e-03
elapsed=2.311363e+01 cycle=207 time=1.062500e+00 dt=5.208333e-03
elapsed=2.479798e+01 cycle=208 time=1.067708e+00 dt=5.208333e-03
elapsed=2.650058e+01 cycle=209 time=1.072917e+00 dt=5.208333e-03
elapsed=2.833074e+01 cycle=210 time=1.078125e+00 dt=5.208333e-03
elapsed=3.017256e+01 cycle=211 time=1.083333e+00 dt=5.208333e-03
elapsed=3.202312e+01 cycle=212 time=1.088542e+00 dt=5.208333e-03
elapsed=3.371714e+01 cycle=213 time=1.093750e+00 dt=5.208333e-03
elapsed=3.544691e+01 cycle=214 time=1.098958e+00 dt=5.208333e-03
elapsed=3.722923e+01 cycle=215 time=1.104167e+00 dt=5.208333e-03
elapsed=3.901537e+01 cycle=216 time=1.109375e+00 dt=5.208333e-03
elapsed=4.082703e+01 cycle=217 time=1.114583e+00 dt=5.208333e-03
elapsed=4.264938e+01 cycle=218 time=1.119792e+00 dt=5.208333e-03
elapsed=4.449678e+01 cycle=219 time=1.125000e+00 dt=5.208333e-03
elapsed=4.634516e+01 cycle=220 time=1.130208e+00 dt=5.208333e-03
elapsed=4.821724e+01 cycle=221 time=1.135417e+00 dt=5.208333e-03
elapsed=4.992538e+01 cycle=222 time=1.140625e+00 dt=5.208333e-03
elapsed=5.168893e+01 cycle=223 time=1.145833e+00 dt=5.208333e-03
elapsed=5.346613e+01 cycle=224 time=1.151042e+00 dt=5.208333e-03
elapsed=5.512393e+01 cycle=225 time=1.156250e+00 dt=5.208333e-03
elapsed=5.682458e+01 cycle=226 time=1.161458e+00 dt=5.208333e-03
elapsed=5.858455e+01 cycle=227 time=1.166667e+00 dt=5.208333e-03
elapsed=6.039537e+01 cycle=228 time=1.171875e+00 dt=5.208333e-03
elapsed=6.211859e+01 cycle=229 time=1.177083e+00 dt=5.208333e-03
elapsed=6.392239e+01 cycle=230 time=1.182292e+00 dt=5.208333e-03
elapsed=6.574898e+01 cycle=231 time=1.187500e+00 dt=5.208333e-03
elapsed=6.759889e+01 cycle=232 time=1.192708e+00 dt=5.208333e-03
elapsed=6.940191e+01 cycle=233 time=1.197917e+00 dt=5.208333e-03
elapsed=7.123399e+01 cycle=234 time=1.203125e+00 dt=5.208333e-03
elapsed=7.307216e+01 cycle=235 time=1.208333e+00 dt=5.208333e-03
elapsed=7.484920e+01 cycle=236 time=1.213542e+00 dt=5.208333e-03
elapsed=7.665662e+01 cycle=237 time=1.218750e+00 dt=5.208333e-03
elapsed=7.842189e+01 cycle=238 time=1.223958e+00 dt=5.208333e-03
elapsed=8.024617e+01 cycle=239 time=1.229167e+00 dt=5.208333e-03
elapsed=8.201328e+01 cycle=240 time=1.234375e+00 dt=5.208333e-03
elapsed=8.382227e+01 cycle=241 time=1.239583e+00 dt=5.208333e-03
elapsed=8.560769e+01 cycle=242 time=1.244792e+00 dt=5.208333e-03
elapsed=8.746160e+01 cycle=243 time=1.250000e+00 dt=5.208333e-03
elapsed=8.935425e+01 cycle=244 time=1.255208e+00 dt=5.208333e-03
elapsed=9.113667e+01 cycle=245 time=1.260417e+00 dt=5.208333e-03
elapsed=9.298726e+01 cycle=246 time=1.265625e+00 dt=5.208333e-03
elapsed=9.484804e+01 cycle=247 time=1.270833e+00 dt=5.208333e-03
elapsed=9.658571e+01 cycle=248 time=1.276042e+00 dt=5.208333e-03
elapsed=9.831780e+01 cycle=249 time=1.281250e+00 dt=5.208333e-03
elapsed=1.000560e+02 cycle=250 time=1.286458e+00 dt=5.208333e-03
elapsed=1.018294e+02 cycle=251 time=1.291667e+00 dt=5.208333e-03
elapsed=1.035293e+02 cycle=252 time=1.296875e+00 dt=5.208333e-03
elapsed=1.053463e+02 cycle=253 time=1.302083e+00 dt=5.208333e-03
elapsed=1.070666e+02 cycle=254 time=1.307292e+00 dt=5.208333e-03
elapsed=1.088539e+02 cycle=255 time=1.312500e+00 dt=5.208333e-03
elapsed=1.106961e+02 cycle=256 time=1.317708e+00 dt=5.208333e-03
elapsed=1.124484e+02 cycle=257 time=1.322917e+00 dt=5.208333e-03
elapsed=1.141908e+02 cycle=258 time=1.328125e+00 dt=5.208333e-03
elapsed=1.159339e+02 cycle=259 time=1.333333e+00 dt=5.208333e-03
elapsed=1.177225e+02 cycle=260 time=1.338542e+00 dt=5.208333e-03
elapsed=1.194597e+02 cycle=261 time=1.343750e+00 dt=5.208333e-03
elapsed=1.213602e+02 cycle=262 time=1.348958e+00 dt=5.208333e-03
elapsed=1.231669e+02 cycle=263 time=1.354167e+00 dt=5.208333e-03
elapsed=1.249963e+02 cycle=264 time=1.359375e+00 dt=5.208333e-03
elapsed=1.268278e+02 cycle=265 time=1.364583e+00 dt=5.208333e-03
elapsed=1.287552e+02 cycle=266 time=1.369792e+00 dt=5.208333e-03
elapsed=1.305601e+02 cycle=267 time=1.375000e+00 dt=5.208333e-03
elapsed=1.323160e+02 cycle=268 time=1.380208e+00 dt=5.208333e-03
elapsed=1.341029e+02 cycle=269 time=1.385417e+00 dt=5.208333e-03
elapsed=1.357933e+02 cycle=270 time=1.390625e+00 dt=5.208333e-03
elapsed=1.375324e+02 cycle=271 time=1.395833e+00 dt=5.208333e-03
elapsed=1.393266e+02 cycle=272 time=1.401042e+00 dt=5.208333e-03
elapsed=1.410594e+02 cycle=273 time=1.406250e+00 dt=5.208333e-03
elapsed=1.429450e+02 cycle=274 time=1.411458e+00 dt=5.208333e-03
elapsed=1.446868e+02 cycle=275 time=1.416667e+00 dt=5.208333e-03
elapsed=1.465100e+02 cycle=276 time=1.421875e+00 dt=5.208333e-03
elapsed=1.482388e+02 cycle=277 time=1.427083e+00 dt=5.208333e-03
elapsed=1.500224e+02 cycle=278 time=1.432292e+00 dt=5.208333e-03
elapsed=1.518487e+02 cycle=279 time=1.437500e+00 dt=5.208333e-03
elapsed=1.536297e+02 cycle=280 time=1.442708e+00 dt=5.208333e-03
elapsed=1.554192e+02 cycle=281 time=1.447917e+00 dt=5.208333e-03
elapsed=1.572037e+02 cycle=282 time=1.453125e+00 dt=5.208333e-03
elapsed=1.590094e+02 cycle=283 time=1.458333e+00 dt=5.208333e-03
elapsed=1.607402e+02 cycle=284 time=1.463542e+00 dt=5.208333e-03
elapsed=1.625834e+02 cycle=285 time=1.468750e+00 dt=5.208333e-03
elapsed=1.644543e+02 cycle=286 time=1.473958e+00 dt=5.208333e-03
elapsed=1.662506e+02 cycle=287 time=1.479167e+00 dt=5.208333e-03
elapsed=1.678789e+02 cycle=288 time=1.484375e+00 dt=5.208333e-03
elapsed=1.697081e+02 cycle=289 time=1.489583e+00 dt=5.208333e-03
elapsed=1.715001e+02 cycle=290 time=1.494792e+00 dt=5.208333e-03
elapsed=1.733365e+02 cycle=291 time=1.500000e+00 dt=5.208333e-03
elapsed=1.749809e+02 cycle=292 time=1.505208e+00 dt=5.208333e-03
elapsed=1.767383e+02 cycle=293 time=1.510417e+00 dt=5.208333e-03
elapsed=1.783975e+02 cycle=294 time=1.515625e+00 dt=5.208333e-03
elapsed=1.800917e+02 cycle=295 time=1.520833e+00 dt=5.208333e-03
elapsed=1.818775e+02 cycle=296 time=1.526042e+00 dt=5.208333e-03
elapsed=1.837705e+02 cycle=297 time=1.531250e+00 dt=5.208333e-03
elapsed=1.856177e+02 cycle=298 time=1.536458e+00 dt=5.208333e-03
elapsed=1.873105e+02 cycle=299 time=1.541667e+00 dt=5.208333e-03
elapsed=1.891154e+02 cycle=300 time=1.546875e+00 dt=5.208333e-03
elapsed=1.908608e+02 cycle=301 time=1.552083e+00 dt=5.208333e-03
elapsed=1.925943e+02 cycle=302 time=1.557292e+00 dt=5.208333e-03
elapsed=1.942576e+02 cycle=303 time=1.562500e+00 dt=5.208333e-03
elapsed=1.959780e+02 cycle=304 time=1.567708e+00 dt=5.208333e-03
elapsed=1.976941e+02 cycle=305 time=1.572917e+00 dt=5.208333e-03
elapsed=1.995303e+02 cycle=306 time=1.578125e+00 dt=5.208333e-03
elapsed=2.012575e+02 cycle=307 time=1.583333e+00 dt=5.208333e-03
elapsed=2.030344e+02 cycle=308 time=1.588542e+00 dt=5.208333e-03
elapsed=2.047047e+02 cycle=309 time=1.593750e+00 dt=5.208333e-03
elapsed=2.064874e+02 cycle=310 time=1.598958e+00 dt=5.208333e-03
elapsed=2.082294e+02 cycle=311 time=1.604167e+00 dt=5.208333e-03
elapsed=2.099206e+02 cycle=312 time=1.609375e+00 dt=5.208333e-03
elapsed=2.117224e+02 cycle=313 time=1.614583e+00 dt=5.208333e-03
elapsed=2.135244e+02 cycle=314 time=1.619792e+00 dt=5.208333e-03
elapsed=2.152868e+02 cycle=315 time=1.625000e+00 dt=5.208333e-03
elapsed=2.169536e+02 cycle=316 time=1.630208e+00 dt=5.208333e-03
elapsed=2.187671e+02 cycle=317 time=1.635417e+00 dt=5.208333e-03
elapsed=2.205906e+02 cycle=318 time=1.640625e+00 dt=5.208333e-03
elapsed=2.223335e+02 cycle=319 time=1.645833e+00 dt=5.208333e-03
elapsed=2.240540e+02 cycle=320 time=1.651042e+00 dt=5.208333e-03
elapsed=2.258191e+02 cycle=321 time=1.656250e+00 dt=5.208333e-03
elapsed=2.276409e+02 cycle=322 time=1.661458e+00 dt=5.208333e-03
elapsed=2.293546e+02 cycle=323 time=1.666667e+00 dt=5.208333e-03
elapsed=2.311723e+02 cycle=324 time=1.671875e+00 dt=5.208333e-03
elapsed=2.328582e+02 cycle=325 time=1.677083e+00 dt=5.208333e-03
elapsed=2.347067e+02 cycle=326 time=1.682292e+00 dt=5.208333e-03
elapsed=2.365036e+02 cycle=327 time=1.687500e+00 dt=5.208333e-03
elapsed=2.382088e+02 cycle=328 time=1.692708e+00 dt=5.208333e-03
elapsed=2.399512e+02 cycle=329 time=1.697917e+00 dt=5.208333e-03
elapsed=2.417392e+02 cycle=330 time=1.703125e+00 dt=5.208333e-03
elapsed=2.435819e+02 cycle=331 time=1.708333e+00 dt=5.208333e-03
elapsed=2.453383e+02 cycle=332 time=1.713542e+00 dt=5.208333e-03
elapsed=2.470224e+02 cycle=333 time=1.718750e+00 dt=5.208333e-03
elapsed=2.487855e+02 cycle=334 time=1.723958e+00 dt=5.208333e-03
elapsed=2.505710e+02 cycle=335 time=1.729167e+00 dt=5.208333e-03
elapsed=2.523729e+02 cycle=336 time=1.734375e+00 dt=5.208333e-03
elapsed=2.541549e+02 cycle=337 time=1.739583e+00 dt=5.208333e-03
elapsed=2.558931e+02 cycle=338 time=1.744792e+00 dt=5.208333e-03
elapsed=2.576542e+02 cycle=339 time=1.750000e+00 dt=5.208333e-03
elapsed=2.594477e+02 cycle=340 time=1.755208e+00 dt=5.208333e-03
elapsed=2.611202e+02 cycle=341 time=1.760417e+00 dt=5.208333e-03
elapsed=2.629121e+02 cycle=342 time=1.765625e+00 dt=5.208333e-03
elapsed=2.646148e+02 cycle=343 time=1.770833e+00 dt=5.208333e-03
elapsed=2.664443e+02 cycle=344 time=1.776042e+00 dt=5.208333e-03
elapsed=2.681145e+02 cycle=345 time=1.781250e+00 dt=5.208333e-03
elapsed=2.698686e+02 cycle=346 time=1.786458e+00 dt=5.208333e-03
elapsed=2.716125e+02 cycle=347 time=1.791667e+00 dt=5.208333e-03
elapsed=2.734036e+02 cycle=348 time=1.796875e+00 dt=5.208333e-03
elapsed=2.751552e+02 cycle=349 time=1.802083e+00 dt=5.208333e-03
elapsed=2.769141e+02 cycle=350 time=1.807292e+00 dt=5.208333e-03
elapsed=2.785617e+02 cycle=351 time=1.812500e+00 dt=5.208333e-03
elapsed=2.803397e+02 cycle=352 time=1.817708e+00 dt=5.208333e-03
elapsed=2.820326e+02 cycle=353 time=1.822917e+00 dt=5.208333e-03
elapsed=2.838771e+02 cycle=354 time=1.828125e+00 dt=5.208333e-03
elapsed=2.856794e+02 cycle=355 time=1.833333e+00 dt=5.208333e-03
elapsed=2.875007e+02 cycle=356 time=1.838542e+00 dt=5.208333e-03
elapsed=2.893248e+02 cycle=357 time=1.843750e+00 dt=5.208333e-03
elapsed=2.911542e+02 cycle=358 time=1.848958e+00 dt=5.208333e-03
elapsed=2.929788e+02 cycle=359 time=1.854167e+00 dt=5.208333e-03
elapsed=2.948321e+02 cycle=360 time=1.859375e+00 dt=5.208333e-03
elapsed=2.966092e+02 cycle=361 time=1.864583e+00 dt=5.208333e-03
elapsed=2.982941e+02 cycle=362 time=1.869792e+00 dt=5.208333e-03
elapsed=3.000395e+02 cycle=363 time=1.875000e+00 dt=5.208333e-03
elapsed=3.017367e+02 cycle=364 time=1.880208e+00 dt=5.208333e-03
elapsed=3.034527e+02 cycle=365 time=1.885417e+00 dt=5.208333e-03
elapsed=3.051717e+02 cycle=366 time=1.890625e+00 dt=5.208333e-03
elapsed=3.069518e+02 cycle=367 time=1.895833e+00 dt=5.208333e-03
elapsed=3.086550e+02 cycle=368 time=1.901042e+00 dt=5.208333e-03
elapsed=3.103779e+02 cycle=369 time=1.906250e+00 dt=5.208333e-03
elapsed=3.121933e+02 cycle=370 time=1.911458e+00 dt=5.208333e-03
elapsed=3.140248e+02 cycle=371 time=1.916667e+00 dt=5.208333e-03
elapsed=3.158053e+02 cycle=372 time=1.921875e+00 dt=5.208333e-03
elapsed=3.175655e+02 cycle=373 time=1.927083e+00 dt=5.208333e-03
elapsed=3.193522e+02 cycle=374 time=1.932292e+00 dt=5.208333e-03
elapsed=3.211177e+02 cycle=375 time=1.937500e+00 dt=5.208333e-03
elapsed=3.230056e+02 cycle=376 time=1.942708e+00 dt=5.208333e-03
elapsed=3.247194e+02 cycle=377 time=1.947917e+00 dt=5.208333e-03
elapsed=3.264581e+02 cycle=378 time=1.953125e+00 dt=5.208333e-03
elapsed=3.282976e+02 cycle=379 time=1.958333e+00 dt=5.208333e-03
elapsed=3.300826e+02 cycle=380 time=1.963542e+00 dt=5.208333e-03
elapsed=3.318792e+02 cycle=381 time=1.968750e+00 dt=5.208333e-03
elapsed=3.336225e+02 cycle=382 time=1.973958e+00 dt=5.208333e-03
elapsed=3.354368e+02 cycle=383 time=1.979167e+00 dt=5.208333e-03
elapsed=3.372134e+02 cycle=384 time=1.984375e+00 dt=5.208333e-03
elapsed=3.390323e+02 cycle=385 time=1.989583e+00 dt=5.208333e-03
elapsed=3.407699e+02 cycle=386 time=1.994792e+00 dt=5.208333e-03
elapsed=3.425515e+02 cycle=387 time=2.000000e+00 dt=1.421085e-14
elapsed=3.446676e+02 cycle=388 time=2.000000e+00 dt=2.842171e-14

Terminating on time limit
time=2.000000e+00 cycle=388
tlim=2.000000e+00 nlim=-1

MeshBlock-cycles = 74112
cpu time used  = 3.430645e+02
zone-cycles/cpu_second = 1.106070e+05
particle-updates/cpu_second = 0.000000e+00
