
Root grid = 1 x 1 x 1 MeshBlocks
Total number of MeshBlocks = 1
Number of logical  levels of refinement = 0 (1 levels total)
Number of physical levels of refinement = 0 (1 levels total)
Number of parallel ranks = 1
### WARNING in /home/hzhu/Desktop/research/gr/athenak/src/parameter_input.cpp: input parameter <output2>/file_type = rst was not used by the code (check for a typo)

Setup complete, executing task list(s)...

elapsed=4.400678e-02 cycle=0 time=0.000000e+00 dt=1.681669e-02
elapsed=2.164684e-01 cycle=1 time=1.681669e-02 dt=1.681669e-02
elapsed=3.684295e-01 cycle=2 time=3.363339e-02 dt=1.681669e-02
elapsed=5.267833e-01 cycle=3 time=5.045007e-02 dt=1.681668e-02
elapsed=6.870143e-01 cycle=4 time=6.726675e-02 dt=1.681666e-02
elapsed=8.464360e-01 cycle=5 time=8.408341e-02 dt=1.681665e-02
elapsed=1.006076e+00 cycle=6 time=1.009001e-01 dt=1.681663e-02
elapsed=1.164680e+00 cycle=7 time=1.177167e-01 dt=1.681661e-02
elapsed=1.324444e+00 cycle=8 time=1.345333e-01 dt=1.681658e-02
elapsed=1.485226e+00 cycle=9 time=1.513499e-01 dt=1.681656e-02
elapsed=1.644637e+00 cycle=10 time=1.681664e-01 dt=1.681653e-02
elapsed=1.804340e+00 cycle=11 time=1.849830e-01 dt=1.681650e-02
elapsed=1.963783e+00 cycle=12 time=2.017995e-01 dt=1.681647e-02
elapsed=2.122970e+00 cycle=13 time=2.186159e-01 dt=1.681643e-02
elapsed=2.281674e+00 cycle=14 time=2.354324e-01 dt=1.681640e-02
elapsed=2.441547e+00 cycle=15 time=2.522488e-01 dt=1.681636e-02
elapsed=2.598491e+00 cycle=16 time=2.690651e-01 dt=1.681633e-02
elapsed=2.756836e+00 cycle=17 time=2.858814e-01 dt=1.681629e-02
elapsed=2.914283e+00 cycle=18 time=3.026977e-01 dt=1.681626e-02
elapsed=3.071564e+00 cycle=19 time=3.195140e-01 dt=1.681622e-02
elapsed=3.235257e+00 cycle=20 time=3.363302e-01 dt=1.681618e-02
elapsed=3.394368e+00 cycle=21 time=3.531464e-01 dt=1.681615e-02
elapsed=3.551712e+00 cycle=22 time=3.699625e-01 dt=1.681611e-02
elapsed=3.708472e+00 cycle=23 time=3.867787e-01 dt=1.681608e-02
elapsed=3.864753e+00 cycle=24 time=4.035947e-01 dt=1.681604e-02
elapsed=4.021882e+00 cycle=25 time=4.204108e-01 dt=1.681600e-02
elapsed=4.178772e+00 cycle=26 time=4.372268e-01 dt=1.681597e-02
elapsed=4.336572e+00 cycle=27 time=4.540428e-01 dt=1.681594e-02
elapsed=4.495470e+00 cycle=28 time=4.708587e-01 dt=1.681590e-02
elapsed=4.652821e+00 cycle=29 time=4.876746e-01 dt=1.681587e-02
elapsed=4.810103e+00 cycle=30 time=5.044905e-01 dt=1.681584e-02
elapsed=4.966756e+00 cycle=31 time=5.213063e-01 dt=1.681581e-02
elapsed=5.123646e+00 cycle=32 time=5.381221e-01 dt=1.681579e-02
elapsed=5.280389e+00 cycle=33 time=5.549379e-01 dt=1.681576e-02
elapsed=5.436890e+00 cycle=34 time=5.717537e-01 dt=1.681574e-02
elapsed=5.593717e+00 cycle=35 time=5.885694e-01 dt=1.681571e-02
elapsed=5.751130e+00 cycle=36 time=6.053851e-01 dt=1.681569e-02
elapsed=5.907753e+00 cycle=37 time=6.222008e-01 dt=1.681567e-02
elapsed=6.067274e+00 cycle=38 time=6.390165e-01 dt=1.681565e-02
elapsed=6.226040e+00 cycle=39 time=6.558321e-01 dt=1.681564e-02
elapsed=6.383967e+00 cycle=40 time=6.726478e-01 dt=1.681562e-02
elapsed=6.541174e+00 cycle=41 time=6.894634e-01 dt=1.681561e-02
elapsed=6.697460e+00 cycle=42 time=7.062790e-01 dt=1.681560e-02
elapsed=6.854374e+00 cycle=43 time=7.230946e-01 dt=1.681560e-02
elapsed=7.009866e+00 cycle=44 time=7.399102e-01 dt=1.681559e-02
elapsed=7.166099e+00 cycle=45 time=7.567258e-01 dt=1.681559e-02
elapsed=7.327972e+00 cycle=46 time=7.735414e-01 dt=1.681559e-02
elapsed=7.487207e+00 cycle=47 time=7.903570e-01 dt=1.681560e-02
elapsed=7.647385e+00 cycle=48 time=8.071726e-01 dt=1.681561e-02
elapsed=7.805092e+00 cycle=49 time=8.239882e-01 dt=1.681562e-02
elapsed=7.961963e+00 cycle=50 time=8.408038e-01 dt=1.681563e-02
elapsed=8.121125e+00 cycle=51 time=8.576194e-01 dt=1.681565e-02
elapsed=8.280564e+00 cycle=52 time=8.744351e-01 dt=1.681567e-02
elapsed=8.441221e+00 cycle=53 time=8.912508e-01 dt=1.681569e-02
elapsed=8.601566e+00 cycle=54 time=9.080665e-01 dt=1.681572e-02
elapsed=8.769224e+00 cycle=55 time=9.248822e-01 dt=1.681575e-02
elapsed=8.924537e+00 cycle=56 time=9.416979e-01 dt=1.681578e-02
elapsed=9.079937e+00 cycle=57 time=9.585137e-01 dt=1.681582e-02
elapsed=9.242634e+00 cycle=58 time=9.753295e-01 dt=1.681587e-02
elapsed=9.407749e+00 cycle=59 time=9.921454e-01 dt=1.681591e-02
elapsed=9.565379e+00 cycle=60 time=1.008961e+00 dt=1.681596e-02
elapsed=9.724738e+00 cycle=61 time=1.025777e+00 dt=1.681602e-02
elapsed=9.881260e+00 cycle=62 time=1.042593e+00 dt=1.681608e-02
elapsed=1.004086e+01 cycle=63 time=1.059409e+00 dt=1.681614e-02
elapsed=1.020049e+01 cycle=64 time=1.076226e+00 dt=1.681621e-02
elapsed=1.036350e+01 cycle=65 time=1.093042e+00 dt=1.681629e-02
elapsed=1.051939e+01 cycle=66 time=1.109858e+00 dt=1.681637e-02
elapsed=1.067981e+01 cycle=67 time=1.126674e+00 dt=1.681645e-02
elapsed=1.083924e+01 cycle=68 time=1.143491e+00 dt=1.681654e-02
elapsed=1.099765e+01 cycle=69 time=1.160307e+00 dt=1.681664e-02
elapsed=1.115582e+01 cycle=70 time=1.177124e+00 dt=1.681674e-02
elapsed=1.131324e+01 cycle=71 time=1.193941e+00 dt=1.681685e-02
elapsed=1.147013e+01 cycle=72 time=1.210758e+00 dt=1.681696e-02
elapsed=1.162674e+01 cycle=73 time=1.227575e+00 dt=1.681708e-02
elapsed=1.178371e+01 cycle=74 time=1.244392e+00 dt=1.681721e-02
elapsed=1.194164e+01 cycle=75 time=1.261209e+00 dt=1.681734e-02
elapsed=1.210253e+01 cycle=76 time=1.278026e+00 dt=1.681747e-02
elapsed=1.226863e+01 cycle=77 time=1.294844e+00 dt=1.681762e-02
elapsed=1.243839e+01 cycle=78 time=1.311661e+00 dt=1.681777e-02
elapsed=1.260816e+01 cycle=79 time=1.328479e+00 dt=1.681793e-02
elapsed=1.276810e+01 cycle=80 time=1.345297e+00 dt=1.681809e-02
elapsed=1.292771e+01 cycle=81 time=1.362115e+00 dt=1.681827e-02
elapsed=1.308652e+01 cycle=82 time=1.378933e+00 dt=1.681844e-02
elapsed=1.324452e+01 cycle=83 time=1.395752e+00 dt=1.681863e-02
elapsed=1.340182e+01 cycle=84 time=1.412570e+00 dt=1.681883e-02
elapsed=1.356526e+01 cycle=85 time=1.429389e+00 dt=1.681903e-02
elapsed=1.373102e+01 cycle=86 time=1.446208e+00 dt=1.681924e-02
elapsed=1.388994e+01 cycle=87 time=1.463028e+00 dt=1.681946e-02
elapsed=1.404823e+01 cycle=88 time=1.479847e+00 dt=1.681968e-02
elapsed=1.420906e+01 cycle=89 time=1.496667e+00 dt=1.681992e-02
elapsed=1.436787e+01 cycle=90 time=1.513487e+00 dt=1.682016e-02
elapsed=1.453641e+01 cycle=91 time=1.530307e+00 dt=1.682041e-02
elapsed=1.470022e+01 cycle=92 time=1.547127e+00 dt=1.682067e-02
elapsed=1.486429e+01 cycle=93 time=1.563948e+00 dt=1.682094e-02
elapsed=1.502560e+01 cycle=94 time=1.580769e+00 dt=1.682122e-02
elapsed=1.518693e+01 cycle=95 time=1.597590e+00 dt=1.682150e-02
elapsed=1.534872e+01 cycle=96 time=1.614411e+00 dt=1.682180e-02
elapsed=1.551091e+01 cycle=97 time=1.631233e+00 dt=1.682210e-02
elapsed=1.567300e+01 cycle=98 time=1.648055e+00 dt=1.682242e-02
elapsed=1.582947e+01 cycle=99 time=1.664878e+00 dt=1.682274e-02
elapsed=1.598691e+01 cycle=100 time=1.681701e+00 dt=1.682308e-02
elapsed=1.614512e+01 cycle=101 time=1.698524e+00 dt=1.682342e-02
elapsed=1.630220e+01 cycle=102 time=1.715347e+00 dt=1.682378e-02
elapsed=1.645945e+01 cycle=103 time=1.732171e+00 dt=1.682414e-02
elapsed=1.662278e+01 cycle=104 time=1.748995e+00 dt=1.682452e-02
elapsed=1.679840e+01 cycle=105 time=1.765819e+00 dt=1.682490e-02
elapsed=1.695605e+01 cycle=106 time=1.782644e+00 dt=1.682530e-02
elapsed=1.712098e+01 cycle=107 time=1.799470e+00 dt=1.682570e-02
elapsed=1.727827e+01 cycle=108 time=1.816295e+00 dt=1.682612e-02
elapsed=1.743540e+01 cycle=109 time=1.833121e+00 dt=1.682655e-02
elapsed=1.759941e+01 cycle=110 time=1.849948e+00 dt=1.682699e-02
elapsed=1.775681e+01 cycle=111 time=1.866775e+00 dt=1.682744e-02
elapsed=1.791471e+01 cycle=112 time=1.883602e+00 dt=1.682790e-02
elapsed=1.807425e+01 cycle=113 time=1.900430e+00 dt=1.682837e-02
elapsed=1.823337e+01 cycle=114 time=1.917259e+00 dt=1.682886e-02
elapsed=1.839280e+01 cycle=115 time=1.934088e+00 dt=1.682936e-02
elapsed=1.855463e+01 cycle=116 time=1.950917e+00 dt=1.682986e-02
elapsed=1.871794e+01 cycle=117 time=1.967747e+00 dt=1.683038e-02
elapsed=1.887551e+01 cycle=118 time=1.984577e+00 dt=1.683091e-02
elapsed=1.903370e+01 cycle=119 time=2.001408e+00 dt=1.683146e-02
elapsed=1.919520e+01 cycle=120 time=2.018240e+00 dt=1.683201e-02
elapsed=1.935602e+01 cycle=121 time=2.035072e+00 dt=1.683258e-02
elapsed=1.951688e+01 cycle=122 time=2.051904e+00 dt=1.683316e-02
elapsed=1.967857e+01 cycle=123 time=2.068737e+00 dt=1.683375e-02
elapsed=1.983765e+01 cycle=124 time=2.085571e+00 dt=1.683436e-02
elapsed=1.999551e+01 cycle=125 time=2.102405e+00 dt=1.683497e-02
elapsed=2.015394e+01 cycle=126 time=2.119240e+00 dt=1.683560e-02
elapsed=2.031156e+01 cycle=127 time=2.136076e+00 dt=1.683625e-02
elapsed=2.047150e+01 cycle=128 time=2.152912e+00 dt=1.683690e-02
elapsed=2.062958e+01 cycle=129 time=2.169749e+00 dt=1.683757e-02
elapsed=2.078747e+01 cycle=130 time=2.186587e+00 dt=1.683825e-02
elapsed=2.094520e+01 cycle=131 time=2.203425e+00 dt=1.683894e-02
elapsed=2.110307e+01 cycle=132 time=2.220264e+00 dt=1.683965e-02
elapsed=2.126048e+01 cycle=133 time=2.237104e+00 dt=1.684037e-02
elapsed=2.141852e+01 cycle=134 time=2.253944e+00 dt=1.684110e-02
elapsed=2.157697e+01 cycle=135 time=2.270785e+00 dt=1.684185e-02
elapsed=2.173607e+01 cycle=136 time=2.287627e+00 dt=1.684260e-02
elapsed=2.189589e+01 cycle=137 time=2.304469e+00 dt=1.684338e-02
elapsed=2.205937e+01 cycle=138 time=2.321313e+00 dt=1.684416e-02
elapsed=2.221936e+01 cycle=139 time=2.338157e+00 dt=1.684496e-02
elapsed=2.237668e+01 cycle=140 time=2.355002e+00 dt=1.684577e-02
elapsed=2.253423e+01 cycle=141 time=2.371848e+00 dt=1.684659e-02
elapsed=2.269241e+01 cycle=142 time=2.388694e+00 dt=1.684743e-02
elapsed=2.285346e+01 cycle=143 time=2.405542e+00 dt=1.684828e-02
elapsed=2.301497e+01 cycle=144 time=2.422390e+00 dt=1.684915e-02
elapsed=2.317594e+01 cycle=145 time=2.439239e+00 dt=1.685003e-02
elapsed=2.333307e+01 cycle=146 time=2.456089e+00 dt=1.685092e-02
elapsed=2.349121e+01 cycle=147 time=2.472940e+00 dt=1.685182e-02
elapsed=2.364920e+01 cycle=148 time=2.489792e+00 dt=1.685274e-02
elapsed=2.380941e+01 cycle=149 time=2.506645e+00 dt=1.685367e-02
elapsed=2.396838e+01 cycle=150 time=2.523498e+00 dt=1.685462e-02
elapsed=2.412832e+01 cycle=151 time=2.540353e+00 dt=1.685558e-02
elapsed=2.429143e+01 cycle=152 time=2.557209e+00 dt=1.685655e-02
elapsed=2.445264e+01 cycle=153 time=2.574065e+00 dt=1.685753e-02
elapsed=2.461640e+01 cycle=154 time=2.590923e+00 dt=1.685853e-02
elapsed=2.477410e+01 cycle=155 time=2.607781e+00 dt=1.685955e-02
elapsed=2.493276e+01 cycle=156 time=2.624641e+00 dt=1.686057e-02
elapsed=2.509133e+01 cycle=157 time=2.641501e+00 dt=1.686161e-02
elapsed=2.525047e+01 cycle=158 time=2.658363e+00 dt=1.686266e-02
elapsed=2.540790e+01 cycle=159 time=2.675226e+00 dt=1.686373e-02
elapsed=2.556533e+01 cycle=160 time=2.692089e+00 dt=1.686481e-02
elapsed=2.572342e+01 cycle=161 time=2.708954e+00 dt=1.686590e-02
elapsed=2.588468e+01 cycle=162 time=2.725820e+00 dt=1.686700e-02
elapsed=2.604555e+01 cycle=163 time=2.742687e+00 dt=1.686812e-02
elapsed=2.620565e+01 cycle=164 time=2.759555e+00 dt=1.686925e-02
elapsed=2.636567e+01 cycle=165 time=2.776424e+00 dt=1.687040e-02
elapsed=2.652839e+01 cycle=166 time=2.793295e+00 dt=1.687155e-02
elapsed=2.669090e+01 cycle=167 time=2.810166e+00 dt=1.687272e-02
elapsed=2.685462e+01 cycle=168 time=2.827039e+00 dt=1.687391e-02
elapsed=2.701525e+01 cycle=169 time=2.843913e+00 dt=1.687510e-02
elapsed=2.717614e+01 cycle=170 time=2.860788e+00 dt=1.687631e-02
elapsed=2.733281e+01 cycle=171 time=2.877664e+00 dt=1.687753e-02
elapsed=2.749025e+01 cycle=172 time=2.894542e+00 dt=1.687877e-02
elapsed=2.764839e+01 cycle=173 time=2.911421e+00 dt=1.688001e-02
elapsed=2.780717e+01 cycle=174 time=2.928301e+00 dt=1.688127e-02
elapsed=2.796613e+01 cycle=175 time=2.945182e+00 dt=1.688255e-02
elapsed=2.812445e+01 cycle=176 time=2.962065e+00 dt=1.688383e-02
elapsed=2.828482e+01 cycle=177 time=2.978948e+00 dt=1.688513e-02
elapsed=2.844373e+01 cycle=178 time=2.995833e+00 dt=1.688643e-02
elapsed=2.860314e+01 cycle=179 time=3.012720e+00 dt=1.688775e-02
elapsed=2.876427e+01 cycle=180 time=3.029608e+00 dt=1.688909e-02
elapsed=2.892247e+01 cycle=181 time=3.046497e+00 dt=1.689043e-02
elapsed=2.909058e+01 cycle=182 time=3.063387e+00 dt=1.689179e-02
elapsed=2.925571e+01 cycle=183 time=3.080279e+00 dt=1.689316e-02
elapsed=2.941513e+01 cycle=184 time=3.097172e+00 dt=1.689454e-02
elapsed=2.958426e+01 cycle=185 time=3.114067e+00 dt=1.689593e-02
elapsed=2.974661e+01 cycle=186 time=3.130963e+00 dt=1.689733e-02
elapsed=2.990801e+01 cycle=187 time=3.147860e+00 dt=1.689875e-02
elapsed=3.006926e+01 cycle=188 time=3.164759e+00 dt=1.690017e-02
elapsed=3.022707e+01 cycle=189 time=3.181659e+00 dt=1.690161e-02
elapsed=3.038512e+01 cycle=190 time=3.198560e+00 dt=1.690306e-02
elapsed=3.054546e+01 cycle=191 time=3.215464e+00 dt=1.690452e-02
elapsed=3.070460e+01 cycle=192 time=3.232368e+00 dt=1.690599e-02
elapsed=3.086263e+01 cycle=193 time=3.249274e+00 dt=1.690747e-02
elapsed=3.101963e+01 cycle=194 time=3.266181e+00 dt=1.690896e-02
elapsed=3.117786e+01 cycle=195 time=3.283090e+00 dt=1.691046e-02
elapsed=3.133594e+01 cycle=196 time=3.300001e+00 dt=1.691197e-02
elapsed=3.149387e+01 cycle=197 time=3.316913e+00 dt=1.691349e-02
elapsed=3.165130e+01 cycle=198 time=3.333826e+00 dt=1.691503e-02
elapsed=3.180918e+01 cycle=199 time=3.350741e+00 dt=1.691657e-02
elapsed=3.196638e+01 cycle=200 time=3.367658e+00 dt=1.691812e-02
elapsed=3.212462e+01 cycle=201 time=3.384576e+00 dt=1.691969e-02
elapsed=3.228349e+01 cycle=202 time=3.401496e+00 dt=1.692126e-02
elapsed=3.244351e+01 cycle=203 time=3.418417e+00 dt=1.692284e-02
elapsed=3.260539e+01 cycle=204 time=3.435340e+00 dt=1.692443e-02
elapsed=3.277030e+01 cycle=205 time=3.452264e+00 dt=1.692603e-02
elapsed=3.293057e+01 cycle=206 time=3.469190e+00 dt=1.692764e-02
elapsed=3.308968e+01 cycle=207 time=3.486118e+00 dt=1.692926e-02
elapsed=3.324865e+01 cycle=208 time=3.503047e+00 dt=1.693089e-02
elapsed=3.340717e+01 cycle=209 time=3.519978e+00 dt=1.693252e-02
elapsed=3.356887e+01 cycle=210 time=3.536911e+00 dt=1.693417e-02
elapsed=3.372868e+01 cycle=211 time=3.553845e+00 dt=1.693582e-02
elapsed=3.388816e+01 cycle=212 time=3.570781e+00 dt=1.693748e-02
elapsed=3.404718e+01 cycle=213 time=3.587718e+00 dt=1.693915e-02
elapsed=3.420943e+01 cycle=214 time=3.604657e+00 dt=1.694083e-02
elapsed=3.437134e+01 cycle=215 time=3.621598e+00 dt=1.694252e-02
elapsed=3.453094e+01 cycle=216 time=3.638541e+00 dt=1.694421e-02
elapsed=3.469046e+01 cycle=217 time=3.655485e+00 dt=1.694591e-02
elapsed=3.485045e+01 cycle=218 time=3.672431e+00 dt=1.694762e-02
elapsed=3.500881e+01 cycle=219 time=3.689378e+00 dt=1.694934e-02
elapsed=3.516736e+01 cycle=220 time=3.706328e+00 dt=1.695106e-02
elapsed=3.532337e+01 cycle=221 time=3.723279e+00 dt=1.695279e-02
elapsed=3.547946e+01 cycle=222 time=3.740232e+00 dt=1.695453e-02
elapsed=3.563623e+01 cycle=223 time=3.757186e+00 dt=1.695627e-02
elapsed=3.579442e+01 cycle=224 time=3.774142e+00 dt=1.695802e-02
elapsed=3.595351e+01 cycle=225 time=3.791100e+00 dt=1.695978e-02
elapsed=3.611457e+01 cycle=226 time=3.808060e+00 dt=1.696154e-02
elapsed=3.627641e+01 cycle=227 time=3.825022e+00 dt=1.696331e-02
elapsed=3.643660e+01 cycle=228 time=3.841985e+00 dt=1.696509e-02
elapsed=3.659731e+01 cycle=229 time=3.858950e+00 dt=1.696687e-02
elapsed=3.675730e+01 cycle=230 time=3.875917e+00 dt=1.696866e-02
elapsed=3.692094e+01 cycle=231 time=3.892886e+00 dt=1.697045e-02
elapsed=3.708145e+01 cycle=232 time=3.909856e+00 dt=1.697225e-02
elapsed=3.724183e+01 cycle=233 time=3.926828e+00 dt=1.697405e-02
elapsed=3.739865e+01 cycle=234 time=3.943802e+00 dt=1.697586e-02
elapsed=3.755683e+01 cycle=235 time=3.960778e+00 dt=1.697767e-02
elapsed=3.771652e+01 cycle=236 time=3.977756e+00 dt=1.697948e-02
elapsed=3.787686e+01 cycle=237 time=3.994735e+00 dt=1.698130e-02
elapsed=3.803556e+01 cycle=238 time=4.011717e+00 dt=1.698313e-02
elapsed=3.819462e+01 cycle=239 time=4.028700e+00 dt=1.698496e-02
elapsed=3.835238e+01 cycle=240 time=4.045685e+00 dt=1.698679e-02
elapsed=3.850970e+01 cycle=241 time=4.062672e+00 dt=1.698863e-02
elapsed=3.866716e+01 cycle=242 time=4.079660e+00 dt=1.699047e-02
elapsed=3.882434e+01 cycle=243 time=4.096651e+00 dt=1.699231e-02
elapsed=3.898120e+01 cycle=244 time=4.113643e+00 dt=1.699416e-02
elapsed=3.914007e+01 cycle=245 time=4.130637e+00 dt=1.699601e-02
elapsed=3.929828e+01 cycle=246 time=4.147633e+00 dt=1.699786e-02
elapsed=3.945550e+01 cycle=247 time=4.164631e+00 dt=1.699971e-02
elapsed=3.961201e+01 cycle=248 time=4.181631e+00 dt=1.700157e-02
elapsed=3.976845e+01 cycle=249 time=4.198632e+00 dt=1.700343e-02
elapsed=3.992757e+01 cycle=250 time=4.215636e+00 dt=1.700529e-02
elapsed=4.009462e+01 cycle=251 time=4.232641e+00 dt=1.700715e-02
elapsed=4.025760e+01 cycle=252 time=4.249648e+00 dt=1.700902e-02
elapsed=4.041847e+01 cycle=253 time=4.266657e+00 dt=1.701088e-02
elapsed=4.057699e+01 cycle=254 time=4.283668e+00 dt=1.701275e-02
elapsed=4.073476e+01 cycle=255 time=4.300681e+00 dt=1.701462e-02
elapsed=4.089454e+01 cycle=256 time=4.317695e+00 dt=1.701648e-02
elapsed=4.105272e+01 cycle=257 time=4.334712e+00 dt=1.701835e-02
elapsed=4.121061e+01 cycle=258 time=4.351730e+00 dt=1.702022e-02
elapsed=4.136764e+01 cycle=259 time=4.368751e+00 dt=1.702209e-02
elapsed=4.152534e+01 cycle=260 time=4.385773e+00 dt=1.702396e-02
elapsed=4.168260e+01 cycle=261 time=4.402797e+00 dt=1.702583e-02
elapsed=4.183934e+01 cycle=262 time=4.419822e+00 dt=1.702769e-02
elapsed=4.199564e+01 cycle=263 time=4.436850e+00 dt=1.702956e-02
elapsed=4.215204e+01 cycle=264 time=4.453880e+00 dt=1.703142e-02
elapsed=4.230729e+01 cycle=265 time=4.470911e+00 dt=1.703329e-02
elapsed=4.246214e+01 cycle=266 time=4.487944e+00 dt=1.703515e-02
elapsed=4.261741e+01 cycle=267 time=4.504979e+00 dt=1.703701e-02
elapsed=4.277142e+01 cycle=268 time=4.522016e+00 dt=1.703886e-02
elapsed=4.292670e+01 cycle=269 time=4.539055e+00 dt=1.704072e-02
elapsed=4.308163e+01 cycle=270 time=4.556096e+00 dt=1.704257e-02
elapsed=4.323691e+01 cycle=271 time=4.573139e+00 dt=1.704442e-02
elapsed=4.339248e+01 cycle=272 time=4.590183e+00 dt=1.704627e-02
elapsed=4.354756e+01 cycle=273 time=4.607229e+00 dt=1.704811e-02
elapsed=4.370419e+01 cycle=274 time=4.624277e+00 dt=1.704994e-02
elapsed=4.386009e+01 cycle=275 time=4.641327e+00 dt=1.705178e-02
elapsed=4.401712e+01 cycle=276 time=4.658379e+00 dt=1.705361e-02
elapsed=4.417238e+01 cycle=277 time=4.675433e+00 dt=1.705543e-02
elapsed=4.432876e+01 cycle=278 time=4.692488e+00 dt=1.705725e-02
elapsed=4.448425e+01 cycle=279 time=4.709545e+00 dt=1.705906e-02
elapsed=4.463934e+01 cycle=280 time=4.726605e+00 dt=1.706087e-02
elapsed=4.479701e+01 cycle=281 time=4.743665e+00 dt=1.706267e-02
elapsed=4.495609e+01 cycle=282 time=4.760728e+00 dt=1.706446e-02
elapsed=4.511426e+01 cycle=283 time=4.777793e+00 dt=1.706625e-02
elapsed=4.529342e+01 cycle=284 time=4.794859e+00 dt=1.706803e-02
elapsed=4.547135e+01 cycle=285 time=4.811927e+00 dt=1.706980e-02
elapsed=4.563154e+01 cycle=286 time=4.828997e+00 dt=1.707157e-02
elapsed=4.579140e+01 cycle=287 time=4.846068e+00 dt=1.707332e-02
elapsed=4.594694e+01 cycle=288 time=4.863141e+00 dt=1.707507e-02
elapsed=4.610381e+01 cycle=289 time=4.880217e+00 dt=1.707680e-02
elapsed=4.626258e+01 cycle=290 time=4.897293e+00 dt=1.707853e-02
elapsed=4.642082e+01 cycle=291 time=4.914372e+00 dt=1.708024e-02
elapsed=4.658348e+01 cycle=292 time=4.931452e+00 dt=1.708195e-02
elapsed=4.674197e+01 cycle=293 time=4.948534e+00 dt=1.708364e-02
elapsed=4.690565e+01 cycle=294 time=4.965618e+00 dt=1.708532e-02
elapsed=4.706660e+01 cycle=295 time=4.982703e+00 dt=1.708699e-02
elapsed=4.722384e+01 cycle=296 time=4.999790e+00 dt=2.099725e-04
FO-GH puncture boundedness passed: rmin=4.330127e-01, state max=1.126443e+00, near RHS max=5.326041e-01, ADM adapter error=0.000000e+00
elapsed=4.742186e+01 cycle=297 time=5.000000e+00 dt=4.199449e-04

Terminating on time limit
time=5.000000e+00 cycle=297
tlim=5.000000e+00 nlim=-1

MeshBlock-cycles = 297
cpu time used  = 4.737786e+01
zone-cycles/cpu_second = 2.567680e+04
particle-updates/cpu_second = 0.000000e+00
