### WARNING in /lus/flare/projects/MHDTidal/hzhu/tde_1e4_solar_review/puncture-source-bd1d7e29/src/mesh/load_balance.cpp at line 115
Number of MeshBlocks cannot be divided evenly by number of MPI ranks. This will result in poor load balancing.

Root grid = 2 x 2 x 2 MeshBlocks
Total number of MeshBlocks = 1268
Number of logical  levels of refinement = 9 (10 levels total)
Number of physical levels of refinement = 8 (9 levels total)
  Physical level = 1 (logical level = 2): 48 MeshBlocks, cost = 48
  Physical level = 2 (logical level = 3): 108 MeshBlocks, cost = 108
  Physical level = 3 (logical level = 4): 134 MeshBlocks, cost = 134
  Physical level = 4 (logical level = 5): 182 MeshBlocks, cost = 182
  Physical level = 5 (logical level = 6): 176 MeshBlocks, cost = 176
  Physical level = 6 (logical level = 7): 212 MeshBlocks, cost = 212
  Physical level = 7 (logical level = 8): 344 MeshBlocks, cost = 344
  Physical level = 8 (logical level = 9): 64 MeshBlocks, cost = 64
Number of parallel ranks = 12
  Rank = 0: 105 MeshBlocks, cost = 105
  Rank = 1: 105 MeshBlocks, cost = 105
  Rank = 2: 105 MeshBlocks, cost = 105
  Rank = 3: 105 MeshBlocks, cost = 105
  Rank = 4: 106 MeshBlocks, cost = 106
  Rank = 5: 106 MeshBlocks, cost = 106
  Rank = 6: 106 MeshBlocks, cost = 106
  Rank = 7: 106 MeshBlocks, cost = 106
  Rank = 8: 106 MeshBlocks, cost = 106
  Rank = 9: 106 MeshBlocks, cost = 106
  Rank = 10: 106 MeshBlocks, cost = 106
  Rank = 11: 106 MeshBlocks, cost = 106
Load Balancing:
  Maximum normalized cost = 1.00952, Average = 1.00635
AssembleZ4cTasks
PUNCTURE_BACKGROUND stationary R0=M=1 trumpet, R=r+1, horizon_r=1. Not the stationary standard 1+log trumpet.
OUTER_SPONGE enabled=0 geometry=face width=2 rate=5
PUNCTURE_RESOLUTION horizon_r=1 dx_current=0.125 diameter_cells=16 interior_layer=none

TOV INITIAL DATA
----------------
Total points in buffer: 200000
Radial step: 5e-05
Radius (Schwarzschild): 2.356
Radius (Isotropic): 2.35599
Mass: 4.99989e-06

Z4C_EXT_HMAX time=0 H=0.000133073 x=-0.0625 y=-0.0625 z=-1.0625 r_bh=1.06617

Setup complete, executing task list(s)...

elapsed=1.531633e+00 cycle=0 time=0.000000e+00 dt=3.750000e-02
Z4C_CHARACTERISTIC_CPBC time=0.000000e+00 cycle=0 source=zero_rate incoming_modes=10 boundary_blocks_max=22,10,8 gauge=2.582359e-09 constraint=4.078273e-09 radiation=1.057211e-10 outgoing_gauge=2.089868e-09 outgoing_constraint=4.078273e-09 outgoing_radiation=1.078918e-10 enforcement=4.409669e-25 correction=1.445236e-09 shift_ratio=4.023886e-03 diagnostic_kernel_seconds=2.246379e-02 performance_valid=0 kernel_seconds=0.000000e+00 volume_rhs_seconds=0.000000e+00 kernel_fraction=0.000000e+00
AssembleZ4cTasks
Z4C_EXT_HMAX time=1.0125 H=0.000133037 x=-0.0625 y=0.0625 z=-1.0625 r_bh=1.06617
Z4C_EXT_HMAX time=2.025000e+00 H=1.330353e-04 x=-6.250000e-02 y=-1.062500e+00 z=-6.250000e-02 r_bh=1.066170e+00
Z4C_EXT_HMAX time=3.000000e+00 H=1.330279e-04 x=-6.250000e-02 y=-1.062500e+00 z=-6.250000e-02 r_bh=1.066170e+00
elapsed=7.280539e+01 cycle=100 time=3.750000e+00 dt=3.750000e-02
AssembleZ4cTasks
Z4C_EXT_HMAX time=4.0125 H=0.00013302 x=1.0625 y=-0.0625 z=0.0625 r_bh=1.06617
AssembleZ4cTasks
Z4C_EXT_HMAX time=5.025 H=0.000133014 x=1.0625 y=-0.0625 z=-0.0625 r_bh=1.06617
Z4C_EXT_HMAX time=6 H=0.000133009 x=1.0625 y=-0.0625 z=-0.0625 r_bh=1.06617
Z4C_EXT_HMAX time=7.0125 H=0.000133003 x=1.0625 y=-0.0625 z=0.0625 r_bh=1.06617
elapsed=1.497557e+02 cycle=200 time=7.500000e+00 dt=3.750000e-02
Z4C_EXT_HMAX time=8.025 H=0.000132997 x=1.0625 y=-0.0625 z=-0.0625 r_bh=1.06617
Z4C_EXT_HMAX time=9 H=0.000132992 x=1.0625 y=-0.0625 z=-0.0625 r_bh=1.06617
Z4C_EXT_HMAX time=10.0125 H=0.000132987 x=1.0625 y=-0.0625 z=-0.0625 r_bh=1.06617
Z4C_EXT_HMAX time=11.025 H=0.000132982 x=0.0625 y=-1.0625 z=0.0625 r_bh=1.06617
elapsed=2.368580e+02 cycle=300 time=1.125000e+01 dt=3.750000e-02
Z4C_EXT_HMAX time=12 H=0.000132979 x=0.0625 y=-1.0625 z=0.0625 r_bh=1.06617
Z4C_EXT_HMAX time=1.301250e+01 H=1.329759e-04 x=6.250000e-02 y=-1.062500e+00 z=-6.250000e-02 r_bh=1.066170e+00
Z4C_EXT_HMAX time=14.025 H=0.000132974 x=0.0625 y=-1.0625 z=0.0625 r_bh=1.06617
Z4C_EXT_HMAX time=15 H=0.000132972 x=0.0625 y=-1.0625 z=0.0625 r_bh=1.06617
elapsed=3.339230e+02 cycle=400 time=1.500000e+01 dt=3.750000e-02
Z4C_EXT_HMAX time=16.0125 H=0.000132971 x=-1.0625 y=-0.0625 z=0.0625 r_bh=1.06617
Z4C_EXT_HMAX time=17.025 H=0.00013297 x=-1.0625 y=-0.0625 z=0.0625 r_bh=1.06617
Z4C_EXT_HMAX time=1.800000e+01 H=1.329703e-04 x=-1.062500e+00 y=-6.250000e-02 z=-6.250000e-02 r_bh=1.066170e+00
elapsed=4.381863e+02 cycle=500 time=1.875000e+01 dt=3.750000e-02
Z4C_EXT_HMAX time=1.901250e+01 H=1.329704e-04 x=-1.062500e+00 y=-6.250000e-02 z=-6.250000e-02 r_bh=1.066170e+00
Z4C_EXT_HMAX time=20.025 H=0.000132971 x=-1.0625 y=-0.0625 z=0.0625 r_bh=1.06617
Z4C_EXT_HMAX time=2.100000e+01 H=1.329710e-04 x=-1.062500e+00 y=-6.250000e-02 z=-6.250000e-02 r_bh=1.066170e+00
Z4C_EXT_HMAX time=2.201250e+01 H=1.329715e-04 x=-1.062500e+00 y=-6.250000e-02 z=-6.250000e-02 r_bh=1.066170e+00
elapsed=5.488966e+02 cycle=600 time=2.250000e+01 dt=3.750000e-02
Z4C_EXT_HMAX time=23.025 H=0.000132972 x=-1.0625 y=-0.0625 z=0.0625 r_bh=1.06617
Z4C_EXT_HMAX time=2.400000e+01 H=1.329728e-04 x=-1.062500e+00 y=-6.250000e-02 z=-6.250000e-02 r_bh=1.066170e+00
Z4C_EXT_HMAX time=25.0125 H=0.000132974 x=-1.0625 y=-0.0625 z=0.0625 r_bh=1.06617
Z4C_EXT_HMAX time=26.025 H=0.000132974 x=-1.0625 y=-0.0625 z=0.0625 r_bh=1.06617
elapsed=6.641162e+02 cycle=700 time=2.625000e+01 dt=3.750000e-02
Z4C_EXT_HMAX time=27 H=0.000132975 x=-1.0625 y=-0.0625 z=0.0625 r_bh=1.06617
Z4C_EXT_HMAX time=2.801250e+01 H=1.329756e-04 x=-1.062500e+00 y=-6.250000e-02 z=-6.250000e-02 r_bh=1.066170e+00
Z4C_EXT_HMAX time=2.902500e+01 H=1.329763e-04 x=-1.062500e+00 y=-6.250000e-02 z=-6.250000e-02 r_bh=1.066170e+00
Z4C_EXT_HMAX time=3.000000e+01 H=1.329769e-04 x=-1.062500e+00 y=-6.250000e-02 z=-6.250000e-02 r_bh=1.066170e+00
elapsed=7.847461e+02 cycle=800 time=3.000000e+01 dt=3.750000e-02
Z4C_EXT_HMAX time=3.101250e+01 H=1.329775e-04 x=-1.062500e+00 y=-6.250000e-02 z=-6.250000e-02 r_bh=1.066170e+00
Z4C_EXT_HMAX time=32.025 H=0.000132978 x=-1.0625 y=-0.0625 z=0.0625 r_bh=1.06617
Z4C_EXT_HMAX time=33 H=0.000132979 x=-1.0625 y=-0.0625 z=0.0625 r_bh=1.06617
elapsed=9.097445e+02 cycle=900 time=3.375000e+01 dt=3.750000e-02
Z4C_EXT_HMAX time=34.0125 H=0.000132979 x=-1.0625 y=-0.0625 z=0.0625 r_bh=1.06617
Z4C_EXT_HMAX time=3.502500e+01 H=1.329797e-04 x=-1.062500e+00 y=-6.250000e-02 z=-6.250000e-02 r_bh=1.066170e+00
Z4C_EXT_HMAX time=36 H=0.00013298 x=-1.0625 y=-0.0625 z=0.0625 r_bh=1.06617
Z4C_EXT_HMAX time=37.0125 H=0.000132981 x=-1.0625 y=-0.0625 z=0.0625 r_bh=1.06617
elapsed=1.040159e+03 cycle=1000 time=3.750000e+01 dt=3.750000e-02
Z4C_EXT_HMAX time=3.802500e+01 H=1.329813e-04 x=-1.062500e+00 y=-6.250000e-02 z=-6.250000e-02 r_bh=1.066170e+00
Z4C_EXT_HMAX time=39 H=0.000132982 x=-1.0625 y=-0.0625 z=0.0625 r_bh=1.06617
Z4C_EXT_HMAX time=4.001250e+01 H=1.329824e-04 x=-1.062500e+00 y=-6.250000e-02 z=-6.250000e-02 r_bh=1.066170e+00
Z4C_EXT_HMAX time=4.102500e+01 H=1.329830e-04 x=-1.062500e+00 y=-6.250000e-02 z=-6.250000e-02 r_bh=1.066170e+00
elapsed=1.174113e+03 cycle=1100 time=4.125000e+01 dt=3.750000e-02
Z4C_EXT_HMAX time=42 H=0.000132984 x=-1.0625 y=-0.0625 z=0.0625 r_bh=1.06617
Z4C_EXT_HMAX time=4.301250e+01 H=1.329842e-04 x=-1.062500e+00 y=-6.250000e-02 z=-6.250000e-02 r_bh=1.066170e+00
Z4C_EXT_HMAX time=4.402500e+01 H=1.329848e-04 x=-1.062500e+00 y=-6.250000e-02 z=-6.250000e-02 r_bh=1.066170e+00
Z4C_EXT_HMAX time=45 H=0.000132985 x=-1.0625 y=-0.0625 z=0.0625 r_bh=1.06617
elapsed=1.311808e+03 cycle=1200 time=4.500000e+01 dt=3.750000e-02
Z4C_EXT_HMAX time=46.0125 H=0.000132986 x=-1.0625 y=-0.0625 z=0.0625 r_bh=1.06617
Z4C_EXT_HMAX time=47.025 H=0.000132987 x=-1.0625 y=-0.0625 z=0.0625 r_bh=1.06617
Z4C_EXT_HMAX time=4.800000e+01 H=1.329874e-04 x=-1.062500e+00 y=-6.250000e-02 z=-6.250000e-02 r_bh=1.066170e+00
elapsed=1.454357e+03 cycle=1300 time=4.875000e+01 dt=3.750000e-02
Z4C_EXT_HMAX time=49.0125 H=0.000132988 x=-1.0625 y=-0.0625 z=0.0625 r_bh=1.06617
Z4C_EXT_HMAX time=50.025 H=0.000132989 x=-1.0625 y=-0.0625 z=0.0625 r_bh=1.06617
Z4C_EXT_HMAX time=51 H=0.00013299 x=-1.0625 y=-0.0625 z=0.0625 r_bh=1.06617
Z4C_EXT_HMAX time=5.201250e+01 H=1.329903e-04 x=-1.062500e+00 y=-6.250000e-02 z=-6.250000e-02 r_bh=1.066170e+00
elapsed=1.601701e+03 cycle=1400 time=5.250000e+01 dt=3.750000e-02
Z4C_EXT_HMAX time=53.025 H=0.000132991 x=-1.0625 y=-0.0625 z=0.0625 r_bh=1.06617
Z4C_EXT_HMAX time=54 H=0.000132992 x=-1.0625 y=-0.0625 z=0.0625 r_bh=1.06617
Z4C_EXT_HMAX time=5.501250e+01 H=1.329927e-04 x=-1.062500e+00 y=-6.250000e-02 z=-6.250000e-02 r_bh=1.066170e+00
Z4C_EXT_HMAX time=5.602500e+01 H=1.329935e-04 x=-1.062500e+00 y=-6.250000e-02 z=-6.250000e-02 r_bh=1.066170e+00
elapsed=1.753715e+03 cycle=1500 time=5.625000e+01 dt=3.750000e-02
Z4C_EXT_HMAX time=5.700000e+01 H=1.329943e-04 x=-1.062500e+00 y=-6.250000e-02 z=-6.250000e-02 r_bh=1.066170e+00
Z4C_EXT_HMAX time=58.0125 H=0.000132995 x=-1.0625 y=-0.0625 z=0.0625 r_bh=1.06617
Z4C_EXT_HMAX time=59.025 H=0.000132996 x=-1.0625 y=-0.0625 z=0.0625 r_bh=1.06617
Z4C_EXT_HMAX time=6.000000e+01 H=1.329970e-04 x=-1.062500e+00 y=-6.250000e-02 z=-6.250000e-02 r_bh=1.066170e+00
elapsed=1.911507e+03 cycle=1600 time=6.000000e+01 dt=3.750000e-02
Z4C_EXT_HMAX time=61.0125 H=0.000132998 x=-1.0625 y=-0.0625 z=0.0625 r_bh=1.06617
Z4C_EXT_HMAX time=62.025 H=0.000132999 x=-1.0625 y=-0.0625 z=0.0625 r_bh=1.06617
Z4C_EXT_HMAX time=63 H=0.000133 x=-1.0625 y=-0.0625 z=0.0625 r_bh=1.06617
elapsed=2.072658e+03 cycle=1700 time=6.375000e+01 dt=3.750000e-02
Z4C_EXT_HMAX time=64.0125 H=0.000133001 x=-1.0625 y=-0.0625 z=0.0625 r_bh=1.06617
Z4C_EXT_HMAX time=65.025 H=0.000133002 x=-1.0625 y=-0.0625 z=0.0625 r_bh=1.06617
Z4C_EXT_HMAX time=6.600000e+01 H=1.330028e-04 x=-1.062500e+00 y=-6.250000e-02 z=-6.250000e-02 r_bh=1.066170e+00
Z4C_EXT_HMAX time=67.0125 H=0.000133004 x=-1.0625 y=-0.0625 z=0.0625 r_bh=1.06617
elapsed=2.239935e+03 cycle=1800 time=6.750000e+01 dt=3.750000e-02
Z4C_EXT_HMAX time=68.025 H=0.000133005 x=-1.0625 y=-0.0625 z=0.0625 r_bh=1.06617
Z4C_EXT_HMAX time=6.900000e+01 H=1.330060e-04 x=-1.062500e+00 y=-6.250000e-02 z=-6.250000e-02 r_bh=1.066170e+00
Z4C_EXT_HMAX time=7.001250e+01 H=1.330071e-04 x=-1.062500e+00 y=-6.250000e-02 z=-6.250000e-02 r_bh=1.066170e+00
Z4C_EXT_HMAX time=7.102500e+01 H=1.330082e-04 x=-1.062500e+00 y=-6.250000e-02 z=-6.250000e-02 r_bh=1.066170e+00
elapsed=2.411550e+03 cycle=1900 time=7.125000e+01 dt=3.750000e-02
Z4C_EXT_HMAX time=72 H=0.000133009 x=-1.0625 y=-0.0625 z=0.0625 r_bh=1.06617
Z4C_EXT_HMAX time=73.0125 H=0.00013301 x=-1.0625 y=-0.0625 z=0.0625 r_bh=1.06617
Z4C_EXT_HMAX time=74.025 H=0.000133012 x=-1.0625 y=-0.0625 z=0.0625 r_bh=1.06617
Z4C_EXT_HMAX time=7.500000e+01 H=1.330127e-04 x=-1.062500e+00 y=-6.250000e-02 z=-6.250000e-02 r_bh=1.066170e+00
elapsed=2.588427e+03 cycle=2000 time=7.500000e+01 dt=3.750000e-02
Z4C_EXT_HMAX time=7.601250e+01 H=1.330139e-04 x=-1.062500e+00 y=-6.250000e-02 z=-6.250000e-02 r_bh=1.066170e+00
Z4C_EXT_HMAX time=7.702500e+01 H=1.330152e-04 x=-1.062500e+00 y=-6.250000e-02 z=-6.250000e-02 r_bh=1.066170e+00
Z4C_EXT_HMAX time=7.800000e+01 H=1.330163e-04 x=-1.062500e+00 y=-6.250000e-02 z=-6.250000e-02 r_bh=1.066170e+00
elapsed=2.770196e+03 cycle=2100 time=7.875000e+01 dt=3.750000e-02
Z4C_EXT_HMAX time=7.901250e+01 H=1.330176e-04 x=-1.062500e+00 y=-6.250000e-02 z=-6.250000e-02 r_bh=1.066170e+00
Z4C_EXT_HMAX time=8.002500e+01 H=1.330189e-04 x=-1.062500e+00 y=-6.250000e-02 z=-6.250000e-02 r_bh=1.066170e+00
Z4C_EXT_HMAX time=81 H=0.00013302 x=-1.0625 y=-0.0625 z=0.0625 r_bh=1.06617
Z4C_EXT_HMAX time=8.201250e+01 H=1.330214e-04 x=-1.062500e+00 y=-6.250000e-02 z=-6.250000e-02 r_bh=1.066170e+00
elapsed=2.957274e+03 cycle=2200 time=8.250000e+01 dt=3.750000e-02
Z4C_EXT_HMAX time=83.025 H=0.000133023 x=-1.0625 y=-0.0625 z=0.0625 r_bh=1.06617
Z4C_EXT_HMAX time=8.400000e+01 H=1.330240e-04 x=-1.062500e+00 y=-6.250000e-02 z=-6.250000e-02 r_bh=1.066170e+00
Z4C_EXT_HMAX time=8.501250e+01 H=1.330253e-04 x=-1.062500e+00 y=-6.250000e-02 z=-6.250000e-02 r_bh=1.066170e+00
Z4C_EXT_HMAX time=8.602500e+01 H=1.330267e-04 x=-1.062500e+00 y=-6.250000e-02 z=-6.250000e-02 r_bh=1.066170e+00
elapsed=3.150413e+03 cycle=2300 time=8.625000e+01 dt=3.750000e-02
Z4C_EXT_HMAX time=87 H=0.000133028 x=-1.0625 y=-0.0625 z=0.0625 r_bh=1.06617
Z4C_EXT_HMAX time=8.801250e+01 H=1.330294e-04 x=-1.062500e+00 y=-6.250000e-02 z=-6.250000e-02 r_bh=1.066170e+00
Z4C_EXT_HMAX time=89.025 H=0.000133031 x=-1.0625 y=-0.0625 z=0.0625 r_bh=1.06617
Z4C_EXT_HMAX time=89.1 H=0.000133031 x=-1.0625 y=-0.0625 z=0.0625 r_bh=1.06617

Terminating on wall clock limit
time=8.910000e+01 cycle=2376
tlim=1.000000e+02 nlim=-1

MeshBlock-cycles = 3012768
cpu time used  = 3.300874e+03
zone-cycles/cpu_second = 4.673118e+05
particle-updates/cpu_second = 0.000000e+00
AssembleZ4cTasks
AssembleZ4cTasks
AssembleZ4cTasks
AssembleZ4cTasks
AssembleZ4cTasks
AssembleZ4cTasks
AssembleZ4cTasks
AssembleZ4cTasks
