
Root grid = 4 x 4 x 4 MeshBlocks
Total number of MeshBlocks = 400
Number of logical  levels of refinement = 8 (9 levels total)
Number of physical levels of refinement = 6 (7 levels total)
  Physical level = 0 (logical level = 2): 56 MeshBlocks, cost = 56
  Physical level = 1 (logical level = 3): 56 MeshBlocks, cost = 56
  Physical level = 2 (logical level = 4): 56 MeshBlocks, cost = 56
  Physical level = 3 (logical level = 5): 56 MeshBlocks, cost = 56
  Physical level = 4 (logical level = 6): 56 MeshBlocks, cost = 56
  Physical level = 5 (logical level = 7): 56 MeshBlocks, cost = 56
  Physical level = 6 (logical level = 8): 64 MeshBlocks, cost = 64
Number of parallel ranks = 24
  Rank = 0: 16 MeshBlocks, cost = 16
  Rank = 1: 16 MeshBlocks, cost = 16
  Rank = 2: 16 MeshBlocks, cost = 16
  Rank = 3: 16 MeshBlocks, cost = 16
  Rank = 4: 16 MeshBlocks, cost = 16
  Rank = 5: 16 MeshBlocks, cost = 16
  Rank = 6: 16 MeshBlocks, cost = 16
  Rank = 7: 16 MeshBlocks, cost = 16
  Rank = 8: 17 MeshBlocks, cost = 17
  Rank = 9: 17 MeshBlocks, cost = 17
  Rank = 10: 17 MeshBlocks, cost = 17
  Rank = 11: 17 MeshBlocks, cost = 17
  Rank = 12: 17 MeshBlocks, cost = 17
  Rank = 13: 17 MeshBlocks, cost = 17
  Rank = 14: 17 MeshBlocks, cost = 17
  Rank = 15: 17 MeshBlocks, cost = 17
  Rank = 16: 17 MeshBlocks, cost = 17
  Rank = 17: 17 MeshBlocks, cost = 17
  Rank = 18: 17 MeshBlocks, cost = 17
  Rank = 19: 17 MeshBlocks, cost = 17
  Rank = 20: 17 MeshBlocks, cost = 17
  Rank = 21: 17 MeshBlocks, cost = 17
  Rank = 22: 17 MeshBlocks, cost = 17
  Rank = 23: 17 MeshBlocks, cost = 17
Load Balancing:
  Maximum normalized cost = 1.0625, Average = 1.04167
AssembleZ4cTasks
OnePuncture initialized.
AssembleZ4cTasks
OnePuncture initialized.
AssembleZ4cTasks
OnePuncture initialized.
AssembleZ4cTasks
OnePuncture initialized.
AssembleZ4cTasks
OnePuncture initialized.
AssembleZ4cTasks
OnePuncture initialized.
AssembleZ4cTasks
OnePuncture initialized.
AssembleZ4cTasks
OnePuncture initialized.
AssembleZ4cTasks
OnePuncture initialized.
AssembleZ4cTasks
OnePuncture initialized.
AssembleZ4cTasks
OnePuncture initialized.
AssembleZ4cTasks
OnePuncture initialized.
AssembleZ4cTasks
OnePuncture initialized.
AssembleZ4cTasks
OnePuncture initialized.
AssembleZ4cTasks
OnePuncture initialized.
AssembleZ4cTasks
OnePuncture initialized.
AssembleZ4cTasks
OnePuncture initialized.
AssembleZ4cTasks
OnePuncture initialized.
AssembleZ4cTasks
OnePuncture initialized.
AssembleZ4cTasks
OnePuncture initialized.
AssembleZ4cTasks
OnePuncture initialized.
AssembleZ4cTasks
OnePuncture initialized.
AssembleZ4cTasks
OnePuncture initialized.
AssembleZ4cTasks
OnePuncture initialized.

Setup complete, executing task list(s)...

elapsed=6.038976e+01 cycle=0 time=0.000000e+00 dt=3.092331e-03
Finding Horizon
#-={ BHaHAHA Horizon 1 / 1 Diagnostics, t=0.000 }=-
#Final iteration: 9064, at (Nr x Ntheta x Nphi) = (250 x 32 x 64)
#(4.03503e-03, 9.92164e-04) = (L_inf Theta, L2 Theta)
#(5.02390e+01, 9.99736e-01) = (Area, M_irr)
#(+8.7413e-06, -2.3992e-16, -2.2942e-16) = (x, y, z) centroid, wrt input grid origin
#(+3.0199e-03, -2.3992e-16, -2.2942e-16) = (x, y, z) centroid, wrt global origin
#(9.98679e-02, 4.94624e-01, 3.98002e-01) = (min, max, mean) coord radii, relative to centroid
#(1.25695e+01, 1.25713e+01, 1.25669e+01) = (xy, xz, yz) proper circumferences
#spin_x = (    N/A    ,     N/A    ) based on (xy/yz, xz/yz) proper circumference spin_from_ratios.
#spin_y = (0.02807, 0.04348) based on (xy/xz, yz/xz) proper circumference spin_from_ratios.
#spin_z = (0, 0.03321) based on (xz/xy, yz/xy) proper circumference spin_from_ratios.
#-={ BHaHAHA finished horizon 1 / 1 in 2.876 seconds }=-
Success
BHaHAHA horizon 0 timing [s]: interpolation 2.709254e-02, MPI 7.966803e-02, solve 2.888746e+00
Finding Horizon
#-={ BHaHAHA Horizon 1 / 1 Diagnostics, t=0.012 }=-
#Final iteration: 5976, at (Nr x Ntheta x Nphi) = (64 x 32 x 64)
#(2.95691e-03, 9.92035e-04) = (L_inf Theta, L2 Theta)
#(5.02337e+01, 9.99684e-01) = (Area, M_irr)
#(+1.2005e-02, -8.7252e-17, +4.6461e-16) = (x, y, z) centroid, wrt input grid origin
#(+1.5025e-02, -3.2717e-16, +2.3519e-16) = (x, y, z) centroid, wrt global origin
#(9.97590e-02, 4.98195e-01, 3.98585e-01) = (min, max, mean) coord radii, relative to centroid
#(1.25683e+01, 1.25696e+01, 1.24759e+01) = (xy, xz, yz) proper circumferences
#spin_x = (    N/A    ,     N/A    ) based on (xy/yz, xz/yz) proper circumference spin_from_ratios.
#spin_y = (0.02312, 0.1983) based on (xy/xz, yz/xz) proper circumference spin_from_ratios.
#spin_z = (0, 0.197) based on (xz/xy, yz/xy) proper circumference spin_from_ratios.
#-={ BHaHAHA finished horizon 1 / 1 in 1.599 seconds }=-
Success
BHaHAHA horizon 0 timing [s]: interpolation 9.674037e-03, MPI 2.750389e-02, solve 1.601125e+00
Finding Horizon
#-={ BHaHAHA Horizon 1 / 1 Diagnostics, t=0.025 }=-
#Final iteration: 7360, at (Nr x Ntheta x Nphi) = (66 x 32 x 64)
#(2.51310e-03, 9.95035e-04) = (L_inf Theta, L2 Theta)
#(5.02386e+01, 9.99732e-01) = (Area, M_irr)
#(-1.9799e-04, +2.1811e-16, -4.2563e-16) = (x, y, z) centroid, wrt input grid origin
#(+2.7056e-02, -1.9794e-16, +2.8283e-16) = (x, y, z) centroid, wrt global origin
#(1.00006e-01, 4.95808e-01, 3.98927e-01) = (min, max, mean) coord radii, relative to centroid
#(1.25694e+01, 1.25712e+01, 1.25668e+01) = (xy, xz, yz) proper circumferences
#spin_x = (    N/A    ,     N/A    ) based on (xy/yz, xz/yz) proper circumference spin_from_ratios.
#spin_y = (0.02767, 0.04357) based on (xy/xz, yz/xz) proper circumference spin_from_ratios.
#spin_z = (0, 0.03366) based on (xz/xy, yz/xy) proper circumference spin_from_ratios.
#-={ BHaHAHA finished horizon 1 / 1 in 2.036 seconds }=-
Success
BHaHAHA horizon 0 timing [s]: interpolation 9.691863e-03, MPI 3.074876e-02, solve 2.038179e+00
Finding Horizon
ERROR: h_max = 0.5423 too close to r_max_search = 0.5395. Try either increasing search radius or decreasing cfl_factor.
#-={ BHaHAHA finished horizon 1 / 1 in 0.04179 seconds }=-
Failed with Error Flag 13
BHaHAHA horizon 0 timing [s]: interpolation 9.234459e-03, MPI 1.969417e-02, solve 4.181314e-02
Finding Horizon
#-={ BHaHAHA Horizon 1 / 1 Diagnostics, t=0.051 }=-
#Final iteration: 9056, at (Nr x Ntheta x Nphi) = (250 x 32 x 64)
#(3.89356e-03, 9.98474e-04) = (L_inf Theta, L2 Theta)
#(5.02381e+01, 9.99728e-01) = (Area, M_irr)
#(+1.6510e-04, -2.8354e-16, +2.3185e-16) = (x, y, z) centroid, wrt input grid origin
#(+5.0606e-02, -2.8268e-16, +2.3260e-16) = (x, y, z) centroid, wrt global origin
#(1.00245e-01, 4.96528e-01, 3.99499e-01) = (min, max, mean) coord radii, relative to centroid
#(1.25693e+01, 1.25711e+01, 1.25667e+01) = (xy, xz, yz) proper circumferences
#spin_x = (    N/A    ,     N/A    ) based on (xy/yz, xz/yz) proper circumference spin_from_ratios.
#spin_y = (0.02759, 0.04325) based on (xy/xz, yz/xz) proper circumference spin_from_ratios.
#spin_z = (0, 0.03332) based on (xz/xy, yz/xy) proper circumference spin_from_ratios.
#-={ BHaHAHA finished horizon 1 / 1 in 2.828 seconds }=-
Success
BHaHAHA horizon 0 timing [s]: interpolation 1.540024e-02, MPI 7.191345e-02, solve 2.830594e+00
elapsed=7.291845e+01 cycle=20 time=6.439068e-02 dt=3.288880e-03
Finding Horizon
#-={ BHaHAHA Horizon 1 / 1 Diagnostics, t=0.064 }=-
#Final iteration: 5916, at (Nr x Ntheta x Nphi) = (65 x 32 x 64)
#(2.65440e-03, 9.94277e-04) = (L_inf Theta, L2 Theta)
#(5.02335e+01, 9.99681e-01) = (Area, M_irr)
#(+1.1396e-02, +2.6176e-16, -4.5458e-17) = (x, y, z) centroid, wrt input grid origin
#(+6.2002e-02, -2.0919e-17, +1.8715e-16) = (x, y, z) centroid, wrt global origin
#(1.00150e-01, 4.99977e-01, 4.00114e-01) = (min, max, mean) coord radii, relative to centroid
#(1.25683e+01, 1.25696e+01, 1.24855e+01) = (xy, xz, yz) proper circumferences
#spin_x = (    N/A    ,     N/A    ) based on (xy/yz, xz/yz) proper circumference spin_from_ratios.
#spin_y = (0.0232, 0.188) based on (xy/xz, yz/xz) proper circumference spin_from_ratios.
#spin_z = (0, 0.1866) based on (xz/xy, yz/xy) proper circumference spin_from_ratios.
#-={ BHaHAHA finished horizon 1 / 1 in 1.592 seconds }=-
Success
BHaHAHA horizon 0 timing [s]: interpolation 9.617496e-03, MPI 3.361822e-02, solve 1.596893e+00
Finding Horizon
#-={ BHaHAHA Horizon 1 / 1 Diagnostics, t=0.078 }=-
#Final iteration: 7344, at (Nr x Ntheta x Nphi) = (66 x 32 x 64)
#(4.18320e-03, 9.98936e-04) = (L_inf Theta, L2 Theta)
#(5.02377e+01, 9.99724e-01) = (Area, M_irr)
#(-2.0236e-04, -4.5804e-16, +2.8352e-16) = (x, y, z) centroid, wrt input grid origin
#(+7.3173e-02, -2.1770e-16, +4.2530e-16) = (x, y, z) centroid, wrt global origin
#(1.00407e-01, 4.97728e-01, 4.00474e-01) = (min, max, mean) coord radii, relative to centroid
#(1.25693e+01, 1.25710e+01, 1.25667e+01) = (xy, xz, yz) proper circumferences
#spin_x = (    N/A    ,     N/A    ) based on (xy/yz, xz/yz) proper circumference spin_from_ratios.
#spin_y = (0.02728, 0.04297) based on (xy/xz, yz/xz) proper circumference spin_from_ratios.
#spin_z = (0, 0.0332) based on (xz/xy, yz/xy) proper circumference spin_from_ratios.
#-={ BHaHAHA finished horizon 1 / 1 in 2.029 seconds }=-
Success
BHaHAHA horizon 0 timing [s]: interpolation 9.632227e-03, MPI 3.342660e-02, solve 2.036601e+00
Finding Horizon
ERROR: h_max = 0.5386 too close to r_max_search = 0.5425. Try either increasing search radius or decreasing cfl_factor.
#-={ BHaHAHA finished horizon 1 / 1 in 0.04005 seconds }=-
Failed with Error Flag 13
BHaHAHA horizon 0 timing [s]: interpolation 9.224225e-03, MPI 1.839282e-02, solve 4.007637e-02
Finding Horizon
#-={ BHaHAHA Horizon 1 / 1 Diagnostics, t=0.104 }=-
#Final iteration: 9040, at (Nr x Ntheta x Nphi) = (250 x 32 x 64)
#(4.80799e-03, 9.97480e-04) = (L_inf Theta, L2 Theta)
#(5.02371e+01, 9.99717e-01) = (Area, M_irr)
#(+3.3209e-04, -1.7449e-16, +1.4631e-16) = (x, y, z) centroid, wrt input grid origin
#(+9.4422e-02, -1.7245e-16, +1.4719e-16) = (x, y, z) centroid, wrt global origin
#(1.00630e-01, 4.98477e-01, 4.01028e-01) = (min, max, mean) coord radii, relative to centroid
#(1.25691e+01, 1.25708e+01, 1.25665e+01) = (xy, xz, yz) proper circumferences
#spin_x = (    N/A    ,     N/A    ) based on (xy/yz, xz/yz) proper circumference spin_from_ratios.
#spin_y = (0.02724, 0.04267) based on (xy/xz, yz/xz) proper circumference spin_from_ratios.
#spin_z = (0, 0.03285) based on (xz/xy, yz/xy) proper circumference spin_from_ratios.
#-={ BHaHAHA finished horizon 1 / 1 in 2.828 seconds }=-
Success
BHaHAHA horizon 0 timing [s]: interpolation 1.548653e-02, MPI 8.572361e-02, solve 2.832567e+00
Finding Horizon
#-={ BHaHAHA Horizon 1 / 1 Diagnostics, t=0.117 }=-
#Final iteration: 5836, at (Nr x Ntheta x Nphi) = (65 x 32 x 64)
#(2.50312e-03, 9.95521e-04) = (L_inf Theta, L2 Theta)
#(5.02336e+01, 9.99683e-01) = (Area, M_irr)
#(+1.0198e-02, +0.0000e+00, -1.2666e-16) = (x, y, z) centroid, wrt input grid origin
#(+1.0462e-01, -1.7245e-16, +2.0527e-17) = (x, y, z) centroid, wrt global origin
#(1.00582e-01, 5.01683e-01, 4.01688e-01) = (min, max, mean) coord radii, relative to centroid
#(1.25684e+01, 1.25697e+01, 1.25022e+01) = (xy, xz, yz) proper circumferences
#spin_x = (    N/A    ,     N/A    ) based on (xy/yz, xz/yz) proper circumference spin_from_ratios.
#spin_y = (0.02376, 0.1686) based on (xy/xz, yz/xz) proper circumference spin_from_ratios.
#spin_z = (0, 0.167) based on (xz/xy, yz/xy) proper circumference spin_from_ratios.
#-={ BHaHAHA finished horizon 1 / 1 in 1.581 seconds }=-
Success
BHaHAHA horizon 0 timing [s]: interpolation 9.639834e-03, MPI 2.910469e-02, solve 1.583294e+00
elapsed=8.402029e+01 cycle=40 time=1.298908e-01 dt=3.260838e-03
Finding Horizon
#-={ BHaHAHA Horizon 1 / 1 Diagnostics, t=0.130 }=-
#Final iteration: 6004, at (Nr x Ntheta x Nphi) = (66 x 32 x 64)
#(3.00845e-03, 9.98053e-04) = (L_inf Theta, L2 Theta)
#(5.02368e+01, 9.99715e-01) = (Area, M_irr)
#(-2.3360e-04, -2.1812e-16, +1.6689e-16) = (x, y, z) centroid, wrt input grid origin
#(+1.1457e-01, -3.9057e-16, +6.0959e-17) = (x, y, z) centroid, wrt global origin
#(1.00902e-01, 4.99723e-01, 4.02045e-01) = (min, max, mean) coord radii, relative to centroid
#(1.25690e+01, 1.25707e+01, 1.25665e+01) = (xy, xz, yz) proper circumferences
#spin_x = (    N/A    ,     N/A    ) based on (xy/yz, xz/yz) proper circumference spin_from_ratios.
#spin_y = (0.02691, 0.0422) based on (xy/xz, yz/xz) proper circumference spin_from_ratios.
#spin_z = (0, 0.03251) based on (xz/xy, yz/xy) proper circumference spin_from_ratios.
#-={ BHaHAHA finished horizon 1 / 1 in 1.657 seconds }=-
Success
BHaHAHA horizon 0 timing [s]: interpolation 9.562343e-03, MPI 3.055305e-02, solve 1.661240e+00
Finding Horizon
ERROR: h_max = 0.5347 too close to r_max_search = 0.5450. Try either increasing search radius or decreasing cfl_factor.
#-={ BHaHAHA finished horizon 1 / 1 in 0.04069 seconds }=-
Failed with Error Flag 13
BHaHAHA horizon 0 timing [s]: interpolation 9.266909e-03, MPI 2.037969e-02, solve 4.071518e-02
Finding Horizon
#-={ BHaHAHA Horizon 1 / 1 Diagnostics, t=0.156 }=-
#Final iteration: 9036, at (Nr x Ntheta x Nphi) = (250 x 32 x 64)
#(3.14980e-03, 9.93646e-04) = (L_inf Theta, L2 Theta)
#(5.02362e+01, 9.99709e-01) = (Area, M_irr)
#(+5.0332e-04, -5.2348e-16, -1.9637e-16) = (x, y, z) centroid, wrt input grid origin
#(+1.3365e-01, -5.3125e-16, -2.0242e-16) = (x, y, z) centroid, wrt global origin
#(1.01073e-01, 5.00441e-01, 4.02583e-01) = (min, max, mean) coord radii, relative to centroid
#(1.25689e+01, 1.25706e+01, 1.25663e+01) = (xy, xz, yz) proper circumferences
#spin_x = (    N/A    ,     N/A    ) based on (xy/yz, xz/yz) proper circumference spin_from_ratios.
#spin_y = (0.02691, 0.04268) based on (xy/xz, yz/xz) proper circumference spin_from_ratios.
#spin_z = (0, 0.03314) based on (xz/xy, yz/xy) proper circumference spin_from_ratios.
#-={ BHaHAHA finished horizon 1 / 1 in 2.826 seconds }=-
Success
BHaHAHA horizon 0 timing [s]: interpolation 1.618014e-02, MPI 8.047592e-02, solve 2.827625e+00
Finding Horizon
#-={ BHaHAHA Horizon 1 / 1 Diagnostics, t=0.169 }=-
#Final iteration: 5744, at (Nr x Ntheta x Nphi) = (65 x 32 x 64)
#(2.44369e-03, 9.93001e-04) = (L_inf Theta, L2 Theta)
#(5.02334e+01, 9.99681e-01) = (Area, M_irr)
#(+9.1458e-03, +1.7450e-16, +7.4833e-17) = (x, y, z) centroid, wrt input grid origin
#(+1.4279e-01, -3.5675e-16, -1.2759e-16) = (x, y, z) centroid, wrt global origin
#(1.01031e-01, 5.03334e-01, 4.03184e-01) = (min, max, mean) coord radii, relative to centroid
#(1.25683e+01, 1.25697e+01, 1.25151e+01) = (xy, xz, yz) proper circumferences
#spin_x = (    N/A    ,     N/A    ) based on (xy/yz, xz/yz) proper circumference spin_from_ratios.
#spin_y = (0.02418, 0.1516) based on (xy/xz, yz/xz) proper circumference spin_from_ratios.
#spin_z = (0, 0.1497) based on (xz/xy, yz/xy) proper circumference spin_from_ratios.
#-={ BHaHAHA finished horizon 1 / 1 in 1.553 seconds }=-
Success
BHaHAHA horizon 0 timing [s]: interpolation 9.687883e-03, MPI 3.060351e-02, solve 1.563919e+00
Finding Horizon
#-={ BHaHAHA Horizon 1 / 1 Diagnostics, t=0.182 }=-
#Final iteration: 5932, at (Nr x Ntheta x Nphi) = (66 x 32 x 64)
#(2.57080e-03, 9.91125e-04) = (L_inf Theta, L2 Theta)
#(5.02359e+01, 9.99705e-01) = (Area, M_irr)
#(-2.1616e-04, +1.7450e-16, +3.8220e-16) = (x, y, z) centroid, wrt input grid origin
#(+1.5171e-01, -7.9809e-18, +3.2934e-16) = (x, y, z) centroid, wrt global origin
#(1.01337e-01, 5.01588e-01, 4.03547e-01) = (min, max, mean) coord radii, relative to centroid
#(1.25688e+01, 1.25705e+01, 1.25664e+01) = (xy, xz, yz) proper circumferences
#spin_x = (    N/A    ,     N/A    ) based on (xy/yz, xz/yz) proper circumference spin_from_ratios.
#spin_y = (0.0266, 0.04149) based on (xy/xz, yz/xz) proper circumference spin_from_ratios.
#spin_z = (0, 0.03184) based on (xz/xy, yz/xy) proper circumference spin_from_ratios.
#-={ BHaHAHA finished horizon 1 / 1 in 1.641 seconds }=-
Success
BHaHAHA horizon 0 timing [s]: interpolation 9.469768e-03, MPI 3.257814e-02, solve 1.643278e+00
elapsed=9.478702e+01 cycle=60 time=1.948874e-01 dt=3.238514e-03
Finding Horizon
ERROR: h_max = 0.5312 too close to r_max_search = 0.5479. Try either increasing search radius or decreasing cfl_factor.
#-={ BHaHAHA finished horizon 1 / 1 in 0.04067 seconds }=-
Failed with Error Flag 13
BHaHAHA horizon 0 timing [s]: interpolation 9.241506e-03, MPI 2.099377e-02, solve 4.069967e-02
Finding Horizon
#-={ BHaHAHA Horizon 1 / 1 Diagnostics, t=0.208 }=-
#Final iteration: 8944, at (Nr x Ntheta x Nphi) = (250 x 32 x 64)
#(4.53646e-03, 9.98476e-04) = (L_inf Theta, L2 Theta)
#(5.02349e+01, 9.99696e-01) = (Area, M_irr)
#(+6.7870e-04, -7.6344e-16, +7.5692e-16) = (x, y, z) centroid, wrt input grid origin
#(+1.6884e-01, -7.7275e-16, +7.5158e-16) = (x, y, z) centroid, wrt global origin
#(1.01503e-01, 5.02163e-01, 4.03937e-01) = (min, max, mean) coord radii, relative to centroid
#(1.25687e+01, 1.25703e+01, 1.25661e+01) = (xy, xz, yz) proper circumferences
#spin_x = (    N/A    ,     N/A    ) based on (xy/yz, xz/yz) proper circumference spin_from_ratios.
#spin_y = (0.02659, 0.0425) based on (xy/xz, yz/xz) proper circumference spin_from_ratios.
#spin_z = (0, 0.03316) based on (xz/xy, yz/xy) proper circumference spin_from_ratios.
#-={ BHaHAHA finished horizon 1 / 1 in 2.794 seconds }=-
Success
BHaHAHA horizon 0 timing [s]: interpolation 1.618993e-02, MPI 8.038708e-02, solve 2.797493e+00
Finding Horizon
#-={ BHaHAHA Horizon 1 / 1 Diagnostics, t=0.221 }=-
#Final iteration: 4376, at (Nr x Ntheta x Nphi) = (65 x 32 x 64)
#(2.84269e-03, 9.92975e-04) = (L_inf Theta, L2 Theta)
#(5.02331e+01, 9.99678e-01) = (Area, M_irr)
#(+8.1666e-03, +3.4901e-16, -3.7347e-16) = (x, y, z) centroid, wrt input grid origin
#(+1.7700e-01, -4.2374e-16, +3.7811e-16) = (x, y, z) centroid, wrt global origin
#(1.01640e-01, 5.05038e-01, 4.04710e-01) = (min, max, mean) coord radii, relative to centroid
#(1.25683e+01, 1.25696e+01, 1.25254e+01) = (xy, xz, yz) proper circumferences
#spin_x = (    N/A    ,     N/A    ) based on (xy/yz, xz/yz) proper circumference spin_from_ratios.
#spin_y = (0.02418, 0.1367) based on (xy/xz, yz/xz) proper circumference spin_from_ratios.
#spin_z = (0, 0.1346) based on (xz/xy, yz/xy) proper circumference spin_from_ratios.
#-={ BHaHAHA finished horizon 1 / 1 in 1.193 seconds }=-
Success
BHaHAHA horizon 0 timing [s]: interpolation 9.685252e-03, MPI 2.960356e-02, solve 1.194358e+00
Finding Horizon
#-={ BHaHAHA Horizon 1 / 1 Diagnostics, t=0.234 }=-
#Final iteration: 5852, at (Nr x Ntheta x Nphi) = (66 x 32 x 64)
#(2.54393e-03, 9.93612e-04) = (L_inf Theta, L2 Theta)
#(5.02347e+01, 9.99694e-01) = (Area, M_irr)
#(-1.0296e-04, -3.4900e-16, +1.0125e-16) = (x, y, z) centroid, wrt input grid origin
#(+1.8506e-01, -4.2413e-16, +1.0632e-16) = (x, y, z) centroid, wrt global origin
#(1.01777e-01, 5.03311e-01, 4.04947e-01) = (min, max, mean) coord radii, relative to centroid
#(1.25686e+01, 1.25702e+01, 1.25663e+01) = (xy, xz, yz) proper circumferences
#spin_x = (    N/A    ,     N/A    ) based on (xy/yz, xz/yz) proper circumference spin_from_ratios.
#spin_y = (0.02624, 0.04042) based on (xy/xz, yz/xz) proper circumference spin_from_ratios.
#spin_z = (0, 0.03075) based on (xz/xy, yz/xy) proper circumference spin_from_ratios.
#-={ BHaHAHA finished horizon 1 / 1 in 1.623 seconds }=-
Success
BHaHAHA horizon 0 timing [s]: interpolation 9.647537e-03, MPI 3.105744e-02, solve 1.626859e+00
Finding Horizon
#-={ BHaHAHA finished horizon 1 / 1 in 0.04068 seconds }=-
Failed with Error Flag 14
BHaHAHA horizon 0 timing [s]: interpolation 9.390906e-03, MPI 2.229316e-02, solve 4.071002e-02
elapsed=1.035289e+02 cycle=80 time=2.594795e-01 dt=3.220397e-03
Finding Horizon
#-={ BHaHAHA Horizon 1 / 1 Diagnostics, t=0.259 }=-
#Final iteration: 8924, at (Nr x Ntheta x Nphi) = (250 x 32 x 64)
#(4.13226e-03, 9.96839e-04) = (L_inf Theta, L2 Theta)
#(5.02335e+01, 9.99682e-01) = (Area, M_irr)
#(+8.4929e-04, -5.4533e-16, +6.0691e-16) = (x, y, z) centroid, wrt input grid origin
#(+2.0047e-01, -5.5062e-16, +5.9375e-16) = (x, y, z) centroid, wrt global origin
#(1.01994e-01, 5.03907e-01, 4.05301e-01) = (min, max, mean) coord radii, relative to centroid
#(1.25684e+01, 1.25700e+01, 1.25658e+01) = (xy, xz, yz) proper circumferences
#spin_x = (    N/A    ,     N/A    ) based on (xy/yz, xz/yz) proper circumference spin_from_ratios.
#spin_y = (0.02613, 0.04226) based on (xy/xz, yz/xz) proper circumference spin_from_ratios.
#spin_z = (0, 0.03322) based on (xz/xy, yz/xy) proper circumference spin_from_ratios.
#-={ BHaHAHA finished horizon 1 / 1 in 2.786 seconds }=-
Success
BHaHAHA horizon 0 timing [s]: interpolation 1.626722e-02, MPI 8.846932e-02, solve 2.793912e+00
Finding Horizon
#-={ BHaHAHA Horizon 1 / 1 Diagnostics, t=0.272 }=-
#Final iteration: 4296, at (Nr x Ntheta x Nphi) = (66 x 32 x 64)
#(3.07564e-03, 9.98288e-04) = (L_inf Theta, L2 Theta)
#(5.02324e+01, 9.99671e-01) = (Area, M_irr)
#(+7.1068e-03, -3.4902e-16, -1.8090e-16) = (x, y, z) centroid, wrt input grid origin
#(+2.0757e-01, -8.9964e-16, +4.1285e-16) = (x, y, z) centroid, wrt global origin
#(1.02169e-01, 5.06475e-01, 4.06055e-01) = (min, max, mean) coord radii, relative to centroid
#(1.25681e+01, 1.25695e+01, 1.25354e+01) = (xy, xz, yz) proper circumferences
#spin_x = (    N/A    ,     N/A    ) based on (xy/yz, xz/yz) proper circumference spin_from_ratios.
#spin_y = (0.02409, 0.12) based on (xy/xz, yz/xz) proper circumference spin_from_ratios.
#spin_z = (0, 0.1175) based on (xz/xy, yz/xy) proper circumference spin_from_ratios.
#-={ BHaHAHA finished horizon 1 / 1 in 1.204 seconds }=-
Success
BHaHAHA horizon 0 timing [s]: interpolation 8.812571e-03, MPI 3.122932e-02, solve 1.208301e+00
Finding Horizon
#-={ BHaHAHA Horizon 1 / 1 Diagnostics, t=0.284 }=-
#Final iteration: 5744, at (Nr x Ntheta x Nphi) = (66 x 32 x 64)
#(2.31551e-03, 9.97088e-04) = (L_inf Theta, L2 Theta)
#(5.02335e+01, 9.99682e-01) = (Area, M_irr)
#(+1.6179e-06, +7.6346e-16, +8.1650e-17) = (x, y, z) centroid, wrt input grid origin
#(+2.1452e-01, -4.7741e-16, +3.1764e-16) = (x, y, z) centroid, wrt global origin
#(1.02263e-01, 5.04965e-01, 4.06289e-01) = (min, max, mean) coord radii, relative to centroid
#(1.25683e+01, 1.25699e+01, 1.25662e+01) = (xy, xz, yz) proper circumferences
#spin_x = (    N/A    ,     N/A    ) based on (xy/yz, xz/yz) proper circumference spin_from_ratios.
#spin_y = (0.02574, 0.03918) based on (xy/xz, yz/xz) proper circumference spin_from_ratios.
#spin_z = (0, 0.02954) based on (xz/xy, yz/xy) proper circumference spin_from_ratios.
#-={ BHaHAHA finished horizon 1 / 1 in 1.590 seconds }=-
Success
BHaHAHA horizon 0 timing [s]: interpolation 8.773285e-03, MPI 3.078765e-02, solve 1.591745e+00
Finding Horizon
#-={ BHaHAHA finished horizon 1 / 1 in 0.04158 seconds }=-
Failed with Error Flag 14
BHaHAHA horizon 0 timing [s]: interpolation 9.079761e-03, MPI 2.532841e-02, solve 4.161041e-02

Terminating on time limit
time=3.000000e-01 cycle=94
tlim=3.000000e-01 nlim=-1

Current number of MeshBlocks = 568
168 MeshBlocks created, 0 deleted by AMR
367 communicated for load balancing, load balancing efficiency = 9.615099e-01

MeshBlock-cycles = 39616
cpu time used  = 1.246849e+02
zone-cycles/cpu_second = 1.041134e+07
particle-updates/cpu_second = 0.000000e+00
