{
  "decision": "FAIL",
  "history_ends": [
    5.17507,
    5.1503
  ],
  "fatal_errors": [
    "### FATAL ERROR: PC-GH strict diagnostic failed at t=5.167923e+00 during post-RK update on rank 0: state pcgh_rho=-1.402322e+00 at (m,k,j,i)=(50,4,9,10)"
  ],
  "flags": [
    {
      "region": "all",
      "quantity": "RB",
      "doubling_bins": [
        7,
        8,
        9,
        10
      ],
      "late_over_2to3_peak": 2163239.3164114757,
      "late_log_slope": 3.5268841712943293
    },
    {
      "region": "all",
      "quantity": "RL_direct",
      "doubling_bins": [
        9,
        10
      ],
      "late_over_2to3_peak": 20772.93326279634,
      "late_log_slope": 3.5738050628774927
    },
    {
      "region": "all",
      "quantity": "RQ",
      "doubling_bins": [
        7,
        8,
        9,
        10
      ],
      "late_over_2to3_peak": 1559289.1194406727,
      "late_log_slope": 3.100614607859181
    },
    {
      "region": "all",
      "quantity": "Ralpha",
      "doubling_bins": [
        10
      ],
      "late_over_2to3_peak": 49236.14886938364,
      "late_log_slope": 4.388848485366862
    },
    {
      "region": "all",
      "quantity": "Rw",
      "doubling_bins": [
        9,
        10
      ],
      "late_over_2to3_peak": 19153.783447189984,
      "late_log_slope": 3.146002057788247
    },
    {
      "region": "all",
      "quantity": "Z_norm",
      "doubling_bins": [
        8,
        9,
        10
      ],
      "late_over_2to3_peak": 84998.83948625278,
      "late_log_slope": 2.755791530375202
    },
    {
      "region": "all",
      "quantity": "abs_Cperp",
      "doubling_bins": [
        10
      ],
      "late_over_2to3_peak": 389.0829926064145,
      "late_log_slope": 2.960459519292668
    },
    {
      "region": "all",
      "quantity": "abs_H",
      "doubling_bins": [
        8,
        9,
        10
      ],
      "late_over_2to3_peak": 2927301.7109196843,
      "late_log_slope": 3.436051936443911
    },
    {
      "region": "all",
      "quantity": "abs_detg_minus_1",
      "doubling_bins": [],
      "late_over_2to3_peak": 349.00000000000006,
      "late_log_slope": 0.14227983730962734
    },
    {
      "region": "all",
      "quantity": "abs_trace_A",
      "doubling_bins": [],
      "late_over_2to3_peak": 264.5755318531149,
      "late_log_slope": 0.18720918969924974
    },
    {
      "region": "all",
      "quantity": "alpha_M_norm",
      "doubling_bins": [
        8,
        9,
        10
      ],
      "late_over_2to3_peak": 3397307.5094249495,
      "late_log_slope": 4.187554316849864
    },
    {
      "region": "all",
      "quantity": "curl_B",
      "doubling_bins": [
        7,
        8,
        9,
        10
      ],
      "late_over_2to3_peak": 13609507.222025262,
      "late_log_slope": 4.512252982994839
    },
    {
      "region": "all",
      "quantity": "curl_L",
      "doubling_bins": [
        8,
        9,
        10
      ],
      "late_over_2to3_peak": 769601.1074419933,
      "late_log_slope": 3.8457264688071002
    },
    {
      "region": "all",
      "quantity": "curl_Q",
      "doubling_bins": [
        7,
        8,
        9,
        10
      ],
      "late_over_2to3_peak": 2141976.44551474,
      "late_log_slope": 3.1717140138188333
    },
    {
      "region": "all",
      "quantity": "curl_p",
      "doubling_bins": [
        7,
        8,
        9,
        10
      ],
      "late_over_2to3_peak": 197477.01595306132,
      "late_log_slope": 3.798850755220479
    },
    {
      "region": "all",
      "quantity": "trace_Q_norm",
      "doubling_bins": [
        9,
        10
      ],
      "late_over_2to3_peak": 4592157.654903182,
      "late_log_slope": 3.2347147206804707
    },
    {
      "region": "core",
      "quantity": "RB",
      "doubling_bins": [
        7,
        8,
        9,
        10
      ],
      "late_over_2to3_peak": 2163239.3164114757,
      "late_log_slope": 3.5268841712943293
    },
    {
      "region": "core",
      "quantity": "RL_direct",
      "doubling_bins": [
        7,
        8,
        9,
        10
      ],
      "late_over_2to3_peak": 97327.6053815626,
      "late_log_slope": 3.5738050628774927
    },
    {
      "region": "core",
      "quantity": "RQ",
      "doubling_bins": [
        7,
        8,
        9,
        10
      ],
      "late_over_2to3_peak": 1559289.1194406727,
      "late_log_slope": 3.100614607859181
    },
    {
      "region": "core",
      "quantity": "Ralpha",
      "doubling_bins": [
        7,
        8,
        9,
        10
      ],
      "late_over_2to3_peak": 613956.6954490369,
      "late_log_slope": 4.388848485366862
    },
    {
      "region": "core",
      "quantity": "Rw",
      "doubling_bins": [
        7,
        8,
        9,
        10
      ],
      "late_over_2to3_peak": 33760.56471524345,
      "late_log_slope": 3.146002057788247
    },
    {
      "region": "core",
      "quantity": "Z_norm",
      "doubling_bins": [
        8,
        9,
        10
      ],
      "late_over_2to3_peak": 84998.83948625278,
      "late_log_slope": 2.755791530375202
    },
    {
      "region": "core",
      "quantity": "abs_Cperp",
      "doubling_bins": [
        3,
        8,
        9,
        10
      ],
      "late_over_2to3_peak": 3388.710631618179,
      "late_log_slope": 2.975824020750102
    },
    {
      "region": "core",
      "quantity": "abs_H",
      "doubling_bins": [
        3,
        8,
        9,
        10
      ],
      "late_over_2to3_peak": 2927301.7109196843,
      "late_log_slope": 3.436051936443911
    },
    {
      "region": "core",
      "quantity": "abs_detg_minus_1",
      "doubling_bins": [],
      "late_over_2to3_peak": 349.00000000000006,
      "late_log_slope": 0.15764794056494222
    },
    {
      "region": "core",
      "quantity": "abs_trace_A",
      "doubling_bins": [],
      "late_over_2to3_peak": 689.1735185237039,
      "late_log_slope": 0.8245090914916182
    },
    {
      "region": "core",
      "quantity": "alpha_M_norm",
      "doubling_bins": [
        3,
        8,
        9,
        10
      ],
      "late_over_2to3_peak": 5794066.932199,
      "late_log_slope": 4.187554316849864
    },
    {
      "region": "core",
      "quantity": "curl_B",
      "doubling_bins": [
        7,
        8,
        9,
        10
      ],
      "late_over_2to3_peak": 13609507.222025262,
      "late_log_slope": 4.512252982994839
    },
    {
      "region": "core",
      "quantity": "curl_L",
      "doubling_bins": [
        8,
        9,
        10
      ],
      "late_over_2to3_peak": 769601.1074419933,
      "late_log_slope": 3.8457264688071002
    },
    {
      "region": "core",
      "quantity": "curl_Q",
      "doubling_bins": [
        7,
        8,
        9,
        10
      ],
      "late_over_2to3_peak": 2141976.44551474,
      "late_log_slope": 3.1717140138188333
    },
    {
      "region": "core",
      "quantity": "curl_p",
      "doubling_bins": [
        7,
        8,
        9,
        10
      ],
      "late_over_2to3_peak": 197477.01595306132,
      "late_log_slope": 3.798850755220479
    },
    {
      "region": "core",
      "quantity": "trace_Q_norm",
      "doubling_bins": [
        8,
        9,
        10
      ],
      "late_over_2to3_peak": 11888329.89150389,
      "late_log_slope": 3.2347147206804707
    },
    {
      "region": "exterior",
      "quantity": "RB",
      "doubling_bins": [],
      "late_over_2to3_peak": 19.079768253031826,
      "late_log_slope": 1.3065458039499904
    },
    {
      "region": "exterior",
      "quantity": "Z_norm",
      "doubling_bins": [
        9
      ],
      "late_over_2to3_peak": 32.170782121260736,
      "late_log_slope": 1.4867184472268264
    },
    {
      "region": "exterior",
      "quantity": "alpha_M_norm",
      "doubling_bins": [
        8
      ],
      "late_over_2to3_peak": 69.77221169543981,
      "late_log_slope": 1.2981808295358825
    },
    {
      "region": "exterior",
      "quantity": "curl_B",
      "doubling_bins": [
        7,
        8
      ],
      "late_over_2to3_peak": 66.47919113229881,
      "late_log_slope": 1.2346700577688452
    },
    {
      "region": "exterior",
      "quantity": "curl_L",
      "doubling_bins": [],
      "late_over_2to3_peak": 13.770233445487072,
      "late_log_slope": 1.1829804017266994
    },
    {
      "region": "exterior",
      "quantity": "curl_Q",
      "doubling_bins": [
        7,
        8
      ],
      "late_over_2to3_peak": 62.948707690940196,
      "late_log_slope": 1.4211199175426994
    },
    {
      "region": "interface_faces",
      "quantity": "RB",
      "doubling_bins": [
        7,
        8,
        9,
        10
      ],
      "late_over_2to3_peak": 2163239.3164114757,
      "late_log_slope": 3.5268841712943293
    },
    {
      "region": "interface_faces",
      "quantity": "RL_direct",
      "doubling_bins": [
        6,
        7,
        8,
        9,
        10
      ],
      "late_over_2to3_peak": 80986.81794209816,
      "late_log_slope": 3.5738050628774927
    },
    {
      "region": "interface_faces",
      "quantity": "RQ",
      "doubling_bins": [
        7,
        8,
        9,
        10
      ],
      "late_over_2to3_peak": 1559289.1194406727,
      "late_log_slope": 3.100614607859181
    },
    {
      "region": "interface_faces",
      "quantity": "Ralpha",
      "doubling_bins": [
        9,
        10
      ],
      "late_over_2to3_peak": 174930.26879961384,
      "late_log_slope": 4.388848485366862
    },
    {
      "region": "interface_faces",
      "quantity": "Rw",
      "doubling_bins": [
        7,
        8,
        9,
        10
      ],
      "late_over_2to3_peak": 33760.56471524345,
      "late_log_slope": 3.146002057788247
    },
    {
      "region": "interface_faces",
      "quantity": "Z_norm",
      "doubling_bins": [
        8,
        9,
        10
      ],
      "late_over_2to3_peak": 84998.83948625278,
      "late_log_slope": 2.755791530375202
    },
    {
      "region": "interface_faces",
      "quantity": "abs_Cperp",
      "doubling_bins": [
        8,
        9,
        10
      ],
      "late_over_2to3_peak": 3772.5380142447257,
      "late_log_slope": 2.945250407172632
    },
    {
      "region": "interface_faces",
      "quantity": "abs_H",
      "doubling_bins": [
        8,
        9,
        10
      ],
      "late_over_2to3_peak": 2927301.7109196843,
      "late_log_slope": 3.436051936443911
    },
    {
      "region": "interface_faces",
      "quantity": "abs_detg_minus_1",
      "doubling_bins": [],
      "late_over_2to3_peak": 349.00000000000006,
      "late_log_slope": 0.13632077305516496
    },
    {
      "region": "interface_faces",
      "quantity": "abs_trace_A",
      "doubling_bins": [],
      "late_over_2to3_peak": 264.5755318531149,
      "late_log_slope": 0.1944024151105119
    },
    {
      "region": "interface_faces",
      "quantity": "alpha_M_norm",
      "doubling_bins": [
        8,
        9,
        10
      ],
      "late_over_2to3_peak": 3397307.5094249495,
      "late_log_slope": 4.187554316849864
    },
    {
      "region": "interface_faces",
      "quantity": "curl_B",
      "doubling_bins": [
        7,
        8,
        9,
        10
      ],
      "late_over_2to3_peak": 13609507.222025262,
      "late_log_slope": 4.512252982994839
    },
    {
      "region": "interface_faces",
      "quantity": "curl_L",
      "doubling_bins": [
        8,
        9,
        10
      ],
      "late_over_2to3_peak": 769601.1074419933,
      "late_log_slope": 3.8457264688071002
    },
    {
      "region": "interface_faces",
      "quantity": "curl_Q",
      "doubling_bins": [
        7,
        8,
        9,
        10
      ],
      "late_over_2to3_peak": 2141976.44551474,
      "late_log_slope": 3.1717140138188333
    },
    {
      "region": "interface_faces",
      "quantity": "curl_p",
      "doubling_bins": [
        7,
        8,
        9,
        10
      ],
      "late_over_2to3_peak": 197477.01595306132,
      "late_log_slope": 3.798850755220479
    },
    {
      "region": "interface_faces",
      "quantity": "trace_Q_norm",
      "doubling_bins": [
        9,
        10
      ],
      "late_over_2to3_peak": 4592157.654903182,
      "late_log_slope": 3.234723067371187
    },
    {
      "region": "taper",
      "quantity": "RB",
      "doubling_bins": [
        7,
        8,
        9
      ],
      "late_over_2to3_peak": 97.46049447916548,
      "late_log_slope": 1.5758265022267595
    },
    {
      "region": "taper",
      "quantity": "RL_direct",
      "doubling_bins": [
        8
      ],
      "late_over_2to3_peak": 75.14224780751111,
      "late_log_slope": 1.3966962282531108
    },
    {
      "region": "taper",
      "quantity": "RQ",
      "doubling_bins": [
        7,
        8,
        9
      ],
      "late_over_2to3_peak": 97.58724350498284,
      "late_log_slope": 1.5742426261978046
    },
    {
      "region": "taper",
      "quantity": "Ralpha",
      "doubling_bins": [
        8,
        9
      ],
      "late_over_2to3_peak": 407.8271152155073,
      "late_log_slope": 2.1158005123829935
    },
    {
      "region": "taper",
      "quantity": "Rw",
      "doubling_bins": [
        7,
        8,
        9
      ],
      "late_over_2to3_peak": 101.17289852108419,
      "late_log_slope": 1.602796448934959
    },
    {
      "region": "taper",
      "quantity": "Z_norm",
      "doubling_bins": [
        7,
        8,
        9
      ],
      "late_over_2to3_peak": 97.54166636875105,
      "late_log_slope": 1.5303483147737955
    },
    {
      "region": "taper",
      "quantity": "abs_Cperp",
      "doubling_bins": [
        3,
        8,
        9
      ],
      "late_over_2to3_peak": 251.353385207755,
      "late_log_slope": 1.8914661079720212
    },
    {
      "region": "taper",
      "quantity": "abs_H",
      "doubling_bins": [
        8,
        9
      ],
      "late_over_2to3_peak": 141.97388536756102,
      "late_log_slope": 1.861110382283459
    },
    {
      "region": "taper",
      "quantity": "alpha_M_norm",
      "doubling_bins": [
        3,
        8,
        9
      ],
      "late_over_2to3_peak": 306.64883663471613,
      "late_log_slope": 2.1539573936992578
    },
    {
      "region": "taper",
      "quantity": "curl_B",
      "doubling_bins": [
        7,
        8,
        9,
        10
      ],
      "late_over_2to3_peak": 718.3792724821185,
      "late_log_slope": 1.7593949841437269
    },
    {
      "region": "taper",
      "quantity": "curl_L",
      "doubling_bins": [
        8,
        9
      ],
      "late_over_2to3_peak": 152.496888166396,
      "late_log_slope": 1.9235504281634341
    },
    {
      "region": "taper",
      "quantity": "curl_Q",
      "doubling_bins": [
        7,
        8,
        9,
        10
      ],
      "late_over_2to3_peak": 225.73758943802792,
      "late_log_slope": 1.5995063114597825
    },
    {
      "region": "taper",
      "quantity": "curl_p",
      "doubling_bins": [
        7,
        8,
        9
      ],
      "late_over_2to3_peak": 98.61329405069743,
      "late_log_slope": 1.5463734698873903
    }
  ]
}
