error: expected submodule path 'kokkos' not to be a symbolic link
Traceback (most recent call last):
  File "/scratch/gpfs/FPRETORI/hz0693/pcgh-direct-lapse-20260905/source/analysis/pc_gh_regular_extension/cuda_driver.py", line 203, in <module>
    main()
  File "/scratch/gpfs/FPRETORI/hz0693/pcgh-direct-lapse-20260905/source/analysis/pc_gh_regular_extension/cuda_driver.py", line 199, in main
    (build if args.action == 'build' else run)(args)
  File "/scratch/gpfs/FPRETORI/hz0693/pcgh-direct-lapse-20260905/source/analysis/pc_gh_regular_extension/cuda_driver.py", line 123, in run
    (destination/'source-status.txt').write_bytes(subprocess.check_output(
  File "/usr/licensed/anaconda3/2021.11/lib/python3.9/subprocess.py", line 424, in check_output
    return run(*popenargs, stdout=PIPE, timeout=timeout, check=True,
  File "/usr/licensed/anaconda3/2021.11/lib/python3.9/subprocess.py", line 528, in run
    raise CalledProcessError(retcode, process.args,
subprocess.CalledProcessError: Command '['git', 'status', '--short']' returned non-zero exit status 128.
PASS: continuum mask curl, legacy Ralpha scaling, direct-target defect, discrete commutator identity
Traceback (most recent call last):
  File "/scratch/gpfs/FPRETORI/hz0693/pcgh-direct-lapse-20260905/run-correctness.py", line 21, in <module>
    subprocess.run(cmd,check=True)
  File "/usr/licensed/anaconda3/2021.11/lib/python3.9/subprocess.py", line 528, in run
    raise CalledProcessError(retcode, process.args,
subprocess.CalledProcessError: Command '['/usr/licensed/anaconda3/2021.11/bin/python3', '/scratch/gpfs/FPRETORI/hz0693/pcgh-direct-lapse-20260905/source/analysis/pc_gh_regular_extension/cuda_driver.py', 'run', '--build', '/scratch/gpfs/FPRETORI/hz0693/pcgh-direct-lapse-20260905/source/build-direct-cuda', '--input', '/scratch/gpfs/FPRETORI/hz0693/pcgh-direct-lapse-20260905/inputs/oracle/d1-o2-full.athinput', '--output', '/scratch/gpfs/FPRETORI/hz0693/pcgh-direct-lapse-20260905/oracle/d1-o2-full']' returned non-zero exit status 1.
