
Root grid = 6 x 6 x 6 MeshBlocks
Total number of MeshBlocks = 216
Number of logical  levels of refinement = 3 (4 levels total)
Number of physical levels of refinement = 0 (1 levels total)
Number of parallel ranks = 12
  Rank = 0: 18 MeshBlocks, cost = 18
  Rank = 1: 18 MeshBlocks, cost = 18
  Rank = 2: 18 MeshBlocks, cost = 18
  Rank = 3: 18 MeshBlocks, cost = 18
  Rank = 4: 18 MeshBlocks, cost = 18
  Rank = 5: 18 MeshBlocks, cost = 18
  Rank = 6: 18 MeshBlocks, cost = 18
  Rank = 7: 18 MeshBlocks, cost = 18
  Rank = 8: 18 MeshBlocks, cost = 18
  Rank = 9: 18 MeshBlocks, cost = 18
  Rank = 10: 18 MeshBlocks, cost = 18
  Rank = 11: 18 MeshBlocks, cost = 18
Load Balancing:
  Maximum normalized cost = 1, Average = 1
ref_gh reference allocation backend=analytic_radial_q generic_bytes=0 analytic_static_components=12 analytic_stage_components=8 analytic_static_bytes=23887872 analytic_stage_bytes=15925248
reference-GH puncture minimum cell-center radius = 0.0360844
reference-GH stationary physical-target audit: |F-H_constraint|_Linf=2.82796e-12, |tildeGamma|_Linf=2.60696e-15, |stored_Hhat_A|_Linf=5.47118e-13, |stored_theta_A|_Linf=2.51532e-12
reference-GH stationary initial RHS Linf = 5.84253e-11, component=54, radius=0.14878, coordinate reference Ricci Linf=1.37611e-08, frame reference Ricci Linf=2.77556e-16
### WARNING in /lus/flare/projects/CompactBinaryMerger/hzhu/refgh_ordering_gauge_discriminator_phase23_20260829_2c848055/src/src/parameter_input.cpp: input parameter <output3>/file_type = cbin was not used by the code (check for a typo)
### WARNING in /lus/flare/projects/CompactBinaryMerger/hzhu/refgh_ordering_gauge_discriminator_phase23_20260829_2c848055/src/src/parameter_input.cpp: input parameter <output3>/variable = ref_gh was not used by the code (check for a typo)
### WARNING in /lus/flare/projects/CompactBinaryMerger/hzhu/refgh_ordering_gauge_discriminator_phase23_20260829_2c848055/src/src/parameter_input.cpp: input parameter <output3>/id = ref_gh_health was not used by the code (check for a typo)
### WARNING in /lus/flare/projects/CompactBinaryMerger/hzhu/refgh_ordering_gauge_discriminator_phase23_20260829_2c848055/src/src/parameter_input.cpp: input parameter <output3>/coarsen_factor = 1 was not used by the code (check for a typo)
### WARNING in /lus/flare/projects/CompactBinaryMerger/hzhu/refgh_ordering_gauge_discriminator_phase23_20260829_2c848055/src/src/parameter_input.cpp: input parameter <output3>/compute_moments = false was not used by the code (check for a typo)
### WARNING in /lus/flare/projects/CompactBinaryMerger/hzhu/refgh_ordering_gauge_discriminator_phase23_20260829_2c848055/src/src/parameter_input.cpp: input parameter <output3>/binary64 = true was not used by the code (check for a typo)
### WARNING in /lus/flare/projects/CompactBinaryMerger/hzhu/refgh_ordering_gauge_discriminator_phase23_20260829_2c848055/src/src/parameter_input.cpp: input parameter <output3>/single_file_per_rank = false was not used by the code (check for a typo)
### WARNING in /lus/flare/projects/CompactBinaryMerger/hzhu/refgh_ordering_gauge_discriminator_phase23_20260829_2c848055/src/src/parameter_input.cpp: input parameter <output4>/file_type = cbin was not used by the code (check for a typo)
### WARNING in /lus/flare/projects/CompactBinaryMerger/hzhu/refgh_ordering_gauge_discriminator_phase23_20260829_2c848055/src/src/parameter_input.cpp: input parameter <output4>/variable = ref_gh_native_con was not used by the code (check for a typo)
### WARNING in /lus/flare/projects/CompactBinaryMerger/hzhu/refgh_ordering_gauge_discriminator_phase23_20260829_2c848055/src/src/parameter_input.cpp: input parameter <output4>/id = ref_gh_native_health was not used by the code (check for a typo)
### WARNING in /lus/flare/projects/CompactBinaryMerger/hzhu/refgh_ordering_gauge_discriminator_phase23_20260829_2c848055/src/src/parameter_input.cpp: input parameter <output4>/coarsen_factor = 1 was not used by the code (check for a typo)
### WARNING in /lus/flare/projects/CompactBinaryMerger/hzhu/refgh_ordering_gauge_discriminator_phase23_20260829_2c848055/src/src/parameter_input.cpp: input parameter <output4>/compute_moments = false was not used by the code (check for a typo)
### WARNING in /lus/flare/projects/CompactBinaryMerger/hzhu/refgh_ordering_gauge_discriminator_phase23_20260829_2c848055/src/src/parameter_input.cpp: input parameter <output4>/binary64 = true was not used by the code (check for a typo)
### WARNING in /lus/flare/projects/CompactBinaryMerger/hzhu/refgh_ordering_gauge_discriminator_phase23_20260829_2c848055/src/src/parameter_input.cpp: input parameter <output4>/single_file_per_rank = false was not used by the code (check for a typo)
### WARNING in /lus/flare/projects/CompactBinaryMerger/hzhu/refgh_ordering_gauge_discriminator_phase23_20260829_2c848055/src/src/parameter_input.cpp: input parameter <output5>/file_type = cbin was not used by the code (check for a typo)
### WARNING in /lus/flare/projects/CompactBinaryMerger/hzhu/refgh_ordering_gauge_discriminator_phase23_20260829_2c848055/src/src/parameter_input.cpp: input parameter <output5>/variable = adm_common was not used by the code (check for a typo)
### WARNING in /lus/flare/projects/CompactBinaryMerger/hzhu/refgh_ordering_gauge_discriminator_phase23_20260829_2c848055/src/src/parameter_input.cpp: input parameter <output5>/id = adm_common_health was not used by the code (check for a typo)
### WARNING in /lus/flare/projects/CompactBinaryMerger/hzhu/refgh_ordering_gauge_discriminator_phase23_20260829_2c848055/src/src/parameter_input.cpp: input parameter <output5>/coarsen_factor = 1 was not used by the code (check for a typo)
### WARNING in /lus/flare/projects/CompactBinaryMerger/hzhu/refgh_ordering_gauge_discriminator_phase23_20260829_2c848055/src/src/parameter_input.cpp: input parameter <output5>/compute_moments = false was not used by the code (check for a typo)
### WARNING in /lus/flare/projects/CompactBinaryMerger/hzhu/refgh_ordering_gauge_discriminator_phase23_20260829_2c848055/src/src/parameter_input.cpp: input parameter <output5>/binary64 = true was not used by the code (check for a typo)
### WARNING in /lus/flare/projects/CompactBinaryMerger/hzhu/refgh_ordering_gauge_discriminator_phase23_20260829_2c848055/src/src/parameter_input.cpp: input parameter <output5>/single_file_per_rank = false was not used by the code (check for a typo)
### WARNING in /lus/flare/projects/CompactBinaryMerger/hzhu/refgh_ordering_gauge_discriminator_phase23_20260829_2c848055/src/src/parameter_input.cpp: input parameter <output5>/common_adm_fd_order = 4 was not used by the code (check for a typo)

Setup complete, executing task list(s)...

elapsed=2.075667e+01 cycle=0 time=0.000000e+00 dt=3.404497e-03
elapsed=2.247030e+01 cycle=10 time=3.404497e-02 dt=3.404497e-03
elapsed=2.445011e+01 cycle=20 time=6.808994e-02 dt=3.404497e-03
elapsed=2.649310e+01 cycle=30 time=1.021349e-01 dt=3.404497e-03
elapsed=2.822535e+01 cycle=40 time=1.361799e-01 dt=3.404497e-03
elapsed=3.020036e+01 cycle=50 time=1.702249e-01 dt=3.404497e-03
elapsed=3.238431e+01 cycle=60 time=2.042698e-01 dt=3.404497e-03
elapsed=3.410615e+01 cycle=70 time=2.383148e-01 dt=3.404497e-03
elapsed=3.616455e+01 cycle=80 time=2.723598e-01 dt=3.404497e-03
elapsed=4.125475e+01 cycle=90 time=3.064048e-01 dt=3.404497e-03
elapsed=4.299072e+01 cycle=100 time=3.404497e-01 dt=3.404497e-03
elapsed=4.667120e+01 cycle=110 time=3.744947e-01 dt=3.404497e-03
elapsed=5.190398e+01 cycle=120 time=4.085397e-01 dt=3.404497e-03
elapsed=5.362856e+01 cycle=130 time=4.425846e-01 dt=3.404497e-03
elapsed=5.603092e+01 cycle=140 time=4.766296e-01 dt=3.404497e-03
elapsed=5.980959e+01 cycle=150 time=5.106746e-01 dt=3.404497e-03
elapsed=6.155400e+01 cycle=160 time=5.447196e-01 dt=3.404497e-03
elapsed=6.488828e+01 cycle=170 time=5.787645e-01 dt=3.404497e-03
elapsed=6.923852e+01 cycle=180 time=6.128095e-01 dt=3.404497e-03
elapsed=7.097928e+01 cycle=190 time=6.468545e-01 dt=3.404497e-03
elapsed=7.300473e+01 cycle=200 time=6.808994e-01 dt=3.404497e-03
elapsed=7.921494e+01 cycle=210 time=7.149444e-01 dt=3.404497e-03
elapsed=8.094804e+01 cycle=220 time=7.489894e-01 dt=3.404497e-03
elapsed=8.457826e+01 cycle=230 time=7.830344e-01 dt=3.404497e-03
elapsed=8.675530e+01 cycle=240 time=8.170793e-01 dt=3.404497e-03
elapsed=9.003847e+01 cycle=250 time=8.511243e-01 dt=3.404497e-03
elapsed=9.175908e+01 cycle=260 time=8.851693e-01 dt=3.404497e-03
elapsed=9.689513e+01 cycle=270 time=9.192143e-01 dt=3.404497e-03
elapsed=1.003436e+02 cycle=280 time=9.532592e-01 dt=3.404497e-03
elapsed=1.020521e+02 cycle=290 time=9.873042e-01 dt=3.404497e-03
elapsed=1.321812e+02 cycle=300 time=1.021349e+00 dt=3.404497e-03
elapsed=1.342099e+02 cycle=310 time=1.055394e+00 dt=3.404497e-03
elapsed=1.359456e+02 cycle=320 time=1.089439e+00 dt=3.404497e-03
elapsed=1.381465e+02 cycle=330 time=1.123484e+00 dt=3.404497e-03
### FATAL ERROR: ref_gh reached an invalid effective timestep.
Kokkos::SYCL ERROR: Failed to call Kokkos::SYCL::finalize()
x4610c7s7b0n0.hsn.cm.aurora.alcf.anl.gov: rank 3 exited with code 1
x4610c7s7b0n0.hsn.cm.aurora.alcf.anl.gov: rank 2 died from signal 15
real 140.73
user 0.00
sys 0.01
