### WARNING in /lus/flare/projects/CompactBinaryMerger/hzhu/refgh_transition_path_20260823T0225Z_dc7a408/src/src/mesh/load_balance.cpp at line 83
Number of MeshBlocks cannot be divided evenly by number of MPI ranks. This will result in poor load balancing.

Root grid = 3 x 3 x 3 MeshBlocks
Total number of MeshBlocks = 34
Number of logical  levels of refinement = 3 (4 levels total)
Number of physical levels of refinement = 1 (2 levels total)
Number of parallel ranks = 12
  Rank = 0: 2 MeshBlocks, cost = 2
  Rank = 1: 2 MeshBlocks, cost = 2
  Rank = 2: 3 MeshBlocks, cost = 3
  Rank = 3: 3 MeshBlocks, cost = 3
  Rank = 4: 3 MeshBlocks, cost = 3
  Rank = 5: 3 MeshBlocks, cost = 3
  Rank = 6: 3 MeshBlocks, cost = 3
  Rank = 7: 3 MeshBlocks, cost = 3
  Rank = 8: 3 MeshBlocks, cost = 3
  Rank = 9: 3 MeshBlocks, cost = 3
  Rank = 10: 3 MeshBlocks, cost = 3
  Rank = 11: 3 MeshBlocks, cost = 3
Load Balancing:
  Maximum normalized cost = 1.5, Average = 1.41667
reference-GH puncture vertex audit passed; minimum cell radius=0.0360844, wormhole match state=0, G=0, lapse=1.91962e-14, shift=0
### WARNING in /lus/flare/projects/CompactBinaryMerger/hzhu/refgh_transition_path_20260823T0225Z_dc7a408/src/src/parameter_input.cpp: input parameter <mesh_refinement>/num_levels = 2 was not used by the code (check for a typo)
### WARNING in /lus/flare/projects/CompactBinaryMerger/hzhu/refgh_transition_path_20260823T0225Z_dc7a408/src/src/parameter_input.cpp: input parameter <mesh_refinement>/max_nmb_per_rank = 128 was not used by the code (check for a typo)

Setup complete, executing task list(s)...

elapsed=6.789962e+00 cycle=0 time=0.000000e+00 dt=3.591537e-03
elapsed=4.350691e+01 cycle=10 time=3.591536e-02 dt=3.591534e-03
elapsed=8.203640e+01 cycle=20 time=7.183065e-02 dt=3.591519e-03
elapsed=1.205264e+02 cycle=30 time=1.077457e-01 dt=3.591485e-03
elapsed=1.580856e+02 cycle=40 time=1.436603e-01 dt=3.591422e-03
elapsed=1.965831e+02 cycle=50 time=1.795741e-01 dt=3.591324e-03
elapsed=2.351315e+02 cycle=60 time=2.154868e-01 dt=3.591184e-03
elapsed=2.745538e+02 cycle=70 time=2.513978e-01 dt=3.590994e-03
elapsed=3.112755e+02 cycle=80 time=2.873067e-01 dt=3.590749e-03
elapsed=3.498191e+02 cycle=90 time=3.232128e-01 dt=3.590444e-03
elapsed=3.883359e+02 cycle=100 time=3.591157e-01 dt=3.590072e-03
elapsed=4.259389e+02 cycle=110 time=3.950144e-01 dt=3.589629e-03
elapsed=4.644807e+02 cycle=120 time=4.309085e-01 dt=3.589111e-03
elapsed=5.030014e+02 cycle=130 time=4.667970e-01 dt=3.588513e-03
elapsed=5.464086e+02 cycle=140 time=5.026791e-01 dt=3.587832e-03
elapsed=5.830920e+02 cycle=150 time=5.385540e-01 dt=3.587065e-03
elapsed=6.216220e+02 cycle=160 time=5.744209e-01 dt=3.586208e-03
elapsed=6.601675e+02 cycle=170 time=6.102788e-01 dt=3.585260e-03
elapsed=6.977936e+02 cycle=180 time=6.461268e-01 dt=3.584217e-03
elapsed=7.363182e+02 cycle=190 time=6.819639e-01 dt=3.583080e-03
elapsed=7.748457e+02 cycle=200 time=7.177892e-01 dt=3.581845e-03
elapsed=8.133787e+02 cycle=210 time=7.536018e-01 dt=3.580512e-03
elapsed=8.510064e+02 cycle=220 time=7.894005e-01 dt=3.579081e-03
elapsed=8.894606e+02 cycle=230 time=8.251845e-01 dt=3.577551e-03
elapsed=9.279789e+02 cycle=240 time=8.609528e-01 dt=3.575921e-03
elapsed=9.655834e+02 cycle=250 time=8.967043e-01 dt=3.574194e-03
elapsed=1.004132e+03 cycle=260 time=9.324381e-01 dt=3.572368e-03
elapsed=1.042656e+03 cycle=270 time=9.681532e-01 dt=3.570445e-03
elapsed=1.085090e+03 cycle=280 time=1.003849e+00 dt=3.568426e-03
elapsed=1.122697e+03 cycle=290 time=1.039523e+00 dt=3.566312e-03
elapsed=1.161224e+03 cycle=300 time=1.075177e+00 dt=3.564106e-03
elapsed=1.199758e+03 cycle=310 time=1.110808e+00 dt=3.561810e-03
elapsed=1.237360e+03 cycle=320 time=1.146415e+00 dt=3.559424e-03
elapsed=1.275899e+03 cycle=330 time=1.181998e+00 dt=3.556952e-03
elapsed=1.314353e+03 cycle=340 time=1.217556e+00 dt=3.554397e-03
elapsed=1.353658e+03 cycle=350 time=1.253088e+00 dt=3.551761e-03
elapsed=1.390387e+03 cycle=360 time=1.288594e+00 dt=3.549048e-03
elapsed=1.428930e+03 cycle=370 time=1.324072e+00 dt=3.546259e-03
elapsed=1.467447e+03 cycle=380 time=1.359522e+00 dt=3.543400e-03
elapsed=1.505076e+03 cycle=390 time=1.394943e+00 dt=3.540473e-03
elapsed=1.543627e+03 cycle=400 time=1.430334e+00 dt=3.537482e-03
elapsed=1.582139e+03 cycle=410 time=1.465695e+00 dt=3.534430e-03
elapsed=1.625469e+03 cycle=420 time=1.501025e+00 dt=3.531322e-03
elapsed=1.662151e+03 cycle=430 time=1.536324e+00 dt=3.528162e-03
elapsed=1.700684e+03 cycle=440 time=1.571592e+00 dt=3.524953e-03
elapsed=1.739276e+03 cycle=450 time=1.606827e+00 dt=3.521700e-03
elapsed=1.776879e+03 cycle=460 time=1.642029e+00 dt=3.518406e-03
elapsed=1.815402e+03 cycle=470 time=1.677198e+00 dt=3.515076e-03
elapsed=1.853921e+03 cycle=480 time=1.712334e+00 dt=3.511715e-03
elapsed=1.891501e+03 cycle=490 time=1.747435e+00 dt=3.508326e-03
elapsed=1.930041e+03 cycle=500 time=1.782503e+00 dt=3.504915e-03
elapsed=1.968599e+03 cycle=510 time=1.817537e+00 dt=3.501484e-03
elapsed=2.007990e+03 cycle=520 time=1.852536e+00 dt=3.498039e-03
elapsed=2.044711e+03 cycle=530 time=1.887501e+00 dt=3.494584e-03
### FATAL ERROR: ref_gh reached an invalid effective timestep.
Kokkos::SYCL ERROR: Failed to call Kokkos::SYCL::finalize()
### FATAL ERROR: ref_gh reached an invalid effective timestep.
Kokkos::SYCL ERROR: Failed to call Kokkos::SYCL::finalize()
### FATAL ERROR: ref_gh reached an invalid effective timestep.
Kokkos::SYCL ERROR: Failed to call Kokkos::SYCL::finalize()
x4216c5s0b0n0.hsn.cm.aurora.alcf.anl.gov: rank 4 exited with code 1
x4216c5s0b0n0.hsn.cm.aurora.alcf.anl.gov: rank 2 died from signal 15
real 2080.59
user 0.01
sys 0.05
