
Root grid = 1 x 1 x 1 MeshBlocks
Total number of MeshBlocks = 1
Number of logical  levels of refinement = 0 (1 levels total)
Number of physical levels of refinement = 0 (1 levels total)
Number of parallel ranks = 1
ref_gh reference allocation backend=analytic_radial_q generic_bytes=0 analytic_static_components=12 analytic_stage_components=8 analytic_static_bytes=35831808 analytic_stage_bytes=23887872
ref_gh compact q sample list local_count=1960 bytes=23520
reference-GH puncture minimum cell-center radius = 0.0541266
reference-GH stationary initial RHS Linf = 3.33148e-13, component=10, radius=0.22317, coordinate reference Ricci Linf=4.14162e-10, frame reference Ricci Linf=1.38778e-16
### WARNING in /lus/flare/projects/CompactBinaryMerger/hzhu/refgh_staged_rhs_20260828_baseline_a09caf_phase1/src/src/parameter_input.cpp: input parameter <problem>/common_adm_history = false was not used by the code (check for a typo)
### WARNING in /lus/flare/projects/CompactBinaryMerger/hzhu/refgh_staged_rhs_20260828_baseline_a09caf_phase1/src/src/parameter_input.cpp: input parameter <problem>/common_adm_fd_order = 4 was not used by the code (check for a typo)

Setup complete, executing task list(s)...

elapsed=3.681736e+00 cycle=0 time=0.000000e+00 dt=5.118043e-03
reference-GH stationary trumpet: field Linf=3.292748e-01, physical metric Linf=5.140478e-04, lapse Linf=2.115063e-04, shift Linf=1.556515e-06, constraint Linf=1.915707e-03, RHS estimate=3.331479e-13

Terminating on cycle limit
time=1.023673e-01 cycle=20
tlim=1.000000e+02 nlim=20

MeshBlock-cycles = 20
cpu time used  = 9.223735e+00
zone-cycles/cpu_second = 5.684118e+05
particle-updates/cpu_second = 0.000000e+00
real 13.56
user 0.00
sys 0.00
