2 2 0.0 0.0 PASS 1.399520492927258e-16 [3.02093906 3.01046841]
2 2 0.0 0.2 PASS 9.318679156798261e-12 [2.99880224 2.99928836]
2 2 0.0 0.8 PASS 6.328876578195903e-12 [3.00317719 3.00173322]
2 2 0.0 1.6 PASS 3.607612812822848e-12 [2.98750864 2.99516036]
2 2 0.0 3.141592653589793 PASS 7.508458194735609e-13 [2.99386024 2.99711613]
2 2 0.3 0.0 PASS 2.7061686225238187e-12 [3.02093906 3.01046841]
2 2 0.3 0.2 PASS 9.318679156798261e-12 [2.99880173 2.99928831]
2 2 0.3 0.8 PASS 6.328876578195903e-12 [3.00366122 3.00195053]
2 2 0.3 1.6 PASS 3.607612812822848e-12 [2.99817356 3.00061561]
2 2 0.3 3.141592653589793 PASS 7.508458194735609e-13 [3.04364602 3.02154445]
2 3 0.0 0.0 PASS 1.399520492927258e-16 [3.02093906 3.01046841]
2 3 0.0 0.2 PASS 1.1108565959271435e-11 [2.99884528 2.99930626]
2 3 0.0 0.8 PASS 6.328876578195903e-12 [3.00286776 3.00152903]
2 3 0.0 1.6 PASS 3.607612812822848e-12 [2.9895055  2.99630983]
2 3 0.0 3.141592653589793 PASS 8.634322910032684e-13 [2.99997988 3.00039021]
2 3 0.3 0.0 PASS 3.400058012914542e-12 [3.02093906 3.01046841]
2 3 0.3 0.2 PASS 1.1108565959271435e-11 [2.99884462 2.99930622]
2 3 0.3 0.8 PASS 6.328876578195903e-12 [3.00330218 3.00172091]
2 3 0.3 1.6 PASS 3.607612812822848e-12 [3.00042404 3.00185354]
2 3 0.3 3.141592653589793 PASS 8.953871453442696e-13 [3.03257923 3.01588197]
4 2 0.0 0.0 PASS 1.2952342901921078e-11 [3.02093906 3.01046841]
4 2 0.0 0.2 PASS 5.26015230699482e-12 [2.99877541 2.99927417]
4 2 0.0 0.8 PASS 1.422183978925262e-11 [2.99869266 2.99918539]
4 2 0.0 1.6 PASS 4.5300363623946e-12 [2.99153044 2.99621471]
4 2 0.0 3.141592653589793 PASS 1.6653012382522704e-11 [3.00313535 3.00191232]
4 2 0.3 0.0 PASS 1.2952342901921078e-11 [3.02093906 3.01046841]
4 2 0.3 0.2 PASS 7.667091798228472e-12 [2.99877542 2.999274  ]
4 2 0.3 0.8 PASS 1.422183978925262e-11 [2.99872128 2.99919776]
4 2 0.3 1.6 PASS 1.0355120109440279e-11 [2.99168055 2.99638179]
4 2 0.3 3.141592653589793 PASS 1.6653012382522704e-11 [3.02133247 3.01049652]
4 3 0.0 0.0 PASS 1.2952342901921078e-11 [3.02093906 3.01046841]
4 3 0.0 0.2 PASS 2.657963653730651e-11 [2.9988166  2.99929105]
4 3 0.0 0.8 PASS 1.422183978925262e-11 [2.99764841 2.99863018]
4 3 0.0 1.6 PASS 4.5300363623946e-12 [2.98670783 2.99391418]
4 3 0.0 3.141592653589793 PASS 1.6653012382522704e-11 [2.99439976 2.99697101]
4 3 0.3 0.0 PASS 1.2952342901921078e-11 [3.02093906 3.01046841]
4 3 0.3 0.2 PASS 2.657963653730651e-11 [2.99881661 2.99929109]
4 3 0.3 0.8 PASS 1.422183978925262e-11 [2.99767356 2.99864147]
4 3 0.3 1.6 PASS 1.1900306403095513e-11 [2.98708961 2.99433471]
4 3 0.3 3.141592653589793 PASS 1.6653012382522704e-11 [3.01781169 3.00956545]
6 2 0.0 0.0 PASS 1.0639679877873693e-11 [3.02093906 3.01046841]
6 2 0.0 0.2 PASS 3.258812223497816e-11 [2.99877522 2.99927423]
6 2 0.0 0.8 PASS 1.1411296416793036e-11 [2.99788662 2.99875824]
6 2 0.0 1.6 PASS 6.274514144393382e-12 [2.97241904 2.98893014]
6 2 0.0 3.141592653589793 PASS 1.0639591278350985e-11 [2.9935943  2.99654804]
6 2 0.3 0.0 PASS 1.0639679877873693e-11 [3.02093906 3.01046841]
6 2 0.3 0.2 PASS 3.258812223497816e-11 [2.99877523 2.99927417]
6 2 0.3 0.8 PASS 1.3910829740773414e-11 [2.99789043 2.99875993]
6 2 0.3 1.6 PASS 9.434485872215363e-12 [2.97403156 2.98989527]
6 2 0.3 3.141592653589793 PASS 1.0639591278350985e-11 [3.01433418 3.00790903]
6 3 0.0 0.0 PASS 1.0639679877873693e-11 [3.02093906 3.01046841]
6 3 0.0 0.2 PASS 3.258812223497816e-11 [2.99881641 2.99929099]
6 3 0.0 0.8 PASS 1.1411296416793036e-11 [2.99679065 2.99818468]
6 3 0.0 1.6 PASS 8.103894381627284e-12 [2.97208606 2.98921029]
6 3 0.0 3.141592653589793 PASS 1.0639591278350985e-11 [2.98287493 2.99222929]
6 3 0.3 0.0 PASS 1.0639679877873693e-11 [3.02093906 3.01046841]
6 3 0.3 0.2 PASS 3.258812223497816e-11 [2.99881641 2.99929108]
6 3 0.3 0.8 PASS 1.1411296416793036e-11 [2.99679408 2.99818628]
6 3 0.3 1.6 PASS 1.4257307822688691e-11 [2.97393574 2.99028214]
6 3 0.3 3.141592653589793 PASS 1.0639591278350985e-11 [3.02222269 3.01240097]
{
  "status": "PASS",
  "cases": 60,
  "compiled_points": 12000,
  "max_matrix_error": 3.258812223497816e-11,
  "max_rk_radius": 1.0,
  "max_closure_error": 1.461165946266587e-16,
  "minimum_time_order": 2.9720860557528352,
  "binary_sha256": "99242ae80c119944c3e3e80bd71f4c0bd8c225044f6eed1b1bc621ab7fd746f0",
  "input_sha256": "deaab54a471ed064b99f7f1489020a37dc82ccb01cbbf81f080b699270ac8fec",
  "matrix_archive_sha256": "ff6ad3d15ddcdf6f14a252fa2e30c739e0e60c539ae9e73bdf0d7b72375bb94c",
  "wall_seconds": 1.6942811012268066,
  "command": [
    "replay",
    "/scratch/gpfs/FPRETORI/hz0693/pcgh-clean-reduction-20260907-intrinsic-stencil-001/intrinsic-stencil-cpu-raw-001"
  ],
  "scope": "compiled nonlinear FD consumer linearization and uniform coupled Fourier RK3/KO; no mesh boundaries or evolution"
}
