40513-ref_gh debug fence passed: ref_gh RecvU
40514-ref_gh debug fence passed: ref_gh Prolongate
40515-ref_gh debug fence passed: ref_gh ApplyPhysicalBCs projected trumpet metric
40516-ref_gh debug fence passed: ref_gh ApplyPhysicalBCs projected trumpet gauge
40517-ref_gh debug fence passed: ref_gh RecvU
40518-ref_gh debug fence passed: ref_gh Prolongate
40519-ref_gh debug fence passed: ref_gh ApplyPhysicalBCs projected trumpet metric
40520-ref_gh debug fence passed: ref_gh ApplyPhysicalBCs projected trumpet gauge
40521:Segmentation fault from GPU at 0xff00000e5e460000, ctx_id: 1 (CCS) type: 0 (NotPresent), level: 1 (PDE), access: 1 (Write), banned: 1, aborting.
40522-Abort was called at 288 line in file:
40523-/home/ubit/rpmbuild/BUILD/intel-compute-runtime-25.18.33578.42/shared/source/os_interface/linux/drm_neo.cpp
40524:Segmentation fault from GPU at 0xff00000e5e460000, ctx_id: 1 (CCS) type: 0 (NotPresent), level: 1 (PDE), access: 1 (Write), banned: 1, aborting.
40525:Segmentation fault from GPU at 0xff00000e55ac4000, ctx_id: 1 (CCS) type: 0 (NotPresent), level: 1 (PDE), access: 1 (Write), banned: 1, aborting.
40526-Abort was called at 288 line in file:
40527-/home/ubit/rpmbuild/BUILD/intel-compute-runtime-25.18.33578.42/shared/source/os_interface/linux/drm_neo.cpp
40528:Segmentation fault from GPU at 0xff00000e55ac4000, ctx_id: 1 (CCS) type: 0 (NotPresent), level: 1 (PDE), access: 1 (Write), banned: 1, aborting.
40529:Segmentation fault from GPU at 0xff00000e566d6000, ctx_id: 1 (CCS) type: 0 (NotPresent), level: 1 (PDE), access: 1 (Write), banned: 1, aborting.
40530:Segmentation fault from GPU at 0xff00000e566d6000, ctx_id: 1 (CCS) type: 0 (NotPresent), level: 1 (PDE), access: 1 (Write), banned: 1, aborting.
40531-Abort was called at 288 line in file:
40532-/home/ubit/rpmbuild/BUILD/intel-compute-runtime-25.18.33578.42/shared/source/os_interface/linux/drm_neo.cpp
40533:Segmentation fault from GPU at 0xff00000e53e31000, ctx_id: 1 (CCS) type: 0 (NotPresent), level: 1 (PDE), access: 1 (Write), banned: 1, aborting.
40534-Abort was called at 288 line in file:
40535-/home/ubit/rpmbuild/BUILD/intel-compute-runtime-25.18.33578.42/shared/source/os_interface/linux/drm_neo.cpp
40536:Segmentation fault from GPU at 0xff00000e53e31000, ctx_id: 1 (CCS) type: 0 (NotPresent), level: 1 (PDE), access: 1 (Write), banned: 1, aborting.
40537:Segmentation fault from GPU at 0xff00000e59ee4000, ctx_id: 1 (CCS) type: 0 (NotPresent), level: 1 (PDE), access: 1 (Write), banned: 1, aborting.
40538:Segmentation fault from GPU at 0xff00000e59ee4000, ctx_id: 1 (CCS) type: 0 (NotPresent), level: 1 (PDE), access: 1 (Write), banned: 1, aborting.
40539-Abort was called at 288 line in file:
40540-/home/ubit/rpmbuild/BUILD/intel-compute-runtime-25.18.33578.42/shared/source/os_interface/linux/drm_neo.cpp
40541:Segmentation fault from GPU at 0xff00000e5949e000, ctx_id: 1 (CCS) type: 0 (NotPresent), level: 1 (PDE), access: 1 (Write), banned: 1, aborting.
40542:Segmentation fault from GPU at 0xff00000e5949e000, ctx_id: 1 (CCS) type: 0 (NotPresent), level: 1 (PDE), access: 1 (Write), banned: 1, aborting.
40543-Abort was called at 288 line in file:
40544-/home/ubit/rpmbuild/BUILD/intel-compute-runtime-25.18.33578.42/shared/source/os_interface/linux/drm_neo.cpp
40545:Segmentation fault from GPU at 0xff00000e4d785000, ctx_id: 1 (CCS) type: 0 (NotPresent), level: 1 (PDE), access: 1 (Write), banned: 1, aborting.
40546:Segmentation fault from GPU at 0xff00000e4d785000, ctx_id: 1 (CCS) type: 0 (NotPresent), level: 1 (PDE), access: 1 (Write), banned: 1, aborting.
40547-Abort was called at 288 line in file:
40548-/home/ubit/rpmbuild/BUILD/intel-compute-runtime-25.18.33578.42/shared/source/os_interface/linux/drm_neo.cpp
40549:Segmentation fault from GPU at 0xff00000e5222c000, ctx_id: 1 (CCS) type: 0 (NotPresent), level: 1 (PDE), access: 1 (Write), banned: 1, aborting.
40550-Abort was called at 288 line in file:
40551-/home/ubit/rpmbuild/BUILD/intel-compute-runtime-25.18.33578.42/shared/source/os_interface/linux/drm_neo.cpp
40552:Segmentation fault from GPU at 0xff00000e5222c000, ctx_id: 1 (CCS) type: 0 (NotPresent), level: 1 (PDE), access: 1 (Write), banned: 1, aborting.
40553-x4117c6s7b0n0.hsn.cm.aurora.alcf.anl.gov: rank 11 died from signal 6
40554-x4117c6s7b0n0.hsn.cm.aurora.alcf.anl.gov: rank 4 died from signal 15
40555-real 14.88
40556-user 0.01
40557-sys 0.01
