
Root grid = 1 x 1 x 1 MeshBlocks
Total number of MeshBlocks = 1
Number of logical  levels of refinement = 0 (1 levels total)
Number of physical levels of refinement = 0 (1 levels total)
Number of parallel ranks = 1
reference-GH puncture minimum cell-center radius = 0.0541266
reference-GH stationary physical-target audit: |F-H_constraint|_Linf=1.32161e-12, |tildeGamma|_Linf=1.77636e-15, |stored_Hhat_A|_Linf=3.33955e-13, |stored_theta_A|_Linf=2.06057e-12
reference-GH production cache oracle conditioned scaled Linf = 1.42109e-14, time=0
reference-GH stationary initial RHS Linf = 6.67244e-12, component=52, radius=0.16238, coordinate reference Ricci Linf=3.75621e-10, frame reference Ricci Linf=3.33067e-16

Setup complete, executing task list(s)...

elapsed=1.980285e+00 cycle=0 time=0.000000e+00 dt=1.292972e-02
elapsed=2.882785e+00 cycle=1 time=1.292972e-02 dt=1.292972e-02
elapsed=3.871336e+00 cycle=2 time=2.585944e-02 dt=1.292972e-02
elapsed=4.752775e+00 cycle=3 time=3.878917e-02 dt=1.292972e-02
elapsed=5.730179e+00 cycle=4 time=5.171889e-02 dt=1.292972e-02
elapsed=6.651767e+00 cycle=5 time=6.464861e-02 dt=1.292972e-02
elapsed=7.645363e+00 cycle=6 time=7.757833e-02 dt=1.292972e-02
elapsed=8.561771e+00 cycle=7 time=9.050805e-02 dt=9.491946e-03
reference-GH stationary trumpet: field Linf=2.916900e-13, physical metric Linf=8.384404e-13, lapse Linf=1.998401e-15, shift Linf=2.237793e-16, constraint Linf=2.911886e-13, RHS estimate=6.672440e-12
elapsed=9.731696e+00 cycle=8 time=1.000000e-01 dt=1.292972e-02

Terminating on time limit
time=1.000000e-01 cycle=8
tlim=1.000000e-01 nlim=-1

MeshBlock-cycles = 8
cpu time used  = 7.751415e+00
zone-cycles/cpu_second = 4.227357e+03
particle-updates/cpu_second = 0.000000e+00
