order=2 rho=0.5 region=raw-fixed-radius observed_order=2.00202 finest_error=0.00048802 worst_result=scalar.dyy expected=0.607125 observed=0.607613
order=2 rho=-0.5 region=raw-fixed-radius observed_order=2.00202 finest_error=0.00048802 worst_result=scalar.dyy expected=0.607125 observed=0.607613
order=2 rho/h=0 region=native-vc-axis-closure observed_order=2.00101 finest_error=0.000253965 worst_result=vector.divergence
order=2 rho/h=1 region=native-vc-axis-closure observed_order=2.00032 finest_error=0.000214847 worst_result=scalar.dxx
order=2 rho/h=2 region=native-vc-axis-closure observed_order=2.00018 finest_error=0.000644537 worst_result=scalar.dyy
order=2 rho/h=3 region=native-vc-axis-closure observed_order=2.00106 finest_error=0.00107427 worst_result=scalar.dyy
order=2 rho/h=4 region=native-vc-axis-closure observed_order=2.00362 finest_error=0.00150416 worst_result=scalar.dyy
order=2 rho/h=0.5 layer=0 region=all-bulk expected_order=1 clean_observed_order=1.00353 finest_error=0.00813163 worst_result=vector[0].dyy expected=0.00406297 observed=0.0121946
order=2 rho/h=1.5 layer=1 region=all-bulk expected_order=1 clean_observed_order=1.0236 finest_error=0.00272318 worst_result=vector[0].dyy expected=0.0122003 observed=0.0149235
order=2 rho/h=2.5 layer=2 region=all-bulk expected_order=1 clean_observed_order=1.0634 finest_error=0.00164914 worst_result=vector[0].dyy expected=0.0203717 observed=0.0220209
order=2 rho/h=3.5 layer=3 region=all-bulk expected_order=1 clean_observed_order=1.12298 finest_error=0.00119441 worst_result=vector[0].dyy expected=0.0286003 observed=0.0297947
order=2 rho/h=4.5 layer=4 region=all-bulk expected_order=1 clean_observed_order=1.2038 finest_error=0.000946249 worst_result=vector[2].dxy expected=0.0369095 observed=0.0378557
order=2 rho/h=-0.5 layer=0 region=all-bulk expected_order=1 clean_observed_order=1.00353 finest_error=0.00813163 worst_result=vector[0].dyy expected=-0.00406297 observed=-0.0121946
order=2 rho/h=-1.5 layer=1 region=all-bulk expected_order=1 clean_observed_order=1.0236 finest_error=0.00272318 worst_result=vector[0].dyy expected=-0.0122003 observed=-0.0149235
order=2 rho/h=-2.5 layer=2 region=all-bulk expected_order=1 clean_observed_order=1.0634 finest_error=0.00164914 worst_result=vector[0].dyy expected=-0.0203717 observed=-0.0220209
order=2 rho/h=-3.5 layer=3 region=all-bulk expected_order=1 clean_observed_order=1.12298 finest_error=0.00119441 worst_result=vector[0].dyy expected=-0.0286003 observed=-0.0297947
order=2 rho/h=-4.5 layer=4 region=all-bulk expected_order=1 clean_observed_order=1.2038 finest_error=0.000946249 worst_result=vector[2].dxy expected=-0.0369095 observed=-0.0378557
order=4 rho=0.5 region=raw-fixed-radius observed_order=4.01794 finest_error=1.74582e-06 worst_result=vector[0].dyy expected=0.147937 observed=0.147936
order=4 rho=-0.5 region=raw-fixed-radius observed_order=4.01794 finest_error=1.74582e-06 worst_result=vector[0].dyy expected=-0.147937 observed=-0.147936
order=4 rho/h=0 region=native-vc-axis-closure observed_order=4.00437 finest_error=2.36738e-07 worst_result=vector.divergence
order=4 rho/h=1 region=native-vc-axis-closure observed_order=4.02548 finest_error=1.18862e-07 worst_result=vector.divergence
order=4 rho/h=2 region=native-vc-axis-closure observed_order=4.10537 finest_error=1.20456e-07 worst_result=vector.divergence
order=4 rho/h=3 region=native-vc-axis-closure observed_order=4.44791 finest_error=1.23497e-07 worst_result=vector.divergence
order=4 rho/h=4 region=native-vc-axis-closure observed_order=6.02687 finest_error=1.31663e-07 worst_result=scalar.dyy
order=4 rho/h=0.5 layer=0 region=all-bulk expected_order=3 clean_observed_order=3.00937 finest_error=7.58338e-06 worst_result=vector[0].dyy expected=0.00406297 observed=0.00405539
order=4 rho/h=1.5 layer=1 region=all-bulk expected_order=3 clean_observed_order=3.05592 finest_error=2.54944e-06 worst_result=vector[0].dyy expected=0.0122003 observed=0.0121977
order=4 rho/h=2.5 layer=2 region=all-bulk expected_order=3 clean_observed_order=3.17905 finest_error=1.55859e-06 worst_result=vector[2].dxy expected=0.0203717 observed=0.0203702
order=4 rho/h=3.5 layer=3 region=all-bulk expected_order=3 clean_observed_order=3.41412 finest_error=1.14955e-06 worst_result=vector[0].dyy expected=0.0286003 observed=0.0285992
order=4 rho/h=4.5 layer=4 region=all-bulk expected_order=3 clean_observed_order=3.76419 finest_error=9.39377e-07 worst_result=vector[0].dyy expected=0.0369095 observed=0.0369086
order=4 rho/h=-0.5 layer=0 region=all-bulk expected_order=3 clean_observed_order=3.00937 finest_error=7.58338e-06 worst_result=vector[0].dyy expected=-0.00406297 observed=-0.00405539
order=4 rho/h=-1.5 layer=1 region=all-bulk expected_order=3 clean_observed_order=3.05592 finest_error=2.54944e-06 worst_result=vector[0].dyy expected=-0.0122003 observed=-0.0121977
order=4 rho/h=-2.5 layer=2 region=all-bulk expected_order=3 clean_observed_order=3.17905 finest_error=1.55859e-06 worst_result=vector[2].dxy expected=-0.0203717 observed=-0.0203702
order=4 rho/h=-3.5 layer=3 region=all-bulk expected_order=3 clean_observed_order=3.41412 finest_error=1.14955e-06 worst_result=vector[0].dyy expected=-0.0286003 observed=-0.0285992
order=4 rho/h=-4.5 layer=4 region=all-bulk expected_order=3 clean_observed_order=3.76419 finest_error=9.39377e-07 worst_result=vector[0].dyy expected=-0.0369095 observed=-0.0369086
order=6 rho=0.5 region=raw-fixed-radius observed_order=6.0195 finest_error=1.61666e-08 worst_result=tensor[2].dxy expected=0.520563 observed=0.520563
order=6 rho=-0.5 region=raw-fixed-radius observed_order=6.0195 finest_error=1.61666e-08 worst_result=tensor[2].dxy expected=0.520563 observed=0.520563
order=6 rho/h=0 region=native-vc-axis-closure observed_order=6.00015 finest_error=1.13982e-09 worst_result=scalar.dxx
order=6 rho/h=1 region=native-vc-axis-closure observed_order=6.00016 finest_error=1.13981e-09 worst_result=scalar.dxx
order=6 rho/h=2 region=native-vc-axis-closure observed_order=6.00001 finest_error=1.89989e-09 worst_result=scalar.dyy
order=6 rho/h=3 region=native-vc-axis-closure observed_order=6.01844 finest_error=8.86623e-09 worst_result=scalar.dyy
order=6 rho/h=4 region=native-vc-axis-closure observed_order=6.09742 finest_error=2.39387e-08 worst_result=scalar.dyy
order=6 rho/h=0.5 layer=0 region=all-bulk expected_order=5 clean_observed_order=5.28528 finest_error=1.38867e-08 worst_result=vector[0].dyy expected=0.00406297 observed=0.00406299
order=6 rho/h=1.5 layer=1 region=all-bulk expected_order=5 clean_observed_order=5.79523 finest_error=5.68502e-09 worst_result=vector[0].dyy expected=0.0122003 observed=0.0122003
order=6 rho/h=2.5 layer=2 region=all-bulk expected_order=5 clean_observed_order=6.23194 finest_error=4.67836e-09 worst_result=vector[0].dyy expected=0.0203717 observed=0.0203717
order=6 rho/h=3.5 layer=3 region=all-bulk expected_order=5 clean_observed_order=6.4945 finest_error=4.71331e-09 worst_result=tensor[0].dyy expected=-0.205 observed=-0.205
order=6 rho/h=4.5 layer=4 region=all-bulk expected_order=5 clean_observed_order=6.65647 finest_error=5.06337e-09 worst_result=vector[2].dxy expected=0.0369095 observed=0.0369095
order=6 rho/h=-0.5 layer=0 region=all-bulk expected_order=5 clean_observed_order=5.28528 finest_error=1.38867e-08 worst_result=vector[0].dyy expected=-0.00406297 observed=-0.00406299
order=6 rho/h=-1.5 layer=1 region=all-bulk expected_order=5 clean_observed_order=5.79523 finest_error=5.68503e-09 worst_result=vector[0].dyy expected=-0.0122003 observed=-0.0122003
order=6 rho/h=-2.5 layer=2 region=all-bulk expected_order=5 clean_observed_order=6.23194 finest_error=4.67836e-09 worst_result=vector[0].dyy expected=-0.0203717 observed=-0.0203717
order=6 rho/h=-3.5 layer=3 region=all-bulk expected_order=5 clean_observed_order=6.4945 finest_error=4.71329e-09 worst_result=tensor[0].dyy expected=-0.205 observed=-0.205
order=6 rho/h=-4.5 layer=4 region=all-bulk expected_order=5 clean_observed_order=6.65647 finest_error=5.06337e-09 worst_result=vector[2].dxy expected=-0.0369095 observed=-0.0369095
Cartoon derivative manufactured-oracle tests passed
