
Root grid = 1 x 1 x 1 MeshBlocks
Total number of MeshBlocks = 1
Number of logical  levels of refinement = 0 (1 levels total)
Number of physical levels of refinement = 0 (1 levels total)
Number of parallel ranks = 1
### WARNING in /home/hzhu/Desktop/research/gr/athenak/src/parameter_input.cpp: input parameter <output2>/file_type = rst was not used by the code (check for a typo)

Setup complete, executing task list(s)...

elapsed=4.849294e-02 cycle=0 time=0.000000e+00 dt=1.681669e-02
elapsed=2.108950e-01 cycle=1 time=1.681669e-02 dt=1.681669e-02
elapsed=3.657726e-01 cycle=2 time=3.363339e-02 dt=1.681669e-02
elapsed=5.228341e-01 cycle=3 time=5.045007e-02 dt=1.681668e-02
elapsed=6.815111e-01 cycle=4 time=6.726675e-02 dt=1.681666e-02
elapsed=8.441431e-01 cycle=5 time=8.408341e-02 dt=1.681665e-02
elapsed=9.995857e-01 cycle=6 time=1.009001e-01 dt=1.681663e-02
elapsed=1.156401e+00 cycle=7 time=1.177167e-01 dt=1.681661e-02
elapsed=1.326108e+00 cycle=8 time=1.345333e-01 dt=1.681658e-02
elapsed=1.486553e+00 cycle=9 time=1.513499e-01 dt=1.681656e-02
elapsed=1.648023e+00 cycle=10 time=1.681664e-01 dt=1.681653e-02
elapsed=1.809794e+00 cycle=11 time=1.849830e-01 dt=1.681650e-02
elapsed=1.973947e+00 cycle=12 time=2.017995e-01 dt=1.681647e-02
elapsed=2.135230e+00 cycle=13 time=2.186159e-01 dt=1.681643e-02
elapsed=2.291626e+00 cycle=14 time=2.354324e-01 dt=1.681640e-02
elapsed=2.451796e+00 cycle=15 time=2.522488e-01 dt=1.681636e-02
elapsed=2.607456e+00 cycle=16 time=2.690651e-01 dt=1.681633e-02
elapsed=2.766246e+00 cycle=17 time=2.858814e-01 dt=1.681629e-02
elapsed=2.924213e+00 cycle=18 time=3.026977e-01 dt=1.681626e-02
elapsed=3.081370e+00 cycle=19 time=3.195140e-01 dt=1.681622e-02
elapsed=3.236515e+00 cycle=20 time=3.363302e-01 dt=1.681618e-02
elapsed=3.393316e+00 cycle=21 time=3.531464e-01 dt=1.681615e-02
elapsed=3.555512e+00 cycle=22 time=3.699625e-01 dt=1.681611e-02
elapsed=3.720558e+00 cycle=23 time=3.867787e-01 dt=1.681608e-02
elapsed=3.879293e+00 cycle=24 time=4.035947e-01 dt=1.681604e-02
elapsed=4.039425e+00 cycle=25 time=4.204108e-01 dt=1.681600e-02
elapsed=4.198682e+00 cycle=26 time=4.372268e-01 dt=1.681597e-02
elapsed=4.357315e+00 cycle=27 time=4.540428e-01 dt=1.681594e-02
elapsed=4.515778e+00 cycle=28 time=4.708587e-01 dt=1.681590e-02
elapsed=4.674653e+00 cycle=29 time=4.876746e-01 dt=1.681587e-02
elapsed=4.835925e+00 cycle=30 time=5.044905e-01 dt=1.681584e-02
elapsed=4.998138e+00 cycle=31 time=5.213063e-01 dt=1.681581e-02
elapsed=5.159259e+00 cycle=32 time=5.381221e-01 dt=1.681579e-02
elapsed=5.324544e+00 cycle=33 time=5.549379e-01 dt=1.681576e-02
elapsed=5.486980e+00 cycle=34 time=5.717537e-01 dt=1.681574e-02
elapsed=5.651207e+00 cycle=35 time=5.885694e-01 dt=1.681571e-02
elapsed=5.815487e+00 cycle=36 time=6.053851e-01 dt=1.681569e-02
elapsed=5.982359e+00 cycle=37 time=6.222008e-01 dt=1.681567e-02
elapsed=6.148554e+00 cycle=38 time=6.390165e-01 dt=1.681565e-02
elapsed=6.309870e+00 cycle=39 time=6.558321e-01 dt=1.681564e-02
elapsed=6.468758e+00 cycle=40 time=6.726478e-01 dt=1.681562e-02
elapsed=6.628015e+00 cycle=41 time=6.894634e-01 dt=1.681561e-02
elapsed=6.795964e+00 cycle=42 time=7.062790e-01 dt=1.681560e-02
elapsed=6.953077e+00 cycle=43 time=7.230946e-01 dt=1.681560e-02
elapsed=7.110427e+00 cycle=44 time=7.399102e-01 dt=1.681559e-02
elapsed=7.279711e+00 cycle=45 time=7.567258e-01 dt=1.681559e-02
elapsed=7.437827e+00 cycle=46 time=7.735414e-01 dt=1.681559e-02
elapsed=7.599654e+00 cycle=47 time=7.903570e-01 dt=1.681560e-02
elapsed=7.765931e+00 cycle=48 time=8.071726e-01 dt=1.681561e-02
elapsed=7.923519e+00 cycle=49 time=8.239882e-01 dt=1.681562e-02
elapsed=8.081041e+00 cycle=50 time=8.408038e-01 dt=1.681563e-02
elapsed=8.238215e+00 cycle=51 time=8.576194e-01 dt=1.681565e-02
elapsed=8.397079e+00 cycle=52 time=8.744351e-01 dt=1.681567e-02
elapsed=8.557138e+00 cycle=53 time=8.912508e-01 dt=1.681569e-02
elapsed=8.717745e+00 cycle=54 time=9.080665e-01 dt=1.681572e-02
elapsed=8.880298e+00 cycle=55 time=9.248822e-01 dt=1.681575e-02
elapsed=9.040044e+00 cycle=56 time=9.416979e-01 dt=1.681578e-02
elapsed=9.204398e+00 cycle=57 time=9.585137e-01 dt=1.681582e-02
elapsed=9.374009e+00 cycle=58 time=9.753295e-01 dt=1.681587e-02
elapsed=9.532427e+00 cycle=59 time=9.921454e-01 dt=1.681591e-02
elapsed=9.688526e+00 cycle=60 time=1.008961e+00 dt=1.681596e-02
elapsed=9.844496e+00 cycle=61 time=1.025777e+00 dt=1.681602e-02
elapsed=1.000579e+01 cycle=62 time=1.042593e+00 dt=1.681608e-02
elapsed=1.016459e+01 cycle=63 time=1.059409e+00 dt=1.681614e-02
elapsed=1.032245e+01 cycle=64 time=1.076226e+00 dt=1.681621e-02
elapsed=1.048320e+01 cycle=65 time=1.093042e+00 dt=1.681629e-02
elapsed=1.064482e+01 cycle=66 time=1.109858e+00 dt=1.681637e-02
elapsed=1.080149e+01 cycle=67 time=1.126674e+00 dt=1.681645e-02
elapsed=1.095912e+01 cycle=68 time=1.143491e+00 dt=1.681654e-02
elapsed=1.111873e+01 cycle=69 time=1.160307e+00 dt=1.681664e-02
elapsed=1.127873e+01 cycle=70 time=1.177124e+00 dt=1.681674e-02
elapsed=1.143876e+01 cycle=71 time=1.193941e+00 dt=1.681685e-02
elapsed=1.159939e+01 cycle=72 time=1.210758e+00 dt=1.681696e-02
elapsed=1.175957e+01 cycle=73 time=1.227575e+00 dt=1.681708e-02
elapsed=1.192049e+01 cycle=74 time=1.244392e+00 dt=1.681721e-02
elapsed=1.208096e+01 cycle=75 time=1.261209e+00 dt=1.681734e-02
elapsed=1.224594e+01 cycle=76 time=1.278026e+00 dt=1.681747e-02
elapsed=1.241303e+01 cycle=77 time=1.294844e+00 dt=1.681762e-02
elapsed=1.257545e+01 cycle=78 time=1.311661e+00 dt=1.681777e-02
elapsed=1.273340e+01 cycle=79 time=1.328479e+00 dt=1.681793e-02
elapsed=1.289478e+01 cycle=80 time=1.345297e+00 dt=1.681809e-02
elapsed=1.305526e+01 cycle=81 time=1.362115e+00 dt=1.681827e-02
elapsed=1.321651e+01 cycle=82 time=1.378933e+00 dt=1.681844e-02
elapsed=1.337842e+01 cycle=83 time=1.395752e+00 dt=1.681863e-02
elapsed=1.354178e+01 cycle=84 time=1.412570e+00 dt=1.681883e-02
elapsed=1.370751e+01 cycle=85 time=1.429389e+00 dt=1.681903e-02
elapsed=1.387047e+01 cycle=86 time=1.446208e+00 dt=1.681924e-02
elapsed=1.403242e+01 cycle=87 time=1.463028e+00 dt=1.681946e-02
elapsed=1.419405e+01 cycle=88 time=1.479847e+00 dt=1.681968e-02
elapsed=1.435373e+01 cycle=89 time=1.496667e+00 dt=1.681992e-02
elapsed=1.451586e+01 cycle=90 time=1.513487e+00 dt=1.682016e-02
elapsed=1.467463e+01 cycle=91 time=1.530307e+00 dt=1.682041e-02
elapsed=1.483600e+01 cycle=92 time=1.547127e+00 dt=1.682067e-02
elapsed=1.499677e+01 cycle=93 time=1.563948e+00 dt=1.682094e-02
elapsed=1.515736e+01 cycle=94 time=1.580769e+00 dt=1.682122e-02
elapsed=1.531572e+01 cycle=95 time=1.597590e+00 dt=1.682150e-02
elapsed=1.547517e+01 cycle=96 time=1.614411e+00 dt=1.682180e-02
elapsed=1.563495e+01 cycle=97 time=1.631233e+00 dt=1.682210e-02
elapsed=1.579385e+01 cycle=98 time=1.648055e+00 dt=1.682242e-02
elapsed=1.595417e+01 cycle=99 time=1.664878e+00 dt=1.682274e-02
elapsed=1.611621e+01 cycle=100 time=1.681701e+00 dt=1.682308e-02
elapsed=1.627617e+01 cycle=101 time=1.698524e+00 dt=1.682342e-02
elapsed=1.643571e+01 cycle=102 time=1.715347e+00 dt=1.682378e-02
elapsed=1.659514e+01 cycle=103 time=1.732171e+00 dt=1.682414e-02
elapsed=1.675564e+01 cycle=104 time=1.748995e+00 dt=1.682452e-02
elapsed=1.691626e+01 cycle=105 time=1.765819e+00 dt=1.682490e-02
elapsed=1.707407e+01 cycle=106 time=1.782644e+00 dt=1.682530e-02
elapsed=1.723318e+01 cycle=107 time=1.799470e+00 dt=1.682570e-02
elapsed=1.739221e+01 cycle=108 time=1.816295e+00 dt=1.682612e-02
elapsed=1.755142e+01 cycle=109 time=1.833121e+00 dt=1.682655e-02
elapsed=1.771096e+01 cycle=110 time=1.849948e+00 dt=1.682699e-02
elapsed=1.786966e+01 cycle=111 time=1.866775e+00 dt=1.682744e-02
elapsed=1.803127e+01 cycle=112 time=1.883602e+00 dt=1.682790e-02
elapsed=1.819072e+01 cycle=113 time=1.900430e+00 dt=1.682837e-02
elapsed=1.835075e+01 cycle=114 time=1.917259e+00 dt=1.682886e-02
elapsed=1.850852e+01 cycle=115 time=1.934088e+00 dt=1.682936e-02
elapsed=1.866676e+01 cycle=116 time=1.950917e+00 dt=1.682986e-02
elapsed=1.882711e+01 cycle=117 time=1.967747e+00 dt=1.683038e-02
elapsed=1.898806e+01 cycle=118 time=1.984577e+00 dt=1.683091e-02
elapsed=1.914701e+01 cycle=119 time=2.001408e+00 dt=1.683146e-02
elapsed=1.931027e+01 cycle=120 time=2.018240e+00 dt=1.683201e-02
elapsed=1.947231e+01 cycle=121 time=2.035072e+00 dt=1.683258e-02
elapsed=1.963515e+01 cycle=122 time=2.051904e+00 dt=1.683316e-02
elapsed=1.979890e+01 cycle=123 time=2.068737e+00 dt=1.683375e-02
elapsed=1.996893e+01 cycle=124 time=2.085571e+00 dt=1.683436e-02
elapsed=2.013091e+01 cycle=125 time=2.102405e+00 dt=1.683497e-02
elapsed=2.029136e+01 cycle=126 time=2.119240e+00 dt=1.683560e-02
elapsed=2.045302e+01 cycle=127 time=2.136076e+00 dt=1.683625e-02
elapsed=2.061311e+01 cycle=128 time=2.152912e+00 dt=1.683690e-02
elapsed=2.077285e+01 cycle=129 time=2.169749e+00 dt=1.683757e-02
elapsed=2.093650e+01 cycle=130 time=2.186587e+00 dt=1.683825e-02
elapsed=2.109764e+01 cycle=131 time=2.203425e+00 dt=1.683894e-02
elapsed=2.125792e+01 cycle=132 time=2.220264e+00 dt=1.683965e-02
elapsed=2.141673e+01 cycle=133 time=2.237104e+00 dt=1.684037e-02
elapsed=2.157584e+01 cycle=134 time=2.253944e+00 dt=1.684110e-02
elapsed=2.173518e+01 cycle=135 time=2.270785e+00 dt=1.684184e-02
elapsed=2.189369e+01 cycle=136 time=2.287627e+00 dt=1.684260e-02
elapsed=2.205757e+01 cycle=137 time=2.304469e+00 dt=1.684337e-02
elapsed=2.221982e+01 cycle=138 time=2.321313e+00 dt=1.684416e-02
elapsed=2.238049e+01 cycle=139 time=2.338157e+00 dt=1.684496e-02
elapsed=2.254198e+01 cycle=140 time=2.355002e+00 dt=1.684577e-02
elapsed=2.270627e+01 cycle=141 time=2.371848e+00 dt=1.684659e-02
elapsed=2.286399e+01 cycle=142 time=2.388694e+00 dt=1.684743e-02
elapsed=2.302351e+01 cycle=143 time=2.405542e+00 dt=1.684828e-02
elapsed=2.318316e+01 cycle=144 time=2.422390e+00 dt=1.684915e-02
elapsed=2.334232e+01 cycle=145 time=2.439239e+00 dt=1.685003e-02
elapsed=2.350187e+01 cycle=146 time=2.456089e+00 dt=1.685092e-02
elapsed=2.366116e+01 cycle=147 time=2.472940e+00 dt=1.685182e-02
elapsed=2.382074e+01 cycle=148 time=2.489792e+00 dt=1.685274e-02
elapsed=2.398080e+01 cycle=149 time=2.506645e+00 dt=1.685367e-02
elapsed=2.414058e+01 cycle=150 time=2.523498e+00 dt=1.685462e-02
elapsed=2.430012e+01 cycle=151 time=2.540353e+00 dt=1.685558e-02
elapsed=2.445972e+01 cycle=152 time=2.557209e+00 dt=1.685655e-02
elapsed=2.462535e+01 cycle=153 time=2.574065e+00 dt=1.685753e-02
elapsed=2.478365e+01 cycle=154 time=2.590923e+00 dt=1.685853e-02
elapsed=2.494153e+01 cycle=155 time=2.607781e+00 dt=1.685954e-02
elapsed=2.510016e+01 cycle=156 time=2.624641e+00 dt=1.686057e-02
elapsed=2.525998e+01 cycle=157 time=2.641501e+00 dt=1.686161e-02
elapsed=2.541783e+01 cycle=158 time=2.658363e+00 dt=1.686266e-02
elapsed=2.557642e+01 cycle=159 time=2.675226e+00 dt=1.686373e-02
elapsed=2.573415e+01 cycle=160 time=2.692089e+00 dt=1.686480e-02
elapsed=2.589511e+01 cycle=161 time=2.708954e+00 dt=1.686590e-02
elapsed=2.605825e+01 cycle=162 time=2.725820e+00 dt=1.686700e-02
elapsed=2.621718e+01 cycle=163 time=2.742687e+00 dt=1.686812e-02
elapsed=2.637482e+01 cycle=164 time=2.759555e+00 dt=1.686925e-02
elapsed=2.653317e+01 cycle=165 time=2.776424e+00 dt=1.687039e-02
elapsed=2.669348e+01 cycle=166 time=2.793295e+00 dt=1.687155e-02
elapsed=2.685685e+01 cycle=167 time=2.810166e+00 dt=1.687272e-02
elapsed=2.701606e+01 cycle=168 time=2.827039e+00 dt=1.687391e-02
elapsed=2.718686e+01 cycle=169 time=2.843913e+00 dt=1.687510e-02
elapsed=2.734584e+01 cycle=170 time=2.860788e+00 dt=1.687631e-02
elapsed=2.750455e+01 cycle=171 time=2.877664e+00 dt=1.687753e-02
elapsed=2.766544e+01 cycle=172 time=2.894542e+00 dt=1.687877e-02
elapsed=2.782352e+01 cycle=173 time=2.911421e+00 dt=1.688001e-02
elapsed=2.798222e+01 cycle=174 time=2.928301e+00 dt=1.688127e-02
elapsed=2.814197e+01 cycle=175 time=2.945182e+00 dt=1.688254e-02
elapsed=2.830611e+01 cycle=176 time=2.962064e+00 dt=1.688383e-02
elapsed=2.847044e+01 cycle=177 time=2.978948e+00 dt=1.688512e-02
elapsed=2.862884e+01 cycle=178 time=2.995833e+00 dt=1.688643e-02
elapsed=2.878789e+01 cycle=179 time=3.012720e+00 dt=1.688775e-02
elapsed=2.894800e+01 cycle=180 time=3.029608e+00 dt=1.688908e-02
elapsed=2.913070e+01 cycle=181 time=3.046497e+00 dt=1.689043e-02
elapsed=2.929515e+01 cycle=182 time=3.063387e+00 dt=1.689179e-02
elapsed=2.946133e+01 cycle=183 time=3.080279e+00 dt=1.689315e-02
elapsed=2.962940e+01 cycle=184 time=3.097172e+00 dt=1.689453e-02
elapsed=2.978962e+01 cycle=185 time=3.114067e+00 dt=1.689593e-02
elapsed=2.994935e+01 cycle=186 time=3.130963e+00 dt=1.689733e-02
elapsed=3.010975e+01 cycle=187 time=3.147860e+00 dt=1.689874e-02
elapsed=3.028116e+01 cycle=188 time=3.164759e+00 dt=1.690017e-02
elapsed=3.044224e+01 cycle=189 time=3.181659e+00 dt=1.690161e-02
elapsed=3.060377e+01 cycle=190 time=3.198560e+00 dt=1.690305e-02
elapsed=3.076581e+01 cycle=191 time=3.215463e+00 dt=1.690451e-02
elapsed=3.092870e+01 cycle=192 time=3.232368e+00 dt=1.690598e-02
elapsed=3.109047e+01 cycle=193 time=3.249274e+00 dt=1.690746e-02
elapsed=3.125309e+01 cycle=194 time=3.266181e+00 dt=1.690895e-02
elapsed=3.141446e+01 cycle=195 time=3.283090e+00 dt=1.691046e-02
elapsed=3.157452e+01 cycle=196 time=3.300001e+00 dt=1.691197e-02
elapsed=3.174202e+01 cycle=197 time=3.316913e+00 dt=1.691349e-02
elapsed=3.190478e+01 cycle=198 time=3.333826e+00 dt=1.691502e-02
elapsed=3.207005e+01 cycle=199 time=3.350741e+00 dt=1.691657e-02
elapsed=3.223416e+01 cycle=200 time=3.367658e+00 dt=1.691812e-02
elapsed=3.239391e+01 cycle=201 time=3.384576e+00 dt=1.691968e-02
elapsed=3.255361e+01 cycle=202 time=3.401496e+00 dt=1.692125e-02
elapsed=3.271823e+01 cycle=203 time=3.418417e+00 dt=1.692284e-02
elapsed=3.287780e+01 cycle=204 time=3.435340e+00 dt=1.692443e-02
elapsed=3.303676e+01 cycle=205 time=3.452264e+00 dt=1.692603e-02
elapsed=3.320868e+01 cycle=206 time=3.469190e+00 dt=1.692764e-02
elapsed=3.336461e+01 cycle=207 time=3.486118e+00 dt=1.692925e-02
elapsed=3.352326e+01 cycle=208 time=3.503047e+00 dt=1.693088e-02
elapsed=3.368004e+01 cycle=209 time=3.519978e+00 dt=1.693252e-02
elapsed=3.383679e+01 cycle=210 time=3.536910e+00 dt=1.693416e-02
elapsed=3.399369e+01 cycle=211 time=3.553845e+00 dt=1.693582e-02
elapsed=3.415117e+01 cycle=212 time=3.570780e+00 dt=1.693748e-02
elapsed=3.430876e+01 cycle=213 time=3.587718e+00 dt=1.693915e-02
elapsed=3.446493e+01 cycle=214 time=3.604657e+00 dt=1.694083e-02
elapsed=3.462256e+01 cycle=215 time=3.621598e+00 dt=1.694251e-02
elapsed=3.477954e+01 cycle=216 time=3.638540e+00 dt=1.694421e-02
elapsed=3.493699e+01 cycle=217 time=3.655485e+00 dt=1.694591e-02
elapsed=3.509464e+01 cycle=218 time=3.672431e+00 dt=1.694762e-02
elapsed=3.525296e+01 cycle=219 time=3.689378e+00 dt=1.694933e-02
elapsed=3.541129e+01 cycle=220 time=3.706327e+00 dt=1.695106e-02
elapsed=3.557027e+01 cycle=221 time=3.723279e+00 dt=1.695279e-02
elapsed=3.572807e+01 cycle=222 time=3.740231e+00 dt=1.695452e-02
elapsed=3.588514e+01 cycle=223 time=3.757186e+00 dt=1.695627e-02
elapsed=3.604376e+01 cycle=224 time=3.774142e+00 dt=1.695802e-02
elapsed=3.620057e+01 cycle=225 time=3.791100e+00 dt=1.695977e-02
elapsed=3.635879e+01 cycle=226 time=3.808060e+00 dt=1.696154e-02
elapsed=3.651626e+01 cycle=227 time=3.825021e+00 dt=1.696331e-02
elapsed=3.667419e+01 cycle=228 time=3.841985e+00 dt=1.696508e-02
elapsed=3.683236e+01 cycle=229 time=3.858950e+00 dt=1.696686e-02
elapsed=3.699000e+01 cycle=230 time=3.875917e+00 dt=1.696865e-02
elapsed=3.714882e+01 cycle=231 time=3.892885e+00 dt=1.697044e-02
elapsed=3.730923e+01 cycle=232 time=3.909856e+00 dt=1.697224e-02
elapsed=3.746919e+01 cycle=233 time=3.926828e+00 dt=1.697404e-02
elapsed=3.763042e+01 cycle=234 time=3.943802e+00 dt=1.697585e-02
elapsed=3.778970e+01 cycle=235 time=3.960778e+00 dt=1.697766e-02
elapsed=3.794828e+01 cycle=236 time=3.977756e+00 dt=1.697947e-02
elapsed=3.810680e+01 cycle=237 time=3.994735e+00 dt=1.698130e-02
elapsed=3.826501e+01 cycle=238 time=4.011716e+00 dt=1.698312e-02
elapsed=3.842487e+01 cycle=239 time=4.028699e+00 dt=1.698495e-02
elapsed=3.858154e+01 cycle=240 time=4.045684e+00 dt=1.698678e-02
elapsed=3.873824e+01 cycle=241 time=4.062671e+00 dt=1.698862e-02
elapsed=3.889375e+01 cycle=242 time=4.079660e+00 dt=1.699046e-02
elapsed=3.905328e+01 cycle=243 time=4.096650e+00 dt=1.699230e-02
elapsed=3.921626e+01 cycle=244 time=4.113643e+00 dt=1.699415e-02
elapsed=3.938807e+01 cycle=245 time=4.130637e+00 dt=1.699600e-02
elapsed=3.954516e+01 cycle=246 time=4.147633e+00 dt=1.699785e-02
elapsed=3.970530e+01 cycle=247 time=4.164631e+00 dt=1.699970e-02
elapsed=3.986802e+01 cycle=248 time=4.181630e+00 dt=1.700156e-02
elapsed=4.003538e+01 cycle=249 time=4.198632e+00 dt=1.700342e-02
elapsed=4.019882e+01 cycle=250 time=4.215635e+00 dt=1.700528e-02
elapsed=4.035385e+01 cycle=251 time=4.232640e+00 dt=1.700714e-02
elapsed=4.051163e+01 cycle=252 time=4.249648e+00 dt=1.700901e-02
elapsed=4.066988e+01 cycle=253 time=4.266657e+00 dt=1.701087e-02
elapsed=4.082950e+01 cycle=254 time=4.283668e+00 dt=1.701274e-02
elapsed=4.098701e+01 cycle=255 time=4.300680e+00 dt=1.701460e-02
elapsed=4.114476e+01 cycle=256 time=4.317695e+00 dt=1.701647e-02
elapsed=4.130178e+01 cycle=257 time=4.334711e+00 dt=1.701834e-02
elapsed=4.145935e+01 cycle=258 time=4.351730e+00 dt=1.702021e-02
elapsed=4.161733e+01 cycle=259 time=4.368750e+00 dt=1.702208e-02
elapsed=4.177500e+01 cycle=260 time=4.385772e+00 dt=1.702395e-02
elapsed=4.193352e+01 cycle=261 time=4.402796e+00 dt=1.702581e-02
elapsed=4.209414e+01 cycle=262 time=4.419822e+00 dt=1.702768e-02
elapsed=4.225334e+01 cycle=263 time=4.436849e+00 dt=1.702955e-02
elapsed=4.241307e+01 cycle=264 time=4.453879e+00 dt=1.703141e-02
elapsed=4.257291e+01 cycle=265 time=4.470910e+00 dt=1.703327e-02
elapsed=4.273296e+01 cycle=266 time=4.487944e+00 dt=1.703514e-02
elapsed=4.289293e+01 cycle=267 time=4.504979e+00 dt=1.703699e-02
elapsed=4.305191e+01 cycle=268 time=4.522016e+00 dt=1.703885e-02
elapsed=4.321159e+01 cycle=269 time=4.539055e+00 dt=1.704071e-02
elapsed=4.336995e+01 cycle=270 time=4.556095e+00 dt=1.704256e-02
elapsed=4.352735e+01 cycle=271 time=4.573138e+00 dt=1.704441e-02
elapsed=4.368675e+01 cycle=272 time=4.590182e+00 dt=1.704625e-02
elapsed=4.384423e+01 cycle=273 time=4.607229e+00 dt=1.704809e-02
elapsed=4.400174e+01 cycle=274 time=4.624277e+00 dt=1.704993e-02
elapsed=4.415890e+01 cycle=275 time=4.641327e+00 dt=1.705176e-02
elapsed=4.431680e+01 cycle=276 time=4.658378e+00 dt=1.705359e-02
elapsed=4.447462e+01 cycle=277 time=4.675432e+00 dt=1.705542e-02
elapsed=4.463208e+01 cycle=278 time=4.692487e+00 dt=1.705723e-02
elapsed=4.479030e+01 cycle=279 time=4.709545e+00 dt=1.705905e-02
elapsed=4.495758e+01 cycle=280 time=4.726604e+00 dt=1.706085e-02
elapsed=4.511741e+01 cycle=281 time=4.743664e+00 dt=1.706265e-02
elapsed=4.529584e+01 cycle=282 time=4.760727e+00 dt=1.706445e-02
elapsed=4.547727e+01 cycle=283 time=4.777792e+00 dt=1.706624e-02
elapsed=4.563610e+01 cycle=284 time=4.794858e+00 dt=1.706801e-02
elapsed=4.579783e+01 cycle=285 time=4.811926e+00 dt=1.706979e-02
elapsed=4.595659e+01 cycle=286 time=4.828996e+00 dt=1.707155e-02
elapsed=4.611763e+01 cycle=287 time=4.846067e+00 dt=1.707330e-02
elapsed=4.628006e+01 cycle=288 time=4.863140e+00 dt=1.707505e-02
elapsed=4.644271e+01 cycle=289 time=4.880216e+00 dt=1.707679e-02
elapsed=4.660369e+01 cycle=290 time=4.897292e+00 dt=1.707851e-02
elapsed=4.676308e+01 cycle=291 time=4.914371e+00 dt=1.708023e-02
elapsed=4.692787e+01 cycle=292 time=4.931451e+00 dt=1.708193e-02
elapsed=4.708931e+01 cycle=293 time=4.948533e+00 dt=1.708363e-02
elapsed=4.724741e+01 cycle=294 time=4.965617e+00 dt=1.708531e-02
elapsed=4.740579e+01 cycle=295 time=4.982702e+00 dt=1.708698e-02
elapsed=4.756875e+01 cycle=296 time=4.999789e+00 dt=2.111243e-04
FO-GH puncture boundedness passed: rmin=4.330127e-01, state max=1.127949e+00, near RHS max=5.349434e-01, ADM adapter error=0.000000e+00
elapsed=4.776101e+01 cycle=297 time=5.000000e+00 dt=4.222485e-04

Terminating on time limit
time=5.000000e+00 cycle=297
tlim=5.000000e+00 nlim=-1

MeshBlock-cycles = 297
cpu time used  = 4.771252e+01
zone-cycles/cpu_second = 2.549670e+04
particle-updates/cpu_second = 0.000000e+00
