### WARNING in /lus/flare/projects/CompactBinaryMerger/hzhu/refgh_feedback_continuation_20260823_2466879e_v1/src/src/mesh/load_balance.cpp at line 83
Number of MeshBlocks cannot be divided evenly by number of MPI ranks. This will result in poor load balancing.

Root grid = 3 x 3 x 3 MeshBlocks
Total number of MeshBlocks = 328
Number of logical  levels of refinement = 5 (6 levels total)
Number of physical levels of refinement = 3 (4 levels total)
  Physical level = 1 (logical level = 3): 208 MeshBlocks, cost = 208
  Physical level = 2 (logical level = 4): 56 MeshBlocks, cost = 56
  Physical level = 3 (logical level = 5): 64 MeshBlocks, cost = 64
Number of parallel ranks = 96
  Rank = 0: 3 MeshBlocks, cost = 3
  Rank = 1: 3 MeshBlocks, cost = 3
  Rank = 2: 3 MeshBlocks, cost = 3
  Rank = 3: 3 MeshBlocks, cost = 3
  Rank = 4: 3 MeshBlocks, cost = 3
  Rank = 5: 3 MeshBlocks, cost = 3
  Rank = 6: 3 MeshBlocks, cost = 3
  Rank = 7: 3 MeshBlocks, cost = 3
  Rank = 8: 3 MeshBlocks, cost = 3
  Rank = 9: 3 MeshBlocks, cost = 3
  Rank = 10: 3 MeshBlocks, cost = 3
  Rank = 11: 3 MeshBlocks, cost = 3
  Rank = 12: 3 MeshBlocks, cost = 3
  Rank = 13: 3 MeshBlocks, cost = 3
  Rank = 14: 3 MeshBlocks, cost = 3
  Rank = 15: 3 MeshBlocks, cost = 3
  Rank = 16: 3 MeshBlocks, cost = 3
  Rank = 17: 3 MeshBlocks, cost = 3
  Rank = 18: 3 MeshBlocks, cost = 3
  Rank = 19: 3 MeshBlocks, cost = 3
  Rank = 20: 3 MeshBlocks, cost = 3
  Rank = 21: 3 MeshBlocks, cost = 3
  Rank = 22: 3 MeshBlocks, cost = 3
  Rank = 23: 3 MeshBlocks, cost = 3
  Rank = 24: 3 MeshBlocks, cost = 3
  Rank = 25: 3 MeshBlocks, cost = 3
  Rank = 26: 3 MeshBlocks, cost = 3
  Rank = 27: 3 MeshBlocks, cost = 3
  Rank = 28: 3 MeshBlocks, cost = 3
  Rank = 29: 3 MeshBlocks, cost = 3
  Rank = 30: 3 MeshBlocks, cost = 3
  Rank = 31: 3 MeshBlocks, cost = 3
  Rank = 32: 3 MeshBlocks, cost = 3
  Rank = 33: 3 MeshBlocks, cost = 3
  Rank = 34: 3 MeshBlocks, cost = 3
  Rank = 35: 3 MeshBlocks, cost = 3
  Rank = 36: 3 MeshBlocks, cost = 3
  Rank = 37: 3 MeshBlocks, cost = 3
  Rank = 38: 3 MeshBlocks, cost = 3
  Rank = 39: 3 MeshBlocks, cost = 3
  Rank = 40: 3 MeshBlocks, cost = 3
  Rank = 41: 3 MeshBlocks, cost = 3
  Rank = 42: 3 MeshBlocks, cost = 3
  Rank = 43: 3 MeshBlocks, cost = 3
  Rank = 44: 3 MeshBlocks, cost = 3
  Rank = 45: 3 MeshBlocks, cost = 3
  Rank = 46: 3 MeshBlocks, cost = 3
  Rank = 47: 3 MeshBlocks, cost = 3
  Rank = 48: 3 MeshBlocks, cost = 3
  Rank = 49: 3 MeshBlocks, cost = 3
  Rank = 50: 3 MeshBlocks, cost = 3
  Rank = 51: 3 MeshBlocks, cost = 3
  Rank = 52: 3 MeshBlocks, cost = 3
  Rank = 53: 3 MeshBlocks, cost = 3
  Rank = 54: 3 MeshBlocks, cost = 3
  Rank = 55: 3 MeshBlocks, cost = 3
  Rank = 56: 4 MeshBlocks, cost = 4
  Rank = 57: 4 MeshBlocks, cost = 4
  Rank = 58: 4 MeshBlocks, cost = 4
  Rank = 59: 4 MeshBlocks, cost = 4
  Rank = 60: 4 MeshBlocks, cost = 4
  Rank = 61: 4 MeshBlocks, cost = 4
  Rank = 62: 4 MeshBlocks, cost = 4
  Rank = 63: 4 MeshBlocks, cost = 4
  Rank = 64: 4 MeshBlocks, cost = 4
  Rank = 65: 4 MeshBlocks, cost = 4
  Rank = 66: 4 MeshBlocks, cost = 4
  Rank = 67: 4 MeshBlocks, cost = 4
  Rank = 68: 4 MeshBlocks, cost = 4
  Rank = 69: 4 MeshBlocks, cost = 4
  Rank = 70: 4 MeshBlocks, cost = 4
  Rank = 71: 4 MeshBlocks, cost = 4
  Rank = 72: 4 MeshBlocks, cost = 4
  Rank = 73: 4 MeshBlocks, cost = 4
  Rank = 74: 4 MeshBlocks, cost = 4
  Rank = 75: 4 MeshBlocks, cost = 4
  Rank = 76: 4 MeshBlocks, cost = 4
  Rank = 77: 4 MeshBlocks, cost = 4
  Rank = 78: 4 MeshBlocks, cost = 4
  Rank = 79: 4 MeshBlocks, cost = 4
  Rank = 80: 4 MeshBlocks, cost = 4
  Rank = 81: 4 MeshBlocks, cost = 4
  Rank = 82: 4 MeshBlocks, cost = 4
  Rank = 83: 4 MeshBlocks, cost = 4
  Rank = 84: 4 MeshBlocks, cost = 4
  Rank = 85: 4 MeshBlocks, cost = 4
  Rank = 86: 4 MeshBlocks, cost = 4
  Rank = 87: 4 MeshBlocks, cost = 4
  Rank = 88: 4 MeshBlocks, cost = 4
  Rank = 89: 4 MeshBlocks, cost = 4
  Rank = 90: 4 MeshBlocks, cost = 4
  Rank = 91: 4 MeshBlocks, cost = 4
  Rank = 92: 4 MeshBlocks, cost = 4
  Rank = 93: 4 MeshBlocks, cost = 4
  Rank = 94: 4 MeshBlocks, cost = 4
  Rank = 95: 4 MeshBlocks, cost = 4
Load Balancing:
  Maximum normalized cost = 1.33333, Average = 1.13889
reference-GH puncture vertex audit passed; minimum cell radius=0.0360844, wormhole match state=0, G=0, lapse=1.91962e-14, shift=0
### WARNING in /lus/flare/projects/CompactBinaryMerger/hzhu/refgh_feedback_continuation_20260823_2466879e_v1/src/src/parameter_input.cpp: input parameter <mesh_refinement>/num_levels = 4 was not used by the code (check for a typo)
### WARNING in /lus/flare/projects/CompactBinaryMerger/hzhu/refgh_feedback_continuation_20260823_2466879e_v1/src/src/parameter_input.cpp: input parameter <mesh_refinement>/max_nmb_per_rank = 128 was not used by the code (check for a typo)

Setup complete, executing task list(s)...

elapsed=7.228371e+01 cycle=0 time=0.000000e+00 dt=2.756916e-03
elapsed=1.265799e+02 cycle=10 time=2.756916e-02 dt=2.756916e-03
elapsed=1.831634e+02 cycle=20 time=5.513831e-02 dt=2.756915e-03
elapsed=2.388445e+02 cycle=30 time=8.270747e-02 dt=2.756915e-03
elapsed=2.954692e+02 cycle=40 time=1.102766e-01 dt=2.756915e-03
elapsed=3.511567e+02 cycle=50 time=1.378458e-01 dt=2.756914e-03
elapsed=4.077228e+02 cycle=60 time=1.654149e-01 dt=2.756913e-03
elapsed=4.633811e+02 cycle=70 time=1.929840e-01 dt=2.756912e-03
elapsed=5.199349e+02 cycle=80 time=2.205531e-01 dt=2.756910e-03
elapsed=5.756145e+02 cycle=90 time=2.481222e-01 dt=2.756908e-03
elapsed=6.322034e+02 cycle=100 time=2.756913e-01 dt=2.756906e-03
elapsed=6.887756e+02 cycle=110 time=3.032603e-01 dt=2.756903e-03
elapsed=7.444681e+02 cycle=120 time=3.308294e-01 dt=2.756900e-03
elapsed=8.010200e+02 cycle=130 time=3.583983e-01 dt=2.756895e-03
elapsed=8.566901e+02 cycle=140 time=3.859673e-01 dt=2.756890e-03
elapsed=9.132364e+02 cycle=150 time=4.135361e-01 dt=2.756883e-03
elapsed=9.688877e+02 cycle=160 time=4.411049e-01 dt=2.756874e-03
elapsed=1.025424e+03 cycle=170 time=4.686736e-01 dt=2.756864e-03
elapsed=1.081081e+03 cycle=180 time=4.962422e-01 dt=2.756852e-03
reference-GH controlled Schwarzschild final: time=5.000000e-01 state Linf=1.007304e+00 bad-state=0.000000e+00

Terminating on time limit
time=5.000000e-01 cycle=182
tlim=5.000000e-01 nlim=-1

MeshBlock-cycles = 59696
cpu time used  = 1.094810e+03
zone-cycles/cpu_second = 6.030176e+06
particle-updates/cpu_second = 0.000000e+00
real 1168.80
user 0.02
sys 0.05
