### WARNING in /lus/flare/projects/CompactBinaryMerger/hzhu/refgh_feedback_continuation_20260823_2466879e_v1/src/src/mesh/load_balance.cpp at line 83
Number of MeshBlocks cannot be divided evenly by number of MPI ranks. This will result in poor load balancing.

Root grid = 3 x 3 x 3 MeshBlocks
Total number of MeshBlocks = 34
Number of logical  levels of refinement = 3 (4 levels total)
Number of physical levels of refinement = 1 (2 levels total)
Number of parallel ranks = 12
  Rank = 0: 2 MeshBlocks, cost = 2
  Rank = 1: 2 MeshBlocks, cost = 2
  Rank = 2: 3 MeshBlocks, cost = 3
  Rank = 3: 3 MeshBlocks, cost = 3
  Rank = 4: 3 MeshBlocks, cost = 3
  Rank = 5: 3 MeshBlocks, cost = 3
  Rank = 6: 3 MeshBlocks, cost = 3
  Rank = 7: 3 MeshBlocks, cost = 3
  Rank = 8: 3 MeshBlocks, cost = 3
  Rank = 9: 3 MeshBlocks, cost = 3
  Rank = 10: 3 MeshBlocks, cost = 3
  Rank = 11: 3 MeshBlocks, cost = 3
Load Balancing:
  Maximum normalized cost = 1.5, Average = 1.41667
### WARNING in /lus/flare/projects/CompactBinaryMerger/hzhu/refgh_feedback_continuation_20260823_2466879e_v1/src/src/parameter_input.cpp: input parameter <mesh_refinement>/num_levels = 2 was not used by the code (check for a typo)
### WARNING in /lus/flare/projects/CompactBinaryMerger/hzhu/refgh_feedback_continuation_20260823_2466879e_v1/src/src/parameter_input.cpp: input parameter <mesh_refinement>/max_nmb_per_rank = 128 was not used by the code (check for a typo)
### WARNING in /lus/flare/projects/CompactBinaryMerger/hzhu/refgh_feedback_continuation_20260823_2466879e_v1/src/src/parameter_input.cpp: input parameter <refined_region1>/level = 1 was not used by the code (check for a typo)
### WARNING in /lus/flare/projects/CompactBinaryMerger/hzhu/refgh_feedback_continuation_20260823_2466879e_v1/src/src/parameter_input.cpp: input parameter <refined_region1>/x1min = -2.0 was not used by the code (check for a typo)
### WARNING in /lus/flare/projects/CompactBinaryMerger/hzhu/refgh_feedback_continuation_20260823_2466879e_v1/src/src/parameter_input.cpp: input parameter <refined_region1>/x1max = 2.0 was not used by the code (check for a typo)
### WARNING in /lus/flare/projects/CompactBinaryMerger/hzhu/refgh_feedback_continuation_20260823_2466879e_v1/src/src/parameter_input.cpp: input parameter <refined_region1>/x2min = -2.0 was not used by the code (check for a typo)
### WARNING in /lus/flare/projects/CompactBinaryMerger/hzhu/refgh_feedback_continuation_20260823_2466879e_v1/src/src/parameter_input.cpp: input parameter <refined_region1>/x2max = 2.0 was not used by the code (check for a typo)
### WARNING in /lus/flare/projects/CompactBinaryMerger/hzhu/refgh_feedback_continuation_20260823_2466879e_v1/src/src/parameter_input.cpp: input parameter <refined_region1>/x3min = -2.0 was not used by the code (check for a typo)
### WARNING in /lus/flare/projects/CompactBinaryMerger/hzhu/refgh_feedback_continuation_20260823_2466879e_v1/src/src/parameter_input.cpp: input parameter <refined_region1>/x3max = 2.0 was not used by the code (check for a typo)
### WARNING in /lus/flare/projects/CompactBinaryMerger/hzhu/refgh_feedback_continuation_20260823_2466879e_v1/src/src/parameter_input.cpp: input parameter <time>/start_time = 0 was not used by the code (check for a typo)

Setup complete, executing task list(s)...

elapsed=1.273952e+00 cycle=280 time=1.000000e+00 dt=3.590216e-03
elapsed=3.802869e+01 cycle=290 time=1.035902e+00 dt=3.590111e-03
elapsed=7.623740e+01 cycle=300 time=1.071802e+00 dt=3.590002e-03
elapsed=1.143625e+02 cycle=310 time=1.107702e+00 dt=3.589889e-03
elapsed=1.519478e+02 cycle=320 time=1.143600e+00 dt=3.589771e-03
elapsed=1.901951e+02 cycle=330 time=1.179497e+00 dt=3.589649e-03
elapsed=2.284730e+02 cycle=340 time=1.215393e+00 dt=3.589521e-03
elapsed=2.676638e+02 cycle=350 time=1.251288e+00 dt=3.589387e-03
elapsed=3.045092e+02 cycle=360 time=1.287181e+00 dt=3.589247e-03
elapsed=3.427883e+02 cycle=370 time=1.323073e+00 dt=3.589097e-03
elapsed=3.811118e+02 cycle=380 time=1.358963e+00 dt=3.588938e-03
elapsed=4.188695e+02 cycle=390 time=1.394852e+00 dt=3.588767e-03
elapsed=4.571709e+02 cycle=400 time=1.430739e+00 dt=3.588580e-03
elapsed=4.954773e+02 cycle=410 time=1.466624e+00 dt=3.588376e-03
reference-GH controlled Schwarzschild final: time=1.500000e+00 state Linf=1.069334e+00 bad-state=0.000000e+00
elapsed=5.387249e+02 cycle=420 time=1.500000e+00 dt=2.163686e-03

Terminating on time limit
time=1.500000e+00 cycle=420
tlim=1.500000e+00 nlim=-1

MeshBlock-cycles = 4760
cpu time used  = 5.374510e+02
zone-cycles/cpu_second = 9.794714e+05
particle-updates/cpu_second = 0.000000e+00
real 539.76
user 0.00
sys 0.01
