
Root grid = 3 x 3 x 3 MeshBlocks
Total number of MeshBlocks = 384
Number of logical  levels of refinement = 6 (7 levels total)
Number of physical levels of refinement = 4 (5 levels total)
  Physical level = 1 (logical level = 3): 208 MeshBlocks, cost = 208
  Physical level = 2 (logical level = 4): 56 MeshBlocks, cost = 56
  Physical level = 3 (logical level = 5): 56 MeshBlocks, cost = 56
  Physical level = 4 (logical level = 6): 64 MeshBlocks, cost = 64
Number of parallel ranks = 1
AssembleZ4cTasks

Setup complete, executing task list(s)...

elapsed=1.628899e+00 cycle=195 time=1.000000e+00 dt=5.208333e-03
elapsed=3.400439e+00 cycle=196 time=1.005208e+00 dt=5.208333e-03
elapsed=5.116194e+00 cycle=197 time=1.010417e+00 dt=5.208333e-03
elapsed=6.887213e+00 cycle=198 time=1.015625e+00 dt=5.208333e-03
elapsed=8.706455e+00 cycle=199 time=1.020833e+00 dt=5.208333e-03
elapsed=1.038194e+01 cycle=200 time=1.026042e+00 dt=5.208333e-03
elapsed=1.207555e+01 cycle=201 time=1.031250e+00 dt=5.208333e-03
elapsed=1.381670e+01 cycle=202 time=1.036458e+00 dt=5.208333e-03
elapsed=1.544868e+01 cycle=203 time=1.041667e+00 dt=5.208333e-03
elapsed=1.728661e+01 cycle=204 time=1.046875e+00 dt=5.208333e-03
elapsed=1.902803e+01 cycle=205 time=1.052083e+00 dt=5.208333e-03
elapsed=2.082604e+01 cycle=206 time=1.057292e+00 dt=5.208333e-03
elapsed=2.256379e+01 cycle=207 time=1.062500e+00 dt=5.208333e-03
elapsed=2.429851e+01 cycle=208 time=1.067708e+00 dt=5.208333e-03
elapsed=2.605492e+01 cycle=209 time=1.072917e+00 dt=5.208333e-03
elapsed=2.775279e+01 cycle=210 time=1.078125e+00 dt=5.208333e-03
elapsed=2.947695e+01 cycle=211 time=1.083333e+00 dt=5.208333e-03
elapsed=3.123142e+01 cycle=212 time=1.088542e+00 dt=5.208333e-03
elapsed=3.307279e+01 cycle=213 time=1.093750e+00 dt=5.208333e-03
elapsed=3.477713e+01 cycle=214 time=1.098958e+00 dt=5.208333e-03
elapsed=3.657791e+01 cycle=215 time=1.104167e+00 dt=5.208333e-03
elapsed=3.834287e+01 cycle=216 time=1.109375e+00 dt=5.208333e-03
elapsed=4.005927e+01 cycle=217 time=1.114583e+00 dt=5.208333e-03
elapsed=4.180429e+01 cycle=218 time=1.119792e+00 dt=5.208333e-03
elapsed=4.350646e+01 cycle=219 time=1.125000e+00 dt=5.208333e-03
elapsed=4.523648e+01 cycle=220 time=1.130208e+00 dt=5.208333e-03
elapsed=4.695167e+01 cycle=221 time=1.135417e+00 dt=5.208333e-03
elapsed=4.868002e+01 cycle=222 time=1.140625e+00 dt=5.208333e-03
elapsed=5.035436e+01 cycle=223 time=1.145833e+00 dt=5.208333e-03
elapsed=5.206859e+01 cycle=224 time=1.151042e+00 dt=5.208333e-03
elapsed=5.385888e+01 cycle=225 time=1.156250e+00 dt=5.208333e-03
elapsed=5.565601e+01 cycle=226 time=1.161458e+00 dt=5.208333e-03
elapsed=5.744198e+01 cycle=227 time=1.166667e+00 dt=5.208333e-03
elapsed=5.920103e+01 cycle=228 time=1.171875e+00 dt=5.208333e-03
elapsed=6.090511e+01 cycle=229 time=1.177083e+00 dt=5.208333e-03
elapsed=6.268022e+01 cycle=230 time=1.182292e+00 dt=5.208333e-03
elapsed=6.447287e+01 cycle=231 time=1.187500e+00 dt=5.208333e-03
elapsed=6.617895e+01 cycle=232 time=1.192708e+00 dt=5.208333e-03
elapsed=6.800663e+01 cycle=233 time=1.197917e+00 dt=5.208333e-03
elapsed=6.985296e+01 cycle=234 time=1.203125e+00 dt=5.208333e-03
elapsed=7.162752e+01 cycle=235 time=1.208333e+00 dt=5.208333e-03
elapsed=7.332704e+01 cycle=236 time=1.213542e+00 dt=5.208333e-03
elapsed=7.504796e+01 cycle=237 time=1.218750e+00 dt=5.208333e-03
elapsed=7.676659e+01 cycle=238 time=1.223958e+00 dt=5.208333e-03
elapsed=7.854984e+01 cycle=239 time=1.229167e+00 dt=5.208333e-03
elapsed=8.036010e+01 cycle=240 time=1.234375e+00 dt=5.208333e-03
elapsed=8.218455e+01 cycle=241 time=1.239583e+00 dt=5.208333e-03
elapsed=8.389191e+01 cycle=242 time=1.244792e+00 dt=5.208333e-03
elapsed=8.562383e+01 cycle=243 time=1.250000e+00 dt=5.208333e-03
elapsed=8.746333e+01 cycle=244 time=1.255208e+00 dt=5.208333e-03
elapsed=8.928744e+01 cycle=245 time=1.260417e+00 dt=5.208333e-03
elapsed=9.105584e+01 cycle=246 time=1.265625e+00 dt=5.208333e-03
elapsed=9.278634e+01 cycle=247 time=1.270833e+00 dt=5.208333e-03
elapsed=9.455053e+01 cycle=248 time=1.276042e+00 dt=5.208333e-03
elapsed=9.633701e+01 cycle=249 time=1.281250e+00 dt=5.208333e-03
elapsed=9.809040e+01 cycle=250 time=1.286458e+00 dt=5.208333e-03
elapsed=9.979765e+01 cycle=251 time=1.291667e+00 dt=5.208333e-03
elapsed=1.016007e+02 cycle=252 time=1.296875e+00 dt=5.208333e-03
elapsed=1.034129e+02 cycle=253 time=1.302083e+00 dt=5.208333e-03
elapsed=1.051331e+02 cycle=254 time=1.307292e+00 dt=5.208333e-03
elapsed=1.068923e+02 cycle=255 time=1.312500e+00 dt=5.208333e-03
elapsed=1.086214e+02 cycle=256 time=1.317708e+00 dt=5.208333e-03
elapsed=1.103664e+02 cycle=257 time=1.322917e+00 dt=5.208333e-03
elapsed=1.122001e+02 cycle=258 time=1.328125e+00 dt=5.208333e-03
elapsed=1.139733e+02 cycle=259 time=1.333333e+00 dt=5.208333e-03
elapsed=1.156906e+02 cycle=260 time=1.338542e+00 dt=5.208333e-03
elapsed=1.174822e+02 cycle=261 time=1.343750e+00 dt=5.208333e-03
elapsed=1.192217e+02 cycle=262 time=1.348958e+00 dt=5.208333e-03
elapsed=1.210576e+02 cycle=263 time=1.354167e+00 dt=5.208333e-03
elapsed=1.229435e+02 cycle=264 time=1.359375e+00 dt=5.208333e-03
elapsed=1.246874e+02 cycle=265 time=1.364583e+00 dt=5.208333e-03
elapsed=1.265118e+02 cycle=266 time=1.369792e+00 dt=5.208333e-03
elapsed=1.283299e+02 cycle=267 time=1.375000e+00 dt=5.208333e-03
elapsed=1.301633e+02 cycle=268 time=1.380208e+00 dt=5.208333e-03
elapsed=1.319183e+02 cycle=269 time=1.385417e+00 dt=5.208333e-03
elapsed=1.336302e+02 cycle=270 time=1.390625e+00 dt=5.208333e-03
elapsed=1.353307e+02 cycle=271 time=1.395833e+00 dt=5.208333e-03
elapsed=1.370003e+02 cycle=272 time=1.401042e+00 dt=5.208333e-03
elapsed=1.387559e+02 cycle=273 time=1.406250e+00 dt=5.208333e-03
elapsed=1.405717e+02 cycle=274 time=1.411458e+00 dt=5.208333e-03
elapsed=1.423184e+02 cycle=275 time=1.416667e+00 dt=5.208333e-03
elapsed=1.440684e+02 cycle=276 time=1.421875e+00 dt=5.208333e-03
elapsed=1.459037e+02 cycle=277 time=1.427083e+00 dt=5.208333e-03
elapsed=1.477212e+02 cycle=278 time=1.432292e+00 dt=5.208333e-03
elapsed=1.494644e+02 cycle=279 time=1.437500e+00 dt=5.208333e-03
elapsed=1.511789e+02 cycle=280 time=1.442708e+00 dt=5.208333e-03
elapsed=1.529553e+02 cycle=281 time=1.447917e+00 dt=5.208333e-03
elapsed=1.546874e+02 cycle=282 time=1.453125e+00 dt=5.208333e-03
elapsed=1.564600e+02 cycle=283 time=1.458333e+00 dt=5.208333e-03
elapsed=1.582306e+02 cycle=284 time=1.463542e+00 dt=5.208333e-03
elapsed=1.599991e+02 cycle=285 time=1.468750e+00 dt=5.208333e-03
elapsed=1.617214e+02 cycle=286 time=1.473958e+00 dt=5.208333e-03
elapsed=1.635199e+02 cycle=287 time=1.479167e+00 dt=5.208333e-03
elapsed=1.651949e+02 cycle=288 time=1.484375e+00 dt=5.208333e-03
elapsed=1.669191e+02 cycle=289 time=1.489583e+00 dt=5.208333e-03
elapsed=1.686504e+02 cycle=290 time=1.494792e+00 dt=5.208333e-03
elapsed=1.703795e+02 cycle=291 time=1.500000e+00 dt=5.208333e-03
elapsed=1.720765e+02 cycle=292 time=1.505208e+00 dt=5.208333e-03
elapsed=1.738772e+02 cycle=293 time=1.510417e+00 dt=5.208333e-03
elapsed=1.756399e+02 cycle=294 time=1.515625e+00 dt=5.208333e-03
elapsed=1.773489e+02 cycle=295 time=1.520833e+00 dt=5.208333e-03
elapsed=1.791645e+02 cycle=296 time=1.526042e+00 dt=5.208333e-03
elapsed=1.808739e+02 cycle=297 time=1.531250e+00 dt=5.208333e-03
elapsed=1.827431e+02 cycle=298 time=1.536458e+00 dt=5.208333e-03
elapsed=1.844172e+02 cycle=299 time=1.541667e+00 dt=5.208333e-03
elapsed=1.863292e+02 cycle=300 time=1.546875e+00 dt=5.208333e-03
elapsed=1.880624e+02 cycle=301 time=1.552083e+00 dt=5.208333e-03
elapsed=1.897758e+02 cycle=302 time=1.557292e+00 dt=5.208333e-03
elapsed=1.915204e+02 cycle=303 time=1.562500e+00 dt=5.208333e-03
elapsed=1.931927e+02 cycle=304 time=1.567708e+00 dt=5.208333e-03
elapsed=1.949933e+02 cycle=305 time=1.572917e+00 dt=5.208333e-03
elapsed=1.967904e+02 cycle=306 time=1.578125e+00 dt=5.208333e-03
elapsed=1.986572e+02 cycle=307 time=1.583333e+00 dt=5.208333e-03
elapsed=2.003602e+02 cycle=308 time=1.588542e+00 dt=5.208333e-03
elapsed=2.020878e+02 cycle=309 time=1.593750e+00 dt=5.208333e-03
elapsed=2.038494e+02 cycle=310 time=1.598958e+00 dt=5.208333e-03
elapsed=2.055325e+02 cycle=311 time=1.604167e+00 dt=5.208333e-03
elapsed=2.073251e+02 cycle=312 time=1.609375e+00 dt=5.208333e-03
elapsed=2.091050e+02 cycle=313 time=1.614583e+00 dt=5.208333e-03
elapsed=2.107996e+02 cycle=314 time=1.619792e+00 dt=5.208333e-03
elapsed=2.125380e+02 cycle=315 time=1.625000e+00 dt=5.208333e-03
elapsed=2.142922e+02 cycle=316 time=1.630208e+00 dt=5.208333e-03
elapsed=2.160568e+02 cycle=317 time=1.635417e+00 dt=5.208333e-03
elapsed=2.177783e+02 cycle=318 time=1.640625e+00 dt=5.208333e-03
elapsed=2.194994e+02 cycle=319 time=1.645833e+00 dt=5.208333e-03
elapsed=2.212689e+02 cycle=320 time=1.651042e+00 dt=5.208333e-03
elapsed=2.229617e+02 cycle=321 time=1.656250e+00 dt=5.208333e-03
elapsed=2.246826e+02 cycle=322 time=1.661458e+00 dt=5.208333e-03
elapsed=2.264407e+02 cycle=323 time=1.666667e+00 dt=5.208333e-03
elapsed=2.282345e+02 cycle=324 time=1.671875e+00 dt=5.208333e-03
elapsed=2.299395e+02 cycle=325 time=1.677083e+00 dt=5.208333e-03
elapsed=2.316753e+02 cycle=326 time=1.682292e+00 dt=5.208333e-03
elapsed=2.334408e+02 cycle=327 time=1.687500e+00 dt=5.208333e-03
elapsed=2.351796e+02 cycle=328 time=1.692708e+00 dt=5.208333e-03
elapsed=2.369234e+02 cycle=329 time=1.697917e+00 dt=5.208333e-03
elapsed=2.386928e+02 cycle=330 time=1.703125e+00 dt=5.208333e-03
elapsed=2.403652e+02 cycle=331 time=1.708333e+00 dt=5.208333e-03
elapsed=2.421204e+02 cycle=332 time=1.713542e+00 dt=5.208333e-03
elapsed=2.438994e+02 cycle=333 time=1.718750e+00 dt=5.208333e-03
elapsed=2.456384e+02 cycle=334 time=1.723958e+00 dt=5.208333e-03
elapsed=2.475143e+02 cycle=335 time=1.729167e+00 dt=5.208333e-03
elapsed=2.492792e+02 cycle=336 time=1.734375e+00 dt=5.208333e-03
elapsed=2.510612e+02 cycle=337 time=1.739583e+00 dt=5.208333e-03
elapsed=2.528250e+02 cycle=338 time=1.744792e+00 dt=5.208333e-03
elapsed=2.545387e+02 cycle=339 time=1.750000e+00 dt=5.208333e-03
elapsed=2.563109e+02 cycle=340 time=1.755208e+00 dt=5.208333e-03
elapsed=2.580695e+02 cycle=341 time=1.760417e+00 dt=5.208333e-03
elapsed=2.598954e+02 cycle=342 time=1.765625e+00 dt=5.208333e-03
elapsed=2.616728e+02 cycle=343 time=1.770833e+00 dt=5.208333e-03
elapsed=2.634670e+02 cycle=344 time=1.776042e+00 dt=5.208333e-03
elapsed=2.652306e+02 cycle=345 time=1.781250e+00 dt=5.208333e-03
elapsed=2.670652e+02 cycle=346 time=1.786458e+00 dt=5.208333e-03
elapsed=2.688867e+02 cycle=347 time=1.791667e+00 dt=5.208333e-03
elapsed=2.706720e+02 cycle=348 time=1.796875e+00 dt=5.208333e-03
elapsed=2.724666e+02 cycle=349 time=1.802083e+00 dt=5.208333e-03
elapsed=2.742774e+02 cycle=350 time=1.807292e+00 dt=5.208333e-03
elapsed=2.760579e+02 cycle=351 time=1.812500e+00 dt=5.208333e-03
elapsed=2.778347e+02 cycle=352 time=1.817708e+00 dt=5.208333e-03
elapsed=2.796118e+02 cycle=353 time=1.822917e+00 dt=5.208333e-03
elapsed=2.813877e+02 cycle=354 time=1.828125e+00 dt=5.208333e-03
elapsed=2.831789e+02 cycle=355 time=1.833333e+00 dt=5.208333e-03
elapsed=2.849526e+02 cycle=356 time=1.838542e+00 dt=5.208333e-03
elapsed=2.867437e+02 cycle=357 time=1.843750e+00 dt=5.208333e-03
elapsed=2.885473e+02 cycle=358 time=1.848958e+00 dt=5.208333e-03
elapsed=2.903025e+02 cycle=359 time=1.854167e+00 dt=5.208333e-03
elapsed=2.920714e+02 cycle=360 time=1.859375e+00 dt=5.208333e-03
elapsed=2.938823e+02 cycle=361 time=1.864583e+00 dt=5.208333e-03
elapsed=2.955907e+02 cycle=362 time=1.869792e+00 dt=5.208333e-03
elapsed=2.973943e+02 cycle=363 time=1.875000e+00 dt=5.208333e-03
elapsed=2.991658e+02 cycle=364 time=1.880208e+00 dt=5.208333e-03
elapsed=3.008761e+02 cycle=365 time=1.885417e+00 dt=5.208333e-03
elapsed=3.025755e+02 cycle=366 time=1.890625e+00 dt=5.208333e-03
elapsed=3.043270e+02 cycle=367 time=1.895833e+00 dt=5.208333e-03
elapsed=3.060042e+02 cycle=368 time=1.901042e+00 dt=5.208333e-03
elapsed=3.078490e+02 cycle=369 time=1.906250e+00 dt=5.208333e-03
elapsed=3.096140e+02 cycle=370 time=1.911458e+00 dt=5.208333e-03
elapsed=3.113062e+02 cycle=371 time=1.916667e+00 dt=5.208333e-03
elapsed=3.130018e+02 cycle=372 time=1.921875e+00 dt=5.208333e-03
elapsed=3.148316e+02 cycle=373 time=1.927083e+00 dt=5.208333e-03
elapsed=3.165720e+02 cycle=374 time=1.932292e+00 dt=5.208333e-03
elapsed=3.183307e+02 cycle=375 time=1.937500e+00 dt=5.208333e-03
elapsed=3.200593e+02 cycle=376 time=1.942708e+00 dt=5.208333e-03
elapsed=3.218070e+02 cycle=377 time=1.947917e+00 dt=5.208333e-03
elapsed=3.235791e+02 cycle=378 time=1.953125e+00 dt=5.208333e-03
elapsed=3.254091e+02 cycle=379 time=1.958333e+00 dt=5.208333e-03
elapsed=3.271858e+02 cycle=380 time=1.963542e+00 dt=5.208333e-03
elapsed=3.289374e+02 cycle=381 time=1.968750e+00 dt=5.208333e-03
elapsed=3.307550e+02 cycle=382 time=1.973958e+00 dt=5.208333e-03
elapsed=3.325181e+02 cycle=383 time=1.979167e+00 dt=5.208333e-03
elapsed=3.343353e+02 cycle=384 time=1.984375e+00 dt=5.208333e-03
elapsed=3.361632e+02 cycle=385 time=1.989583e+00 dt=5.208333e-03
elapsed=3.379250e+02 cycle=386 time=1.994792e+00 dt=5.208333e-03
elapsed=3.396950e+02 cycle=387 time=2.000000e+00 dt=1.421085e-14
elapsed=3.416553e+02 cycle=388 time=2.000000e+00 dt=2.842171e-14

Terminating on time limit
time=2.000000e+00 cycle=388
tlim=2.000000e+00 nlim=-1

MeshBlock-cycles = 74112
cpu time used  = 3.400265e+02
zone-cycles/cpu_second = 1.115953e+05
particle-updates/cpu_second = 0.000000e+00
