
Root grid = 3 x 2 x 2 MeshBlocks
Total number of MeshBlocks = 12
Number of logical  levels of refinement = 2 (3 levels total)
Number of physical levels of refinement = 0 (1 levels total)
Number of parallel ranks = 12
  Rank = 0: 1 MeshBlocks, cost = 1
  Rank = 1: 1 MeshBlocks, cost = 1
  Rank = 2: 1 MeshBlocks, cost = 1
  Rank = 3: 1 MeshBlocks, cost = 1
  Rank = 4: 1 MeshBlocks, cost = 1
  Rank = 5: 1 MeshBlocks, cost = 1
  Rank = 6: 1 MeshBlocks, cost = 1
  Rank = 7: 1 MeshBlocks, cost = 1
  Rank = 8: 1 MeshBlocks, cost = 1
  Rank = 9: 1 MeshBlocks, cost = 1
  Rank = 10: 1 MeshBlocks, cost = 1
  Rank = 11: 1 MeshBlocks, cost = 1
Load Balancing:
  Maximum normalized cost = 1, Average = 1
reference-GH puncture vertex audit passed; minimum cell radius=0.216506, wormhole match state=0, G=0, lapse=4.41173e-16, shift=0

Setup complete, executing task list(s)...

elapsed=6.183716e-01 cycle=0 time=0.000000e+00 dt=2.022557e-02
reference-GH controlled Schwarzschild final: time=2.022557e-02 state Linf=1.000011e+00 bad-state=0.000000e+00
elapsed=1.692082e+00 cycle=1 time=2.022557e-02 dt=2.022557e-02

Terminating on cycle limit
time=2.022557e-02 cycle=1
tlim=1.000000e+00 nlim=1

MeshBlock-cycles = 12
cpu time used  = 1.073805e+00
zone-cycles/cpu_second = 5.721711e+03
particle-updates/cpu_second = 0.000000e+00
