AthenaK Kokkos default execution space: SYCL

Root grid = 4 x 8 x 1 MeshBlocks
Total number of MeshBlocks = 212
Number of logical  levels of refinement = 26 (27 levels total)
Number of physical levels of refinement = 23 (24 levels total)
  Physical level = 0 (logical level = 3): 14 MeshBlocks, cost = 14
  Physical level = 1 (logical level = 4): 54 MeshBlocks, cost = 54
  Physical level = 2 (logical level = 5): 54 MeshBlocks, cost = 54
  Physical level = 3 (logical level = 6): 68 MeshBlocks, cost = 68
  Physical level = 4 (logical level = 7): 14 MeshBlocks, cost = 14
  Physical level = 5 (logical level = 8): 8 MeshBlocks, cost = 8
Number of parallel ranks = 24
  Rank = 0: 8 MeshBlocks, cost = 8
  Rank = 1: 8 MeshBlocks, cost = 8
  Rank = 2: 8 MeshBlocks, cost = 8
  Rank = 3: 8 MeshBlocks, cost = 8
  Rank = 4: 9 MeshBlocks, cost = 9
  Rank = 5: 9 MeshBlocks, cost = 9
  Rank = 6: 9 MeshBlocks, cost = 9
  Rank = 7: 9 MeshBlocks, cost = 9
  Rank = 8: 9 MeshBlocks, cost = 9
  Rank = 9: 9 MeshBlocks, cost = 9
  Rank = 10: 9 MeshBlocks, cost = 9
  Rank = 11: 9 MeshBlocks, cost = 9
  Rank = 12: 9 MeshBlocks, cost = 9
  Rank = 13: 9 MeshBlocks, cost = 9
  Rank = 14: 9 MeshBlocks, cost = 9
  Rank = 15: 9 MeshBlocks, cost = 9
  Rank = 16: 9 MeshBlocks, cost = 9
  Rank = 17: 9 MeshBlocks, cost = 9
  Rank = 18: 9 MeshBlocks, cost = 9
  Rank = 19: 9 MeshBlocks, cost = 9
  Rank = 20: 9 MeshBlocks, cost = 9
  Rank = 21: 9 MeshBlocks, cost = 9
  Rank = 22: 9 MeshBlocks, cost = 9
  Rank = 23: 9 MeshBlocks, cost = 9
Load Balancing:
  Maximum normalized cost = 1.125, Average = 1.10417
AssembleZ4cTasks

Setup complete, executing task list(s)...

elapsed=7.164912e+00 cycle=6116 time=1.550325e+01 dt=2.787745e-03
elapsed=9.098771e+00 cycle=6120 time=1.551440e+01 dt=2.787603e-03
elapsed=1.154187e+01 cycle=6124 time=1.552555e+01 dt=2.787462e-03
elapsed=1.342816e+01 cycle=6128 time=1.553670e+01 dt=2.787320e-03
elapsed=1.478451e+01 cycle=6132 time=1.554785e+01 dt=2.787177e-03
elapsed=1.670542e+01 cycle=6136 time=1.555899e+01 dt=2.787033e-03
elapsed=1.845162e+01 cycle=6140 time=1.557014e+01 dt=2.786889e-03
elapsed=1.979664e+01 cycle=6144 time=1.558129e+01 dt=2.786745e-03
elapsed=2.088717e+01 cycle=6148 time=1.559244e+01 dt=2.786600e-03
elapsed=2.269259e+01 cycle=6152 time=1.560358e+01 dt=2.786454e-03
elapsed=2.424467e+01 cycle=6156 time=1.561473e+01 dt=2.786308e-03
elapsed=2.622690e+01 cycle=6160 time=1.562587e+01 dt=2.786161e-03
elapsed=2.762053e+01 cycle=6164 time=1.563702e+01 dt=2.786014e-03
elapsed=2.909732e+01 cycle=6168 time=1.564816e+01 dt=2.785866e-03
elapsed=3.064975e+01 cycle=6172 time=1.565930e+01 dt=2.785717e-03
elapsed=3.213090e+01 cycle=6176 time=1.567045e+01 dt=2.785568e-03
elapsed=3.382398e+01 cycle=6180 time=1.568159e+01 dt=2.785418e-03
elapsed=3.493693e+01 cycle=6184 time=1.569273e+01 dt=2.785268e-03
elapsed=3.685013e+01 cycle=6188 time=1.570387e+01 dt=2.785117e-03
elapsed=3.797919e+01 cycle=6192 time=1.571501e+01 dt=2.784966e-03
elapsed=3.912476e+01 cycle=6196 time=1.572615e+01 dt=2.784814e-03
elapsed=4.053280e+01 cycle=6200 time=1.573729e+01 dt=2.784662e-03
elapsed=4.192778e+01 cycle=6204 time=1.574843e+01 dt=2.784509e-03
elapsed=4.555930e+01 cycle=6208 time=1.575957e+01 dt=2.784355e-03
elapsed=5.218098e+01 cycle=6212 time=1.577070e+01 dt=2.784201e-03
elapsed=5.771842e+01 cycle=6216 time=1.578184e+01 dt=2.784047e-03
elapsed=5.945036e+01 cycle=6220 time=1.579298e+01 dt=2.783892e-03
elapsed=6.139197e+01 cycle=6224 time=1.580411e+01 dt=2.783736e-03
elapsed=6.332789e+01 cycle=6228 time=1.581525e+01 dt=2.783580e-03
elapsed=6.495569e+01 cycle=6232 time=1.582638e+01 dt=2.783423e-03
elapsed=7.262245e+01 cycle=6236 time=1.583751e+01 dt=2.783266e-03
elapsed=7.452038e+01 cycle=6240 time=1.584865e+01 dt=2.783108e-03
elapsed=7.721866e+01 cycle=6244 time=1.585978e+01 dt=2.782950e-03
elapsed=8.179198e+01 cycle=6248 time=1.587091e+01 dt=2.782791e-03
elapsed=8.816950e+01 cycle=6252 time=1.588204e+01 dt=2.782631e-03
elapsed=9.008755e+01 cycle=6256 time=1.589317e+01 dt=2.782472e-03
elapsed=9.637116e+01 cycle=6260 time=1.590430e+01 dt=2.782311e-03
elapsed=1.026381e+02 cycle=6264 time=1.591543e+01 dt=2.782150e-03
elapsed=1.052765e+02 cycle=6268 time=1.592656e+01 dt=2.781989e-03
elapsed=1.091060e+02 cycle=6272 time=1.593769e+01 dt=2.781827e-03
elapsed=1.146779e+02 cycle=6276 time=1.594881e+01 dt=2.781665e-03
elapsed=1.176088e+02 cycle=6280 time=1.595994e+01 dt=2.781502e-03
elapsed=1.203742e+02 cycle=6284 time=1.597107e+01 dt=2.781338e-03
elapsed=1.251629e+02 cycle=6288 time=1.598219e+01 dt=2.781174e-03
elapsed=1.304544e+02 cycle=6292 time=1.599332e+01 dt=2.781010e-03
elapsed=1.360483e+02 cycle=6296 time=1.600444e+01 dt=2.780845e-03
elapsed=1.379864e+02 cycle=6300 time=1.601556e+01 dt=2.780680e-03
elapsed=1.393608e+02 cycle=6304 time=1.602668e+01 dt=2.780514e-03
elapsed=1.411809e+02 cycle=6308 time=1.603781e+01 dt=2.780347e-03
elapsed=1.427756e+02 cycle=6312 time=1.604893e+01 dt=2.780180e-03
elapsed=1.437825e+02 cycle=6316 time=1.606005e+01 dt=2.780013e-03
elapsed=1.453431e+02 cycle=6320 time=1.607117e+01 dt=2.779845e-03
elapsed=1.464276e+02 cycle=6324 time=1.608229e+01 dt=2.779677e-03
elapsed=1.483173e+02 cycle=6328 time=1.609341e+01 dt=2.779508e-03
elapsed=1.506118e+02 cycle=6332 time=1.610452e+01 dt=2.779339e-03
elapsed=1.527200e+02 cycle=6336 time=1.611564e+01 dt=2.779169e-03
elapsed=1.542129e+02 cycle=6340 time=1.612676e+01 dt=2.778999e-03
elapsed=1.557493e+02 cycle=6344 time=1.613787e+01 dt=2.778828e-03
elapsed=1.570086e+02 cycle=6348 time=1.614899e+01 dt=2.778657e-03
elapsed=1.590600e+02 cycle=6352 time=1.616010e+01 dt=2.778485e-03
elapsed=1.612884e+02 cycle=6356 time=1.617122e+01 dt=2.778313e-03
elapsed=1.633758e+02 cycle=6360 time=1.618233e+01 dt=2.778140e-03
elapsed=1.645728e+02 cycle=6364 time=1.619344e+01 dt=2.777967e-03
elapsed=1.661993e+02 cycle=6368 time=1.620455e+01 dt=2.777794e-03
elapsed=1.673551e+02 cycle=6372 time=1.621566e+01 dt=2.777620e-03
elapsed=1.690297e+02 cycle=6376 time=1.622677e+01 dt=2.777445e-03
elapsed=1.699753e+02 cycle=6380 time=1.623788e+01 dt=2.777271e-03
elapsed=1.716684e+02 cycle=6384 time=1.624899e+01 dt=2.777095e-03
elapsed=1.729518e+02 cycle=6388 time=1.626010e+01 dt=2.776919e-03
elapsed=1.746306e+02 cycle=6392 time=1.627121e+01 dt=2.776743e-03
elapsed=1.756592e+02 cycle=6396 time=1.628231e+01 dt=2.776566e-03
elapsed=1.775594e+02 cycle=6400 time=1.629342e+01 dt=2.776389e-03
elapsed=1.796099e+02 cycle=6404 time=1.630453e+01 dt=2.776212e-03
elapsed=1.814258e+02 cycle=6408 time=1.631563e+01 dt=2.776034e-03
elapsed=1.824097e+02 cycle=6412 time=1.632673e+01 dt=2.775855e-03
elapsed=1.837300e+02 cycle=6416 time=1.633784e+01 dt=2.775676e-03
elapsed=1.850931e+02 cycle=6420 time=1.634894e+01 dt=2.775497e-03
elapsed=1.882661e+02 cycle=6424 time=1.636004e+01 dt=2.775317e-03
elapsed=1.980450e+02 cycle=6428 time=1.637114e+01 dt=2.775137e-03
elapsed=2.003128e+02 cycle=6432 time=1.638224e+01 dt=2.774956e-03
elapsed=2.033726e+02 cycle=6436 time=1.639334e+01 dt=2.774775e-03
elapsed=2.109752e+02 cycle=6440 time=1.640444e+01 dt=2.774594e-03
elapsed=2.170894e+02 cycle=6444 time=1.641554e+01 dt=2.774412e-03
elapsed=2.193844e+02 cycle=6448 time=1.642664e+01 dt=2.774230e-03
elapsed=2.226157e+02 cycle=6452 time=1.643773e+01 dt=2.774047e-03
elapsed=2.243442e+02 cycle=6456 time=1.644883e+01 dt=2.773864e-03
elapsed=2.258286e+02 cycle=6460 time=1.645992e+01 dt=2.773680e-03
elapsed=2.288634e+02 cycle=6464 time=1.647102e+01 dt=2.773496e-03
elapsed=2.311556e+02 cycle=6468 time=1.648211e+01 dt=2.773312e-03
elapsed=2.357564e+02 cycle=6472 time=1.649321e+01 dt=2.773127e-03
elapsed=2.552541e+02 cycle=6476 time=1.650430e+01 dt=2.772942e-03
elapsed=2.586260e+02 cycle=6480 time=1.651539e+01 dt=2.772756e-03
elapsed=2.627593e+02 cycle=6484 time=1.652648e+01 dt=2.772570e-03
elapsed=2.645747e+02 cycle=6488 time=1.653757e+01 dt=2.772384e-03
elapsed=2.662579e+02 cycle=6492 time=1.654866e+01 dt=2.772197e-03
elapsed=2.678634e+02 cycle=6496 time=1.655975e+01 dt=2.772010e-03
elapsed=2.695638e+02 cycle=6500 time=1.657084e+01 dt=2.771822e-03
elapsed=2.706986e+02 cycle=6504 time=1.658192e+01 dt=2.771634e-03
elapsed=2.723457e+02 cycle=6508 time=1.659301e+01 dt=2.771445e-03
elapsed=2.737080e+02 cycle=6512 time=1.660409e+01 dt=2.771257e-03
elapsed=2.749392e+02 cycle=6516 time=1.661518e+01 dt=2.771067e-03
elapsed=2.767873e+02 cycle=6520 time=1.662626e+01 dt=2.770878e-03
elapsed=2.782058e+02 cycle=6524 time=1.663735e+01 dt=2.770688e-03
elapsed=2.794166e+02 cycle=6528 time=1.664843e+01 dt=2.770498e-03
elapsed=2.810903e+02 cycle=6532 time=1.665951e+01 dt=2.770307e-03
elapsed=2.821672e+02 cycle=6536 time=1.667059e+01 dt=2.770116e-03
elapsed=2.830500e+02 cycle=6540 time=1.668167e+01 dt=2.769924e-03
elapsed=2.846956e+02 cycle=6544 time=1.669275e+01 dt=2.769732e-03
elapsed=2.859029e+02 cycle=6548 time=1.670383e+01 dt=2.769540e-03
elapsed=2.873667e+02 cycle=6552 time=1.671491e+01 dt=2.769347e-03
elapsed=2.887215e+02 cycle=6556 time=1.672598e+01 dt=2.769154e-03
elapsed=2.902458e+02 cycle=6560 time=1.673706e+01 dt=2.768961e-03
elapsed=2.920444e+02 cycle=6564 time=1.674814e+01 dt=2.768767e-03
elapsed=2.944198e+02 cycle=6568 time=1.675921e+01 dt=2.768573e-03
elapsed=2.959199e+02 cycle=6572 time=1.677029e+01 dt=2.768379e-03
elapsed=2.972840e+02 cycle=6576 time=1.678136e+01 dt=2.768184e-03
elapsed=2.987290e+02 cycle=6580 time=1.679243e+01 dt=2.767989e-03
elapsed=2.999315e+02 cycle=6584 time=1.680350e+01 dt=2.767793e-03
elapsed=3.019978e+02 cycle=6588 time=1.681457e+01 dt=2.767597e-03
elapsed=3.042774e+02 cycle=6592 time=1.682564e+01 dt=2.767401e-03
elapsed=3.137697e+02 cycle=6596 time=1.683671e+01 dt=2.767204e-03
elapsed=3.165777e+02 cycle=6600 time=1.684778e+01 dt=2.767007e-03
elapsed=3.213767e+02 cycle=6604 time=1.685885e+01 dt=2.766810e-03
elapsed=3.249702e+02 cycle=6608 time=1.686992e+01 dt=2.766612e-03
elapsed=3.275660e+02 cycle=6612 time=1.688098e+01 dt=2.766414e-03
elapsed=3.321932e+02 cycle=6616 time=1.689205e+01 dt=2.766216e-03
elapsed=3.343825e+02 cycle=6620 time=1.690311e+01 dt=2.766017e-03
elapsed=3.370115e+02 cycle=6624 time=1.691418e+01 dt=2.765818e-03
elapsed=3.395399e+02 cycle=6628 time=1.692524e+01 dt=2.765619e-03
elapsed=3.419317e+02 cycle=6632 time=1.693630e+01 dt=2.765419e-03
elapsed=3.441837e+02 cycle=6636 time=1.694736e+01 dt=2.765219e-03
elapsed=3.464847e+02 cycle=6640 time=1.695842e+01 dt=2.765019e-03
elapsed=3.483172e+02 cycle=6644 time=1.696948e+01 dt=2.764818e-03
elapsed=3.501493e+02 cycle=6648 time=1.698054e+01 dt=2.764617e-03
elapsed=3.522658e+02 cycle=6652 time=1.699160e+01 dt=2.764416e-03
elapsed=3.562145e+02 cycle=6656 time=1.700266e+01 dt=2.764214e-03
elapsed=3.576322e+02 cycle=6660 time=1.701371e+01 dt=2.764012e-03
elapsed=3.585584e+02 cycle=6664 time=1.702477e+01 dt=2.763810e-03
elapsed=3.597180e+02 cycle=6668 time=1.703582e+01 dt=2.763607e-03
elapsed=3.604856e+02 cycle=6672 time=1.704688e+01 dt=2.763404e-03
elapsed=3.617974e+02 cycle=6676 time=1.705793e+01 dt=2.763201e-03
elapsed=3.634735e+02 cycle=6680 time=1.706898e+01 dt=2.762997e-03
elapsed=3.645864e+02 cycle=6684 time=1.708004e+01 dt=2.762793e-03
elapsed=3.701787e+02 cycle=6688 time=1.709109e+01 dt=2.762589e-03
elapsed=3.787895e+02 cycle=6692 time=1.710214e+01 dt=2.762384e-03
elapsed=3.810276e+02 cycle=6696 time=1.711319e+01 dt=2.762180e-03
elapsed=3.828901e+02 cycle=6700 time=1.712423e+01 dt=2.761974e-03
elapsed=3.848069e+02 cycle=6704 time=1.713528e+01 dt=2.761769e-03
elapsed=3.866816e+02 cycle=6708 time=1.714633e+01 dt=2.761563e-03
elapsed=3.882210e+02 cycle=6712 time=1.715738e+01 dt=2.761357e-03
elapsed=3.898706e+02 cycle=6716 time=1.716842e+01 dt=2.761151e-03
elapsed=3.917087e+02 cycle=6720 time=1.717946e+01 dt=2.760944e-03
elapsed=3.932246e+02 cycle=6724 time=1.719051e+01 dt=2.760737e-03
elapsed=3.949493e+02 cycle=6728 time=1.720155e+01 dt=2.760530e-03
elapsed=3.963040e+02 cycle=6732 time=1.721259e+01 dt=2.760322e-03
elapsed=3.980459e+02 cycle=6736 time=1.722363e+01 dt=2.760114e-03
elapsed=3.990744e+02 cycle=6740 time=1.723467e+01 dt=2.759906e-03
elapsed=4.005709e+02 cycle=6744 time=1.724571e+01 dt=2.759698e-03
elapsed=4.017134e+02 cycle=6748 time=1.725675e+01 dt=2.759489e-03
elapsed=4.034794e+02 cycle=6752 time=1.726779e+01 dt=2.759280e-03
elapsed=4.052208e+02 cycle=6756 time=1.727883e+01 dt=2.759071e-03
elapsed=4.063349e+02 cycle=6760 time=1.728986e+01 dt=2.758861e-03
elapsed=4.079322e+02 cycle=6764 time=1.730090e+01 dt=2.758652e-03
elapsed=4.095522e+02 cycle=6768 time=1.731193e+01 dt=2.758442e-03
elapsed=4.106589e+02 cycle=6772 time=1.732296e+01 dt=2.758231e-03
elapsed=4.122012e+02 cycle=6776 time=1.733400e+01 dt=2.758021e-03
elapsed=4.136631e+02 cycle=6780 time=1.734503e+01 dt=2.757810e-03
elapsed=4.149239e+02 cycle=6784 time=1.735606e+01 dt=2.757598e-03
elapsed=4.158631e+02 cycle=6788 time=1.736709e+01 dt=2.757387e-03
elapsed=4.177134e+02 cycle=6792 time=1.737812e+01 dt=2.757175e-03
elapsed=4.194784e+02 cycle=6796 time=1.738915e+01 dt=2.756963e-03
elapsed=4.283029e+02 cycle=6800 time=1.740018e+01 dt=2.756751e-03
elapsed=4.334667e+02 cycle=6804 time=1.741120e+01 dt=2.756538e-03
elapsed=4.410269e+02 cycle=6808 time=1.742223e+01 dt=2.756326e-03
elapsed=4.491991e+02 cycle=6812 time=1.743325e+01 dt=2.756113e-03
elapsed=4.577708e+02 cycle=6816 time=1.744428e+01 dt=2.755899e-03
elapsed=4.628328e+02 cycle=6820 time=1.745530e+01 dt=2.755686e-03
elapsed=4.641850e+02 cycle=6824 time=1.746632e+01 dt=2.755472e-03
elapsed=4.661593e+02 cycle=6828 time=1.747734e+01 dt=2.755258e-03
elapsed=4.679102e+02 cycle=6832 time=1.748836e+01 dt=2.755044e-03
elapsed=4.693932e+02 cycle=6836 time=1.749938e+01 dt=2.754829e-03
elapsed=4.795939e+02 cycle=6840 time=1.751040e+01 dt=2.754614e-03
elapsed=4.846527e+02 cycle=6844 time=1.752142e+01 dt=2.754399e-03
elapsed=4.864505e+02 cycle=6848 time=1.753244e+01 dt=2.754184e-03
elapsed=4.881680e+02 cycle=6852 time=1.754346e+01 dt=2.753969e-03
elapsed=4.901905e+02 cycle=6856 time=1.755447e+01 dt=2.753753e-03
elapsed=4.944050e+02 cycle=6860 time=1.756549e+01 dt=2.753537e-03
elapsed=5.037134e+02 cycle=6864 time=1.757650e+01 dt=2.753321e-03
elapsed=5.061514e+02 cycle=6868 time=1.758751e+01 dt=2.753104e-03
elapsed=5.077159e+02 cycle=6872 time=1.759852e+01 dt=2.752888e-03
elapsed=5.090884e+02 cycle=6876 time=1.760954e+01 dt=2.752671e-03
elapsed=5.111628e+02 cycle=6880 time=1.762055e+01 dt=2.752453e-03
elapsed=5.133071e+02 cycle=6884 time=1.763156e+01 dt=2.752236e-03
elapsed=5.153481e+02 cycle=6888 time=1.764256e+01 dt=2.752019e-03
elapsed=5.171890e+02 cycle=6892 time=1.765357e+01 dt=2.751801e-03
elapsed=5.193559e+02 cycle=6896 time=1.766458e+01 dt=2.751583e-03
elapsed=5.210998e+02 cycle=6900 time=1.767558e+01 dt=2.751364e-03
elapsed=5.228867e+02 cycle=6904 time=1.768659e+01 dt=2.751146e-03
elapsed=5.247036e+02 cycle=6908 time=1.769759e+01 dt=2.750927e-03
elapsed=5.262114e+02 cycle=6912 time=1.770860e+01 dt=2.750708e-03
elapsed=5.280637e+02 cycle=6916 time=1.771960e+01 dt=2.750489e-03
elapsed=5.296066e+02 cycle=6920 time=1.773060e+01 dt=2.750270e-03
elapsed=5.309546e+02 cycle=6924 time=1.774160e+01 dt=2.750050e-03
elapsed=5.331662e+02 cycle=6928 time=1.775260e+01 dt=2.749831e-03
elapsed=5.354108e+02 cycle=6932 time=1.776360e+01 dt=2.749611e-03
elapsed=5.374862e+02 cycle=6936 time=1.777460e+01 dt=2.749391e-03
elapsed=5.391854e+02 cycle=6940 time=1.778560e+01 dt=2.749170e-03
elapsed=5.410888e+02 cycle=6944 time=1.779659e+01 dt=2.748950e-03
elapsed=5.429289e+02 cycle=6948 time=1.780759e+01 dt=2.748729e-03
elapsed=5.449242e+02 cycle=6952 time=1.781858e+01 dt=2.748508e-03
elapsed=5.466407e+02 cycle=6956 time=1.782958e+01 dt=2.748287e-03
elapsed=5.483243e+02 cycle=6960 time=1.784057e+01 dt=2.748066e-03
elapsed=5.499137e+02 cycle=6964 time=1.785156e+01 dt=2.747844e-03
elapsed=5.518562e+02 cycle=6968 time=1.786255e+01 dt=2.747622e-03
elapsed=5.536231e+02 cycle=6972 time=1.787354e+01 dt=2.747401e-03
elapsed=5.656744e+02 cycle=6976 time=1.788453e+01 dt=2.747178e-03
elapsed=5.678600e+02 cycle=6980 time=1.789552e+01 dt=2.746956e-03
elapsed=5.720284e+02 cycle=6984 time=1.790651e+01 dt=2.746734e-03
elapsed=5.814946e+02 cycle=6988 time=1.791749e+01 dt=2.746511e-03
elapsed=5.836953e+02 cycle=6992 time=1.792848e+01 dt=2.746288e-03
elapsed=5.869354e+02 cycle=6996 time=1.793946e+01 dt=2.746065e-03
elapsed=5.918978e+02 cycle=7000 time=1.795045e+01 dt=2.745842e-03
elapsed=5.957701e+02 cycle=7004 time=1.796143e+01 dt=2.745619e-03
elapsed=5.975695e+02 cycle=7008 time=1.797241e+01 dt=2.745395e-03
elapsed=5.998899e+02 cycle=7012 time=1.798340e+01 dt=2.745172e-03
elapsed=6.020120e+02 cycle=7016 time=1.799438e+01 dt=2.744948e-03
elapsed=6.084846e+02 cycle=7020 time=1.800536e+01 dt=2.744724e-03
elapsed=6.102525e+02 cycle=7024 time=1.801633e+01 dt=2.744500e-03
elapsed=6.112493e+02 cycle=7028 time=1.802731e+01 dt=2.744275e-03
elapsed=6.132699e+02 cycle=7032 time=1.803829e+01 dt=2.744051e-03
elapsed=6.222975e+02 cycle=7036 time=1.804926e+01 dt=2.743826e-03
elapsed=6.247837e+02 cycle=7040 time=1.806024e+01 dt=2.743601e-03
elapsed=6.269236e+02 cycle=7044 time=1.807121e+01 dt=2.743376e-03
elapsed=6.286572e+02 cycle=7048 time=1.808219e+01 dt=2.743151e-03
elapsed=6.307763e+02 cycle=7052 time=1.809316e+01 dt=2.742926e-03
elapsed=6.323077e+02 cycle=7056 time=1.810413e+01 dt=2.742701e-03
elapsed=6.339732e+02 cycle=7060 time=1.811510e+01 dt=2.742475e-03
elapsed=6.356162e+02 cycle=7064 time=1.812607e+01 dt=2.742249e-03
elapsed=6.367484e+02 cycle=7068 time=1.813704e+01 dt=2.742024e-03
elapsed=6.382256e+02 cycle=7072 time=1.814801e+01 dt=2.741798e-03
elapsed=6.392638e+02 cycle=7076 time=1.815897e+01 dt=2.741571e-03
elapsed=6.410543e+02 cycle=7080 time=1.816994e+01 dt=2.741345e-03
elapsed=6.428641e+02 cycle=7084 time=1.818090e+01 dt=2.741119e-03
elapsed=6.445426e+02 cycle=7088 time=1.819187e+01 dt=2.740892e-03
elapsed=6.458627e+02 cycle=7092 time=1.820283e+01 dt=2.740665e-03
elapsed=6.471763e+02 cycle=7096 time=1.821379e+01 dt=2.740439e-03
elapsed=6.487305e+02 cycle=7100 time=1.822476e+01 dt=2.740212e-03
elapsed=6.506966e+02 cycle=7104 time=1.823572e+01 dt=2.739985e-03
elapsed=6.531172e+02 cycle=7108 time=1.824668e+01 dt=2.739757e-03
elapsed=6.550594e+02 cycle=7112 time=1.825763e+01 dt=2.739530e-03
elapsed=6.569295e+02 cycle=7116 time=1.826859e+01 dt=2.739302e-03
elapsed=6.589670e+02 cycle=7120 time=1.827955e+01 dt=2.739075e-03
elapsed=6.605713e+02 cycle=7124 time=1.829050e+01 dt=2.738847e-03
elapsed=6.623645e+02 cycle=7128 time=1.830146e+01 dt=2.738619e-03
elapsed=6.643090e+02 cycle=7132 time=1.831241e+01 dt=2.738391e-03
elapsed=6.653723e+02 cycle=7136 time=1.832337e+01 dt=2.738163e-03
elapsed=6.661789e+02 cycle=7140 time=1.833432e+01 dt=2.737935e-03
elapsed=6.673104e+02 cycle=7144 time=1.834527e+01 dt=2.737707e-03
elapsed=6.759885e+02 cycle=7148 time=1.835622e+01 dt=2.737478e-03
elapsed=6.787127e+02 cycle=7152 time=1.836717e+01 dt=2.737250e-03
elapsed=6.856256e+02 cycle=7156 time=1.837812e+01 dt=2.737021e-03
elapsed=6.910637e+02 cycle=7160 time=1.838907e+01 dt=2.736793e-03
elapsed=6.948721e+02 cycle=7164 time=1.840001e+01 dt=2.736564e-03
elapsed=6.967317e+02 cycle=7168 time=1.841096e+01 dt=2.736335e-03
elapsed=6.984806e+02 cycle=7172 time=1.842190e+01 dt=2.736106e-03
elapsed=7.001746e+02 cycle=7176 time=1.843285e+01 dt=2.735877e-03
elapsed=7.017712e+02 cycle=7180 time=1.844379e+01 dt=2.735648e-03
elapsed=7.031050e+02 cycle=7184 time=1.845473e+01 dt=2.735418e-03
elapsed=7.050310e+02 cycle=7188 time=1.846568e+01 dt=2.735189e-03
elapsed=7.067259e+02 cycle=7192 time=1.847662e+01 dt=2.734959e-03
elapsed=7.078030e+02 cycle=7196 time=1.848756e+01 dt=2.734730e-03
elapsed=7.090943e+02 cycle=7200 time=1.849849e+01 dt=2.734500e-03
elapsed=7.244890e+02 cycle=7204 time=1.850943e+01 dt=2.734270e-03
elapsed=7.274103e+02 cycle=7208 time=1.852037e+01 dt=2.734040e-03
elapsed=7.360418e+02 cycle=7212 time=1.853130e+01 dt=2.733810e-03
elapsed=7.383151e+02 cycle=7216 time=1.854224e+01 dt=2.733580e-03
elapsed=7.399742e+02 cycle=7220 time=1.855317e+01 dt=2.733350e-03
elapsed=7.414820e+02 cycle=7224 time=1.856411e+01 dt=2.733120e-03
elapsed=7.434745e+02 cycle=7228 time=1.857504e+01 dt=2.732890e-03
elapsed=7.451923e+02 cycle=7232 time=1.858597e+01 dt=2.732660e-03
elapsed=7.463175e+02 cycle=7236 time=1.859690e+01 dt=2.732429e-03
elapsed=7.479283e+02 cycle=7240 time=1.860783e+01 dt=2.732199e-03
elapsed=7.492560e+02 cycle=7244 time=1.861876e+01 dt=2.731968e-03
elapsed=7.502423e+02 cycle=7248 time=1.862969e+01 dt=2.731738e-03
elapsed=7.514625e+02 cycle=7252 time=1.864061e+01 dt=2.731507e-03
elapsed=7.535075e+02 cycle=7256 time=1.865154e+01 dt=2.731276e-03
elapsed=7.553712e+02 cycle=7260 time=1.866246e+01 dt=2.731045e-03
elapsed=7.564995e+02 cycle=7264 time=1.867339e+01 dt=2.730815e-03
elapsed=7.582083e+02 cycle=7268 time=1.868431e+01 dt=2.730584e-03
elapsed=7.597844e+02 cycle=7272 time=1.869523e+01 dt=2.730353e-03
elapsed=7.617045e+02 cycle=7276 time=1.870615e+01 dt=2.730122e-03
elapsed=7.633468e+02 cycle=7280 time=1.871707e+01 dt=2.729891e-03
elapsed=7.645927e+02 cycle=7284 time=1.872799e+01 dt=2.729660e-03
elapsed=7.661699e+02 cycle=7288 time=1.873891e+01 dt=2.729428e-03
elapsed=7.679433e+02 cycle=7292 time=1.874983e+01 dt=2.729197e-03
elapsed=7.693521e+02 cycle=7296 time=1.876074e+01 dt=2.728966e-03
elapsed=7.709500e+02 cycle=7300 time=1.877166e+01 dt=2.728735e-03
elapsed=7.720485e+02 cycle=7304 time=1.878257e+01 dt=2.728503e-03
elapsed=7.738398e+02 cycle=7308 time=1.879349e+01 dt=2.728272e-03
elapsed=7.751135e+02 cycle=7312 time=1.880440e+01 dt=2.728040e-03
elapsed=7.769736e+02 cycle=7316 time=1.881531e+01 dt=2.727809e-03
elapsed=7.783696e+02 cycle=7320 time=1.882622e+01 dt=2.727577e-03
elapsed=7.795517e+02 cycle=7324 time=1.883713e+01 dt=2.727346e-03
elapsed=7.810039e+02 cycle=7328 time=1.884804e+01 dt=2.727114e-03
elapsed=7.825973e+02 cycle=7332 time=1.885895e+01 dt=2.726883e-03
elapsed=7.844058e+02 cycle=7336 time=1.886986e+01 dt=2.726651e-03
elapsed=7.860298e+02 cycle=7340 time=1.888076e+01 dt=2.726419e-03
elapsed=7.869745e+02 cycle=7344 time=1.889167e+01 dt=2.726187e-03
elapsed=7.927399e+02 cycle=7348 time=1.890257e+01 dt=2.725956e-03
elapsed=7.979229e+02 cycle=7352 time=1.891348e+01 dt=2.725724e-03
elapsed=8.010385e+02 cycle=7356 time=1.892438e+01 dt=2.725492e-03
elapsed=8.056830e+02 cycle=7360 time=1.893528e+01 dt=2.725260e-03
elapsed=8.132412e+02 cycle=7364 time=1.894618e+01 dt=2.725029e-03
elapsed=8.152896e+02 cycle=7368 time=1.895708e+01 dt=2.724797e-03
elapsed=8.188709e+02 cycle=7372 time=1.896798e+01 dt=2.724565e-03
elapsed=8.211111e+02 cycle=7376 time=1.897888e+01 dt=2.724333e-03
elapsed=8.230217e+02 cycle=7380 time=1.898977e+01 dt=2.724101e-03
elapsed=8.284706e+02 cycle=7384 time=1.900067e+01 dt=2.723869e-03
elapsed=8.303180e+02 cycle=7388 time=1.901157e+01 dt=2.723637e-03
elapsed=8.323669e+02 cycle=7392 time=1.902246e+01 dt=2.723405e-03
elapsed=8.338745e+02 cycle=7396 time=1.903335e+01 dt=2.723174e-03
elapsed=8.357803e+02 cycle=7400 time=1.904425e+01 dt=2.722942e-03
elapsed=8.413500e+02 cycle=7404 time=1.905514e+01 dt=2.722710e-03
elapsed=8.458094e+02 cycle=7408 time=1.906603e+01 dt=2.722478e-03
elapsed=8.556807e+02 cycle=7412 time=1.907692e+01 dt=2.722246e-03
elapsed=8.599852e+02 cycle=7416 time=1.908781e+01 dt=2.722014e-03
elapsed=8.624866e+02 cycle=7420 time=1.909869e+01 dt=2.721782e-03
elapsed=8.653212e+02 cycle=7424 time=1.910958e+01 dt=2.721550e-03
elapsed=8.670071e+02 cycle=7428 time=1.912047e+01 dt=2.721318e-03
elapsed=8.687344e+02 cycle=7432 time=1.913135e+01 dt=2.721086e-03
elapsed=8.700913e+02 cycle=7436 time=1.914224e+01 dt=2.720854e-03
elapsed=8.711304e+02 cycle=7440 time=1.915312e+01 dt=2.720623e-03
elapsed=8.726250e+02 cycle=7444 time=1.916400e+01 dt=2.720391e-03
elapsed=8.738562e+02 cycle=7448 time=1.917488e+01 dt=2.720159e-03
elapsed=8.746879e+02 cycle=7452 time=1.918576e+01 dt=2.719927e-03
elapsed=8.764409e+02 cycle=7456 time=1.919664e+01 dt=2.719695e-03
elapsed=8.785263e+02 cycle=7460 time=1.920752e+01 dt=2.719463e-03
elapsed=8.803681e+02 cycle=7464 time=1.921840e+01 dt=2.719232e-03
elapsed=8.821077e+02 cycle=7468 time=1.922927e+01 dt=2.719000e-03
elapsed=8.841288e+02 cycle=7472 time=1.924015e+01 dt=2.718768e-03
elapsed=8.856810e+02 cycle=7476 time=1.925102e+01 dt=2.718536e-03
elapsed=8.873603e+02 cycle=7480 time=1.926190e+01 dt=2.718305e-03
elapsed=8.884127e+02 cycle=7484 time=1.927277e+01 dt=2.718073e-03
elapsed=8.895796e+02 cycle=7488 time=1.928364e+01 dt=2.717841e-03
elapsed=8.909145e+02 cycle=7492 time=1.929451e+01 dt=2.717610e-03
elapsed=8.925283e+02 cycle=7496 time=1.930538e+01 dt=2.717378e-03
elapsed=8.936586e+02 cycle=7500 time=1.931625e+01 dt=2.717147e-03
elapsed=8.949645e+02 cycle=7504 time=1.932712e+01 dt=2.716915e-03
elapsed=8.958472e+02 cycle=7508 time=1.933799e+01 dt=2.716684e-03
elapsed=8.974590e+02 cycle=7512 time=1.934886e+01 dt=2.716452e-03
elapsed=8.985193e+02 cycle=7516 time=1.935972e+01 dt=2.716221e-03
elapsed=9.002702e+02 cycle=7520 time=1.937059e+01 dt=2.715990e-03
elapsed=9.016674e+02 cycle=7524 time=1.938145e+01 dt=2.715758e-03
elapsed=9.037834e+02 cycle=7528 time=1.939231e+01 dt=2.715527e-03
elapsed=9.054947e+02 cycle=7532 time=1.940317e+01 dt=2.715296e-03
elapsed=9.067110e+02 cycle=7536 time=1.941403e+01 dt=2.715065e-03
elapsed=9.077349e+02 cycle=7540 time=1.942489e+01 dt=2.714833e-03
elapsed=9.093365e+02 cycle=7544 time=1.943575e+01 dt=2.714602e-03
elapsed=9.148686e+02 cycle=7548 time=1.944661e+01 dt=2.714371e-03
elapsed=9.177623e+02 cycle=7552 time=1.945747e+01 dt=2.714140e-03
elapsed=9.210837e+02 cycle=7556 time=1.946832e+01 dt=2.713909e-03
elapsed=9.241702e+02 cycle=7560 time=1.947918e+01 dt=2.713679e-03
elapsed=9.279916e+02 cycle=7564 time=1.949003e+01 dt=2.713448e-03
elapsed=9.424212e+02 cycle=7568 time=1.950089e+01 dt=2.713217e-03
elapsed=9.433932e+02 cycle=7572 time=1.951174e+01 dt=2.712986e-03
elapsed=9.442089e+02 cycle=7576 time=1.952259e+01 dt=2.712756e-03
elapsed=9.450868e+02 cycle=7580 time=1.953344e+01 dt=2.712525e-03
elapsed=9.490287e+02 cycle=7584 time=1.954429e+01 dt=2.712295e-03
elapsed=9.525965e+02 cycle=7588 time=1.955514e+01 dt=2.712064e-03
elapsed=9.541687e+02 cycle=7592 time=1.956599e+01 dt=2.711834e-03
elapsed=9.564591e+02 cycle=7596 time=1.957684e+01 dt=2.711603e-03
elapsed=9.588210e+02 cycle=7600 time=1.958768e+01 dt=2.711373e-03
elapsed=9.614427e+02 cycle=7604 time=1.959853e+01 dt=2.711143e-03
elapsed=9.642552e+02 cycle=7608 time=1.960937e+01 dt=2.710913e-03
elapsed=9.703349e+02 cycle=7612 time=1.962021e+01 dt=2.710683e-03
elapsed=9.787652e+02 cycle=7616 time=1.963106e+01 dt=2.710453e-03
elapsed=9.810713e+02 cycle=7620 time=1.964190e+01 dt=2.710223e-03
elapsed=9.914569e+02 cycle=7624 time=1.965274e+01 dt=2.709993e-03
elapsed=9.940676e+02 cycle=7628 time=1.966358e+01 dt=2.709764e-03
elapsed=9.957702e+02 cycle=7632 time=1.967442e+01 dt=2.709534e-03
elapsed=9.978286e+02 cycle=7636 time=1.968525e+01 dt=2.709304e-03
elapsed=9.993691e+02 cycle=7640 time=1.969609e+01 dt=2.709075e-03
elapsed=1.000414e+03 cycle=7644 time=1.970693e+01 dt=2.708845e-03
elapsed=1.001275e+03 cycle=7648 time=1.971776e+01 dt=2.708616e-03
elapsed=1.003164e+03 cycle=7652 time=1.972860e+01 dt=2.708387e-03
elapsed=1.004169e+03 cycle=7656 time=1.973943e+01 dt=2.708158e-03
elapsed=1.005799e+03 cycle=7660 time=1.975026e+01 dt=2.707929e-03
elapsed=1.007007e+03 cycle=7664 time=1.976109e+01 dt=2.707700e-03
elapsed=1.008243e+03 cycle=7668 time=1.977192e+01 dt=2.707471e-03
elapsed=1.009614e+03 cycle=7672 time=1.978275e+01 dt=2.707242e-03
elapsed=1.011746e+03 cycle=7676 time=1.979358e+01 dt=2.707013e-03
elapsed=1.013551e+03 cycle=7680 time=1.980441e+01 dt=2.706785e-03
elapsed=1.014581e+03 cycle=7684 time=1.981524e+01 dt=2.706556e-03
elapsed=1.016364e+03 cycle=7688 time=1.982606e+01 dt=2.706328e-03
elapsed=1.017835e+03 cycle=7692 time=1.983689e+01 dt=2.706100e-03
elapsed=1.019194e+03 cycle=7696 time=1.984771e+01 dt=2.705871e-03
elapsed=1.020808e+03 cycle=7700 time=1.985854e+01 dt=2.705643e-03
elapsed=1.022168e+03 cycle=7704 time=1.986936e+01 dt=2.705415e-03
elapsed=1.023731e+03 cycle=7708 time=1.988018e+01 dt=2.705187e-03
elapsed=1.024875e+03 cycle=7712 time=1.989100e+01 dt=2.704959e-03
elapsed=1.026600e+03 cycle=7716 time=1.990182e+01 dt=2.704732e-03
elapsed=1.027589e+03 cycle=7720 time=1.991264e+01 dt=2.704504e-03
elapsed=1.029242e+03 cycle=7724 time=1.992345e+01 dt=2.704277e-03
elapsed=1.030246e+03 cycle=7728 time=1.993427e+01 dt=2.704049e-03
elapsed=1.032298e+03 cycle=7732 time=1.994509e+01 dt=2.703822e-03
elapsed=1.033558e+03 cycle=7736 time=1.995590e+01 dt=2.703595e-03
elapsed=1.035124e+03 cycle=7740 time=1.996672e+01 dt=2.703368e-03
elapsed=1.037126e+03 cycle=7744 time=1.997753e+01 dt=2.703141e-03
elapsed=1.038641e+03 cycle=7748 time=1.998834e+01 dt=2.702914e-03
elapsed=1.040665e+03 cycle=7752 time=1.999915e+01 dt=2.702687e-03
elapsed=1.060268e+03 cycle=7756 time=2.000996e+01 dt=2.702461e-03
elapsed=1.063162e+03 cycle=7760 time=2.002077e+01 dt=2.702234e-03
elapsed=1.070093e+03 cycle=7764 time=2.003158e+01 dt=2.702008e-03
elapsed=1.073798e+03 cycle=7768 time=2.004239e+01 dt=2.701782e-03
elapsed=1.075624e+03 cycle=7772 time=2.005320e+01 dt=2.701555e-03
elapsed=1.077751e+03 cycle=7776 time=2.006400e+01 dt=2.701329e-03
elapsed=1.079223e+03 cycle=7780 time=2.007481e+01 dt=2.701104e-03
elapsed=1.080287e+03 cycle=7784 time=2.008561e+01 dt=2.700878e-03
elapsed=1.081562e+03 cycle=7788 time=2.009641e+01 dt=2.700652e-03
elapsed=1.083253e+03 cycle=7792 time=2.010722e+01 dt=2.700427e-03
elapsed=1.084278e+03 cycle=7796 time=2.011802e+01 dt=2.700201e-03
elapsed=1.085819e+03 cycle=7800 time=2.012882e+01 dt=2.699976e-03
elapsed=1.086961e+03 cycle=7804 time=2.013962e+01 dt=2.699751e-03
elapsed=1.088168e+03 cycle=7808 time=2.015042e+01 dt=2.699526e-03
elapsed=1.089623e+03 cycle=7812 time=2.016121e+01 dt=2.699301e-03
elapsed=1.091416e+03 cycle=7816 time=2.017201e+01 dt=2.699076e-03
elapsed=1.094358e+03 cycle=7820 time=2.018281e+01 dt=2.698852e-03
elapsed=1.096775e+03 cycle=7824 time=2.019360e+01 dt=2.698627e-03
elapsed=1.102164e+03 cycle=7828 time=2.020440e+01 dt=2.698403e-03
elapsed=1.106772e+03 cycle=7832 time=2.021519e+01 dt=2.698179e-03
elapsed=1.108792e+03 cycle=7836 time=2.022598e+01 dt=2.697955e-03
elapsed=1.111179e+03 cycle=7840 time=2.023677e+01 dt=2.697731e-03
elapsed=1.113372e+03 cycle=7844 time=2.024756e+01 dt=2.697507e-03
elapsed=1.115176e+03 cycle=7848 time=2.025835e+01 dt=2.697284e-03
elapsed=1.116462e+03 cycle=7852 time=2.026914e+01 dt=2.697060e-03
elapsed=1.118141e+03 cycle=7856 time=2.027993e+01 dt=2.696837e-03
elapsed=1.119312e+03 cycle=7860 time=2.029072e+01 dt=2.696614e-03
elapsed=1.120555e+03 cycle=7864 time=2.030150e+01 dt=2.696390e-03
elapsed=1.122842e+03 cycle=7868 time=2.031229e+01 dt=2.696168e-03
elapsed=1.125079e+03 cycle=7872 time=2.032307e+01 dt=2.695945e-03
elapsed=1.127065e+03 cycle=7876 time=2.033386e+01 dt=2.695722e-03
elapsed=1.128179e+03 cycle=7880 time=2.034464e+01 dt=2.695500e-03
elapsed=1.129786e+03 cycle=7884 time=2.035542e+01 dt=2.695278e-03
elapsed=1.130901e+03 cycle=7888 time=2.036620e+01 dt=2.695055e-03
elapsed=1.132661e+03 cycle=7892 time=2.037698e+01 dt=2.694833e-03
elapsed=1.133714e+03 cycle=7896 time=2.038776e+01 dt=2.694612e-03
elapsed=1.135578e+03 cycle=7900 time=2.039854e+01 dt=2.694390e-03
elapsed=1.137002e+03 cycle=7904 time=2.040932e+01 dt=2.694168e-03
elapsed=1.138316e+03 cycle=7908 time=2.042009e+01 dt=2.693947e-03
elapsed=1.140042e+03 cycle=7912 time=2.043087e+01 dt=2.693726e-03
elapsed=1.141418e+03 cycle=7916 time=2.044164e+01 dt=2.693505e-03
elapsed=1.142778e+03 cycle=7920 time=2.045242e+01 dt=2.693284e-03
elapsed=1.148934e+03 cycle=7924 time=2.046319e+01 dt=2.693063e-03
elapsed=1.151129e+03 cycle=7928 time=2.047396e+01 dt=2.692843e-03
elapsed=1.154103e+03 cycle=7932 time=2.048473e+01 dt=2.692622e-03
elapsed=1.161732e+03 cycle=7936 time=2.049550e+01 dt=2.692402e-03
elapsed=1.167358e+03 cycle=7940 time=2.050627e+01 dt=2.692182e-03
elapsed=1.168383e+03 cycle=7944 time=2.051704e+01 dt=2.691962e-03
elapsed=1.169101e+03 cycle=7948 time=2.052781e+01 dt=2.691742e-03
elapsed=1.170701e+03 cycle=7952 time=2.053857e+01 dt=2.691523e-03
elapsed=1.172666e+03 cycle=7956 time=2.054934e+01 dt=2.691303e-03
elapsed=1.174714e+03 cycle=7960 time=2.056010e+01 dt=2.691084e-03
elapsed=1.175458e+03 cycle=7964 time=2.057087e+01 dt=2.690865e-03
elapsed=1.176722e+03 cycle=7968 time=2.058163e+01 dt=2.690646e-03
elapsed=1.178113e+03 cycle=7972 time=2.059239e+01 dt=2.690427e-03
elapsed=1.178973e+03 cycle=7976 time=2.060316e+01 dt=2.690209e-03
elapsed=1.180446e+03 cycle=7980 time=2.061392e+01 dt=2.689991e-03
elapsed=1.181159e+03 cycle=7984 time=2.062468e+01 dt=2.689772e-03
elapsed=1.182898e+03 cycle=7988 time=2.063543e+01 dt=2.689554e-03
elapsed=1.184222e+03 cycle=7992 time=2.064619e+01 dt=2.689337e-03
elapsed=1.185803e+03 cycle=7996 time=2.065695e+01 dt=2.689119e-03
elapsed=1.187481e+03 cycle=8000 time=2.066770e+01 dt=2.688901e-03
elapsed=1.188321e+03 cycle=8004 time=2.067846e+01 dt=2.688684e-03
elapsed=1.189195e+03 cycle=8008 time=2.068921e+01 dt=2.688467e-03
elapsed=1.191245e+03 cycle=8012 time=2.069997e+01 dt=2.688250e-03
elapsed=1.192408e+03 cycle=8016 time=2.071072e+01 dt=2.688033e-03
elapsed=1.193902e+03 cycle=8020 time=2.072147e+01 dt=2.687817e-03
elapsed=1.195804e+03 cycle=8024 time=2.073222e+01 dt=2.687601e-03
elapsed=1.197512e+03 cycle=8028 time=2.074297e+01 dt=2.687384e-03
elapsed=1.198694e+03 cycle=8032 time=2.075372e+01 dt=2.687168e-03
output wall time = 1.395388e+02
elapsed=1.202182e+03 cycle=8036 time=2.076447e+01 dt=2.686953e-03

Terminating on wall clock limit
time=2.076447e+01 cycle=8036
tlim=4.500000e+01 nlim=-1 nmb_total_limit=-1

Current number of MeshBlocks = 212
0 MeshBlocks created, 0 deleted by AMR
0 communicated for load balancing, load balancing efficiency = 2.166069e-01

MeshBlock-cycles = 407464
cpu time used  = 1.196864e+03
zone-cycles/cpu_second = 1.394455e+06
particle-updates/cpu_second = 0.000000e+00
AssembleZ4cTasks
AssembleZ4cTasks
AssembleZ4cTasks
AssembleZ4cTasks
AssembleZ4cTasks
AssembleZ4cTasks
AssembleZ4cTasks
AssembleZ4cTasks
AssembleZ4cTasks
AssembleZ4cTasks
AssembleZ4cTasks
AssembleZ4cTasks
AssembleZ4cTasks
AssembleZ4cTasks
AssembleZ4cTasks
AssembleZ4cTasks
AssembleZ4cTasks
AssembleZ4cTasks
AssembleZ4cTasks
AssembleZ4cTasks
AssembleZ4cTasks
AssembleZ4cTasks
AssembleZ4cTasks
